IQ-TREE version 3.0.1 for Linux x86 64-bit built Jul  9 2025
Developed by Bui Quang Minh, Thomas Wong, Nhan Ly-Trong, Huaiyan Ren
Contributed by Lam-Tung Nguyen, Dominik Schrempf, Chris Bielow,
Olga Chernomor, Michael Woodhams, Diep Thi Hoang, Heiko Schmidt

Host:    c603 (AVX512, FMA3, 188 GB RAM)
Command: iqtree3 -s /vast/eande106/projects/Nicolas/github/CB_PopGen_HDR_MS/processed_data/tree_topology/mast/mast_hdr/occ80_JU3200_quartet_13_supermatrix.clean.fas -m LG+FO+G+T -te /vast/eande106/projects/Nicolas/github/CB_PopGen_HDR_MS/processed_data/tree_topology/mast/quartet_topologies/quartet_13_VX151_JU3200_topologies.tre --prefix mast_hdr_occ80_JU3200_quartet_13.submodel6 -T 48
Seed:    7273 (Using SPRNG - Scalable Parallel Random Number Generator)
Time:    Thu Jul  9 00:17:02 2026
Kernel:  AVX+FMA - 48 threads (48 CPU cores detected)

Reading alignment file /vast/eande106/projects/Nicolas/github/CB_PopGen_HDR_MS/processed_data/tree_topology/mast/mast_hdr/occ80_JU3200_quartet_13_supermatrix.clean.fas ... Fasta format detected
Reading fasta file: done in 0.0526915 secs using 12.92% CPU
Alignment most likely contains protein sequences
Constructing alignment: done in 0.216752 secs using 105.9% CPU
Alignment has 4 sequences with 165731 columns, 3943 distinct patterns
1173 parsimony-informative, 27645 singleton sites, 136913 constant sites
        Gap/Ambiguity  Composition  p-value
Analyzing sequences: done in 0.00013632 secs using 68.96% CPU
   1  PX506     4.68%    passed     34.32%
   2  VX151     3.13%    passed     99.86%
   3  QX1410    2.39%    passed    100.00%
   4  JU3200    2.83%    passed    100.00%
****  TOTAL     3.26%  0 sequences failed composition chi2 test (p-value<5%; df=19)
Number of input trees: 3
Minimum branch length is set to 0.0000010
Checking for duplicate sequences: done in 0.000136127 secs using 74.93% CPU

NOTE: 29 MB RAM (0 GB) is required!
According to the parsimony scores along the sites, the tree weights are initialized to:
0.9190111,0.0341006,0.0468883
Estimate model parameters (epsilon = 0.00100)
1. Initial log-likelihood: -656688.63701
2. Current log-likelihood: -655911.86834
3. Current log-likelihood: -655840.17388
4. Current log-likelihood: -655834.95549
5. Current log-likelihood: -655826.38547
6. Current log-likelihood: -655811.09036
7. Current log-likelihood: -655809.46052
8. Current log-likelihood: -655809.14184
9. Current log-likelihood: -655808.82391
10. Current log-likelihood: -655808.50416
11. Current log-likelihood: -655808.18276
12. Current log-likelihood: -655807.85975
13. Current log-likelihood: -655807.53516
14. Current log-likelihood: -655807.20902
15. Current log-likelihood: -655806.88114
16. Current log-likelihood: -655806.55158
17. Current log-likelihood: -655806.22072
18. Current log-likelihood: -655805.88853
19. Current log-likelihood: -655805.55503
20. Current log-likelihood: -655805.22025
21. Current log-likelihood: -655804.88421
22. Current log-likelihood: -655804.54701
23. Current log-likelihood: -655804.20868
24. Current log-likelihood: -655803.86909
25. Current log-likelihood: -655803.52830
26. Current log-likelihood: -655803.18671
27. Current log-likelihood: -655802.84425
28. Current log-likelihood: -655802.50098
29. Current log-likelihood: -655802.15694
30. Current log-likelihood: -655801.81226
31. Current log-likelihood: -655801.46695
32. Current log-likelihood: -655801.12116
33. Current log-likelihood: -655800.77489
34. Current log-likelihood: -655800.42827
35. Current log-likelihood: -655800.08139
36. Current log-likelihood: -655799.73432
37. Current log-likelihood: -655799.38716
38. Current log-likelihood: -655799.04049
39. Current log-likelihood: -655798.69279
40. Current log-likelihood: -655798.34584
41. Current log-likelihood: -655797.99921
42. Current log-likelihood: -655797.65300
43. Current log-likelihood: -655797.30731
44. Current log-likelihood: -655796.96227
45. Current log-likelihood: -655796.61798
46. Current log-likelihood: -655796.27457
47. Current log-likelihood: -655795.93216
48. Current log-likelihood: -655795.59086
49. Current log-likelihood: -655795.25081
50. Current log-likelihood: -655794.91213
51. Current log-likelihood: -655794.57495
52. Current log-likelihood: -655794.23940
53. Current log-likelihood: -655793.90563
54. Current log-likelihood: -655793.57377
55. Current log-likelihood: -655793.24395
56. Current log-likelihood: -655792.91632
57. Current log-likelihood: -655792.59100
58. Current log-likelihood: -655792.26816
59. Current log-likelihood: -655791.94792
60. Current log-likelihood: -655791.63044
61. Current log-likelihood: -655791.31586
62. Current log-likelihood: -655791.00431
63. Current log-likelihood: -655790.69595
64. Current log-likelihood: -655790.39090
65. Current log-likelihood: -655790.08933
66. Current log-likelihood: -655789.79068
67. Current log-likelihood: -655789.49640
68. Current log-likelihood: -655789.20581
69. Current log-likelihood: -655788.91922
70. Current log-likelihood: -655788.63675
71. Current log-likelihood: -655788.35853
72. Current log-likelihood: -655788.08468
73. Current log-likelihood: -655787.81533
74. Current log-likelihood: -655787.55057
75. Current log-likelihood: -655787.29052
76. Current log-likelihood: -655787.03455
77. Current log-likelihood: -655786.78408
78. Current log-likelihood: -655786.53843
79. Current log-likelihood: -655786.29784
80. Current log-likelihood: -655786.06242
81. Current log-likelihood: -655785.83227
82. Current log-likelihood: -655785.60737
83. Current log-likelihood: -655785.38780
84. Current log-likelihood: -655785.17264
85. Current log-likelihood: -655784.96366
86. Current log-likelihood: -655784.75992
87. Current log-likelihood: -655784.56166
88. Current log-likelihood: -655784.36889
89. Current log-likelihood: -655784.18163
90. Current log-likelihood: -655783.99900
91. Current log-likelihood: -655783.82241
92. Current log-likelihood: -655783.65116
93. Current log-likelihood: -655783.48532
94. Current log-likelihood: -655783.32488
95. Current log-likelihood: -655783.16977
96. Current log-likelihood: -655783.01907
97. Current log-likelihood: -655782.87423
98. Current log-likelihood: -655782.73438
99. Current log-likelihood: -655782.59970
100. Current log-likelihood: -655782.47006
101. Current log-likelihood: -655782.34535
102. Current log-likelihood: -655782.14918
103. Current log-likelihood: -655781.94675
104. Current log-likelihood: -655781.75919
105. Current log-likelihood: -655781.58497
106. Current log-likelihood: -655781.42539
107. Current log-likelihood: -655781.27895
108. Current log-likelihood: -655781.14379
109. Current log-likelihood: -655781.02095
110. Current log-likelihood: -655780.90904
111. Current log-likelihood: -655780.80737
112. Current log-likelihood: -655780.71382
113. Current log-likelihood: -655780.62995
114. Current log-likelihood: -655780.55413
115. Current log-likelihood: -655780.48588
116. Current log-likelihood: -655780.42335
117. Current log-likelihood: -655780.36781
118. Current log-likelihood: -655780.31797
119. Current log-likelihood: -655780.27413
120. Current log-likelihood: -655780.23384
121. Current log-likelihood: -655780.19825
122. Current log-likelihood: -655780.16645
123. Current log-likelihood: -655780.13816
124. Current log-likelihood: -655780.11304
125. Current log-likelihood: -655780.09013
126. Current log-likelihood: -655780.07007
127. Current log-likelihood: -655780.05225
128. Current log-likelihood: -655780.03650
129. Current log-likelihood: -655780.02257
130. Current log-likelihood: -655780.01028
131. Current log-likelihood: -655779.99946
132. Current log-likelihood: -655779.98938
133. Current log-likelihood: -655779.98074
134. Current log-likelihood: -655779.97311
135. Current log-likelihood: -655779.96640
136. Current log-likelihood: -655779.96163
137. Current log-likelihood: -655779.95588
138. Current log-likelihood: -655779.95216
139. Current log-likelihood: -655779.94866
140. Current log-likelihood: -655779.94548
141. Current log-likelihood: -655779.94262
142. Current log-likelihood: -655779.94006
143. Current log-likelihood: -655779.93752
144. Current log-likelihood: -655779.93525
145. Current log-likelihood: -655779.93334
146. Current log-likelihood: -655779.93163
147. Current log-likelihood: -655779.93009
148. Current log-likelihood: -655779.92870
149. Current log-likelihood: -655779.92748
150. Current log-likelihood: -655779.92638
151. Current log-likelihood: -655779.92540
Final estimation on weights:
0.95581,0.01727,0.02692
Wrote distance file to... 
BEST SCORE FOUND : -655779.92540
Total tree lengths: 0.27674 0.63065 0.55657

Total number of iterations: 149
CPU time used for tree search: 0.00002 sec (0h:0m:0s)
Wall-clock time used for tree search: 0.00001 sec (0h:0m:0s)
Total CPU time used: 30282.81372 sec (8h:24m:42s)
Total wall-clock time used: 934.49159 sec (0h:15m:34s)

Analysis results written to: 
  IQ-TREE report:                mast_hdr_occ80_JU3200_quartet_13.submodel6.iqtree
  Maximum-likelihood tree:       mast_hdr_occ80_JU3200_quartet_13.submodel6.treefile
  Screen log file:               mast_hdr_occ80_JU3200_quartet_13.submodel6.log

Date and Time: Thu Jul  9 00:32:36 2026
