IQ-TREE version 3.0.1 for Linux x86 64-bit built Jul  9 2025
Developed by Bui Quang Minh, Thomas Wong, Nhan Ly-Trong, Huaiyan Ren
Contributed by Lam-Tung Nguyen, Dominik Schrempf, Chris Bielow,
Olga Chernomor, Michael Woodhams, Diep Thi Hoang, Heiko Schmidt

Host:    c291 (AVX512, FMA3, 188 GB RAM)
Command: iqtree3 -s /vast/eande106/projects/Nicolas/github/CB_PopGen_HDR_MS/processed_data/tree_topology/mast/mast_hdr/occ80_QG4232_quartet_03_supermatrix.clean.fas -m TMIX{LG+FO+G,LG+FO+G,LG+FO+G}+T -te /vast/eande106/projects/Nicolas/github/CB_PopGen_HDR_MS/processed_data/tree_topology/mast/quartet_topologies/quartet_03_EG5268_QG4232_topologies.tre --prefix mast_hdr_occ80_QG4232_quartet_03.submodel1 -T 48
Seed:    995542 (Using SPRNG - Scalable Parallel Random Number Generator)
Time:    Thu Jul  9 00:04:25 2026
Kernel:  AVX+FMA - 48 threads (48 CPU cores detected)

Reading alignment file /vast/eande106/projects/Nicolas/github/CB_PopGen_HDR_MS/processed_data/tree_topology/mast/mast_hdr/occ80_QG4232_quartet_03_supermatrix.clean.fas ... Fasta format detected
Reading fasta file: done in 0.0350462 secs using 20.52% CPU
Alignment most likely contains protein sequences
Constructing alignment: done in 0.240892 secs using 79.02% CPU
Alignment has 4 sequences with 168614 columns, 4201 distinct patterns
1248 parsimony-informative, 28357 singleton sites, 139009 constant sites
        Gap/Ambiguity  Composition  p-value
Analyzing sequences: done in 0.000150273 secs using 70.54% CPU
   1  PX506     5.40%    passed     94.26%
   2  EG5268    3.90%    passed    100.00%
   3  QX1410    2.64%    passed    100.00%
   4  QG4232    3.06%    passed    100.00%
****  TOTAL     3.75%  0 sequences failed composition chi2 test (p-value<5%; df=19)
Number of input trees: 3
Minimum branch length is set to 0.0000010
Checking for duplicate sequences: done in 0.00019379 secs using 129.5% CPU

NOTE: 31 MB RAM (0 GB) is required!
According to the parsimony scores along the sites, the tree weights are initialized to:
0.8926282,0.0248397,0.0825321
Estimate model parameters (epsilon = 0.00100)
1. Initial log-likelihood: -670175.34020
2. Current log-likelihood: -670011.73860
3. Current log-likelihood: -669693.75550
4. Current log-likelihood: -669663.98888
5. Current log-likelihood: -669648.32607
6. Current log-likelihood: -669633.46961
7. Current log-likelihood: -669626.60641
8. Current log-likelihood: -669616.50698
9. Current log-likelihood: -669611.74334
10. Current log-likelihood: -669608.74368
11. Current log-likelihood: -669606.03165
12. Current log-likelihood: -669603.57355
13. Current log-likelihood: -669601.38200
14. Current log-likelihood: -669599.42722
15. Current log-likelihood: -669597.69545
16. Current log-likelihood: -669596.18017
17. Current log-likelihood: -669594.86286
18. Current log-likelihood: -669593.72675
19. Current log-likelihood: -669592.74047
20. Current log-likelihood: -669591.90587
21. Current log-likelihood: -669591.19360
22. Current log-likelihood: -669590.58659
23. Current log-likelihood: -669590.08160
24. Current log-likelihood: -669589.65356
25. Current log-likelihood: -669589.14827
26. Current log-likelihood: -669588.55458
27. Current log-likelihood: -669588.05814
28. Current log-likelihood: -669587.81054
29. Current log-likelihood: -669587.64911
30. Current log-likelihood: -669587.51913
31. Current log-likelihood: -669587.41367
32. Current log-likelihood: -669587.32817
33. Current log-likelihood: -669587.25855
34. Current log-likelihood: -669587.20293
35. Current log-likelihood: -669587.15871
36. Current log-likelihood: -669587.12268
37. Current log-likelihood: -669587.09257
38. Current log-likelihood: -669587.06902
39. Current log-likelihood: -669587.05726
40. Current log-likelihood: -669587.03855
41. Current log-likelihood: -669587.03020
42. Current log-likelihood: -669587.01756
43. Current log-likelihood: -669587.01150
44. Current log-likelihood: -669587.00211
45. Current log-likelihood: -669586.99773
46. Current log-likelihood: -669586.99137
47. Current log-likelihood: -669586.98833
48. Current log-likelihood: -669586.98551
49. Current log-likelihood: -669586.98115
50. Current log-likelihood: -669586.97909
51. Current log-likelihood: -669586.97718
52. Current log-likelihood: -669586.97541
53. Current log-likelihood: -669586.97363
54. Current log-likelihood: -669586.97213
55. Current log-likelihood: -669586.97083
56. Current log-likelihood: -669586.96922
57. Current log-likelihood: -669586.96802
58. Current log-likelihood: -669586.96697
59. Current log-likelihood: -669586.96601
Final estimation on weights:
0.87615,0.03833,0.08552
Wrote distance file to... 
BEST SCORE FOUND : -669586.96601
Total tree lengths: 0.32424 0.00166 0.08712

Total number of iterations: 57
CPU time used for tree search: 0.00003 sec (0h:0m:0s)
Wall-clock time used for tree search: 0.00003 sec (0h:0m:0s)
Total CPU time used: 11176.50480 sec (3h:6m:16s)
Total wall-clock time used: 1141.74022 sec (0h:19m:1s)

Analysis results written to: 
  IQ-TREE report:                mast_hdr_occ80_QG4232_quartet_03.submodel1.iqtree
  Maximum-likelihood tree:       mast_hdr_occ80_QG4232_quartet_03.submodel1.treefile
  Screen log file:               mast_hdr_occ80_QG4232_quartet_03.submodel1.log

Date and Time: Thu Jul  9 00:23:28 2026
