IQ-TREE version 3.0.1 for Linux x86 64-bit built Jul  9 2025
Developed by Bui Quang Minh, Thomas Wong, Nhan Ly-Trong, Huaiyan Ren
Contributed by Lam-Tung Nguyen, Dominik Schrempf, Chris Bielow,
Olga Chernomor, Michael Woodhams, Diep Thi Hoang, Heiko Schmidt

Host:    c570 (AVX512, FMA3, 188 GB RAM)
Command: iqtree3 -s /vast/eande106/projects/Nicolas/github/CB_PopGen_HDR_MS/processed_data/tree_topology/mast/mast_hdr/occ80_QG4232_quartet_10_supermatrix.clean.fas -m TMIX{LG+FO+G,LG+FO+G,LG+FO+G}+T -te /vast/eande106/projects/Nicolas/github/CB_PopGen_HDR_MS/processed_data/tree_topology/mast/quartet_topologies/quartet_10_NIC2143_QG4232_topologies.tre --prefix mast_hdr_occ80_QG4232_quartet_10.submodel1 -T 48
Seed:    624719 (Using SPRNG - Scalable Parallel Random Number Generator)
Time:    Thu Jul  9 00:07:30 2026
Kernel:  AVX+FMA - 48 threads (48 CPU cores detected)

Reading alignment file /vast/eande106/projects/Nicolas/github/CB_PopGen_HDR_MS/processed_data/tree_topology/mast/mast_hdr/occ80_QG4232_quartet_10_supermatrix.clean.fas ... Fasta format detected
Reading fasta file: done in 0.0339724 secs using 20.79% CPU
Alignment most likely contains protein sequences
Constructing alignment: done in 0.209245 secs using 93.42% CPU
Alignment has 4 sequences with 167048 columns, 4148 distinct patterns
1246 parsimony-informative, 28901 singleton sites, 136901 constant sites
         Gap/Ambiguity  Composition  p-value
Analyzing sequences: done in 0.00790066 secs using 4721% CPU
   1  PX506      6.33%    passed     81.04%
   2  NIC2143    3.73%    passed    100.00%
   3  QX1410     2.69%    passed    100.00%
   4  QG4232     3.19%    passed    100.00%
****  TOTAL      3.98%  0 sequences failed composition chi2 test (p-value<5%; df=19)
Number of input trees: 3
Minimum branch length is set to 0.0000010
Checking for duplicate sequences: done in 0.00398238 secs using 4578% CPU

NOTE: 30 MB RAM (0 GB) is required!
According to the parsimony scores along the sites, the tree weights are initialized to:
0.9109149,0.0280899,0.0609952
Estimate model parameters (epsilon = 0.00100)
1. Initial log-likelihood: -666501.94863
2. Current log-likelihood: -666354.94944
3. Current log-likelihood: -666047.88756
4. Current log-likelihood: -666027.06913
5. Current log-likelihood: -666017.51041
6. Current log-likelihood: -666003.43883
7. Current log-likelihood: -665979.10011
8. Current log-likelihood: -665967.66954
9. Current log-likelihood: -665954.53502
10. Current log-likelihood: -665950.58056
11. Current log-likelihood: -665948.56514
12. Current log-likelihood: -665946.90123
13. Current log-likelihood: -665945.51732
14. Current log-likelihood: -665944.37200
15. Current log-likelihood: -665943.41960
16. Current log-likelihood: -665941.48485
17. Current log-likelihood: -665941.07852
18. Current log-likelihood: -665940.32157
19. Current log-likelihood: -665939.85631
20. Current log-likelihood: -665939.64050
21. Current log-likelihood: -665939.22000
22. Current log-likelihood: -665938.96751
23. Current log-likelihood: -665938.77130
24. Current log-likelihood: -665938.61041
25. Current log-likelihood: -665938.48631
26. Current log-likelihood: -665938.38639
27. Current log-likelihood: -665938.31056
28. Current log-likelihood: -665938.24938
29. Current log-likelihood: -665938.21328
30. Current log-likelihood: -665938.15383
31. Current log-likelihood: -665938.13450
32. Current log-likelihood: -665938.10341
33. Current log-likelihood: -665938.09034
34. Current log-likelihood: -665938.06452
35. Current log-likelihood: -665938.05563
36. Current log-likelihood: -665938.04253
37. Current log-likelihood: -665938.03653
38. Current log-likelihood: -665938.02715
39. Current log-likelihood: -665938.02230
40. Current log-likelihood: -665938.01497
41. Current log-likelihood: -665938.01138
42. Current log-likelihood: -665938.00824
43. Current log-likelihood: -665938.00524
44. Current log-likelihood: -665938.00089
45. Current log-likelihood: -665937.99857
46. Current log-likelihood: -665937.99633
47. Current log-likelihood: -665937.99391
48. Current log-likelihood: -665938.00801
Final estimation on weights:
0.89776,0.03838,0.06386
Wrote distance file to... 
BEST SCORE FOUND : -665938.00801
Total tree lengths: 0.33488 0.00182 0.08388

Total number of iterations: 46
CPU time used for tree search: 0.00002 sec (0h:0m:0s)
Wall-clock time used for tree search: 0.00001 sec (0h:0m:0s)
Total CPU time used: 9671.40055 sec (2h:41m:11s)
Total wall-clock time used: 1107.97366 sec (0h:18m:27s)

Analysis results written to: 
  IQ-TREE report:                mast_hdr_occ80_QG4232_quartet_10.submodel1.iqtree
  Maximum-likelihood tree:       mast_hdr_occ80_QG4232_quartet_10.submodel1.treefile
  Screen log file:               mast_hdr_occ80_QG4232_quartet_10.submodel1.log

Date and Time: Thu Jul  9 00:25:58 2026
