IQ-TREE version 3.0.1 for Linux x86 64-bit built Jul  9 2025
Developed by Bui Quang Minh, Thomas Wong, Nhan Ly-Trong, Huaiyan Ren
Contributed by Lam-Tung Nguyen, Dominik Schrempf, Chris Bielow,
Olga Chernomor, Michael Woodhams, Diep Thi Hoang, Heiko Schmidt

Host:    c203 (AVX512, FMA3, 188 GB RAM)
Command: iqtree3 -s /vast/eande106/projects/Nicolas/github/CB_PopGen_HDR_MS/processed_data/tree_topology/mast/mast_all/occ80_JU3200_quartet_01_supermatrix.clean.fas -m LG+FO+G+T -te /vast/eande106/projects/Nicolas/github/CB_PopGen_HDR_MS/processed_data/tree_topology/mast/quartet_topologies/quartet_01_ECA2852_JU3200_topologies.tre --prefix mast_all_occ80_JU3200_quartet_01.submodel6 -T 48
Seed:    396274 (Using SPRNG - Scalable Parallel Random Number Generator)
Time:    Wed Jul  8 23:22:16 2026
Kernel:  AVX+FMA - 48 threads (48 CPU cores detected)

Reading alignment file /vast/eande106/projects/Nicolas/github/CB_PopGen_HDR_MS/processed_data/tree_topology/mast/mast_all/occ80_JU3200_quartet_01_supermatrix.clean.fas ... Fasta format detected
Reading fasta file: done in 0.183135 secs using 50.38% CPU
Alignment most likely contains protein sequences
Constructing alignment: done in 2.51381 secs using 13.79% CPU
WARNING: 1 sites contain only gaps or ambiguous characters.
Alignment has 4 sequences with 2308260 columns, 13164 distinct patterns
14593 parsimony-informative, 342048 singleton sites, 1951619 constant sites
         Gap/Ambiguity  Composition  p-value
Analyzing sequences: done in 0.000224887 secs using 98.72% CPU
   1  PX506      4.75%    failed      0.02%
   2  JU3200     2.07%    passed     96.90%
   3  QX1410     1.94%    passed     99.69%
   4  ECA2852    3.02%    passed     39.10%
****  TOTAL      2.94%  1 sequences failed composition chi2 test (p-value<5%; df=19)
Number of input trees: 3
Minimum branch length is set to 0.0000010
Checking for duplicate sequences: done in 0.000308968 secs using 1110% CPU

NOTE: 97 MB RAM (0 GB) is required!
According to the parsimony scores along the sites, the tree weights are initialized to:
0.9022819,0.0394710,0.0582471
Estimate model parameters (epsilon = 0.00100)
1. Initial log-likelihood: -8870362.63014
2. Current log-likelihood: -8862098.75934
3. Current log-likelihood: -8861624.64808
4. Current log-likelihood: -8861354.20277
5. Current log-likelihood: -8861297.96938
6. Current log-likelihood: -8861280.12086
7. Current log-likelihood: -8861274.86982
8. Current log-likelihood: -8861270.29767
9. Current log-likelihood: -8861264.93443
10. Current log-likelihood: -8861260.60576
11. Current log-likelihood: -8861258.06739
12. Current log-likelihood: -8861256.58377
13. Current log-likelihood: -8861255.31509
14. Current log-likelihood: -8861254.08346
15. Current log-likelihood: -8861252.84251
16. Current log-likelihood: -8861251.60234
17. Current log-likelihood: -8861250.35214
18. Current log-likelihood: -8861249.09137
19. Current log-likelihood: -8861247.83751
20. Current log-likelihood: -8861246.55855
21. Current log-likelihood: -8861245.29407
22. Current log-likelihood: -8861244.02533
23. Current log-likelihood: -8861242.75193
24. Current log-likelihood: -8861241.46161
25. Current log-likelihood: -8861240.17923
26. Current log-likelihood: -8861238.89239
27. Current log-likelihood: -8861237.58856
28. Current log-likelihood: -8861236.29267
29. Current log-likelihood: -8861234.99233
30. Current log-likelihood: -8861233.68738
31. Current log-likelihood: -8861232.36575
32. Current log-likelihood: -8861231.05199
33. Current log-likelihood: -8861229.73389
34. Current log-likelihood: -8861228.41124
35. Current log-likelihood: -8861227.08425
36. Current log-likelihood: -8861225.75291
37. Current log-likelihood: -8861224.41723
38. Current log-likelihood: -8861223.05643
39. Current log-likelihood: -8861221.71094
40. Current log-likelihood: -8861220.36130
41. Current log-likelihood: -8861219.00726
42. Current log-likelihood: -8861217.64905
43. Current log-likelihood: -8861216.28665
44. Current log-likelihood: -8861214.92007
45. Current log-likelihood: -8861213.54936
46. Current log-likelihood: -8861212.17455
47. Current log-likelihood: -8861210.79565
48. Current log-likelihood: -8861209.41264
49. Current log-likelihood: -8861208.02563
50. Current log-likelihood: -8861206.63463
51. Current log-likelihood: -8861205.23970
52. Current log-likelihood: -8861203.84083
53. Current log-likelihood: -8861202.43810
54. Current log-likelihood: -8861201.03152
55. Current log-likelihood: -8861199.62113
56. Current log-likelihood: -8861198.20696
57. Current log-likelihood: -8861196.78911
58. Current log-likelihood: -8861195.36757
59. Current log-likelihood: -8861193.94240
60. Current log-likelihood: -8861192.50968
61. Current log-likelihood: -8861191.07666
62. Current log-likelihood: -8861189.63981
63. Current log-likelihood: -8861188.19958
64. Current log-likelihood: -8861186.75597
65. Current log-likelihood: -8861185.30906
66. Current log-likelihood: -8861183.85889
67. Current log-likelihood: -8861182.40553
68. Current log-likelihood: -8861180.94902
69. Current log-likelihood: -8861179.48946
70. Current log-likelihood: -8861178.02688
71. Current log-likelihood: -8861176.56135
72. Current log-likelihood: -8861175.09296
73. Current log-likelihood: -8861173.62177
74. Current log-likelihood: -8861172.14785
75. Current log-likelihood: -8861170.67128
76. Current log-likelihood: -8861169.19213
77. Current log-likelihood: -8861167.71045
78. Current log-likelihood: -8861166.22643
79. Current log-likelihood: -8861164.74001
80. Current log-likelihood: -8861163.25137
81. Current log-likelihood: -8861161.76058
82. Current log-likelihood: -8861160.26772
83. Current log-likelihood: -8861158.77289
84. Current log-likelihood: -8861157.27617
85. Current log-likelihood: -8861155.77767
86. Current log-likelihood: -8861154.27496
87. Current log-likelihood: -8861152.77254
88. Current log-likelihood: -8861151.26853
89. Current log-likelihood: -8861149.76321
90. Current log-likelihood: -8861148.25668
91. Current log-likelihood: -8861146.74901
92. Current log-likelihood: -8861145.24031
93. Current log-likelihood: -8861143.73073
94. Current log-likelihood: -8861142.22036
95. Current log-likelihood: -8861140.70934
96. Current log-likelihood: -8861139.19777
97. Current log-likelihood: -8861137.68581
98. Current log-likelihood: -8861136.17358
99. Current log-likelihood: -8861134.66120
100. Current log-likelihood: -8861133.14881
101. Current log-likelihood: -8861131.63658
102. Current log-likelihood: -8861128.99092
103. Current log-likelihood: -8861126.13499
104. Current log-likelihood: -8861123.28363
105. Current log-likelihood: -8861120.43683
106. Current log-likelihood: -8861117.59600
107. Current log-likelihood: -8861114.76334
108. Current log-likelihood: -8861111.93842
109. Current log-likelihood: -8861106.40376
110. Current log-likelihood: -8861083.48540
111. Current log-likelihood: -8861073.86920
112. Current log-likelihood: -8861069.96887
113. Current log-likelihood: -8861066.07262
114. Current log-likelihood: -8861062.18149
115. Current log-likelihood: -8861058.29740
116. Current log-likelihood: -8861054.42444
117. Current log-likelihood: -8861050.56185
118. Current log-likelihood: -8861046.71180
119. Current log-likelihood: -8861042.87690
120. Current log-likelihood: -8861039.05920
121. Current log-likelihood: -8861035.26084
122. Current log-likelihood: -8861031.48416
123. Current log-likelihood: -8861027.73147
124. Current log-likelihood: -8861024.00521
125. Current log-likelihood: -8861020.30763
126. Current log-likelihood: -8861016.64123
127. Current log-likelihood: -8861013.00844
128. Current log-likelihood: -8861009.41167
129. Current log-likelihood: -8861005.85347
130. Current log-likelihood: -8861002.33614
131. Current log-likelihood: -8860998.86221
132. Current log-likelihood: -8860995.43411
133. Current log-likelihood: -8860992.05422
134. Current log-likelihood: -8860988.72489
135. Current log-likelihood: -8860985.44839
136. Current log-likelihood: -8860982.22707
137. Current log-likelihood: -8860979.06285
138. Current log-likelihood: -8860975.95786
139. Current log-likelihood: -8860972.91412
140. Current log-likelihood: -8860969.93346
141. Current log-likelihood: -8860967.00635
142. Current log-likelihood: -8860964.15582
143. Current log-likelihood: -8860961.37094
144. Current log-likelihood: -8860958.65550
145. Current log-likelihood: -8860956.01032
146. Current log-likelihood: -8860953.43637
147. Current log-likelihood: -8860950.93462
148. Current log-likelihood: -8860948.49459
149. Current log-likelihood: -8860946.13700
150. Current log-likelihood: -8860943.85121
151. Current log-likelihood: -8860941.63913
152. Current log-likelihood: -8860939.50132
153. Current log-likelihood: -8860937.43612
154. Current log-likelihood: -8860935.43281
155. Current log-likelihood: -8860933.51080
156. Current log-likelihood: -8860931.65891
157. Current log-likelihood: -8860929.87844
158. Current log-likelihood: -8860928.16719
159. Current log-likelihood: -8860926.52508
160. Current log-likelihood: -8860924.93696
161. Current log-likelihood: -8860923.42448
162. Current log-likelihood: -8860921.97540
163. Current log-likelihood: -8860920.58880
164. Current log-likelihood: -8860919.26312
165. Current log-likelihood: -8860917.98659
166. Current log-likelihood: -8860916.77452
167. Current log-likelihood: -8860915.61676
168. Current log-likelihood: -8860914.51301
169. Current log-likelihood: -8860913.46100
170. Current log-likelihood: -8860912.45825
171. Current log-likelihood: -8860911.49201
172. Current log-likelihood: -8860910.57931
173. Current log-likelihood: -8860909.70964
174. Current log-likelihood: -8860908.88176
175. Current log-likelihood: -8860908.09373
176. Current log-likelihood: -8860907.33389
177. Current log-likelihood: -8860906.61676
178. Current log-likelihood: -8860905.93356
179. Current log-likelihood: -8860905.28286
180. Current log-likelihood: -8860904.66307
181. Current log-likelihood: -8860904.07246
182. Current log-likelihood: -8860903.49822
183. Current log-likelihood: -8860902.95460
184. Current log-likelihood: -8860902.15178
185. Current log-likelihood: -8860901.04841
186. Current log-likelihood: -8860900.03491
187. Current log-likelihood: -8860899.24488
188. Current log-likelihood: -8860898.50187
189. Current log-likelihood: -8860897.77292
190. Current log-likelihood: -8860897.05623
191. Current log-likelihood: -8860896.35475
192. Current log-likelihood: -8860895.66569
193. Current log-likelihood: -8860894.99302
194. Current log-likelihood: -8860894.33724
195. Current log-likelihood: -8860893.69574
196. Current log-likelihood: -8860893.06831
197. Current log-likelihood: -8860892.45787
198. Current log-likelihood: -8860891.86465
199. Current log-likelihood: -8860891.28440
200. Current log-likelihood: -8860890.70383
201. Current log-likelihood: -8860890.14089
202. Current log-likelihood: -8860889.46024
203. Current log-likelihood: -8860888.71080
204. Current log-likelihood: -8860887.98824
205. Current log-likelihood: -8860887.16796
206. Current log-likelihood: -8860885.70319
207. Current log-likelihood: -8860884.85910
208. Current log-likelihood: -8860883.87107
209. Current log-likelihood: -8860883.08199
210. Current log-likelihood: -8860882.21648
211. Current log-likelihood: -8860881.42869
212. Current log-likelihood: -8860880.65618
213. Current log-likelihood: -8860879.90736
214. Current log-likelihood: -8860879.17334
215. Current log-likelihood: -8860878.45291
216. Current log-likelihood: -8860877.75882
217. Current log-likelihood: -8860877.07733
218. Current log-likelihood: -8860876.40941
219. Current log-likelihood: -8860875.75364
220. Current log-likelihood: -8860875.11061
221. Current log-likelihood: -8860874.48208
222. Current log-likelihood: -8860873.87234
223. Current log-likelihood: -8860873.26279
224. Current log-likelihood: -8860872.67385
225. Current log-likelihood: -8860872.09574
226. Current log-likelihood: -8860871.52704
227. Current log-likelihood: -8860870.96817
228. Current log-likelihood: -8860870.41864
229. Current log-likelihood: -8860869.87745
230. Current log-likelihood: -8860869.35233
231. Current log-likelihood: -8860868.82801
232. Current log-likelihood: -8860868.31807
233. Current log-likelihood: -8860867.81737
234. Current log-likelihood: -8860867.31516
235. Current log-likelihood: -8860866.83419
236. Current log-likelihood: -8860866.35308
237. Current log-likelihood: -8860865.87766
238. Current log-likelihood: -8860865.39984
239. Current log-likelihood: -8860864.93327
240. Current log-likelihood: -8860864.47891
241. Current log-likelihood: -8860864.02861
242. Current log-likelihood: -8860863.56967
243. Current log-likelihood: -8860863.12792
244. Current log-likelihood: -8860862.68291
245. Current log-likelihood: -8860862.24834
246. Current log-likelihood: -8860861.81739
247. Current log-likelihood: -8860861.38945
248. Current log-likelihood: -8860860.96510
249. Current log-likelihood: -8860860.54320
250. Current log-likelihood: -8860860.12398
251. Current log-likelihood: -8860859.70686
252. Current log-likelihood: -8860859.29188
253. Current log-likelihood: -8860858.87846
254. Current log-likelihood: -8860858.46732
255. Current log-likelihood: -8860858.05764
256. Current log-likelihood: -8860857.65589
257. Current log-likelihood: -8860857.24954
258. Current log-likelihood: -8860856.84445
259. Current log-likelihood: -8860856.44669
260. Current log-likelihood: -8860856.04412
261. Current log-likelihood: -8860855.64880
262. Current log-likelihood: -8860855.24846
263. Current log-likelihood: -8860854.86011
264. Current log-likelihood: -8860854.46183
265. Current log-likelihood: -8860854.07001
266. Current log-likelihood: -8860853.67857
267. Current log-likelihood: -8860853.28213
268. Current log-likelihood: -8860852.89622
269. Current log-likelihood: -8860852.50124
270. Current log-likelihood: -8860852.11615
271. Current log-likelihood: -8860851.72167
272. Current log-likelihood: -8860851.33732
273. Current log-likelihood: -8860850.94895
274. Current log-likelihood: -8860850.56074
275. Current log-likelihood: -8860850.17735
276. Current log-likelihood: -8860849.78431
277. Current log-likelihood: -8860849.40115
278. Current log-likelihood: -8860849.01356
279. Current log-likelihood: -8860848.63053
280. Current log-likelihood: -8860848.24314
281. Current log-likelihood: -8860847.86038
282. Current log-likelihood: -8860847.47302
283. Current log-likelihood: -8860847.08991
284. Current log-likelihood: -8860846.70271
285. Current log-likelihood: -8860846.31910
286. Current log-likelihood: -8860845.93614
287. Current log-likelihood: -8860845.54842
288. Current log-likelihood: -8860845.16445
289. Current log-likelihood: -8860844.78105
290. Current log-likelihood: -8860844.39717
291. Current log-likelihood: -8860844.00861
292. Current log-likelihood: -8860843.62359
293. Current log-likelihood: -8860843.23902
294. Current log-likelihood: -8860842.85401
295. Current log-likelihood: -8860842.46888
296. Current log-likelihood: -8860842.08322
297. Current log-likelihood: -8860841.69752
298. Current log-likelihood: -8860841.31113
299. Current log-likelihood: -8860840.92443
300. Current log-likelihood: -8860840.53755
301. Current log-likelihood: -8860840.14978
302. Current log-likelihood: -8860839.69830
303. Current log-likelihood: -8860839.21220
304. Current log-likelihood: -8860838.72035
305. Current log-likelihood: -8860838.23246
306. Current log-likelihood: -8860837.73890
307. Current log-likelihood: -8860837.24888
308. Current log-likelihood: -8860836.75891
309. Current log-likelihood: -8860836.26794
310. Current log-likelihood: -8860835.77075
311. Current log-likelihood: -8860835.27737
312. Current log-likelihood: -8860834.78323
313. Current log-likelihood: -8860834.28813
314. Current log-likelihood: -8860833.79223
315. Current log-likelihood: -8860833.29508
316. Current log-likelihood: -8860832.79678
317. Current log-likelihood: -8860832.29749
318. Current log-likelihood: -8860831.79034
319. Current log-likelihood: -8860831.28735
320. Current log-likelihood: -8860830.78374
321. Current log-likelihood: -8860830.27855
322. Current log-likelihood: -8860829.77200
323. Current log-likelihood: -8860829.26386
324. Current log-likelihood: -8860828.75434
325. Current log-likelihood: -8860828.24282
326. Current log-likelihood: -8860827.72999
327. Current log-likelihood: -8860827.21558
328. Current log-likelihood: -8860826.69909
329. Current log-likelihood: -8860826.18122
330. Current log-likelihood: -8860825.66140
331. Current log-likelihood: -8860825.13935
332. Current log-likelihood: -8860824.61596
333. Current log-likelihood: -8860824.09025
334. Current log-likelihood: -8860823.56217
335. Current log-likelihood: -8860823.03224
336. Current log-likelihood: -8860822.49994
337. Current log-likelihood: -8860821.96545
338. Current log-likelihood: -8860821.42890
339. Current log-likelihood: -8860820.88969
340. Current log-likelihood: -8860820.34812
341. Current log-likelihood: -8860819.80434
342. Current log-likelihood: -8860819.25767
343. Current log-likelihood: -8860818.70871
344. Current log-likelihood: -8860818.15672
345. Current log-likelihood: -8860817.60207
346. Current log-likelihood: -8860817.05011
347. Current log-likelihood: -8860816.48979
348. Current log-likelihood: -8860815.92674
349. Current log-likelihood: -8860815.36628
350. Current log-likelihood: -8860814.79682
351. Current log-likelihood: -8860814.22334
352. Current log-likelihood: -8860813.65309
353. Current log-likelihood: -8860813.07275
354. Current log-likelihood: -8860812.49586
355. Current log-likelihood: -8860811.90802
356. Current log-likelihood: -8860811.32405
357. Current log-likelihood: -8860810.72845
358. Current log-likelihood: -8860810.13626
359. Current log-likelihood: -8860809.53812
360. Current log-likelihood: -8860808.93075
361. Current log-likelihood: -8860808.32407
362. Current log-likelihood: -8860807.71523
363. Current log-likelihood: -8860807.09918
364. Current log-likelihood: -8860806.47902
365. Current log-likelihood: -8860805.85433
366. Current log-likelihood: -8860805.22430
367. Current log-likelihood: -8860804.58893
368. Current log-likelihood: -8860803.94836
369. Current log-likelihood: -8860803.30183
370. Current log-likelihood: -8860802.64936
371. Current log-likelihood: -8860801.99108
372. Current log-likelihood: -8860801.32622
373. Current log-likelihood: -8860800.65479
374. Current log-likelihood: -8860799.97505
375. Current log-likelihood: -8860799.29045
376. Current log-likelihood: -8860798.59612
377. Current log-likelihood: -8860797.89706
378. Current log-likelihood: -8860797.18731
379. Current log-likelihood: -8860796.47000
380. Current log-likelihood: -8860795.74460
381. Current log-likelihood: -8860795.01020
382. Current log-likelihood: -8860794.25432
383. Current log-likelihood: -8860793.50381
384. Current log-likelihood: -8860792.73915
385. Current log-likelihood: -8860791.96500
386. Current log-likelihood: -8860791.18066
387. Current log-likelihood: -8860790.38506
388. Current log-likelihood: -8860789.57788
389. Current log-likelihood: -8860788.75688
390. Current log-likelihood: -8860787.92591
391. Current log-likelihood: -8860787.07878
392. Current log-likelihood: -8860786.21891
393. Current log-likelihood: -8860785.34439
394. Current log-likelihood: -8860784.45468
395. Current log-likelihood: -8860783.54947
396. Current log-likelihood: -8860782.62745
397. Current log-likelihood: -8860781.68794
398. Current log-likelihood: -8860780.73056
399. Current log-likelihood: -8860779.75140
400. Current log-likelihood: -8860778.75275
401. Current log-likelihood: -8860777.73326
402. Current log-likelihood: -8860776.59209
403. Current log-likelihood: -8860775.34049
404. Current log-likelihood: -8860774.05605
405. Current log-likelihood: -8860772.73649
406. Current log-likelihood: -8860771.37980
407. Current log-likelihood: -8860769.98304
408. Current log-likelihood: -8860768.54433
409. Current log-likelihood: -8860767.07166
410. Current log-likelihood: -8860765.53915
411. Current log-likelihood: -8860763.95268
412. Current log-likelihood: -8860762.32196
413. Current log-likelihood: -8860760.64737
414. Current log-likelihood: -8860758.90937
415. Current log-likelihood: -8860757.11646
416. Current log-likelihood: -8860755.27002
417. Current log-likelihood: -8860753.36315
418. Current log-likelihood: -8860751.39883
419. Current log-likelihood: -8860749.38829
420. Current log-likelihood: -8860747.31998
421. Current log-likelihood: -8860745.21058
422. Current log-likelihood: -8860743.08084
423. Current log-likelihood: -8860740.92587
424. Current log-likelihood: -8860738.76846
425. Current log-likelihood: -8860736.62592
426. Current log-likelihood: -8860734.51018
427. Current log-likelihood: -8860732.46152
428. Current log-likelihood: -8860730.49936
429. Current log-likelihood: -8860728.92856
430. Current log-likelihood: -8860727.67525
431. Current log-likelihood: -8860726.66161
432. Current log-likelihood: -8860725.85694
433. Current log-likelihood: -8860725.21279
434. Current log-likelihood: -8860724.68702
435. Current log-likelihood: -8860724.27408
436. Current log-likelihood: -8860723.94222
437. Current log-likelihood: -8860723.67737
438. Current log-likelihood: -8860723.45580
439. Current log-likelihood: -8860723.28279
440. Current log-likelihood: -8860723.14210
441. Current log-likelihood: -8860723.02941
442. Current log-likelihood: -8860722.93916
443. Current log-likelihood: -8860722.86569
444. Current log-likelihood: -8860722.80775
445. Current log-likelihood: -8860722.75985
446. Current log-likelihood: -8860722.71417
447. Current log-likelihood: -8860722.68248
448. Current log-likelihood: -8860722.65563
449. Current log-likelihood: -8860722.63463
450. Current log-likelihood: -8860722.61677
451. Current log-likelihood: -8860722.60161
452. Current log-likelihood: -8860722.58896
453. Current log-likelihood: -8860722.57938
454. Current log-likelihood: -8860722.57104
455. Current log-likelihood: -8860722.56386
456. Current log-likelihood: -8860722.55772
457. Current log-likelihood: -8860722.55306
458. Current log-likelihood: -8860722.54835
459. Current log-likelihood: -8860722.54667
460. Current log-likelihood: -8860722.54261
461. Current log-likelihood: -8860722.54135
462. Current log-likelihood: -8860722.53822
463. Current log-likelihood: -8860722.53727
Final estimation on weights:
0.97377,0.00360,0.02262
Wrote distance file to... 
BEST SCORE FOUND : -8860722.53727
Total tree lengths: 0.23386 2.34220 0.46003

Total number of iterations: 461
CPU time used for tree search: 0.00003 sec (0h:0m:0s)
Wall-clock time used for tree search: 0.00003 sec (0h:0m:0s)
Total CPU time used: 166915.28639 sec (46h:21m:55s)
Total wall-clock time used: 5342.53114 sec (1h:29m:2s)

Analysis results written to: 
  IQ-TREE report:                mast_all_occ80_JU3200_quartet_01.submodel6.iqtree
  Maximum-likelihood tree:       mast_all_occ80_JU3200_quartet_01.submodel6.treefile
  Screen log file:               mast_all_occ80_JU3200_quartet_01.submodel6.log

Date and Time: Thu Jul  9 00:51:21 2026
