IQ-TREE version 3.0.1 for Linux x86 64-bit built Jul  9 2025
Developed by Bui Quang Minh, Thomas Wong, Nhan Ly-Trong, Huaiyan Ren
Contributed by Lam-Tung Nguyen, Dominik Schrempf, Chris Bielow,
Olga Chernomor, Michael Woodhams, Diep Thi Hoang, Heiko Schmidt

Host:    c395 (AVX512, FMA3, 188 GB RAM)
Command: iqtree3 -s /vast/eande106/projects/Nicolas/github/CB_PopGen_HDR_MS/processed_data/tree_topology/mast/mast_hdr/occ80_JU3200_quartet_16_supermatrix.clean.fas -m TMIX{LG+FO+G,LG+FO+G,LG+FO+G}+T -te /vast/eande106/projects/Nicolas/github/CB_PopGen_HDR_MS/processed_data/tree_topology/mast/quartet_topologies/quartet_16_ZF1220_JU3200_topologies.tre --prefix mast_hdr_occ80_JU3200_quartet_16.submodel1 -T 48
Seed:    472280 (Using SPRNG - Scalable Parallel Random Number Generator)
Time:    Thu Jul  9 00:04:11 2026
Kernel:  AVX+FMA - 48 threads (48 CPU cores detected)

Reading alignment file /vast/eande106/projects/Nicolas/github/CB_PopGen_HDR_MS/processed_data/tree_topology/mast/mast_hdr/occ80_JU3200_quartet_16_supermatrix.clean.fas ... Fasta format detected
Reading fasta file: done in 0.0345153 secs using 16.7% CPU
Alignment most likely contains protein sequences
Constructing alignment: done in 0.217124 secs using 102.5% CPU
Alignment has 4 sequences with 159498 columns, 4003 distinct patterns
1136 parsimony-informative, 26568 singleton sites, 131794 constant sites
        Gap/Ambiguity  Composition  p-value
Analyzing sequences: done in 0.000101201 secs using 1.957e+04% CPU
   1  PX506     4.68%    passed     37.28%
   2  ZF1220    2.75%    passed     99.93%
   3  QX1410    2.24%    passed    100.00%
   4  JU3200    2.96%    passed    100.00%
****  TOTAL     3.16%  0 sequences failed composition chi2 test (p-value<5%; df=19)
Number of input trees: 3
Minimum branch length is set to 0.0000010
Checking for duplicate sequences: done in 0.00107871 secs using 4315% CPU

NOTE: 29 MB RAM (0 GB) is required!
According to the parsimony scores along the sites, the tree weights are initialized to:
0.9304577,0.0325704,0.0369718
Estimate model parameters (epsilon = 0.00100)
1. Initial log-likelihood: -632662.95799
2. Current log-likelihood: -632520.98048
3. Current log-likelihood: -632227.54328
4. Current log-likelihood: -632200.75207
5. Current log-likelihood: -632189.69753
6. Current log-likelihood: -632186.93131
7. Current log-likelihood: -632185.50637
8. Current log-likelihood: -632184.45032
9. Current log-likelihood: -632183.52682
10. Current log-likelihood: -632182.72069
11. Current log-likelihood: -632181.85354
12. Current log-likelihood: -632181.12167
13. Current log-likelihood: -632180.47299
14. Current log-likelihood: -632179.88999
15. Current log-likelihood: -632179.36834
16. Current log-likelihood: -632178.89801
17. Current log-likelihood: -632178.47743
18. Current log-likelihood: -632178.09697
19. Current log-likelihood: -632177.75592
20. Current log-likelihood: -632177.44912
21. Current log-likelihood: -632177.17303
22. Current log-likelihood: -632176.92158
23. Current log-likelihood: -632176.69897
24. Current log-likelihood: -632176.49708
25. Current log-likelihood: -632176.31382
26. Current log-likelihood: -632176.14857
27. Current log-likelihood: -632175.99772
28. Current log-likelihood: -632175.85747
29. Current log-likelihood: -632175.73469
30. Current log-likelihood: -632175.62160
31. Current log-likelihood: -632175.51762
32. Current log-likelihood: -632175.42331
33. Current log-likelihood: -632175.33656
34. Current log-likelihood: -632175.25650
35. Current log-likelihood: -632175.18350
36. Current log-likelihood: -632175.11311
37. Current log-likelihood: -632175.05081
38. Current log-likelihood: -632174.99051
39. Current log-likelihood: -632174.93482
40. Current log-likelihood: -632174.88270
41. Current log-likelihood: -632174.83448
42. Current log-likelihood: -632174.78904
43. Current log-likelihood: -632174.74502
44. Current log-likelihood: -632174.70409
45. Current log-likelihood: -632174.66520
46. Current log-likelihood: -632174.62811
47. Current log-likelihood: -632174.59256
48. Current log-likelihood: -632174.55848
49. Current log-likelihood: -632174.52572
50. Current log-likelihood: -632174.49415
51. Current log-likelihood: -632174.46311
52. Current log-likelihood: -632174.43947
53. Current log-likelihood: -632174.40901
54. Current log-likelihood: -632174.38100
55. Current log-likelihood: -632174.35383
56. Current log-likelihood: -632174.32737
57. Current log-likelihood: -632174.30150
58. Current log-likelihood: -632174.27523
59. Current log-likelihood: -632174.08280
60. Current log-likelihood: -632173.82433
61. Current log-likelihood: -632173.77948
62. Current log-likelihood: -632173.75271
63. Current log-likelihood: -632173.72814
64. Current log-likelihood: -632173.70528
65. Current log-likelihood: -632173.68393
66. Current log-likelihood: -632173.66967
67. Current log-likelihood: -632173.64950
68. Current log-likelihood: -632173.63110
69. Current log-likelihood: -632173.61896
70. Current log-likelihood: -632173.60280
71. Current log-likelihood: -632173.59205
72. Current log-likelihood: -632173.57732
73. Current log-likelihood: -632173.56751
74. Current log-likelihood: -632173.55360
75. Current log-likelihood: -632173.54468
76. Current log-likelihood: -632173.53274
77. Current log-likelihood: -632173.52455
78. Current log-likelihood: -632173.51364
79. Current log-likelihood: -632173.50607
80. Current log-likelihood: -632173.49609
81. Current log-likelihood: -632173.48907
82. Current log-likelihood: -632173.48186
83. Current log-likelihood: -632173.47293
84. Current log-likelihood: -632173.46661
85. Current log-likelihood: -632173.46014
86. Current log-likelihood: -632173.45379
87. Current log-likelihood: -632173.44751
88. Current log-likelihood: -632173.44148
89. Current log-likelihood: -632173.43570
90. Current log-likelihood: -632173.43007
91. Current log-likelihood: -632173.42461
92. Current log-likelihood: -632173.41927
93. Current log-likelihood: -632173.41412
94. Current log-likelihood: -632173.40908
95. Current log-likelihood: -632173.40420
96. Current log-likelihood: -632173.39942
97. Current log-likelihood: -632173.39479
98. Current log-likelihood: -632173.39025
99. Current log-likelihood: -632173.38586
100. Current log-likelihood: -632173.38155
101. Current log-likelihood: -632173.37738
102. Current log-likelihood: -632173.36991
103. Current log-likelihood: -632173.36300
104. Current log-likelihood: -632173.35628
105. Current log-likelihood: -632173.34960
106. Current log-likelihood: -632173.34306
107. Current log-likelihood: -632173.33703
108. Current log-likelihood: -632173.33118
109. Current log-likelihood: -632173.32552
110. Current log-likelihood: -632173.31984
111. Current log-likelihood: -632173.31433
112. Current log-likelihood: -632173.30913
113. Current log-likelihood: -632173.30419
114. Current log-likelihood: -632173.29943
115. Current log-likelihood: -632173.29483
116. Current log-likelihood: -632173.29037
117. Current log-likelihood: -632173.28613
118. Current log-likelihood: -632173.28198
119. Current log-likelihood: -632173.27801
120. Current log-likelihood: -632173.27416
121. Current log-likelihood: -632173.27044
122. Current log-likelihood: -632173.26682
123. Current log-likelihood: -632173.26337
124. Current log-likelihood: -632173.26001
125. Current log-likelihood: -632173.25678
126. Current log-likelihood: -632173.25364
127. Current log-likelihood: -632173.25063
128. Current log-likelihood: -632173.24769
129. Current log-likelihood: -632173.24488
130. Current log-likelihood: -632173.24213
131. Current log-likelihood: -632173.23950
132. Current log-likelihood: -632173.23692
133. Current log-likelihood: -632173.23446
134. Current log-likelihood: -632173.23203
135. Current log-likelihood: -632173.22971
136. Current log-likelihood: -632173.22745
137. Current log-likelihood: -632173.22526
138. Current log-likelihood: -632173.22312
139. Current log-likelihood: -632173.22119
140. Current log-likelihood: -632173.21911
141. Current log-likelihood: -632173.21711
142. Current log-likelihood: -632173.21534
143. Current log-likelihood: -632173.21351
144. Current log-likelihood: -632173.21167
145. Current log-likelihood: -632173.21007
146. Current log-likelihood: -632173.20838
147. Current log-likelihood: -632173.20670
148. Current log-likelihood: -632173.20524
149. Current log-likelihood: -632173.20370
150. Current log-likelihood: -632173.20215
151. Current log-likelihood: -632173.20081
152. Current log-likelihood: -632173.19937
153. Current log-likelihood: -632173.19805
154. Current log-likelihood: -632173.19668
155. Current log-likelihood: -632173.19544
156. Current log-likelihood: -632173.19416
157. Current log-likelihood: -632173.19299
158. Current log-likelihood: -632173.19177
159. Current log-likelihood: -632173.19065
160. Current log-likelihood: -632173.18956
161. Current log-likelihood: -632173.18841
162. Current log-likelihood: -632173.18739
163. Current log-likelihood: -632173.18639
Final estimation on weights:
0.90976,0.04615,0.04408
Wrote distance file to... 
BEST SCORE FOUND : -632173.18639
Total tree lengths: 0.31191 0.03773 0.00691

Total number of iterations: 161
CPU time used for tree search: 0.00004 sec (0h:0m:0s)
Wall-clock time used for tree search: 0.00004 sec (0h:0m:0s)
Total CPU time used: 8993.04233 sec (2h:29m:53s)
Total wall-clock time used: 707.78891 sec (0h:11m:47s)

Analysis results written to: 
  IQ-TREE report:                mast_hdr_occ80_JU3200_quartet_16.submodel1.iqtree
  Maximum-likelihood tree:       mast_hdr_occ80_JU3200_quartet_16.submodel1.treefile
  Screen log file:               mast_hdr_occ80_JU3200_quartet_16.submodel1.log

Date and Time: Thu Jul  9 00:15:59 2026
