IQ-TREE version 3.0.1 for Linux x86 64-bit built Jul  9 2025
Developed by Bui Quang Minh, Thomas Wong, Nhan Ly-Trong, Huaiyan Ren
Contributed by Lam-Tung Nguyen, Dominik Schrempf, Chris Bielow,
Olga Chernomor, Michael Woodhams, Diep Thi Hoang, Heiko Schmidt

Host:    c345 (AVX512, FMA3, 188 GB RAM)
Command: iqtree3 -s /vast/eande106/projects/Nicolas/github/CB_PopGen_HDR_MS/processed_data/tree_topology/mast/mast_all/occ80_JU3237_quartet_01_supermatrix.clean.fas -m TMIX{LG+FO+G,LG+FO+G,LG+FO+G}+T -te /vast/eande106/projects/Nicolas/github/CB_PopGen_HDR_MS/processed_data/tree_topology/mast/quartet_topologies/quartet_01_ECA2852_JU3237_topologies.tre --prefix mast_all_occ80_JU3237_quartet_01.submodel1 -T 48
Seed:    852724 (Using SPRNG - Scalable Parallel Random Number Generator)
Time:    Wed Jul  8 23:20:53 2026
Kernel:  AVX+FMA - 48 threads (48 CPU cores detected)

Reading alignment file /vast/eande106/projects/Nicolas/github/CB_PopGen_HDR_MS/processed_data/tree_topology/mast/mast_all/occ80_JU3237_quartet_01_supermatrix.clean.fas ... Fasta format detected
Reading fasta file: done in 0.208482 secs using 49.03% CPU
Alignment most likely contains protein sequences
Constructing alignment: done in 3.36544 secs using 11.37% CPU
WARNING: 1 sites contain only gaps or ambiguous characters.
Alignment has 4 sequences with 2705179 columns, 12565 distinct patterns
21180 parsimony-informative, 420885 singleton sites, 2263114 constant sites
         Gap/Ambiguity  Composition  p-value
Analyzing sequences: done in 0.00019926 secs using 2.327e+04% CPU
   1  PX506      4.93%    failed      0.00%
   2  JU3237     2.05%    passed     70.60%
   3  ECA2852    3.05%    passed     10.42%
   4  QX1410     2.02%    passed     95.40%
****  TOTAL      3.01%  1 sequences failed composition chi2 test (p-value<5%; df=19)
Number of input trees: 3
Minimum branch length is set to 0.0000010
Checking for duplicate sequences: done in 0.000324251 secs using 29.61% CPU

NOTE: 93 MB RAM (0 GB) is required!
According to the parsimony scores along the sites, the tree weights are initialized to:
0.9682720,0.0120397,0.0196884
Estimate model parameters (epsilon = 0.00100)
1. Initial log-likelihood: -10470270.58715
2. Current log-likelihood: -10469036.17606
3. Current log-likelihood: -10465278.53720
4. Current log-likelihood: -10464789.03534
5. Current log-likelihood: -10464728.79970
6. Current log-likelihood: -10464678.94113
7. Current log-likelihood: -10464632.65689
8. Current log-likelihood: -10464592.45914
9. Current log-likelihood: -10464557.60273
10. Current log-likelihood: -10464527.34741
11. Current log-likelihood: -10464501.20558
12. Current log-likelihood: -10464478.62304
13. Current log-likelihood: -10464459.25349
14. Current log-likelihood: -10464442.69902
15. Current log-likelihood: -10464428.65203
16. Current log-likelihood: -10464416.81080
17. Current log-likelihood: -10464406.84046
18. Current log-likelihood: -10464398.45230
19. Current log-likelihood: -10464391.43375
20. Current log-likelihood: -10464385.58781
21. Current log-likelihood: -10464380.72187
22. Current log-likelihood: -10464376.68046
23. Current log-likelihood: -10464373.34366
24. Current log-likelihood: -10464370.56192
25. Current log-likelihood: -10464368.28023
26. Current log-likelihood: -10464366.40154
27. Current log-likelihood: -10464364.84471
28. Current log-likelihood: -10464363.57696
29. Current log-likelihood: -10464362.53163
30. Current log-likelihood: -10464361.66438
31. Current log-likelihood: -10464360.95454
32. Current log-likelihood: -10464360.35552
33. Current log-likelihood: -10464359.86997
34. Current log-likelihood: -10464359.46948
35. Current log-likelihood: -10464359.14003
36. Current log-likelihood: -10464358.86405
37. Current log-likelihood: -10464358.72237
38. Current log-likelihood: -10464358.47806
39. Current log-likelihood: -10464358.37241
40. Current log-likelihood: -10464358.19269
41. Current log-likelihood: -10464358.11193
42. Current log-likelihood: -10464357.98131
43. Current log-likelihood: -10464357.91701
44. Current log-likelihood: -10464357.81938
45. Current log-likelihood: -10464357.76808
46. Current log-likelihood: -10464357.69316
47. Current log-likelihood: -10464357.64975
48. Current log-likelihood: -10464357.58972
49. Current log-likelihood: -10464357.55192
50. Current log-likelihood: -10464357.50416
51. Current log-likelihood: -10464357.46356
52. Current log-likelihood: -10464357.43111
53. Current log-likelihood: -10464357.39300
54. Current log-likelihood: -10464357.36328
55. Current log-likelihood: -10464357.32929
56. Current log-likelihood: -10464357.30116
57. Current log-likelihood: -10464357.26977
58. Current log-likelihood: -10464357.24285
59. Current log-likelihood: -10464357.21391
60. Current log-likelihood: -10464357.18755
61. Current log-likelihood: -10464357.15932
62. Current log-likelihood: -10464357.13372
63. Current log-likelihood: -10464357.10756
64. Current log-likelihood: -10464357.08215
65. Current log-likelihood: -10464357.05641
66. Current log-likelihood: -10464357.03128
67. Current log-likelihood: -10464357.00587
68. Current log-likelihood: -10464356.98040
69. Current log-likelihood: -10464356.95558
70. Current log-likelihood: -10464356.93076
71. Current log-likelihood: -10464356.90613
72. Current log-likelihood: -10464356.88153
73. Current log-likelihood: -10464356.85700
74. Current log-likelihood: -10464356.83193
75. Current log-likelihood: -10464356.80739
76. Current log-likelihood: -10464356.78294
77. Current log-likelihood: -10464356.75865
78. Current log-likelihood: -10464356.73427
79. Current log-likelihood: -10464356.71003
80. Current log-likelihood: -10464356.68570
81. Current log-likelihood: -10464356.66154
82. Current log-likelihood: -10464356.63738
83. Current log-likelihood: -10464356.61331
84. Current log-likelihood: -10464356.58857
85. Current log-likelihood: -10464356.56442
86. Current log-likelihood: -10464356.54042
87. Current log-likelihood: -10464356.51646
88. Current log-likelihood: -10464356.49253
89. Current log-likelihood: -10464356.46842
90. Current log-likelihood: -10464356.44449
91. Current log-likelihood: -10464356.42055
92. Current log-likelihood: -10464356.39663
93. Current log-likelihood: -10464356.37204
94. Current log-likelihood: -10464356.34801
95. Current log-likelihood: -10464356.32416
96. Current log-likelihood: -10464356.30025
97. Current log-likelihood: -10464356.27644
98. Current log-likelihood: -10464356.25258
99. Current log-likelihood: -10464356.22792
100. Current log-likelihood: -10464356.20418
101. Current log-likelihood: -10464356.18031
102. Current log-likelihood: -10464356.13304
103. Current log-likelihood: -10464356.08564
104. Current log-likelihood: -10464356.03832
105. Current log-likelihood: -10464355.99103
106. Current log-likelihood: -10464355.94381
107. Current log-likelihood: -10464355.89675
108. Current log-likelihood: -10464355.84831
109. Current log-likelihood: -10464355.80135
110. Current log-likelihood: -10464355.75417
111. Current log-likelihood: -10464355.70730
112. Current log-likelihood: -10464355.66022
113. Current log-likelihood: -10464355.61338
114. Current log-likelihood: -10464355.56632
115. Current log-likelihood: -10464355.51960
116. Current log-likelihood: -10464355.47280
117. Current log-likelihood: -10464355.42598
118. Current log-likelihood: -10464355.37925
119. Current log-likelihood: -10464355.33105
120. Current log-likelihood: -10464355.28454
121. Current log-likelihood: -10464355.23775
122. Current log-likelihood: -10464355.19130
123. Current log-likelihood: -10464355.14461
124. Current log-likelihood: -10464355.09816
125. Current log-likelihood: -10464355.05155
126. Current log-likelihood: -10464355.00518
127. Current log-likelihood: -10464354.95882
128. Current log-likelihood: -10464354.91239
129. Current log-likelihood: -10464354.86605
130. Current log-likelihood: -10464354.81975
131. Current log-likelihood: -10464354.77358
132. Current log-likelihood: -10464354.72726
133. Current log-likelihood: -10464354.68114
134. Current log-likelihood: -10464354.63485
135. Current log-likelihood: -10464354.58885
136. Current log-likelihood: -10464354.54264
137. Current log-likelihood: -10464354.49671
138. Current log-likelihood: -10464354.45056
139. Current log-likelihood: -10464354.40466
140. Current log-likelihood: -10464354.35874
141. Current log-likelihood: -10464354.31280
142. Current log-likelihood: -10464354.26694
143. Current log-likelihood: -10464354.22101
144. Current log-likelihood: -10464354.17517
145. Current log-likelihood: -10464354.12942
146. Current log-likelihood: -10464354.08364
147. Current log-likelihood: -10464354.03807
148. Current log-likelihood: -10464353.99225
149. Current log-likelihood: -10464353.94670
150. Current log-likelihood: -10464353.89936
151. Current log-likelihood: -10464353.85390
152. Current log-likelihood: -10464353.80823
153. Current log-likelihood: -10464353.76287
154. Current log-likelihood: -10464353.71726
155. Current log-likelihood: -10464353.67181
156. Current log-likelihood: -10464353.62645
157. Current log-likelihood: -10464353.58106
158. Current log-likelihood: -10464353.53575
159. Current log-likelihood: -10464353.49044
160. Current log-likelihood: -10464353.44517
161. Current log-likelihood: -10464353.40008
162. Current log-likelihood: -10464353.35477
163. Current log-likelihood: -10464353.30975
164. Current log-likelihood: -10464353.26451
165. Current log-likelihood: -10464353.21952
166. Current log-likelihood: -10464353.17451
167. Current log-likelihood: -10464353.12948
168. Current log-likelihood: -10464353.08450
169. Current log-likelihood: -10464353.03959
170. Current log-likelihood: -10464352.99467
171. Current log-likelihood: -10464352.94992
172. Current log-likelihood: -10464352.90494
173. Current log-likelihood: -10464352.86023
174. Current log-likelihood: -10464352.81536
175. Current log-likelihood: -10464352.77076
176. Current log-likelihood: -10464352.72606
177. Current log-likelihood: -10464352.68139
178. Current log-likelihood: -10464352.63680
179. Current log-likelihood: -10464352.59221
180. Current log-likelihood: -10464352.54765
181. Current log-likelihood: -10464352.50329
182. Current log-likelihood: -10464352.45868
183. Current log-likelihood: -10464352.41428
184. Current log-likelihood: -10464352.36979
185. Current log-likelihood: -10464352.32550
186. Current log-likelihood: -10464352.28117
187. Current log-likelihood: -10464352.23689
188. Current log-likelihood: -10464352.19261
189. Current log-likelihood: -10464352.14839
190. Current log-likelihood: -10464352.10422
191. Current log-likelihood: -10464352.06017
192. Current log-likelihood: -10464352.01593
193. Current log-likelihood: -10464351.97199
194. Current log-likelihood: -10464351.92783
195. Current log-likelihood: -10464351.88392
196. Current log-likelihood: -10464351.83999
197. Current log-likelihood: -10464351.79604
198. Current log-likelihood: -10464351.75078
199. Current log-likelihood: -10464351.70691
200. Current log-likelihood: -10464351.66306
201. Current log-likelihood: -10464351.61931
202. Current log-likelihood: -10464351.55400
203. Current log-likelihood: -10464351.48893
204. Current log-likelihood: -10464351.42392
205. Current log-likelihood: -10464351.35751
206. Current log-likelihood: -10464351.29265
207. Current log-likelihood: -10464351.22795
208. Current log-likelihood: -10464351.16314
209. Current log-likelihood: -10464351.09661
210. Current log-likelihood: -10464351.03217
211. Current log-likelihood: -10464350.96751
212. Current log-likelihood: -10464350.90324
213. Current log-likelihood: -10464350.83744
214. Current log-likelihood: -10464350.77324
215. Current log-likelihood: -10464350.70921
216. Current log-likelihood: -10464350.64506
217. Current log-likelihood: -10464350.58108
218. Current log-likelihood: -10464350.51730
219. Current log-likelihood: -10464350.45198
220. Current log-likelihood: -10464350.38850
221. Current log-likelihood: -10464350.32350
222. Current log-likelihood: -10464350.26002
223. Current log-likelihood: -10464350.19626
224. Current log-likelihood: -10464350.13310
225. Current log-likelihood: -10464350.06837
226. Current log-likelihood: -10464350.00515
227. Current log-likelihood: -10464349.94199
228. Current log-likelihood: -10464349.87897
229. Current log-likelihood: -10464349.81598
230. Current log-likelihood: -10464349.75318
231. Current log-likelihood: -10464349.68891
232. Current log-likelihood: -10464349.62632
233. Current log-likelihood: -10464349.56357
234. Current log-likelihood: -10464349.50107
235. Current log-likelihood: -10464349.43714
236. Current log-likelihood: -10464349.37477
237. Current log-likelihood: -10464349.31247
238. Current log-likelihood: -10464349.25028
239. Current log-likelihood: -10464349.18813
240. Current log-likelihood: -10464349.12616
241. Current log-likelihood: -10464349.06275
242. Current log-likelihood: -10464349.00099
243. Current log-likelihood: -10464348.93909
244. Current log-likelihood: -10464348.87749
245. Current log-likelihood: -10464348.81438
246. Current log-likelihood: -10464348.75286
247. Current log-likelihood: -10464348.69139
248. Current log-likelihood: -10464348.63005
249. Current log-likelihood: -10464348.56874
250. Current log-likelihood: -10464348.50761
251. Current log-likelihood: -10464348.44509
252. Current log-likelihood: -10464348.38417
253. Current log-likelihood: -10464348.32300
254. Current log-likelihood: -10464348.26237
255. Current log-likelihood: -10464348.20153
256. Current log-likelihood: -10464348.14080
257. Current log-likelihood: -10464348.07820
258. Current log-likelihood: -10464348.01771
259. Current log-likelihood: -10464347.95727
260. Current log-likelihood: -10464347.89695
261. Current log-likelihood: -10464347.83666
262. Current log-likelihood: -10464347.77645
263. Current log-likelihood: -10464347.71636
264. Current log-likelihood: -10464347.65632
265. Current log-likelihood: -10464347.59641
266. Current log-likelihood: -10464347.53523
267. Current log-likelihood: -10464347.47539
268. Current log-likelihood: -10464347.41566
269. Current log-likelihood: -10464347.35618
270. Current log-likelihood: -10464347.29674
271. Current log-likelihood: -10464347.23597
272. Current log-likelihood: -10464347.17673
273. Current log-likelihood: -10464347.11728
274. Current log-likelihood: -10464347.05823
275. Current log-likelihood: -10464346.99901
276. Current log-likelihood: -10464346.94015
277. Current log-likelihood: -10464346.88111
278. Current log-likelihood: -10464346.82037
279. Current log-likelihood: -10464346.76166
280. Current log-likelihood: -10464346.70311
281. Current log-likelihood: -10464346.64330
282. Current log-likelihood: -10464346.58489
283. Current log-likelihood: -10464346.52627
284. Current log-likelihood: -10464346.46805
285. Current log-likelihood: -10464346.40966
286. Current log-likelihood: -10464346.35163
287. Current log-likelihood: -10464346.29343
288. Current log-likelihood: -10464346.23558
289. Current log-likelihood: -10464346.17755
290. Current log-likelihood: -10464346.11981
291. Current log-likelihood: -10464346.06208
292. Current log-likelihood: -10464346.00444
293. Current log-likelihood: -10464345.94687
294. Current log-likelihood: -10464345.88941
295. Current log-likelihood: -10464345.83200
296. Current log-likelihood: -10464345.77473
297. Current log-likelihood: -10464345.71749
298. Current log-likelihood: -10464345.66039
299. Current log-likelihood: -10464345.60333
300. Current log-likelihood: -10464345.54653
301. Current log-likelihood: -10464345.48827
302. Current log-likelihood: -10464345.41308
303. Current log-likelihood: -10464345.33660
304. Current log-likelihood: -10464345.26175
305. Current log-likelihood: -10464345.18532
306. Current log-likelihood: -10464345.11070
307. Current log-likelihood: -10464345.03489
308. Current log-likelihood: -10464344.96053
309. Current log-likelihood: -10464344.88496
310. Current log-likelihood: -10464344.81090
311. Current log-likelihood: -10464344.73558
312. Current log-likelihood: -10464344.66181
313. Current log-likelihood: -10464344.58793
314. Current log-likelihood: -10464344.51464
315. Current log-likelihood: -10464344.43973
316. Current log-likelihood: -10464344.36666
317. Current log-likelihood: -10464344.29235
318. Current log-likelihood: -10464344.21952
319. Current log-likelihood: -10464344.14558
320. Current log-likelihood: -10464344.07303
321. Current log-likelihood: -10464344.00039
322. Current log-likelihood: -10464343.92831
323. Current log-likelihood: -10464343.85364
324. Current log-likelihood: -10464343.78156
325. Current log-likelihood: -10464343.70964
326. Current log-likelihood: -10464343.63800
327. Current log-likelihood: -10464343.56505
328. Current log-likelihood: -10464343.49364
329. Current log-likelihood: -10464343.42234
330. Current log-likelihood: -10464343.35131
331. Current log-likelihood: -10464343.27878
332. Current log-likelihood: -10464343.20798
333. Current log-likelihood: -10464343.13729
334. Current log-likelihood: -10464343.06685
335. Current log-likelihood: -10464342.99511
336. Current log-likelihood: -10464342.92491
337. Current log-likelihood: -10464342.85482
338. Current log-likelihood: -10464342.78499
339. Current log-likelihood: -10464342.71376
340. Current log-likelihood: -10464342.64418
341. Current log-likelihood: -10464342.57469
342. Current log-likelihood: -10464342.50547
343. Current log-likelihood: -10464342.43491
344. Current log-likelihood: -10464342.36590
345. Current log-likelihood: -10464342.29700
346. Current log-likelihood: -10464342.22836
347. Current log-likelihood: -10464342.15848
348. Current log-likelihood: -10464342.09009
349. Current log-likelihood: -10464342.02179
350. Current log-likelihood: -10464341.95376
351. Current log-likelihood: -10464341.88453
352. Current log-likelihood: -10464341.81671
353. Current log-likelihood: -10464341.74900
354. Current log-likelihood: -10464341.68155
355. Current log-likelihood: -10464341.61278
356. Current log-likelihood: -10464341.54558
357. Current log-likelihood: -10464341.47847
358. Current log-likelihood: -10464341.41162
359. Current log-likelihood: -10464341.34369
360. Current log-likelihood: -10464341.27707
361. Current log-likelihood: -10464341.21056
362. Current log-likelihood: -10464341.14431
363. Current log-likelihood: -10464341.07672
364. Current log-likelihood: -10464341.01069
365. Current log-likelihood: -10464340.94477
366. Current log-likelihood: -10464340.87910
367. Current log-likelihood: -10464340.81349
368. Current log-likelihood: -10464340.74806
369. Current log-likelihood: -10464340.68280
370. Current log-likelihood: -10464340.61589
371. Current log-likelihood: -10464340.55101
372. Current log-likelihood: -10464340.48620
373. Current log-likelihood: -10464340.42154
374. Current log-likelihood: -10464340.35568
375. Current log-likelihood: -10464340.29127
376. Current log-likelihood: -10464340.22697
377. Current log-likelihood: -10464340.16291
378. Current log-likelihood: -10464340.09891
379. Current log-likelihood: -10464340.03510
380. Current log-likelihood: -10464339.97144
381. Current log-likelihood: -10464339.90815
382. Current log-likelihood: -10464339.84334
383. Current log-likelihood: -10464339.78027
384. Current log-likelihood: -10464339.71609
385. Current log-likelihood: -10464339.65321
386. Current log-likelihood: -10464339.59025
387. Current log-likelihood: -10464339.52775
388. Current log-likelihood: -10464339.46522
389. Current log-likelihood: -10464339.40282
390. Current log-likelihood: -10464339.34063
391. Current log-likelihood: -10464339.27860
392. Current log-likelihood: -10464339.21548
393. Current log-likelihood: -10464339.15385
394. Current log-likelihood: -10464339.09202
395. Current log-likelihood: -10464339.03070
396. Current log-likelihood: -10464338.96814
397. Current log-likelihood: -10464338.90706
398. Current log-likelihood: -10464338.84589
399. Current log-likelihood: -10464338.78497
400. Current log-likelihood: -10464338.72415
401. Current log-likelihood: -10464338.66350
402. Current log-likelihood: -10464338.58822
403. Current log-likelihood: -10464338.51174
404. Current log-likelihood: -10464338.43700
405. Current log-likelihood: -10464338.36081
406. Current log-likelihood: -10464338.28651
407. Current log-likelihood: -10464338.21105
408. Current log-likelihood: -10464338.13720
409. Current log-likelihood: -10464338.06209
410. Current log-likelihood: -10464337.98866
411. Current log-likelihood: -10464337.91331
412. Current log-likelihood: -10464337.84019
413. Current log-likelihood: -10464337.76334
414. Current log-likelihood: -10464337.69054
415. Current log-likelihood: -10464337.61661
416. Current log-likelihood: -10464337.54405
417. Current log-likelihood: -10464337.47202
418. Current log-likelihood: -10464337.39875
419. Current log-likelihood: -10464337.32714
420. Current log-likelihood: -10464337.25425
421. Current log-likelihood: -10464337.18307
422. Current log-likelihood: -10464337.11175
423. Current log-likelihood: -10464337.04102
424. Current log-likelihood: -10464336.96908
425. Current log-likelihood: -10464336.89877
426. Current log-likelihood: -10464336.82852
427. Current log-likelihood: -10464336.75723
428. Current log-likelihood: -10464336.68753
429. Current log-likelihood: -10464336.61778
430. Current log-likelihood: -10464336.54862
431. Current log-likelihood: -10464336.47751
432. Current log-likelihood: -10464336.40865
433. Current log-likelihood: -10464336.33976
434. Current log-likelihood: -10464336.27142
435. Current log-likelihood: -10464336.20156
436. Current log-likelihood: -10464336.13364
437. Current log-likelihood: -10464336.06576
438. Current log-likelihood: -10464335.99681
439. Current log-likelihood: -10464335.92941
440. Current log-likelihood: -10464335.86197
441. Current log-likelihood: -10464335.79508
442. Current log-likelihood: -10464335.72691
443. Current log-likelihood: -10464335.66040
444. Current log-likelihood: -10464335.59390
445. Current log-likelihood: -10464335.52762
446. Current log-likelihood: -10464335.46159
447. Current log-likelihood: -10464335.39437
448. Current log-likelihood: -10464335.32884
449. Current log-likelihood: -10464335.26338
450. Current log-likelihood: -10464335.19818
451. Current log-likelihood: -10464335.13203
452. Current log-likelihood: -10464335.06715
453. Current log-likelihood: -10464335.00254
454. Current log-likelihood: -10464334.93834
455. Current log-likelihood: -10464334.87275
456. Current log-likelihood: -10464334.80889
457. Current log-likelihood: -10464334.74399
458. Current log-likelihood: -10464334.68048
459. Current log-likelihood: -10464334.61703
460. Current log-likelihood: -10464334.55382
461. Current log-likelihood: -10464334.49075
462. Current log-likelihood: -10464334.42803
463. Current log-likelihood: -10464334.36540
464. Current log-likelihood: -10464334.30150
465. Current log-likelihood: -10464334.23922
466. Current log-likelihood: -10464334.17722
467. Current log-likelihood: -10464334.11560
468. Current log-likelihood: -10464334.05276
469. Current log-likelihood: -10464333.99147
470. Current log-likelihood: -10464333.93004
471. Current log-likelihood: -10464333.86922
472. Current log-likelihood: -10464333.80834
473. Current log-likelihood: -10464333.74642
474. Current log-likelihood: -10464333.68604
475. Current log-likelihood: -10464333.62581
476. Current log-likelihood: -10464333.56573
477. Current log-likelihood: -10464333.50595
478. Current log-likelihood: -10464333.44640
479. Current log-likelihood: -10464333.38570
480. Current log-likelihood: -10464333.32653
481. Current log-likelihood: -10464333.26733
482. Current log-likelihood: -10464333.20839
483. Current log-likelihood: -10464333.14961
484. Current log-likelihood: -10464333.09132
485. Current log-likelihood: -10464333.03177
486. Current log-likelihood: -10464332.97371
487. Current log-likelihood: -10464332.91571
488. Current log-likelihood: -10464332.85790
489. Current log-likelihood: -10464332.80038
490. Current log-likelihood: -10464332.74308
491. Current log-likelihood: -10464332.68468
492. Current log-likelihood: -10464332.62776
493. Current log-likelihood: -10464332.57088
494. Current log-likelihood: -10464332.51424
495. Current log-likelihood: -10464332.45770
496. Current log-likelihood: -10464332.40150
497. Current log-likelihood: -10464332.34423
498. Current log-likelihood: -10464332.28839
499. Current log-likelihood: -10464332.23273
500. Current log-likelihood: -10464332.17713
501. Current log-likelihood: -10464332.12169
502. Current log-likelihood: -10464332.05594
503. Current log-likelihood: -10464331.98881
504. Current log-likelihood: -10464331.92350
505. Current log-likelihood: -10464331.85829
506. Current log-likelihood: -10464331.79189
507. Current log-likelihood: -10464331.72723
508. Current log-likelihood: -10464331.66258
509. Current log-likelihood: -10464331.59853
510. Current log-likelihood: -10464331.53336
511. Current log-likelihood: -10464331.46953
512. Current log-likelihood: -10464331.40619
513. Current log-likelihood: -10464331.34316
514. Current log-likelihood: -10464331.27872
515. Current log-likelihood: -10464331.21608
516. Current log-likelihood: -10464331.15358
517. Current log-likelihood: -10464331.09134
518. Current log-likelihood: -10464331.02943
519. Current log-likelihood: -10464330.96784
520. Current log-likelihood: -10464330.90498
521. Current log-likelihood: -10464330.84382
522. Current log-likelihood: -10464330.78285
523. Current log-likelihood: -10464330.72214
524. Current log-likelihood: -10464330.66163
525. Current log-likelihood: -10464330.60149
526. Current log-likelihood: -10464330.54010
527. Current log-likelihood: -10464330.48044
528. Current log-likelihood: -10464330.42098
529. Current log-likelihood: -10464330.36165
530. Current log-likelihood: -10464330.30138
531. Current log-likelihood: -10464330.24265
532. Current log-likelihood: -10464330.18380
533. Current log-likelihood: -10464330.12571
534. Current log-likelihood: -10464330.06752
535. Current log-likelihood: -10464330.00835
536. Current log-likelihood: -10464329.95074
537. Current log-likelihood: -10464329.89344
538. Current log-likelihood: -10464329.83619
539. Current log-likelihood: -10464329.77809
540. Current log-likelihood: -10464329.72144
541. Current log-likelihood: -10464329.66482
542. Current log-likelihood: -10464329.60864
543. Current log-likelihood: -10464329.55252
544. Current log-likelihood: -10464329.49673
545. Current log-likelihood: -10464329.43935
546. Current log-likelihood: -10464329.38405
547. Current log-likelihood: -10464329.32874
548. Current log-likelihood: -10464329.27403
549. Current log-likelihood: -10464329.21924
550. Current log-likelihood: -10464329.16483
551. Current log-likelihood: -10464329.11045
552. Current log-likelihood: -10464329.05646
553. Current log-likelihood: -10464329.00271
554. Current log-likelihood: -10464328.94910
555. Current log-likelihood: -10464328.89566
556. Current log-likelihood: -10464328.84248
557. Current log-likelihood: -10464328.78818
558. Current log-likelihood: -10464328.73562
559. Current log-likelihood: -10464328.68312
560. Current log-likelihood: -10464328.63104
561. Current log-likelihood: -10464328.57713
562. Current log-likelihood: -10464328.52529
563. Current log-likelihood: -10464328.47346
564. Current log-likelihood: -10464328.42209
565. Current log-likelihood: -10464328.37070
566. Current log-likelihood: -10464328.31969
567. Current log-likelihood: -10464328.26873
568. Current log-likelihood: -10464328.21825
569. Current log-likelihood: -10464328.16783
570. Current log-likelihood: -10464328.11764
571. Current log-likelihood: -10464328.06634
572. Current log-likelihood: -10464328.01668
573. Current log-likelihood: -10464327.96709
574. Current log-likelihood: -10464327.91776
575. Current log-likelihood: -10464327.86839
576. Current log-likelihood: -10464327.81944
577. Current log-likelihood: -10464327.77076
578. Current log-likelihood: -10464327.72223
579. Current log-likelihood: -10464327.67252
580. Current log-likelihood: -10464327.62449
581. Current log-likelihood: -10464327.57648
582. Current log-likelihood: -10464327.52868
583. Current log-likelihood: -10464327.48098
584. Current log-likelihood: -10464327.43369
585. Current log-likelihood: -10464327.38647
586. Current log-likelihood: -10464327.33950
587. Current log-likelihood: -10464327.29249
588. Current log-likelihood: -10464327.24597
589. Current log-likelihood: -10464327.19953
590. Current log-likelihood: -10464327.15202
591. Current log-likelihood: -10464327.10586
592. Current log-likelihood: -10464327.06011
593. Current log-likelihood: -10464327.01445
594. Current log-likelihood: -10464326.96880
595. Current log-likelihood: -10464326.92354
596. Current log-likelihood: -10464326.87829
597. Current log-likelihood: -10464326.83350
598. Current log-likelihood: -10464326.78873
599. Current log-likelihood: -10464326.74421
600. Current log-likelihood: -10464326.69968
601. Current log-likelihood: -10464326.65571
602. Current log-likelihood: -10464326.60443
603. Current log-likelihood: -10464326.55350
604. Current log-likelihood: -10464326.50276
605. Current log-likelihood: -10464326.45231
606. Current log-likelihood: -10464326.40215
607. Current log-likelihood: -10464326.35070
608. Current log-likelihood: -10464326.30107
609. Current log-likelihood: -10464326.25163
610. Current log-likelihood: -10464326.20238
611. Current log-likelihood: -10464326.15328
612. Current log-likelihood: -10464326.10460
613. Current log-likelihood: -10464326.05605
614. Current log-likelihood: -10464326.00774
615. Current log-likelihood: -10464325.95822
616. Current log-likelihood: -10464325.91059
617. Current log-likelihood: -10464325.86287
618. Current log-likelihood: -10464325.81566
619. Current log-likelihood: -10464325.76837
620. Current log-likelihood: -10464325.72157
621. Current log-likelihood: -10464325.67364
622. Current log-likelihood: -10464325.62718
623. Current log-likelihood: -10464325.58085
624. Current log-likelihood: -10464325.53482
625. Current log-likelihood: -10464325.48883
626. Current log-likelihood: -10464325.44347
627. Current log-likelihood: -10464325.39673
628. Current log-likelihood: -10464325.35178
629. Current log-likelihood: -10464325.30681
630. Current log-likelihood: -10464325.26224
631. Current log-likelihood: -10464325.21649
632. Current log-likelihood: -10464325.17240
633. Current log-likelihood: -10464325.12820
634. Current log-likelihood: -10464325.08449
635. Current log-likelihood: -10464325.04072
636. Current log-likelihood: -10464324.99738
637. Current log-likelihood: -10464324.95410
638. Current log-likelihood: -10464324.91120
639. Current log-likelihood: -10464324.86718
640. Current log-likelihood: -10464324.82466
641. Current log-likelihood: -10464324.78212
642. Current log-likelihood: -10464324.74005
643. Current log-likelihood: -10464324.69801
644. Current log-likelihood: -10464324.65624
645. Current log-likelihood: -10464324.61458
646. Current log-likelihood: -10464324.57329
647. Current log-likelihood: -10464324.53196
648. Current log-likelihood: -10464324.49117
649. Current log-likelihood: -10464324.44909
650. Current log-likelihood: -10464324.40866
651. Current log-likelihood: -10464324.36814
652. Current log-likelihood: -10464324.32805
653. Current log-likelihood: -10464324.28809
654. Current log-likelihood: -10464324.24816
655. Current log-likelihood: -10464324.20847
656. Current log-likelihood: -10464324.16912
657. Current log-likelihood: -10464324.13004
658. Current log-likelihood: -10464324.09093
659. Current log-likelihood: -10464324.05194
660. Current log-likelihood: -10464324.01318
661. Current log-likelihood: -10464323.97465
662. Current log-likelihood: -10464323.93637
663. Current log-likelihood: -10464323.89830
664. Current log-likelihood: -10464323.85909
665. Current log-likelihood: -10464323.82137
666. Current log-likelihood: -10464323.78380
667. Current log-likelihood: -10464323.74648
668. Current log-likelihood: -10464323.70942
669. Current log-likelihood: -10464323.67212
670. Current log-likelihood: -10464323.63538
671. Current log-likelihood: -10464323.59852
672. Current log-likelihood: -10464323.56210
673. Current log-likelihood: -10464323.52567
674. Current log-likelihood: -10464323.48945
675. Current log-likelihood: -10464323.45341
676. Current log-likelihood: -10464323.41765
677. Current log-likelihood: -10464323.38195
678. Current log-likelihood: -10464323.34647
679. Current log-likelihood: -10464323.31119
680. Current log-likelihood: -10464323.27598
681. Current log-likelihood: -10464323.24081
682. Current log-likelihood: -10464323.20619
683. Current log-likelihood: -10464323.17137
684. Current log-likelihood: -10464323.13701
685. Current log-likelihood: -10464323.10273
686. Current log-likelihood: -10464323.06836
687. Current log-likelihood: -10464323.03438
688. Current log-likelihood: -10464323.00065
689. Current log-likelihood: -10464322.96680
690. Current log-likelihood: -10464322.93347
691. Current log-likelihood: -10464322.89994
692. Current log-likelihood: -10464322.86673
693. Current log-likelihood: -10464322.83362
694. Current log-likelihood: -10464322.80069
695. Current log-likelihood: -10464322.76799
696. Current log-likelihood: -10464322.73551
697. Current log-likelihood: -10464322.70299
698. Current log-likelihood: -10464322.67062
699. Current log-likelihood: -10464322.63833
700. Current log-likelihood: -10464322.60642
701. Current log-likelihood: -10464322.57460
702. Current log-likelihood: -10464322.53853
703. Current log-likelihood: -10464322.50269
704. Current log-likelihood: -10464322.46694
705. Current log-likelihood: -10464322.43010
706. Current log-likelihood: -10464322.39489
707. Current log-likelihood: -10464322.35974
708. Current log-likelihood: -10464322.32491
709. Current log-likelihood: -10464322.29015
710. Current log-likelihood: -10464322.25429
711. Current log-likelihood: -10464322.21991
712. Current log-likelihood: -10464322.18570
713. Current log-likelihood: -10464322.15163
714. Current log-likelihood: -10464322.11776
715. Current log-likelihood: -10464322.08413
716. Current log-likelihood: -10464322.05055
717. Current log-likelihood: -10464322.01712
718. Current log-likelihood: -10464321.98405
719. Current log-likelihood: -10464321.95104
720. Current log-likelihood: -10464321.91827
721. Current log-likelihood: -10464321.88560
722. Current log-likelihood: -10464321.85312
723. Current log-likelihood: -10464321.82071
724. Current log-likelihood: -10464321.78865
725. Current log-likelihood: -10464321.75673
726. Current log-likelihood: -10464321.72488
727. Current log-likelihood: -10464321.69327
728. Current log-likelihood: -10464321.66183
729. Current log-likelihood: -10464321.62911
730. Current log-likelihood: -10464321.59797
731. Current log-likelihood: -10464321.56704
732. Current log-likelihood: -10464321.53625
733. Current log-likelihood: -10464321.50567
734. Current log-likelihood: -10464321.47511
735. Current log-likelihood: -10464321.44459
736. Current log-likelihood: -10464321.41446
737. Current log-likelihood: -10464321.38258
738. Current log-likelihood: -10464321.35271
739. Current log-likelihood: -10464321.32307
740. Current log-likelihood: -10464321.29320
741. Current log-likelihood: -10464321.26389
742. Current log-likelihood: -10464321.23457
743. Current log-likelihood: -10464321.20541
744. Current log-likelihood: -10464321.17636
745. Current log-likelihood: -10464321.14762
746. Current log-likelihood: -10464321.11897
747. Current log-likelihood: -10464321.09029
748. Current log-likelihood: -10464321.06054
749. Current log-likelihood: -10464321.03232
750. Current log-likelihood: -10464321.00405
751. Current log-likelihood: -10464320.97619
752. Current log-likelihood: -10464320.94830
753. Current log-likelihood: -10464320.92055
754. Current log-likelihood: -10464320.89291
755. Current log-likelihood: -10464320.86536
756. Current log-likelihood: -10464320.83805
757. Current log-likelihood: -10464320.81073
758. Current log-likelihood: -10464320.78368
759. Current log-likelihood: -10464320.75684
760. Current log-likelihood: -10464320.72859
761. Current log-likelihood: -10464320.70206
762. Current log-likelihood: -10464320.67546
763. Current log-likelihood: -10464320.64883
764. Current log-likelihood: -10464320.62255
765. Current log-likelihood: -10464320.59639
766. Current log-likelihood: -10464320.57036
767. Current log-likelihood: -10464320.54438
768. Current log-likelihood: -10464320.51857
769. Current log-likelihood: -10464320.49289
770. Current log-likelihood: -10464320.46728
771. Current log-likelihood: -10464320.44038
772. Current log-likelihood: -10464320.41515
773. Current log-likelihood: -10464320.38996
774. Current log-likelihood: -10464320.36473
775. Current log-likelihood: -10464320.33979
776. Current log-likelihood: -10464320.31496
777. Current log-likelihood: -10464320.29021
778. Current log-likelihood: -10464320.26544
779. Current log-likelihood: -10464320.24074
780. Current log-likelihood: -10464320.21622
781. Current log-likelihood: -10464320.19197
782. Current log-likelihood: -10464320.16632
783. Current log-likelihood: -10464320.14230
784. Current log-likelihood: -10464320.11840
785. Current log-likelihood: -10464320.09453
786. Current log-likelihood: -10464320.07060
787. Current log-likelihood: -10464320.04691
788. Current log-likelihood: -10464320.02320
789. Current log-likelihood: -10464319.99968
790. Current log-likelihood: -10464319.97487
791. Current log-likelihood: -10464319.95167
792. Current log-likelihood: -10464319.92841
793. Current log-likelihood: -10464319.90539
794. Current log-likelihood: -10464319.88234
795. Current log-likelihood: -10464319.85930
796. Current log-likelihood: -10464319.83653
797. Current log-likelihood: -10464319.81370
798. Current log-likelihood: -10464319.79100
799. Current log-likelihood: -10464319.76705
800. Current log-likelihood: -10464319.74459
801. Current log-likelihood: -10464319.72231
802. Current log-likelihood: -10464319.69741
803. Current log-likelihood: -10464319.67114
804. Current log-likelihood: -10464319.64651
805. Current log-likelihood: -10464319.62185
806. Current log-likelihood: -10464319.59743
807. Current log-likelihood: -10464319.57135
808. Current log-likelihood: -10464319.54695
809. Current log-likelihood: -10464319.52284
810. Current log-likelihood: -10464319.49875
811. Current log-likelihood: -10464319.47313
812. Current log-likelihood: -10464319.44921
813. Current log-likelihood: -10464319.42549
814. Current log-likelihood: -10464319.40179
815. Current log-likelihood: -10464319.37654
816. Current log-likelihood: -10464319.35287
817. Current log-likelihood: -10464319.32943
818. Current log-likelihood: -10464319.30608
819. Current log-likelihood: -10464319.28282
820. Current log-likelihood: -10464319.25784
821. Current log-likelihood: -10464319.23478
822. Current log-likelihood: -10464319.21186
823. Current log-likelihood: -10464319.18888
824. Current log-likelihood: -10464319.16427
825. Current log-likelihood: -10464319.14149
826. Current log-likelihood: -10464319.11861
827. Current log-likelihood: -10464319.09595
828. Current log-likelihood: -10464319.07166
829. Current log-likelihood: -10464319.04920
830. Current log-likelihood: -10464319.02676
831. Current log-likelihood: -10464319.00439
832. Current log-likelihood: -10464318.98039
833. Current log-likelihood: -10464318.95813
834. Current log-likelihood: -10464318.93594
835. Current log-likelihood: -10464318.91389
836. Current log-likelihood: -10464318.88998
837. Current log-likelihood: -10464318.86780
838. Current log-likelihood: -10464318.84591
839. Current log-likelihood: -10464318.82404
840. Current log-likelihood: -10464318.80041
841. Current log-likelihood: -10464318.77866
842. Current log-likelihood: -10464318.75681
843. Current log-likelihood: -10464318.73344
844. Current log-likelihood: -10464318.71181
845. Current log-likelihood: -10464318.69024
846. Current log-likelihood: -10464318.66705
847. Current log-likelihood: -10464318.64533
848. Current log-likelihood: -10464318.62368
849. Current log-likelihood: -10464318.60051
850. Current log-likelihood: -10464318.57908
851. Current log-likelihood: -10464318.55765
852. Current log-likelihood: -10464318.53440
853. Current log-likelihood: -10464318.51306
854. Current log-likelihood: -10464318.49178
855. Current log-likelihood: -10464318.46859
856. Current log-likelihood: -10464318.44724
857. Current log-likelihood: -10464318.42588
858. Current log-likelihood: -10464318.40271
859. Current log-likelihood: -10464318.38146
860. Current log-likelihood: -10464318.35849
861. Current log-likelihood: -10464318.33717
862. Current log-likelihood: -10464318.31585
863. Current log-likelihood: -10464318.29261
864. Current log-likelihood: -10464318.27129
865. Current log-likelihood: -10464318.25006
866. Current log-likelihood: -10464318.22679
867. Current log-likelihood: -10464318.20544
868. Current log-likelihood: -10464318.18233
869. Current log-likelihood: -10464318.16093
870. Current log-likelihood: -10464318.13780
871. Current log-likelihood: -10464318.11640
872. Current log-likelihood: -10464318.09308
873. Current log-likelihood: -10464318.07154
874. Current log-likelihood: -10464318.04805
875. Current log-likelihood: -10464318.02648
876. Current log-likelihood: -10464318.00301
877. Current log-likelihood: -10464317.98128
878. Current log-likelihood: -10464317.95771
879. Current log-likelihood: -10464317.93595
880. Current log-likelihood: -10464317.91190
881. Current log-likelihood: -10464317.88997
882. Current log-likelihood: -10464317.86601
883. Current log-likelihood: -10464317.84388
884. Current log-likelihood: -10464317.81961
885. Current log-likelihood: -10464317.79717
886. Current log-likelihood: -10464317.77249
887. Current log-likelihood: -10464317.75002
888. Current log-likelihood: -10464317.72514
889. Current log-likelihood: -10464317.70243
890. Current log-likelihood: -10464317.67725
891. Current log-likelihood: -10464317.65428
892. Current log-likelihood: -10464317.62859
893. Current log-likelihood: -10464317.60526
894. Current log-likelihood: -10464317.57935
895. Current log-likelihood: -10464317.55577
896. Current log-likelihood: -10464317.52927
897. Current log-likelihood: -10464317.50532
898. Current log-likelihood: -10464317.47810
899. Current log-likelihood: -10464317.45372
900. Current log-likelihood: -10464317.42609
901. Current log-likelihood: -10464317.39903
902. Current log-likelihood: -10464317.37137
903. Current log-likelihood: -10464317.33995
904. Current log-likelihood: -10464317.30874
905. Current log-likelihood: -10464317.27727
906. Current log-likelihood: -10464317.24531
907. Current log-likelihood: -10464317.21294
908. Current log-likelihood: -10464317.17987
909. Current log-likelihood: -10464317.14618
910. Current log-likelihood: -10464317.11204
911. Current log-likelihood: -10464317.07685
912. Current log-likelihood: -10464317.04125
913. Current log-likelihood: -10464317.00484
914. Current log-likelihood: -10464316.96732
915. Current log-likelihood: -10464316.92918
916. Current log-likelihood: -10464316.89000
917. Current log-likelihood: -10464316.84977
918. Current log-likelihood: -10464316.80836
919. Current log-likelihood: -10464316.76556
920. Current log-likelihood: -10464316.72159
921. Current log-likelihood: -10464316.67608
922. Current log-likelihood: -10464316.62735
923. Current log-likelihood: -10464316.57874
924. Current log-likelihood: -10464316.52617
925. Current log-likelihood: -10464316.47182
926. Current log-likelihood: -10464316.41451
927. Current log-likelihood: -10464316.35370
928. Current log-likelihood: -10464316.28645
929. Current log-likelihood: -10464246.16951
930. Current log-likelihood: -10464245.15070
931. Current log-likelihood: -10464245.09485
932. Current log-likelihood: -10464245.08633
933. Current log-likelihood: -10464245.08553
Final estimation on weights:
0.95256,0.00044,0.04700
Wrote distance file to... 
BEST SCORE FOUND : -10464245.08553
Total tree lengths: 0.27109 6.66470 0.01264

Total number of iterations: 931
CPU time used for tree search: 0.00004 sec (0h:0m:0s)
Wall-clock time used for tree search: 0.00003 sec (0h:0m:0s)
Total CPU time used: 32857.63451 sec (9h:7m:37s)
Total wall-clock time used: 1239.85758 sec (0h:20m:39s)

Analysis results written to: 
  IQ-TREE report:                mast_all_occ80_JU3237_quartet_01.submodel1.iqtree
  Maximum-likelihood tree:       mast_all_occ80_JU3237_quartet_01.submodel1.treefile
  Screen log file:               mast_all_occ80_JU3237_quartet_01.submodel1.log

Date and Time: Wed Jul  8 23:41:37 2026
