IQ-TREE version 3.0.1 for Linux x86 64-bit built Jul  9 2025
Developed by Bui Quang Minh, Thomas Wong, Nhan Ly-Trong, Huaiyan Ren
Contributed by Lam-Tung Nguyen, Dominik Schrempf, Chris Bielow,
Olga Chernomor, Michael Woodhams, Diep Thi Hoang, Heiko Schmidt

Host:    c565 (AVX512, FMA3, 188 GB RAM)
Command: iqtree3 -s /vast/eande106/projects/Nicolas/github/CB_PopGen_HDR_MS/processed_data/tree_topology/mast/mast_hdr/occ80_QG4232_quartet_12_supermatrix.clean.fas -m LG+FO+G+T -te /vast/eande106/projects/Nicolas/github/CB_PopGen_HDR_MS/processed_data/tree_topology/mast/quartet_topologies/quartet_12_NIC2152_QG4232_topologies.tre --prefix mast_hdr_occ80_QG4232_quartet_12.submodel6 -T 48
Seed:    130316 (Using SPRNG - Scalable Parallel Random Number Generator)
Time:    Thu Jul  9 00:30:32 2026
Kernel:  AVX+FMA - 48 threads (48 CPU cores detected)

Reading alignment file /vast/eande106/projects/Nicolas/github/CB_PopGen_HDR_MS/processed_data/tree_topology/mast/mast_hdr/occ80_QG4232_quartet_12_supermatrix.clean.fas ... Fasta format detected
Reading fasta file: done in 0.00685089 secs using 79.67% CPU
Alignment most likely contains protein sequences
Constructing alignment: done in 0.181743 secs using 103.3% CPU
Alignment has 4 sequences with 164949 columns, 4142 distinct patterns
1163 parsimony-informative, 27600 singleton sites, 136186 constant sites
         Gap/Ambiguity  Composition  p-value
Analyzing sequences: done in 6.14114e-05 secs using 70.02% CPU
   1  PX506      6.14%    passed     80.22%
   2  NIC2152    4.17%    passed    100.00%
   3  QX1410     2.72%    passed    100.00%
   4  QG4232     2.99%    passed    100.00%
****  TOTAL      4.01%  0 sequences failed composition chi2 test (p-value<5%; df=19)
Number of input trees: 3
Minimum branch length is set to 0.0000010
Checking for duplicate sequences: done in 0.000141528 secs using 77.02% CPU

NOTE: 30 MB RAM (0 GB) is required!
According to the parsimony scores along the sites, the tree weights are initialized to:
0.9174549,0.0292347,0.0533104
Estimate model parameters (epsilon = 0.00100)
1. Initial log-likelihood: -654100.22296
2. Current log-likelihood: -653444.07834
3. Current log-likelihood: -653187.29913
4. Current log-likelihood: -653178.94697
5. Current log-likelihood: -653172.94507
6. Current log-likelihood: -653170.42957
7. Current log-likelihood: -653168.89493
8. Current log-likelihood: -653167.55044
9. Current log-likelihood: -653166.29108
10. Current log-likelihood: -653165.12295
11. Current log-likelihood: -653164.04371
12. Current log-likelihood: -653163.04159
13. Current log-likelihood: -653162.12108
14. Current log-likelihood: -653161.27862
15. Current log-likelihood: -653160.50195
16. Current log-likelihood: -653159.79406
17. Current log-likelihood: -653159.15091
18. Current log-likelihood: -653158.56103
19. Current log-likelihood: -653158.02929
20. Current log-likelihood: -653157.54185
21. Current log-likelihood: -653157.10409
22. Current log-likelihood: -653156.70321
23. Current log-likelihood: -653156.34557
24. Current log-likelihood: -653156.01722
25. Current log-likelihood: -653155.72319
26. Current log-likelihood: -653155.45395
27. Current log-likelihood: -653155.21254
28. Current log-likelihood: -653154.99136
29. Current log-likelihood: -653154.79166
30. Current log-likelihood: -653154.60675
31. Current log-likelihood: -653154.43558
32. Current log-likelihood: -653154.24415
33. Current log-likelihood: -653154.05511
34. Current log-likelihood: -653153.87585
35. Current log-likelihood: -653153.70322
36. Current log-likelihood: -653153.53789
37. Current log-likelihood: -653153.37696
38. Current log-likelihood: -653153.22222
39. Current log-likelihood: -653153.07365
40. Current log-likelihood: -653152.92972
41. Current log-likelihood: -653152.78819
42. Current log-likelihood: -653152.65758
43. Current log-likelihood: -653152.52857
44. Current log-likelihood: -653152.40536
45. Current log-likelihood: -653152.28644
46. Current log-likelihood: -653152.17170
47. Current log-likelihood: -653152.06241
48. Current log-likelihood: -653151.95696
49. Current log-likelihood: -653151.85206
50. Current log-likelihood: -653151.75526
51. Current log-likelihood: -653151.66192
52. Current log-likelihood: -653151.57192
53. Current log-likelihood: -653151.48516
54. Current log-likelihood: -653151.40150
55. Current log-likelihood: -653151.32088
56. Current log-likelihood: -653151.24319
57. Current log-likelihood: -653151.16834
58. Current log-likelihood: -653151.09614
59. Current log-likelihood: -653151.02766
60. Current log-likelihood: -653150.96136
61. Current log-likelihood: -653150.89737
62. Current log-likelihood: -653150.83561
63. Current log-likelihood: -653150.77597
64. Current log-likelihood: -653150.71837
65. Current log-likelihood: -653150.66276
66. Current log-likelihood: -653150.60903
67. Current log-likelihood: -653150.55712
68. Current log-likelihood: -653150.50594
69. Current log-likelihood: -653150.45737
70. Current log-likelihood: -653150.41026
71. Current log-likelihood: -653150.36464
72. Current log-likelihood: -653150.32147
73. Current log-likelihood: -653150.27941
74. Current log-likelihood: -653150.23856
75. Current log-likelihood: -653150.19889
76. Current log-likelihood: -653150.16032
77. Current log-likelihood: -653150.12281
78. Current log-likelihood: -653150.08630
79. Current log-likelihood: -653150.05005
80. Current log-likelihood: -653150.01539
81. Current log-likelihood: -653149.98152
82. Current log-likelihood: -653149.94849
83. Current log-likelihood: -653149.91623
84. Current log-likelihood: -653149.88477
85. Current log-likelihood: -653149.85403
86. Current log-likelihood: -653149.82396
87. Current log-likelihood: -653149.79458
88. Current log-likelihood: -653149.76583
89. Current log-likelihood: -653149.73767
90. Current log-likelihood: -653149.71008
91. Current log-likelihood: -653149.68303
92. Current log-likelihood: -653149.65650
93. Current log-likelihood: -653149.63046
94. Current log-likelihood: -653149.60488
95. Current log-likelihood: -653149.57975
96. Current log-likelihood: -653149.55505
97. Current log-likelihood: -653149.53016
98. Current log-likelihood: -653149.50619
99. Current log-likelihood: -653149.48253
100. Current log-likelihood: -653149.45921
101. Current log-likelihood: -653149.43623
102. Current log-likelihood: -653149.39746
103. Current log-likelihood: -653149.35649
104. Current log-likelihood: -653149.31628
105. Current log-likelihood: -653149.27681
106. Current log-likelihood: -653149.23804
107. Current log-likelihood: -653149.19992
108. Current log-likelihood: -653149.16242
109. Current log-likelihood: -653149.12549
110. Current log-likelihood: -653149.08912
111. Current log-likelihood: -653149.05327
112. Current log-likelihood: -653149.01792
113. Current log-likelihood: -653148.98259
114. Current log-likelihood: -653148.94812
115. Current log-likelihood: -653148.91405
116. Current log-likelihood: -653148.88041
117. Current log-likelihood: -653148.84717
118. Current log-likelihood: -653148.81433
119. Current log-likelihood: -653148.78188
120. Current log-likelihood: -653148.74979
121. Current log-likelihood: -653148.71807
122. Current log-likelihood: -653148.68671
123. Current log-likelihood: -653148.65570
124. Current log-likelihood: -653148.62504
125. Current log-likelihood: -653148.59471
126. Current log-likelihood: -653148.56472
127. Current log-likelihood: -653148.53505
128. Current log-likelihood: -653148.50572
129. Current log-likelihood: -653148.47670
130. Current log-likelihood: -653148.44801
131. Current log-likelihood: -653148.41963
132. Current log-likelihood: -653148.39157
133. Current log-likelihood: -653148.36383
134. Current log-likelihood: -653148.33640
135. Current log-likelihood: -653148.30928
136. Current log-likelihood: -653148.28248
137. Current log-likelihood: -653148.25599
138. Current log-likelihood: -653148.22981
139. Current log-likelihood: -653148.20395
140. Current log-likelihood: -653148.17840
141. Current log-likelihood: -653148.15316
142. Current log-likelihood: -653148.12824
143. Current log-likelihood: -653148.10362
144. Current log-likelihood: -653148.07932
145. Current log-likelihood: -653148.05499
146. Current log-likelihood: -653148.03127
147. Current log-likelihood: -653148.00786
148. Current log-likelihood: -653147.98476
149. Current log-likelihood: -653147.96197
150. Current log-likelihood: -653147.93949
151. Current log-likelihood: -653147.91734
152. Current log-likelihood: -653147.89549
153. Current log-likelihood: -653147.87396
154. Current log-likelihood: -653147.85274
155. Current log-likelihood: -653147.83183
156. Current log-likelihood: -653147.81123
157. Current log-likelihood: -653147.79095
158. Current log-likelihood: -653147.77097
159. Current log-likelihood: -653147.75131
160. Current log-likelihood: -653147.73196
161. Current log-likelihood: -653147.71291
162. Current log-likelihood: -653147.69419
163. Current log-likelihood: -653147.67576
164. Current log-likelihood: -653147.65763
165. Current log-likelihood: -653147.63981
166. Current log-likelihood: -653147.62230
167. Current log-likelihood: -653147.60508
168. Current log-likelihood: -653147.58816
169. Current log-likelihood: -653147.57154
170. Current log-likelihood: -653147.55522
171. Current log-likelihood: -653147.53919
172. Current log-likelihood: -653147.52345
173. Current log-likelihood: -653147.50800
174. Current log-likelihood: -653147.49284
175. Current log-likelihood: -653147.47797
176. Current log-likelihood: -653147.46338
177. Current log-likelihood: -653147.44906
178. Current log-likelihood: -653147.43503
179. Current log-likelihood: -653147.42128
180. Current log-likelihood: -653147.40780
181. Current log-likelihood: -653147.39458
182. Current log-likelihood: -653147.38164
183. Current log-likelihood: -653147.36897
184. Current log-likelihood: -653147.35655
185. Current log-likelihood: -653147.34439
186. Current log-likelihood: -653147.33250
187. Current log-likelihood: -653147.32084
188. Current log-likelihood: -653147.30944
189. Current log-likelihood: -653147.29830
190. Current log-likelihood: -653147.28739
191. Current log-likelihood: -653147.27673
192. Current log-likelihood: -653147.26631
193. Current log-likelihood: -653147.25611
194. Current log-likelihood: -653147.24615
195. Current log-likelihood: -653147.23642
196. Current log-likelihood: -653147.22691
197. Current log-likelihood: -653147.21763
198. Current log-likelihood: -653147.20855
199. Current log-likelihood: -653147.20079
200. Current log-likelihood: -653147.19136
201. Current log-likelihood: -653147.18394
202. Current log-likelihood: -653147.17281
203. Current log-likelihood: -653147.15950
204. Current log-likelihood: -653147.14643
205. Current log-likelihood: -653147.13357
206. Current log-likelihood: -653147.11861
207. Current log-likelihood: -653146.88547
208. Current log-likelihood: -653146.81572
209. Current log-likelihood: -653146.78131
210. Current log-likelihood: -653146.75013
211. Current log-likelihood: -653146.71786
212. Current log-likelihood: -653146.68562
213. Current log-likelihood: -653146.65450
214. Current log-likelihood: -653146.62225
215. Current log-likelihood: -653146.59114
216. Current log-likelihood: -653146.56004
217. Current log-likelihood: -653146.52894
218. Current log-likelihood: -653146.49785
219. Current log-likelihood: -653146.46678
220. Current log-likelihood: -653146.43574
221. Current log-likelihood: -653146.40472
222. Current log-likelihood: -653146.37373
223. Current log-likelihood: -653146.34390
224. Current log-likelihood: -653146.31293
225. Current log-likelihood: -653146.28317
226. Current log-likelihood: -653146.25338
227. Current log-likelihood: -653146.22363
228. Current log-likelihood: -653146.19279
229. Current log-likelihood: -653146.16316
230. Current log-likelihood: -653146.13352
231. Current log-likelihood: -653146.10391
232. Current log-likelihood: -653146.07436
233. Current log-likelihood: -653146.04485
234. Current log-likelihood: -653146.01537
235. Current log-likelihood: -653145.98595
236. Current log-likelihood: -653145.95657
237. Current log-likelihood: -653145.92724
238. Current log-likelihood: -653145.89796
239. Current log-likelihood: -653145.86875
240. Current log-likelihood: -653145.83958
241. Current log-likelihood: -653145.81048
242. Current log-likelihood: -653145.78142
243. Current log-likelihood: -653145.75244
244. Current log-likelihood: -653145.72351
245. Current log-likelihood: -653145.69466
246. Current log-likelihood: -653145.66587
247. Current log-likelihood: -653145.63713
248. Current log-likelihood: -653145.60848
249. Current log-likelihood: -653145.57988
250. Current log-likelihood: -653145.55136
251. Current log-likelihood: -653145.52292
252. Current log-likelihood: -653145.49453
253. Current log-likelihood: -653145.46623
254. Current log-likelihood: -653145.43798
255. Current log-likelihood: -653145.40983
256. Current log-likelihood: -653145.38174
257. Current log-likelihood: -653145.35372
258. Current log-likelihood: -653145.32594
259. Current log-likelihood: -653145.29779
260. Current log-likelihood: -653145.26996
261. Current log-likelihood: -653145.24221
262. Current log-likelihood: -653145.21456
263. Current log-likelihood: -653145.18697
264. Current log-likelihood: -653145.15947
265. Current log-likelihood: -653145.13204
266. Current log-likelihood: -653145.10468
267. Current log-likelihood: -653145.07741
268. Current log-likelihood: -653145.05021
269. Current log-likelihood: -653145.02310
270. Current log-likelihood: -653144.99606
271. Current log-likelihood: -653144.96910
272. Current log-likelihood: -653144.94222
273. Current log-likelihood: -653144.91541
274. Current log-likelihood: -653144.88959
275. Current log-likelihood: -653144.86277
276. Current log-likelihood: -653144.83619
277. Current log-likelihood: -653144.81058
278. Current log-likelihood: -653144.78399
279. Current log-likelihood: -653144.75763
280. Current log-likelihood: -653144.73226
281. Current log-likelihood: -653144.70589
282. Current log-likelihood: -653144.68067
283. Current log-likelihood: -653144.65446
284. Current log-likelihood: -653144.62937
285. Current log-likelihood: -653144.60331
286. Current log-likelihood: -653144.57838
287. Current log-likelihood: -653144.55247
288. Current log-likelihood: -653144.52769
289. Current log-likelihood: -653144.50194
290. Current log-likelihood: -653144.47731
291. Current log-likelihood: -653144.45259
292. Current log-likelihood: -653144.42707
293. Current log-likelihood: -653144.40265
294. Current log-likelihood: -653144.37815
295. Current log-likelihood: -653144.35285
296. Current log-likelihood: -653144.32865
297. Current log-likelihood: -653144.30439
298. Current log-likelihood: -653144.28018
299. Current log-likelihood: -653144.25606
300. Current log-likelihood: -653144.23200
301. Current log-likelihood: -653144.20802
302. Current log-likelihood: -653144.18066
303. Current log-likelihood: -653144.15026
304. Current log-likelihood: -653144.12014
305. Current log-likelihood: -653144.09015
306. Current log-likelihood: -653144.06027
307. Current log-likelihood: -653144.03051
308. Current log-likelihood: -653144.00086
309. Current log-likelihood: -653143.97133
310. Current log-likelihood: -653143.94192
311. Current log-likelihood: -653143.91262
312. Current log-likelihood: -653143.88343
313. Current log-likelihood: -653143.85437
314. Current log-likelihood: -653143.82541
315. Current log-likelihood: -653143.79657
316. Current log-likelihood: -653143.76785
317. Current log-likelihood: -653143.73923
318. Current log-likelihood: -653143.71074
319. Current log-likelihood: -653143.68235
320. Current log-likelihood: -653143.65407
321. Current log-likelihood: -653143.62592
322. Current log-likelihood: -653143.59787
323. Current log-likelihood: -653143.56994
324. Current log-likelihood: -653143.54212
325. Current log-likelihood: -653143.51441
326. Current log-likelihood: -653143.48736
327. Current log-likelihood: -653143.45975
328. Current log-likelihood: -653143.43292
329. Current log-likelihood: -653143.40553
330. Current log-likelihood: -653143.37892
331. Current log-likelihood: -653143.35175
332. Current log-likelihood: -653143.32535
333. Current log-likelihood: -653143.29840
334. Current log-likelihood: -653143.27220
335. Current log-likelihood: -653143.24602
336. Current log-likelihood: -653143.21993
337. Current log-likelihood: -653143.19341
338. Current log-likelihood: -653143.16764
339. Current log-likelihood: -653143.14185
340. Current log-likelihood: -653143.11619
341. Current log-likelihood: -653143.09062
342. Current log-likelihood: -653143.06515
343. Current log-likelihood: -653143.03980
344. Current log-likelihood: -653143.01455
345. Current log-likelihood: -653142.98941
346. Current log-likelihood: -653142.96435
347. Current log-likelihood: -653142.93942
348. Current log-likelihood: -653142.91458
349. Current log-likelihood: -653142.88985
350. Current log-likelihood: -653142.86522
351. Current log-likelihood: -653142.84071
352. Current log-likelihood: -653142.81629
353. Current log-likelihood: -653142.79199
354. Current log-likelihood: -653142.76779
355. Current log-likelihood: -653142.74371
356. Current log-likelihood: -653142.71974
357. Current log-likelihood: -653142.69589
358. Current log-likelihood: -653142.67243
359. Current log-likelihood: -653142.64849
360. Current log-likelihood: -653142.62508
361. Current log-likelihood: -653142.60329
362. Current log-likelihood: -653142.58194
363. Current log-likelihood: -653142.56111
364. Current log-likelihood: -653142.54126
365. Current log-likelihood: -653142.52129
366. Current log-likelihood: -653142.50237
367. Current log-likelihood: -653142.48334
368. Current log-likelihood: -653142.46531
369. Current log-likelihood: -653142.44761
370. Current log-likelihood: -653142.43033
371. Current log-likelihood: -653142.41345
372. Current log-likelihood: -653142.39698
373. Current log-likelihood: -653142.38088
374. Current log-likelihood: -653142.36517
375. Current log-likelihood: -653142.34981
376. Current log-likelihood: -653142.33481
377. Current log-likelihood: -653142.32015
378. Current log-likelihood: -653142.30583
379. Current log-likelihood: -653142.29183
380. Current log-likelihood: -653142.27817
381. Current log-likelihood: -653142.26480
382. Current log-likelihood: -653142.25174
383. Current log-likelihood: -653142.23898
384. Current log-likelihood: -653142.22650
385. Current log-likelihood: -653142.21431
386. Current log-likelihood: -653142.20238
387. Current log-likelihood: -653142.19074
388. Current log-likelihood: -653142.17934
389. Current log-likelihood: -653142.16821
390. Current log-likelihood: -653142.15732
391. Current log-likelihood: -653142.14667
392. Current log-likelihood: -653142.13626
393. Current log-likelihood: -653142.12609
394. Current log-likelihood: -653139.52098
395. Current log-likelihood: -653138.94872
396. Current log-likelihood: -653138.40557
397. Current log-likelihood: -653137.89317
398. Current log-likelihood: -653137.41215
399. Current log-likelihood: -653136.95733
400. Current log-likelihood: -653136.53023
401. Current log-likelihood: -653136.13362
402. Current log-likelihood: -653135.75845
403. Current log-likelihood: -653135.38288
404. Current log-likelihood: -653135.04401
405. Current log-likelihood: -653134.73449
406. Current log-likelihood: -653134.45492
407. Current log-likelihood: -653134.19841
408. Current log-likelihood: -653133.97031
409. Current log-likelihood: -653133.76349
410. Current log-likelihood: -653133.57641
411. Current log-likelihood: -653133.40699
412. Current log-likelihood: -653133.25518
413. Current log-likelihood: -653133.11720
414. Current log-likelihood: -653132.99183
415. Current log-likelihood: -653132.87764
416. Current log-likelihood: -653132.77226
417. Current log-likelihood: -653132.67620
418. Current log-likelihood: -653132.58849
419. Current log-likelihood: -653132.50717
420. Current log-likelihood: -653132.43145
421. Current log-likelihood: -653132.36055
422. Current log-likelihood: -653132.29197
423. Current log-likelihood: -653132.22912
424. Current log-likelihood: -653132.16891
425. Current log-likelihood: -653132.11100
426. Current log-likelihood: -653132.05480
427. Current log-likelihood: -653131.99986
428. Current log-likelihood: -653131.94566
429. Current log-likelihood: -653131.89169
430. Current log-likelihood: -653131.83745
431. Current log-likelihood: -653131.78083
432. Current log-likelihood: -653131.72431
433. Current log-likelihood: -653131.66532
434. Current log-likelihood: -653131.60140
435. Current log-likelihood: -653131.53306
436. Current log-likelihood: -653131.45687
437. Current log-likelihood: -653131.36964
438. Current log-likelihood: -653131.26859
439. Current log-likelihood: -653131.15291
440. Current log-likelihood: -653131.01461
441. Current log-likelihood: -653130.84266
442. Current log-likelihood: -653130.63785
443. Current log-likelihood: -653130.38594
444. Current log-likelihood: -653130.08967
445. Current log-likelihood: -653129.78954
446. Current log-likelihood: -653129.48049
447. Current log-likelihood: -653129.16366
448. Current log-likelihood: -653128.84942
449. Current log-likelihood: -653128.55058
450. Current log-likelihood: -653128.27824
451. Current log-likelihood: -653128.03692
452. Current log-likelihood: -653127.83206
453. Current log-likelihood: -653127.65968
454. Current log-likelihood: -653127.51756
455. Current log-likelihood: -653127.40371
456. Current log-likelihood: -653127.31155
457. Current log-likelihood: -653127.23965
458. Current log-likelihood: -653127.18488
459. Current log-likelihood: -653127.16324
460. Current log-likelihood: -653127.15474
461. Current log-likelihood: -653127.14927
462. Current log-likelihood: -653127.14451
463. Current log-likelihood: -653127.14079
464. Current log-likelihood: -653127.13740
465. Current log-likelihood: -653127.13496
466. Current log-likelihood: -653127.13134
467. Current log-likelihood: -653127.12910
468. Current log-likelihood: -653127.12568
469. Current log-likelihood: -653127.12346
470. Current log-likelihood: -653127.12018
471. Current log-likelihood: -653127.11809
472. Current log-likelihood: -653127.11594
473. Current log-likelihood: -653127.11290
474. Current log-likelihood: -653127.11092
475. Current log-likelihood: -653127.10886
476. Current log-likelihood: -653127.10682
477. Current log-likelihood: -653127.10477
478. Current log-likelihood: -653127.10279
479. Current log-likelihood: -653127.10082
480. Current log-likelihood: -653127.09890
481. Current log-likelihood: -653127.09702
482. Current log-likelihood: -653127.09516
483. Current log-likelihood: -653127.09328
484. Current log-likelihood: -653127.09147
485. Current log-likelihood: -653127.08970
486. Current log-likelihood: -653127.08796
487. Current log-likelihood: -653127.08625
488. Current log-likelihood: -653127.08451
489. Current log-likelihood: -653127.08285
490. Current log-likelihood: -653127.08121
491. Current log-likelihood: -653127.07961
492. Current log-likelihood: -653127.07802
493. Current log-likelihood: -653127.07641
494. Current log-likelihood: -653127.07488
495. Current log-likelihood: -653127.07337
496. Current log-likelihood: -653127.07196
497. Current log-likelihood: -653127.07056
498. Current log-likelihood: -653127.06921
499. Current log-likelihood: -653127.06780
500. Current log-likelihood: -653127.06647
501. Current log-likelihood: -653127.06523
502. Current log-likelihood: -653127.06401
503. Current log-likelihood: -653127.06281
504. Current log-likelihood: -653127.06163
505. Current log-likelihood: -653127.06048
506. Current log-likelihood: -653127.05928
507. Current log-likelihood: -653127.05815
508. Current log-likelihood: -653127.05703
509. Current log-likelihood: -653127.05593
510. Current log-likelihood: -653127.05483
511. Current log-likelihood: -653127.05376
512. Current log-likelihood: -653127.05271
513. Current log-likelihood: -653127.05163
514. Current log-likelihood: -653127.05060
515. Current log-likelihood: -653127.04959
516. Current log-likelihood: -653127.04859
517. Current log-likelihood: -653127.04761
Final estimation on weights:
0.97973,0.00777,0.01250
Wrote distance file to... 
BEST SCORE FOUND : -653127.04761
Total tree lengths: 0.27748 10.42258 0.76259

Total number of iterations: 515
CPU time used for tree search: 0.00002 sec (0h:0m:0s)
Wall-clock time used for tree search: 0.00001 sec (0h:0m:0s)
Total CPU time used: 86063.02008 sec (23h:54m:23s)
Total wall-clock time used: 2618.90603 sec (0h:43m:38s)

Analysis results written to: 
  IQ-TREE report:                mast_hdr_occ80_QG4232_quartet_12.submodel6.iqtree
  Maximum-likelihood tree:       mast_hdr_occ80_QG4232_quartet_12.submodel6.treefile
  Screen log file:               mast_hdr_occ80_QG4232_quartet_12.submodel6.log

Date and Time: Thu Jul  9 01:14:11 2026
