IQ-TREE version 3.0.1 for Linux x86 64-bit built Jul  9 2025
Developed by Bui Quang Minh, Thomas Wong, Nhan Ly-Trong, Huaiyan Ren
Contributed by Lam-Tung Nguyen, Dominik Schrempf, Chris Bielow,
Olga Chernomor, Michael Woodhams, Diep Thi Hoang, Heiko Schmidt

Host:    c349 (AVX512, FMA3, 188 GB RAM)
Command: iqtree3 -s /vast/eande106/projects/Nicolas/github/CB_PopGen_HDR_MS/processed_data/tree_topology/mast/mast_all/occ80_JU3237_quartet_05_supermatrix.clean.fas -m TMIX{LG+FO+G,LG+FO+G,LG+FO+G}+T -te /vast/eande106/projects/Nicolas/github/CB_PopGen_HDR_MS/processed_data/tree_topology/mast/quartet_topologies/quartet_05_JU1419_JU3237_topologies.tre --prefix mast_all_occ80_JU3237_quartet_05.submodel1 -T 48
Seed:    278976 (Using SPRNG - Scalable Parallel Random Number Generator)
Time:    Wed Jul  8 23:20:49 2026
Kernel:  AVX+FMA - 48 threads (48 CPU cores detected)

Reading alignment file /vast/eande106/projects/Nicolas/github/CB_PopGen_HDR_MS/processed_data/tree_topology/mast/mast_all/occ80_JU3237_quartet_05_supermatrix.clean.fas ... Fasta format detected
Reading fasta file: done in 0.440054 secs using 22.57% CPU
Alignment most likely contains protein sequences
Constructing alignment: done in 3.20251 secs using 11.97% CPU
WARNING: 1 sites contain only gaps or ambiguous characters.
Alignment has 4 sequences with 2751699 columns, 12560 distinct patterns
21339 parsimony-informative, 426291 singleton sites, 2304069 constant sites
        Gap/Ambiguity  Composition  p-value
Analyzing sequences: done in 0.000171101 secs using 98.77% CPU
   1  PX506     4.91%    failed      0.00%
   2  JU1419    3.00%    passed      6.40%
   3  JU3237    2.10%    passed     75.74%
   4  QX1410    2.04%    passed     94.85%
****  TOTAL     3.01%  1 sequences failed composition chi2 test (p-value<5%; df=19)
Number of input trees: 3
Minimum branch length is set to 0.0000010
Checking for duplicate sequences: done in 0.000355761 secs using 2452% CPU

NOTE: 93 MB RAM (0 GB) is required!
According to the parsimony scores along the sites, the tree weights are initialized to:
0.9652280,0.0134496,0.0213225
Estimate model parameters (epsilon = 0.00100)
1. Initial log-likelihood: -10639230.36265
2. Current log-likelihood: -10637633.62775
3. Current log-likelihood: -10633852.36887
4. Current log-likelihood: -10633367.27839
5. Current log-likelihood: -10633310.27134
6. Current log-likelihood: -10633262.69680
7. Current log-likelihood: -10633219.34993
8. Current log-likelihood: -10633181.86593
9. Current log-likelihood: -10633149.08122
10. Current log-likelihood: -10633120.57983
11. Current log-likelihood: -10633095.90708
12. Current log-likelihood: -10633074.64521
13. Current log-likelihood: -10633056.38802
14. Current log-likelihood: -10633040.78595
15. Current log-likelihood: -10633027.50935
16. Current log-likelihood: -10633016.26085
17. Current log-likelihood: -10633006.73147
18. Current log-likelihood: -10632998.71075
19. Current log-likelihood: -10632991.93806
20. Current log-likelihood: -10632986.28013
21. Current log-likelihood: -10632981.55041
22. Current log-likelihood: -10632977.60075
23. Current log-likelihood: -10632974.31933
24. Current log-likelihood: -10632971.57569
25. Current log-likelihood: -10632969.29825
26. Current log-likelihood: -10632967.42148
27. Current log-likelihood: -10632965.85908
28. Current log-likelihood: -10632964.54795
29. Current log-likelihood: -10632963.48303
30. Current log-likelihood: -10632962.58527
31. Current log-likelihood: -10632961.84750
32. Current log-likelihood: -10632961.22686
33. Current log-likelihood: -10632960.71271
34. Current log-likelihood: -10632960.28415
35. Current log-likelihood: -10632959.93434
36. Current log-likelihood: -10632959.63428
37. Current log-likelihood: -10632959.38372
38. Current log-likelihood: -10632959.16363
39. Current log-likelihood: -10632959.04235
40. Current log-likelihood: -10632958.84932
41. Current log-likelihood: -10632958.75336
42. Current log-likelihood: -10632958.60664
43. Current log-likelihood: -10632958.52771
44. Current log-likelihood: -10632958.41512
45. Current log-likelihood: -10632958.34904
46. Current log-likelihood: -10632958.25924
47. Current log-likelihood: -10632958.20179
48. Current log-likelihood: -10632958.12714
49. Current log-likelihood: -10632958.07563
50. Current log-likelihood: -10632958.01170
51. Current log-likelihood: -10632957.96396
52. Current log-likelihood: -10632957.90517
53. Current log-likelihood: -10632957.86051
54. Current log-likelihood: -10632957.80983
55. Current log-likelihood: -10632957.76715
56. Current log-likelihood: -10632957.72041
57. Current log-likelihood: -10632957.67924
58. Current log-likelihood: -10632957.63492
59. Current log-likelihood: -10632957.59466
60. Current log-likelihood: -10632957.55421
61. Current log-likelihood: -10632957.51409
62. Current log-likelihood: -10632957.47419
63. Current log-likelihood: -10632957.43464
64. Current log-likelihood: -10632957.39529
65. Current log-likelihood: -10632957.35427
66. Current log-likelihood: -10632957.31588
67. Current log-likelihood: -10632957.27680
68. Current log-likelihood: -10632957.23655
69. Current log-likelihood: -10632957.19855
70. Current log-likelihood: -10632957.15984
71. Current log-likelihood: -10632957.12136
72. Current log-likelihood: -10632957.08325
73. Current log-likelihood: -10632957.04497
74. Current log-likelihood: -10632957.00650
75. Current log-likelihood: -10632956.96830
76. Current log-likelihood: -10632956.93018
77. Current log-likelihood: -10632956.89224
78. Current log-likelihood: -10632956.85421
79. Current log-likelihood: -10632956.81663
80. Current log-likelihood: -10632956.77860
81. Current log-likelihood: -10632956.74088
82. Current log-likelihood: -10632956.70303
83. Current log-likelihood: -10632956.66499
84. Current log-likelihood: -10632956.62757
85. Current log-likelihood: -10632956.59012
86. Current log-likelihood: -10632956.55142
87. Current log-likelihood: -10632956.51405
88. Current log-likelihood: -10632956.47668
89. Current log-likelihood: -10632956.43917
90. Current log-likelihood: -10632956.40183
91. Current log-likelihood: -10632956.36393
92. Current log-likelihood: -10632956.32651
93. Current log-likelihood: -10632956.28914
94. Current log-likelihood: -10632956.25138
95. Current log-likelihood: -10632956.21270
96. Current log-likelihood: -10632956.17545
97. Current log-likelihood: -10632956.13810
98. Current log-likelihood: -10632956.10072
99. Current log-likelihood: -10632956.06345
100. Current log-likelihood: -10632956.02619
101. Current log-likelihood: -10632955.98756
102. Current log-likelihood: -10632955.91370
103. Current log-likelihood: -10632955.83992
104. Current log-likelihood: -10632955.76352
105. Current log-likelihood: -10632955.69006
106. Current log-likelihood: -10632955.61413
107. Current log-likelihood: -10632955.54073
108. Current log-likelihood: -10632955.46492
109. Current log-likelihood: -10632955.39142
110. Current log-likelihood: -10632955.31557
111. Current log-likelihood: -10632955.24227
112. Current log-likelihood: -10632955.16640
113. Current log-likelihood: -10632955.09313
114. Current log-likelihood: -10632955.01779
115. Current log-likelihood: -10632954.94456
116. Current log-likelihood: -10632954.86876
117. Current log-likelihood: -10632954.79549
118. Current log-likelihood: -10632954.72022
119. Current log-likelihood: -10632954.64717
120. Current log-likelihood: -10632954.57134
121. Current log-likelihood: -10632954.49813
122. Current log-likelihood: -10632954.42293
123. Current log-likelihood: -10632954.34992
124. Current log-likelihood: -10632954.27427
125. Current log-likelihood: -10632954.20110
126. Current log-likelihood: -10632954.12602
127. Current log-likelihood: -10632954.05308
128. Current log-likelihood: -10632953.97749
129. Current log-likelihood: -10632953.90442
130. Current log-likelihood: -10632953.82931
131. Current log-likelihood: -10632953.75648
132. Current log-likelihood: -10632953.68093
133. Current log-likelihood: -10632953.60790
134. Current log-likelihood: -10632953.53301
135. Current log-likelihood: -10632953.46026
136. Current log-likelihood: -10632953.38479
137. Current log-likelihood: -10632953.31184
138. Current log-likelihood: -10632953.23698
139. Current log-likelihood: -10632953.16431
140. Current log-likelihood: -10632953.08894
141. Current log-likelihood: -10632953.01607
142. Current log-likelihood: -10632952.94138
143. Current log-likelihood: -10632952.86875
144. Current log-likelihood: -10632952.79348
145. Current log-likelihood: -10632952.72072
146. Current log-likelihood: -10632952.64603
147. Current log-likelihood: -10632952.57348
148. Current log-likelihood: -10632952.49880
149. Current log-likelihood: -10632952.42609
150. Current log-likelihood: -10632952.35157
151. Current log-likelihood: -10632952.27911
152. Current log-likelihood: -10632952.20403
153. Current log-likelihood: -10632952.13140
154. Current log-likelihood: -10632952.05699
155. Current log-likelihood: -10632951.98461
156. Current log-likelihood: -10632951.90963
157. Current log-likelihood: -10632951.83709
158. Current log-likelihood: -10632951.76270
159. Current log-likelihood: -10632951.69040
160. Current log-likelihood: -10632951.61551
161. Current log-likelihood: -10632951.54305
162. Current log-likelihood: -10632951.46883
163. Current log-likelihood: -10632951.39662
164. Current log-likelihood: -10632951.32234
165. Current log-likelihood: -10632951.24997
166. Current log-likelihood: -10632951.17583
167. Current log-likelihood: -10632951.10374
168. Current log-likelihood: -10632951.02902
169. Current log-likelihood: -10632950.95676
170. Current log-likelihood: -10632950.88281
171. Current log-likelihood: -10632950.81072
172. Current log-likelihood: -10632950.73605
173. Current log-likelihood: -10632950.66398
174. Current log-likelihood: -10632950.59000
175. Current log-likelihood: -10632950.51789
176. Current log-likelihood: -10632950.44393
177. Current log-likelihood: -10632950.37206
178. Current log-likelihood: -10632950.29769
179. Current log-likelihood: -10632950.22568
180. Current log-likelihood: -10632950.15191
181. Current log-likelihood: -10632950.08005
182. Current log-likelihood: -10632950.00630
183. Current log-likelihood: -10632949.93450
184. Current log-likelihood: -10632949.86072
185. Current log-likelihood: -10632949.78888
186. Current log-likelihood: -10632949.71704
187. Current log-likelihood: -10632949.64270
188. Current log-likelihood: -10632949.57090
189. Current log-likelihood: -10632949.49696
190. Current log-likelihood: -10632949.42517
191. Current log-likelihood: -10632949.35172
192. Current log-likelihood: -10632949.28026
193. Current log-likelihood: -10632949.20678
194. Current log-likelihood: -10632949.13514
195. Current log-likelihood: -10632949.06182
196. Current log-likelihood: -10632948.99022
197. Current log-likelihood: -10632948.91860
198. Current log-likelihood: -10632948.84464
199. Current log-likelihood: -10632948.77312
200. Current log-likelihood: -10632948.69992
201. Current log-likelihood: -10632948.62862
202. Current log-likelihood: -10632948.52023
203. Current log-likelihood: -10632948.41429
204. Current log-likelihood: -10632948.30346
205. Current log-likelihood: -10632948.19758
206. Current log-likelihood: -10632948.08826
207. Current log-likelihood: -10632947.98010
208. Current log-likelihood: -10632947.87198
209. Current log-likelihood: -10632947.76642
210. Current log-likelihood: -10632947.65735
211. Current log-likelihood: -10632947.54946
212. Current log-likelihood: -10632947.44155
213. Current log-likelihood: -10632947.33626
214. Current log-likelihood: -10632947.22747
215. Current log-likelihood: -10632947.11986
216. Current log-likelihood: -10632947.01230
217. Current log-likelihood: -10632946.90729
218. Current log-likelihood: -10632946.79880
219. Current log-likelihood: -10632946.69142
220. Current log-likelihood: -10632946.58415
221. Current log-likelihood: -10632946.47941
222. Current log-likelihood: -10632946.37173
223. Current log-likelihood: -10632946.26471
224. Current log-likelihood: -10632946.15784
225. Current log-likelihood: -10632946.05341
226. Current log-likelihood: -10632945.94551
227. Current log-likelihood: -10632945.83836
228. Current log-likelihood: -10632945.73166
229. Current log-likelihood: -10632945.62751
230. Current log-likelihood: -10632945.51988
231. Current log-likelihood: -10632945.41349
232. Current log-likelihood: -10632945.30724
233. Current log-likelihood: -10632945.20339
234. Current log-likelihood: -10632945.09665
235. Current log-likelihood: -10632944.99058
236. Current log-likelihood: -10632944.88702
237. Current log-likelihood: -10632944.77998
238. Current log-likelihood: -10632944.67415
239. Current log-likelihood: -10632944.56842
240. Current log-likelihood: -10632944.46513
241. Current log-likelihood: -10632944.35896
242. Current log-likelihood: -10632944.25335
243. Current log-likelihood: -10632944.15036
244. Current log-likelihood: -10632944.04392
245. Current log-likelihood: -10632943.94132
246. Current log-likelihood: -10632943.83484
247. Current log-likelihood: -10632943.72981
248. Current log-likelihood: -10632943.62445
249. Current log-likelihood: -10632943.52156
250. Current log-likelihood: -10632943.41648
251. Current log-likelihood: -10632943.31193
252. Current log-likelihood: -10632943.20703
253. Current log-likelihood: -10632943.10442
254. Current log-likelihood: -10632942.99967
255. Current log-likelihood: -10632942.89774
256. Current log-likelihood: -10632942.79227
257. Current log-likelihood: -10632942.68827
258. Current log-likelihood: -10632942.58393
259. Current log-likelihood: -10632942.48190
260. Current log-likelihood: -10632942.37768
261. Current log-likelihood: -10632942.27624
262. Current log-likelihood: -10632942.17137
263. Current log-likelihood: -10632942.07035
264. Current log-likelihood: -10632941.96591
265. Current log-likelihood: -10632941.86250
266. Current log-likelihood: -10632941.76154
267. Current log-likelihood: -10632941.65765
268. Current log-likelihood: -10632941.55706
269. Current log-likelihood: -10632941.45265
270. Current log-likelihood: -10632941.34935
271. Current log-likelihood: -10632941.24845
272. Current log-likelihood: -10632941.14549
273. Current log-likelihood: -10632941.04530
274. Current log-likelihood: -10632940.94199
275. Current log-likelihood: -10632940.83921
276. Current log-likelihood: -10632940.73881
277. Current log-likelihood: -10632940.63633
278. Current log-likelihood: -10632940.53660
279. Current log-likelihood: -10632940.43331
280. Current log-likelihood: -10632940.33105
281. Current log-likelihood: -10632940.23115
282. Current log-likelihood: -10632940.12920
283. Current log-likelihood: -10632940.02750
284. Current log-likelihood: -10632939.92817
285. Current log-likelihood: -10632939.82604
286. Current log-likelihood: -10632939.72714
287. Current log-likelihood: -10632939.62487
288. Current log-likelihood: -10632939.52330
289. Current log-likelihood: -10632939.42431
290. Current log-likelihood: -10632939.32308
291. Current log-likelihood: -10632939.22218
292. Current log-likelihood: -10632939.12365
293. Current log-likelihood: -10632939.02270
294. Current log-likelihood: -10632938.92213
295. Current log-likelihood: -10632938.82391
296. Current log-likelihood: -10632938.72305
297. Current log-likelihood: -10632938.62524
298. Current log-likelihood: -10632938.52373
299. Current log-likelihood: -10632938.42569
300. Current log-likelihood: -10632938.32569
301. Current log-likelihood: -10632938.22554
302. Current log-likelihood: -10632938.09584
303. Current log-likelihood: -10632937.96319
304. Current log-likelihood: -10632937.83176
305. Current log-likelihood: -10632937.70002
306. Current log-likelihood: -10632937.56885
307. Current log-likelihood: -10632937.43742
308. Current log-likelihood: -10632937.30680
309. Current log-likelihood: -10632937.17589
310. Current log-likelihood: -10632937.04546
311. Current log-likelihood: -10632936.91482
312. Current log-likelihood: -10632936.78449
313. Current log-likelihood: -10632936.65426
314. Current log-likelihood: -10632936.52495
315. Current log-likelihood: -10632936.39499
316. Current log-likelihood: -10632936.26598
317. Current log-likelihood: -10632936.13656
318. Current log-likelihood: -10632936.00795
319. Current log-likelihood: -10632935.87886
320. Current log-likelihood: -10632935.75065
321. Current log-likelihood: -10632935.62204
322. Current log-likelihood: -10632935.49424
323. Current log-likelihood: -10632935.36557
324. Current log-likelihood: -10632935.23819
325. Current log-likelihood: -10632935.11043
326. Current log-likelihood: -10632934.98347
327. Current log-likelihood: -10632934.85613
328. Current log-likelihood: -10632934.73210
329. Current log-likelihood: -10632934.60315
330. Current log-likelihood: -10632934.47692
331. Current log-likelihood: -10632934.35042
332. Current log-likelihood: -10632934.22439
333. Current log-likelihood: -10632934.09826
334. Current log-likelihood: -10632933.97540
335. Current log-likelihood: -10632933.84778
336. Current log-likelihood: -10632933.72286
337. Current log-likelihood: -10632933.59764
338. Current log-likelihood: -10632933.47542
339. Current log-likelihood: -10632933.34734
340. Current log-likelihood: -10632933.22537
341. Current log-likelihood: -10632933.10043
342. Current log-likelihood: -10632932.97689
343. Current log-likelihood: -10632932.85289
344. Current log-likelihood: -10632932.72970
345. Current log-likelihood: -10632932.60620
346. Current log-likelihood: -10632932.48585
347. Current log-likelihood: -10632932.36145
348. Current log-likelihood: -10632932.23907
349. Current log-likelihood: -10632932.11643
350. Current log-likelihood: -10632931.99691
351. Current log-likelihood: -10632931.87295
352. Current log-likelihood: -10632931.75141
353. Current log-likelihood: -10632931.63265
354. Current log-likelihood: -10632931.51077
355. Current log-likelihood: -10632931.38926
356. Current log-likelihood: -10632931.26866
357. Current log-likelihood: -10632931.14780
358. Current log-likelihood: -10632931.03001
359. Current log-likelihood: -10632930.90839
360. Current log-likelihood: -10632930.78868
361. Current log-likelihood: -10632930.67176
362. Current log-likelihood: -10632930.55164
363. Current log-likelihood: -10632930.43195
364. Current log-likelihood: -10632930.31327
365. Current log-likelihood: -10632930.19415
366. Current log-likelihood: -10632930.07791
367. Current log-likelihood: -10632929.95790
368. Current log-likelihood: -10632929.84005
369. Current log-likelihood: -10632929.72469
370. Current log-likelihood: -10632929.60660
371. Current log-likelihood: -10632929.48862
372. Current log-likelihood: -10632929.37164
373. Current log-likelihood: -10632929.25742
374. Current log-likelihood: -10632929.13993
375. Current log-likelihood: -10632929.02295
376. Current log-likelihood: -10632928.90912
377. Current log-likelihood: -10632928.79117
378. Current log-likelihood: -10632928.67559
379. Current log-likelihood: -10632928.56267
380. Current log-likelihood: -10632928.44666
381. Current log-likelihood: -10632928.33108
382. Current log-likelihood: -10632928.21853
383. Current log-likelihood: -10632928.10310
384. Current log-likelihood: -10632927.98876
385. Current log-likelihood: -10632927.87718
386. Current log-likelihood: -10632927.76252
387. Current log-likelihood: -10632927.64830
388. Current log-likelihood: -10632927.53715
389. Current log-likelihood: -10632927.42255
390. Current log-likelihood: -10632927.31167
391. Current log-likelihood: -10632927.19812
392. Current log-likelihood: -10632927.08563
393. Current log-likelihood: -10632926.97572
394. Current log-likelihood: -10632926.86300
395. Current log-likelihood: -10632926.75079
396. Current log-likelihood: -10632926.64144
397. Current log-likelihood: -10632926.52815
398. Current log-likelihood: -10632926.41923
399. Current log-likelihood: -10632926.30756
400. Current log-likelihood: -10632926.19700
401. Current log-likelihood: -10632926.08899
402. Current log-likelihood: -10632925.95130
403. Current log-likelihood: -10632925.81354
404. Current log-likelihood: -10632925.68012
405. Current log-likelihood: -10632925.54165
406. Current log-likelihood: -10632925.40584
407. Current log-likelihood: -10632925.27054
408. Current log-likelihood: -10632925.13546
409. Current log-likelihood: -10632925.00096
410. Current log-likelihood: -10632924.86571
411. Current log-likelihood: -10632924.73475
412. Current log-likelihood: -10632924.60026
413. Current log-likelihood: -10632924.46663
414. Current log-likelihood: -10632924.33402
415. Current log-likelihood: -10632924.20132
416. Current log-likelihood: -10632924.06915
417. Current log-likelihood: -10632923.94064
418. Current log-likelihood: -10632923.80798
419. Current log-likelihood: -10632923.67653
420. Current log-likelihood: -10632923.54610
421. Current log-likelihood: -10632923.41566
422. Current log-likelihood: -10632923.28567
423. Current log-likelihood: -10632923.15928
424. Current log-likelihood: -10632923.02839
425. Current log-likelihood: -10632922.89914
426. Current log-likelihood: -10632922.77110
427. Current log-likelihood: -10632922.64249
428. Current log-likelihood: -10632922.51494
429. Current log-likelihood: -10632922.39064
430. Current log-likelihood: -10632922.26230
431. Current log-likelihood: -10632922.13507
432. Current log-likelihood: -10632922.01155
433. Current log-likelihood: -10632921.88317
434. Current log-likelihood: -10632921.75751
435. Current log-likelihood: -10632921.63511
436. Current log-likelihood: -10632921.50835
437. Current log-likelihood: -10632921.38658
438. Current log-likelihood: -10632921.26154
439. Current log-likelihood: -10632921.13721
440. Current log-likelihood: -10632921.01409
441. Current log-likelihood: -10632920.89057
442. Current log-likelihood: -10632920.77054
443. Current log-likelihood: -10632920.64643
444. Current log-likelihood: -10632920.52444
445. Current log-likelihood: -10632920.40556
446. Current log-likelihood: -10632920.28319
447. Current log-likelihood: -10632920.16208
448. Current log-likelihood: -10632920.04136
449. Current log-likelihood: -10632919.92374
450. Current log-likelihood: -10632919.80288
451. Current log-likelihood: -10632919.68283
452. Current log-likelihood: -10632919.56618
453. Current log-likelihood: -10632919.44538
454. Current log-likelihood: -10632919.32950
455. Current log-likelihood: -10632919.20969
456. Current log-likelihood: -10632919.09452
457. Current log-likelihood: -10632918.97621
458. Current log-likelihood: -10632918.85893
459. Current log-likelihood: -10632918.74234
460. Current log-likelihood: -10632918.62864
461. Current log-likelihood: -10632918.51147
462. Current log-likelihood: -10632918.39857
463. Current log-likelihood: -10632918.28205
464. Current log-likelihood: -10632918.16685
465. Current log-likelihood: -10632918.05234
466. Current log-likelihood: -10632917.94066
467. Current log-likelihood: -10632917.82564
468. Current log-likelihood: -10632917.71475
469. Current log-likelihood: -10632917.60034
470. Current log-likelihood: -10632917.49015
471. Current log-likelihood: -10632917.37632
472. Current log-likelihood: -10632917.26684
473. Current log-likelihood: -10632917.15336
474. Current log-likelihood: -10632917.04451
475. Current log-likelihood: -10632916.93210
476. Current log-likelihood: -10632916.82394
477. Current log-likelihood: -10632916.71231
478. Current log-likelihood: -10632916.60167
479. Current log-likelihood: -10632916.49199
480. Current log-likelihood: -10632916.38493
481. Current log-likelihood: -10632916.27482
482. Current log-likelihood: -10632916.16856
483. Current log-likelihood: -10632916.05890
484. Current log-likelihood: -10632915.95328
485. Current log-likelihood: -10632915.84441
486. Current log-likelihood: -10632915.73948
487. Current log-likelihood: -10632915.63114
488. Current log-likelihood: -10632915.52685
489. Current log-likelihood: -10632915.41929
490. Current log-likelihood: -10632915.31566
491. Current log-likelihood: -10632915.20690
492. Current log-likelihood: -10632915.10361
493. Current log-likelihood: -10632914.99768
494. Current log-likelihood: -10632914.89522
495. Current log-likelihood: -10632914.78970
496. Current log-likelihood: -10632914.68792
497. Current log-likelihood: -10632914.58314
498. Current log-likelihood: -10632914.47926
499. Current log-likelihood: -10632914.37608
500. Current log-likelihood: -10632914.27546
501. Current log-likelihood: -10632914.17197
502. Current log-likelihood: -10632914.05254
503. Current log-likelihood: -10632913.92955
504. Current log-likelihood: -10632913.80793
505. Current log-likelihood: -10632913.68720
506. Current log-likelihood: -10632913.56970
507. Current log-likelihood: -10632913.44824
508. Current log-likelihood: -10632913.32847
509. Current log-likelihood: -10632913.20960
510. Current log-likelihood: -10632913.09069
511. Current log-likelihood: -10632912.97252
512. Current log-likelihood: -10632912.85761
513. Current log-likelihood: -10632912.73891
514. Current log-likelihood: -10632912.62198
515. Current log-likelihood: -10632912.50564
516. Current log-likelihood: -10632912.39240
517. Current log-likelihood: -10632912.27546
518. Current log-likelihood: -10632912.16028
519. Current log-likelihood: -10632912.04567
520. Current log-likelihood: -10632911.93412
521. Current log-likelihood: -10632911.81913
522. Current log-likelihood: -10632911.70569
523. Current log-likelihood: -10632911.59282
524. Current log-likelihood: -10632911.48296
525. Current log-likelihood: -10632911.36983
526. Current log-likelihood: -10632911.25806
527. Current log-likelihood: -10632911.14688
528. Current log-likelihood: -10632911.03862
529. Current log-likelihood: -10632910.92721
530. Current log-likelihood: -10632910.82000
531. Current log-likelihood: -10632910.70942
532. Current log-likelihood: -10632910.60010
533. Current log-likelihood: -10632910.49143
534. Current log-likelihood: -10632910.38569
535. Current log-likelihood: -10632910.27693
536. Current log-likelihood: -10632910.17216
537. Current log-likelihood: -10632910.06390
538. Current log-likelihood: -10632909.95693
539. Current log-likelihood: -10632909.85090
540. Current log-likelihood: -10632909.74752
541. Current log-likelihood: -10632909.64123
542. Current log-likelihood: -10632909.53881
543. Current log-likelihood: -10632909.43319
544. Current log-likelihood: -10632909.33158
545. Current log-likelihood: -10632909.22673
546. Current log-likelihood: -10632909.12242
547. Current log-likelihood: -10632909.01953
548. Current log-likelihood: -10632908.91926
549. Current log-likelihood: -10632908.81616
550. Current log-likelihood: -10632908.71679
551. Current log-likelihood: -10632908.61472
552. Current log-likelihood: -10632908.51306
553. Current log-likelihood: -10632908.41456
554. Current log-likelihood: -10632908.31347
555. Current log-likelihood: -10632908.21580
556. Current log-likelihood: -10632908.11473
557. Current log-likelihood: -10632908.01774
558. Current log-likelihood: -10632907.91840
559. Current log-likelihood: -10632907.81983
560. Current log-likelihood: -10632907.72416
561. Current log-likelihood: -10632907.62580
562. Current log-likelihood: -10632907.53091
563. Current log-likelihood: -10632907.43328
564. Current log-likelihood: -10632907.33622
565. Current log-likelihood: -10632907.24208
566. Current log-likelihood: -10632907.14549
567. Current log-likelihood: -10632907.05210
568. Current log-likelihood: -10632906.95621
569. Current log-likelihood: -10632906.86170
570. Current log-likelihood: -10632906.76963
571. Current log-likelihood: -10632906.67490
572. Current log-likelihood: -10632906.58362
573. Current log-likelihood: -10632906.48958
574. Current log-likelihood: -10632906.39627
575. Current log-likelihood: -10632906.30563
576. Current log-likelihood: -10632906.21266
577. Current log-likelihood: -10632906.12273
578. Current log-likelihood: -10632906.03064
579. Current log-likelihood: -10632905.93954
580. Current log-likelihood: -10632905.85092
581. Current log-likelihood: -10632905.76000
582. Current log-likelihood: -10632905.66949
583. Current log-likelihood: -10632905.58150
584. Current log-likelihood: -10632905.49152
585. Current log-likelihood: -10632905.40263
586. Current log-likelihood: -10632905.31598
587. Current log-likelihood: -10632905.22710
588. Current log-likelihood: -10632905.13857
589. Current log-likelihood: -10632905.05257
590. Current log-likelihood: -10632904.96456
591. Current log-likelihood: -10632904.87767
592. Current log-likelihood: -10632904.79289
593. Current log-likelihood: -10632904.70603
594. Current log-likelihood: -10632904.61947
595. Current log-likelihood: -10632904.53537
596. Current log-likelihood: -10632904.44941
597. Current log-likelihood: -10632904.36446
598. Current log-likelihood: -10632904.28156
599. Current log-likelihood: -10632904.19667
600. Current log-likelihood: -10632904.11214
601. Current log-likelihood: -10632904.02991
602. Current log-likelihood: -10632903.93237
603. Current log-likelihood: -10632903.83587
604. Current log-likelihood: -10632903.74196
605. Current log-likelihood: -10632903.64525
606. Current log-likelihood: -10632903.54926
607. Current log-likelihood: -10632903.45629
608. Current log-likelihood: -10632903.36072
609. Current log-likelihood: -10632903.26681
610. Current log-likelihood: -10632903.17528
611. Current log-likelihood: -10632903.08092
612. Current log-likelihood: -10632902.98763
613. Current log-likelihood: -10632902.89705
614. Current log-likelihood: -10632902.80376
615. Current log-likelihood: -10632902.71194
616. Current log-likelihood: -10632902.62275
617. Current log-likelihood: -10632902.53088
618. Current log-likelihood: -10632902.43979
619. Current log-likelihood: -10632902.35148
620. Current log-likelihood: -10632902.26064
621. Current log-likelihood: -10632902.17309
622. Current log-likelihood: -10632902.08308
623. Current log-likelihood: -10632901.99432
624. Current log-likelihood: -10632901.90814
625. Current log-likelihood: -10632901.81940
626. Current log-likelihood: -10632901.73117
627. Current log-likelihood: -10632901.64575
628. Current log-likelihood: -10632901.55800
629. Current log-likelihood: -10632901.47147
630. Current log-likelihood: -10632901.38741
631. Current log-likelihood: -10632901.30096
632. Current log-likelihood: -10632901.21485
633. Current log-likelihood: -10632901.13150
634. Current log-likelihood: -10632901.04602
635. Current log-likelihood: -10632900.96160
636. Current log-likelihood: -10632900.87960
637. Current log-likelihood: -10632900.79509
638. Current log-likelihood: -10632900.71120
639. Current log-likelihood: -10632900.62986
640. Current log-likelihood: -10632900.54646
641. Current log-likelihood: -10632900.46390
642. Current log-likelihood: -10632900.38378
643. Current log-likelihood: -10632900.30148
644. Current log-likelihood: -10632900.21957
645. Current log-likelihood: -10632900.14015
646. Current log-likelihood: -10632900.05873
647. Current log-likelihood: -10632899.97826
648. Current log-likelihood: -10632899.90011
649. Current log-likelihood: -10632899.81966
650. Current log-likelihood: -10632899.74224
651. Current log-likelihood: -10632899.66200
652. Current log-likelihood: -10632899.58513
653. Current log-likelihood: -10632899.50577
654. Current log-likelihood: -10632899.42702
655. Current log-likelihood: -10632899.35068
656. Current log-likelihood: -10632899.27234
657. Current log-likelihood: -10632899.19665
658. Current log-likelihood: -10632899.11865
659. Current log-likelihood: -10632899.04357
660. Current log-likelihood: -10632898.96632
661. Current log-likelihood: -10632898.89011
662. Current log-likelihood: -10632898.81622
663. Current log-likelihood: -10632898.73998
664. Current log-likelihood: -10632898.66655
665. Current log-likelihood: -10632898.59046
666. Current log-likelihood: -10632898.51757
667. Current log-likelihood: -10632898.44119
668. Current log-likelihood: -10632898.36860
669. Current log-likelihood: -10632898.29413
670. Current log-likelihood: -10632898.22229
671. Current log-likelihood: -10632898.14813
672. Current log-likelihood: -10632898.07442
673. Current log-likelihood: -10632898.00303
674. Current log-likelihood: -10632897.92984
675. Current log-likelihood: -10632897.85924
676. Current log-likelihood: -10632897.78618
677. Current log-likelihood: -10632897.71585
678. Current log-likelihood: -10632897.64358
679. Current log-likelihood: -10632897.57385
680. Current log-likelihood: -10632897.50173
681. Current log-likelihood: -10632897.43253
682. Current log-likelihood: -10632897.36123
683. Current log-likelihood: -10632897.29247
684. Current log-likelihood: -10632897.22137
685. Current log-likelihood: -10632897.15314
686. Current log-likelihood: -10632897.08300
687. Current log-likelihood: -10632897.01541
688. Current log-likelihood: -10632896.94523
689. Current log-likelihood: -10632896.87817
690. Current log-likelihood: -10632896.80865
691. Current log-likelihood: -10632896.74191
692. Current log-likelihood: -10632896.67271
693. Current log-likelihood: -10632896.60651
694. Current log-likelihood: -10632896.53794
695. Current log-likelihood: -10632896.47208
696. Current log-likelihood: -10632896.40374
697. Current log-likelihood: -10632896.33838
698. Current log-likelihood: -10632896.27082
699. Current log-likelihood: -10632896.20589
700. Current log-likelihood: -10632896.13827
701. Current log-likelihood: -10632896.07372
702. Current log-likelihood: -10632895.99789
703. Current log-likelihood: -10632895.92248
704. Current log-likelihood: -10632895.84745
705. Current log-likelihood: -10632895.77506
706. Current log-likelihood: -10632895.70000
707. Current log-likelihood: -10632895.62543
708. Current log-likelihood: -10632895.55162
709. Current log-likelihood: -10632895.47501
710. Current log-likelihood: -10632895.40357
711. Current log-likelihood: -10632895.32968
712. Current log-likelihood: -10632895.25608
713. Current log-likelihood: -10632895.18319
714. Current log-likelihood: -10632895.11285
715. Current log-likelihood: -10632895.03977
716. Current log-likelihood: -10632894.96720
717. Current log-likelihood: -10632894.89520
718. Current log-likelihood: -10632894.82572
719. Current log-likelihood: -10632894.75356
720. Current log-likelihood: -10632894.68185
721. Current log-likelihood: -10632894.61070
722. Current log-likelihood: -10632894.54204
723. Current log-likelihood: -10632894.47065
724. Current log-likelihood: -10632894.39977
725. Current log-likelihood: -10632894.32940
726. Current log-likelihood: -10632894.26163
727. Current log-likelihood: -10632894.19104
728. Current log-likelihood: -10632894.12100
729. Current log-likelihood: -10632894.05147
730. Current log-likelihood: -10632893.98181
731. Current log-likelihood: -10632893.91281
732. Current log-likelihood: -10632893.84358
733. Current log-likelihood: -10632893.77673
734. Current log-likelihood: -10632893.70728
735. Current log-likelihood: -10632893.63841
736. Current log-likelihood: -10632893.57204
737. Current log-likelihood: -10632893.50326
738. Current log-likelihood: -10632893.43493
739. Current log-likelihood: -10632893.36684
740. Current log-likelihood: -10632893.29885
741. Current log-likelihood: -10632893.23335
742. Current log-likelihood: -10632893.16528
743. Current log-likelihood: -10632893.09762
744. Current log-likelihood: -10632893.03012
745. Current log-likelihood: -10632892.96521
746. Current log-likelihood: -10632892.89736
747. Current log-likelihood: -10632892.83052
748. Current log-likelihood: -10632892.76340
749. Current log-likelihood: -10632892.69679
750. Current log-likelihood: -10632892.63003
751. Current log-likelihood: -10632892.56563
752. Current log-likelihood: -10632892.49878
753. Current log-likelihood: -10632892.43192
754. Current log-likelihood: -10632892.36578
755. Current log-likelihood: -10632892.30194
756. Current log-likelihood: -10632892.23518
757. Current log-likelihood: -10632892.16914
758. Current log-likelihood: -10632892.10290
759. Current log-likelihood: -10632892.03714
760. Current log-likelihood: -10632891.97384
761. Current log-likelihood: -10632891.90727
762. Current log-likelihood: -10632891.84153
763. Current log-likelihood: -10632891.77548
764. Current log-likelihood: -10632891.71221
765. Current log-likelihood: -10632891.64600
766. Current log-likelihood: -10632891.58017
767. Current log-likelihood: -10632891.51492
768. Current log-likelihood: -10632891.44904
769. Current log-likelihood: -10632891.38598
770. Current log-likelihood: -10632891.31987
771. Current log-likelihood: -10632891.25419
772. Current log-likelihood: -10632891.18889
773. Current log-likelihood: -10632891.12613
774. Current log-likelihood: -10632891.05954
775. Current log-likelihood: -10632890.99412
776. Current log-likelihood: -10632890.92880
777. Current log-likelihood: -10632890.86322
778. Current log-likelihood: -10632890.79797
779. Current log-likelihood: -10632890.73216
780. Current log-likelihood: -10632890.66674
781. Current log-likelihood: -10632890.60127
782. Current log-likelihood: -10632890.53565
783. Current log-likelihood: -10632890.47011
784. Current log-likelihood: -10632890.40450
785. Current log-likelihood: -10632890.33839
786. Current log-likelihood: -10632890.27273
787. Current log-likelihood: -10632890.20674
788. Current log-likelihood: -10632890.14067
789. Current log-likelihood: -10632890.07477
790. Current log-likelihood: -10632890.00821
791. Current log-likelihood: -10632889.94193
792. Current log-likelihood: -10632889.87552
793. Current log-likelihood: -10632889.80887
794. Current log-likelihood: -10632889.74222
795. Current log-likelihood: -10632889.67543
796. Current log-likelihood: -10632889.60819
797. Current log-likelihood: -10632889.54091
798. Current log-likelihood: -10632889.47361
799. Current log-likelihood: -10632889.40612
800. Current log-likelihood: -10632889.33833
801. Current log-likelihood: -10632889.27048
802. Current log-likelihood: -10632889.19413
803. Current log-likelihood: -10632889.11730
804. Current log-likelihood: -10632889.04064
805. Current log-likelihood: -10632888.96314
806. Current log-likelihood: -10632888.88552
807. Current log-likelihood: -10632888.80738
808. Current log-likelihood: -10632888.72896
809. Current log-likelihood: -10632888.65028
810. Current log-likelihood: -10632888.57112
811. Current log-likelihood: -10632888.49178
812. Current log-likelihood: -10632888.41134
813. Current log-likelihood: -10632888.33107
814. Current log-likelihood: -10632888.24996
815. Current log-likelihood: -10632888.16873
816. Current log-likelihood: -10632888.08676
817. Current log-likelihood: -10632888.00434
818. Current log-likelihood: -10632887.92092
819. Current log-likelihood: -10632887.83740
820. Current log-likelihood: -10632887.75286
821. Current log-likelihood: -10632887.66796
822. Current log-likelihood: -10632887.58240
823. Current log-likelihood: -10632887.49577
824. Current log-likelihood: -10632887.40861
825. Current log-likelihood: -10632887.32061
826. Current log-likelihood: -10632887.23192
827. Current log-likelihood: -10632887.14093
828. Current log-likelihood: -10632887.05093
829. Current log-likelihood: -10632886.95793
830. Current log-likelihood: -10632886.86583
831. Current log-likelihood: -10632886.77100
832. Current log-likelihood: -10632886.67691
833. Current log-likelihood: -10632886.57957
834. Current log-likelihood: -10632886.48158
835. Current log-likelihood: -10632886.38218
836. Current log-likelihood: -10632886.28183
837. Current log-likelihood: -10632886.17967
838. Current log-likelihood: -10632886.07639
839. Current log-likelihood: -10632885.97123
840. Current log-likelihood: -10632885.86413
841. Current log-likelihood: -10632885.75551
842. Current log-likelihood: -10632885.64515
843. Current log-likelihood: -10632885.53262
844. Current log-likelihood: -10632885.41814
845. Current log-likelihood: -10632885.30098
846. Current log-likelihood: -10632885.18208
847. Current log-likelihood: -10632885.06025
848. Current log-likelihood: -10632884.93608
849. Current log-likelihood: -10632884.80894
850. Current log-likelihood: -10632884.67891
851. Current log-likelihood: -10632884.54539
852. Current log-likelihood: -10632884.40849
853. Current log-likelihood: -10632884.26815
854. Current log-likelihood: -10632884.12394
855. Current log-likelihood: -10632883.97561
856. Current log-likelihood: -10632883.82206
857. Current log-likelihood: -10632883.66183
858. Current log-likelihood: -10632883.49676
859. Current log-likelihood: -10632883.32624
860. Current log-likelihood: -10632883.14892
861. Current log-likelihood: -10632882.96475
862. Current log-likelihood: -10632882.77277
863. Current log-likelihood: -10632882.57300
864. Current log-likelihood: -10632882.36342
865. Current log-likelihood: -10632882.14403
866. Current log-likelihood: -10632881.90999
867. Current log-likelihood: -10632881.66710
868. Current log-likelihood: -10632881.40587
869. Current log-likelihood: -10632881.12881
870. Current log-likelihood: -10632880.82416
871. Current log-likelihood: -10632877.74597
872. Current log-likelihood: -10632813.72441
873. Current log-likelihood: -10632766.93942
874. Current log-likelihood: -10632763.54092
875. Current log-likelihood: -10632762.93386
876. Current log-likelihood: -10632762.81523
877. Current log-likelihood: -10632762.78786
878. Current log-likelihood: -10632762.78419
879. Current log-likelihood: -10632762.77560
880. Current log-likelihood: -10632762.77488
Final estimation on weights:
0.94897,0.05034,0.00069
Wrote distance file to... 
BEST SCORE FOUND : -10632762.77488
Total tree lengths: 0.27068 0.01216 6.11315

Total number of iterations: 878
CPU time used for tree search: 0.00003 sec (0h:0m:0s)
Wall-clock time used for tree search: 0.00003 sec (0h:0m:0s)
Total CPU time used: 36793.15806 sec (10h:13m:13s)
Total wall-clock time used: 1367.26673 sec (0h:22m:47s)

Analysis results written to: 
  IQ-TREE report:                mast_all_occ80_JU3237_quartet_05.submodel1.iqtree
  Maximum-likelihood tree:       mast_all_occ80_JU3237_quartet_05.submodel1.treefile
  Screen log file:               mast_all_occ80_JU3237_quartet_05.submodel1.log

Date and Time: Wed Jul  8 23:43:40 2026
