IQ-TREE version 3.0.1 for Linux x86 64-bit built Jul  9 2025
Developed by Bui Quang Minh, Thomas Wong, Nhan Ly-Trong, Huaiyan Ren
Contributed by Lam-Tung Nguyen, Dominik Schrempf, Chris Bielow,
Olga Chernomor, Michael Woodhams, Diep Thi Hoang, Heiko Schmidt

Host:    c355 (AVX512, FMA3, 188 GB RAM)
Command: iqtree3 -s /vast/eande106/projects/Nicolas/github/CB_PopGen_HDR_MS/processed_data/tree_topology/mast/mast_all/occ80_JU3237_quartet_11_supermatrix.clean.fas -m TMIX{LG+FO+G,LG+FO+G,LG+FO+G}+T -te /vast/eande106/projects/Nicolas/github/CB_PopGen_HDR_MS/processed_data/tree_topology/mast/quartet_topologies/quartet_11_NIC2150_JU3237_topologies.tre --prefix mast_all_occ80_JU3237_quartet_11.submodel1 -T 48
Seed:    202395 (Using SPRNG - Scalable Parallel Random Number Generator)
Time:    Wed Jul  8 23:20:54 2026
Kernel:  AVX+FMA - 48 threads (48 CPU cores detected)

Reading alignment file /vast/eande106/projects/Nicolas/github/CB_PopGen_HDR_MS/processed_data/tree_topology/mast/mast_all/occ80_JU3237_quartet_11_supermatrix.clean.fas ... Fasta format detected
Reading fasta file: done in 0.219884 secs using 49.75% CPU
Alignment most likely contains protein sequences
Constructing alignment: done in 3.03083 secs using 11.86% CPU
Alignment has 4 sequences with 2755060 columns, 12576 distinct patterns
21335 parsimony-informative, 425596 singleton sites, 2308129 constant sites
         Gap/Ambiguity  Composition  p-value
Analyzing sequences: done in 0.000441669 secs using 1.065e+04% CPU
   1  PX506      4.79%    failed      0.00%
   2  JU3237     2.11%    passed     78.67%
   3  NIC2150    2.87%    failed      4.85%
   4  QX1410     2.09%    passed     95.64%
****  TOTAL      2.97%  2 sequences failed composition chi2 test (p-value<5%; df=19)
Number of input trees: 3
Minimum branch length is set to 0.0000010
Checking for duplicate sequences: done in 0.000437909 secs using 3585% CPU

NOTE: 93 MB RAM (0 GB) is required!
According to the parsimony scores along the sites, the tree weights are initialized to:
0.9657371,0.0124678,0.0217952
Estimate model parameters (epsilon = 0.00100)
1. Initial log-likelihood: -10646432.60299
2. Current log-likelihood: -10645035.11023
3. Current log-likelihood: -10641219.45647
4. Current log-likelihood: -10640715.35238
5. Current log-likelihood: -10640619.92783
6. Current log-likelihood: -10640571.99924
7. Current log-likelihood: -10640529.18282
8. Current log-likelihood: -10640491.54828
9. Current log-likelihood: -10640458.85273
10. Current log-likelihood: -10640430.45524
11. Current log-likelihood: -10640405.88225
12. Current log-likelihood: -10640382.87343
13. Current log-likelihood: -10640364.31236
14. Current log-likelihood: -10640348.38331
15. Current log-likelihood: -10640334.80427
16. Current log-likelihood: -10640323.26604
17. Current log-likelihood: -10640313.44132
18. Current log-likelihood: -10640305.06480
19. Current log-likelihood: -10640297.98734
20. Current log-likelihood: -10640292.01025
21. Current log-likelihood: -10640286.97209
22. Current log-likelihood: -10640282.80695
23. Current log-likelihood: -10640279.32941
24. Current log-likelihood: -10640276.44872
25. Current log-likelihood: -10640274.03462
26. Current log-likelihood: -10640272.01782
27. Current log-likelihood: -10640270.32928
28. Current log-likelihood: -10640268.91768
29. Current log-likelihood: -10640267.74475
30. Current log-likelihood: -10640266.74803
31. Current log-likelihood: -10640265.91106
32. Current log-likelihood: -10640265.21262
33. Current log-likelihood: -10640264.61462
34. Current log-likelihood: -10640264.10793
35. Current log-likelihood: -10640263.67280
36. Current log-likelihood: -10640263.29602
37. Current log-likelihood: -10640262.96714
38. Current log-likelihood: -10640262.67946
39. Current log-likelihood: -10640262.42435
40. Current log-likelihood: -10640262.19703
41. Current log-likelihood: -10640261.99189
42. Current log-likelihood: -10640261.80583
43. Current log-likelihood: -10640261.63390
44. Current log-likelihood: -10640261.47468
45. Current log-likelihood: -10640261.32448
46. Current log-likelihood: -10640261.18223
47. Current log-likelihood: -10640261.04744
48. Current log-likelihood: -10640260.91792
49. Current log-likelihood: -10640260.79380
50. Current log-likelihood: -10640260.67255
51. Current log-likelihood: -10640260.55437
52. Current log-likelihood: -10640260.43964
53. Current log-likelihood: -10640260.32515
54. Current log-likelihood: -10640260.21981
55. Current log-likelihood: -10640260.10660
56. Current log-likelihood: -10640260.00262
57. Current log-likelihood: -10640259.89267
58. Current log-likelihood: -10640259.78570
59. Current log-likelihood: -10640259.68324
60. Current log-likelihood: -10640259.57577
61. Current log-likelihood: -10640259.47390
62. Current log-likelihood: -10640259.36895
63. Current log-likelihood: -10640259.26784
64. Current log-likelihood: -10640259.16275
65. Current log-likelihood: -10640259.06206
66. Current log-likelihood: -10640258.95852
67. Current log-likelihood: -10640258.85806
68. Current log-likelihood: -10640258.75530
69. Current log-likelihood: -10640258.65531
70. Current log-likelihood: -10640258.55290
71. Current log-likelihood: -10640258.45335
72. Current log-likelihood: -10640258.35120
73. Current log-likelihood: -10640258.25190
74. Current log-likelihood: -10640258.14911
75. Current log-likelihood: -10640258.05009
76. Current log-likelihood: -10640257.94891
77. Current log-likelihood: -10640257.85016
78. Current log-likelihood: -10640257.74947
79. Current log-likelihood: -10640257.65086
80. Current log-likelihood: -10640257.55246
81. Current log-likelihood: -10640257.45202
82. Current log-likelihood: -10640257.35377
83. Current log-likelihood: -10640257.25593
84. Current log-likelihood: -10640257.15580
85. Current log-likelihood: -10640257.05816
86. Current log-likelihood: -10640256.96061
87. Current log-likelihood: -10640256.86108
88. Current log-likelihood: -10640256.76371
89. Current log-likelihood: -10640256.66657
90. Current log-likelihood: -10640256.56734
91. Current log-likelihood: -10640256.47037
92. Current log-likelihood: -10640256.37178
93. Current log-likelihood: -10640256.27527
94. Current log-likelihood: -10640256.17676
95. Current log-likelihood: -10640256.08029
96. Current log-likelihood: -10640255.98226
97. Current log-likelihood: -10640255.88627
98. Current log-likelihood: -10640255.78821
99. Current log-likelihood: -10640255.69238
100. Current log-likelihood: -10640255.59665
101. Current log-likelihood: -10640255.49883
102. Current log-likelihood: -10640255.30921
103. Current log-likelihood: -10640255.11622
104. Current log-likelihood: -10640254.92542
105. Current log-likelihood: -10640254.73497
106. Current log-likelihood: -10640254.54452
107. Current log-likelihood: -10640254.35522
108. Current log-likelihood: -10640254.16635
109. Current log-likelihood: -10640253.97724
110. Current log-likelihood: -10640253.78948
111. Current log-likelihood: -10640253.60214
112. Current log-likelihood: -10640253.41479
113. Current log-likelihood: -10640253.22856
114. Current log-likelihood: -10640253.04275
115. Current log-likelihood: -10640252.85682
116. Current log-likelihood: -10640252.67435
117. Current log-likelihood: -10640252.48897
118. Current log-likelihood: -10640252.30541
119. Current log-likelihood: -10640252.12174
120. Current log-likelihood: -10640251.93885
121. Current log-likelihood: -10640251.75639
122. Current log-likelihood: -10640251.57459
123. Current log-likelihood: -10640251.39610
124. Current log-likelihood: -10640251.21390
125. Current log-likelihood: -10640251.03390
126. Current log-likelihood: -10640250.85713
127. Current log-likelihood: -10640250.67532
128. Current log-likelihood: -10640250.49697
129. Current log-likelihood: -10640250.31824
130. Current log-likelihood: -10640250.14070
131. Current log-likelihood: -10640249.96227
132. Current log-likelihood: -10640249.78566
133. Current log-likelihood: -10640249.61215
134. Current log-likelihood: -10640249.43498
135. Current log-likelihood: -10640249.25999
136. Current log-likelihood: -10640249.08484
137. Current log-likelihood: -10640248.91047
138. Current log-likelihood: -10640248.73629
139. Current log-likelihood: -10640248.56303
140. Current log-likelihood: -10640248.39297
141. Current log-likelihood: -10640248.21853
142. Current log-likelihood: -10640248.04704
143. Current log-likelihood: -10640247.87534
144. Current log-likelihood: -10640247.70408
145. Current log-likelihood: -10640247.53376
146. Current log-likelihood: -10640247.36352
147. Current log-likelihood: -10640247.19432
148. Current log-likelihood: -10640247.02487
149. Current log-likelihood: -10640246.85632
150. Current log-likelihood: -10640246.68780
151. Current log-likelihood: -10640246.52251
152. Current log-likelihood: -10640246.35397
153. Current log-likelihood: -10640246.18736
154. Current log-likelihood: -10640246.02101
155. Current log-likelihood: -10640245.85530
156. Current log-likelihood: -10640245.68999
157. Current log-likelihood: -10640245.52784
158. Current log-likelihood: -10640245.36250
159. Current log-likelihood: -10640245.19903
160. Current log-likelihood: -10640245.03466
161. Current log-likelihood: -10640244.87181
162. Current log-likelihood: -10640244.70929
163. Current log-likelihood: -10640244.54992
164. Current log-likelihood: -10640244.38677
165. Current log-likelihood: -10640244.22825
166. Current log-likelihood: -10640244.06615
167. Current log-likelihood: -10640243.90603
168. Current log-likelihood: -10640243.74640
169. Current log-likelihood: -10640243.58716
170. Current log-likelihood: -10640243.42820
171. Current log-likelihood: -10640243.27013
172. Current log-likelihood: -10640243.11199
173. Current log-likelihood: -10640242.95709
174. Current log-likelihood: -10640242.79929
175. Current log-likelihood: -10640242.64330
176. Current log-likelihood: -10640242.48690
177. Current log-likelihood: -10640242.33387
178. Current log-likelihood: -10640242.17707
179. Current log-likelihood: -10640242.02278
180. Current log-likelihood: -10640241.86834
181. Current log-likelihood: -10640241.71462
182. Current log-likelihood: -10640241.56129
183. Current log-likelihood: -10640241.40847
184. Current log-likelihood: -10640241.25592
185. Current log-likelihood: -10640241.10386
186. Current log-likelihood: -10640240.95238
187. Current log-likelihood: -10640240.80132
188. Current log-likelihood: -10640240.65043
189. Current log-likelihood: -10640240.50264
190. Current log-likelihood: -10640240.35208
191. Current log-likelihood: -10640240.20288
192. Current log-likelihood: -10640240.05398
193. Current log-likelihood: -10640239.90544
194. Current log-likelihood: -10640239.75721
195. Current log-likelihood: -10640239.60965
196. Current log-likelihood: -10640239.46253
197. Current log-likelihood: -10640239.31572
198. Current log-likelihood: -10640239.16937
199. Current log-likelihood: -10640239.02354
200. Current log-likelihood: -10640238.87628
201. Current log-likelihood: -10640238.73130
202. Current log-likelihood: -10640238.51611
203. Current log-likelihood: -10640238.30171
204. Current log-likelihood: -10640238.08722
205. Current log-likelihood: -10640237.87380
206. Current log-likelihood: -10640237.66137
207. Current log-likelihood: -10640237.44996
208. Current log-likelihood: -10640237.23934
209. Current log-likelihood: -10640237.02981
210. Current log-likelihood: -10640236.82123
211. Current log-likelihood: -10640236.61347
212. Current log-likelihood: -10640236.40654
213. Current log-likelihood: -10640236.20072
214. Current log-likelihood: -10640235.99557
215. Current log-likelihood: -10640235.79154
216. Current log-likelihood: -10640235.58851
217. Current log-likelihood: -10640235.38614
218. Current log-likelihood: -10640235.18486
219. Current log-likelihood: -10640234.98444
220. Current log-likelihood: -10640234.78476
221. Current log-likelihood: -10640234.58636
222. Current log-likelihood: -10640234.38844
223. Current log-likelihood: -10640234.19165
224. Current log-likelihood: -10640233.99565
225. Current log-likelihood: -10640233.80052
226. Current log-likelihood: -10640233.60630
227. Current log-likelihood: -10640233.41297
228. Current log-likelihood: -10640233.22048
229. Current log-likelihood: -10640233.02868
230. Current log-likelihood: -10640232.83829
231. Current log-likelihood: -10640232.64797
232. Current log-likelihood: -10640232.45907
233. Current log-likelihood: -10640232.27081
234. Current log-likelihood: -10640232.08360
235. Current log-likelihood: -10640231.89684
236. Current log-likelihood: -10640231.71135
237. Current log-likelihood: -10640231.52626
238. Current log-likelihood: -10640231.34238
239. Current log-likelihood: -10640231.15912
240. Current log-likelihood: -10640230.97684
241. Current log-likelihood: -10640230.79505
242. Current log-likelihood: -10640230.61449
243. Current log-likelihood: -10640230.43429
244. Current log-likelihood: -10640230.25550
245. Current log-likelihood: -10640230.07695
246. Current log-likelihood: -10640229.89953
247. Current log-likelihood: -10640229.72277
248. Current log-likelihood: -10640229.54695
249. Current log-likelihood: -10640229.37169
250. Current log-likelihood: -10640229.19666
251. Current log-likelihood: -10640229.02284
252. Current log-likelihood: -10640228.85033
253. Current log-likelihood: -10640228.67805
254. Current log-likelihood: -10640228.50709
255. Current log-likelihood: -10640228.33635
256. Current log-likelihood: -10640228.16672
257. Current log-likelihood: -10640227.99770
258. Current log-likelihood: -10640227.82957
259. Current log-likelihood: -10640227.66219
260. Current log-likelihood: -10640227.49543
261. Current log-likelihood: -10640227.32955
262. Current log-likelihood: -10640227.16434
263. Current log-likelihood: -10640226.99961
264. Current log-likelihood: -10640226.83612
265. Current log-likelihood: -10640226.67299
266. Current log-likelihood: -10640226.51083
267. Current log-likelihood: -10640226.34915
268. Current log-likelihood: -10640226.18858
269. Current log-likelihood: -10640226.02814
270. Current log-likelihood: -10640225.86879
271. Current log-likelihood: -10640225.71017
272. Current log-likelihood: -10640225.55211
273. Current log-likelihood: -10640225.39491
274. Current log-likelihood: -10640225.23838
275. Current log-likelihood: -10640225.08258
276. Current log-likelihood: -10640224.92731
277. Current log-likelihood: -10640224.77289
278. Current log-likelihood: -10640224.61913
279. Current log-likelihood: -10640224.46629
280. Current log-likelihood: -10640224.31357
281. Current log-likelihood: -10640224.16208
282. Current log-likelihood: -10640224.01081
283. Current log-likelihood: -10640223.86065
284. Current log-likelihood: -10640223.71065
285. Current log-likelihood: -10640223.56182
286. Current log-likelihood: -10640223.41348
287. Current log-likelihood: -10640223.26576
288. Current log-likelihood: -10640223.11872
289. Current log-likelihood: -10640222.97233
290. Current log-likelihood: -10640222.82646
291. Current log-likelihood: -10640222.68161
292. Current log-likelihood: -10640222.53693
293. Current log-likelihood: -10640222.39334
294. Current log-likelihood: -10640222.24991
295. Current log-likelihood: -10640222.10758
296. Current log-likelihood: -10640221.96569
297. Current log-likelihood: -10640221.82439
298. Current log-likelihood: -10640221.68373
299. Current log-likelihood: -10640221.54371
300. Current log-likelihood: -10640221.40420
301. Current log-likelihood: -10640221.26565
302. Current log-likelihood: -10640221.08321
303. Current log-likelihood: -10640220.90184
304. Current log-likelihood: -10640220.72131
305. Current log-likelihood: -10640220.54213
306. Current log-likelihood: -10640220.36369
307. Current log-likelihood: -10640220.18550
308. Current log-likelihood: -10640220.00922
309. Current log-likelihood: -10640219.83307
310. Current log-likelihood: -10640219.65896
311. Current log-likelihood: -10640219.48487
312. Current log-likelihood: -10640219.31296
313. Current log-likelihood: -10640210.11795
314. Current log-likelihood: -10640205.19406
315. Current log-likelihood: -10640203.58220
316. Current log-likelihood: -10640202.94984
317. Current log-likelihood: -10640202.50475
318. Current log-likelihood: -10640202.06440
319. Current log-likelihood: -10640201.63281
320. Current log-likelihood: -10640201.20451
321. Current log-likelihood: -10640200.77701
322. Current log-likelihood: -10640200.35130
323. Current log-likelihood: -10640199.92714
324. Current log-likelihood: -10640199.49247
325. Current log-likelihood: -10640199.06737
326. Current log-likelihood: -10640198.63954
327. Current log-likelihood: -10640198.20245
328. Current log-likelihood: -10640197.77300
329. Current log-likelihood: -10640197.34169
330. Current log-likelihood: -10640196.89854
331. Current log-likelihood: -10640196.46460
332. Current log-likelihood: -10640196.02810
333. Current log-likelihood: -10640195.58653
334. Current log-likelihood: -10640195.13525
335. Current log-likelihood: -10640194.69339
336. Current log-likelihood: -10640194.24595
337. Current log-likelihood: -10640193.78992
338. Current log-likelihood: -10640193.34271
339. Current log-likelihood: -10640192.88933
340. Current log-likelihood: -10640192.43373
341. Current log-likelihood: -10640191.95049
342. Current log-likelihood: -10640191.49508
343. Current log-likelihood: -10640191.03255
344. Current log-likelihood: -10640190.56763
345. Current log-likelihood: -10640190.09264
346. Current log-likelihood: -10640189.62382
347. Current log-likelihood: -10640189.15154
348. Current log-likelihood: -10640188.67628
349. Current log-likelihood: -10640188.19782
350. Current log-likelihood: -10640187.71680
351. Current log-likelihood: -10640187.22517
352. Current log-likelihood: -10640186.73966
353. Current log-likelihood: -10640186.25013
354. Current log-likelihood: -10640185.75432
355. Current log-likelihood: -10640185.25916
356. Current log-likelihood: -10640184.74960
357. Current log-likelihood: -10640184.24937
358. Current log-likelihood: -10640183.74127
359. Current log-likelihood: -10640183.22670
360. Current log-likelihood: -10640182.71697
361. Current log-likelihood: -10640182.19848
362. Current log-likelihood: -10640181.67742
363. Current log-likelihood: -10640181.15327
364. Current log-likelihood: -10640180.61753
365. Current log-likelihood: -10640180.09155
366. Current log-likelihood: -10640179.55690
367. Current log-likelihood: -10640179.01883
368. Current log-likelihood: -10640178.46604
369. Current log-likelihood: -10640177.92181
370. Current log-likelihood: -10640177.37261
371. Current log-likelihood: -10640176.81992
372. Current log-likelihood: -10640176.26436
373. Current log-likelihood: -10640175.70199
374. Current log-likelihood: -10640175.14137
375. Current log-likelihood: -10640174.57758
376. Current log-likelihood: -10640174.00688
377. Current log-likelihood: -10640173.43513
378. Current log-likelihood: -10640172.86172
379. Current log-likelihood: -10640172.28973
380. Current log-likelihood: -10640171.71521
381. Current log-likelihood: -10640171.13498
382. Current log-likelihood: -10640170.55872
383. Current log-likelihood: -10640169.98079
384. Current log-likelihood: -10640169.39823
385. Current log-likelihood: -10640168.80787
386. Current log-likelihood: -10640168.22864
387. Current log-likelihood: -10640167.64874
388. Current log-likelihood: -10640167.06954
389. Current log-likelihood: -10640166.49178
390. Current log-likelihood: -10640165.91621
391. Current log-likelihood: -10640165.34402
392. Current log-likelihood: -10640164.77485
393. Current log-likelihood: -10640164.21011
394. Current log-likelihood: -10640163.64957
395. Current log-likelihood: -10640163.09467
396. Current log-likelihood: -10640162.54536
397. Current log-likelihood: -10640162.00294
398. Current log-likelihood: -10640161.45606
399. Current log-likelihood: -10640160.92707
400. Current log-likelihood: -10640160.40566
401. Current log-likelihood: -10640159.89289
402. Current log-likelihood: -10640159.28882
403. Current log-likelihood: -10640158.68602
404. Current log-likelihood: -10640158.10038
405. Current log-likelihood: -10640157.53293
406. Current log-likelihood: -10640156.98479
407. Current log-likelihood: -10640156.45662
408. Current log-likelihood: -10640155.95294
409. Current log-likelihood: -10640155.46919
410. Current log-likelihood: -10640154.99339
411. Current log-likelihood: -10640154.54998
412. Current log-likelihood: -10640154.12896
413. Current log-likelihood: -10640153.72728
414. Current log-likelihood: -10640153.34988
415. Current log-likelihood: -10640152.99743
416. Current log-likelihood: -10640152.66487
417. Current log-likelihood: -10640152.35350
418. Current log-likelihood: -10640152.06309
419. Current log-likelihood: -10640151.79198
420. Current log-likelihood: -10640151.53881
421. Current log-likelihood: -10640151.30572
422. Current log-likelihood: -10640151.09151
423. Current log-likelihood: -10640150.89211
424. Current log-likelihood: -10640150.69470
425. Current log-likelihood: -10640150.49606
426. Current log-likelihood: -10640150.29868
427. Current log-likelihood: -10640150.10374
428. Current log-likelihood: -10640149.91119
429. Current log-likelihood: -10640149.72039
430. Current log-likelihood: -10640149.53721
431. Current log-likelihood: -10640149.35238
432. Current log-likelihood: -10640149.16831
433. Current log-likelihood: -10640148.98803
434. Current log-likelihood: -10640148.80969
435. Current log-likelihood: -10640148.63551
436. Current log-likelihood: -10640148.46292
437. Current log-likelihood: -10640148.29192
438. Current log-likelihood: -10640148.12323
439. Current log-likelihood: -10640147.95650
440. Current log-likelihood: -10640147.79529
441. Current log-likelihood: -10640147.63216
442. Current log-likelihood: -10640147.47385
443. Current log-likelihood: -10640147.31706
444. Current log-likelihood: -10640147.16223
445. Current log-likelihood: -10640147.00943
446. Current log-likelihood: -10640146.85849
447. Current log-likelihood: -10640146.71253
448. Current log-likelihood: -10640146.56472
449. Current log-likelihood: -10640146.42243
450. Current log-likelihood: -10640146.28134
451. Current log-likelihood: -10640146.14219
452. Current log-likelihood: -10640146.00482
453. Current log-likelihood: -10640145.86906
454. Current log-likelihood: -10640145.73807
455. Current log-likelihood: -10640145.60719
456. Current log-likelihood: -10640145.48838
457. Current log-likelihood: -10640145.36140
458. Current log-likelihood: -10640145.23846
459. Current log-likelihood: -10640145.11696
460. Current log-likelihood: -10640144.99664
461. Current log-likelihood: -10640144.87767
462. Current log-likelihood: -10640144.76235
463. Current log-likelihood: -10640144.64650
464. Current log-likelihood: -10640144.53197
465. Current log-likelihood: -10640144.41825
466. Current log-likelihood: -10640144.30519
467. Current log-likelihood: -10640144.19285
468. Current log-likelihood: -10640144.08406
469. Current log-likelihood: -10640143.97218
470. Current log-likelihood: -10640143.86225
471. Current log-likelihood: -10640143.75209
472. Current log-likelihood: -10640143.64164
473. Current log-likelihood: -10640143.53373
474. Current log-likelihood: -10640143.41655
475. Current log-likelihood: -10640143.30292
476. Current log-likelihood: -10640143.18622
477. Current log-likelihood: -10640143.06907
478. Current log-likelihood: -10640142.95338
479. Current log-likelihood: -10640142.83278
480. Current log-likelihood: -10640142.70935
481. Current log-likelihood: -10640142.58076
482. Current log-likelihood: -10640142.44775
483. Current log-likelihood: -10640142.30109
484. Current log-likelihood: -10640142.14630
485. Current log-likelihood: -10640141.98981
486. Current log-likelihood: -10640141.81771
487. Current log-likelihood: -10640141.64562
488. Current log-likelihood: -10640141.47981
489. Current log-likelihood: -10640141.31549
490. Current log-likelihood: -10640141.16446
491. Current log-likelihood: -10640141.02055
492. Current log-likelihood: -10640140.88881
493. Current log-likelihood: -10640140.76857
494. Current log-likelihood: -10640140.65775
495. Current log-likelihood: -10640140.55406
496. Current log-likelihood: -10640140.45769
497. Current log-likelihood: -10640140.36979
498. Current log-likelihood: -10640140.28739
499. Current log-likelihood: -10640140.20862
500. Current log-likelihood: -10640140.13867
501. Current log-likelihood: -10640140.07320
502. Current log-likelihood: -10640140.00587
503. Current log-likelihood: -10640139.94333
504. Current log-likelihood: -10640139.88681
505. Current log-likelihood: -10640139.86065
506. Current log-likelihood: -10640139.84238
507. Current log-likelihood: -10640139.82580
508. Current log-likelihood: -10640139.81371
509. Current log-likelihood: -10640139.79918
510. Current log-likelihood: -10640139.77950
511. Current log-likelihood: -10640139.76493
512. Current log-likelihood: -10640139.74887
513. Current log-likelihood: -10640139.73506
514. Current log-likelihood: -10640139.71974
515. Current log-likelihood: -10640139.70459
516. Current log-likelihood: -10640139.68969
517. Current log-likelihood: -10640139.67479
518. Current log-likelihood: -10640139.65877
519. Current log-likelihood: -10640139.64390
520. Current log-likelihood: -10640139.62703
521. Current log-likelihood: -10640139.60993
522. Current log-likelihood: -10640139.59249
523. Current log-likelihood: -10640139.57459
524. Current log-likelihood: -10640139.55619
525. Current log-likelihood: -10640139.53526
526. Current log-likelihood: -10640139.51360
527. Current log-likelihood: -10640139.49098
528. Current log-likelihood: -10640139.46543
529. Current log-likelihood: -10640139.43878
530. Current log-likelihood: -10640139.41087
531. Current log-likelihood: -10640139.37970
532. Current log-likelihood: -10640139.34731
533. Current log-likelihood: -10640139.31380
534. Current log-likelihood: -10640139.27896
535. Current log-likelihood: -10640139.24357
536. Current log-likelihood: -10640139.20754
537. Current log-likelihood: -10640139.17120
538. Current log-likelihood: -10640139.13516
539. Current log-likelihood: -10640139.10181
540. Current log-likelihood: -10640139.06904
541. Current log-likelihood: -10640139.03729
542. Current log-likelihood: -10640139.01797
543. Current log-likelihood: -10640138.99509
544. Current log-likelihood: -10640138.97328
545. Current log-likelihood: -10640138.95412
546. Current log-likelihood: -10640138.93566
547. Current log-likelihood: -10640138.91808
548. Current log-likelihood: -10640138.90317
549. Current log-likelihood: -10640138.88897
550. Current log-likelihood: -10640138.87557
551. Current log-likelihood: -10640138.86443
552. Current log-likelihood: -10640138.85386
553. Current log-likelihood: -10640138.84388
554. Current log-likelihood: -10640138.83459
555. Current log-likelihood: -10640138.82583
556. Current log-likelihood: -10640138.81886
557. Current log-likelihood: -10640138.81227
558. Current log-likelihood: -10640138.80717
559. Current log-likelihood: -10640138.80202
560. Current log-likelihood: -10640138.79742
561. Current log-likelihood: -10640138.79304
562. Current log-likelihood: -10640138.78889
563. Current log-likelihood: -10640138.78618
564. Current log-likelihood: -10640138.78361
565. Current log-likelihood: -10640138.78114
566. Current log-likelihood: -10640138.77992
567. Current log-likelihood: -10640138.77865
568. Current log-likelihood: -10640138.77747
569. Current log-likelihood: -10640138.77632
570. Current log-likelihood: -10640138.77521
571. Current log-likelihood: -10640138.77412
572. Current log-likelihood: -10640138.77305
573. Current log-likelihood: -10640138.77201
574. Current log-likelihood: -10640138.77099
575. Current log-likelihood: -10640138.77000
Final estimation on weights:
0.95016,0.00069,0.04915
Wrote distance file to... 
BEST SCORE FOUND : -10640138.77000
Total tree lengths: 0.26884 10.22903 0.00283

Total number of iterations: 573
CPU time used for tree search: 0.00003 sec (0h:0m:0s)
Wall-clock time used for tree search: 0.00003 sec (0h:0m:0s)
Total CPU time used: 43726.57388 sec (12h:8m:46s)
Total wall-clock time used: 1911.91017 sec (0h:31m:51s)

Analysis results written to: 
  IQ-TREE report:                mast_all_occ80_JU3237_quartet_11.submodel1.iqtree
  Maximum-likelihood tree:       mast_all_occ80_JU3237_quartet_11.submodel1.treefile
  Screen log file:               mast_all_occ80_JU3237_quartet_11.submodel1.log

Date and Time: Wed Jul  8 23:52:49 2026
