IQ-TREE version 3.0.1 for Linux x86 64-bit built Jul  9 2025
Developed by Bui Quang Minh, Thomas Wong, Nhan Ly-Trong, Huaiyan Ren
Contributed by Lam-Tung Nguyen, Dominik Schrempf, Chris Bielow,
Olga Chernomor, Michael Woodhams, Diep Thi Hoang, Heiko Schmidt

Host:    c277 (AVX512, FMA3, 188 GB RAM)
Command: iqtree3 -s /vast/eande106/projects/Nicolas/github/CB_PopGen_HDR_MS/processed_data/tree_topology/mast/mast_hdr/occ80_JU3200_quartet_04_supermatrix.clean.fas -m TMIX{LG+FO+G,LG+FO+G,LG+FO+G}+T -te /vast/eande106/projects/Nicolas/github/CB_PopGen_HDR_MS/processed_data/tree_topology/mast/quartet_topologies/quartet_04_JU1418_JU3200_topologies.tre --prefix mast_hdr_occ80_JU3200_quartet_04.submodel1 -T 48
Seed:    588615 (Using SPRNG - Scalable Parallel Random Number Generator)
Time:    Thu Jul  9 00:04:10 2026
Kernel:  AVX+FMA - 48 threads (48 CPU cores detected)

Reading alignment file /vast/eande106/projects/Nicolas/github/CB_PopGen_HDR_MS/processed_data/tree_topology/mast/mast_hdr/occ80_JU3200_quartet_04_supermatrix.clean.fas ... Fasta format detected
Reading fasta file: done in 0.0399347 secs using 15.53% CPU
Alignment most likely contains protein sequences
Constructing alignment: done in 0.177845 secs using 126.3% CPU
Alignment has 4 sequences with 162294 columns, 3985 distinct patterns
1131 parsimony-informative, 27156 singleton sites, 134007 constant sites
        Gap/Ambiguity  Composition  p-value
Analyzing sequences: done in 6.85649e-05 secs using 61.26% CPU
   1  PX506     4.66%    passed     37.64%
   2  JU1418    3.63%    passed     99.98%
   3  QX1410    2.39%    passed    100.00%
   4  JU3200    2.82%    passed    100.00%
****  TOTAL     3.38%  0 sequences failed composition chi2 test (p-value<5%; df=19)
Number of input trees: 3
Minimum branch length is set to 0.0000010
Checking for duplicate sequences: done in 0.000130194 secs using 72.2% CPU

NOTE: 29 MB RAM (0 GB) is required!
According to the parsimony scores along the sites, the tree weights are initialized to:
0.9142352,0.0327144,0.0530504
Estimate model parameters (epsilon = 0.00100)
1. Initial log-likelihood: -642728.20841
2. Current log-likelihood: -642519.97422
3. Current log-likelihood: -642189.30556
4. Current log-likelihood: -642155.76024
5. Current log-likelihood: -642151.11227
6. Current log-likelihood: -642147.00606
7. Current log-likelihood: -642143.36025
8. Current log-likelihood: -642140.14694
9. Current log-likelihood: -642137.33200
10. Current log-likelihood: -642134.89205
11. Current log-likelihood: -642132.78542
12. Current log-likelihood: -642130.97667
13. Current log-likelihood: -642129.42906
14. Current log-likelihood: -642128.11608
15. Current log-likelihood: -642127.00788
16. Current log-likelihood: -642126.07458
17. Current log-likelihood: -642125.29208
18. Current log-likelihood: -642124.63602
19. Current log-likelihood: -642124.08749
20. Current log-likelihood: -642123.63010
21. Current log-likelihood: -642123.24995
22. Current log-likelihood: -642122.93402
23. Current log-likelihood: -642122.67084
24. Current log-likelihood: -642122.45186
25. Current log-likelihood: -642122.27123
26. Current log-likelihood: -642122.11697
27. Current log-likelihood: -642121.98756
28. Current log-likelihood: -642121.87796
29. Current log-likelihood: -642121.78421
30. Current log-likelihood: -642121.70380
31. Current log-likelihood: -642121.63420
32. Current log-likelihood: -642121.57347
33. Current log-likelihood: -642121.51978
34. Current log-likelihood: -642121.47120
35. Current log-likelihood: -642121.43390
36. Current log-likelihood: -642121.38868
37. Current log-likelihood: -642121.34868
38. Current log-likelihood: -642119.88651
39. Current log-likelihood: -642119.65865
40. Current log-likelihood: -642119.55537
41. Current log-likelihood: -642119.46477
42. Current log-likelihood: -642119.38472
43. Current log-likelihood: -642119.31428
44. Current log-likelihood: -642119.25118
45. Current log-likelihood: -642119.19429
46. Current log-likelihood: -642119.14256
47. Current log-likelihood: -642119.09527
48. Current log-likelihood: -642119.05173
49. Current log-likelihood: -642119.01139
50. Current log-likelihood: -642118.97375
51. Current log-likelihood: -642118.93842
52. Current log-likelihood: -642118.90488
53. Current log-likelihood: -642118.87376
54. Current log-likelihood: -642118.84345
55. Current log-likelihood: -642118.81479
56. Current log-likelihood: -642118.78643
57. Current log-likelihood: -642118.75944
58. Current log-likelihood: -642118.73270
59. Current log-likelihood: -642118.70686
60. Current log-likelihood: -642118.68116
61. Current log-likelihood: -642118.65609
62. Current log-likelihood: -642118.63099
63. Current log-likelihood: -642118.60656
64. Current log-likelihood: -642118.58209
65. Current log-likelihood: -642118.55786
66. Current log-likelihood: -642118.53393
67. Current log-likelihood: -642118.51035
68. Current log-likelihood: -642118.48671
69. Current log-likelihood: -642118.46335
70. Current log-likelihood: -642118.43975
71. Current log-likelihood: -642118.41664
72. Current log-likelihood: -642118.39345
73. Current log-likelihood: -642118.37036
74. Current log-likelihood: -642118.34734
75. Current log-likelihood: -642118.32417
76. Current log-likelihood: -642118.30131
77. Current log-likelihood: -642118.27846
78. Current log-likelihood: -642118.25565
79. Current log-likelihood: -642118.23287
80. Current log-likelihood: -642118.20994
81. Current log-likelihood: -642118.18672
82. Current log-likelihood: -642118.16408
83. Current log-likelihood: -642118.14070
84. Current log-likelihood: -642118.11750
85. Current log-likelihood: -642118.09457
86. Current log-likelihood: -642118.07178
87. Current log-likelihood: -642118.04917
88. Current log-likelihood: -642118.02628
89. Current log-likelihood: -642118.00360
90. Current log-likelihood: -642117.98108
91. Current log-likelihood: -642117.95823
92. Current log-likelihood: -642117.93562
93. Current log-likelihood: -642117.91230
94. Current log-likelihood: -642117.88955
95. Current log-likelihood: -642117.86704
96. Current log-likelihood: -642117.84441
97. Current log-likelihood: -642117.82191
98. Current log-likelihood: -642117.79955
99. Current log-likelihood: -642117.77684
100. Current log-likelihood: -642117.75456
101. Current log-likelihood: -642117.73213
102. Current log-likelihood: -642117.69146
103. Current log-likelihood: -642117.64876
104. Current log-likelihood: -642117.60739
105. Current log-likelihood: -642117.56453
106. Current log-likelihood: -642117.52226
107. Current log-likelihood: -642117.47991
108. Current log-likelihood: -642117.43793
109. Current log-likelihood: -642117.39614
110. Current log-likelihood: -642117.35552
111. Current log-likelihood: -642117.31373
112. Current log-likelihood: -642117.27199
113. Current log-likelihood: -642117.23110
114. Current log-likelihood: -642117.18990
115. Current log-likelihood: -642117.14965
116. Current log-likelihood: -642117.10845
117. Current log-likelihood: -642117.06850
118. Current log-likelihood: -642117.02716
119. Current log-likelihood: -642116.98548
120. Current log-likelihood: -642116.94454
121. Current log-likelihood: -642116.90333
122. Current log-likelihood: -642116.86215
123. Current log-likelihood: -642116.82131
124. Current log-likelihood: -642116.78005
125. Current log-likelihood: -642116.73924
126. Current log-likelihood: -642116.69803
127. Current log-likelihood: -642116.65718
128. Current log-likelihood: -642116.61616
129. Current log-likelihood: -642116.57495
130. Current log-likelihood: -642116.53369
131. Current log-likelihood: -642116.49240
132. Current log-likelihood: -642116.45097
133. Current log-likelihood: -642116.40966
134. Current log-likelihood: -642116.36815
135. Current log-likelihood: -642116.32659
136. Current log-likelihood: -642116.28568
137. Current log-likelihood: -642116.24392
138. Current log-likelihood: -642116.20157
139. Current log-likelihood: -642116.15960
140. Current log-likelihood: -642116.11774
141. Current log-likelihood: -642116.07597
142. Current log-likelihood: -642116.03421
143. Current log-likelihood: -642115.99224
144. Current log-likelihood: -642115.95043
145. Current log-likelihood: -642115.90859
146. Current log-likelihood: -642115.86579
147. Current log-likelihood: -642115.82347
148. Current log-likelihood: -642115.78115
149. Current log-likelihood: -642115.73861
150. Current log-likelihood: -642115.69629
151. Current log-likelihood: -642115.65372
152. Current log-likelihood: -642115.61135
153. Current log-likelihood: -642115.56763
154. Current log-likelihood: -642115.52515
155. Current log-likelihood: -642115.48224
156. Current log-likelihood: -642115.43970
157. Current log-likelihood: -642115.39686
158. Current log-likelihood: -642115.35417
159. Current log-likelihood: -642115.31140
160. Current log-likelihood: -642115.26863
161. Current log-likelihood: -642115.22479
162. Current log-likelihood: -642115.18168
163. Current log-likelihood: -642115.13859
164. Current log-likelihood: -642115.09531
165. Current log-likelihood: -642115.05212
166. Current log-likelihood: -642115.00896
167. Current log-likelihood: -642114.96572
168. Current log-likelihood: -642114.92147
169. Current log-likelihood: -642114.87818
170. Current log-likelihood: -642114.83468
171. Current log-likelihood: -642114.79093
172. Current log-likelihood: -642114.74744
173. Current log-likelihood: -642114.70405
174. Current log-likelihood: -642114.66055
175. Current log-likelihood: -642114.61382
176. Current log-likelihood: -642114.57032
177. Current log-likelihood: -642114.52640
178. Current log-likelihood: -642114.48273
179. Current log-likelihood: -642114.43918
180. Current log-likelihood: -642114.39535
181. Current log-likelihood: -642114.35155
182. Current log-likelihood: -642114.30566
183. Current log-likelihood: -642114.26204
184. Current log-likelihood: -642114.21814
185. Current log-likelihood: -642114.17451
186. Current log-likelihood: -642114.13055
187. Current log-likelihood: -642114.08695
188. Current log-likelihood: -642114.03978
189. Current log-likelihood: -642113.99534
190. Current log-likelihood: -642113.95158
191. Current log-likelihood: -642113.90747
192. Current log-likelihood: -642113.86356
193. Current log-likelihood: -642113.81981
194. Current log-likelihood: -642113.77572
195. Current log-likelihood: -642113.72835
196. Current log-likelihood: -642113.68440
197. Current log-likelihood: -642113.64044
198. Current log-likelihood: -642113.59638
199. Current log-likelihood: -642113.55250
200. Current log-likelihood: -642113.50852
201. Current log-likelihood: -642113.46109
202. Current log-likelihood: -642113.40288
203. Current log-likelihood: -642113.33783
204. Current log-likelihood: -642113.27409
205. Current log-likelihood: -642113.21178
206. Current log-likelihood: -642113.14438
207. Current log-likelihood: -642113.08223
208. Current log-likelihood: -642113.01852
209. Current log-likelihood: -642112.95488
210. Current log-likelihood: -642112.89132
211. Current log-likelihood: -642112.82547
212. Current log-likelihood: -642112.76204
213. Current log-likelihood: -642112.69857
214. Current log-likelihood: -642112.63717
215. Current log-likelihood: -642112.57395
216. Current log-likelihood: -642112.50881
217. Current log-likelihood: -642112.44610
218. Current log-likelihood: -642112.38304
219. Current log-likelihood: -642112.32043
220. Current log-likelihood: -642112.25507
221. Current log-likelihood: -642112.19434
222. Current log-likelihood: -642112.13152
223. Current log-likelihood: -642112.06922
224. Current log-likelihood: -642112.00710
225. Current log-likelihood: -642111.94341
226. Current log-likelihood: -642111.88183
227. Current log-likelihood: -642111.82028
228. Current log-likelihood: -642111.75909
229. Current log-likelihood: -642111.69816
230. Current log-likelihood: -642111.63623
231. Current log-likelihood: -642111.57543
232. Current log-likelihood: -642111.51514
233. Current log-likelihood: -642111.45546
234. Current log-likelihood: -642111.39568
235. Current log-likelihood: -642111.33685
236. Current log-likelihood: -642111.27832
237. Current log-likelihood: -642111.21669
238. Current log-likelihood: -642111.15889
239. Current log-likelihood: -642111.10093
240. Current log-likelihood: -642111.04310
241. Current log-likelihood: -642110.98587
242. Current log-likelihood: -642110.92548
243. Current log-likelihood: -642110.86849
244. Current log-likelihood: -642110.81183
245. Current log-likelihood: -642110.75547
246. Current log-likelihood: -642110.69940
247. Current log-likelihood: -642110.64306
248. Current log-likelihood: -642110.58754
249. Current log-likelihood: -642110.52842
250. Current log-likelihood: -642110.47307
251. Current log-likelihood: -642110.41826
252. Current log-likelihood: -642110.36376
253. Current log-likelihood: -642110.30957
254. Current log-likelihood: -642110.25568
255. Current log-likelihood: -642110.19874
256. Current log-likelihood: -642110.14530
257. Current log-likelihood: -642110.09165
258. Current log-likelihood: -642110.03727
259. Current log-likelihood: -642109.98498
260. Current log-likelihood: -642109.93230
261. Current log-likelihood: -642109.87726
262. Current log-likelihood: -642109.82392
263. Current log-likelihood: -642109.77269
264. Current log-likelihood: -642109.72166
265. Current log-likelihood: -642109.67087
266. Current log-likelihood: -642109.61895
267. Current log-likelihood: -642109.56592
268. Current log-likelihood: -642109.51617
269. Current log-likelihood: -642109.46637
270. Current log-likelihood: -642109.41710
271. Current log-likelihood: -642109.36663
272. Current log-likelihood: -642109.31786
273. Current log-likelihood: -642109.26973
274. Current log-likelihood: -642109.21860
275. Current log-likelihood: -642109.17105
276. Current log-likelihood: -642109.12357
277. Current log-likelihood: -642109.07657
278. Current log-likelihood: -642109.02964
279. Current log-likelihood: -642108.98330
280. Current log-likelihood: -642108.93723
281. Current log-likelihood: -642108.89160
282. Current log-likelihood: -642108.84302
283. Current log-likelihood: -642108.79798
284. Current log-likelihood: -642108.75305
285. Current log-likelihood: -642108.70701
286. Current log-likelihood: -642108.66312
287. Current log-likelihood: -642108.61973
288. Current log-likelihood: -642108.57660
289. Current log-likelihood: -642108.53382
290. Current log-likelihood: -642108.48823
291. Current log-likelihood: -642108.44620
292. Current log-likelihood: -642108.40320
293. Current log-likelihood: -642108.36167
294. Current log-likelihood: -642108.32071
295. Current log-likelihood: -642108.27991
296. Current log-likelihood: -642108.23946
297. Current log-likelihood: -642108.19957
298. Current log-likelihood: -642108.15831
299. Current log-likelihood: -642108.11895
300. Current log-likelihood: -642108.07850
301. Current log-likelihood: -642108.03996
302. Current log-likelihood: -642107.99749
303. Current log-likelihood: -642107.94967
304. Current log-likelihood: -642107.90275
305. Current log-likelihood: -642107.85822
306. Current log-likelihood: -642107.81218
307. Current log-likelihood: -642107.76720
308. Current log-likelihood: -642107.72130
309. Current log-likelihood: -642107.67910
310. Current log-likelihood: -642107.63557
311. Current log-likelihood: -642107.59434
312. Current log-likelihood: -642107.55189
313. Current log-likelihood: -642107.51186
314. Current log-likelihood: -642107.47250
315. Current log-likelihood: -642107.43182
316. Current log-likelihood: -642107.39355
317. Current log-likelihood: -642107.35574
318. Current log-likelihood: -642107.31665
319. Current log-likelihood: -642107.28007
320. Current log-likelihood: -642107.24406
321. Current log-likelihood: -642107.20530
322. Current log-likelihood: -642107.17043
323. Current log-likelihood: -642107.13582
324. Current log-likelihood: -642107.10034
325. Current log-likelihood: -642107.06717
326. Current log-likelihood: -642107.03428
327. Current log-likelihood: -642107.00056
328. Current log-likelihood: -642106.96908
329. Current log-likelihood: -642106.93788
330. Current log-likelihood: -642106.90723
331. Current log-likelihood: -642106.87721
332. Current log-likelihood: -642106.84595
333. Current log-likelihood: -642106.81712
334. Current log-likelihood: -642106.78871
335. Current log-likelihood: -642106.76090
336. Current log-likelihood: -642106.73353
337. Current log-likelihood: -642106.70668
338. Current log-likelihood: -642106.67786
339. Current log-likelihood: -642106.65195
340. Current log-likelihood: -642106.62730
341. Current log-likelihood: -642106.60232
342. Current log-likelihood: -642106.57777
343. Current log-likelihood: -642106.55454
344. Current log-likelihood: -642106.53108
345. Current log-likelihood: -642106.50857
346. Current log-likelihood: -642106.48656
347. Current log-likelihood: -642106.46483
348. Current log-likelihood: -642106.44352
349. Current log-likelihood: -642106.42299
350. Current log-likelihood: -642106.40276
351. Current log-likelihood: -642106.38304
352. Current log-likelihood: -642106.36547
353. Current log-likelihood: -642106.34602
354. Current log-likelihood: -642106.32746
355. Current log-likelihood: -642106.31098
356. Current log-likelihood: -642106.29286
357. Current log-likelihood: -642106.27714
358. Current log-likelihood: -642106.25974
359. Current log-likelihood: -642106.24314
360. Current log-likelihood: -642106.22850
361. Current log-likelihood: -642106.21253
362. Current log-likelihood: -642106.19854
363. Current log-likelihood: -642106.18315
364. Current log-likelihood: -642106.16987
365. Current log-likelihood: -642106.15534
366. Current log-likelihood: -642106.14254
367. Current log-likelihood: -642106.13019
368. Current log-likelihood: -642106.11646
369. Current log-likelihood: -642106.10479
370. Current log-likelihood: -642106.09138
371. Current log-likelihood: -642106.08019
372. Current log-likelihood: -642106.06939
373. Current log-likelihood: -642106.05873
374. Current log-likelihood: -642106.04827
375. Current log-likelihood: -642106.03800
376. Current log-likelihood: -642106.02809
377. Current log-likelihood: -642106.01844
378. Current log-likelihood: -642106.00904
379. Current log-likelihood: -642105.99989
380. Current log-likelihood: -642105.99103
381. Current log-likelihood: -642105.98235
382. Current log-likelihood: -642105.97395
383. Current log-likelihood: -642105.96561
384. Current log-likelihood: -642105.95756
385. Current log-likelihood: -642105.94976
386. Current log-likelihood: -642105.94220
387. Current log-likelihood: -642105.93486
388. Current log-likelihood: -642105.92773
389. Current log-likelihood: -642105.92073
390. Current log-likelihood: -642105.91260
391. Current log-likelihood: -642105.90624
392. Current log-likelihood: -642105.90013
393. Current log-likelihood: -642105.89407
394. Current log-likelihood: -642105.88821
395. Current log-likelihood: -642105.88252
396. Current log-likelihood: -642105.87744
397. Current log-likelihood: -642105.87197
398. Current log-likelihood: -642105.86661
399. Current log-likelihood: -642105.86195
400. Current log-likelihood: -642105.85687
401. Current log-likelihood: -642105.85254
402. Current log-likelihood: -642105.84813
403. Current log-likelihood: -642105.84315
404. Current log-likelihood: -642105.83838
405. Current log-likelihood: -642105.83423
406. Current log-likelihood: -642105.83017
407. Current log-likelihood: -642105.82623
408. Current log-likelihood: -642105.82240
409. Current log-likelihood: -642105.81858
410. Current log-likelihood: -642105.81500
411. Current log-likelihood: -642105.81153
412. Current log-likelihood: -642105.80818
413. Current log-likelihood: -642105.80496
414. Current log-likelihood: -642105.80138
415. Current log-likelihood: -642105.79840
416. Current log-likelihood: -642105.79550
417. Current log-likelihood: -642105.79273
418. Current log-likelihood: -642105.79003
419. Current log-likelihood: -642105.78744
420. Current log-likelihood: -642105.78593
421. Current log-likelihood: -642105.78450
422. Current log-likelihood: -642105.78313
423. Current log-likelihood: -642105.78168
424. Current log-likelihood: -642105.78031
425. Current log-likelihood: -642105.77899
426. Current log-likelihood: -642105.77772
427. Current log-likelihood: -642105.77642
428. Current log-likelihood: -642105.77517
429. Current log-likelihood: -642105.77399
430. Current log-likelihood: -642105.77279
431. Current log-likelihood: -642105.77161
432. Current log-likelihood: -642105.77047
433. Current log-likelihood: -642105.76938
434. Current log-likelihood: -642105.76826
435. Current log-likelihood: -642105.76723
436. Current log-likelihood: -642105.76592
437. Current log-likelihood: -642105.76495
Final estimation on weights:
0.93849,0.05154,0.00997
Wrote distance file to... 
BEST SCORE FOUND : -642105.76495
Total tree lengths: 0.30077 0.00716 0.87449

Total number of iterations: 435
CPU time used for tree search: 0.00002 sec (0h:0m:0s)
Wall-clock time used for tree search: 0.00001 sec (0h:0m:0s)
Total CPU time used: 19849.00866 sec (5h:30m:49s)
Total wall-clock time used: 851.83091 sec (0h:14m:11s)

Analysis results written to: 
  IQ-TREE report:                mast_hdr_occ80_JU3200_quartet_04.submodel1.iqtree
  Maximum-likelihood tree:       mast_hdr_occ80_JU3200_quartet_04.submodel1.treefile
  Screen log file:               mast_hdr_occ80_JU3200_quartet_04.submodel1.log

Date and Time: Thu Jul  9 00:18:22 2026
