IQ-TREE version 3.0.1 for Linux x86 64-bit built Jul  9 2025
Developed by Bui Quang Minh, Thomas Wong, Nhan Ly-Trong, Huaiyan Ren
Contributed by Lam-Tung Nguyen, Dominik Schrempf, Chris Bielow,
Olga Chernomor, Michael Woodhams, Diep Thi Hoang, Heiko Schmidt

Host:    c204 (AVX512, FMA3, 188 GB RAM)
Command: iqtree3 -s /vast/eande106/projects/Nicolas/github/CB_PopGen_HDR_MS/processed_data/tree_topology/mast/mast_all/occ80_JU3200_quartet_02_supermatrix.clean.fas -m LG+FO+G+T -te /vast/eande106/projects/Nicolas/github/CB_PopGen_HDR_MS/processed_data/tree_topology/mast/quartet_topologies/quartet_02_ECA2857_JU3200_topologies.tre --prefix mast_all_occ80_JU3200_quartet_02.submodel6 -T 48
Seed:    120684 (Using SPRNG - Scalable Parallel Random Number Generator)
Time:    Wed Jul  8 23:22:17 2026
Kernel:  AVX+FMA - 48 threads (48 CPU cores detected)

Reading alignment file /vast/eande106/projects/Nicolas/github/CB_PopGen_HDR_MS/processed_data/tree_topology/mast/mast_all/occ80_JU3200_quartet_02_supermatrix.clean.fas ... Fasta format detected
Reading fasta file: done in 0.204328 secs using 44.74% CPU
Alignment most likely contains protein sequences
Constructing alignment: done in 2.58573 secs using 14.97% CPU
WARNING: 1 sites contain only gaps or ambiguous characters.
Alignment has 4 sequences with 2356712 columns, 13506 distinct patterns
14734 parsimony-informative, 350678 singleton sites, 1991300 constant sites
         Gap/Ambiguity  Composition  p-value
Analyzing sequences: done in 0.000232538 secs using 28.38% CPU
   1  PX506      4.62%    failed      0.00%
   2  JU3200     2.08%    passed     96.26%
   3  QX1410     1.94%    passed     99.47%
   4  ECA2857    3.09%    passed     26.20%
****  TOTAL      2.93%  1 sequences failed composition chi2 test (p-value<5%; df=19)
Number of input trees: 3
Minimum branch length is set to 0.0000010
Checking for duplicate sequences: done in 0.000653029 secs using 3962% CPU

NOTE: 100 MB RAM (0 GB) is required!
According to the parsimony scores along the sites, the tree weights are initialized to:
0.9042351,0.0391611,0.0566038
Estimate model parameters (epsilon = 0.00100)
1. Initial log-likelihood: -9066517.92361
2. Current log-likelihood: -9057945.03772
3. Current log-likelihood: -9057452.39645
4. Current log-likelihood: -9057121.39572
5. Current log-likelihood: -9057056.54374
6. Current log-likelihood: -9057042.01268
7. Current log-likelihood: -9057039.53985
8. Current log-likelihood: -9057037.51951
9. Current log-likelihood: -9057035.60856
10. Current log-likelihood: -9057033.72879
11. Current log-likelihood: -9057031.85517
12. Current log-likelihood: -9057030.01312
13. Current log-likelihood: -9057028.27455
14. Current log-likelihood: -9057026.71503
15. Current log-likelihood: -9057025.20503
16. Current log-likelihood: -9057023.68295
17. Current log-likelihood: -9057022.17816
18. Current log-likelihood: -9057020.67917
19. Current log-likelihood: -9057019.17038
20. Current log-likelihood: -9057017.65485
21. Current log-likelihood: -9057016.13381
22. Current log-likelihood: -9057014.63465
23. Current log-likelihood: -9057013.12883
24. Current log-likelihood: -9057011.61615
25. Current log-likelihood: -9057010.09662
26. Current log-likelihood: -9057008.53755
27. Current log-likelihood: -9057007.00372
28. Current log-likelihood: -9057005.42707
29. Current log-likelihood: -9057003.87710
30. Current log-likelihood: -9057002.32023
31. Current log-likelihood: -9057000.75644
32. Current log-likelihood: -9056999.18584
33. Current log-likelihood: -9056997.60845
34. Current log-likelihood: -9056995.99146
35. Current log-likelihood: -9056994.40011
36. Current log-likelihood: -9056992.80184
37. Current log-likelihood: -9056991.19672
38. Current log-likelihood: -9056989.58484
39. Current log-likelihood: -9056987.92387
40. Current log-likelihood: -9056986.29643
41. Current log-likelihood: -9056984.66243
42. Current log-likelihood: -9056983.02168
43. Current log-likelihood: -9056981.37446
44. Current log-likelihood: -9056979.72035
45. Current log-likelihood: -9056978.05998
46. Current log-likelihood: -9056976.38822
47. Current log-likelihood: -9056974.71496
48. Current log-likelihood: -9056973.03499
49. Current log-likelihood: -9056971.34850
50. Current log-likelihood: -9056969.65567
51. Current log-likelihood: -9056967.95647
52. Current log-likelihood: -9056966.22166
53. Current log-likelihood: -9056964.50862
54. Current log-likelihood: -9056962.78915
55. Current log-likelihood: -9056961.06382
56. Current log-likelihood: -9056959.33230
57. Current log-likelihood: -9056957.59481
58. Current log-likelihood: -9056955.85138
59. Current log-likelihood: -9056954.10239
60. Current log-likelihood: -9056952.34749
61. Current log-likelihood: -9056950.58689
62. Current log-likelihood: -9056948.82066
63. Current log-likelihood: -9056947.04889
64. Current log-likelihood: -9056945.27166
65. Current log-likelihood: -9056943.48904
66. Current log-likelihood: -9056941.70118
67. Current log-likelihood: -9056939.90398
68. Current log-likelihood: -9056938.10433
69. Current log-likelihood: -9056936.29968
70. Current log-likelihood: -9056934.49046
71. Current log-likelihood: -9056932.67639
72. Current log-likelihood: -9056930.85772
73. Current log-likelihood: -9056929.03457
74. Current log-likelihood: -9056927.20705
75. Current log-likelihood: -9056925.37534
76. Current log-likelihood: -9056923.53951
77. Current log-likelihood: -9056921.69978
78. Current log-likelihood: -9056919.85624
79. Current log-likelihood: -9056918.00909
80. Current log-likelihood: -9056916.15839
81. Current log-likelihood: -9056914.30452
82. Current log-likelihood: -9056912.44739
83. Current log-likelihood: -9056910.58733
84. Current log-likelihood: -9056908.72446
85. Current log-likelihood: -9056906.86165
86. Current log-likelihood: -9056904.98784
87. Current log-likelihood: -9056903.11718
88. Current log-likelihood: -9056901.24404
89. Current log-likelihood: -9056899.36902
90. Current log-likelihood: -9056897.49243
91. Current log-likelihood: -9056895.61445
92. Current log-likelihood: -9056893.73539
93. Current log-likelihood: -9056891.85572
94. Current log-likelihood: -9056889.97517
95. Current log-likelihood: -9056888.09391
96. Current log-likelihood: -9056886.21216
97. Current log-likelihood: -9056884.33013
98. Current log-likelihood: -9056882.44808
99. Current log-likelihood: -9056880.56628
100. Current log-likelihood: -9056878.68494
101. Current log-likelihood: -9056876.80430
102. Current log-likelihood: -9056873.54277
103. Current log-likelihood: -9056870.00714
104. Current log-likelihood: -9056866.48082
105. Current log-likelihood: -9056862.96387
106. Current log-likelihood: -9056859.45836
107. Current log-likelihood: -9056855.96617
108. Current log-likelihood: -9056852.48951
109. Current log-likelihood: -9056849.03040
110. Current log-likelihood: -9056845.59098
111. Current log-likelihood: -9056842.17341
112. Current log-likelihood: -9056838.77989
113. Current log-likelihood: -9056835.41264
114. Current log-likelihood: -9056832.07382
115. Current log-likelihood: -9056826.27602
116. Current log-likelihood: -9056800.54405
117. Current log-likelihood: -9056782.22089
118. Current log-likelihood: -9056775.71666
119. Current log-likelihood: -9056771.01942
120. Current log-likelihood: -9056766.36659
121. Current log-likelihood: -9056761.76078
122. Current log-likelihood: -9056757.20822
123. Current log-likelihood: -9056752.71304
124. Current log-likelihood: -9056748.27975
125. Current log-likelihood: -9056743.91264
126. Current log-likelihood: -9056739.61592
127. Current log-likelihood: -9056735.39426
128. Current log-likelihood: -9056731.25174
129. Current log-likelihood: -9056727.18201
130. Current log-likelihood: -9056723.20964
131. Current log-likelihood: -9056719.32393
132. Current log-likelihood: -9056715.53302
133. Current log-likelihood: -9056711.83933
134. Current log-likelihood: -9056708.24650
135. Current log-likelihood: -9056704.75557
136. Current log-likelihood: -9056701.35835
137. Current log-likelihood: -9056698.07899
138. Current log-likelihood: -9056694.90462
139. Current log-likelihood: -9056691.84153
140. Current log-likelihood: -9056688.88906
141. Current log-likelihood: -9056686.03573
142. Current log-likelihood: -9056683.30396
143. Current log-likelihood: -9056680.68072
144. Current log-likelihood: -9056678.16831
145. Current log-likelihood: -9056675.76555
146. Current log-likelihood: -9056673.45734
147. Current log-likelihood: -9056671.26643
148. Current log-likelihood: -9056669.17876
149. Current log-likelihood: -9056667.19226
150. Current log-likelihood: -9056665.30708
151. Current log-likelihood: -9056663.50251
152. Current log-likelihood: -9056661.80331
153. Current log-likelihood: -9056660.19321
154. Current log-likelihood: -9056658.67121
155. Current log-likelihood: -9056657.22104
156. Current log-likelihood: -9056655.85945
157. Current log-likelihood: -9056654.57387
158. Current log-likelihood: -9056653.36176
159. Current log-likelihood: -9056652.21948
160. Current log-likelihood: -9056651.13044
161. Current log-likelihood: -9056650.11290
162. Current log-likelihood: -9056649.15386
163. Current log-likelihood: -9056648.25053
164. Current log-likelihood: -9056647.38935
165. Current log-likelihood: -9056646.58374
166. Current log-likelihood: -9056645.82375
167. Current log-likelihood: -9056645.10632
168. Current log-likelihood: -9056644.42193
169. Current log-likelihood: -9056643.38584
170. Current log-likelihood: -9056641.94596
171. Current log-likelihood: -9056640.68392
172. Current log-likelihood: -9056639.65151
173. Current log-likelihood: -9056638.62816
174. Current log-likelihood: -9056637.61139
175. Current log-likelihood: -9056636.60119
176. Current log-likelihood: -9056635.59803
177. Current log-likelihood: -9056634.60787
178. Current log-likelihood: -9056633.62473
179. Current log-likelihood: -9056632.65039
180. Current log-likelihood: -9056631.69164
181. Current log-likelihood: -9056630.74328
182. Current log-likelihood: -9056629.80798
183. Current log-likelihood: -9056628.88496
184. Current log-likelihood: -9056627.97667
185. Current log-likelihood: -9056627.08488
186. Current log-likelihood: -9056626.20801
187. Current log-likelihood: -9056625.34392
188. Current log-likelihood: -9056624.49996
189. Current log-likelihood: -9056623.67199
190. Current log-likelihood: -9056622.85927
191. Current log-likelihood: -9056622.06602
192. Current log-likelihood: -9056621.29296
193. Current log-likelihood: -9056620.54266
194. Current log-likelihood: -9056619.79553
195. Current log-likelihood: -9056619.07219
196. Current log-likelihood: -9056618.36200
197. Current log-likelihood: -9056617.67584
198. Current log-likelihood: -9056617.00481
199. Current log-likelihood: -9056616.35008
200. Current log-likelihood: -9056615.71459
201. Current log-likelihood: -9056615.08490
202. Current log-likelihood: -9056614.32998
203. Current log-likelihood: -9056613.52126
204. Current log-likelihood: -9056612.60570
205. Current log-likelihood: -9056611.67193
206. Current log-likelihood: -9056610.76442
207. Current log-likelihood: -9056609.92210
208. Current log-likelihood: -9056609.10171
209. Current log-likelihood: -9056608.33032
210. Current log-likelihood: -9056607.56515
211. Current log-likelihood: -9056606.81978
212. Current log-likelihood: -9056606.10295
213. Current log-likelihood: -9056605.42066
214. Current log-likelihood: -9056604.75114
215. Current log-likelihood: -9056604.09848
216. Current log-likelihood: -9056603.46206
217. Current log-likelihood: -9056602.84189
218. Current log-likelihood: -9056602.24762
219. Current log-likelihood: -9056601.65708
220. Current log-likelihood: -9056601.10070
221. Current log-likelihood: -9056600.53688
222. Current log-likelihood: -9056600.00500
223. Current log-likelihood: -9056599.47613
224. Current log-likelihood: -9056598.96615
225. Current log-likelihood: -9056598.45748
226. Current log-likelihood: -9056597.95970
227. Current log-likelihood: -9056597.48699
228. Current log-likelihood: -9056597.00531
229. Current log-likelihood: -9056596.54837
230. Current log-likelihood: -9056596.08267
231. Current log-likelihood: -9056595.64029
232. Current log-likelihood: -9056595.19619
233. Current log-likelihood: -9056594.75916
234. Current log-likelihood: -9056594.33498
235. Current log-likelihood: -9056593.90908
236. Current log-likelihood: -9056593.48792
237. Current log-likelihood: -9056593.08633
238. Current log-likelihood: -9056592.68141
239. Current log-likelihood: -9056592.27357
240. Current log-likelihood: -9056591.87676
241. Current log-likelihood: -9056591.48310
242. Current log-likelihood: -9056591.09271
243. Current log-likelihood: -9056590.70491
244. Current log-likelihood: -9056590.32023
245. Current log-likelihood: -9056589.93732
246. Current log-likelihood: -9056589.55634
247. Current log-likelihood: -9056589.18382
248. Current log-likelihood: -9056588.80699
249. Current log-likelihood: -9056588.43815
250. Current log-likelihood: -9056588.06472
251. Current log-likelihood: -9056587.69876
252. Current log-likelihood: -9056587.32804
253. Current log-likelihood: -9056586.97069
254. Current log-likelihood: -9056586.60230
255. Current log-likelihood: -9056586.24105
256. Current log-likelihood: -9056585.88059
257. Current log-likelihood: -9056585.52132
258. Current log-likelihood: -9056585.16228
259. Current log-likelihood: -9056584.80400
260. Current log-likelihood: -9056584.44626
261. Current log-likelihood: -9056584.08884
262. Current log-likelihood: -9056583.73745
263. Current log-likelihood: -9056583.37543
264. Current log-likelihood: -9056583.02387
265. Current log-likelihood: -9056582.66848
266. Current log-likelihood: -9056582.31762
267. Current log-likelihood: -9056581.95699
268. Current log-likelihood: -9056581.60605
269. Current log-likelihood: -9056581.25584
270. Current log-likelihood: -9056580.90117
271. Current log-likelihood: -9056580.55071
272. Current log-likelihood: -9056580.19582
273. Current log-likelihood: -9056579.84554
274. Current log-likelihood: -9056579.49545
275. Current log-likelihood: -9056579.14047
276. Current log-likelihood: -9056578.78995
277. Current log-likelihood: -9056578.43950
278. Current log-likelihood: -9056578.08421
279. Current log-likelihood: -9056577.73318
280. Current log-likelihood: -9056577.38217
281. Current log-likelihood: -9056577.03099
282. Current log-likelihood: -9056576.68000
283. Current log-likelihood: -9056576.32852
284. Current log-likelihood: -9056575.97680
285. Current log-likelihood: -9056575.62515
286. Current log-likelihood: -9056575.27297
287. Current log-likelihood: -9056574.92049
288. Current log-likelihood: -9056574.56802
289. Current log-likelihood: -9056574.21499
290. Current log-likelihood: -9056573.86162
291. Current log-likelihood: -9056573.50822
292. Current log-likelihood: -9056573.15416
293. Current log-likelihood: -9056572.79981
294. Current log-likelihood: -9056572.44537
295. Current log-likelihood: -9056572.09023
296. Current log-likelihood: -9056571.73476
297. Current log-likelihood: -9056571.37912
298. Current log-likelihood: -9056571.02285
299. Current log-likelihood: -9056570.66627
300. Current log-likelihood: -9056570.30935
301. Current log-likelihood: -9056569.95196
302. Current log-likelihood: -9056569.53338
303. Current log-likelihood: -9056569.08402
304. Current log-likelihood: -9056568.63400
305. Current log-likelihood: -9056568.18346
306. Current log-likelihood: -9056567.73275
307. Current log-likelihood: -9056567.28111
308. Current log-likelihood: -9056566.82877
309. Current log-likelihood: -9056566.37593
310. Current log-likelihood: -9056565.92235
311. Current log-likelihood: -9056565.46783
312. Current log-likelihood: -9056565.01260
313. Current log-likelihood: -9056564.55669
314. Current log-likelihood: -9056564.09967
315. Current log-likelihood: -9056563.64181
316. Current log-likelihood: -9056563.18332
317. Current log-likelihood: -9056562.72360
318. Current log-likelihood: -9056562.26286
319. Current log-likelihood: -9056561.80156
320. Current log-likelihood: -9056561.33899
321. Current log-likelihood: -9056560.87542
322. Current log-likelihood: -9056560.41118
323. Current log-likelihood: -9056559.94543
324. Current log-likelihood: -9056559.47861
325. Current log-likelihood: -9056559.01104
326. Current log-likelihood: -9056558.54203
327. Current log-likelihood: -9056558.07181
328. Current log-likelihood: -9056557.60078
329. Current log-likelihood: -9056557.12825
330. Current log-likelihood: -9056556.65447
331. Current log-likelihood: -9056556.17979
332. Current log-likelihood: -9056555.70355
333. Current log-likelihood: -9056555.22597
334. Current log-likelihood: -9056554.74742
335. Current log-likelihood: -9056554.26718
336. Current log-likelihood: -9056553.78554
337. Current log-likelihood: -9056553.30284
338. Current log-likelihood: -9056552.81840
339. Current log-likelihood: -9056552.33246
340. Current log-likelihood: -9056551.84541
341. Current log-likelihood: -9056551.36290
342. Current log-likelihood: -9056550.87166
343. Current log-likelihood: -9056550.38033
344. Current log-likelihood: -9056549.88696
345. Current log-likelihood: -9056549.39826
346. Current log-likelihood: -9056548.90094
347. Current log-likelihood: -9056548.40935
348. Current log-likelihood: -9056547.90839
349. Current log-likelihood: -9056547.40677
350. Current log-likelihood: -9056546.90938
351. Current log-likelihood: -9056546.40294
352. Current log-likelihood: -9056545.90237
353. Current log-likelihood: -9056545.39189
354. Current log-likelihood: -9056544.88709
355. Current log-likelihood: -9056544.37324
356. Current log-likelihood: -9056543.86269
357. Current log-likelihood: -9056543.35154
358. Current log-likelihood: -9056542.83106
359. Current log-likelihood: -9056542.31593
360. Current log-likelihood: -9056541.79778
361. Current log-likelihood: -9056541.27569
362. Current log-likelihood: -9056540.75401
363. Current log-likelihood: -9056540.22740
364. Current log-likelihood: -9056539.69327
365. Current log-likelihood: -9056539.16221
366. Current log-likelihood: -9056538.63007
367. Current log-likelihood: -9056538.09276
368. Current log-likelihood: -9056537.55359
369. Current log-likelihood: -9056537.01150
370. Current log-likelihood: -9056536.46667
371. Current log-likelihood: -9056535.91909
372. Current log-likelihood: -9056535.36828
373. Current log-likelihood: -9056534.81444
374. Current log-likelihood: -9056534.25759
375. Current log-likelihood: -9056533.69728
376. Current log-likelihood: -9056533.13367
377. Current log-likelihood: -9056532.56681
378. Current log-likelihood: -9056531.99628
379. Current log-likelihood: -9056531.42208
380. Current log-likelihood: -9056530.84441
381. Current log-likelihood: -9056530.26286
382. Current log-likelihood: -9056529.67734
383. Current log-likelihood: -9056529.08820
384. Current log-likelihood: -9056528.49466
385. Current log-likelihood: -9056527.89697
386. Current log-likelihood: -9056527.29529
387. Current log-likelihood: -9056526.68894
388. Current log-likelihood: -9056526.07841
389. Current log-likelihood: -9056525.46292
390. Current log-likelihood: -9056524.84020
391. Current log-likelihood: -9056524.21623
392. Current log-likelihood: -9056523.58624
393. Current log-likelihood: -9056522.94866
394. Current log-likelihood: -9056522.30901
395. Current log-likelihood: -9056521.64879
396. Current log-likelihood: -9056520.99852
397. Current log-likelihood: -9056520.34051
398. Current log-likelihood: -9056519.67378
399. Current log-likelihood: -9056519.00160
400. Current log-likelihood: -9056518.32325
401. Current log-likelihood: -9056517.63864
402. Current log-likelihood: -9056516.87683
403. Current log-likelihood: -9056516.05275
404. Current log-likelihood: -9056515.21773
405. Current log-likelihood: -9056514.36891
406. Current log-likelihood: -9056513.51048
407. Current log-likelihood: -9056512.64033
408. Current log-likelihood: -9056511.75832
409. Current log-likelihood: -9056510.86427
410. Current log-likelihood: -9056509.95691
411. Current log-likelihood: -9056509.03613
412. Current log-likelihood: -9056508.10165
413. Current log-likelihood: -9056507.15215
414. Current log-likelihood: -9056506.18742
415. Current log-likelihood: -9056505.20357
416. Current log-likelihood: -9056504.20961
417. Current log-likelihood: -9056503.19719
418. Current log-likelihood: -9056502.17251
419. Current log-likelihood: -9056501.12839
420. Current log-likelihood: -9056500.06548
421. Current log-likelihood: -9056498.97972
422. Current log-likelihood: -9056497.87352
423. Current log-likelihood: -9056496.73997
424. Current log-likelihood: -9056495.58501
425. Current log-likelihood: -9056494.41433
426. Current log-likelihood: -9056493.21691
427. Current log-likelihood: -9056491.98713
428. Current log-likelihood: -9056490.73166
429. Current log-likelihood: -9056489.44517
430. Current log-likelihood: -9056488.12922
431. Current log-likelihood: -9056486.78363
432. Current log-likelihood: -9056485.40672
433. Current log-likelihood: -9056483.99727
434. Current log-likelihood: -9056482.57192
435. Current log-likelihood: -9056481.07777
436. Current log-likelihood: -9056479.56964
437. Current log-likelihood: -9056478.02816
438. Current log-likelihood: -9056476.45553
439. Current log-likelihood: -9056474.84332
440. Current log-likelihood: -9056473.21477
441. Current log-likelihood: -9056471.55377
442. Current log-likelihood: -9056469.87858
443. Current log-likelihood: -9056468.18507
444. Current log-likelihood: -9056466.48200
445. Current log-likelihood: -9056464.78098
446. Current log-likelihood: -9056463.10687
447. Current log-likelihood: -9056461.44956
448. Current log-likelihood: -9056459.83380
449. Current log-likelihood: -9056458.24760
450. Current log-likelihood: -9056456.82703
451. Current log-likelihood: -9056455.67989
452. Current log-likelihood: -9056454.76128
453. Current log-likelihood: -9056454.01935
454. Current log-likelihood: -9056453.40380
455. Current log-likelihood: -9056452.91820
456. Current log-likelihood: -9056452.52474
457. Current log-likelihood: -9056452.20486
458. Current log-likelihood: -9056451.94116
459. Current log-likelihood: -9056451.73381
460. Current log-likelihood: -9056451.56549
461. Current log-likelihood: -9056451.42752
462. Current log-likelihood: -9056451.32144
463. Current log-likelihood: -9056451.23408
464. Current log-likelihood: -9056451.16279
465. Current log-likelihood: -9056451.10471
466. Current log-likelihood: -9056451.05067
467. Current log-likelihood: -9056451.01264
468. Current log-likelihood: -9056450.98089
469. Current log-likelihood: -9056450.95616
470. Current log-likelihood: -9056450.93534
471. Current log-likelihood: -9056450.91804
472. Current log-likelihood: -9056450.90368
473. Current log-likelihood: -9056450.89288
474. Current log-likelihood: -9056450.88359
475. Current log-likelihood: -9056450.87573
476. Current log-likelihood: -9056450.86910
477. Current log-likelihood: -9056450.86414
478. Current log-likelihood: -9056450.85923
479. Current log-likelihood: -9056450.85741
480. Current log-likelihood: -9056450.85327
481. Current log-likelihood: -9056450.85195
482. Current log-likelihood: -9056450.84878
483. Current log-likelihood: -9056450.84783
Final estimation on weights:
0.97485,0.00377,0.02139
Wrote distance file to... 
BEST SCORE FOUND : -9056450.84783
Total tree lengths: 0.23485 2.05573 0.50507

Total number of iterations: 481
CPU time used for tree search: 0.00003 sec (0h:0m:0s)
Wall-clock time used for tree search: 0.00003 sec (0h:0m:0s)
Total CPU time used: 185515.66776 sec (51h:31m:55s)
Total wall-clock time used: 5951.66088 sec (1h:39m:11s)

Analysis results written to: 
  IQ-TREE report:                mast_all_occ80_JU3200_quartet_02.submodel6.iqtree
  Maximum-likelihood tree:       mast_all_occ80_JU3200_quartet_02.submodel6.treefile
  Screen log file:               mast_all_occ80_JU3200_quartet_02.submodel6.log

Date and Time: Thu Jul  9 01:01:31 2026
