IQ-TREE version 3.0.1 for Linux x86 64-bit built Jul  9 2025
Developed by Bui Quang Minh, Thomas Wong, Nhan Ly-Trong, Huaiyan Ren
Contributed by Lam-Tung Nguyen, Dominik Schrempf, Chris Bielow,
Olga Chernomor, Michael Woodhams, Diep Thi Hoang, Heiko Schmidt

Host:    c602 (AVX512, FMA3, 188 GB RAM)
Command: iqtree3 -s /vast/eande106/projects/Nicolas/github/CB_PopGen_HDR_MS/processed_data/tree_topology/mast/mast_hdr/occ80_JU3237_quartet_14_supermatrix.clean.fas -m TMIX{LG+FO+G,LG+FO+G,LG+FO+G}+T -te /vast/eande106/projects/Nicolas/github/CB_PopGen_HDR_MS/processed_data/tree_topology/mast/quartet_topologies/quartet_14_VX153_JU3237_topologies.tre --prefix mast_hdr_occ80_JU3237_quartet_14.submodel1 -T 48
Seed:    44747 (Using SPRNG - Scalable Parallel Random Number Generator)
Time:    Thu Jul  9 00:04:25 2026
Kernel:  AVX+FMA - 48 threads (48 CPU cores detected)

Reading alignment file /vast/eande106/projects/Nicolas/github/CB_PopGen_HDR_MS/processed_data/tree_topology/mast/mast_hdr/occ80_JU3237_quartet_14_supermatrix.clean.fas ... Fasta format detected
Reading fasta file: done in 0.0344809 secs using 12.9% CPU
Alignment most likely contains protein sequences
Constructing alignment: done in 0.163335 secs using 120.2% CPU
Alignment has 4 sequences with 147693 columns, 4268 distinct patterns
1230 parsimony-informative, 27156 singleton sites, 119307 constant sites
        Gap/Ambiguity  Composition  p-value
Analyzing sequences: done in 0.000154899 secs using 78.12% CPU
   1  PX506     3.95%    passed     99.66%
   2  JU3237    3.14%    passed    100.00%
   3  QX1410    2.95%    passed    100.00%
   4  VX153     4.07%    passed    100.00%
****  TOTAL     3.53%  0 sequences failed composition chi2 test (p-value<5%; df=19)
Number of input trees: 3
Minimum branch length is set to 0.0000010
Checking for duplicate sequences: done in 0.000134646 secs using 82.44% CPU

NOTE: 31 MB RAM (0 GB) is required!
According to the parsimony scores along the sites, the tree weights are initialized to:
0.8959350,0.0414634,0.0626016
Estimate model parameters (epsilon = 0.00100)
1. Initial log-likelihood: -599845.14747
2. Current log-likelihood: -599649.53434
3. Current log-likelihood: -599336.84515
4. Current log-likelihood: -599309.12250
5. Current log-likelihood: -599291.43426
6. Current log-likelihood: -599281.77112
7. Current log-likelihood: -599278.23794
8. Current log-likelihood: -599276.28976
9. Current log-likelihood: -599275.50723
10. Current log-likelihood: -599274.80849
11. Current log-likelihood: -599274.19973
12. Current log-likelihood: -599273.65754
13. Current log-likelihood: -599273.16950
14. Current log-likelihood: -599272.74059
15. Current log-likelihood: -599272.35505
16. Current log-likelihood: -599272.00207
17. Current log-likelihood: -599271.68894
18. Current log-likelihood: -599271.39989
19. Current log-likelihood: -599271.13871
20. Current log-likelihood: -599270.89356
21. Current log-likelihood: -599270.67028
22. Current log-likelihood: -599270.46262
23. Current log-likelihood: -599270.26756
24. Current log-likelihood: -599270.08427
25. Current log-likelihood: -599269.90476
26. Current log-likelihood: -599269.74069
27. Current log-likelihood: -599269.58424
28. Current log-likelihood: -599269.43451
29. Current log-likelihood: -599269.28959
30. Current log-likelihood: -599269.14735
31. Current log-likelihood: -599269.01021
32. Current log-likelihood: -599268.73747
33. Current log-likelihood: -599268.60783
34. Current log-likelihood: -599268.48396
35. Current log-likelihood: -599268.36457
36. Current log-likelihood: -599268.24893
37. Current log-likelihood: -599268.13666
38. Current log-likelihood: -599268.02279
39. Current log-likelihood: -599267.91611
40. Current log-likelihood: -599267.81201
41. Current log-likelihood: -599267.71054
42. Current log-likelihood: -599267.61152
43. Current log-likelihood: -599267.51485
44. Current log-likelihood: -599267.42044
45. Current log-likelihood: -599267.32684
46. Current log-likelihood: -599267.23621
47. Current log-likelihood: -599267.14761
48. Current log-likelihood: -599267.06102
49. Current log-likelihood: -599266.97639
50. Current log-likelihood: -599266.89366
51. Current log-likelihood: -599266.81278
52. Current log-likelihood: -599266.73378
53. Current log-likelihood: -599266.65525
54. Current log-likelihood: -599266.57921
55. Current log-likelihood: -599266.50483
56. Current log-likelihood: -599266.43219
57. Current log-likelihood: -599266.36115
58. Current log-likelihood: -599266.29177
59. Current log-likelihood: -599266.22391
60. Current log-likelihood: -599266.15766
61. Current log-likelihood: -599266.09290
62. Current log-likelihood: -599266.02848
63. Current log-likelihood: -599265.97651
64. Current log-likelihood: -599265.90532
65. Current log-likelihood: -599265.85623
66. Current log-likelihood: -599265.79267
67. Current log-likelihood: -599265.74598
68. Current log-likelihood: -599265.68535
69. Current log-likelihood: -599265.64088
70. Current log-likelihood: -599265.58292
71. Current log-likelihood: -599265.54057
72. Current log-likelihood: -599265.48384
73. Current log-likelihood: -599265.44265
74. Current log-likelihood: -599265.38916
75. Current log-likelihood: -599265.34997
76. Current log-likelihood: -599265.29827
77. Current log-likelihood: -599265.26041
78. Current log-likelihood: -599265.21146
79. Current log-likelihood: -599265.17533
80. Current log-likelihood: -599265.12856
81. Current log-likelihood: -599265.09414
82. Current log-likelihood: -599265.04950
83. Current log-likelihood: -599265.01549
84. Current log-likelihood: -599264.97251
85. Current log-likelihood: -599264.94102
86. Current log-likelihood: -599264.89996
87. Current log-likelihood: -599264.86997
88. Current log-likelihood: -599264.83081
89. Current log-likelihood: -599264.80225
90. Current log-likelihood: -599264.76488
91. Current log-likelihood: -599264.73770
92. Current log-likelihood: -599264.70211
93. Current log-likelihood: -599264.67625
94. Current log-likelihood: -599264.64231
95. Current log-likelihood: -599264.61771
96. Current log-likelihood: -599264.58538
97. Current log-likelihood: -599264.56079
98. Current log-likelihood: -599264.52962
99. Current log-likelihood: -599264.50709
100. Current log-likelihood: -599264.47744
101. Current log-likelihood: -599264.45600
102. Current log-likelihood: -599264.40853
103. Current log-likelihood: -599264.37708
104. Current log-likelihood: -599264.32176
105. Current log-likelihood: -599264.29350
106. Current log-likelihood: -599264.24794
107. Current log-likelihood: -599264.22142
108. Current log-likelihood: -599264.17924
109. Current log-likelihood: -599264.15618
110. Current log-likelihood: -599264.11746
111. Current log-likelihood: -599264.09646
112. Current log-likelihood: -599264.06120
113. Current log-likelihood: -599264.03253
114. Current log-likelihood: -599264.01435
115. Current log-likelihood: -599263.98079
116. Current log-likelihood: -599263.96435
117. Current log-likelihood: -599263.93659
118. Current log-likelihood: -599263.92067
119. Current log-likelihood: -599263.89477
120. Current log-likelihood: -599263.88108
121. Current log-likelihood: -599263.85759
122. Current log-likelihood: -599263.84519
123. Current log-likelihood: -599263.82345
124. Current log-likelihood: -599263.81210
125. Current log-likelihood: -599263.79240
126. Current log-likelihood: -599263.78202
127. Current log-likelihood: -599263.76375
128. Current log-likelihood: -599263.75408
129. Current log-likelihood: -599263.73770
130. Current log-likelihood: -599263.72891
131. Current log-likelihood: -599263.71401
132. Current log-likelihood: -599263.70606
133. Current log-likelihood: -599263.69168
134. Current log-likelihood: -599263.68425
135. Current log-likelihood: -599263.67165
136. Current log-likelihood: -599263.66497
137. Current log-likelihood: -599263.65352
138. Current log-likelihood: -599263.64748
139. Current log-likelihood: -599263.63768
140. Current log-likelihood: -599263.63194
141. Current log-likelihood: -599263.62307
142. Current log-likelihood: -599263.61780
143. Current log-likelihood: -599263.60973
144. Current log-likelihood: -599263.60496
145. Current log-likelihood: -599263.59764
146. Current log-likelihood: -599263.59331
147. Current log-likelihood: -599263.58665
148. Current log-likelihood: -599263.58271
149. Current log-likelihood: -599263.57668
150. Current log-likelihood: -599263.57310
151. Current log-likelihood: -599263.57007
152. Current log-likelihood: -599263.56418
153. Current log-likelihood: -599263.56108
154. Current log-likelihood: -599263.55799
155. Current log-likelihood: -599263.55238
156. Current log-likelihood: -599263.54974
157. Current log-likelihood: -599263.54658
158. Current log-likelihood: -599263.54439
159. Current log-likelihood: -599263.54002
160. Current log-likelihood: -599263.53791
161. Current log-likelihood: -599263.53603
162. Current log-likelihood: -599263.53185
163. Current log-likelihood: -599263.52990
164. Current log-likelihood: -599263.52756
165. Current log-likelihood: -599263.52595
166. Current log-likelihood: -599263.52428
167. Current log-likelihood: -599263.52205
168. Current log-likelihood: -599263.52001
169. Current log-likelihood: -599263.51843
170. Current log-likelihood: -599263.51685
171. Current log-likelihood: -599263.51500
172. Current log-likelihood: -599263.51381
173. Current log-likelihood: -599263.51246
174. Current log-likelihood: -599263.51069
175. Current log-likelihood: -599263.50966
176. Current log-likelihood: -599263.50853
177. Current log-likelihood: -599263.50693
178. Current log-likelihood: -599263.50592
179. Current log-likelihood: -599263.50470
180. Current log-likelihood: -599263.50293
181. Current log-likelihood: -599263.50196
Final estimation on weights:
0.86199,0.04839,0.08961
Wrote distance file to... 
BEST SCORE FOUND : -599263.50196
Total tree lengths: 0.38231 0.01984 0.08773

Total number of iterations: 179
CPU time used for tree search: 0.00002 sec (0h:0m:0s)
Wall-clock time used for tree search: 0.00001 sec (0h:0m:0s)
Total CPU time used: 10079.24056 sec (2h:47m:59s)
Total wall-clock time used: 898.19521 sec (0h:14m:58s)

Analysis results written to: 
  IQ-TREE report:                mast_hdr_occ80_JU3237_quartet_14.submodel1.iqtree
  Maximum-likelihood tree:       mast_hdr_occ80_JU3237_quartet_14.submodel1.treefile
  Screen log file:               mast_hdr_occ80_JU3237_quartet_14.submodel1.log

Date and Time: Thu Jul  9 00:19:23 2026
