IQ-TREE version 3.0.1 for Linux x86 64-bit built Jul  9 2025
Developed by Bui Quang Minh, Thomas Wong, Nhan Ly-Trong, Huaiyan Ren
Contributed by Lam-Tung Nguyen, Dominik Schrempf, Chris Bielow,
Olga Chernomor, Michael Woodhams, Diep Thi Hoang, Heiko Schmidt

Host:    c592 (AVX512, FMA3, 188 GB RAM)
Command: iqtree3 -s /vast/eande106/projects/Nicolas/github/CB_PopGen_HDR_MS/processed_data/tree_topology/mast/mast_hdr/occ80_JU3237_quartet_09_supermatrix.clean.fas -m TMIX{LG+FO+G,LG+FO+G,LG+FO+G}+T -te /vast/eande106/projects/Nicolas/github/CB_PopGen_HDR_MS/processed_data/tree_topology/mast/quartet_topologies/quartet_09_JU2617_JU3237_topologies.tre --prefix mast_hdr_occ80_JU3237_quartet_09.submodel1 -T 48
Seed:    583962 (Using SPRNG - Scalable Parallel Random Number Generator)
Time:    Thu Jul  9 00:04:24 2026
Kernel:  AVX+FMA - 48 threads (48 CPU cores detected)

Reading alignment file /vast/eande106/projects/Nicolas/github/CB_PopGen_HDR_MS/processed_data/tree_topology/mast/mast_hdr/occ80_JU3237_quartet_09_supermatrix.clean.fas ... Fasta format detected
Reading fasta file: done in 0.0367101 secs using 13.95% CPU
Alignment most likely contains protein sequences
Constructing alignment: done in 0.163834 secs using 117.5% CPU
Alignment has 4 sequences with 149325 columns, 4280 distinct patterns
1228 parsimony-informative, 27354 singleton sites, 120743 constant sites
        Gap/Ambiguity  Composition  p-value
Analyzing sequences: done in 0.000142932 secs using 99.35% CPU
   1  PX506     4.55%    passed     99.15%
   2  JU3237    3.30%    passed    100.00%
   3  QX1410    3.06%    passed    100.00%
   4  JU2617    3.79%    passed    100.00%
****  TOTAL     3.67%  0 sequences failed composition chi2 test (p-value<5%; df=19)
Number of input trees: 3
Minimum branch length is set to 0.0000010
Checking for duplicate sequences: done in 0.000323092 secs using 175.2% CPU

NOTE: 31 MB RAM (0 GB) is required!
According to the parsimony scores along the sites, the tree weights are initialized to:
0.9185668,0.0390879,0.0423453
Estimate model parameters (epsilon = 0.00100)
1. Initial log-likelihood: -606778.87660
2. Current log-likelihood: -606529.10290
3. Current log-likelihood: -606258.83343
4. Current log-likelihood: -606241.36040
5. Current log-likelihood: -606230.05295
6. Current log-likelihood: -606225.20125
7. Current log-likelihood: -606224.02278
8. Current log-likelihood: -606222.94358
9. Current log-likelihood: -606221.95686
10. Current log-likelihood: -606221.06134
11. Current log-likelihood: -606220.24950
12. Current log-likelihood: -606219.51937
13. Current log-likelihood: -606218.86165
14. Current log-likelihood: -606218.26946
15. Current log-likelihood: -606217.73685
16. Current log-likelihood: -606217.25803
17. Current log-likelihood: -606216.82880
18. Current log-likelihood: -606216.44482
19. Current log-likelihood: -606216.09936
20. Current log-likelihood: -606215.79083
21. Current log-likelihood: -606215.51576
22. Current log-likelihood: -606215.26859
23. Current log-likelihood: -606215.04878
24. Current log-likelihood: -606214.85144
25. Current log-likelihood: -606214.67422
26. Current log-likelihood: -606214.51687
27. Current log-likelihood: -606214.37536
28. Current log-likelihood: -606214.24824
29. Current log-likelihood: -606214.13327
30. Current log-likelihood: -606214.03072
31. Current log-likelihood: -606213.93846
32. Current log-likelihood: -606213.85624
33. Current log-likelihood: -606213.78227
34. Current log-likelihood: -606213.71547
35. Current log-likelihood: -606213.65509
36. Current log-likelihood: -606213.60043
37. Current log-likelihood: -606213.56568
38. Current log-likelihood: -606213.51386
39. Current log-likelihood: -606213.48498
40. Current log-likelihood: -606213.44087
41. Current log-likelihood: -606213.41616
42. Current log-likelihood: -606213.37878
43. Current log-likelihood: -606213.35742
44. Current log-likelihood: -606213.32560
45. Current log-likelihood: -606213.30691
46. Current log-likelihood: -606213.27960
47. Current log-likelihood: -606213.26307
48. Current log-likelihood: -606213.23954
49. Current log-likelihood: -606213.22480
50. Current log-likelihood: -606213.20462
51. Current log-likelihood: -606213.19135
52. Current log-likelihood: -606213.17341
53. Current log-likelihood: -606213.16146
54. Current log-likelihood: -606213.14617
55. Current log-likelihood: -606213.13479
56. Current log-likelihood: -606213.12446
57. Current log-likelihood: -606213.11051
58. Current log-likelihood: -606213.10034
59. Current log-likelihood: -606213.09106
60. Current log-likelihood: -606213.07895
61. Current log-likelihood: -606213.06983
62. Current log-likelihood: -606213.06140
63. Current log-likelihood: -606213.05062
64. Current log-likelihood: -606213.04230
65. Current log-likelihood: -606213.03454
66. Current log-likelihood: -606213.02654
67. Current log-likelihood: -606213.01720
68. Current log-likelihood: -606213.00991
69. Current log-likelihood: -606213.00259
70. Current log-likelihood: -606212.99507
71. Current log-likelihood: -606212.98753
72. Current log-likelihood: -606212.98052
73. Current log-likelihood: -606212.97353
74. Current log-likelihood: -606212.96667
75. Current log-likelihood: -606212.96007
76. Current log-likelihood: -606212.95355
77. Current log-likelihood: -606212.94725
78. Current log-likelihood: -606212.94097
79. Current log-likelihood: -606212.93491
80. Current log-likelihood: -606212.92887
81. Current log-likelihood: -606212.92302
82. Current log-likelihood: -606212.91717
83. Current log-likelihood: -606212.91153
84. Current log-likelihood: -606212.90585
85. Current log-likelihood: -606212.90039
86. Current log-likelihood: -606212.89490
87. Current log-likelihood: -606212.88962
88. Current log-likelihood: -606212.88431
89. Current log-likelihood: -606212.87918
90. Current log-likelihood: -606212.87402
91. Current log-likelihood: -606212.86906
92. Current log-likelihood: -606212.86406
93. Current log-likelihood: -606212.85923
94. Current log-likelihood: -606212.85435
95. Current log-likelihood: -606212.84967
96. Current log-likelihood: -606212.84494
97. Current log-likelihood: -606212.84038
98. Current log-likelihood: -606212.83579
99. Current log-likelihood: -606212.83136
100. Current log-likelihood: -606212.82689
101. Current log-likelihood: -606212.82257
102. Current log-likelihood: -606212.81436
103. Current log-likelihood: -606212.80666
104. Current log-likelihood: -606212.79887
105. Current log-likelihood: -606212.79094
106. Current log-likelihood: -606212.78353
107. Current log-likelihood: -606212.77617
108. Current log-likelihood: -606212.76937
109. Current log-likelihood: -606212.76236
110. Current log-likelihood: -606212.75591
111. Current log-likelihood: -606212.74896
112. Current log-likelihood: -606212.74254
113. Current log-likelihood: -606212.73623
114. Current log-likelihood: -606212.73029
115. Current log-likelihood: -606212.72418
116. Current log-likelihood: -606212.71853
117. Current log-likelihood: -606212.71279
118. Current log-likelihood: -606212.70744
119. Current log-likelihood: -606212.70198
120. Current log-likelihood: -606212.69686
121. Current log-likelihood: -606212.69169
122. Current log-likelihood: -606212.68681
123. Current log-likelihood: -606212.68187
124. Current log-likelihood: -606212.67720
125. Current log-likelihood: -606212.67250
126. Current log-likelihood: -606212.66802
127. Current log-likelihood: -606212.66351
128. Current log-likelihood: -606212.65925
129. Current log-likelihood: -606212.65493
130. Current log-likelihood: -606212.65086
131. Current log-likelihood: -606212.64674
132. Current log-likelihood: -606212.64285
133. Current log-likelihood: -606212.63890
134. Current log-likelihood: -606212.63518
135. Current log-likelihood: -606212.63141
136. Current log-likelihood: -606212.62784
137. Current log-likelihood: -606212.62423
138. Current log-likelihood: -606212.62082
139. Current log-likelihood: -606212.61736
140. Current log-likelihood: -606212.61411
141. Current log-likelihood: -606212.61078
142. Current log-likelihood: -606212.60767
143. Current log-likelihood: -606212.60450
144. Current log-likelihood: -606212.60152
145. Current log-likelihood: -606212.59848
146. Current log-likelihood: -606212.59562
147. Current log-likelihood: -606212.59272
148. Current log-likelihood: -606212.58997
149. Current log-likelihood: -606212.58719
150. Current log-likelihood: -606212.58456
151. Current log-likelihood: -606212.58189
152. Current log-likelihood: -606212.57938
153. Current log-likelihood: -606212.57683
154. Current log-likelihood: -606212.57442
155. Current log-likelihood: -606212.57197
156. Current log-likelihood: -606212.56962
157. Current log-likelihood: -606212.56698
158. Current log-likelihood: -606212.56470
159. Current log-likelihood: -606212.56245
160. Current log-likelihood: -606212.56028
161. Current log-likelihood: -606212.55810
162. Current log-likelihood: -606212.55604
163. Current log-likelihood: -606212.55393
164. Current log-likelihood: -606212.55195
165. Current log-likelihood: -606212.54996
166. Current log-likelihood: -606212.54805
167. Current log-likelihood: -606212.54613
168. Current log-likelihood: -606212.54431
169. Current log-likelihood: -606212.54247
170. Current log-likelihood: -606212.54072
171. Current log-likelihood: -606212.53896
172. Current log-likelihood: -606212.53728
173. Current log-likelihood: -606212.53558
174. Current log-likelihood: -606212.53397
175. Current log-likelihood: -606212.53235
176. Current log-likelihood: -606212.53080
177. Current log-likelihood: -606212.52932
178. Current log-likelihood: -606212.52771
179. Current log-likelihood: -606212.52631
180. Current log-likelihood: -606212.52478
181. Current log-likelihood: -606212.52343
182. Current log-likelihood: -606212.52195
183. Current log-likelihood: -606212.52068
184. Current log-likelihood: -606212.51925
185. Current log-likelihood: -606212.51803
186. Current log-likelihood: -606212.51666
187. Current log-likelihood: -606212.51547
188. Current log-likelihood: -606212.51417
189. Current log-likelihood: -606212.51302
190. Current log-likelihood: -606212.51176
191. Current log-likelihood: -606212.51067
192. Current log-likelihood: -606212.50947
193. Current log-likelihood: -606212.50842
194. Current log-likelihood: -606212.50724
195. Current log-likelihood: -606212.50623
196. Current log-likelihood: -606212.50513
197. Current log-likelihood: -606212.50416
Final estimation on weights:
0.89741,0.05448,0.04811
Wrote distance file to... 
BEST SCORE FOUND : -606212.50416
Total tree lengths: 0.36737 0.06898 0.01043

Total number of iterations: 195
CPU time used for tree search: 0.00002 sec (0h:0m:0s)
Wall-clock time used for tree search: 0.00001 sec (0h:0m:0s)
Total CPU time used: 8555.09064 sec (2h:22m:35s)
Total wall-clock time used: 602.83907 sec (0h:10m:2s)

Analysis results written to: 
  IQ-TREE report:                mast_hdr_occ80_JU3237_quartet_09.submodel1.iqtree
  Maximum-likelihood tree:       mast_hdr_occ80_JU3237_quartet_09.submodel1.treefile
  Screen log file:               mast_hdr_occ80_JU3237_quartet_09.submodel1.log

Date and Time: Thu Jul  9 00:14:27 2026
