IQ-TREE version 3.0.1 for Linux x86 64-bit built Jul  9 2025
Developed by Bui Quang Minh, Thomas Wong, Nhan Ly-Trong, Huaiyan Ren
Contributed by Lam-Tung Nguyen, Dominik Schrempf, Chris Bielow,
Olga Chernomor, Michael Woodhams, Diep Thi Hoang, Heiko Schmidt

Host:    c352 (AVX512, FMA3, 188 GB RAM)
Command: iqtree3 -s /vast/eande106/projects/Nicolas/github/CB_PopGen_HDR_MS/processed_data/tree_topology/mast/mast_all/occ80_JU3237_quartet_08_supermatrix.clean.fas -m TMIX{LG+FO+G,LG+FO+G,LG+FO+G}+T -te /vast/eande106/projects/Nicolas/github/CB_PopGen_HDR_MS/processed_data/tree_topology/mast/quartet_topologies/quartet_08_JU2484_JU3237_topologies.tre --prefix mast_all_occ80_JU3237_quartet_08.submodel1 -T 48
Seed:    394323 (Using SPRNG - Scalable Parallel Random Number Generator)
Time:    Wed Jul  8 23:20:53 2026
Kernel:  AVX+FMA - 48 threads (48 CPU cores detected)

Reading alignment file /vast/eande106/projects/Nicolas/github/CB_PopGen_HDR_MS/processed_data/tree_topology/mast/mast_all/occ80_JU3237_quartet_08_supermatrix.clean.fas ... Fasta format detected
Reading fasta file: done in 0.213833 secs using 50.2% CPU
Alignment most likely contains protein sequences
Constructing alignment: done in 3.08868 secs using 12.9% CPU
WARNING: 1 sites contain only gaps or ambiguous characters.
Alignment has 4 sequences with 2818109 columns, 12871 distinct patterns
21584 parsimony-informative, 433195 singleton sites, 2363330 constant sites
        Gap/Ambiguity  Composition  p-value
Analyzing sequences: done in 0.000209358 secs using 2.233e+04% CPU
   1  PX506     5.07%    failed      0.00%
   2  JU2484    2.66%    passed     24.35%
   3  JU3237    2.27%    passed     82.65%
   4  QX1410    2.21%    passed     95.95%
****  TOTAL     3.05%  1 sequences failed composition chi2 test (p-value<5%; df=19)
Number of input trees: 3
Minimum branch length is set to 0.0000010
Checking for duplicate sequences: done in 0.000344472 secs using 99.57% CPU

NOTE: 95 MB RAM (0 GB) is required!
According to the parsimony scores along the sites, the tree weights are initialized to:
0.9667346,0.0138529,0.0194125
Estimate model parameters (epsilon = 0.00100)
1. Initial log-likelihood: -10887059.21885
2. Current log-likelihood: -10885662.53735
3. Current log-likelihood: -10881762.35488
4. Current log-likelihood: -10881214.70239
5. Current log-likelihood: -10881115.47178
6. Current log-likelihood: -10881060.30710
7. Current log-likelihood: -10881011.26660
8. Current log-likelihood: -10880968.36898
9. Current log-likelihood: -10880930.73792
10. Current log-likelihood: -10880897.88905
11. Current log-likelihood: -10880869.31461
12. Current log-likelihood: -10880844.57114
13. Current log-likelihood: -10880823.24529
14. Current log-likelihood: -10880804.93124
15. Current log-likelihood: -10880789.23554
16. Current log-likelihood: -10880775.85146
17. Current log-likelihood: -10880764.45093
18. Current log-likelihood: -10880754.72688
19. Current log-likelihood: -10880746.49107
20. Current log-likelihood: -10880739.47471
21. Current log-likelihood: -10880733.49667
22. Current log-likelihood: -10880728.42495
23. Current log-likelihood: -10880724.09707
24. Current log-likelihood: -10880720.40985
25. Current log-likelihood: -10880717.24178
26. Current log-likelihood: -10880714.51245
27. Current log-likelihood: -10880712.14290
28. Current log-likelihood: -10880710.05355
29. Current log-likelihood: -10880708.22167
30. Current log-likelihood: -10880706.61424
31. Current log-likelihood: -10880705.18646
32. Current log-likelihood: -10880703.88326
33. Current log-likelihood: -10880702.70536
34. Current log-likelihood: -10880701.61974
35. Current log-likelihood: -10880700.61442
36. Current log-likelihood: -10880699.66961
37. Current log-likelihood: -10880698.78801
38. Current log-likelihood: -10880697.94765
39. Current log-likelihood: -10880697.14510
40. Current log-likelihood: -10880696.37053
41. Current log-likelihood: -10880695.62218
42. Current log-likelihood: -10880694.89705
43. Current log-likelihood: -10880694.19059
44. Current log-likelihood: -10880693.50178
45. Current log-likelihood: -10880692.82535
46. Current log-likelihood: -10880692.19873
47. Current log-likelihood: -10880691.52547
48. Current log-likelihood: -10880690.88066
49. Current log-likelihood: -10880690.27456
50. Current log-likelihood: -10880689.62344
51. Current log-likelihood: -10880689.00004
52. Current log-likelihood: -10880688.38063
53. Current log-likelihood: -10880687.76664
54. Current log-likelihood: -10880687.17959
55. Current log-likelihood: -10880686.56260
56. Current log-likelihood: -10880685.96343
57. Current log-likelihood: -10880685.38731
58. Current log-likelihood: -10880684.78553
59. Current log-likelihood: -10880684.19720
60. Current log-likelihood: -10880683.61411
61. Current log-likelihood: -10880683.03428
62. Current log-likelihood: -10880682.45848
63. Current log-likelihood: -10880681.88603
64. Current log-likelihood: -10880681.31726
65. Current log-likelihood: -10880680.75169
66. Current log-likelihood: -10880680.18957
67. Current log-likelihood: -10880679.63065
68. Current log-likelihood: -10880679.07535
69. Current log-likelihood: -10880678.52272
70. Current log-likelihood: -10880677.97382
71. Current log-likelihood: -10880677.42778
72. Current log-likelihood: -10880676.88528
73. Current log-likelihood: -10880676.34546
74. Current log-likelihood: -10880675.80845
75. Current log-likelihood: -10880675.27488
76. Current log-likelihood: -10880674.74457
77. Current log-likelihood: -10880674.21755
78. Current log-likelihood: -10880673.69333
79. Current log-likelihood: -10880673.17231
80. Current log-likelihood: -10880672.65384
81. Current log-likelihood: -10880672.15211
82. Current log-likelihood: -10880671.63401
83. Current log-likelihood: -10880671.12577
84. Current log-likelihood: -10880670.61974
85. Current log-likelihood: -10880670.13110
86. Current log-likelihood: -10880669.62373
87. Current log-likelihood: -10880669.12506
88. Current log-likelihood: -10880668.64430
89. Current log-likelihood: -10880668.14649
90. Current log-likelihood: -10880667.65887
91. Current log-likelihood: -10880667.17331
92. Current log-likelihood: -10880666.70433
93. Current log-likelihood: -10880666.21811
94. Current log-likelihood: -10880665.74080
95. Current log-likelihood: -10880665.26689
96. Current log-likelihood: -10880664.80832
97. Current log-likelihood: -10880664.33455
98. Current log-likelihood: -10880663.86992
99. Current log-likelihood: -10880663.42109
100. Current log-likelihood: -10880662.95391
101. Current log-likelihood: -10880662.49719
102. Current log-likelihood: -10880661.60646
103. Current log-likelihood: -10880660.71693
104. Current log-likelihood: -10880659.84077
105. Current log-likelihood: -10880658.97516
106. Current log-likelihood: -10880658.11992
107. Current log-likelihood: -10880657.27565
108. Current log-likelihood: -10880656.44198
109. Current log-likelihood: -10880655.61875
110. Current log-likelihood: -10880654.80615
111. Current log-likelihood: -10880654.00126
112. Current log-likelihood: -10880653.20985
113. Current log-likelihood: -10880652.42775
114. Current log-likelihood: -10880651.65637
115. Current log-likelihood: -10880650.89430
116. Current log-likelihood: -10880650.14285
117. Current log-likelihood: -10880649.40044
118. Current log-likelihood: -10880648.66854
119. Current log-likelihood: -10880647.94309
120. Current log-likelihood: -10880647.23302
121. Current log-likelihood: -10880646.53062
122. Current log-likelihood: -10880645.83741
123. Current log-likelihood: -10880645.15350
124. Current log-likelihood: -10880644.47847
125. Current log-likelihood: -10880643.81275
126. Current log-likelihood: -10880643.15601
127. Current log-likelihood: -10880642.50770
128. Current log-likelihood: -10880641.86858
129. Current log-likelihood: -10880641.23774
130. Current log-likelihood: -10880640.61561
131. Current log-likelihood: -10880640.00122
132. Current log-likelihood: -10880639.39580
133. Current log-likelihood: -10880638.79839
134. Current log-likelihood: -10880638.20953
135. Current log-likelihood: -10880637.62854
136. Current log-likelihood: -10880637.05547
137. Current log-likelihood: -10880636.49128
138. Current log-likelihood: -10880635.93457
139. Current log-likelihood: -10880635.38547
140. Current log-likelihood: -10880634.84400
141. Current log-likelihood: -10880634.31015
142. Current log-likelihood: -10880633.78343
143. Current log-likelihood: -10880633.26355
144. Current log-likelihood: -10880632.75187
145. Current log-likelihood: -10880632.24688
146. Current log-likelihood: -10880631.74923
147. Current log-likelihood: -10880631.25859
148. Current log-likelihood: -10880630.77415
149. Current log-likelihood: -10880630.29711
150. Current log-likelihood: -10880629.82658
151. Current log-likelihood: -10880629.36134
152. Current log-likelihood: -10880628.90387
153. Current log-likelihood: -10880628.45228
154. Current log-likelihood: -10880628.00774
155. Current log-likelihood: -10880627.56953
156. Current log-likelihood: -10880627.13756
157. Current log-likelihood: -10880626.71119
158. Current log-likelihood: -10880626.29121
159. Current log-likelihood: -10880625.87773
160. Current log-likelihood: -10880625.46843
161. Current log-likelihood: -10880625.06635
162. Current log-likelihood: -10880624.66997
163. Current log-likelihood: -10880624.27955
164. Current log-likelihood: -10880623.89452
165. Current log-likelihood: -10880623.51502
166. Current log-likelihood: -10880623.14094
167. Current log-likelihood: -10880622.77231
168. Current log-likelihood: -10880622.40896
169. Current log-likelihood: -10880622.04972
170. Current log-likelihood: -10880621.69657
171. Current log-likelihood: -10880621.34881
172. Current log-likelihood: -10880621.00605
173. Current log-likelihood: -10880620.66819
174. Current log-likelihood: -10880620.33515
175. Current log-likelihood: -10880620.00717
176. Current log-likelihood: -10880619.68372
177. Current log-likelihood: -10880619.36502
178. Current log-likelihood: -10880619.06628
179. Current log-likelihood: -10880618.74696
180. Current log-likelihood: -10880618.43920
181. Current log-likelihood: -10880618.13838
182. Current log-likelihood: -10880617.84177
183. Current log-likelihood: -10880617.56345
184. Current log-likelihood: -10880617.26777
185. Current log-likelihood: -10880616.98538
186. Current log-likelihood: -10880616.70532
187. Current log-likelihood: -10880616.44347
188. Current log-likelihood: -10880616.16380
189. Current log-likelihood: -10880615.89618
190. Current log-likelihood: -10880615.63286
191. Current log-likelihood: -10880615.37168
192. Current log-likelihood: -10880615.11663
193. Current log-likelihood: -10880614.87740
194. Current log-likelihood: -10880614.62070
195. Current log-likelihood: -10880614.38737
196. Current log-likelihood: -10880614.14092
197. Current log-likelihood: -10880613.91582
198. Current log-likelihood: -10880613.67178
199. Current log-likelihood: -10880613.45030
200. Current log-likelihood: -10880613.21834
201. Current log-likelihood: -10880613.00554
202. Current log-likelihood: -10880612.67368
203. Current log-likelihood: -10880612.34936
204. Current log-likelihood: -10880612.03756
205. Current log-likelihood: -10880611.72974
206. Current log-likelihood: -10880611.42975
207. Current log-likelihood: -10880611.13584
208. Current log-likelihood: -10880610.84833
209. Current log-likelihood: -10880610.56762
210. Current log-likelihood: -10880610.29233
211. Current log-likelihood: -10880610.02376
212. Current log-likelihood: -10880609.76028
213. Current log-likelihood: -10880609.50329
214. Current log-likelihood: -10880609.24933
215. Current log-likelihood: -10880609.02029
216. Current log-likelihood: -10880608.76998
217. Current log-likelihood: -10880608.53167
218. Current log-likelihood: -10880608.30158
219. Current log-likelihood: -10880608.07617
220. Current log-likelihood: -10880607.85454
221. Current log-likelihood: -10880607.65306
222. Current log-likelihood: -10880607.43359
223. Current log-likelihood: -10880607.22802
224. Current log-likelihood: -10880607.02501
225. Current log-likelihood: -10880606.84081
226. Current log-likelihood: -10880606.63736
227. Current log-likelihood: -10880606.46070
228. Current log-likelihood: -10880606.26915
229. Current log-likelihood: -10880606.10132
230. Current log-likelihood: -10880605.91330
231. Current log-likelihood: -10880605.74967
232. Current log-likelihood: -10880605.57521
233. Current log-likelihood: -10880605.42102
234. Current log-likelihood: -10880605.25215
235. Current log-likelihood: -10880605.10505
236. Current log-likelihood: -10880604.94160
237. Current log-likelihood: -10880604.79953
238. Current log-likelihood: -10880604.64279
239. Current log-likelihood: -10880604.49927
240. Current log-likelihood: -10880604.36749
241. Current log-likelihood: -10880604.22126
242. Current log-likelihood: -10880604.09441
243. Current log-likelihood: -10880603.95372
244. Current log-likelihood: -10880603.83163
245. Current log-likelihood: -10880603.69871
246. Current log-likelihood: -10880603.58213
247. Current log-likelihood: -10880603.45446
248. Current log-likelihood: -10880603.34315
249. Current log-likelihood: -10880603.21971
250. Current log-likelihood: -10880603.11285
251. Current log-likelihood: -10880602.99583
252. Current log-likelihood: -10880602.89339
253. Current log-likelihood: -10880602.78090
254. Current log-likelihood: -10880602.68267
255. Current log-likelihood: -10880602.57494
256. Current log-likelihood: -10880602.48103
257. Current log-likelihood: -10880602.37759
258. Current log-likelihood: -10880602.28713
259. Current log-likelihood: -10880602.18879
260. Current log-likelihood: -10880602.10245
261. Current log-likelihood: -10880602.00742
262. Current log-likelihood: -10880601.92449
263. Current log-likelihood: -10880601.83407
264. Current log-likelihood: -10880601.75439
265. Current log-likelihood: -10880601.66737
266. Current log-likelihood: -10880601.59112
267. Current log-likelihood: -10880601.50701
268. Current log-likelihood: -10880601.43408
269. Current log-likelihood: -10880601.35348
270. Current log-likelihood: -10880601.28322
271. Current log-likelihood: -10880601.20693
272. Current log-likelihood: -10880601.13969
273. Current log-likelihood: -10880601.06705
274. Current log-likelihood: -10880601.00250
275. Current log-likelihood: -10880600.93217
276. Current log-likelihood: -10880600.87042
277. Current log-likelihood: -10880600.80348
278. Current log-likelihood: -10880600.74396
279. Current log-likelihood: -10880600.67991
280. Current log-likelihood: -10880600.62318
281. Current log-likelihood: -10880600.56138
282. Current log-likelihood: -10880600.50666
283. Current log-likelihood: -10880600.44779
284. Current log-likelihood: -10880600.39551
285. Current log-likelihood: -10880600.33881
286. Current log-likelihood: -10880600.28841
287. Current log-likelihood: -10880600.23454
288. Current log-likelihood: -10880600.18639
289. Current log-likelihood: -10880600.13427
290. Current log-likelihood: -10880600.08794
291. Current log-likelihood: -10880600.03837
292. Current log-likelihood: -10880599.99403
293. Current log-likelihood: -10880599.94614
294. Current log-likelihood: -10880599.90363
295. Current log-likelihood: -10880599.85758
296. Current log-likelihood: -10880599.81670
297. Current log-likelihood: -10880599.77287
298. Current log-likelihood: -10880599.73369
299. Current log-likelihood: -10880599.69565
300. Current log-likelihood: -10880599.65420
301. Current log-likelihood: -10880599.61826
302. Current log-likelihood: -10880599.56587
303. Current log-likelihood: -10880599.52138
304. Current log-likelihood: -10880599.47059
305. Current log-likelihood: -10880599.42804
306. Current log-likelihood: -10880599.38039
307. Current log-likelihood: -10880599.34002
308. Current log-likelihood: -10880599.29499
309. Current log-likelihood: -10880599.25669
310. Current log-likelihood: -10880599.21416
311. Current log-likelihood: -10880599.17788
312. Current log-likelihood: -10880599.13772
313. Current log-likelihood: -10880599.10305
314. Current log-likelihood: -10880599.06428
315. Current log-likelihood: -10880599.03164
316. Current log-likelihood: -10880598.99592
317. Current log-likelihood: -10880598.96483
318. Current log-likelihood: -10880598.93536
319. Current log-likelihood: -10880598.90065
320. Current log-likelihood: -10880598.87202
321. Current log-likelihood: -10880598.84459
322. Current log-likelihood: -10880598.81358
323. Current log-likelihood: -10880598.78788
324. Current log-likelihood: -10880598.75834
325. Current log-likelihood: -10880598.73335
326. Current log-likelihood: -10880598.70951
327. Current log-likelihood: -10880598.68243
328. Current log-likelihood: -10880598.65977
329. Current log-likelihood: -10880598.63449
330. Current log-likelihood: -10880598.61318
331. Current log-likelihood: -10880598.58878
332. Current log-likelihood: -10880598.56810
333. Current log-likelihood: -10880598.54836
334. Current log-likelihood: -10880598.52567
335. Current log-likelihood: -10880598.50710
336. Current log-likelihood: -10880598.48613
337. Current log-likelihood: -10880598.46851
338. Current log-likelihood: -10880598.44871
339. Current log-likelihood: -10880598.43194
340. Current log-likelihood: -10880598.41297
341. Current log-likelihood: -10880598.39711
342. Current log-likelihood: -10880598.37930
343. Current log-likelihood: -10880598.36426
344. Current log-likelihood: -10880598.34732
345. Current log-likelihood: -10880598.33311
346. Current log-likelihood: -10880598.31711
347. Current log-likelihood: -10880598.30336
348. Current log-likelihood: -10880598.28819
349. Current log-likelihood: -10880598.27522
350. Current log-likelihood: -10880598.25971
351. Current log-likelihood: -10880598.24748
352. Current log-likelihood: -10880598.23392
353. Current log-likelihood: -10880598.22224
354. Current log-likelihood: -10880598.20984
355. Current log-likelihood: -10880598.19867
356. Current log-likelihood: -10880598.18635
357. Current log-likelihood: -10880598.17605
358. Current log-likelihood: -10880598.16444
359. Current log-likelihood: -10880598.15459
360. Current log-likelihood: -10880598.14348
361. Current log-likelihood: -10880598.13425
362. Current log-likelihood: -10880598.12409
363. Current log-likelihood: -10880598.11496
364. Current log-likelihood: -10880598.10582
365. Current log-likelihood: -10880598.09620
366. Current log-likelihood: -10880598.08814
367. Current log-likelihood: -10880598.07915
368. Current log-likelihood: -10880598.07122
369. Current log-likelihood: -10880598.06339
370. Current log-likelihood: -10880598.05505
371. Current log-likelihood: -10880598.04783
372. Current log-likelihood: -10880598.04057
373. Current log-likelihood: -10880598.03264
374. Current log-likelihood: -10880598.02576
375. Current log-likelihood: -10880598.01916
376. Current log-likelihood: -10880598.01170
377. Current log-likelihood: -10880598.00556
378. Current log-likelihood: -10880597.99940
379. Current log-likelihood: -10880597.99262
380. Current log-likelihood: -10880597.98685
381. Current log-likelihood: -10880597.98123
382. Current log-likelihood: -10880597.97496
383. Current log-likelihood: -10880597.96960
384. Current log-likelihood: -10880597.96442
385. Current log-likelihood: -10880597.95856
386. Current log-likelihood: -10880597.95345
387. Current log-likelihood: -10880597.94857
388. Current log-likelihood: -10880597.94314
389. Current log-likelihood: -10880597.93851
390. Current log-likelihood: -10880597.93405
391. Current log-likelihood: -10880597.92948
392. Current log-likelihood: -10880597.92508
393. Current log-likelihood: -10880597.92077
394. Current log-likelihood: -10880597.91664
395. Current log-likelihood: -10880597.91256
396. Current log-likelihood: -10880597.90859
397. Current log-likelihood: -10880597.90471
398. Current log-likelihood: -10880597.90093
399. Current log-likelihood: -10880597.89731
400. Current log-likelihood: -10880597.89351
401. Current log-likelihood: -10880597.89005
402. Current log-likelihood: -10880597.88589
403. Current log-likelihood: -10880597.88186
404. Current log-likelihood: -10880597.87792
405. Current log-likelihood: -10880597.87404
406. Current log-likelihood: -10880597.87032
407. Current log-likelihood: -10880597.86666
408. Current log-likelihood: -10880597.86323
409. Current log-likelihood: -10880597.85991
410. Current log-likelihood: -10880597.85656
411. Current log-likelihood: -10880597.85344
412. Current log-likelihood: -10880597.85035
413. Current log-likelihood: -10880597.84736
414. Current log-likelihood: -10880597.84439
415. Current log-likelihood: -10880597.84146
416. Current log-likelihood: -10880597.83883
417. Current log-likelihood: -10880597.83625
418. Current log-likelihood: -10880597.83360
419. Current log-likelihood: -10880597.83116
420. Current log-likelihood: -10880597.82877
421. Current log-likelihood: -10880597.82634
422. Current log-likelihood: -10880597.82417
423. Current log-likelihood: -10880597.82194
424. Current log-likelihood: -10880597.81982
425. Current log-likelihood: -10880597.81781
426. Current log-likelihood: -10880597.81580
427. Current log-likelihood: -10880597.81391
428. Current log-likelihood: -10880597.81205
429. Current log-likelihood: -10880597.81023
430. Current log-likelihood: -10880597.80849
431. Current log-likelihood: -10880597.80689
432. Current log-likelihood: -10880597.80511
433. Current log-likelihood: -10880597.80336
434. Current log-likelihood: -10880597.80195
435. Current log-likelihood: -10880597.80029
436. Current log-likelihood: -10880597.79882
437. Current log-likelihood: -10880597.79750
438. Current log-likelihood: -10880597.79609
439. Current log-likelihood: -10880597.79474
440. Current log-likelihood: -10880597.79348
441. Current log-likelihood: -10880597.79224
442. Current log-likelihood: -10880597.79110
443. Current log-likelihood: -10880597.78982
444. Current log-likelihood: -10880597.78873
445. Current log-likelihood: -10880597.78763
446. Current log-likelihood: -10880597.78659
447. Current log-likelihood: -10880597.78555
448. Current log-likelihood: -10880597.78453
449. Current log-likelihood: -10880597.78352
450. Current log-likelihood: -10880597.78263
Final estimation on weights:
0.94806,0.03795,0.01399
Wrote distance file to... 
BEST SCORE FOUND : -10880597.78263
Total tree lengths: 0.26938 0.02095 0.00097

Total number of iterations: 448
CPU time used for tree search: 0.00004 sec (0h:0m:0s)
Wall-clock time used for tree search: 0.00003 sec (0h:0m:0s)
Total CPU time used: 22723.90234 sec (6h:18m:43s)
Total wall-clock time used: 1038.07529 sec (0h:17m:18s)

Analysis results written to: 
  IQ-TREE report:                mast_all_occ80_JU3237_quartet_08.submodel1.iqtree
  Maximum-likelihood tree:       mast_all_occ80_JU3237_quartet_08.submodel1.treefile
  Screen log file:               mast_all_occ80_JU3237_quartet_08.submodel1.log

Date and Time: Wed Jul  8 23:38:14 2026
