IQ-TREE version 3.0.1 for Linux x86 64-bit built Jul  9 2025
Developed by Bui Quang Minh, Thomas Wong, Nhan Ly-Trong, Huaiyan Ren
Contributed by Lam-Tung Nguyen, Dominik Schrempf, Chris Bielow,
Olga Chernomor, Michael Woodhams, Diep Thi Hoang, Heiko Schmidt

Host:    c218 (AVX512, FMA3, 188 GB RAM)
Command: iqtree3 -s /vast/eande106/projects/Nicolas/github/CB_PopGen_HDR_MS/processed_data/tree_topology/mast/mast_all/occ80_JU3200_quartet_16_supermatrix.clean.fas -m LG+FO+G+T -te /vast/eande106/projects/Nicolas/github/CB_PopGen_HDR_MS/processed_data/tree_topology/mast/quartet_topologies/quartet_16_ZF1220_JU3200_topologies.tre --prefix mast_all_occ80_JU3200_quartet_16.submodel6 -T 48
Seed:    186509 (Using SPRNG - Scalable Parallel Random Number Generator)
Time:    Wed Jul  8 23:22:18 2026
Kernel:  AVX+FMA - 48 threads (48 CPU cores detected)

Reading alignment file /vast/eande106/projects/Nicolas/github/CB_PopGen_HDR_MS/processed_data/tree_topology/mast/mast_all/occ80_JU3200_quartet_16_supermatrix.clean.fas ... Fasta format detected
Reading fasta file: done in 0.19596 secs using 47.56% CPU
Alignment most likely contains protein sequences
Constructing alignment: done in 2.59416 secs using 13.25% CPU
WARNING: 1 sites contain only gaps or ambiguous characters.
Alignment has 4 sequences with 2408027 columns, 13646 distinct patterns
15528 parsimony-informative, 356312 singleton sites, 2036187 constant sites
        Gap/Ambiguity  Composition  p-value
Analyzing sequences: done in 0.000437676 secs using 1.077e+04% CPU
   1  PX506     4.94%    failed      0.02%
   2  ZF1220    2.90%    passed     75.28%
   3  JU3200    2.28%    passed     99.15%
   4  QX1410    2.15%    passed     99.71%
****  TOTAL     3.07%  1 sequences failed composition chi2 test (p-value<5%; df=19)
Number of input trees: 3
Minimum branch length is set to 0.0000010
Checking for duplicate sequences: done in 0.000451907 secs using 99.8% CPU

NOTE: 101 MB RAM (0 GB) is required!
According to the parsimony scores along the sites, the tree weights are initialized to:
0.8958655,0.0430191,0.0611154
Estimate model parameters (epsilon = 0.00100)
1. Initial log-likelihood: -9260494.05145
2. Current log-likelihood: -9251593.91354
3. Current log-likelihood: -9251074.18326
4. Current log-likelihood: -9250747.03415
5. Current log-likelihood: -9250665.67774
6. Current log-likelihood: -9250650.95065
7. Current log-likelihood: -9250647.50180
8. Current log-likelihood: -9250644.83340
9. Current log-likelihood: -9250642.54210
10. Current log-likelihood: -9250640.57129
11. Current log-likelihood: -9250638.74848
12. Current log-likelihood: -9250636.94718
13. Current log-likelihood: -9250635.15172
14. Current log-likelihood: -9250633.34728
15. Current log-likelihood: -9250631.53381
16. Current log-likelihood: -9250629.73777
17. Current log-likelihood: -9250627.93214
18. Current log-likelihood: -9250626.11606
19. Current log-likelihood: -9250624.24792
20. Current log-likelihood: -9250622.37800
21. Current log-likelihood: -9250620.52598
22. Current log-likelihood: -9250618.66339
23. Current log-likelihood: -9250616.76045
24. Current log-likelihood: -9250614.87601
25. Current log-likelihood: -9250612.94653
26. Current log-likelihood: -9250611.03697
27. Current log-likelihood: -9250609.11705
28. Current log-likelihood: -9250607.15700
29. Current log-likelihood: -9250605.21493
30. Current log-likelihood: -9250603.26192
31. Current log-likelihood: -9250601.29814
32. Current log-likelihood: -9250599.28795
33. Current log-likelihood: -9250597.29899
34. Current log-likelihood: -9250595.29918
35. Current log-likelihood: -9250593.25939
36. Current log-likelihood: -9250591.23711
37. Current log-likelihood: -9250589.20362
38. Current log-likelihood: -9250587.15919
39. Current log-likelihood: -9250585.09880
40. Current log-likelihood: -9250582.99844
41. Current log-likelihood: -9250580.91743
42. Current log-likelihood: -9250578.82590
43. Current log-likelihood: -9250576.72301
44. Current log-likelihood: -9250574.59730
45. Current log-likelihood: -9250572.47188
46. Current log-likelihood: -9250570.33563
47. Current log-likelihood: -9250568.18781
48. Current log-likelihood: -9250566.02052
49. Current log-likelihood: -9250563.81989
50. Current log-likelihood: -9250561.63564
51. Current log-likelihood: -9250559.44045
52. Current log-likelihood: -9250557.23407
53. Current log-likelihood: -9250555.01529
54. Current log-likelihood: -9250552.78691
55. Current log-likelihood: -9250550.54585
56. Current log-likelihood: -9250548.29394
57. Current log-likelihood: -9250546.02807
58. Current log-likelihood: -9250543.75604
59. Current log-likelihood: -9250541.45265
60. Current log-likelihood: -9250539.15576
61. Current log-likelihood: -9250536.84765
62. Current log-likelihood: -9250534.52752
63. Current log-likelihood: -9250532.19812
64. Current log-likelihood: -9250529.85635
65. Current log-likelihood: -9250527.50431
66. Current log-likelihood: -9250525.14294
67. Current log-likelihood: -9250522.76940
68. Current log-likelihood: -9250520.38709
69. Current log-likelihood: -9250517.99414
70. Current log-likelihood: -9250515.58508
71. Current log-likelihood: -9250513.16863
72. Current log-likelihood: -9250510.74217
73. Current log-likelihood: -9250508.30586
74. Current log-likelihood: -9250505.86113
75. Current log-likelihood: -9250503.40495
76. Current log-likelihood: -9250500.93977
77. Current log-likelihood: -9250498.46523
78. Current log-likelihood: -9250495.98316
79. Current log-likelihood: -9250493.48966
80. Current log-likelihood: -9250490.98978
81. Current log-likelihood: -9250488.47874
82. Current log-likelihood: -9250485.95697
83. Current log-likelihood: -9250483.42765
84. Current log-likelihood: -9250480.89088
85. Current log-likelihood: -9250478.34759
86. Current log-likelihood: -9250475.79480
87. Current log-likelihood: -9250473.23524
88. Current log-likelihood: -9250470.66857
89. Current log-likelihood: -9250468.09513
90. Current log-likelihood: -9250465.51688
91. Current log-likelihood: -9250462.92989
92. Current log-likelihood: -9250460.33778
93. Current log-likelihood: -9250457.74006
94. Current log-likelihood: -9250455.13705
95. Current log-likelihood: -9250452.53131
96. Current log-likelihood: -9250449.92018
97. Current log-likelihood: -9250447.30460
98. Current log-likelihood: -9250444.68048
99. Current log-likelihood: -9250442.05676
100. Current log-likelihood: -9250439.42880
101. Current log-likelihood: -9250436.79772
102. Current log-likelihood: -9250432.22397
103. Current log-likelihood: -9250427.25690
104. Current log-likelihood: -9250422.29025
105. Current log-likelihood: -9250417.32503
106. Current log-likelihood: -9250412.36467
107. Current log-likelihood: -9250407.41280
108. Current log-likelihood: -9250402.47290
109. Current log-likelihood: -9250397.54908
110. Current log-likelihood: -9250392.64499
111. Current log-likelihood: -9250387.76492
112. Current log-likelihood: -9250382.91309
113. Current log-likelihood: -9250378.09369
114. Current log-likelihood: -9250373.31146
115. Current log-likelihood: -9250368.57060
116. Current log-likelihood: -9250363.87646
117. Current log-likelihood: -9250359.23283
118. Current log-likelihood: -9250354.64486
119. Current log-likelihood: -9250350.11634
120. Current log-likelihood: -9250345.64875
121. Current log-likelihood: -9250341.25123
122. Current log-likelihood: -9250336.90022
123. Current log-likelihood: -9250332.62689
124. Current log-likelihood: -9250328.41888
125. Current log-likelihood: -9250324.29643
126. Current log-likelihood: -9250320.27131
127. Current log-likelihood: -9250316.33035
128. Current log-likelihood: -9250312.48675
129. Current log-likelihood: -9250308.72419
130. Current log-likelihood: -9250305.06722
131. Current log-likelihood: -9250301.51525
132. Current log-likelihood: -9250298.07760
133. Current log-likelihood: -9250294.72936
134. Current log-likelihood: -9250291.49792
135. Current log-likelihood: -9250288.37988
136. Current log-likelihood: -9250285.36909
137. Current log-likelihood: -9250282.47292
138. Current log-likelihood: -9250279.69283
139. Current log-likelihood: -9250277.02159
140. Current log-likelihood: -9250274.46246
141. Current log-likelihood: -9250272.02165
142. Current log-likelihood: -9250269.68376
143. Current log-likelihood: -9250267.46163
144. Current log-likelihood: -9250265.35104
145. Current log-likelihood: -9250263.33671
146. Current log-likelihood: -9250261.43344
147. Current log-likelihood: -9250259.63493
148. Current log-likelihood: -9250257.92630
149. Current log-likelihood: -9250256.31945
150. Current log-likelihood: -9250254.79989
151. Current log-likelihood: -9250253.37272
152. Current log-likelihood: -9250252.03438
153. Current log-likelihood: -9250250.77039
154. Current log-likelihood: -9250249.59020
155. Current log-likelihood: -9250248.48870
156. Current log-likelihood: -9250247.44991
157. Current log-likelihood: -9250246.48471
158. Current log-likelihood: -9250245.60926
159. Current log-likelihood: -9250244.76466
160. Current log-likelihood: -9250243.98211
161. Current log-likelihood: -9250243.27912
162. Current log-likelihood: -9250242.59488
163. Current log-likelihood: -9250241.96504
164. Current log-likelihood: -9250241.40474
165. Current log-likelihood: -9250240.85714
166. Current log-likelihood: -9250240.35295
167. Current log-likelihood: -9250239.90839
168. Current log-likelihood: -9250239.49983
169. Current log-likelihood: -9250239.09136
170. Current log-likelihood: -9250238.74018
171. Current log-likelihood: -9250238.41710
172. Current log-likelihood: -9250238.09641
173. Current log-likelihood: -9250237.79517
174. Current log-likelihood: -9250237.52723
175. Current log-likelihood: -9250237.29375
176. Current log-likelihood: -9250237.07898
177. Current log-likelihood: -9250236.88136
178. Current log-likelihood: -9250236.67041
179. Current log-likelihood: -9250236.49957
180. Current log-likelihood: -9250236.34188
181. Current log-likelihood: -9250236.19600
182. Current log-likelihood: -9250236.06110
183. Current log-likelihood: -9250235.93596
184. Current log-likelihood: -9250235.82000
185. Current log-likelihood: -9250235.70361
186. Current log-likelihood: -9250235.57761
187. Current log-likelihood: -9250235.48188
188. Current log-likelihood: -9250235.39240
189. Current log-likelihood: -9250235.30842
190. Current log-likelihood: -9250235.22981
191. Current log-likelihood: -9250235.15559
192. Current log-likelihood: -9250235.08580
193. Current log-likelihood: -9250235.01956
194. Current log-likelihood: -9250234.95028
195. Current log-likelihood: -9250234.88918
196. Current log-likelihood: -9250234.83122
197. Current log-likelihood: -9250234.77576
198. Current log-likelihood: -9250234.72296
199. Current log-likelihood: -9250234.67448
200. Current log-likelihood: -9250234.62530
201. Current log-likelihood: -9250234.58035
202. Current log-likelihood: -9250234.52162
203. Current log-likelihood: -9250234.45953
204. Current log-likelihood: -9250234.40243
205. Current log-likelihood: -9250234.34658
206. Current log-likelihood: -9250234.29227
207. Current log-likelihood: -9250234.23921
208. Current log-likelihood: -9250234.18725
209. Current log-likelihood: -9250234.13627
210. Current log-likelihood: -9250234.08607
211. Current log-likelihood: -9250234.03658
212. Current log-likelihood: -9250233.98795
213. Current log-likelihood: -9250233.93951
214. Current log-likelihood: -9250233.89143
215. Current log-likelihood: -9250233.84381
216. Current log-likelihood: -9250233.79650
217. Current log-likelihood: -9250233.74934
218. Current log-likelihood: -9250233.70267
219. Current log-likelihood: -9250233.65561
220. Current log-likelihood: -9250233.60911
221. Current log-likelihood: -9250233.56251
222. Current log-likelihood: -9250233.51580
223. Current log-likelihood: -9250233.46920
224. Current log-likelihood: -9250233.42263
225. Current log-likelihood: -9250233.37572
226. Current log-likelihood: -9250233.32890
227. Current log-likelihood: -9250233.28172
228. Current log-likelihood: -9250233.23437
229. Current log-likelihood: -9250233.18670
230. Current log-likelihood: -9250233.13877
231. Current log-likelihood: -9250233.09054
232. Current log-likelihood: -9250233.04201
233. Current log-likelihood: -9250232.99309
234. Current log-likelihood: -9250232.94393
235. Current log-likelihood: -9250232.89432
236. Current log-likelihood: -9250232.84444
237. Current log-likelihood: -9250232.79411
238. Current log-likelihood: -9250232.74350
239. Current log-likelihood: -9250232.69241
240. Current log-likelihood: -9250232.64104
241. Current log-likelihood: -9250232.58917
242. Current log-likelihood: -9250232.53701
243. Current log-likelihood: -9250232.48435
244. Current log-likelihood: -9250232.43139
245. Current log-likelihood: -9250232.37791
246. Current log-likelihood: -9250232.32412
247. Current log-likelihood: -9250232.26980
248. Current log-likelihood: -9250232.21517
249. Current log-likelihood: -9250232.16000
250. Current log-likelihood: -9250232.10450
251. Current log-likelihood: -9250232.04846
252. Current log-likelihood: -9250231.99208
253. Current log-likelihood: -9250231.92246
254. Current log-likelihood: -9250231.86303
255. Current log-likelihood: -9250231.79084
256. Current log-likelihood: -9250231.72954
257. Current log-likelihood: -9250231.66750
258. Current log-likelihood: -9250231.58972
259. Current log-likelihood: -9250231.52530
260. Current log-likelihood: -9250231.44725
261. Current log-likelihood: -9250231.38095
262. Current log-likelihood: -9250231.29812
263. Current log-likelihood: -9250231.22944
264. Current log-likelihood: -9250231.13264
265. Current log-likelihood: -9250231.05907
266. Current log-likelihood: -9250230.96193
267. Current log-likelihood: -9250230.88501
268. Current log-likelihood: -9250230.78687
269. Current log-likelihood: -9250230.70684
270. Current log-likelihood: -9250230.60540
271. Current log-likelihood: -9250230.49616
272. Current log-likelihood: -9250230.40903
273. Current log-likelihood: -9250230.29709
274. Current log-likelihood: -9250230.20639
275. Current log-likelihood: -9250230.09054
276. Current log-likelihood: -9250229.99589
277. Current log-likelihood: -9250229.87360
278. Current log-likelihood: -9250229.74731
279. Current log-likelihood: -9250229.62634
280. Current log-likelihood: -9250229.50359
281. Current log-likelihood: -9250229.39559
282. Current log-likelihood: -9250229.11802
283. Current log-likelihood: -9250223.53268
284. Current log-likelihood: -9250182.43743
285. Current log-likelihood: -9250166.74583
286. Current log-likelihood: -9250162.37630
287. Current log-likelihood: -9250160.60510
288. Current log-likelihood: -9250159.06388
289. Current log-likelihood: -9250157.54243
290. Current log-likelihood: -9250156.04045
291. Current log-likelihood: -9250154.56021
292. Current log-likelihood: -9250153.10348
293. Current log-likelihood: -9250151.67200
294. Current log-likelihood: -9250150.26760
295. Current log-likelihood: -9250148.88898
296. Current log-likelihood: -9250147.54315
297. Current log-likelihood: -9250146.22594
298. Current log-likelihood: -9250144.94131
299. Current log-likelihood: -9250143.68757
300. Current log-likelihood: -9250142.46597
301. Current log-likelihood: -9250141.28243
302. Current log-likelihood: -9250139.96618
303. Current log-likelihood: -9250138.58785
304. Current log-likelihood: -9250137.25851
305. Current log-likelihood: -9250135.98334
306. Current log-likelihood: -9250134.75683
307. Current log-likelihood: -9250133.58100
308. Current log-likelihood: -9250132.45231
309. Current log-likelihood: -9250131.36790
310. Current log-likelihood: -9250130.33059
311. Current log-likelihood: -9250129.33833
312. Current log-likelihood: -9250128.38743
313. Current log-likelihood: -9250127.47295
314. Current log-likelihood: -9250126.59528
315. Current log-likelihood: -9250125.74968
316. Current log-likelihood: -9250124.92743
317. Current log-likelihood: -9250124.14136
318. Current log-likelihood: -9250123.37184
319. Current log-likelihood: -9250122.59009
320. Current log-likelihood: -9250121.82437
321. Current log-likelihood: -9250121.07093
322. Current log-likelihood: -9250120.33245
323. Current log-likelihood: -9250119.60549
324. Current log-likelihood: -9250118.88931
325. Current log-likelihood: -9250118.18272
326. Current log-likelihood: -9250117.47970
327. Current log-likelihood: -9250116.79305
328. Current log-likelihood: -9250116.12077
329. Current log-likelihood: -9250115.44695
330. Current log-likelihood: -9250114.78790
331. Current log-likelihood: -9250114.12697
332. Current log-likelihood: -9250113.48610
333. Current log-likelihood: -9250112.83576
334. Current log-likelihood: -9250112.20385
335. Current log-likelihood: -9250111.56980
336. Current log-likelihood: -9250110.93928
337. Current log-likelihood: -9250110.30482
338. Current log-likelihood: -9250109.68648
339. Current log-likelihood: -9250109.07074
340. Current log-likelihood: -9250108.45211
341. Current log-likelihood: -9250107.84101
342. Current log-likelihood: -9250107.23244
343. Current log-likelihood: -9250106.62023
344. Current log-likelihood: -9250106.00849
345. Current log-likelihood: -9250105.40476
346. Current log-likelihood: -9250104.80273
347. Current log-likelihood: -9250104.20226
348. Current log-likelihood: -9250103.60288
349. Current log-likelihood: -9250103.00485
350. Current log-likelihood: -9250102.40806
351. Current log-likelihood: -9250101.81211
352. Current log-likelihood: -9250101.21726
353. Current log-likelihood: -9250100.62939
354. Current log-likelihood: -9250100.03641
355. Current log-likelihood: -9250099.44444
356. Current log-likelihood: -9250098.85881
357. Current log-likelihood: -9250098.26835
358. Current log-likelihood: -9250097.68438
359. Current log-likelihood: -9250097.09527
360. Current log-likelihood: -9250096.51260
361. Current log-likelihood: -9250095.92479
362. Current log-likelihood: -9250095.34841
363. Current log-likelihood: -9250094.76214
364. Current log-likelihood: -9250094.18191
365. Current log-likelihood: -9250093.60212
366. Current log-likelihood: -9250093.01741
367. Current log-likelihood: -9250092.44316
368. Current log-likelihood: -9250091.85957
369. Current log-likelihood: -9250091.28679
370. Current log-likelihood: -9250090.70425
371. Current log-likelihood: -9250090.13200
372. Current log-likelihood: -9250089.55044
373. Current log-likelihood: -9250088.97873
374. Current log-likelihood: -9250088.40334
375. Current log-likelihood: -9250087.82830
376. Current log-likelihood: -9250087.25828
377. Current log-likelihood: -9250086.68415
378. Current log-likelihood: -9250086.11000
379. Current log-likelihood: -9250085.54085
380. Current log-likelihood: -9250084.96755
381. Current log-likelihood: -9250084.39954
382. Current log-likelihood: -9250083.82692
383. Current log-likelihood: -9250083.25915
384. Current log-likelihood: -9250082.68708
385. Current log-likelihood: -9250082.11960
386. Current log-likelihood: -9250081.54814
387. Current log-likelihood: -9250080.98104
388. Current log-likelihood: -9250080.41476
389. Current log-likelihood: -9250079.84894
390. Current log-likelihood: -9250079.27777
391. Current log-likelihood: -9250078.71176
392. Current log-likelihood: -9250078.14599
393. Current log-likelihood: -9250077.58062
394. Current log-likelihood: -9250077.01523
395. Current log-likelihood: -9250076.45044
396. Current log-likelihood: -9250075.88516
397. Current log-likelihood: -9250075.32012
398. Current log-likelihood: -9250074.75490
399. Current log-likelihood: -9250074.19011
400. Current log-likelihood: -9250073.62478
401. Current log-likelihood: -9250073.05953
402. Current log-likelihood: -9250072.43443
403. Current log-likelihood: -9250071.76781
404. Current log-likelihood: -9250071.10093
405. Current log-likelihood: -9250070.43405
406. Current log-likelihood: -9250069.75917
407. Current log-likelihood: -9250069.09083
408. Current log-likelihood: -9250068.42239
409. Current log-likelihood: -9250067.75396
410. Current log-likelihood: -9250067.08504
411. Current log-likelihood: -9250066.41569
412. Current log-likelihood: -9250065.74592
413. Current log-likelihood: -9250065.07499
414. Current log-likelihood: -9250064.40397
415. Current log-likelihood: -9250063.73195
416. Current log-likelihood: -9250063.05921
417. Current log-likelihood: -9250062.38579
418. Current log-likelihood: -9250061.71132
419. Current log-likelihood: -9250061.03645
420. Current log-likelihood: -9250060.36035
421. Current log-likelihood: -9250059.68329
422. Current log-likelihood: -9250059.00529
423. Current log-likelihood: -9250058.32603
424. Current log-likelihood: -9250057.64612
425. Current log-likelihood: -9250056.96485
426. Current log-likelihood: -9250056.28226
427. Current log-likelihood: -9250055.59852
428. Current log-likelihood: -9250054.91327
429. Current log-likelihood: -9250054.22721
430. Current log-likelihood: -9250053.53932
431. Current log-likelihood: -9250052.84837
432. Current log-likelihood: -9250052.15755
433. Current log-likelihood: -9250051.46382
434. Current log-likelihood: -9250050.76997
435. Current log-likelihood: -9250050.08051
436. Current log-likelihood: -9250049.38135
437. Current log-likelihood: -9250048.68136
438. Current log-likelihood: -9250047.98719
439. Current log-likelihood: -9250047.28257
440. Current log-likelihood: -9250046.58201
441. Current log-likelihood: -9250045.87439
442. Current log-likelihood: -9250045.16967
443. Current log-likelihood: -9250044.46318
444. Current log-likelihood: -9250043.74883
445. Current log-likelihood: -9250043.03756
446. Current log-likelihood: -9250042.32373
447. Current log-likelihood: -9250041.60770
448. Current log-likelihood: -9250040.88955
449. Current log-likelihood: -9250040.16833
450. Current log-likelihood: -9250039.44427
451. Current log-likelihood: -9250038.71756
452. Current log-likelihood: -9250037.98734
453. Current log-likelihood: -9250037.25388
454. Current log-likelihood: -9250036.51476
455. Current log-likelihood: -9250035.77501
456. Current log-likelihood: -9250035.02832
457. Current log-likelihood: -9250034.28160
458. Current log-likelihood: -9250033.52707
459. Current log-likelihood: -9250032.76917
460. Current log-likelihood: -9250032.00746
461. Current log-likelihood: -9250031.24104
462. Current log-likelihood: -9250030.47013
463. Current log-likelihood: -9250029.69487
464. Current log-likelihood: -9250028.91447
465. Current log-likelihood: -9250028.12908
466. Current log-likelihood: -9250027.33889
467. Current log-likelihood: -9250026.54307
468. Current log-likelihood: -9250025.74174
469. Current log-likelihood: -9250024.93182
470. Current log-likelihood: -9250024.11649
471. Current log-likelihood: -9250023.29500
472. Current log-likelihood: -9250022.46742
473. Current log-likelihood: -9250021.63287
474. Current log-likelihood: -9250020.79137
475. Current log-likelihood: -9250019.94302
476. Current log-likelihood: -9250019.08696
477. Current log-likelihood: -9250018.22308
478. Current log-likelihood: -9250017.34824
479. Current log-likelihood: -9250016.46547
480. Current log-likelihood: -9250015.57405
481. Current log-likelihood: -9250014.67381
482. Current log-likelihood: -9250013.76373
483. Current log-likelihood: -9250012.84385
484. Current log-likelihood: -9250011.91842
485. Current log-likelihood: -9250010.97899
486. Current log-likelihood: -9250010.03130
487. Current log-likelihood: -9250009.07490
488. Current log-likelihood: -9250008.10529
489. Current log-likelihood: -9250007.12411
490. Current log-likelihood: -9250006.13089
491. Current log-likelihood: -9250005.12300
492. Current log-likelihood: -9250004.10198
493. Current log-likelihood: -9250003.05352
494. Current log-likelihood: -9250002.00438
495. Current log-likelihood: -9250000.93955
496. Current log-likelihood: -9249999.85907
497. Current log-likelihood: -9249998.75700
498. Current log-likelihood: -9249997.63837
499. Current log-likelihood: -9249996.49613
500. Current log-likelihood: -9249995.34394
501. Current log-likelihood: -9249994.17067
502. Current log-likelihood: -9249992.91201
503. Current log-likelihood: -9249991.54187
504. Current log-likelihood: -9249990.16095
505. Current log-likelihood: -9249988.75143
506. Current log-likelihood: -9249987.31971
507. Current log-likelihood: -9249985.87794
508. Current log-likelihood: -9249984.61028
509. Current log-likelihood: -9249983.58931
510. Current log-likelihood: -9249982.75277
511. Current log-likelihood: -9249982.07568
512. Current log-likelihood: -9249981.53005
513. Current log-likelihood: -9249981.07258
514. Current log-likelihood: -9249980.70912
515. Current log-likelihood: -9249980.41879
516. Current log-likelihood: -9249980.18616
517. Current log-likelihood: -9249979.98799
518. Current log-likelihood: -9249979.83567
519. Current log-likelihood: -9249979.71253
520. Current log-likelihood: -9249979.61658
521. Current log-likelihood: -9249979.54137
522. Current log-likelihood: -9249979.48019
523. Current log-likelihood: -9249979.42292
524. Current log-likelihood: -9249979.38395
525. Current log-likelihood: -9249979.35164
526. Current log-likelihood: -9249979.32696
527. Current log-likelihood: -9249979.30649
528. Current log-likelihood: -9249979.28972
529. Current log-likelihood: -9249979.27592
530. Current log-likelihood: -9249979.26577
531. Current log-likelihood: -9249979.25717
532. Current log-likelihood: -9249979.25002
533. Current log-likelihood: -9249979.24408
534. Current log-likelihood: -9249979.23980
535. Current log-likelihood: -9249979.23554
536. Current log-likelihood: -9249979.23422
537. Current log-likelihood: -9249979.23088
538. Current log-likelihood: -9249979.22993
Final estimation on weights:
0.97358,0.00450,0.02192
Wrote distance file to... 
BEST SCORE FOUND : -9249979.22993
Total tree lengths: 0.23395 1.47812 0.52163

Total number of iterations: 536
CPU time used for tree search: 0.00004 sec (0h:0m:0s)
Wall-clock time used for tree search: 0.00003 sec (0h:0m:0s)
Total CPU time used: 169847.70902 sec (47h:10m:47s)
Total wall-clock time used: 5935.39843 sec (1h:38m:55s)

Analysis results written to: 
  IQ-TREE report:                mast_all_occ80_JU3200_quartet_16.submodel6.iqtree
  Maximum-likelihood tree:       mast_all_occ80_JU3200_quartet_16.submodel6.treefile
  Screen log file:               mast_all_occ80_JU3200_quartet_16.submodel6.log

Date and Time: Thu Jul  9 01:01:16 2026
