IQ-TREE version 3.0.1 for Linux x86 64-bit built Jul  9 2025
Developed by Bui Quang Minh, Thomas Wong, Nhan Ly-Trong, Huaiyan Ren
Contributed by Lam-Tung Nguyen, Dominik Schrempf, Chris Bielow,
Olga Chernomor, Michael Woodhams, Diep Thi Hoang, Heiko Schmidt

Host:    c215 (AVX512, FMA3, 188 GB RAM)
Command: iqtree3 -s /vast/eande106/projects/Nicolas/github/CB_PopGen_HDR_MS/processed_data/tree_topology/mast/mast_all/occ80_JU3200_quartet_13_supermatrix.clean.fas -m LG+FO+G+T -te /vast/eande106/projects/Nicolas/github/CB_PopGen_HDR_MS/processed_data/tree_topology/mast/quartet_topologies/quartet_13_VX151_JU3200_topologies.tre --prefix mast_all_occ80_JU3200_quartet_13.submodel6 -T 48
Seed:    277160 (Using SPRNG - Scalable Parallel Random Number Generator)
Time:    Wed Jul  8 23:22:17 2026
Kernel:  AVX+FMA - 48 threads (48 CPU cores detected)

Reading alignment file /vast/eande106/projects/Nicolas/github/CB_PopGen_HDR_MS/processed_data/tree_topology/mast/mast_all/occ80_JU3200_quartet_13_supermatrix.clean.fas ... Fasta format detected
Reading fasta file: done in 0.185994 secs using 48.58% CPU
Alignment most likely contains protein sequences
Constructing alignment: done in 3.02468 secs using 12.44% CPU
WARNING: 1 sites contain only gaps or ambiguous characters.
Alignment has 4 sequences with 2376330 columns, 13468 distinct patterns
15075 parsimony-informative, 354632 singleton sites, 2006623 constant sites
        Gap/Ambiguity  Composition  p-value
Analyzing sequences: done in 0.000451276 secs using 99.5% CPU
   1  PX506     4.59%    failed      0.00%
   2  JU3200    2.07%    passed     97.25%
   3  QX1410    1.97%    passed     99.49%
   4  VX151     2.95%    passed     32.68%
****  TOTAL     2.89%  1 sequences failed composition chi2 test (p-value<5%; df=19)
Number of input trees: 3
Minimum branch length is set to 0.0000010
Checking for duplicate sequences: done in 0.000444388 secs using 99.69% CPU

NOTE: 100 MB RAM (0 GB) is required!
According to the parsimony scores along the sites, the tree weights are initialized to:
0.9022222,0.0427197,0.0550580
Estimate model parameters (epsilon = 0.00100)
1. Initial log-likelihood: -9145774.59354
2. Current log-likelihood: -9137090.01411
3. Current log-likelihood: -9136605.94735
4. Current log-likelihood: -9136328.95670
5. Current log-likelihood: -9136205.01145
6. Current log-likelihood: -9136180.86642
7. Current log-likelihood: -9136178.31533
8. Current log-likelihood: -9136176.51241
9. Current log-likelihood: -9136174.89233
10. Current log-likelihood: -9136173.39231
11. Current log-likelihood: -9136171.99165
12. Current log-likelihood: -9136170.57059
13. Current log-likelihood: -9136169.15639
14. Current log-likelihood: -9136167.76095
15. Current log-likelihood: -9136166.31055
16. Current log-likelihood: -9136164.86882
17. Current log-likelihood: -9136163.44533
18. Current log-likelihood: -9136161.97477
19. Current log-likelihood: -9136160.50374
20. Current log-likelihood: -9136159.02271
21. Current log-likelihood: -9136157.53007
22. Current log-likelihood: -9136156.03115
23. Current log-likelihood: -9136154.55014
24. Current log-likelihood: -9136153.06116
25. Current log-likelihood: -9136151.51372
26. Current log-likelihood: -9136149.96719
27. Current log-likelihood: -9136148.41534
28. Current log-likelihood: -9136146.85514
29. Current log-likelihood: -9136145.28750
30. Current log-likelihood: -9136143.70549
31. Current log-likelihood: -9136142.11546
32. Current log-likelihood: -9136140.51770
33. Current log-likelihood: -9136138.90351
34. Current log-likelihood: -9136137.27908
35. Current log-likelihood: -9136135.65129
36. Current log-likelihood: -9136134.00546
37. Current log-likelihood: -9136132.35060
38. Current log-likelihood: -9136130.69359
39. Current log-likelihood: -9136129.01610
40. Current log-likelihood: -9136127.33423
41. Current log-likelihood: -9136125.64784
42. Current log-likelihood: -9136123.94691
43. Current log-likelihood: -9136122.23440
44. Current log-likelihood: -9136120.51920
45. Current log-likelihood: -9136118.79686
46. Current log-likelihood: -9136117.05716
47. Current log-likelihood: -9136115.31392
48. Current log-likelihood: -9136113.56435
49. Current log-likelihood: -9136111.80715
50. Current log-likelihood: -9136110.03525
51. Current log-likelihood: -9136108.25853
52. Current log-likelihood: -9136106.49867
53. Current log-likelihood: -9136104.70662
54. Current log-likelihood: -9136102.93102
55. Current log-likelihood: -9136101.14630
56. Current log-likelihood: -9136099.32410
57. Current log-likelihood: -9136097.49912
58. Current log-likelihood: -9136095.69027
59. Current log-likelihood: -9136093.87284
60. Current log-likelihood: -9136092.02637
61. Current log-likelihood: -9136090.19578
62. Current log-likelihood: -9136088.35631
63. Current log-likelihood: -9136086.48319
64. Current log-likelihood: -9136084.62786
65. Current log-likelihood: -9136082.76587
66. Current log-likelihood: -9136080.89721
67. Current log-likelihood: -9136079.00672
68. Current log-likelihood: -9136077.12641
69. Current log-likelihood: -9136075.23739
70. Current log-likelihood: -9136073.34300
71. Current log-likelihood: -9136071.44213
72. Current log-likelihood: -9136069.53502
73. Current log-likelihood: -9136067.62221
74. Current log-likelihood: -9136065.68442
75. Current log-likelihood: -9136063.76026
76. Current log-likelihood: -9136061.82869
77. Current log-likelihood: -9136059.89208
78. Current log-likelihood: -9136057.95057
79. Current log-likelihood: -9136056.00432
80. Current log-likelihood: -9136054.05307
81. Current log-likelihood: -9136052.09732
82. Current log-likelihood: -9136050.13720
83. Current log-likelihood: -9136048.17318
84. Current log-likelihood: -9136046.20505
85. Current log-likelihood: -9136044.23322
86. Current log-likelihood: -9136042.25789
87. Current log-likelihood: -9136040.27920
88. Current log-likelihood: -9136038.29788
89. Current log-likelihood: -9136036.31082
90. Current log-likelihood: -9136034.32289
91. Current log-likelihood: -9136032.33250
92. Current log-likelihood: -9136030.34035
93. Current log-likelihood: -9136028.34662
94. Current log-likelihood: -9136026.35155
95. Current log-likelihood: -9136024.35528
96. Current log-likelihood: -9136022.35872
97. Current log-likelihood: -9136020.36156
98. Current log-likelihood: -9136018.36434
99. Current log-likelihood: -9136016.37002
100. Current log-likelihood: -9136014.37344
101. Current log-likelihood: -9136012.38039
102. Current log-likelihood: -9136008.92901
103. Current log-likelihood: -9136005.18937
104. Current log-likelihood: -9136001.45920
105. Current log-likelihood: -9135997.74139
106. Current log-likelihood: -9135994.03802
107. Current log-likelihood: -9135990.35179
108. Current log-likelihood: -9135986.68564
109. Current log-likelihood: -9135983.04229
110. Current log-likelihood: -9135979.42454
111. Current log-likelihood: -9135975.83546
112. Current log-likelihood: -9135972.27791
113. Current log-likelihood: -9135968.75489
114. Current log-likelihood: -9135965.26935
115. Current log-likelihood: -9135961.82435
116. Current log-likelihood: -9135958.42290
117. Current log-likelihood: -9135955.06826
118. Current log-likelihood: -9135951.76280
119. Current log-likelihood: -9135948.50989
120. Current log-likelihood: -9135945.31218
121. Current log-likelihood: -9135942.17239
122. Current log-likelihood: -9135939.08887
123. Current log-likelihood: -9135936.07022
124. Current log-likelihood: -9135933.08870
125. Current log-likelihood: -9135930.15811
126. Current log-likelihood: -9135927.29488
127. Current log-likelihood: -9135924.50145
128. Current log-likelihood: -9135921.76454
129. Current log-likelihood: -9135919.09769
130. Current log-likelihood: -9135916.50810
131. Current log-likelihood: -9135913.99245
132. Current log-likelihood: -9135911.53274
133. Current log-likelihood: -9135909.15759
134. Current log-likelihood: -9135906.86267
135. Current log-likelihood: -9135904.61689
136. Current log-likelihood: -9135902.46375
137. Current log-likelihood: -9135900.37814
138. Current log-likelihood: -9135898.36797
139. Current log-likelihood: -9135896.44059
140. Current log-likelihood: -9135894.56408
141. Current log-likelihood: -9135892.78204
142. Current log-likelihood: -9135891.05175
143. Current log-likelihood: -9135889.41301
144. Current log-likelihood: -9135887.82391
145. Current log-likelihood: -9135886.32069
146. Current log-likelihood: -9135884.86430
147. Current log-likelihood: -9135883.49678
148. Current log-likelihood: -9135882.16826
149. Current log-likelihood: -9135880.92991
150. Current log-likelihood: -9135879.72653
151. Current log-likelihood: -9135878.60508
152. Current log-likelihood: -9135877.51523
153. Current log-likelihood: -9135876.49943
154. Current log-likelihood: -9135875.52775
155. Current log-likelihood: -9135874.60207
156. Current log-likelihood: -9135873.74692
157. Current log-likelihood: -9135872.91762
158. Current log-likelihood: -9135872.16024
159. Current log-likelihood: -9135871.43056
160. Current log-likelihood: -9135870.75773
161. Current log-likelihood: -9135870.11036
162. Current log-likelihood: -9135869.51806
163. Current log-likelihood: -9135868.94531
164. Current log-likelihood: -9135868.42640
165. Current log-likelihood: -9135867.92160
166. Current log-likelihood: -9135867.47156
167. Current log-likelihood: -9135867.02760
168. Current log-likelihood: -9135866.64257
169. Current log-likelihood: -9135866.29800
170. Current log-likelihood: -9135865.93916
171. Current log-likelihood: -9135865.61336
172. Current log-likelihood: -9135865.29417
173. Current log-likelihood: -9135865.03213
174. Current log-likelihood: -9135864.78864
175. Current log-likelihood: -9135864.52421
176. Current log-likelihood: -9135864.31509
177. Current log-likelihood: -9135864.12328
178. Current log-likelihood: -9135863.93025
179. Current log-likelihood: -9135863.74808
180. Current log-likelihood: -9135863.59509
181. Current log-likelihood: -9135863.42208
182. Current log-likelihood: -9135863.28902
183. Current log-likelihood: -9135863.17007
184. Current log-likelihood: -9135863.06104
185. Current log-likelihood: -9135862.92781
186. Current log-likelihood: -9135862.82946
187. Current log-likelihood: -9135862.74212
188. Current log-likelihood: -9135862.66208
189. Current log-likelihood: -9135862.56358
190. Current log-likelihood: -9135862.49244
191. Current log-likelihood: -9135862.42735
192. Current log-likelihood: -9135862.36770
193. Current log-likelihood: -9135862.31624
194. Current log-likelihood: -9135862.23968
195. Current log-likelihood: -9135862.19003
196. Current log-likelihood: -9135862.14694
197. Current log-likelihood: -9135862.10730
198. Current log-likelihood: -9135862.07091
199. Current log-likelihood: -9135862.03742
200. Current log-likelihood: -9135861.98327
201. Current log-likelihood: -9135861.95190
202. Current log-likelihood: -9135861.91713
203. Current log-likelihood: -9135861.88300
204. Current log-likelihood: -9135861.85231
205. Current log-likelihood: -9135861.82454
206. Current log-likelihood: -9135861.77673
207. Current log-likelihood: -9135861.75093
208. Current log-likelihood: -9135861.72720
209. Current log-likelihood: -9135861.70544
210. Current log-likelihood: -9135861.68528
211. Current log-likelihood: -9135861.66637
212. Current log-likelihood: -9135861.64883
213. Current log-likelihood: -9135861.61567
214. Current log-likelihood: -9135861.59775
215. Current log-likelihood: -9135861.58250
216. Current log-likelihood: -9135861.56822
217. Current log-likelihood: -9135861.55470
218. Current log-likelihood: -9135861.53751
219. Current log-likelihood: -9135861.52518
220. Current log-likelihood: -9135861.51337
221. Current log-likelihood: -9135861.50189
222. Current log-likelihood: -9135861.47284
223. Current log-likelihood: -9135861.46027
224. Current log-likelihood: -9135861.44800
225. Current log-likelihood: -9135861.43616
226. Current log-likelihood: -9135861.42796
227. Current log-likelihood: -9135861.40963
228. Current log-likelihood: -9135861.40143
229. Current log-likelihood: -9135861.39339
230. Current log-likelihood: -9135861.38552
231. Current log-likelihood: -9135861.37462
232. Current log-likelihood: -9135861.36700
233. Current log-likelihood: -9135861.35927
234. Current log-likelihood: -9135861.35172
235. Current log-likelihood: -9135861.34428
236. Current log-likelihood: -9135861.31204
237. Current log-likelihood: -9135861.30326
238. Current log-likelihood: -9135861.29466
239. Current log-likelihood: -9135861.28618
240. Current log-likelihood: -9135861.26765
241. Current log-likelihood: -9135861.25902
242. Current log-likelihood: -9135861.25052
243. Current log-likelihood: -9135861.24213
244. Current log-likelihood: -9135861.23365
245. Current log-likelihood: -9135861.22533
246. Current log-likelihood: -9135861.21691
247. Current log-likelihood: -9135861.20863
248. Current log-likelihood: -9135861.20043
249. Current log-likelihood: -9135861.19210
250. Current log-likelihood: -9135861.18393
251. Current log-likelihood: -9135861.15003
252. Current log-likelihood: -9135861.14048
253. Current log-likelihood: -9135861.13104
254. Current log-likelihood: -9135861.11841
255. Current log-likelihood: -9135861.10905
256. Current log-likelihood: -9135861.09959
257. Current log-likelihood: -9135861.09028
258. Current log-likelihood: -9135861.08089
259. Current log-likelihood: -9135861.07161
260. Current log-likelihood: -9135861.06224
261. Current log-likelihood: -9135861.05301
262. Current log-likelihood: -9135861.04370
263. Current log-likelihood: -9135861.03448
264. Current log-likelihood: -9135861.00951
265. Current log-likelihood: -9135860.99985
266. Current log-likelihood: -9135860.99031
267. Current log-likelihood: -9135860.98065
268. Current log-likelihood: -9135860.97114
269. Current log-likelihood: -9135860.95991
270. Current log-likelihood: -9135860.93177
271. Current log-likelihood: -9135860.92110
272. Current log-likelihood: -9135860.91053
273. Current log-likelihood: -9135860.89188
274. Current log-likelihood: -9135860.88123
275. Current log-likelihood: -9135860.87042
276. Current log-likelihood: -9135860.85982
277. Current log-likelihood: -9135860.84911
278. Current log-likelihood: -9135860.83852
279. Current log-likelihood: -9135860.82780
280. Current log-likelihood: -9135860.81724
281. Current log-likelihood: -9135860.80658
282. Current log-likelihood: -9135860.79602
283. Current log-likelihood: -9135860.78532
284. Current log-likelihood: -9135860.77477
285. Current log-likelihood: -9135860.76412
286. Current log-likelihood: -9135860.75358
287. Current log-likelihood: -9135860.74288
288. Current log-likelihood: -9135860.73234
289. Current log-likelihood: -9135860.69369
290. Current log-likelihood: -9135860.68161
291. Current log-likelihood: -9135860.66964
292. Current log-likelihood: -9135860.65175
293. Current log-likelihood: -9135860.63968
294. Current log-likelihood: -9135860.62771
295. Current log-likelihood: -9135860.61563
296. Current log-likelihood: -9135860.59616
297. Current log-likelihood: -9135860.58407
298. Current log-likelihood: -9135860.57190
299. Current log-likelihood: -9135860.55972
300. Current log-likelihood: -9135860.54766
301. Current log-likelihood: -9135860.53567
302. Current log-likelihood: -9135860.50429
303. Current log-likelihood: -9135860.48110
304. Current log-likelihood: -9135860.46389
305. Current log-likelihood: -9135860.44269
306. Current log-likelihood: -9135860.42528
307. Current log-likelihood: -9135860.40232
308. Current log-likelihood: -9135860.38501
309. Current log-likelihood: -9135860.36208
310. Current log-likelihood: -9135860.34468
311. Current log-likelihood: -9135860.32378
312. Current log-likelihood: -9135860.30618
313. Current log-likelihood: -9135860.28884
314. Current log-likelihood: -9135860.25507
315. Current log-likelihood: -9135860.23601
316. Current log-likelihood: -9135860.21119
317. Current log-likelihood: -9135860.18856
318. Current log-likelihood: -9135860.16948
319. Current log-likelihood: -9135860.14669
320. Current log-likelihood: -9135860.12738
321. Current log-likelihood: -9135860.10289
322. Current log-likelihood: -9135860.08352
323. Current log-likelihood: -9135860.06083
324. Current log-likelihood: -9135860.04162
325. Current log-likelihood: -9135860.00904
326. Current log-likelihood: -9135859.98820
327. Current log-likelihood: -9135859.96134
328. Current log-likelihood: -9135859.94041
329. Current log-likelihood: -9135859.91556
330. Current log-likelihood: -9135859.89463
331. Current log-likelihood: -9135859.86809
332. Current log-likelihood: -9135859.84704
333. Current log-likelihood: -9135859.82236
334. Current log-likelihood: -9135859.80126
335. Current log-likelihood: -9135859.77495
336. Current log-likelihood: -9135859.75375
337. Current log-likelihood: -9135859.72050
338. Current log-likelihood: -9135859.69767
339. Current log-likelihood: -9135859.66892
340. Current log-likelihood: -9135859.64598
341. Current log-likelihood: -9135859.61913
342. Current log-likelihood: -9135859.59622
343. Current log-likelihood: -9135859.56769
344. Current log-likelihood: -9135859.54466
345. Current log-likelihood: -9135859.51790
346. Current log-likelihood: -9135859.49484
347. Current log-likelihood: -9135859.46806
348. Current log-likelihood: -9135859.44494
349. Current log-likelihood: -9135859.40744
350. Current log-likelihood: -9135859.38254
351. Current log-likelihood: -9135859.35348
352. Current log-likelihood: -9135859.32857
353. Current log-likelihood: -9135859.29785
354. Current log-likelihood: -9135859.27284
355. Current log-likelihood: -9135859.24393
356. Current log-likelihood: -9135859.21889
357. Current log-likelihood: -9135859.18999
358. Current log-likelihood: -9135859.16491
359. Current log-likelihood: -9135859.13445
360. Current log-likelihood: -9135859.10586
361. Current log-likelihood: -9135859.06899
362. Current log-likelihood: -9135859.04193
363. Current log-likelihood: -9135859.00913
364. Current log-likelihood: -9135858.98186
365. Current log-likelihood: -9135858.95280
366. Current log-likelihood: -9135858.92060
367. Current log-likelihood: -9135858.89328
368. Current log-likelihood: -9135858.86411
369. Current log-likelihood: -9135858.83689
370. Current log-likelihood: -9135858.80435
371. Current log-likelihood: -9135858.76948
372. Current log-likelihood: -9135858.73299
373. Current log-likelihood: -9135858.70051
374. Current log-likelihood: -9135858.66795
375. Current log-likelihood: -9135858.63711
376. Current log-likelihood: -9135858.60781
377. Current log-likelihood: -9135858.57488
378. Current log-likelihood: -9135858.54558
379. Current log-likelihood: -9135858.51269
380. Current log-likelihood: -9135858.48330
381. Current log-likelihood: -9135858.44331
382. Current log-likelihood: -9135858.40673
383. Current log-likelihood: -9135858.37198
384. Current log-likelihood: -9135858.33744
385. Current log-likelihood: -9135858.30455
386. Current log-likelihood: -9135858.27002
387. Current log-likelihood: -9135858.23865
388. Current log-likelihood: -9135858.20531
389. Current log-likelihood: -9135858.16934
390. Current log-likelihood: -9135858.13625
391. Current log-likelihood: -9135858.10493
392. Current log-likelihood: -9135858.06094
393. Current log-likelihood: -9135858.02406
394. Current log-likelihood: -9135857.98731
395. Current log-likelihood: -9135857.95049
396. Current log-likelihood: -9135857.91713
397. Current log-likelihood: -9135857.88138
398. Current log-likelihood: -9135857.84491
399. Current log-likelihood: -9135857.80808
400. Current log-likelihood: -9135857.77462
401. Current log-likelihood: -9135857.73885
402. Current log-likelihood: -9135857.68523
403. Current log-likelihood: -9135857.63725
404. Current log-likelihood: -9135857.58959
405. Current log-likelihood: -9135857.54170
406. Current log-likelihood: -9135857.49569
407. Current log-likelihood: -9135857.44802
408. Current log-likelihood: -9135857.40012
409. Current log-likelihood: -9135857.35412
410. Current log-likelihood: -9135857.29993
411. Current log-likelihood: -9135857.24695
412. Current log-likelihood: -9135857.19640
413. Current log-likelihood: -9135857.14756
414. Current log-likelihood: -9135857.09525
415. Current log-likelihood: -9135857.04643
416. Current log-likelihood: -9135856.99753
417. Current log-likelihood: -9135856.94528
418. Current log-likelihood: -9135856.88944
419. Current log-likelihood: -9135856.83433
420. Current log-likelihood: -9135856.78231
421. Current log-likelihood: -9135856.72728
422. Current log-likelihood: -9135856.67562
423. Current log-likelihood: -9135856.62370
424. Current log-likelihood: -9135856.56887
425. Current log-likelihood: -9135856.51718
426. Current log-likelihood: -9135856.45458
427. Current log-likelihood: -9135856.40012
428. Current log-likelihood: -9135856.34217
429. Current log-likelihood: -9135856.28738
430. Current log-likelihood: -9135856.23295
431. Current log-likelihood: -9135856.17529
432. Current log-likelihood: -9135856.12050
433. Current log-likelihood: -9135856.06607
434. Current log-likelihood: -9135855.99871
435. Current log-likelihood: -9135855.94090
436. Current log-likelihood: -9135855.88350
437. Current log-likelihood: -9135855.82281
438. Current log-likelihood: -9135855.76508
439. Current log-likelihood: -9135855.70777
440. Current log-likelihood: -9135855.64724
441. Current log-likelihood: -9135855.58954
442. Current log-likelihood: -9135855.52020
443. Current log-likelihood: -9135855.45980
444. Current log-likelihood: -9135855.39759
445. Current log-likelihood: -9135855.33512
446. Current log-likelihood: -9135855.27481
447. Current log-likelihood: -9135855.21273
448. Current log-likelihood: -9135855.15205
449. Current log-likelihood: -9135855.08992
450. Current log-likelihood: -9135855.02073
451. Current log-likelihood: -9135854.95305
452. Current log-likelihood: -9135854.88949
453. Current log-likelihood: -9135854.82589
454. Current log-likelihood: -9135854.75864
455. Current log-likelihood: -9135854.69499
456. Current log-likelihood: -9135854.63135
457. Current log-likelihood: -9135854.55801
458. Current log-likelihood: -9135854.49115
459. Current log-likelihood: -9135854.42083
460. Current log-likelihood: -9135854.35418
461. Current log-likelihood: -9135854.28581
462. Current log-likelihood: -9135854.21928
463. Current log-likelihood: -9135854.15098
464. Current log-likelihood: -9135854.08451
465. Current log-likelihood: -9135854.00443
466. Current log-likelihood: -9135853.93459
467. Current log-likelihood: -9135853.86481
468. Current log-likelihood: -9135853.79331
469. Current log-likelihood: -9135853.72374
470. Current log-likelihood: -9135853.65097
471. Current log-likelihood: -9135853.58141
472. Current log-likelihood: -9135853.50069
473. Current log-likelihood: -9135853.42781
474. Current log-likelihood: -9135853.35506
475. Current log-likelihood: -9135853.27903
476. Current log-likelihood: -9135853.20642
477. Current log-likelihood: -9135853.13387
478. Current log-likelihood: -9135853.05969
479. Current log-likelihood: -9135852.97611
480. Current log-likelihood: -9135852.90026
481. Current log-likelihood: -9135852.82453
482. Current log-likelihood: -9135852.74554
483. Current log-likelihood: -9135852.66998
484. Current log-likelihood: -9135852.59448
485. Current log-likelihood: -9135852.51905
486. Current log-likelihood: -9135852.43043
487. Current log-likelihood: -9135852.35160
488. Current log-likelihood: -9135852.27292
489. Current log-likelihood: -9135852.19436
490. Current log-likelihood: -9135852.11249
491. Current log-likelihood: -9135852.03410
492. Current log-likelihood: -9135851.95576
493. Current log-likelihood: -9135851.86539
494. Current log-likelihood: -9135851.78356
495. Current log-likelihood: -9135851.69858
496. Current log-likelihood: -9135851.61696
497. Current log-likelihood: -9135851.53543
498. Current log-likelihood: -9135851.45400
499. Current log-likelihood: -9135851.37090
500. Current log-likelihood: -9135851.28013
501. Current log-likelihood: -9135851.19156
502. Current log-likelihood: -9135851.09140
503. Current log-likelihood: -9135850.99062
504. Current log-likelihood: -9135850.88992
505. Current log-likelihood: -9135850.78934
506. Current log-likelihood: -9135850.67262
507. Current log-likelihood: -9135850.56783
508. Current log-likelihood: -9135850.46323
509. Current log-likelihood: -9135850.35878
510. Current log-likelihood: -9135850.25453
511. Current log-likelihood: -9135850.14649
512. Current log-likelihood: -9135850.02898
513. Current log-likelihood: -9135849.92040
514. Current log-likelihood: -9135849.81194
515. Current log-likelihood: -9135849.70368
516. Current log-likelihood: -9135849.59558
517. Current log-likelihood: -9135849.47436
518. Current log-likelihood: -9135849.36203
519. Current log-likelihood: -9135849.24992
520. Current log-likelihood: -9135849.13418
521. Current log-likelihood: -9135849.02203
522. Current log-likelihood: -9135848.91029
523. Current log-likelihood: -9135848.78465
524. Current log-likelihood: -9135848.66879
525. Current log-likelihood: -9135848.55308
526. Current log-likelihood: -9135848.43758
527. Current log-likelihood: -9135848.32227
528. Current log-likelihood: -9135848.19129
529. Current log-likelihood: -9135848.07164
530. Current log-likelihood: -9135847.95225
531. Current log-likelihood: -9135847.83311
532. Current log-likelihood: -9135847.71419
533. Current log-likelihood: -9135847.58183
534. Current log-likelihood: -9135847.45394
535. Current log-likelihood: -9135847.33119
536. Current log-likelihood: -9135847.20849
537. Current log-likelihood: -9135847.08600
538. Current log-likelihood: -9135846.96379
539. Current log-likelihood: -9135846.82463
540. Current log-likelihood: -9135846.69783
541. Current log-likelihood: -9135846.57127
542. Current log-likelihood: -9135846.44493
543. Current log-likelihood: -9135846.31892
544. Current log-likelihood: -9135846.17731
545. Current log-likelihood: -9135846.04628
546. Current log-likelihood: -9135845.91590
547. Current log-likelihood: -9135845.78587
548. Current log-likelihood: -9135845.65621
549. Current log-likelihood: -9135845.51097
550. Current log-likelihood: -9135845.37687
551. Current log-likelihood: -9135845.24305
552. Current log-likelihood: -9135845.10952
553. Current log-likelihood: -9135844.97634
554. Current log-likelihood: -9135844.82728
555. Current log-likelihood: -9135844.68956
556. Current log-likelihood: -9135844.55216
557. Current log-likelihood: -9135844.41511
558. Current log-likelihood: -9135844.27840
559. Current log-likelihood: -9135844.12538
560. Current log-likelihood: -9135843.98405
561. Current log-likelihood: -9135843.84304
562. Current log-likelihood: -9135843.70242
563. Current log-likelihood: -9135843.56210
564. Current log-likelihood: -9135843.40514
565. Current log-likelihood: -9135843.26012
566. Current log-likelihood: -9135843.11543
567. Current log-likelihood: -9135842.97115
568. Current log-likelihood: -9135842.82721
569. Current log-likelihood: -9135842.66631
570. Current log-likelihood: -9135842.51756
571. Current log-likelihood: -9135842.36917
572. Current log-likelihood: -9135842.22121
573. Current log-likelihood: -9135842.07360
574. Current log-likelihood: -9135841.90865
575. Current log-likelihood: -9135841.75613
576. Current log-likelihood: -9135841.60402
577. Current log-likelihood: -9135841.45233
578. Current log-likelihood: -9135841.30101
579. Current log-likelihood: -9135841.13204
580. Current log-likelihood: -9135840.97571
581. Current log-likelihood: -9135840.81982
582. Current log-likelihood: -9135840.66432
583. Current log-likelihood: -9135840.50926
584. Current log-likelihood: -9135840.33621
585. Current log-likelihood: -9135840.17606
586. Current log-likelihood: -9135840.01636
587. Current log-likelihood: -9135839.85705
588. Current log-likelihood: -9135839.69821
589. Current log-likelihood: -9135839.52155
590. Current log-likelihood: -9135839.35728
591. Current log-likelihood: -9135839.19366
592. Current log-likelihood: -9135839.03050
593. Current log-likelihood: -9135838.86781
594. Current log-likelihood: -9135838.68702
595. Current log-likelihood: -9135838.51884
596. Current log-likelihood: -9135838.35132
597. Current log-likelihood: -9135838.18427
598. Current log-likelihood: -9135838.01773
599. Current log-likelihood: -9135837.83266
600. Current log-likelihood: -9135837.66058
601. Current log-likelihood: -9135837.48912
602. Current log-likelihood: -9135837.29283
603. Current log-likelihood: -9135837.07978
604. Current log-likelihood: -9135836.87463
605. Current log-likelihood: -9135836.67216
606. Current log-likelihood: -9135836.46917
607. Current log-likelihood: -9135836.25051
608. Current log-likelihood: -9135836.04303
609. Current log-likelihood: -9135835.83269
610. Current log-likelihood: -9135835.62701
611. Current log-likelihood: -9135835.40340
612. Current log-likelihood: -9135835.19153
613. Current log-likelihood: -9135834.97897
614. Current log-likelihood: -9135834.76888
615. Current log-likelihood: -9135834.54101
616. Current log-likelihood: -9135834.32293
617. Current log-likelihood: -9135834.10753
618. Current log-likelihood: -9135833.89174
619. Current log-likelihood: -9135833.65870
620. Current log-likelihood: -9135833.43804
621. Current log-likelihood: -9135833.21486
622. Current log-likelihood: -9135832.99599
623. Current log-likelihood: -9135832.75839
624. Current log-likelihood: -9135832.53315
625. Current log-likelihood: -9135832.30756
626. Current log-likelihood: -9135832.08166
627. Current log-likelihood: -9135831.84364
628. Current log-likelihood: -9135831.60903
629. Current log-likelihood: -9135831.38019
630. Current log-likelihood: -9135831.15110
631. Current log-likelihood: -9135830.90424
632. Current log-likelihood: -9135830.66982
633. Current log-likelihood: -9135830.43525
634. Current log-likelihood: -9135830.20033
635. Current log-likelihood: -9135829.95115
636. Current log-likelihood: -9135829.71025
637. Current log-likelihood: -9135829.47231
638. Current log-likelihood: -9135829.23187
639. Current log-likelihood: -9135828.97928
640. Current log-likelihood: -9135828.73093
641. Current log-likelihood: -9135828.48828
642. Current log-likelihood: -9135828.24560
643. Current log-likelihood: -9135827.98406
644. Current log-likelihood: -9135827.73571
645. Current log-likelihood: -9135827.48737
646. Current log-likelihood: -9135827.23880
647. Current log-likelihood: -9135826.97475
648. Current log-likelihood: -9135826.71976
649. Current log-likelihood: -9135826.46698
650. Current log-likelihood: -9135826.21314
651. Current log-likelihood: -9135825.94596
652. Current log-likelihood: -9135825.68308
653. Current log-likelihood: -9135825.42646
654. Current log-likelihood: -9135825.16990
655. Current log-likelihood: -9135824.89322
656. Current log-likelihood: -9135824.63054
657. Current log-likelihood: -9135824.36805
658. Current log-likelihood: -9135824.09231
659. Current log-likelihood: -9135823.82524
660. Current log-likelihood: -9135823.55467
661. Current log-likelihood: -9135823.29015
662. Current log-likelihood: -9135823.00906
663. Current log-likelihood: -9135822.73298
664. Current log-likelihood: -9135822.46287
665. Current log-likelihood: -9135822.17247
666. Current log-likelihood: -9135821.89481
667. Current log-likelihood: -9135821.61931
668. Current log-likelihood: -9135821.34554
669. Current log-likelihood: -9135821.05384
670. Current log-likelihood: -9135820.77376
671. Current log-likelihood: -9135820.49262
672. Current log-likelihood: -9135820.20040
673. Current log-likelihood: -9135819.91611
674. Current log-likelihood: -9135819.62882
675. Current log-likelihood: -9135819.34743
676. Current log-likelihood: -9135819.04770
677. Current log-likelihood: -9135818.75437
678. Current log-likelihood: -9135818.46706
679. Current log-likelihood: -9135818.16615
680. Current log-likelihood: -9135817.87055
681. Current log-likelihood: -9135817.57903
682. Current log-likelihood: -9135817.27164
683. Current log-likelihood: -9135816.97420
684. Current log-likelihood: -9135816.67532
685. Current log-likelihood: -9135816.38182
686. Current log-likelihood: -9135816.06763
687. Current log-likelihood: -9135815.76604
688. Current log-likelihood: -9135815.46131
689. Current log-likelihood: -9135815.14710
690. Current log-likelihood: -9135814.84130
691. Current log-likelihood: -9135814.53457
692. Current log-likelihood: -9135814.21794
693. Current log-likelihood: -9135813.90360
694. Current log-likelihood: -9135813.59544
695. Current log-likelihood: -9135813.27381
696. Current log-likelihood: -9135812.95755
697. Current log-likelihood: -9135812.64562
698. Current log-likelihood: -9135812.31657
699. Current log-likelihood: -9135811.99892
700. Current log-likelihood: -9135811.68235
701. Current log-likelihood: -9135811.35129
702. Current log-likelihood: -9135810.98974
703. Current log-likelihood: -9135810.62246
704. Current log-likelihood: -9135810.24329
705. Current log-likelihood: -9135809.87134
706. Current log-likelihood: -9135809.50165
707. Current log-likelihood: -9135809.11679
708. Current log-likelihood: -9135808.73733
709. Current log-likelihood: -9135808.36507
710. Current log-likelihood: -9135807.97300
711. Current log-likelihood: -9135807.59380
712. Current log-likelihood: -9135807.21209
713. Current log-likelihood: -9135806.81602
714. Current log-likelihood: -9135806.42884
715. Current log-likelihood: -9135806.04469
716. Current log-likelihood: -9135805.64249
717. Current log-likelihood: -9135805.25299
718. Current log-likelihood: -9135804.86114
719. Current log-likelihood: -9135804.45423
720. Current log-likelihood: -9135804.05675
721. Current log-likelihood: -9135803.66241
722. Current log-likelihood: -9135803.24915
723. Current log-likelihood: -9135802.84933
724. Current log-likelihood: -9135802.44729
725. Current log-likelihood: -9135802.02937
726. Current log-likelihood: -9135801.61903
727. Current log-likelihood: -9135801.21639
728. Current log-likelihood: -9135800.79104
729. Current log-likelihood: -9135800.37759
730. Current log-likelihood: -9135799.96984
731. Current log-likelihood: -9135799.53698
732. Current log-likelihood: -9135799.12073
733. Current log-likelihood: -9135798.70582
734. Current log-likelihood: -9135798.27142
735. Current log-likelihood: -9135797.84545
736. Current log-likelihood: -9135797.42713
737. Current log-likelihood: -9135796.98322
738. Current log-likelihood: -9135796.55633
739. Current log-likelihood: -9135796.13301
740. Current log-likelihood: -9135795.68372
741. Current log-likelihood: -9135795.25275
742. Current log-likelihood: -9135794.82197
743. Current log-likelihood: -9135794.36627
744. Current log-likelihood: -9135793.92889
745. Current log-likelihood: -9135793.49514
746. Current log-likelihood: -9135793.03443
747. Current log-likelihood: -9135792.59280
748. Current log-likelihood: -9135792.15151
749. Current log-likelihood: -9135791.68436
750. Current log-likelihood: -9135791.23629
751. Current log-likelihood: -9135790.77240
752. Current log-likelihood: -9135790.31729
753. Current log-likelihood: -9135789.86790
754. Current log-likelihood: -9135789.39255
755. Current log-likelihood: -9135788.93517
756. Current log-likelihood: -9135788.47965
757. Current log-likelihood: -9135787.99964
758. Current log-likelihood: -9135787.53521
759. Current log-likelihood: -9135787.05779
760. Current log-likelihood: -9135786.58607
761. Current log-likelihood: -9135786.12252
762. Current log-likelihood: -9135785.63480
763. Current log-likelihood: -9135785.16055
764. Current log-likelihood: -9135784.67283
765. Current log-likelihood: -9135784.19448
766. Current log-likelihood: -9135783.72191
767. Current log-likelihood: -9135783.22135
768. Current log-likelihood: -9135782.74033
769. Current log-likelihood: -9135782.24257
770. Current log-likelihood: -9135781.75788
771. Current log-likelihood: -9135781.27156
772. Current log-likelihood: -9135780.76597
773. Current log-likelihood: -9135780.27109
774. Current log-likelihood: -9135779.76587
775. Current log-likelihood: -9135779.26858
776. Current log-likelihood: -9135778.77585
777. Current log-likelihood: -9135778.26044
778. Current log-likelihood: -9135777.75624
779. Current log-likelihood: -9135777.24137
780. Current log-likelihood: -9135776.73261
781. Current log-likelihood: -9135776.23277
782. Current log-likelihood: -9135775.70597
783. Current log-likelihood: -9135775.19478
784. Current log-likelihood: -9135774.66940
785. Current log-likelihood: -9135774.15401
786. Current log-likelihood: -9135773.62403
787. Current log-likelihood: -9135773.10455
788. Current log-likelihood: -9135772.59175
789. Current log-likelihood: -9135772.05106
790. Current log-likelihood: -9135771.52851
791. Current log-likelihood: -9135770.98855
792. Current log-likelihood: -9135770.45935
793. Current log-likelihood: -9135769.91706
794. Current log-likelihood: -9135769.38455
795. Current log-likelihood: -9135768.83713
796. Current log-likelihood: -9135768.30080
797. Current log-likelihood: -9135767.75145
798. Current log-likelihood: -9135767.21089
799. Current log-likelihood: -9135766.65610
800. Current log-likelihood: -9135766.11240
801. Current log-likelihood: -9135765.55326
802. Current log-likelihood: -9135764.94936
803. Current log-likelihood: -9135764.32323
804. Current log-likelihood: -9135763.70566
805. Current log-likelihood: -9135763.07418
806. Current log-likelihood: -9135762.45317
807. Current log-likelihood: -9135761.81641
808. Current log-likelihood: -9135761.18960
809. Current log-likelihood: -9135760.54823
810. Current log-likelihood: -9135759.91799
811. Current log-likelihood: -9135759.27137
812. Current log-likelihood: -9135758.63641
813. Current log-likelihood: -9135757.98489
814. Current log-likelihood: -9135757.34512
815. Current log-likelihood: -9135756.68872
816. Current log-likelihood: -9135756.04431
817. Current log-likelihood: -9135755.38300
818. Current log-likelihood: -9135754.73415
819. Current log-likelihood: -9135754.06558
820. Current log-likelihood: -9135753.41434
821. Current log-likelihood: -9135752.74177
822. Current log-likelihood: -9135752.08706
823. Current log-likelihood: -9135751.40924
824. Current log-likelihood: -9135750.75010
825. Current log-likelihood: -9135750.06499
826. Current log-likelihood: -9135749.39995
827. Current log-likelihood: -9135748.71244
828. Current log-likelihood: -9135748.04392
829. Current log-likelihood: -9135747.35134
830. Current log-likelihood: -9135746.67824
831. Current log-likelihood: -9135745.97919
832. Current log-likelihood: -9135745.30007
833. Current log-likelihood: -9135744.59780
834. Current log-likelihood: -9135743.91538
835. Current log-likelihood: -9135743.20807
836. Current log-likelihood: -9135742.52117
837. Current log-likelihood: -9135741.80762
838. Current log-likelihood: -9135741.11591
839. Current log-likelihood: -9135740.39876
840. Current log-likelihood: -9135739.70279
841. Current log-likelihood: -9135738.98074
842. Current log-likelihood: -9135738.28008
843. Current log-likelihood: -9135737.55181
844. Current log-likelihood: -9135736.84635
845. Current log-likelihood: -9135736.11456
846. Current log-likelihood: -9135735.40474
847. Current log-likelihood: -9135734.66811
848. Current log-likelihood: -9135733.95383
849. Current log-likelihood: -9135733.21097
850. Current log-likelihood: -9135732.49189
851. Current log-likelihood: -9135731.74554
852. Current log-likelihood: -9135731.02214
853. Current log-likelihood: -9135730.26972
854. Current log-likelihood: -9135729.54156
855. Current log-likelihood: -9135728.78558
856. Current log-likelihood: -9135728.05315
857. Current log-likelihood: -9135727.29236
858. Current log-likelihood: -9135726.55546
859. Current log-likelihood: -9135725.78850
860. Current log-likelihood: -9135725.04928
861. Current log-likelihood: -9135724.27791
862. Current log-likelihood: -9135723.53423
863. Current log-likelihood: -9135722.75691
864. Current log-likelihood: -9135722.00636
865. Current log-likelihood: -9135721.22703
866. Current log-likelihood: -9135720.47221
867. Current log-likelihood: -9135719.68611
868. Current log-likelihood: -9135718.92655
869. Current log-likelihood: -9135718.13798
870. Current log-likelihood: -9135717.37429
871. Current log-likelihood: -9135716.57826
872. Current log-likelihood: -9135715.80986
873. Current log-likelihood: -9135715.01200
874. Current log-likelihood: -9135714.23951
875. Current log-likelihood: -9135713.43534
876. Current log-likelihood: -9135712.65812
877. Current log-likelihood: -9135711.85087
878. Current log-likelihood: -9135711.06996
879. Current log-likelihood: -9135710.25642
880. Current log-likelihood: -9135709.47077
881. Current log-likelihood: -9135708.65414
882. Current log-likelihood: -9135707.86474
883. Current log-likelihood: -9135707.04192
884. Current log-likelihood: -9135706.24797
885. Current log-likelihood: -9135705.42217
886. Current log-likelihood: -9135704.62239
887. Current log-likelihood: -9135703.79215
888. Current log-likelihood: -9135702.99007
889. Current log-likelihood: -9135702.15371
890. Current log-likelihood: -9135701.34719
891. Current log-likelihood: -9135700.50660
892. Current log-likelihood: -9135699.69574
893. Current log-likelihood: -9135698.85200
894. Current log-likelihood: -9135698.03574
895. Current log-likelihood: -9135697.18756
896. Current log-likelihood: -9135696.36739
897. Current log-likelihood: -9135695.51472
898. Current log-likelihood: -9135694.69026
899. Current log-likelihood: -9135693.83334
900. Current log-likelihood: -9135693.00474
901. Current log-likelihood: -9135692.14259
902. Current log-likelihood: -9135691.24455
903. Current log-likelihood: -9135690.28817
904. Current log-likelihood: -9135689.37402
905. Current log-likelihood: -9135688.41294
906. Current log-likelihood: -9135687.49284
907. Current log-likelihood: -9135686.52417
908. Current log-likelihood: -9135685.56736
909. Current log-likelihood: -9135684.63569
910. Current log-likelihood: -9135683.66395
911. Current log-likelihood: -9135682.69984
912. Current log-likelihood: -9135681.76137
913. Current log-likelihood: -9135680.78218
914. Current log-likelihood: -9135679.81308
915. Current log-likelihood: -9135678.86733
916. Current log-likelihood: -9135677.88297
917. Current log-likelihood: -9135676.90547
918. Current log-likelihood: -9135675.95298
919. Current log-likelihood: -9135674.96165
920. Current log-likelihood: -9135673.97718
921. Current log-likelihood: -9135673.01873
922. Current log-likelihood: -9135672.02015
923. Current log-likelihood: -9135671.02883
924. Current log-likelihood: -9135670.06397
925. Current log-likelihood: -9135669.05841
926. Current log-likelihood: -9135668.05921
927. Current log-likelihood: -9135667.08819
928. Current log-likelihood: -9135666.07527
929. Current log-likelihood: -9135665.07092
930. Current log-likelihood: -9135664.09516
931. Current log-likelihood: -9135663.07199
932. Current log-likelihood: -9135662.06056
933. Current log-likelihood: -9135661.07678
934. Current log-likelihood: -9135660.05267
935. Current log-likelihood: -9135659.03491
936. Current log-likelihood: -9135658.04770
937. Current log-likelihood: -9135657.01173
938. Current log-likelihood: -9135655.98737
939. Current log-likelihood: -9135654.99238
940. Current log-likelihood: -9135653.95553
941. Current log-likelihood: -9135652.92549
942. Current log-likelihood: -9135651.92455
943. Current log-likelihood: -9135650.88114
944. Current log-likelihood: -9135649.84438
945. Current log-likelihood: -9135648.84089
946. Current log-likelihood: -9135647.78868
947. Current log-likelihood: -9135646.74563
948. Current log-likelihood: -9135645.70497
949. Current log-likelihood: -9135644.69189
950. Current log-likelihood: -9135643.63270
951. Current log-likelihood: -9135642.58542
952. Current log-likelihood: -9135641.56817
953. Current log-likelihood: -9135640.50298
954. Current log-likelihood: -9135639.45028
955. Current log-likelihood: -9135638.42836
956. Current log-likelihood: -9135637.35648
957. Current log-likelihood: -9135636.29956
958. Current log-likelihood: -9135635.23982
959. Current log-likelihood: -9135634.21276
960. Current log-likelihood: -9135633.13518
961. Current log-likelihood: -9135632.07148
962. Current log-likelihood: -9135631.00347
963. Current log-likelihood: -9135629.93761
964. Current log-likelihood: -9135628.89887
965. Current log-likelihood: -9135627.81753
966. Current log-likelihood: -9135626.74349
967. Current log-likelihood: -9135625.67088
968. Current log-likelihood: -9135624.59436
969. Current log-likelihood: -9135623.51848
970. Current log-likelihood: -9135622.43990
971. Current log-likelihood: -9135621.36171
972. Current log-likelihood: -9135620.28038
973. Current log-likelihood: -9135619.19949
974. Current log-likelihood: -9135618.11543
975. Current log-likelihood: -9135617.03167
976. Current log-likelihood: -9135615.94508
977. Current log-likelihood: -9135614.85883
978. Current log-likelihood: -9135613.77014
979. Current log-likelihood: -9135612.68164
980. Current log-likelihood: -9135611.59098
981. Current log-likelihood: -9135610.50072
982. Current log-likelihood: -9135609.40751
983. Current log-likelihood: -9135608.34973
984. Current log-likelihood: -9135607.24089
985. Current log-likelihood: -9135606.14200
986. Current log-likelihood: -9135605.04561
987. Current log-likelihood: -9135603.94925
988. Current log-likelihood: -9135602.88452
989. Current log-likelihood: -9135601.77081
990. Current log-likelihood: -9135600.66955
991. Current log-likelihood: -9135599.56623
992. Current log-likelihood: -9135598.46429
993. Current log-likelihood: -9135597.35947
994. Current log-likelihood: -9135596.25631
995. Current log-likelihood: -9135595.14936
996. Current log-likelihood: -9135594.04524
997. Current log-likelihood: -9135592.93970
998. Current log-likelihood: -9135591.83084
999. Current log-likelihood: -9135590.72388
1000. Current log-likelihood: -9135589.61609
1001. Current log-likelihood: -9135588.50524
1002. Current log-likelihood: -9135587.32688
1003. Current log-likelihood: -9135586.12246
1004. Current log-likelihood: -9135584.91814
1005. Current log-likelihood: -9135583.71405
1006. Current log-likelihood: -9135582.50797
1007. Current log-likelihood: -9135581.30239
1008. Current log-likelihood: -9135580.09494
1009. Current log-likelihood: -9135578.88845
1010. Current log-likelihood: -9135577.68064
1011. Current log-likelihood: -9135576.47296
1012. Current log-likelihood: -9135575.26612
1013. Current log-likelihood: -9135574.05567
1014. Current log-likelihood: -9135572.84879
1015. Current log-likelihood: -9135571.64053
1016. Current log-likelihood: -9135570.43117
1017. Current log-likelihood: -9135569.22274
1018. Current log-likelihood: -9135568.01471
1019. Current log-likelihood: -9135566.80340
1020. Current log-likelihood: -9135565.59599
1021. Current log-likelihood: -9135564.38771
1022. Current log-likelihood: -9135563.17792
1023. Current log-likelihood: -9135561.96996
1024. Current log-likelihood: -9135560.76145
1025. Current log-likelihood: -9135559.55329
1026. Current log-likelihood: -9135558.34312
1027. Current log-likelihood: -9135557.13548
1028. Current log-likelihood: -9135555.92838
1029. Current log-likelihood: -9135554.72125
1030. Current log-likelihood: -9135553.51339
1031. Current log-likelihood: -9135552.30728
1032. Current log-likelihood: -9135551.10211
1033. Current log-likelihood: -9135549.89797
1034. Current log-likelihood: -9135548.69425
1035. Current log-likelihood: -9135547.48984
1036. Current log-likelihood: -9135546.28525
1037. Current log-likelihood: -9135545.08339
1038. Current log-likelihood: -9135543.88217
1039. Current log-likelihood: -9135542.68206
1040. Current log-likelihood: -9135541.48251
1041. Current log-likelihood: -9135540.28359
1042. Current log-likelihood: -9135539.08580
1043. Current log-likelihood: -9135537.88884
1044. Current log-likelihood: -9135536.69382
1045. Current log-likelihood: -9135535.49944
1046. Current log-likelihood: -9135534.30530
1047. Current log-likelihood: -9135533.11331
1048. Current log-likelihood: -9135531.92230
1049. Current log-likelihood: -9135530.73248
1050. Current log-likelihood: -9135529.54385
1051. Current log-likelihood: -9135528.35648
1052. Current log-likelihood: -9135527.17044
1053. Current log-likelihood: -9135525.98571
1054. Current log-likelihood: -9135524.80141
1055. Current log-likelihood: -9135523.61889
1056. Current log-likelihood: -9135522.43782
1057. Current log-likelihood: -9135521.25819
1058. Current log-likelihood: -9135520.07993
1059. Current log-likelihood: -9135518.90344
1060. Current log-likelihood: -9135517.72853
1061. Current log-likelihood: -9135516.55527
1062. Current log-likelihood: -9135515.38374
1063. Current log-likelihood: -9135514.21363
1064. Current log-likelihood: -9135513.04554
1065. Current log-likelihood: -9135511.87922
1066. Current log-likelihood: -9135510.71473
1067. Current log-likelihood: -9135509.55210
1068. Current log-likelihood: -9135508.39141
1069. Current log-likelihood: -9135507.23262
1070. Current log-likelihood: -9135506.07584
1071. Current log-likelihood: -9135504.92109
1072. Current log-likelihood: -9135503.76896
1073. Current log-likelihood: -9135502.61820
1074. Current log-likelihood: -9135501.46997
1075. Current log-likelihood: -9135500.32374
1076. Current log-likelihood: -9135499.18034
1077. Current log-likelihood: -9135498.03871
1078. Current log-likelihood: -9135496.89895
1079. Current log-likelihood: -9135495.76199
1080. Current log-likelihood: -9135494.62784
1081. Current log-likelihood: -9135493.49524
1082. Current log-likelihood: -9135492.36547
1083. Current log-likelihood: -9135491.23864
1084. Current log-likelihood: -9135490.11382
1085. Current log-likelihood: -9135488.99104
1086. Current log-likelihood: -9135487.87208
1087. Current log-likelihood: -9135486.75489
1088. Current log-likelihood: -9135485.64094
1089. Current log-likelihood: -9135484.52886
1090. Current log-likelihood: -9135483.42120
1091. Current log-likelihood: -9135482.31471
1092. Current log-likelihood: -9135481.21126
1093. Current log-likelihood: -9135480.11117
1094. Current log-likelihood: -9135479.01307
1095. Current log-likelihood: -9135477.91862
1096. Current log-likelihood: -9135476.82774
1097. Current log-likelihood: -9135475.73854
1098. Current log-likelihood: -9135474.65259
1099. Current log-likelihood: -9135473.56964
1100. Current log-likelihood: -9135472.48973
1101. Current log-likelihood: -9135471.41291
1102. Current log-likelihood: -9135470.29431
1103. Current log-likelihood: -9135469.15014
1104. Current log-likelihood: -9135468.00971
1105. Current log-likelihood: -9135466.87313
1106. Current log-likelihood: -9135465.74189
1107. Current log-likelihood: -9135464.61420
1108. Current log-likelihood: -9135463.48950
1109. Current log-likelihood: -9135462.36863
1110. Current log-likelihood: -9135461.25112
1111. Current log-likelihood: -9135460.13773
1112. Current log-likelihood: -9135459.02838
1113. Current log-likelihood: -9135457.92309
1114. Current log-likelihood: -9135456.82360
1115. Current log-likelihood: -9135455.72777
1116. Current log-likelihood: -9135454.63609
1117. Current log-likelihood: -9135453.54855
1118. Current log-likelihood: -9135452.46520
1119. Current log-likelihood: -9135451.38611
1120. Current log-likelihood: -9135450.31122
1121. Current log-likelihood: -9135449.24066
1122. Current log-likelihood: -9135448.17360
1123. Current log-likelihood: -9135447.11113
1124. Current log-likelihood: -9135446.05305
1125. Current log-likelihood: -9135444.99936
1126. Current log-likelihood: -9135443.95013
1127. Current log-likelihood: -9135442.90533
1128. Current log-likelihood: -9135441.86499
1129. Current log-likelihood: -9135440.82924
1130. Current log-likelihood: -9135439.79800
1131. Current log-likelihood: -9135438.77132
1132. Current log-likelihood: -9135437.74923
1133. Current log-likelihood: -9135436.73176
1134. Current log-likelihood: -9135435.71890
1135. Current log-likelihood: -9135434.71071
1136. Current log-likelihood: -9135433.70720
1137. Current log-likelihood: -9135432.70843
1138. Current log-likelihood: -9135431.71432
1139. Current log-likelihood: -9135430.72504
1140. Current log-likelihood: -9135429.74055
1141. Current log-likelihood: -9135428.76053
1142. Current log-likelihood: -9135427.78514
1143. Current log-likelihood: -9135426.81483
1144. Current log-likelihood: -9135425.84922
1145. Current log-likelihood: -9135424.88839
1146. Current log-likelihood: -9135423.93339
1147. Current log-likelihood: -9135422.98457
1148. Current log-likelihood: -9135422.03811
1149. Current log-likelihood: -9135421.09682
1150. Current log-likelihood: -9135420.16052
1151. Current log-likelihood: -9135419.22871
1152. Current log-likelihood: -9135418.30313
1153. Current log-likelihood: -9135417.38384
1154. Current log-likelihood: -9135416.46704
1155. Current log-likelihood: -9135415.55626
1156. Current log-likelihood: -9135414.65069
1157. Current log-likelihood: -9135413.74959
1158. Current log-likelihood: -9135412.85504
1159. Current log-likelihood: -9135411.96402
1160. Current log-likelihood: -9135411.07860
1161. Current log-likelihood: -9135410.19763
1162. Current log-likelihood: -9135409.32325
1163. Current log-likelihood: -9135408.45234
1164. Current log-likelihood: -9135407.58715
1165. Current log-likelihood: -9135406.72644
1166. Current log-likelihood: -9135405.87289
1167. Current log-likelihood: -9135405.02326
1168. Current log-likelihood: -9135404.17782
1169. Current log-likelihood: -9135403.33726
1170. Current log-likelihood: -9135402.50352
1171. Current log-likelihood: -9135401.67334
1172. Current log-likelihood: -9135400.84873
1173. Current log-likelihood: -9135400.03009
1174. Current log-likelihood: -9135399.21499
1175. Current log-likelihood: -9135398.40547
1176. Current log-likelihood: -9135397.60108
1177. Current log-likelihood: -9135396.80309
1178. Current log-likelihood: -9135396.00875
1179. Current log-likelihood: -9135395.21988
1180. Current log-likelihood: -9135394.43815
1181. Current log-likelihood: -9135393.65903
1182. Current log-likelihood: -9135392.88470
1183. Current log-likelihood: -9135392.11750
1184. Current log-likelihood: -9135391.35332
1185. Current log-likelihood: -9135390.59411
1186. Current log-likelihood: -9135389.84198
1187. Current log-likelihood: -9135389.09365
1188. Current log-likelihood: -9135388.34959
1189. Current log-likelihood: -9135387.61421
1190. Current log-likelihood: -9135386.88023
1191. Current log-likelihood: -9135386.15157
1192. Current log-likelihood: -9135385.42979
1193. Current log-likelihood: -9135384.71136
1194. Current log-likelihood: -9135383.99779
1195. Current log-likelihood: -9135383.29104
1196. Current log-likelihood: -9135382.58810
1197. Current log-likelihood: -9135381.89013
1198. Current log-likelihood: -9135381.19881
1199. Current log-likelihood: -9135380.51077
1200. Current log-likelihood: -9135379.83034
1201. Current log-likelihood: -9135379.15147
1202. Current log-likelihood: -9135378.46080
1203. Current log-likelihood: -9135377.75932
1204. Current log-likelihood: -9135377.06016
1205. Current log-likelihood: -9135376.37011
1206. Current log-likelihood: -9135375.69773
1207. Current log-likelihood: -9135375.03704
1208. Current log-likelihood: -9135374.38091
1209. Current log-likelihood: -9135373.70728
1210. Current log-likelihood: -9135373.06224
1211. Current log-likelihood: -9135372.40094
1212. Current log-likelihood: -9135371.74797
1213. Current log-likelihood: -9135371.09753
1214. Current log-likelihood: -9135370.45442
1215. Current log-likelihood: -9135369.83555
1216. Current log-likelihood: -9135369.22257
1217. Current log-likelihood: -9135363.19149
1218. Current log-likelihood: -9135360.55204
1219. Current log-likelihood: -9135358.47308
1220. Current log-likelihood: -9135356.46781
1221. Current log-likelihood: -9135354.51659
1222. Current log-likelihood: -9135352.59174
1223. Current log-likelihood: -9135350.69312
1224. Current log-likelihood: -9135348.81906
1225. Current log-likelihood: -9135346.97738
1226. Current log-likelihood: -9135345.15509
1227. Current log-likelihood: -9135343.35046
1228. Current log-likelihood: -9135341.55603
1229. Current log-likelihood: -9135339.78785
1230. Current log-likelihood: -9135338.03513
1231. Current log-likelihood: -9135336.31280
1232. Current log-likelihood: -9135334.59853
1233. Current log-likelihood: -9135332.92133
1234. Current log-likelihood: -9135331.24478
1235. Current log-likelihood: -9135329.59417
1236. Current log-likelihood: -9135327.96223
1237. Current log-likelihood: -9135326.35093
1238. Current log-likelihood: -9135324.76075
1239. Current log-likelihood: -9135323.19205
1240. Current log-likelihood: -9135321.64513
1241. Current log-likelihood: -9135320.12033
1242. Current log-likelihood: -9135318.62589
1243. Current log-likelihood: -9135317.14508
1244. Current log-likelihood: -9135315.68661
1245. Current log-likelihood: -9135314.24881
1246. Current log-likelihood: -9135312.83410
1247. Current log-likelihood: -9135311.44605
1248. Current log-likelihood: -9135310.09481
1249. Current log-likelihood: -9135308.75254
1250. Current log-likelihood: -9135307.43666
1251. Current log-likelihood: -9135306.14580
1252. Current log-likelihood: -9135304.89822
1253. Current log-likelihood: -9135303.65562
1254. Current log-likelihood: -9135302.43650
1255. Current log-likelihood: -9135301.24996
1256. Current log-likelihood: -9135300.08974
1257. Current log-likelihood: -9135298.95173
1258. Current log-likelihood: -9135297.84063
1259. Current log-likelihood: -9135296.75355
1260. Current log-likelihood: -9135295.69488
1261. Current log-likelihood: -9135294.66416
1262. Current log-likelihood: -9135293.65527
1263. Current log-likelihood: -9135292.67579
1264. Current log-likelihood: -9135291.72098
1265. Current log-likelihood: -9135290.79237
1266. Current log-likelihood: -9135289.91918
1267. Current log-likelihood: -9135288.98634
1268. Current log-likelihood: -9135288.13754
1269. Current log-likelihood: -9135287.25854
1270. Current log-likelihood: -9135286.46082
1271. Current log-likelihood: -9135285.63410
1272. Current log-likelihood: -9135284.88574
1273. Current log-likelihood: -9135284.14181
1274. Current log-likelihood: -9135283.46283
1275. Current log-likelihood: -9135282.76565
1276. Current log-likelihood: -9135282.08607
1277. Current log-likelihood: -9135281.47238
1278. Current log-likelihood: -9135280.83415
1279. Current log-likelihood: -9135280.21910
1280. Current log-likelihood: -9135279.62160
1281. Current log-likelihood: -9135279.08498
1282. Current log-likelihood: -9135278.52508
1283. Current log-likelihood: -9135277.98324
1284. Current log-likelihood: -9135277.46999
1285. Current log-likelihood: -9135276.99779
1286. Current log-likelihood: -9135276.50316
1287. Current log-likelihood: -9135276.03599
1288. Current log-likelihood: -9135275.60673
1289. Current log-likelihood: -9135275.15591
1290. Current log-likelihood: -9135274.68520
1291. Current log-likelihood: -9135274.27332
1292. Current log-likelihood: -9135273.83014
1293. Current log-likelihood: -9135273.43987
1294. Current log-likelihood: -9135273.06095
1295. Current log-likelihood: -9135272.68976
1296. Current log-likelihood: -9135272.33069
1297. Current log-likelihood: -9135271.98131
1298. Current log-likelihood: -9135271.64454
1299. Current log-likelihood: -9135271.32611
1300. Current log-likelihood: -9135270.99606
1301. Current log-likelihood: -9135270.71982
1302. Current log-likelihood: -9135270.43475
1303. Current log-likelihood: -9135270.12111
1304. Current log-likelihood: -9135269.85612
1305. Current log-likelihood: -9135269.55207
1306. Current log-likelihood: -9135269.29348
1307. Current log-likelihood: -9135268.99791
1308. Current log-likelihood: -9135268.74900
1309. Current log-likelihood: -9135268.51764
1310. Current log-likelihood: -9135268.25902
1311. Current log-likelihood: -9135268.03462
1312. Current log-likelihood: -9135267.78056
1313. Current log-likelihood: -9135267.54229
1314. Current log-likelihood: -9135267.30619
1315. Current log-likelihood: -9135267.07119
1316. Current log-likelihood: -9135266.84083
1317. Current log-likelihood: -9135266.61368
1318. Current log-likelihood: -9135266.38708
1319. Current log-likelihood: -9135266.16487
1320. Current log-likelihood: -9135265.94563
1321. Current log-likelihood: -9135265.72924
1322. Current log-likelihood: -9135265.51266
1323. Current log-likelihood: -9135265.30154
1324. Current log-likelihood: -9135265.09291
1325. Current log-likelihood: -9135264.88432
1326. Current log-likelihood: -9135264.68016
1327. Current log-likelihood: -9135264.47845
1328. Current log-likelihood: -9135264.27967
1329. Current log-likelihood: -9135264.08001
1330. Current log-likelihood: -9135263.88564
1331. Current log-likelihood: -9135263.69295
1332. Current log-likelihood: -9135263.50351
1333. Current log-likelihood: -9135263.31261
1334. Current log-likelihood: -9135263.12699
1335. Current log-likelihood: -9135262.94324
1336. Current log-likelihood: -9135262.76021
1337. Current log-likelihood: -9135262.58016
1338. Current log-likelihood: -9135262.40319
1339. Current log-likelihood: -9135262.22864
1340. Current log-likelihood: -9135262.07509
1341. Current log-likelihood: -9135261.89885
1342. Current log-likelihood: -9135261.72993
1343. Current log-likelihood: -9135261.58260
1344. Current log-likelihood: -9135261.41525
1345. Current log-likelihood: -9135261.24960
1346. Current log-likelihood: -9135261.10754
1347. Current log-likelihood: -9135260.94568
1348. Current log-likelihood: -9135260.78810
1349. Current log-likelihood: -9135260.65187
1350. Current log-likelihood: -9135260.49248
1351. Current log-likelihood: -9135260.33986
1352. Current log-likelihood: -9135260.20903
1353. Current log-likelihood: -9135260.05789
1354. Current log-likelihood: -9135259.93014
1355. Current log-likelihood: -9135259.77970
1356. Current log-likelihood: -9135259.63542
1357. Current log-likelihood: -9135259.49343
1358. Current log-likelihood: -9135259.37128
1359. Current log-likelihood: -9135259.23064
1360. Current log-likelihood: -9135259.09040
1361. Current log-likelihood: -9135258.97308
1362. Current log-likelihood: -9135258.83689
1363. Current log-likelihood: -9135258.72287
1364. Current log-likelihood: -9135258.58955
1365. Current log-likelihood: -9135258.47635
1366. Current log-likelihood: -9135258.34542
1367. Current log-likelihood: -9135258.21891
1368. Current log-likelihood: -9135258.11108
1369. Current log-likelihood: -9135257.98530
1370. Current log-likelihood: -9135257.88193
1371. Current log-likelihood: -9135257.75589
1372. Current log-likelihood: -9135257.61463
1373. Current log-likelihood: -9135257.51361
1374. Current log-likelihood: -9135257.39621
1375. Current log-likelihood: -9135257.29921
1376. Current log-likelihood: -9135257.18077
1377. Current log-likelihood: -9135257.08636
1378. Current log-likelihood: -9135256.97264
1379. Current log-likelihood: -9135256.88056
1380. Current log-likelihood: -9135256.76999
1381. Current log-likelihood: -9135256.67942
1382. Current log-likelihood: -9135256.56852
1383. Current log-likelihood: -9135256.46256
1384. Current log-likelihood: -9135256.37549
1385. Current log-likelihood: -9135256.27114
1386. Current log-likelihood: -9135256.18585
1387. Current log-likelihood: -9135256.08393
1388. Current log-likelihood: -9135255.99933
1389. Current log-likelihood: -9135255.89853
1390. Current log-likelihood: -9135255.81844
1391. Current log-likelihood: -9135255.72087
1392. Current log-likelihood: -9135255.64169
1393. Current log-likelihood: -9135255.54613
1394. Current log-likelihood: -9135255.46980
1395. Current log-likelihood: -9135255.37347
1396. Current log-likelihood: -9135255.29919
1397. Current log-likelihood: -9135255.20756
1398. Current log-likelihood: -9135255.13471
1399. Current log-likelihood: -9135255.04497
1400. Current log-likelihood: -9135254.97379
1401. Current log-likelihood: -9135254.88352
1402. Current log-likelihood: -9135254.81462
1403. Current log-likelihood: -9135254.72571
1404. Current log-likelihood: -9135254.65593
1405. Current log-likelihood: -9135254.56980
1406. Current log-likelihood: -9135254.50191
1407. Current log-likelihood: -9135254.41852
1408. Current log-likelihood: -9135254.34915
1409. Current log-likelihood: -9135254.26658
1410. Current log-likelihood: -9135254.20210
1411. Current log-likelihood: -9135254.12235
1412. Current log-likelihood: -9135254.05867
1413. Current log-likelihood: -9135253.98031
1414. Current log-likelihood: -9135253.91905
1415. Current log-likelihood: -9135253.84022
1416. Current log-likelihood: -9135253.78067
1417. Current log-likelihood: -9135253.70523
1418. Current log-likelihood: -9135253.64675
1419. Current log-likelihood: -9135253.57398
1420. Current log-likelihood: -9135253.51629
1421. Current log-likelihood: -9135253.44465
1422. Current log-likelihood: -9135253.38992
1423. Current log-likelihood: -9135253.31742
1424. Current log-likelihood: -9135253.26295
1425. Current log-likelihood: -9135253.19504
1426. Current log-likelihood: -9135253.14136
1427. Current log-likelihood: -9135253.07551
1428. Current log-likelihood: -9135253.02310
1429. Current log-likelihood: -9135252.95816
1430. Current log-likelihood: -9135252.90801
1431. Current log-likelihood: -9135252.84171
1432. Current log-likelihood: -9135252.79255
1433. Current log-likelihood: -9135252.73083
1434. Current log-likelihood: -9135252.68185
1435. Current log-likelihood: -9135252.62184
1436. Current log-likelihood: -9135252.57430
1437. Current log-likelihood: -9135252.51489
1438. Current log-likelihood: -9135252.46931
1439. Current log-likelihood: -9135252.40942
1440. Current log-likelihood: -9135252.36447
1441. Current log-likelihood: -9135252.30730
1442. Current log-likelihood: -9135252.26375
1443. Current log-likelihood: -9135252.20893
1444. Current log-likelihood: -9135252.16577
1445. Current log-likelihood: -9135252.11239
1446. Current log-likelihood: -9135252.07010
1447. Current log-likelihood: -9135252.01732
1448. Current log-likelihood: -9135251.97425
1449. Current log-likelihood: -9135251.92283
1450. Current log-likelihood: -9135251.88247
1451. Current log-likelihood: -9135251.83185
1452. Current log-likelihood: -9135251.79314
1453. Current log-likelihood: -9135251.74437
1454. Current log-likelihood: -9135251.70589
1455. Current log-likelihood: -9135251.65859
1456. Current log-likelihood: -9135251.62099
1457. Current log-likelihood: -9135251.57182
1458. Current log-likelihood: -9135251.53614
1459. Current log-likelihood: -9135251.48958
1460. Current log-likelihood: -9135251.45439
1461. Current log-likelihood: -9135251.40995
1462. Current log-likelihood: -9135251.37488
1463. Current log-likelihood: -9135251.33177
1464. Current log-likelihood: -9135251.29746
1465. Current log-likelihood: -9135251.25548
1466. Current log-likelihood: -9135251.22202
1467. Current log-likelihood: -9135251.19377
1468. Current log-likelihood: -9135251.14755
1469. Current log-likelihood: -9135251.11655
1470. Current log-likelihood: -9135251.07632
1471. Current log-likelihood: -9135251.04479
1472. Current log-likelihood: -9135251.01815
1473. Current log-likelihood: -9135250.97752
1474. Current log-likelihood: -9135250.94790
1475. Current log-likelihood: -9135250.92240
1476. Current log-likelihood: -9135250.88305
1477. Current log-likelihood: -9135250.85458
1478. Current log-likelihood: -9135250.83014
1479. Current log-likelihood: -9135250.78884
1480. Current log-likelihood: -9135250.76183
1481. Current log-likelihood: -9135250.73855
1482. Current log-likelihood: -9135250.70112
1483. Current log-likelihood: -9135250.67463
1484. Current log-likelihood: -9135250.65195
1485. Current log-likelihood: -9135250.61527
1486. Current log-likelihood: -9135250.59036
1487. Current log-likelihood: -9135250.56894
1488. Current log-likelihood: -9135250.53396
1489. Current log-likelihood: -9135250.50961
1490. Current log-likelihood: -9135250.48866
1491. Current log-likelihood: -9135250.45253
1492. Current log-likelihood: -9135250.42909
1493. Current log-likelihood: -9135250.40906
1494. Current log-likelihood: -9135250.37525
1495. Current log-likelihood: -9135250.35289
1496. Current log-likelihood: -9135250.33380
1497. Current log-likelihood: -9135250.30177
1498. Current log-likelihood: -9135250.27961
1499. Current log-likelihood: -9135250.26087
1500. Current log-likelihood: -9135250.23043
1501. Current log-likelihood: -9135250.20912
1502. Current log-likelihood: -9135250.19097
1503. Current log-likelihood: -9135250.16122
1504. Current log-likelihood: -9135250.14022
1505. Current log-likelihood: -9135250.11984
1506. Current log-likelihood: -9135250.08963
1507. Current log-likelihood: -9135250.06979
1508. Current log-likelihood: -9135250.05292
1509. Current log-likelihood: -9135250.02434
1510. Current log-likelihood: -9135250.00473
1511. Current log-likelihood: -9135249.98839
1512. Current log-likelihood: -9135249.96112
1513. Current log-likelihood: -9135249.94229
1514. Current log-likelihood: -9135249.92637
1515. Current log-likelihood: -9135249.89993
1516. Current log-likelihood: -9135249.88184
1517. Current log-likelihood: -9135249.86662
1518. Current log-likelihood: -9135249.84071
1519. Current log-likelihood: -9135249.82092
1520. Current log-likelihood: -9135249.80719
1521. Current log-likelihood: -9135249.78203
1522. Current log-likelihood: -9135249.76515
1523. Current log-likelihood: -9135249.75115
1524. Current log-likelihood: -9135249.72767
1525. Current log-likelihood: -9135249.71116
1526. Current log-likelihood: -9135249.69762
1527. Current log-likelihood: -9135249.67506
1528. Current log-likelihood: -9135249.65917
1529. Current log-likelihood: -9135249.64607
1530. Current log-likelihood: -9135249.63499
1531. Current log-likelihood: -9135249.61217
1532. Current log-likelihood: -9135249.59742
1533. Current log-likelihood: -9135249.58520
1534. Current log-likelihood: -9135249.57522
1535. Current log-likelihood: -9135249.55218
1536. Current log-likelihood: -9135249.53873
1537. Current log-likelihood: -9135249.52491
1538. Current log-likelihood: -9135249.50460
1539. Current log-likelihood: -9135249.49072
1540. Current log-likelihood: -9135249.47954
1541. Current log-likelihood: -9135249.47022
1542. Current log-likelihood: -9135249.44979
1543. Current log-likelihood: -9135249.43668
1544. Current log-likelihood: -9135249.42628
1545. Current log-likelihood: -9135249.41785
1546. Current log-likelihood: -9135249.39801
1547. Current log-likelihood: -9135249.38560
1548. Current log-likelihood: -9135249.37570
1549. Current log-likelihood: -9135249.36775
1550. Current log-likelihood: -9135249.34923
1551. Current log-likelihood: -9135249.33756
1552. Current log-likelihood: -9135249.32828
1553. Current log-likelihood: -9135249.32068
1554. Current log-likelihood: -9135249.30273
1555. Current log-likelihood: -9135249.29178
1556. Current log-likelihood: -9135249.28285
1557. Current log-likelihood: -9135249.27556
1558. Current log-likelihood: -9135249.25478
1559. Current log-likelihood: -9135249.24454
1560. Current log-likelihood: -9135249.23627
1561. Current log-likelihood: -9135249.22944
1562. Current log-likelihood: -9135249.21249
1563. Current log-likelihood: -9135249.20226
1564. Current log-likelihood: -9135249.19428
1565. Current log-likelihood: -9135249.18756
1566. Current log-likelihood: -9135249.18173
1567. Current log-likelihood: -9135249.16491
1568. Current log-likelihood: -9135249.15558
1569. Current log-likelihood: -9135249.14825
1570. Current log-likelihood: -9135249.14186
1571. Current log-likelihood: -9135249.13649
1572. Current log-likelihood: -9135249.12058
1573. Current log-likelihood: -9135249.11164
1574. Current log-likelihood: -9135249.10448
1575. Current log-likelihood: -9135249.09870
1576. Current log-likelihood: -9135249.09344
1577. Current log-likelihood: -9135249.07815
1578. Current log-likelihood: -9135249.06960
1579. Current log-likelihood: -9135249.06291
1580. Current log-likelihood: -9135249.05760
1581. Current log-likelihood: -9135249.05289
1582. Current log-likelihood: -9135249.03588
1583. Current log-likelihood: -9135249.02748
1584. Current log-likelihood: -9135249.02129
1585. Current log-likelihood: -9135249.01587
1586. Current log-likelihood: -9135249.01146
1587. Current log-likelihood: -9135248.99659
1588. Current log-likelihood: -9135248.98926
1589. Current log-likelihood: -9135248.98339
1590. Current log-likelihood: -9135248.97868
1591. Current log-likelihood: -9135248.97454
1592. Current log-likelihood: -9135248.97073
1593. Current log-likelihood: -9135248.95662
1594. Current log-likelihood: -9135248.94933
1595. Current log-likelihood: -9135248.94386
1596. Current log-likelihood: -9135248.93926
1597. Current log-likelihood: -9135248.93547
1598. Current log-likelihood: -9135248.93184
1599. Current log-likelihood: -9135248.91864
1600. Current log-likelihood: -9135248.91153
1601. Current log-likelihood: -9135248.90626
1602. Current log-likelihood: -9135248.90198
1603. Current log-likelihood: -9135248.89849
1604. Current log-likelihood: -9135248.89511
1605. Current log-likelihood: -9135248.88253
1606. Current log-likelihood: -9135248.87573
1607. Current log-likelihood: -9135248.87091
1608. Current log-likelihood: -9135248.86664
1609. Current log-likelihood: -9135248.86332
1610. Current log-likelihood: -9135248.86092
1611. Current log-likelihood: -9135248.84897
1612. Current log-likelihood: -9135248.83983
1613. Current log-likelihood: -9135248.83531
1614. Current log-likelihood: -9135248.83159
1615. Current log-likelihood: -9135248.82908
1616. Current log-likelihood: -9135248.82685
1617. Current log-likelihood: -9135248.81333
1618. Current log-likelihood: -9135248.80441
1619. Current log-likelihood: -9135248.79971
1620. Current log-likelihood: -9135248.79599
1621. Current log-likelihood: -9135248.79363
1622. Current log-likelihood: -9135248.79135
1623. Current log-likelihood: -9135248.78941
1624. Current log-likelihood: -9135248.78743
1625. Current log-likelihood: -9135248.77391
1626. Current log-likelihood: -9135248.76561
1627. Current log-likelihood: -9135248.76137
1628. Current log-likelihood: -9135248.75811
1629. Current log-likelihood: -9135248.75598
1630. Current log-likelihood: -9135248.75411
1631. Current log-likelihood: -9135248.75245
1632. Current log-likelihood: -9135248.75075
1633. Current log-likelihood: -9135248.73816
1634. Current log-likelihood: -9135248.73050
1635. Current log-likelihood: -9135248.72663
1636. Current log-likelihood: -9135248.72362
1637. Current log-likelihood: -9135248.72186
1638. Current log-likelihood: -9135248.72026
1639. Current log-likelihood: -9135248.71880
1640. Current log-likelihood: -9135248.71743
1641. Current log-likelihood: -9135248.71599
1642. Current log-likelihood: -9135248.70412
1643. Current log-likelihood: -9135248.69671
1644. Current log-likelihood: -9135248.69316
1645. Current log-likelihood: -9135248.69114
1646. Current log-likelihood: -9135248.68934
1647. Current log-likelihood: -9135248.68789
1648. Current log-likelihood: -9135248.68651
1649. Current log-likelihood: -9135248.68511
1650. Current log-likelihood: -9135248.68403
1651. Current log-likelihood: -9135248.68301
1652. Current log-likelihood: -9135248.68189
1653. Current log-likelihood: -9135248.67036
1654. Current log-likelihood: -9135248.66345
1655. Current log-likelihood: -9135248.66029
1656. Current log-likelihood: -9135248.65853
1657. Current log-likelihood: -9135248.65705
1658. Current log-likelihood: -9135248.65256
1659. Current log-likelihood: -9135248.65138
1660. Current log-likelihood: -9135248.65035
1661. Current log-likelihood: -9135248.64938
Final estimation on weights:
0.39964,0.59406,0.00629
Wrote distance file to... 
BEST SCORE FOUND : -9135248.64938
Total tree lengths: 0.48591 0.07334 1.39686

Total number of iterations: 1659
CPU time used for tree search: 0.00003 sec (0h:0m:0s)
Wall-clock time used for tree search: 0.00002 sec (0h:0m:0s)
Total CPU time used: 384194.33240 sec (106h:43m:14s)
Total wall-clock time used: 13350.97181 sec (3h:42m:30s)

Analysis results written to: 
  IQ-TREE report:                mast_all_occ80_JU3200_quartet_13.submodel6.iqtree
  Maximum-likelihood tree:       mast_all_occ80_JU3200_quartet_13.submodel6.treefile
  Screen log file:               mast_all_occ80_JU3200_quartet_13.submodel6.log

Date and Time: Thu Jul  9 03:04:51 2026
