IQ-TREE version 3.0.1 for Linux x86 64-bit built Jul  9 2025
Developed by Bui Quang Minh, Thomas Wong, Nhan Ly-Trong, Huaiyan Ren
Contributed by Lam-Tung Nguyen, Dominik Schrempf, Chris Bielow,
Olga Chernomor, Michael Woodhams, Diep Thi Hoang, Heiko Schmidt

Host:    c205 (AVX512, FMA3, 188 GB RAM)
Command: iqtree3 -s /vast/eande106/projects/Nicolas/github/CB_PopGen_HDR_MS/processed_data/tree_topology/mast/mast_all/occ80_JU3200_quartet_03_supermatrix.clean.fas -m LG+FO+G+T -te /vast/eande106/projects/Nicolas/github/CB_PopGen_HDR_MS/processed_data/tree_topology/mast/quartet_topologies/quartet_03_EG5268_JU3200_topologies.tre --prefix mast_all_occ80_JU3200_quartet_03.submodel6 -T 48
Seed:    938734 (Using SPRNG - Scalable Parallel Random Number Generator)
Time:    Wed Jul  8 23:22:17 2026
Kernel:  AVX+FMA - 48 threads (48 CPU cores detected)

Reading alignment file /vast/eande106/projects/Nicolas/github/CB_PopGen_HDR_MS/processed_data/tree_topology/mast/mast_all/occ80_JU3200_quartet_03_supermatrix.clean.fas ... Fasta format detected
Reading fasta file: done in 0.17946 secs using 53.03% CPU
Alignment most likely contains protein sequences
Constructing alignment: done in 2.64717 secs using 14.24% CPU
WARNING: 47 sites contain only gaps or ambiguous characters.
Alignment has 4 sequences with 2410355 columns, 13714 distinct patterns
15144 parsimony-informative, 358139 singleton sites, 2037072 constant sites
        Gap/Ambiguity  Composition  p-value
Analyzing sequences: done in 0.000406574 secs using 1.157e+04% CPU
   1  PX506     4.84%    failed      0.01%
   2  JU3200    2.32%    passed     98.48%
   3  QX1410    2.17%    passed     99.76%
   4  EG5268    2.76%    passed     73.45%
****  TOTAL     3.02%  1 sequences failed composition chi2 test (p-value<5%; df=19)
Number of input trees: 3
Minimum branch length is set to 0.0000010
Checking for duplicate sequences: done in 0.000478855 secs using 33.41% CPU

NOTE: 101 MB RAM (0 GB) is required!
According to the parsimony scores along the sites, the tree weights are initialized to:
0.9022055,0.0392235,0.0585711
Estimate model parameters (epsilon = 0.00100)
1. Initial log-likelihood: -9272753.18521
2. Current log-likelihood: -9264196.49087
3. Current log-likelihood: -9263722.61047
4. Current log-likelihood: -9263372.11429
5. Current log-likelihood: -9263282.79602
6. Current log-likelihood: -9263269.21658
7. Current log-likelihood: -9263264.06886
8. Current log-likelihood: -9263258.21048
9. Current log-likelihood: -9263252.20567
10. Current log-likelihood: -9263248.06200
11. Current log-likelihood: -9263245.48608
12. Current log-likelihood: -9263243.61633
13. Current log-likelihood: -9263241.79417
14. Current log-likelihood: -9263239.98700
15. Current log-likelihood: -9263238.17131
16. Current log-likelihood: -9263236.34689
17. Current log-likelihood: -9263234.48457
18. Current log-likelihood: -9263232.64059
19. Current log-likelihood: -9263230.78779
20. Current log-likelihood: -9263228.92624
21. Current log-likelihood: -9263227.04528
22. Current log-likelihood: -9263225.16622
23. Current log-likelihood: -9263223.27814
24. Current log-likelihood: -9263221.38122
25. Current log-likelihood: -9263219.47543
26. Current log-likelihood: -9263217.56074
27. Current log-likelihood: -9263215.63722
28. Current log-likelihood: -9263213.70480
29. Current log-likelihood: -9263211.76351
30. Current log-likelihood: -9263209.81336
31. Current log-likelihood: -9263207.85436
32. Current log-likelihood: -9263205.85633
33. Current log-likelihood: -9263203.87785
34. Current log-likelihood: -9263201.89052
35. Current log-likelihood: -9263199.89440
36. Current log-likelihood: -9263197.88951
37. Current log-likelihood: -9263195.87585
38. Current log-likelihood: -9263193.85344
39. Current log-likelihood: -9263191.82231
40. Current log-likelihood: -9263189.78248
41. Current log-likelihood: -9263187.73398
42. Current log-likelihood: -9263185.67684
43. Current log-likelihood: -9263183.61108
44. Current log-likelihood: -9263181.53678
45. Current log-likelihood: -9263179.45394
46. Current log-likelihood: -9263177.36335
47. Current log-likelihood: -9263175.25863
48. Current log-likelihood: -9263173.14922
49. Current log-likelihood: -9263171.03120
50. Current log-likelihood: -9263168.90494
51. Current log-likelihood: -9263166.77079
52. Current log-likelihood: -9263164.62838
53. Current log-likelihood: -9263162.47790
54. Current log-likelihood: -9263160.31943
55. Current log-likelihood: -9263158.15303
56. Current log-likelihood: -9263155.97892
57. Current log-likelihood: -9263153.79702
58. Current log-likelihood: -9263151.60752
59. Current log-likelihood: -9263149.41041
60. Current log-likelihood: -9263147.20592
61. Current log-likelihood: -9263144.99408
62. Current log-likelihood: -9263142.77501
63. Current log-likelihood: -9263140.54440
64. Current log-likelihood: -9263138.31031
65. Current log-likelihood: -9263136.06903
66. Current log-likelihood: -9263132.04625
67. Current log-likelihood: -9263111.27673
68. Current log-likelihood: -9263095.96989
69. Current log-likelihood: -9263092.42716
70. Current log-likelihood: -9263089.44568
71. Current log-likelihood: -9263086.47883
72. Current log-likelihood: -9263083.50029
73. Current log-likelihood: -9263080.51135
74. Current log-likelihood: -9263077.51100
75. Current log-likelihood: -9263074.49945
76. Current log-likelihood: -9263071.47228
77. Current log-likelihood: -9263068.43763
78. Current log-likelihood: -9263065.39144
79. Current log-likelihood: -9263062.33488
80. Current log-likelihood: -9263059.26806
81. Current log-likelihood: -9263056.19114
82. Current log-likelihood: -9263053.10440
83. Current log-likelihood: -9263050.00803
84. Current log-likelihood: -9263046.90238
85. Current log-likelihood: -9263043.78779
86. Current log-likelihood: -9263040.66451
87. Current log-likelihood: -9263037.53288
88. Current log-likelihood: -9263034.39325
89. Current log-likelihood: -9263031.24595
90. Current log-likelihood: -9263028.09143
91. Current log-likelihood: -9263024.93000
92. Current log-likelihood: -9263021.76209
93. Current log-likelihood: -9263018.58813
94. Current log-likelihood: -9263015.40853
95. Current log-likelihood: -9263012.22377
96. Current log-likelihood: -9263009.03431
97. Current log-likelihood: -9263005.84062
98. Current log-likelihood: -9263002.64323
99. Current log-likelihood: -9262999.44265
100. Current log-likelihood: -9262996.24541
101. Current log-likelihood: -9262993.03579
102. Current log-likelihood: -9262987.48999
103. Current log-likelihood: -9262981.46289
104. Current log-likelihood: -9262975.44129
105. Current log-likelihood: -9262969.43052
106. Current log-likelihood: -9262963.43400
107. Current log-likelihood: -9262957.45742
108. Current log-likelihood: -9262951.50562
109. Current log-likelihood: -9262945.58409
110. Current log-likelihood: -9262939.69816
111. Current log-likelihood: -9262933.85349
112. Current log-likelihood: -9262928.05601
113. Current log-likelihood: -9262922.31161
114. Current log-likelihood: -9262916.62630
115. Current log-likelihood: -9262911.00622
116. Current log-likelihood: -9262905.45755
117. Current log-likelihood: -9262899.97710
118. Current log-likelihood: -9262894.58868
119. Current log-likelihood: -9262889.28846
120. Current log-likelihood: -9262884.08401
121. Current log-likelihood: -9262878.98135
122. Current log-likelihood: -9262873.98599
123. Current log-likelihood: -9262869.10344
124. Current log-likelihood: -9262864.33907
125. Current log-likelihood: -9262859.68293
126. Current log-likelihood: -9262855.16683
127. Current log-likelihood: -9262850.77888
128. Current log-likelihood: -9262846.52642
129. Current log-likelihood: -9262842.41076
130. Current log-likelihood: -9262838.42287
131. Current log-likelihood: -9262834.58944
132. Current log-likelihood: -9262830.89783
133. Current log-likelihood: -9262827.35180
134. Current log-likelihood: -9262823.93841
135. Current log-likelihood: -9262820.68071
136. Current log-likelihood: -9262817.56705
137. Current log-likelihood: -9262814.59717
138. Current log-likelihood: -9262811.75395
139. Current log-likelihood: -9262809.06167
140. Current log-likelihood: -9262806.50517
141. Current log-likelihood: -9262804.08382
142. Current log-likelihood: -9262801.77497
143. Current log-likelihood: -9262799.60532
144. Current log-likelihood: -9262797.55685
145. Current log-likelihood: -9262795.62750
146. Current log-likelihood: -9262793.79364
147. Current log-likelihood: -9262792.08080
148. Current log-likelihood: -9262790.47116
149. Current log-likelihood: -9262788.96064
150. Current log-likelihood: -9262787.52815
151. Current log-likelihood: -9262786.19544
152. Current log-likelihood: -9262784.94635
153. Current log-likelihood: -9262783.77669
154. Current log-likelihood: -9262782.66314
155. Current log-likelihood: -9262781.36988
156. Current log-likelihood: -9262779.76099
157. Current log-likelihood: -9262778.18547
158. Current log-likelihood: -9262776.81506
159. Current log-likelihood: -9262775.49355
160. Current log-likelihood: -9262774.19293
161. Current log-likelihood: -9262772.92577
162. Current log-likelihood: -9262771.68524
163. Current log-likelihood: -9262770.47532
164. Current log-likelihood: -9262769.29521
165. Current log-likelihood: -9262768.14172
166. Current log-likelihood: -9262767.02652
167. Current log-likelihood: -9262765.94219
168. Current log-likelihood: -9262764.89154
169. Current log-likelihood: -9262763.87548
170. Current log-likelihood: -9262762.89443
171. Current log-likelihood: -9262761.94649
172. Current log-likelihood: -9262761.03133
173. Current log-likelihood: -9262760.15075
174. Current log-likelihood: -9262759.30740
175. Current log-likelihood: -9262758.49775
176. Current log-likelihood: -9262757.71876
177. Current log-likelihood: -9262756.97854
178. Current log-likelihood: -9262756.26992
179. Current log-likelihood: -9262755.58794
180. Current log-likelihood: -9262754.93840
181. Current log-likelihood: -9262754.30131
182. Current log-likelihood: -9262753.68902
183. Current log-likelihood: -9262753.10491
184. Current log-likelihood: -9262752.54483
185. Current log-likelihood: -9262751.98493
186. Current log-likelihood: -9262749.84373
187. Current log-likelihood: -9262749.02806
188. Current log-likelihood: -9262748.30227
189. Current log-likelihood: -9262747.59360
190. Current log-likelihood: -9262746.91524
191. Current log-likelihood: -9262746.27841
192. Current log-likelihood: -9262745.65498
193. Current log-likelihood: -9262745.02397
194. Current log-likelihood: -9262744.42856
195. Current log-likelihood: -9262743.83524
196. Current log-likelihood: -9262743.26619
197. Current log-likelihood: -9262742.72087
198. Current log-likelihood: -9262742.17644
199. Current log-likelihood: -9262741.64543
200. Current log-likelihood: -9262741.14456
201. Current log-likelihood: -9262740.63185
202. Current log-likelihood: -9262740.02703
203. Current log-likelihood: -9262739.35376
204. Current log-likelihood: -9262738.70569
205. Current log-likelihood: -9262738.08251
206. Current log-likelihood: -9262737.46667
207. Current log-likelihood: -9262736.87250
208. Current log-likelihood: -9262736.29251
209. Current log-likelihood: -9262735.71580
210. Current log-likelihood: -9262735.15989
211. Current log-likelihood: -9262734.61266
212. Current log-likelihood: -9262734.07486
213. Current log-likelihood: -9262733.54644
214. Current log-likelihood: -9262733.03479
215. Current log-likelihood: -9262732.52234
216. Current log-likelihood: -9262732.02548
217. Current log-likelihood: -9262731.52756
218. Current log-likelihood: -9262731.05002
219. Current log-likelihood: -9262730.56369
220. Current log-likelihood: -9262730.09671
221. Current log-likelihood: -9262729.62861
222. Current log-likelihood: -9262729.17069
223. Current log-likelihood: -9262728.70283
224. Current log-likelihood: -9262728.25205
225. Current log-likelihood: -9262727.80429
226. Current log-likelihood: -9262727.35533
227. Current log-likelihood: -9262726.91242
228. Current log-likelihood: -9262726.47186
229. Current log-likelihood: -9262726.03360
230. Current log-likelihood: -9262725.59776
231. Current log-likelihood: -9262725.16419
232. Current log-likelihood: -9262724.73203
233. Current log-likelihood: -9262724.30098
234. Current log-likelihood: -9262723.87155
235. Current log-likelihood: -9262723.44321
236. Current log-likelihood: -9262723.01639
237. Current log-likelihood: -9262722.59616
238. Current log-likelihood: -9262722.17095
239. Current log-likelihood: -9262721.75255
240. Current log-likelihood: -9262721.32893
241. Current log-likelihood: -9262720.91197
242. Current log-likelihood: -9262720.48951
243. Current log-likelihood: -9262720.07832
244. Current log-likelihood: -9262719.65708
245. Current log-likelihood: -9262719.24172
246. Current log-likelihood: -9262718.82638
247. Current log-likelihood: -9262718.41141
248. Current log-likelihood: -9262717.99644
249. Current log-likelihood: -9262717.58195
250. Current log-likelihood: -9262717.16713
251. Current log-likelihood: -9262716.75249
252. Current log-likelihood: -9262716.33765
253. Current log-likelihood: -9262715.92310
254. Current log-likelihood: -9262715.51286
255. Current log-likelihood: -9262715.09310
256. Current log-likelihood: -9262714.68242
257. Current log-likelihood: -9262714.26749
258. Current log-likelihood: -9262713.85698
259. Current log-likelihood: -9262713.44170
260. Current log-likelihood: -9262713.03074
261. Current log-likelihood: -9262712.61522
262. Current log-likelihood: -9262712.20355
263. Current log-likelihood: -9262711.78781
264. Current log-likelihood: -9262711.37536
265. Current log-likelihood: -9262710.95891
266. Current log-likelihood: -9262710.54584
267. Current log-likelihood: -9262710.13322
268. Current log-likelihood: -9262709.71556
269. Current log-likelihood: -9262709.30142
270. Current log-likelihood: -9262708.88772
271. Current log-likelihood: -9262708.47335
272. Current log-likelihood: -9262708.05433
273. Current log-likelihood: -9262707.63847
274. Current log-likelihood: -9262707.22298
275. Current log-likelihood: -9262706.80677
276. Current log-likelihood: -9262706.39037
277. Current log-likelihood: -9262705.97343
278. Current log-likelihood: -9262705.55586
279. Current log-likelihood: -9262705.13807
280. Current log-likelihood: -9262704.71935
281. Current log-likelihood: -9262704.30048
282. Current log-likelihood: -9262703.88066
283. Current log-likelihood: -9262703.46053
284. Current log-likelihood: -9262703.03951
285. Current log-likelihood: -9262702.61806
286. Current log-likelihood: -9262702.19590
287. Current log-likelihood: -9262701.77293
288. Current log-likelihood: -9262701.34957
289. Current log-likelihood: -9262700.92520
290. Current log-likelihood: -9262700.50042
291. Current log-likelihood: -9262700.07458
292. Current log-likelihood: -9262699.64833
293. Current log-likelihood: -9262699.22097
294. Current log-likelihood: -9262698.79318
295. Current log-likelihood: -9262698.36418
296. Current log-likelihood: -9262697.93474
297. Current log-likelihood: -9262697.50421
298. Current log-likelihood: -9262697.07314
299. Current log-likelihood: -9262696.64085
300. Current log-likelihood: -9262696.20801
301. Current log-likelihood: -9262695.77392
302. Current log-likelihood: -9262695.26855
303. Current log-likelihood: -9262694.72284
304. Current log-likelihood: -9262694.17618
305. Current log-likelihood: -9262693.62803
306. Current log-likelihood: -9262693.07834
307. Current log-likelihood: -9262692.52750
308. Current log-likelihood: -9262691.97472
309. Current log-likelihood: -9262691.42052
310. Current log-likelihood: -9262690.86448
311. Current log-likelihood: -9262690.30653
312. Current log-likelihood: -9262689.74697
313. Current log-likelihood: -9262689.18539
314. Current log-likelihood: -9262688.62169
315. Current log-likelihood: -9262688.05633
316. Current log-likelihood: -9262687.48855
317. Current log-likelihood: -9262686.91892
318. Current log-likelihood: -9262686.34697
319. Current log-likelihood: -9262685.77263
320. Current log-likelihood: -9262685.19634
321. Current log-likelihood: -9262684.61736
322. Current log-likelihood: -9262684.03629
323. Current log-likelihood: -9262683.45250
324. Current log-likelihood: -9262682.86549
325. Current log-likelihood: -9262682.27659
326. Current log-likelihood: -9262681.68484
327. Current log-likelihood: -9262681.09002
328. Current log-likelihood: -9262680.49267
329. Current log-likelihood: -9262679.89177
330. Current log-likelihood: -9262679.28882
331. Current log-likelihood: -9262678.68162
332. Current log-likelihood: -9262678.07171
333. Current log-likelihood: -9262677.46421
334. Current log-likelihood: -9262676.84828
335. Current log-likelihood: -9262676.22879
336. Current log-likelihood: -9262675.61133
337. Current log-likelihood: -9262674.98435
338. Current log-likelihood: -9262674.35375
339. Current log-likelihood: -9262673.72557
340. Current log-likelihood: -9262673.08691
341. Current log-likelihood: -9262672.45083
342. Current log-likelihood: -9262671.80433
343. Current log-likelihood: -9262671.15993
344. Current log-likelihood: -9262670.51140
345. Current log-likelihood: -9262669.85183
346. Current log-likelihood: -9262669.19449
347. Current log-likelihood: -9262668.53171
348. Current log-likelihood: -9262667.86487
349. Current log-likelihood: -9262667.19277
350. Current log-likelihood: -9262666.51605
351. Current log-likelihood: -9262665.83364
352. Current log-likelihood: -9262665.14383
353. Current log-likelihood: -9262664.45102
354. Current log-likelihood: -9262663.74966
355. Current log-likelihood: -9262663.04502
356. Current log-likelihood: -9262662.33121
357. Current log-likelihood: -9262661.61126
358. Current log-likelihood: -9262660.88510
359. Current log-likelihood: -9262660.15158
360. Current log-likelihood: -9262659.41134
361. Current log-likelihood: -9262658.66326
362. Current log-likelihood: -9262657.90799
363. Current log-likelihood: -9262657.14436
364. Current log-likelihood: -9262656.37303
365. Current log-likelihood: -9262655.59281
366. Current log-likelihood: -9262654.80434
367. Current log-likelihood: -9262654.00638
368. Current log-likelihood: -9262653.19956
369. Current log-likelihood: -9262652.37994
370. Current log-likelihood: -9262651.55430
371. Current log-likelihood: -9262650.71419
372. Current log-likelihood: -9262649.86457
373. Current log-likelihood: -9262649.00335
374. Current log-likelihood: -9262648.13084
375. Current log-likelihood: -9262647.24579
376. Current log-likelihood: -9262646.34853
377. Current log-likelihood: -9262645.43776
378. Current log-likelihood: -9262644.51377
379. Current log-likelihood: -9262643.57521
380. Current log-likelihood: -9262642.62232
381. Current log-likelihood: -9262641.65072
382. Current log-likelihood: -9262640.66761
383. Current log-likelihood: -9262639.66330
384. Current log-likelihood: -9262638.64255
385. Current log-likelihood: -9262637.60398
386. Current log-likelihood: -9262636.54601
387. Current log-likelihood: -9262635.47649
388. Current log-likelihood: -9262634.37859
389. Current log-likelihood: -9262633.26584
390. Current log-likelihood: -9262632.13156
391. Current log-likelihood: -9262630.97455
392. Current log-likelihood: -9262629.79222
393. Current log-likelihood: -9262628.58596
394. Current log-likelihood: -9262627.35417
395. Current log-likelihood: -9262626.09819
396. Current log-likelihood: -9262624.81418
397. Current log-likelihood: -9262623.50437
398. Current log-likelihood: -9262622.16618
399. Current log-likelihood: -9262620.79591
400. Current log-likelihood: -9262619.39655
401. Current log-likelihood: -9262617.96748
402. Current log-likelihood: -9262616.36729
403. Current log-likelihood: -9262614.62462
404. Current log-likelihood: -9262612.83789
405. Current log-likelihood: -9262611.01913
406. Current log-likelihood: -9262609.15338
407. Current log-likelihood: -9262607.26124
408. Current log-likelihood: -9262605.34542
409. Current log-likelihood: -9262603.39870
410. Current log-likelihood: -9262601.44548
411. Current log-likelihood: -9262599.49588
412. Current log-likelihood: -9262597.55529
413. Current log-likelihood: -9262595.64783
414. Current log-likelihood: -9262593.76965
415. Current log-likelihood: -9262591.94516
416. Current log-likelihood: -9262590.18007
417. Current log-likelihood: -9262588.52620
418. Current log-likelihood: -9262587.23603
419. Current log-likelihood: -9262586.18930
420. Current log-likelihood: -9262585.36196
421. Current log-likelihood: -9262584.69983
422. Current log-likelihood: -9262584.16162
423. Current log-likelihood: -9262583.74117
424. Current log-likelihood: -9262583.40189
425. Current log-likelihood: -9262583.13172
426. Current log-likelihood: -9262582.91533
427. Current log-likelihood: -9262582.73318
428. Current log-likelihood: -9262582.59172
429. Current log-likelihood: -9262582.47931
430. Current log-likelihood: -9262582.38829
431. Current log-likelihood: -9262582.31671
432. Current log-likelihood: -9262582.25808
433. Current log-likelihood: -9262582.21032
434. Current log-likelihood: -9262582.17281
435. Current log-likelihood: -9262582.14167
436. Current log-likelihood: -9262582.11753
437. Current log-likelihood: -9262582.09009
438. Current log-likelihood: -9262582.07301
439. Current log-likelihood: -9262582.05837
440. Current log-likelihood: -9262582.04723
441. Current log-likelihood: -9262582.03764
442. Current log-likelihood: -9262582.02949
443. Current log-likelihood: -9262582.02259
444. Current log-likelihood: -9262582.01742
445. Current log-likelihood: -9262582.01222
446. Current log-likelihood: -9262582.00796
447. Current log-likelihood: -9262582.00643
448. Current log-likelihood: -9262582.00280
449. Current log-likelihood: -9262582.00162
450. Current log-likelihood: -9262582.00068
Final estimation on weights:
0.97454,0.00369,0.02177
Wrote distance file to... 
BEST SCORE FOUND : -9262582.00068
Total tree lengths: 0.23415 2.25373 0.51679

Total number of iterations: 448
CPU time used for tree search: 0.00003 sec (0h:0m:0s)
Wall-clock time used for tree search: 0.00003 sec (0h:0m:0s)
Total CPU time used: 138439.45524 sec (38h:27m:19s)
Total wall-clock time used: 4813.15442 sec (1h:20m:13s)

Analysis results written to: 
  IQ-TREE report:                mast_all_occ80_JU3200_quartet_03.submodel6.iqtree
  Maximum-likelihood tree:       mast_all_occ80_JU3200_quartet_03.submodel6.treefile
  Screen log file:               mast_all_occ80_JU3200_quartet_03.submodel6.log

Date and Time: Thu Jul  9 00:42:34 2026
