IQ-TREE version 3.0.1 for Linux x86 64-bit built Jul  9 2025
Developed by Bui Quang Minh, Thomas Wong, Nhan Ly-Trong, Huaiyan Ren
Contributed by Lam-Tung Nguyen, Dominik Schrempf, Chris Bielow,
Olga Chernomor, Michael Woodhams, Diep Thi Hoang, Heiko Schmidt

Host:    c293 (AVX512, FMA3, 188 GB RAM)
Command: iqtree3 -s /vast/eande106/projects/Nicolas/github/CB_PopGen_HDR_MS/processed_data/tree_topology/mast/mast_hdr/occ80_QG4232_quartet_04_supermatrix.clean.fas -m TMIX{LG+FO+G,LG+FO+G,LG+FO+G}+T -te /vast/eande106/projects/Nicolas/github/CB_PopGen_HDR_MS/processed_data/tree_topology/mast/quartet_topologies/quartet_04_JU1418_QG4232_topologies.tre --prefix mast_hdr_occ80_QG4232_quartet_04.submodel1 -T 48
Seed:    127767 (Using SPRNG - Scalable Parallel Random Number Generator)
Time:    Thu Jul  9 00:04:28 2026
Kernel:  AVX+FMA - 48 threads (48 CPU cores detected)

Reading alignment file /vast/eande106/projects/Nicolas/github/CB_PopGen_HDR_MS/processed_data/tree_topology/mast/mast_hdr/occ80_QG4232_quartet_04_supermatrix.clean.fas ... Fasta format detected
Reading fasta file: done in 0.0345475 secs using 20.77% CPU
Alignment most likely contains protein sequences
Constructing alignment: done in 0.185538 secs using 117.2% CPU
Alignment has 4 sequences with 169210 columns, 4205 distinct patterns
1222 parsimony-informative, 28897 singleton sites, 139091 constant sites
        Gap/Ambiguity  Composition  p-value
Analyzing sequences: done in 6.19488e-05 secs using 62.96% CPU
   1  PX506     6.68%    passed     22.38%
   2  JU1418    4.00%    passed    100.00%
   3  QX1410    2.98%    passed     99.80%
   4  QG4232    3.01%    passed     88.31%
****  TOTAL     4.17%  0 sequences failed composition chi2 test (p-value<5%; df=19)
Number of input trees: 3
Minimum branch length is set to 0.0000010
Checking for duplicate sequences: done in 0.000135471 secs using 73.08% CPU

NOTE: 31 MB RAM (0 GB) is required!
According to the parsimony scores along the sites, the tree weights are initialized to:
0.9026187,0.0319149,0.0654664
Estimate model parameters (epsilon = 0.00100)
1. Initial log-likelihood: -678372.63950
2. Current log-likelihood: -678007.03329
3. Current log-likelihood: -676925.51027
4. Current log-likelihood: -676878.73065
5. Current log-likelihood: -676864.93541
6. Current log-likelihood: -676852.10600
7. Current log-likelihood: -676840.01328
8. Current log-likelihood: -676828.61139
9. Current log-likelihood: -676817.87864
10. Current log-likelihood: -676807.80919
11. Current log-likelihood: -676798.36618
12. Current log-likelihood: -676789.53514
13. Current log-likelihood: -676781.31304
14. Current log-likelihood: -676773.65217
15. Current log-likelihood: -676765.49748
16. Current log-likelihood: -676758.93807
17. Current log-likelihood: -676752.87666
18. Current log-likelihood: -676747.33534
19. Current log-likelihood: -676742.29708
20. Current log-likelihood: -676737.75471
21. Current log-likelihood: -676733.69667
22. Current log-likelihood: -676730.09621
23. Current log-likelihood: -676726.94147
24. Current log-likelihood: -676724.21070
25. Current log-likelihood: -676721.85259
26. Current log-likelihood: -676719.85551
27. Current log-likelihood: -676718.16382
28. Current log-likelihood: -676716.74382
29. Current log-likelihood: -676715.56581
30. Current log-likelihood: -676714.58732
31. Current log-likelihood: -676713.78578
32. Current log-likelihood: -676713.12550
33. Current log-likelihood: -676712.58736
34. Current log-likelihood: -676712.15072
35. Current log-likelihood: -676711.79258
36. Current log-likelihood: -676711.50925
37. Current log-likelihood: -676711.27954
38. Current log-likelihood: -676711.09245
39. Current log-likelihood: -676710.94267
40. Current log-likelihood: -676710.82122
41. Current log-likelihood: -676710.72414
42. Current log-likelihood: -676710.64575
43. Current log-likelihood: -676710.58243
44. Current log-likelihood: -676710.52724
45. Current log-likelihood: -676710.48618
46. Current log-likelihood: -676710.45400
47. Current log-likelihood: -676710.42789
48. Current log-likelihood: -676710.40639
49. Current log-likelihood: -676710.38892
50. Current log-likelihood: -676710.37479
51. Current log-likelihood: -676710.36490
52. Current log-likelihood: -676710.35489
53. Current log-likelihood: -676710.34840
54. Current log-likelihood: -676710.34299
55. Current log-likelihood: -676710.33854
56. Current log-likelihood: -676710.33480
57. Current log-likelihood: -676710.33165
58. Current log-likelihood: -676710.32897
59. Current log-likelihood: -676710.32674
60. Current log-likelihood: -676710.32480
61. Current log-likelihood: -676710.32308
62. Current log-likelihood: -676710.32165
63. Current log-likelihood: -676710.32042
64. Current log-likelihood: -676710.31936
65. Current log-likelihood: -676710.31843
Final estimation on weights:
0.92911,0.04233,0.02857
Wrote distance file to... 
BEST SCORE FOUND : -676710.31843
Total tree lengths: 0.30549 0.00245 5.03864

Total number of iterations: 63
CPU time used for tree search: 0.00004 sec (0h:0m:0s)
Wall-clock time used for tree search: 0.00003 sec (0h:0m:0s)
Total CPU time used: 6957.92041 sec (1h:55m:57s)
Total wall-clock time used: 688.18291 sec (0h:11m:28s)

Analysis results written to: 
  IQ-TREE report:                mast_hdr_occ80_QG4232_quartet_04.submodel1.iqtree
  Maximum-likelihood tree:       mast_hdr_occ80_QG4232_quartet_04.submodel1.treefile
  Screen log file:               mast_hdr_occ80_QG4232_quartet_04.submodel1.log

Date and Time: Thu Jul  9 00:15:56 2026
