IQ-TREE version 3.0.1 for Linux x86 64-bit built Jul  9 2025
Developed by Bui Quang Minh, Thomas Wong, Nhan Ly-Trong, Huaiyan Ren
Contributed by Lam-Tung Nguyen, Dominik Schrempf, Chris Bielow,
Olga Chernomor, Michael Woodhams, Diep Thi Hoang, Heiko Schmidt

Host:    c590 (AVX512, FMA3, 188 GB RAM)
Command: iqtree3 -s /vast/eande106/projects/Nicolas/github/CB_PopGen_HDR_MS/processed_data/tree_topology/mast/mast_hdr/occ80_JU3237_quartet_10_supermatrix.clean.fas -m LG+FO+G+T -te /vast/eande106/projects/Nicolas/github/CB_PopGen_HDR_MS/processed_data/tree_topology/mast/quartet_topologies/quartet_10_NIC2143_JU3237_topologies.tre --prefix mast_hdr_occ80_JU3237_quartet_10.submodel6 -T 48
Seed:    608287 (Using SPRNG - Scalable Parallel Random Number Generator)
Time:    Thu Jul  9 00:20:52 2026
Kernel:  AVX+FMA - 48 threads (48 CPU cores detected)

Reading alignment file /vast/eande106/projects/Nicolas/github/CB_PopGen_HDR_MS/processed_data/tree_topology/mast/mast_hdr/occ80_JU3237_quartet_10_supermatrix.clean.fas ... Fasta format detected
Reading fasta file: done in 0.0471297 secs using 11.37% CPU
Alignment most likely contains protein sequences
Constructing alignment: done in 0.163258 secs using 114.3% CPU
Alignment has 4 sequences with 147410 columns, 4213 distinct patterns
1181 parsimony-informative, 26681 singleton sites, 119548 constant sites
         Gap/Ambiguity  Composition  p-value
Analyzing sequences: done in 0.000159041 secs using 79.85% CPU
   1  PX506      4.46%    passed     98.87%
   2  JU3237     3.15%    passed    100.00%
   3  QX1410     2.99%    passed    100.00%
   4  NIC2143    2.94%    passed    100.00%
****  TOTAL      3.39%  0 sequences failed composition chi2 test (p-value<5%; df=19)
Number of input trees: 3
Minimum branch length is set to 0.0000010
Checking for duplicate sequences: done in 0.000130548 secs using 83.49% CPU

NOTE: 31 MB RAM (0 GB) is required!
According to the parsimony scores along the sites, the tree weights are initialized to:
0.9212532,0.0338696,0.0448772
Estimate model parameters (epsilon = 0.00100)
1. Initial log-likelihood: -596907.67411
2. Current log-likelihood: -596114.95608
3. Current log-likelihood: -596088.89919
4. Current log-likelihood: -596006.74645
5. Current log-likelihood: -596004.88230
6. Current log-likelihood: -596004.16086
7. Current log-likelihood: -596003.74135
8. Current log-likelihood: -596003.56647
9. Current log-likelihood: -596003.38246
10. Current log-likelihood: -596003.08294
11. Current log-likelihood: -596001.85990
12. Current log-likelihood: -595990.38496
13. Current log-likelihood: -595984.61881
14. Current log-likelihood: -595981.14558
15. Current log-likelihood: -595980.43144
16. Current log-likelihood: -595979.71501
17. Current log-likelihood: -595978.99571
18. Current log-likelihood: -595978.27322
19. Current log-likelihood: -595977.54753
20. Current log-likelihood: -595976.81876
21. Current log-likelihood: -595976.08730
22. Current log-likelihood: -595975.35473
23. Current log-likelihood: -595974.61836
24. Current log-likelihood: -595973.88104
25. Current log-likelihood: -595973.14286
26. Current log-likelihood: -595972.40425
27. Current log-likelihood: -595971.66564
28. Current log-likelihood: -595970.92741
29. Current log-likelihood: -595970.18988
30. Current log-likelihood: -595969.45134
31. Current log-likelihood: -595967.39061
32. Current log-likelihood: -595958.78101
33. Current log-likelihood: -595958.23495
34. Current log-likelihood: -595957.69981
35. Current log-likelihood: -595957.17508
36. Current log-likelihood: -595956.65903
37. Current log-likelihood: -595956.15371
38. Current log-likelihood: -595955.65908
39. Current log-likelihood: -595955.17552
40. Current log-likelihood: -595954.70337
41. Current log-likelihood: -595954.24292
42. Current log-likelihood: -595953.79440
43. Current log-likelihood: -595953.35801
44. Current log-likelihood: -595952.93538
45. Current log-likelihood: -595952.52077
46. Current log-likelihood: -595952.12302
47. Current log-likelihood: -595951.73680
48. Current log-likelihood: -595951.36295
49. Current log-likelihood: -595951.00145
50. Current log-likelihood: -595950.65223
51. Current log-likelihood: -595950.31520
52. Current log-likelihood: -595949.98779
53. Current log-likelihood: -595949.67463
54. Current log-likelihood: -595949.37270
55. Current log-likelihood: -595949.08220
56. Current log-likelihood: -595948.80291
57. Current log-likelihood: -595948.53458
58. Current log-likelihood: -595948.27437
59. Current log-likelihood: -595948.02689
60. Current log-likelihood: -595947.78908
61. Current log-likelihood: -595947.56102
62. Current log-likelihood: -595947.34385
63. Current log-likelihood: -595947.13160
64. Current log-likelihood: -595946.93190
65. Current log-likelihood: -595946.73981
66. Current log-likelihood: -595946.55576
67. Current log-likelihood: -595946.37946
68. Current log-likelihood: -595946.20857
69. Current log-likelihood: -595946.04642
70. Current log-likelihood: -595945.89074
71. Current log-likelihood: -595945.74145
72. Current log-likelihood: -595945.59821
73. Current log-likelihood: -595945.45902
74. Current log-likelihood: -595945.32662
75. Current log-likelihood: -595945.19908
76. Current log-likelihood: -595945.07629
77. Current log-likelihood: -595944.95660
78. Current log-likelihood: -595944.84116
79. Current log-likelihood: -595944.72366
80. Current log-likelihood: -595944.57408
81. Current log-likelihood: -595944.45273
82. Current log-likelihood: -595944.33682
83. Current log-likelihood: -595944.22887
84. Current log-likelihood: -595944.12441
85. Current log-likelihood: -595944.02465
86. Current log-likelihood: -595943.92846
87. Current log-likelihood: -595943.83695
88. Current log-likelihood: -595943.74893
89. Current log-likelihood: -595943.66140
90. Current log-likelihood: -595943.58120
91. Current log-likelihood: -595943.50415
92. Current log-likelihood: -595943.43035
93. Current log-likelihood: -595943.36091
94. Current log-likelihood: -595943.29320
95. Current log-likelihood: -595943.22977
96. Current log-likelihood: -595943.16625
97. Current log-likelihood: -595943.10826
98. Current log-likelihood: -595943.05275
99. Current log-likelihood: -595942.99985
100. Current log-likelihood: -595942.94946
101. Current log-likelihood: -595942.90150
102. Current log-likelihood: -595942.82968
103. Current log-likelihood: -595942.75477
104. Current log-likelihood: -595942.68731
105. Current log-likelihood: -595942.62560
106. Current log-likelihood: -595942.56931
107. Current log-likelihood: -595942.51800
108. Current log-likelihood: -595942.46983
109. Current log-likelihood: -595942.42690
110. Current log-likelihood: -595942.38773
111. Current log-likelihood: -595942.35208
112. Current log-likelihood: -595942.32052
113. Current log-likelihood: -595942.29151
114. Current log-likelihood: -595942.26405
115. Current log-likelihood: -595942.23957
116. Current log-likelihood: -595942.21719
117. Current log-likelihood: -595942.19671
118. Current log-likelihood: -595942.17801
119. Current log-likelihood: -595942.16092
120. Current log-likelihood: -595942.14526
121. Current log-likelihood: -595942.13093
122. Current log-likelihood: -595942.11780
123. Current log-likelihood: -595942.10575
124. Current log-likelihood: -595942.09401
125. Current log-likelihood: -595942.08368
126. Current log-likelihood: -595942.07416
127. Current log-likelihood: -595942.06539
128. Current log-likelihood: -595942.05732
129. Current log-likelihood: -595942.05118
130. Current log-likelihood: -595942.04371
131. Current log-likelihood: -595942.03840
132. Current log-likelihood: -595942.03193
133. Current log-likelihood: -595942.02732
134. Current log-likelihood: -595942.02170
135. Current log-likelihood: -595942.01770
136. Current log-likelihood: -595942.01381
137. Current log-likelihood: -595942.01010
138. Current log-likelihood: -595942.00660
139. Current log-likelihood: -595942.00329
140. Current log-likelihood: -595942.00018
141. Current log-likelihood: -595941.99723
142. Current log-likelihood: -595941.99445
143. Current log-likelihood: -595941.99183
144. Current log-likelihood: -595941.98936
145. Current log-likelihood: -595941.98703
146. Current log-likelihood: -595941.98481
147. Current log-likelihood: -595941.98273
148. Current log-likelihood: -595941.98076
149. Current log-likelihood: -595941.97890
150. Current log-likelihood: -595941.97714
151. Current log-likelihood: -595941.97540
152. Current log-likelihood: -595941.97352
153. Current log-likelihood: -595941.97199
154. Current log-likelihood: -595941.97055
155. Current log-likelihood: -595941.96919
156. Current log-likelihood: -595941.96790
157. Current log-likelihood: -595941.96668
158. Current log-likelihood: -595941.96552
159. Current log-likelihood: -595941.96443
160. Current log-likelihood: -595941.96339
161. Current log-likelihood: -595941.96241
Final estimation on weights:
0.95572,0.02068,0.02361
Wrote distance file to... 
BEST SCORE FOUND : -595941.96241
Total tree lengths: 0.30696 1.04436 0.62377

Total number of iterations: 159
CPU time used for tree search: 0.00002 sec (0h:0m:0s)
Wall-clock time used for tree search: 0.00001 sec (0h:0m:0s)
Total CPU time used: 54992.04786 sec (15h:16m:32s)
Total wall-clock time used: 1731.96404 sec (0h:28m:51s)

Analysis results written to: 
  IQ-TREE report:                mast_hdr_occ80_JU3237_quartet_10.submodel6.iqtree
  Maximum-likelihood tree:       mast_hdr_occ80_JU3237_quartet_10.submodel6.treefile
  Screen log file:               mast_hdr_occ80_JU3237_quartet_10.submodel6.log

Date and Time: Thu Jul  9 00:49:44 2026
