IQ-TREE version 3.0.1 for Linux x86 64-bit built Jul  9 2025
Developed by Bui Quang Minh, Thomas Wong, Nhan Ly-Trong, Huaiyan Ren
Contributed by Lam-Tung Nguyen, Dominik Schrempf, Chris Bielow,
Olga Chernomor, Michael Woodhams, Diep Thi Hoang, Heiko Schmidt

Host:    c104 (AVX512, FMA3, 188 GB RAM)
Command: iqtree3 -s /vast/eande106/projects/Nicolas/github/CB_PopGen_HDR_MS/processed_data/tree_topology/mast/mast_hdr/occ80_QG4232_quartet_11_supermatrix.clean.fas -m TMIX{LG+FO+G,LG+FO+G,LG+FO+G}+T -te /vast/eande106/projects/Nicolas/github/CB_PopGen_HDR_MS/processed_data/tree_topology/mast/quartet_topologies/quartet_11_NIC2150_QG4232_topologies.tre --prefix mast_hdr_occ80_QG4232_quartet_11.submodel1 -T 48
Seed:    949576 (Using SPRNG - Scalable Parallel Random Number Generator)
Time:    Thu Jul  9 00:09:50 2026
Kernel:  AVX+FMA - 48 threads (48 CPU cores detected)

Reading alignment file /vast/eande106/projects/Nicolas/github/CB_PopGen_HDR_MS/processed_data/tree_topology/mast/mast_hdr/occ80_QG4232_quartet_11_supermatrix.clean.fas ... Fasta format detected
Reading fasta file: done in 0.0384159 secs using 15.39% CPU
Alignment most likely contains protein sequences
Constructing alignment: done in 0.244636 secs using 77.2% CPU
Alignment has 4 sequences with 167565 columns, 4174 distinct patterns
1199 parsimony-informative, 29466 singleton sites, 136900 constant sites
         Gap/Ambiguity  Composition  p-value
Analyzing sequences: done in 0.000143778 secs using 57.73% CPU
   1  PX506      5.74%    passed     42.81%
   2  NIC2150    4.49%    passed     99.98%
   3  QX1410     2.83%    passed     99.93%
   4  QG4232     2.96%    passed     88.06%
****  TOTAL      4.00%  0 sequences failed composition chi2 test (p-value<5%; df=19)
Number of input trees: 3
Minimum branch length is set to 0.0000010
Checking for duplicate sequences: done in 0.000141942 secs using 67.63% CPU

NOTE: 31 MB RAM (0 GB) is required!
According to the parsimony scores along the sites, the tree weights are initialized to:
0.8974145,0.0391993,0.0633862
Estimate model parameters (epsilon = 0.00100)
1. Initial log-likelihood: -675293.19486
2. Current log-likelihood: -674339.50496
3. Current log-likelihood: -673791.47190
4. Current log-likelihood: -673744.36426
5. Current log-likelihood: -673731.42801
6. Current log-likelihood: -673719.43216
7. Current log-likelihood: -673708.20291
8. Current log-likelihood: -673697.75435
9. Current log-likelihood: -673688.06528
10. Current log-likelihood: -673679.13648
11. Current log-likelihood: -673670.70664
12. Current log-likelihood: -673663.22270
13. Current log-likelihood: -673656.39145
14. Current log-likelihood: -673650.21588
15. Current log-likelihood: -673644.64740
16. Current log-likelihood: -673639.65201
17. Current log-likelihood: -673635.19551
18. Current log-likelihood: -673631.23914
19. Current log-likelihood: -673627.75148
20. Current log-likelihood: -673624.68907
21. Current log-likelihood: -673622.02398
22. Current log-likelihood: -673619.70795
23. Current log-likelihood: -673617.72938
24. Current log-likelihood: -673616.03120
25. Current log-likelihood: -673614.58960
26. Current log-likelihood: -673613.36500
27. Current log-likelihood: -673612.33564
28. Current log-likelihood: -673611.47447
29. Current log-likelihood: -673610.76078
30. Current log-likelihood: -673610.16693
31. Current log-likelihood: -673609.67220
32. Current log-likelihood: -673609.26475
33. Current log-likelihood: -673608.92716
34. Current log-likelihood: -673608.65313
35. Current log-likelihood: -673608.42533
36. Current log-likelihood: -673608.23784
37. Current log-likelihood: -673608.08232
38. Current log-likelihood: -673607.95914
39. Current log-likelihood: -673607.85747
40. Current log-likelihood: -673607.77348
41. Current log-likelihood: -673607.70585
42. Current log-likelihood: -673607.65017
43. Current log-likelihood: -673607.60420
44. Current log-likelihood: -673607.56641
45. Current log-likelihood: -673607.53651
46. Current log-likelihood: -673607.51182
47. Current log-likelihood: -673607.49144
48. Current log-likelihood: -673607.47451
49. Current log-likelihood: -673607.46069
50. Current log-likelihood: -673607.45090
51. Current log-likelihood: -673607.44074
52. Current log-likelihood: -673607.43406
53. Current log-likelihood: -673607.42859
54. Current log-likelihood: -673607.42233
55. Current log-likelihood: -673607.41855
56. Current log-likelihood: -673607.41531
57. Current log-likelihood: -673607.41250
58. Current log-likelihood: -673607.41007
59. Current log-likelihood: -673607.40812
60. Current log-likelihood: -673607.40632
61. Current log-likelihood: -673607.40488
62. Current log-likelihood: -673607.40356
63. Current log-likelihood: -673607.40238
64. Current log-likelihood: -673607.40132
65. Current log-likelihood: -673607.40045
Final estimation on weights:
0.92019,0.05018,0.02963
Wrote distance file to... 
BEST SCORE FOUND : -673607.40045
Total tree lengths: 0.31851 0.00131 4.11642

Total number of iterations: 63
CPU time used for tree search: 0.00002 sec (0h:0m:0s)
Wall-clock time used for tree search: 0.00001 sec (0h:0m:0s)
Total CPU time used: 7453.70661 sec (2h:4m:13s)
Total wall-clock time used: 656.06423 sec (0h:10m:56s)

Analysis results written to: 
  IQ-TREE report:                mast_hdr_occ80_QG4232_quartet_11.submodel1.iqtree
  Maximum-likelihood tree:       mast_hdr_occ80_QG4232_quartet_11.submodel1.treefile
  Screen log file:               mast_hdr_occ80_QG4232_quartet_11.submodel1.log

Date and Time: Thu Jul  9 00:20:47 2026
