IQ-TREE version 3.0.1 for Linux x86 64-bit built Jul  9 2025
Developed by Bui Quang Minh, Thomas Wong, Nhan Ly-Trong, Huaiyan Ren
Contributed by Lam-Tung Nguyen, Dominik Schrempf, Chris Bielow,
Olga Chernomor, Michael Woodhams, Diep Thi Hoang, Heiko Schmidt

Host:    c254 (AVX512, FMA3, 188 GB RAM)
Command: iqtree3 -s /vast/eande106/projects/Nicolas/github/CB_PopGen_HDR_MS/processed_data/tree_topology/mast/mast_hdr/occ80_JU3237_quartet_14_supermatrix.clean.fas -m LG+FO+G+T -te /vast/eande106/projects/Nicolas/github/CB_PopGen_HDR_MS/processed_data/tree_topology/mast/quartet_topologies/quartet_14_VX153_JU3237_topologies.tre --prefix mast_hdr_occ80_JU3237_quartet_14.submodel6 -T 48
Seed:    564490 (Using SPRNG - Scalable Parallel Random Number Generator)
Time:    Thu Jul  9 00:23:32 2026
Kernel:  AVX+FMA - 48 threads (48 CPU cores detected)

Reading alignment file /vast/eande106/projects/Nicolas/github/CB_PopGen_HDR_MS/processed_data/tree_topology/mast/mast_hdr/occ80_JU3237_quartet_14_supermatrix.clean.fas ... Fasta format detected
Reading fasta file: done in 0.0322921 secs using 14.31% CPU
Alignment most likely contains protein sequences
Constructing alignment: done in 0.163598 secs using 131.7% CPU
Alignment has 4 sequences with 147693 columns, 4268 distinct patterns
1230 parsimony-informative, 27156 singleton sites, 119307 constant sites
        Gap/Ambiguity  Composition  p-value
Analyzing sequences: done in 6.91386e-05 secs using 63.64% CPU
   1  PX506     3.95%    passed     99.66%
   2  JU3237    3.14%    passed    100.00%
   3  QX1410    2.95%    passed    100.00%
   4  VX153     4.07%    passed    100.00%
****  TOTAL     3.53%  0 sequences failed composition chi2 test (p-value<5%; df=19)
Number of input trees: 3
Minimum branch length is set to 0.0000010
Checking for duplicate sequences: done in 0.000135329 secs using 73.89% CPU

NOTE: 31 MB RAM (0 GB) is required!
According to the parsimony scores along the sites, the tree weights are initialized to:
0.8959350,0.0414634,0.0626016
Estimate model parameters (epsilon = 0.00100)
1. Initial log-likelihood: -600694.49771
2. Current log-likelihood: -599791.96489
3. Current log-likelihood: -599739.26818
4. Current log-likelihood: -599704.27231
5. Current log-likelihood: -599703.70502
6. Current log-likelihood: -599703.57868
7. Current log-likelihood: -599703.46747
8. Current log-likelihood: -599703.35634
9. Current log-likelihood: -599703.24570
10. Current log-likelihood: -599703.13470
11. Current log-likelihood: -599703.02367
12. Current log-likelihood: -599702.91231
13. Current log-likelihood: -599702.80085
14. Current log-likelihood: -599702.68915
15. Current log-likelihood: -599702.57714
16. Current log-likelihood: -599702.46479
17. Current log-likelihood: -599702.35227
18. Current log-likelihood: -599702.24048
19. Current log-likelihood: -599702.12812
20. Current log-likelihood: -599702.01534
21. Current log-likelihood: -599701.90211
22. Current log-likelihood: -599701.78773
23. Current log-likelihood: -599701.67342
24. Current log-likelihood: -599701.55767
25. Current log-likelihood: -599701.44255
26. Current log-likelihood: -599701.32610
27. Current log-likelihood: -599701.21005
28. Current log-likelihood: -599701.09268
29. Current log-likelihood: -599700.97570
30. Current log-likelihood: -599700.85812
31. Current log-likelihood: -599700.73934
32. Current log-likelihood: -599700.62096
33. Current log-likelihood: -599700.50196
34. Current log-likelihood: -599700.38177
35. Current log-likelihood: -599700.26196
36. Current log-likelihood: -599700.14132
37. Current log-likelihood: -599700.02041
38. Current log-likelihood: -599699.89829
39. Current log-likelihood: -599699.77658
40. Current log-likelihood: -599699.65342
41. Current log-likelihood: -599699.53041
42. Current log-likelihood: -599699.40690
43. Current log-likelihood: -599699.28216
44. Current log-likelihood: -599699.15786
45. Current log-likelihood: -599699.03292
46. Current log-likelihood: -599698.90751
47. Current log-likelihood: -599698.78162
48. Current log-likelihood: -599698.65429
49. Current log-likelihood: -599698.52762
50. Current log-likelihood: -599698.40031
51. Current log-likelihood: -599698.27254
52. Current log-likelihood: -599698.14429
53. Current log-likelihood: -599698.01558
54. Current log-likelihood: -599697.88640
55. Current log-likelihood: -599697.75675
56. Current log-likelihood: -599697.62582
57. Current log-likelihood: -599697.49505
58. Current log-likelihood: -599697.36379
59. Current log-likelihood: -599697.23208
60. Current log-likelihood: -599697.09993
61. Current log-likelihood: -599696.96733
62. Current log-likelihood: -599696.83355
63. Current log-likelihood: -599696.70026
64. Current log-likelihood: -599696.56636
65. Current log-likelihood: -599696.43203
66. Current log-likelihood: -599696.29727
67. Current log-likelihood: -599696.16209
68. Current log-likelihood: -599696.02651
69. Current log-likelihood: -599695.89052
70. Current log-likelihood: -599695.75413
71. Current log-likelihood: -599695.61619
72. Current log-likelihood: -599695.47880
73. Current log-likelihood: -599695.34098
74. Current log-likelihood: -599695.20282
75. Current log-likelihood: -599695.06431
76. Current log-likelihood: -599694.92546
77. Current log-likelihood: -599694.78627
78. Current log-likelihood: -599694.64676
79. Current log-likelihood: -599694.50693
80. Current log-likelihood: -599694.36681
81. Current log-likelihood: -599694.22639
82. Current log-likelihood: -599694.08570
83. Current log-likelihood: -599693.94474
84. Current log-likelihood: -599693.80258
85. Current log-likelihood: -599693.66086
86. Current log-likelihood: -599693.51890
87. Current log-likelihood: -599693.37594
88. Current log-likelihood: -599693.23382
89. Current log-likelihood: -599693.09129
90. Current log-likelihood: -599692.94861
91. Current log-likelihood: -599692.80579
92. Current log-likelihood: -599692.66208
93. Current log-likelihood: -599692.51929
94. Current log-likelihood: -599692.37616
95. Current log-likelihood: -599692.23299
96. Current log-likelihood: -599692.08855
97. Current log-likelihood: -599691.94504
98. Current log-likelihood: -599691.80150
99. Current log-likelihood: -599691.65722
100. Current log-likelihood: -599691.51406
101. Current log-likelihood: -599691.36992
102. Current log-likelihood: -599691.12683
103. Current log-likelihood: -599690.85990
104. Current log-likelihood: -599690.59411
105. Current log-likelihood: -599690.32749
106. Current log-likelihood: -599690.06337
107. Current log-likelihood: -599689.80059
108. Current log-likelihood: -599689.53943
109. Current log-likelihood: -599689.28012
110. Current log-likelihood: -599689.02289
111. Current log-likelihood: -599688.76592
112. Current log-likelihood: -599688.51296
113. Current log-likelihood: -599688.26266
114. Current log-likelihood: -599688.01540
115. Current log-likelihood: -599687.77143
116. Current log-likelihood: -599687.52910
117. Current log-likelihood: -599687.29183
118. Current log-likelihood: -599687.05844
119. Current log-likelihood: -599686.82931
120. Current log-likelihood: -599686.60467
121. Current log-likelihood: -599686.38262
122. Current log-likelihood: -599686.16691
123. Current log-likelihood: -599685.95619
124. Current log-likelihood: -599685.75078
125. Current log-likelihood: -599685.55086
126. Current log-likelihood: -599685.35421
127. Current log-likelihood: -599685.16526
128. Current log-likelihood: -599684.98199
129. Current log-likelihood: -599684.80473
130. Current log-likelihood: -599684.63108
131. Current log-likelihood: -599684.46541
132. Current log-likelihood: -599684.30577
133. Current log-likelihood: -599684.15238
134. Current log-likelihood: -599684.00333
135. Current log-likelihood: -599683.86159
136. Current log-likelihood: -599683.72599
137. Current log-likelihood: -599683.59653
138. Current log-likelihood: -599683.47122
139. Current log-likelihood: -599683.35295
140. Current log-likelihood: -599683.24049
141. Current log-likelihood: -599683.13378
142. Current log-likelihood: -599683.03077
143. Current log-likelihood: -599682.93419
144. Current log-likelihood: -599682.84286
145. Current log-likelihood: -599682.75667
146. Current log-likelihood: -599682.67354
147. Current log-likelihood: -599682.59639
148. Current log-likelihood: -599682.52345
149. Current log-likelihood: -599682.45496
150. Current log-likelihood: -599682.38867
151. Current log-likelihood: -599682.32762
152. Current log-likelihood: -599682.27024
153. Current log-likelihood: -599682.21712
154. Current log-likelihood: -599682.16557
155. Current log-likelihood: -599682.11780
156. Current log-likelihood: -599682.07297
157. Current log-likelihood: -599682.03092
158. Current log-likelihood: -599681.99147
159. Current log-likelihood: -599681.95279
160. Current log-likelihood: -599681.91722
161. Current log-likelihood: -599681.88374
162. Current log-likelihood: -599681.85229
163. Current log-likelihood: -599681.82267
164. Current log-likelihood: -599681.79331
165. Current log-likelihood: -599681.76622
166. Current log-likelihood: -599681.74061
167. Current log-likelihood: -599681.71640
168. Current log-likelihood: -599681.69347
169. Current log-likelihood: -599681.67046
170. Current log-likelihood: -599681.64905
171. Current log-likelihood: -599681.62868
172. Current log-likelihood: -599681.60925
173. Current log-likelihood: -599681.59069
174. Current log-likelihood: -599681.57189
175. Current log-likelihood: -599681.55426
176. Current log-likelihood: -599681.53720
177. Current log-likelihood: -599681.52081
178. Current log-likelihood: -599681.50620
179. Current log-likelihood: -599681.49044
180. Current log-likelihood: -599681.47548
181. Current log-likelihood: -599681.45997
182. Current log-likelihood: -599681.44621
183. Current log-likelihood: -599681.43260
184. Current log-likelihood: -599681.41921
185. Current log-likelihood: -599681.40603
186. Current log-likelihood: -599681.39308
187. Current log-likelihood: -599681.38032
188. Current log-likelihood: -599681.36670
189. Current log-likelihood: -599681.35366
190. Current log-likelihood: -599681.34093
191. Current log-likelihood: -599681.32836
192. Current log-likelihood: -599681.31593
193. Current log-likelihood: -599681.30365
194. Current log-likelihood: -599681.29150
195. Current log-likelihood: -599681.27946
196. Current log-likelihood: -599681.26668
197. Current log-likelihood: -599681.25431
198. Current log-likelihood: -599681.24219
199. Current log-likelihood: -599681.23009
200. Current log-likelihood: -599681.21810
201. Current log-likelihood: -599681.20620
202. Current log-likelihood: -599681.18886
203. Current log-likelihood: -599681.17153
204. Current log-likelihood: -599681.15302
205. Current log-likelihood: -599681.13523
206. Current log-likelihood: -599681.11759
207. Current log-likelihood: -599681.10004
208. Current log-likelihood: -599681.08259
209. Current log-likelihood: -599681.06523
210. Current log-likelihood: -599681.04795
211. Current log-likelihood: -599681.02932
212. Current log-likelihood: -599681.01151
213. Current log-likelihood: -599680.99387
214. Current log-likelihood: -599680.97622
215. Current log-likelihood: -599680.95867
216. Current log-likelihood: -599680.94119
217. Current log-likelihood: -599680.92377
218. Current log-likelihood: -599680.90499
219. Current log-likelihood: -599680.88703
220. Current log-likelihood: -599680.86921
221. Current log-likelihood: -599680.85138
222. Current log-likelihood: -599680.83364
223. Current log-likelihood: -599680.81595
224. Current log-likelihood: -599680.79833
225. Current log-likelihood: -599680.77934
226. Current log-likelihood: -599680.76117
227. Current log-likelihood: -599680.74312
228. Current log-likelihood: -599680.72507
229. Current log-likelihood: -599680.70709
230. Current log-likelihood: -599680.68918
231. Current log-likelihood: -599680.67131
232. Current log-likelihood: -599680.65207
233. Current log-likelihood: -599680.63366
234. Current log-likelihood: -599680.61537
235. Current log-likelihood: -599680.59707
236. Current log-likelihood: -599680.57885
237. Current log-likelihood: -599680.56068
238. Current log-likelihood: -599680.54257
239. Current log-likelihood: -599680.52305
240. Current log-likelihood: -599680.50439
241. Current log-likelihood: -599680.48584
242. Current log-likelihood: -599680.46729
243. Current log-likelihood: -599680.44880
244. Current log-likelihood: -599680.43038
245. Current log-likelihood: -599680.41201
246. Current log-likelihood: -599680.39220
247. Current log-likelihood: -599680.37328
248. Current log-likelihood: -599680.35447
249. Current log-likelihood: -599680.33565
250. Current log-likelihood: -599680.31691
251. Current log-likelihood: -599680.29822
252. Current log-likelihood: -599680.27838
253. Current log-likelihood: -599680.25924
254. Current log-likelihood: -599680.24018
255. Current log-likelihood: -599680.22112
256. Current log-likelihood: -599680.20213
257. Current log-likelihood: -599680.18320
258. Current log-likelihood: -599680.16433
259. Current log-likelihood: -599680.14400
260. Current log-likelihood: -599680.12459
261. Current log-likelihood: -599680.10527
262. Current log-likelihood: -599680.08596
263. Current log-likelihood: -599680.06671
264. Current log-likelihood: -599680.04753
265. Current log-likelihood: -599680.02713
266. Current log-likelihood: -599680.00749
267. Current log-likelihood: -599679.98792
268. Current log-likelihood: -599679.96836
269. Current log-likelihood: -599679.94887
270. Current log-likelihood: -599679.92944
271. Current log-likelihood: -599679.90881
272. Current log-likelihood: -599679.88893
273. Current log-likelihood: -599679.86912
274. Current log-likelihood: -599679.84932
275. Current log-likelihood: -599679.82959
276. Current log-likelihood: -599679.80993
277. Current log-likelihood: -599679.78903
278. Current log-likelihood: -599679.76891
279. Current log-likelihood: -599679.74887
280. Current log-likelihood: -599679.72883
281. Current log-likelihood: -599679.70886
282. Current log-likelihood: -599679.68896
283. Current log-likelihood: -599679.66779
284. Current log-likelihood: -599679.64743
285. Current log-likelihood: -599679.62715
286. Current log-likelihood: -599679.60687
287. Current log-likelihood: -599679.58666
288. Current log-likelihood: -599679.56653
289. Current log-likelihood: -599679.54507
290. Current log-likelihood: -599679.52447
291. Current log-likelihood: -599679.50395
292. Current log-likelihood: -599679.48342
293. Current log-likelihood: -599679.46298
294. Current log-likelihood: -599679.44261
295. Current log-likelihood: -599679.42087
296. Current log-likelihood: -599679.40002
297. Current log-likelihood: -599679.37926
298. Current log-likelihood: -599679.35849
299. Current log-likelihood: -599679.33780
300. Current log-likelihood: -599679.31719
301. Current log-likelihood: -599679.29517
302. Current log-likelihood: -599679.26734
303. Current log-likelihood: -599679.23955
304. Current log-likelihood: -599679.21176
305. Current log-likelihood: -599679.18411
306. Current log-likelihood: -599679.15448
307. Current log-likelihood: -599679.12629
308. Current log-likelihood: -599679.09811
309. Current log-likelihood: -599679.07003
310. Current log-likelihood: -599679.04208
311. Current log-likelihood: -599679.01193
312. Current log-likelihood: -599678.98337
313. Current log-likelihood: -599678.95484
314. Current log-likelihood: -599678.92641
315. Current log-likelihood: -599678.89811
316. Current log-likelihood: -599678.86750
317. Current log-likelihood: -599678.83858
318. Current log-likelihood: -599678.80968
319. Current log-likelihood: -599678.78089
320. Current log-likelihood: -599678.75223
321. Current log-likelihood: -599678.72119
322. Current log-likelihood: -599678.69189
323. Current log-likelihood: -599678.66263
324. Current log-likelihood: -599678.63347
325. Current log-likelihood: -599678.60248
326. Current log-likelihood: -599678.57287
327. Current log-likelihood: -599678.54326
328. Current log-likelihood: -599678.51377
329. Current log-likelihood: -599678.48442
330. Current log-likelihood: -599678.45266
331. Current log-likelihood: -599678.42269
332. Current log-likelihood: -599678.39274
333. Current log-likelihood: -599678.36291
334. Current log-likelihood: -599678.33116
335. Current log-likelihood: -599678.30087
336. Current log-likelihood: -599678.27059
337. Current log-likelihood: -599678.24042
338. Current log-likelihood: -599678.20838
339. Current log-likelihood: -599678.17778
340. Current log-likelihood: -599678.14718
341. Current log-likelihood: -599678.11672
342. Current log-likelihood: -599678.08434
343. Current log-likelihood: -599678.05343
344. Current log-likelihood: -599678.02253
345. Current log-likelihood: -599677.99176
346. Current log-likelihood: -599677.95903
347. Current log-likelihood: -599677.92781
348. Current log-likelihood: -599677.89660
349. Current log-likelihood: -599677.86553
350. Current log-likelihood: -599677.83244
351. Current log-likelihood: -599677.80092
352. Current log-likelihood: -599677.76940
353. Current log-likelihood: -599677.73803
354. Current log-likelihood: -599677.70458
355. Current log-likelihood: -599677.67275
356. Current log-likelihood: -599677.64093
357. Current log-likelihood: -599677.60924
358. Current log-likelihood: -599677.57545
359. Current log-likelihood: -599677.54330
360. Current log-likelihood: -599677.51117
361. Current log-likelihood: -599677.47918
362. Current log-likelihood: -599677.44502
363. Current log-likelihood: -599677.41256
364. Current log-likelihood: -599677.38012
365. Current log-likelihood: -599677.34783
366. Current log-likelihood: -599677.31330
367. Current log-likelihood: -599677.28053
368. Current log-likelihood: -599677.24778
369. Current log-likelihood: -599677.21518
370. Current log-likelihood: -599677.18029
371. Current log-likelihood: -599677.14721
372. Current log-likelihood: -599677.11414
373. Current log-likelihood: -599677.08124
374. Current log-likelihood: -599677.04598
375. Current log-likelihood: -599677.01258
376. Current log-likelihood: -599676.97920
377. Current log-likelihood: -599676.94599
378. Current log-likelihood: -599676.91036
379. Current log-likelihood: -599676.87664
380. Current log-likelihood: -599676.84295
381. Current log-likelihood: -599676.80943
382. Current log-likelihood: -599676.77343
383. Current log-likelihood: -599676.73940
384. Current log-likelihood: -599676.70540
385. Current log-likelihood: -599676.67156
386. Current log-likelihood: -599676.63582
387. Current log-likelihood: -599676.60142
388. Current log-likelihood: -599676.56706
389. Current log-likelihood: -599676.53291
390. Current log-likelihood: -599676.49682
391. Current log-likelihood: -599676.46211
392. Current log-likelihood: -599676.42742
393. Current log-likelihood: -599676.39297
394. Current log-likelihood: -599676.35652
395. Current log-likelihood: -599676.32149
396. Current log-likelihood: -599676.28649
397. Current log-likelihood: -599676.25173
398. Current log-likelihood: -599676.21492
399. Current log-likelihood: -599676.17950
400. Current log-likelihood: -599676.14421
401. Current log-likelihood: -599676.10914
402. Current log-likelihood: -599676.06355
403. Current log-likelihood: -599676.01888
404. Current log-likelihood: -599675.97445
405. Current log-likelihood: -599675.92839
406. Current log-likelihood: -599675.88338
407. Current log-likelihood: -599675.83861
408. Current log-likelihood: -599675.79216
409. Current log-likelihood: -599675.74669
410. Current log-likelihood: -599675.70161
411. Current log-likelihood: -599675.65475
412. Current log-likelihood: -599675.60891
413. Current log-likelihood: -599675.56345
414. Current log-likelihood: -599675.51619
415. Current log-likelihood: -599675.46998
416. Current log-likelihood: -599675.42415
417. Current log-likelihood: -599675.37648
418. Current log-likelihood: -599675.32990
419. Current log-likelihood: -599675.28370
420. Current log-likelihood: -599675.23563
421. Current log-likelihood: -599675.18867
422. Current log-likelihood: -599675.14210
423. Current log-likelihood: -599675.09362
424. Current log-likelihood: -599675.04628
425. Current log-likelihood: -599674.99935
426. Current log-likelihood: -599674.95046
427. Current log-likelihood: -599674.90275
428. Current log-likelihood: -599674.85545
429. Current log-likelihood: -599674.80607
430. Current log-likelihood: -599674.75803
431. Current log-likelihood: -599674.71036
432. Current log-likelihood: -599674.66057
433. Current log-likelihood: -599674.61216
434. Current log-likelihood: -599674.56412
435. Current log-likelihood: -599674.51392
436. Current log-likelihood: -599674.46514
437. Current log-likelihood: -599674.41674
438. Current log-likelihood: -599674.36612
439. Current log-likelihood: -599674.31698
440. Current log-likelihood: -599674.26823
441. Current log-likelihood: -599674.21720
442. Current log-likelihood: -599674.16768
443. Current log-likelihood: -599674.11857
444. Current log-likelihood: -599674.06712
445. Current log-likelihood: -599674.01724
446. Current log-likelihood: -599673.96777
447. Current log-likelihood: -599673.91591
448. Current log-likelihood: -599673.86565
449. Current log-likelihood: -599673.81583
450. Current log-likelihood: -599673.76356
451. Current log-likelihood: -599673.71294
452. Current log-likelihood: -599673.66278
453. Current log-likelihood: -599673.61004
454. Current log-likelihood: -599673.55907
455. Current log-likelihood: -599673.50847
456. Current log-likelihood: -599673.45540
457. Current log-likelihood: -599673.40405
458. Current log-likelihood: -599673.35318
459. Current log-likelihood: -599673.29962
460. Current log-likelihood: -599673.24793
461. Current log-likelihood: -599673.19661
462. Current log-likelihood: -599673.14273
463. Current log-likelihood: -599673.09068
464. Current log-likelihood: -599673.03908
465. Current log-likelihood: -599672.98470
466. Current log-likelihood: -599672.93232
467. Current log-likelihood: -599672.88030
468. Current log-likelihood: -599672.82560
469. Current log-likelihood: -599672.77284
470. Current log-likelihood: -599672.72054
471. Current log-likelihood: -599672.66534
472. Current log-likelihood: -599672.61225
473. Current log-likelihood: -599672.55953
474. Current log-likelihood: -599672.50403
475. Current log-likelihood: -599672.45055
476. Current log-likelihood: -599672.39756
477. Current log-likelihood: -599672.34156
478. Current log-likelihood: -599672.28776
479. Current log-likelihood: -599672.23436
480. Current log-likelihood: -599672.17806
481. Current log-likelihood: -599672.12388
482. Current log-likelihood: -599672.07021
483. Current log-likelihood: -599672.01341
484. Current log-likelihood: -599671.95892
485. Current log-likelihood: -599671.90491
486. Current log-likelihood: -599671.84771
487. Current log-likelihood: -599671.79288
488. Current log-likelihood: -599671.73857
489. Current log-likelihood: -599671.68099
490. Current log-likelihood: -599671.62580
491. Current log-likelihood: -599671.57113
492. Current log-likelihood: -599671.51314
493. Current log-likelihood: -599671.45762
494. Current log-likelihood: -599671.40266
495. Current log-likelihood: -599671.34429
496. Current log-likelihood: -599671.28844
497. Current log-likelihood: -599671.23069
498. Current log-likelihood: -599671.17441
499. Current log-likelihood: -599671.11864
500. Current log-likelihood: -599671.05989
501. Current log-likelihood: -599671.00341
502. Current log-likelihood: -599670.93495
503. Current log-likelihood: -599670.86751
504. Current log-likelihood: -599670.79771
505. Current log-likelihood: -599670.72998
506. Current log-likelihood: -599670.65982
507. Current log-likelihood: -599670.59179
508. Current log-likelihood: -599670.52129
509. Current log-likelihood: -599670.45297
510. Current log-likelihood: -599670.38214
511. Current log-likelihood: -599670.31356
512. Current log-likelihood: -599670.24241
513. Current log-likelihood: -599670.17349
514. Current log-likelihood: -599670.10201
515. Current log-likelihood: -599670.03285
516. Current log-likelihood: -599669.96104
517. Current log-likelihood: -599669.89156
518. Current log-likelihood: -599669.81942
519. Current log-likelihood: -599669.74970
520. Current log-likelihood: -599669.67714
521. Current log-likelihood: -599669.60715
522. Current log-likelihood: -599669.53438
523. Current log-likelihood: -599669.46410
524. Current log-likelihood: -599669.39091
525. Current log-likelihood: -599669.32037
526. Current log-likelihood: -599669.24686
527. Current log-likelihood: -599669.17610
528. Current log-likelihood: -599669.10229
529. Current log-likelihood: -599669.03126
530. Current log-likelihood: -599668.95715
531. Current log-likelihood: -599668.88582
532. Current log-likelihood: -599668.81140
533. Current log-likelihood: -599668.73985
534. Current log-likelihood: -599668.66515
535. Current log-likelihood: -599668.59336
536. Current log-likelihood: -599668.51836
537. Current log-likelihood: -599668.44631
538. Current log-likelihood: -599668.37102
539. Current log-likelihood: -599668.29873
540. Current log-likelihood: -599668.22316
541. Current log-likelihood: -599668.15064
542. Current log-likelihood: -599668.07478
543. Current log-likelihood: -599668.00201
544. Current log-likelihood: -599667.92588
545. Current log-likelihood: -599667.85289
546. Current log-likelihood: -599667.77648
547. Current log-likelihood: -599667.70327
548. Current log-likelihood: -599667.62660
549. Current log-likelihood: -599667.55316
550. Current log-likelihood: -599667.47623
551. Current log-likelihood: -599667.40257
552. Current log-likelihood: -599667.32538
553. Current log-likelihood: -599667.25151
554. Current log-likelihood: -599667.17406
555. Current log-likelihood: -599667.09998
556. Current log-likelihood: -599667.02228
557. Current log-likelihood: -599666.94800
558. Current log-likelihood: -599666.87006
559. Current log-likelihood: -599666.79558
560. Current log-likelihood: -599666.71745
561. Current log-likelihood: -599666.64281
562. Current log-likelihood: -599666.56438
563. Current log-likelihood: -599666.48952
564. Current log-likelihood: -599666.41088
565. Current log-likelihood: -599666.33583
566. Current log-likelihood: -599666.25701
567. Current log-likelihood: -599666.18183
568. Current log-likelihood: -599666.10273
569. Current log-likelihood: -599666.02734
570. Current log-likelihood: -599665.94809
571. Current log-likelihood: -599665.87257
572. Current log-likelihood: -599665.79305
573. Current log-likelihood: -599665.71734
574. Current log-likelihood: -599665.63767
575. Current log-likelihood: -599665.56183
576. Current log-likelihood: -599665.48191
577. Current log-likelihood: -599665.40591
578. Current log-likelihood: -599665.32586
579. Current log-likelihood: -599665.24973
580. Current log-likelihood: -599665.16943
581. Current log-likelihood: -599665.09316
582. Current log-likelihood: -599665.01274
583. Current log-likelihood: -599664.93634
584. Current log-likelihood: -599664.85570
585. Current log-likelihood: -599664.77917
586. Current log-likelihood: -599664.69840
587. Current log-likelihood: -599664.62176
588. Current log-likelihood: -599664.54084
589. Current log-likelihood: -599664.46410
590. Current log-likelihood: -599664.38296
591. Current log-likelihood: -599664.30611
592. Current log-likelihood: -599664.22488
593. Current log-likelihood: -599664.14793
594. Current log-likelihood: -599664.06655
595. Current log-likelihood: -599663.98952
596. Current log-likelihood: -599663.90801
597. Current log-likelihood: -599663.83088
598. Current log-likelihood: -599663.74925
599. Current log-likelihood: -599663.67205
600. Current log-likelihood: -599663.59029
601. Current log-likelihood: -599663.51301
602. Current log-likelihood: -599663.42067
603. Current log-likelihood: -599663.33205
604. Current log-likelihood: -599663.23716
605. Current log-likelihood: -599663.14862
606. Current log-likelihood: -599663.05375
607. Current log-likelihood: -599662.96517
608. Current log-likelihood: -599662.87012
609. Current log-likelihood: -599662.77728
610. Current log-likelihood: -599662.68801
611. Current log-likelihood: -599662.59315
612. Current log-likelihood: -599662.50432
613. Current log-likelihood: -599662.40901
614. Current log-likelihood: -599662.31600
615. Current log-likelihood: -599662.22666
616. Current log-likelihood: -599662.13166
617. Current log-likelihood: -599662.04285
618. Current log-likelihood: -599661.94736
619. Current log-likelihood: -599661.85427
620. Current log-likelihood: -599661.76495
621. Current log-likelihood: -599661.66970
622. Current log-likelihood: -599661.57661
623. Current log-likelihood: -599661.48730
624. Current log-likelihood: -599661.39203
625. Current log-likelihood: -599661.29900
626. Current log-likelihood: -599661.20979
627. Current log-likelihood: -599661.11444
628. Current log-likelihood: -599661.02143
629. Current log-likelihood: -599660.93231
630. Current log-likelihood: -599660.83704
631. Current log-likelihood: -599660.74404
632. Current log-likelihood: -599660.65508
633. Current log-likelihood: -599660.55982
634. Current log-likelihood: -599660.46695
635. Current log-likelihood: -599660.37810
636. Current log-likelihood: -599660.28295
637. Current log-likelihood: -599660.19021
638. Current log-likelihood: -599660.10153
639. Current log-likelihood: -599660.00648
640. Current log-likelihood: -599659.91382
641. Current log-likelihood: -599659.82538
642. Current log-likelihood: -599659.73042
643. Current log-likelihood: -599659.63797
644. Current log-likelihood: -599659.54972
645. Current log-likelihood: -599659.45496
646. Current log-likelihood: -599659.36272
647. Current log-likelihood: -599659.27473
648. Current log-likelihood: -599659.18016
649. Current log-likelihood: -599659.08817
650. Current log-likelihood: -599659.00046
651. Current log-likelihood: -599658.90610
652. Current log-likelihood: -599658.81436
653. Current log-likelihood: -599658.72694
654. Current log-likelihood: -599658.63283
655. Current log-likelihood: -599658.54137
656. Current log-likelihood: -599658.45428
657. Current log-likelihood: -599658.36043
658. Current log-likelihood: -599658.26928
659. Current log-likelihood: -599658.18254
660. Current log-likelihood: -599658.08901
661. Current log-likelihood: -599657.99818
662. Current log-likelihood: -599657.91183
663. Current log-likelihood: -599657.82278
664. Current log-likelihood: -599657.73421
665. Current log-likelihood: -599657.64574
666. Current log-likelihood: -599657.55743
667. Current log-likelihood: -599657.46916
668. Current log-likelihood: -599657.38109
669. Current log-likelihood: -599657.29317
670. Current log-likelihood: -599657.20540
671. Current log-likelihood: -599657.11779
672. Current log-likelihood: -599657.03031
673. Current log-likelihood: -599656.94289
674. Current log-likelihood: -599656.85573
675. Current log-likelihood: -599656.76867
676. Current log-likelihood: -599656.68180
677. Current log-likelihood: -599656.59508
678. Current log-likelihood: -599656.50851
679. Current log-likelihood: -599656.42216
680. Current log-likelihood: -599656.33597
681. Current log-likelihood: -599656.24994
682. Current log-likelihood: -599656.16410
683. Current log-likelihood: -599656.07842
684. Current log-likelihood: -599655.99292
685. Current log-likelihood: -599655.90760
686. Current log-likelihood: -599655.82246
687. Current log-likelihood: -599655.73728
688. Current log-likelihood: -599655.65259
689. Current log-likelihood: -599655.56805
690. Current log-likelihood: -599655.48369
691. Current log-likelihood: -599655.39934
692. Current log-likelihood: -599655.31541
693. Current log-likelihood: -599655.23149
694. Current log-likelihood: -599655.14797
695. Current log-likelihood: -599655.06446
696. Current log-likelihood: -599654.98135
697. Current log-likelihood: -599654.89827
698. Current log-likelihood: -599654.81559
699. Current log-likelihood: -599654.73293
700. Current log-likelihood: -599654.65070
701. Current log-likelihood: -599654.56849
702. Current log-likelihood: -599654.47920
703. Current log-likelihood: -599654.38765
704. Current log-likelihood: -599654.29637
705. Current log-likelihood: -599654.20540
706. Current log-likelihood: -599654.11473
707. Current log-likelihood: -599654.02436
708. Current log-likelihood: -599653.93431
709. Current log-likelihood: -599653.84457
710. Current log-likelihood: -599653.75515
711. Current log-likelihood: -599653.66605
712. Current log-likelihood: -599653.57727
713. Current log-likelihood: -599653.48882
714. Current log-likelihood: -599653.40070
715. Current log-likelihood: -599653.31292
716. Current log-likelihood: -599653.22547
717. Current log-likelihood: -599653.13835
718. Current log-likelihood: -599653.05158
719. Current log-likelihood: -599652.96515
720. Current log-likelihood: -599652.87907
721. Current log-likelihood: -599652.79334
722. Current log-likelihood: -599652.70796
723. Current log-likelihood: -599652.62294
724. Current log-likelihood: -599652.53827
725. Current log-likelihood: -599652.45396
726. Current log-likelihood: -599652.37002
727. Current log-likelihood: -599652.28650
728. Current log-likelihood: -599652.20332
729. Current log-likelihood: -599652.12050
730. Current log-likelihood: -599652.03806
731. Current log-likelihood: -599651.95599
732. Current log-likelihood: -599651.87439
733. Current log-likelihood: -599651.79304
734. Current log-likelihood: -599651.71206
735. Current log-likelihood: -599651.63147
736. Current log-likelihood: -599651.55133
737. Current log-likelihood: -599651.47154
738. Current log-likelihood: -599651.39214
739. Current log-likelihood: -599651.31323
740. Current log-likelihood: -599651.23457
741. Current log-likelihood: -599651.15630
742. Current log-likelihood: -599651.07843
743. Current log-likelihood: -599651.00102
744. Current log-likelihood: -599650.92398
745. Current log-likelihood: -599650.84743
746. Current log-likelihood: -599650.77115
747. Current log-likelihood: -599650.69527
748. Current log-likelihood: -599650.61985
749. Current log-likelihood: -599650.54482
750. Current log-likelihood: -599650.47029
751. Current log-likelihood: -599650.39602
752. Current log-likelihood: -599650.32223
753. Current log-likelihood: -599650.24882
754. Current log-likelihood: -599650.17593
755. Current log-likelihood: -599650.10330
756. Current log-likelihood: -599649.80373
757. Current log-likelihood: -599649.68780
758. Current log-likelihood: -599649.57931
759. Current log-likelihood: -599649.46211
760. Current log-likelihood: -599649.34905
761. Current log-likelihood: -599649.24099
762. Current log-likelihood: -599649.12463
763. Current log-likelihood: -599649.01375
764. Current log-likelihood: -599648.90188
765. Current log-likelihood: -599648.79018
766. Current log-likelihood: -599648.67970
767. Current log-likelihood: -599648.56946
768. Current log-likelihood: -599648.45981
769. Current log-likelihood: -599648.35021
770. Current log-likelihood: -599648.24095
771. Current log-likelihood: -599648.13205
772. Current log-likelihood: -599648.02353
773. Current log-likelihood: -599647.91641
774. Current log-likelihood: -599647.80973
775. Current log-likelihood: -599647.70347
776. Current log-likelihood: -599647.59767
777. Current log-likelihood: -599647.49150
778. Current log-likelihood: -599647.38686
779. Current log-likelihood: -599647.28255
780. Current log-likelihood: -599647.17882
781. Current log-likelihood: -599647.07566
782. Current log-likelihood: -599646.97307
783. Current log-likelihood: -599646.87130
784. Current log-likelihood: -599646.77015
785. Current log-likelihood: -599646.67004
786. Current log-likelihood: -599646.57025
787. Current log-likelihood: -599646.47166
788. Current log-likelihood: -599646.37320
789. Current log-likelihood: -599646.27580
790. Current log-likelihood: -599646.17869
791. Current log-likelihood: -599646.08329
792. Current log-likelihood: -599645.98850
793. Current log-likelihood: -599645.89444
794. Current log-likelihood: -599645.80127
795. Current log-likelihood: -599645.70875
796. Current log-likelihood: -599645.61698
797. Current log-likelihood: -599645.52612
798. Current log-likelihood: -599645.43589
799. Current log-likelihood: -599645.34653
800. Current log-likelihood: -599645.25796
801. Current log-likelihood: -599645.17036
802. Current log-likelihood: -599645.08065
803. Current log-likelihood: -599644.98909
804. Current log-likelihood: -599644.89890
805. Current log-likelihood: -599644.80934
806. Current log-likelihood: -599644.72082
807. Current log-likelihood: -599644.63365
808. Current log-likelihood: -599644.54726
809. Current log-likelihood: -599644.46178
810. Current log-likelihood: -599644.37735
811. Current log-likelihood: -599644.29430
812. Current log-likelihood: -599644.21194
813. Current log-likelihood: -599644.13068
814. Current log-likelihood: -599644.05078
815. Current log-likelihood: -599643.97146
816. Current log-likelihood: -599643.89342
817. Current log-likelihood: -599643.81659
818. Current log-likelihood: -599643.74066
819. Current log-likelihood: -599643.66585
820. Current log-likelihood: -599643.59246
821. Current log-likelihood: -599643.51976
822. Current log-likelihood: -599643.44848
823. Current log-likelihood: -599643.37776
824. Current log-likelihood: -599643.30906
825. Current log-likelihood: -599643.24064
826. Current log-likelihood: -599643.17337
827. Current log-likelihood: -599643.10807
828. Current log-likelihood: -599643.04277
829. Current log-likelihood: -599642.97953
830. Current log-likelihood: -599642.91625
831. Current log-likelihood: -599642.85502
832. Current log-likelihood: -599642.79373
833. Current log-likelihood: -599642.73448
834. Current log-likelihood: -599642.67516
835. Current log-likelihood: -599642.61785
836. Current log-likelihood: -599642.56046
837. Current log-likelihood: -599642.50507
838. Current log-likelihood: -599642.44957
839. Current log-likelihood: -599642.39618
840. Current log-likelihood: -599642.34257
841. Current log-likelihood: -599642.29099
842. Current log-likelihood: -599642.23918
843. Current log-likelihood: -599642.18936
844. Current log-likelihood: -599642.14006
845. Current log-likelihood: -599642.09187
846. Current log-likelihood: -599642.04424
847. Current log-likelihood: -599641.99768
848. Current log-likelihood: -599641.95165
849. Current log-likelihood: -599641.90665
850. Current log-likelihood: -599641.86243
851. Current log-likelihood: -599641.81857
852. Current log-likelihood: -599641.77585
853. Current log-likelihood: -599641.73345
854. Current log-likelihood: -599641.69214
855. Current log-likelihood: -599641.65151
856. Current log-likelihood: -599641.61117
857. Current log-likelihood: -599641.57189
858. Current log-likelihood: -599641.53287
859. Current log-likelihood: -599641.49486
860. Current log-likelihood: -599641.45746
861. Current log-likelihood: -599641.42029
862. Current log-likelihood: -599641.38400
863. Current log-likelihood: -599641.34803
864. Current log-likelihood: -599641.31288
865. Current log-likelihood: -599641.27830
866. Current log-likelihood: -599641.24397
867. Current log-likelihood: -599641.21080
868. Current log-likelihood: -599641.17807
869. Current log-likelihood: -599641.14558
870. Current log-likelihood: -599641.11390
871. Current log-likelihood: -599641.08261
872. Current log-likelihood: -599641.05151
873. Current log-likelihood: -599641.02118
874. Current log-likelihood: -599640.99128
875. Current log-likelihood: -599640.96147
876. Current log-likelihood: -599640.93240
877. Current log-likelihood: -599640.90373
878. Current log-likelihood: -599640.87512
879. Current log-likelihood: -599640.84722
880. Current log-likelihood: -599640.81969
881. Current log-likelihood: -599640.79358
882. Current log-likelihood: -599640.76854
883. Current log-likelihood: -599640.74215
884. Current log-likelihood: -599640.71598
885. Current log-likelihood: -599640.68985
886. Current log-likelihood: -599640.66553
887. Current log-likelihood: -599640.64048
888. Current log-likelihood: -599640.61533
889. Current log-likelihood: -599640.59059
890. Current log-likelihood: -599640.56638
891. Current log-likelihood: -599640.54247
892. Current log-likelihood: -599640.51943
893. Current log-likelihood: -599640.49727
894. Current log-likelihood: -599640.47431
895. Current log-likelihood: -599640.45122
896. Current log-likelihood: -599640.42854
897. Current log-likelihood: -599640.40600
898. Current log-likelihood: -599640.38488
899. Current log-likelihood: -599640.36435
900. Current log-likelihood: -599640.34413
901. Current log-likelihood: -599640.32297
902. Current log-likelihood: -599640.30098
903. Current log-likelihood: -599640.27893
904. Current log-likelihood: -599640.25696
905. Current log-likelihood: -599640.23513
906. Current log-likelihood: -599640.21388
907. Current log-likelihood: -599640.19286
908. Current log-likelihood: -599640.17191
909. Current log-likelihood: -599640.15238
910. Current log-likelihood: -599640.13232
911. Current log-likelihood: -599640.11202
912. Current log-likelihood: -599640.09211
913. Current log-likelihood: -599640.07229
914. Current log-likelihood: -599640.05300
915. Current log-likelihood: -599640.03391
916. Current log-likelihood: -599640.01264
917. Current log-likelihood: -599639.99242
918. Current log-likelihood: -599639.97251
919. Current log-likelihood: -599639.95285
920. Current log-likelihood: -599639.93321
921. Current log-likelihood: -599639.91915
922. Current log-likelihood: -599639.90332
923. Current log-likelihood: -599639.88791
924. Current log-likelihood: -599639.87274
925. Current log-likelihood: -599639.85749
926. Current log-likelihood: -599639.84257
927. Current log-likelihood: -599639.82793
928. Current log-likelihood: -599639.81345
929. Current log-likelihood: -599639.79915
930. Current log-likelihood: -599639.78474
931. Current log-likelihood: -599639.77072
932. Current log-likelihood: -599639.75690
933. Current log-likelihood: -599639.74325
934. Current log-likelihood: -599639.72975
935. Current log-likelihood: -599639.71645
936. Current log-likelihood: -599639.70302
937. Current log-likelihood: -599639.69000
938. Current log-likelihood: -599639.67713
939. Current log-likelihood: -599639.66442
940. Current log-likelihood: -599639.65183
941. Current log-likelihood: -599639.63940
942. Current log-likelihood: -599639.62677
943. Current log-likelihood: -599639.61461
944. Current log-likelihood: -599639.60258
945. Current log-likelihood: -599639.59068
946. Current log-likelihood: -599639.57893
947. Current log-likelihood: -599639.56731
948. Current log-likelihood: -599639.55555
949. Current log-likelihood: -599639.54220
950. Current log-likelihood: -599639.52894
951. Current log-likelihood: -599639.51584
952. Current log-likelihood: -599639.50290
953. Current log-likelihood: -599639.49019
954. Current log-likelihood: -599639.47584
955. Current log-likelihood: -599639.46630
956. Current log-likelihood: -599639.45386
957. Current log-likelihood: -599639.44166
958. Current log-likelihood: -599639.42817
959. Current log-likelihood: -599639.41914
960. Current log-likelihood: -599639.40690
961. Current log-likelihood: -599639.39523
962. Current log-likelihood: -599639.38230
963. Current log-likelihood: -599639.37364
964. Current log-likelihood: -599639.36225
965. Current log-likelihood: -599639.35110
966. Current log-likelihood: -599639.34267
967. Current log-likelihood: -599639.33124
968. Current log-likelihood: -599639.32042
969. Current log-likelihood: -599639.31224
970. Current log-likelihood: -599639.30149
971. Current log-likelihood: -599639.29102
972. Current log-likelihood: -599639.28309
973. Current log-likelihood: -599639.27269
974. Current log-likelihood: -599639.26213
975. Current log-likelihood: -599639.25211
976. Current log-likelihood: -599639.24444
977. Current log-likelihood: -599639.23448
978. Current log-likelihood: -599639.22476
979. Current log-likelihood: -599639.21738
980. Current log-likelihood: -599639.20773
981. Current log-likelihood: -599639.19832
982. Current log-likelihood: -599639.19086
983. Current log-likelihood: -599639.18132
984. Current log-likelihood: -599639.17457
985. Current log-likelihood: -599639.16538
986. Current log-likelihood: -599639.15644
987. Current log-likelihood: -599639.14966
988. Current log-likelihood: -599639.14063
989. Current log-likelihood: -599639.13424
990. Current log-likelihood: -599639.12500
991. Current log-likelihood: -599639.11877
992. Current log-likelihood: -599639.11004
993. Current log-likelihood: -599639.10396
994. Current log-likelihood: -599639.09555
995. Current log-likelihood: -599639.08746
996. Current log-likelihood: -599639.08127
997. Current log-likelihood: -599639.07307
998. Current log-likelihood: -599639.06695
999. Current log-likelihood: -599639.05882
1000. Current log-likelihood: -599639.05315
1001. Current log-likelihood: -599639.04520
1002. Current log-likelihood: -599639.03956
1003. Current log-likelihood: -599639.03145
1004. Current log-likelihood: -599639.02582
1005. Current log-likelihood: -599639.01788
1006. Current log-likelihood: -599639.01238
1007. Current log-likelihood: -599639.00438
1008. Current log-likelihood: -599638.99700
1009. Current log-likelihood: -599638.99139
1010. Current log-likelihood: -599638.98393
1011. Current log-likelihood: -599638.97868
1012. Current log-likelihood: -599638.97134
1013. Current log-likelihood: -599638.96631
1014. Current log-likelihood: -599638.95928
1015. Current log-likelihood: -599638.95436
1016. Current log-likelihood: -599638.94749
1017. Current log-likelihood: -599638.94235
1018. Current log-likelihood: -599638.93560
1019. Current log-likelihood: -599638.93087
1020. Current log-likelihood: -599638.92428
1021. Current log-likelihood: -599638.91966
1022. Current log-likelihood: -599638.91322
1023. Current log-likelihood: -599638.90869
1024. Current log-likelihood: -599638.90238
1025. Current log-likelihood: -599638.89795
1026. Current log-likelihood: -599638.89180
1027. Current log-likelihood: -599638.88721
1028. Current log-likelihood: -599638.88132
1029. Current log-likelihood: -599638.87713
1030. Current log-likelihood: -599638.87152
1031. Current log-likelihood: -599638.86720
1032. Current log-likelihood: -599638.86178
1033. Current log-likelihood: -599638.85752
1034. Current log-likelihood: -599638.85221
1035. Current log-likelihood: -599638.84802
1036. Current log-likelihood: -599638.84285
1037. Current log-likelihood: -599638.83874
1038. Current log-likelihood: -599638.83369
1039. Current log-likelihood: -599638.82932
1040. Current log-likelihood: -599638.82435
1041. Current log-likelihood: -599638.82039
1042. Current log-likelihood: -599638.81562
1043. Current log-likelihood: -599638.81184
1044. Current log-likelihood: -599638.80718
1045. Current log-likelihood: -599638.80354
1046. Current log-likelihood: -599638.79849
1047. Current log-likelihood: -599638.79487
1048. Current log-likelihood: -599638.78995
1049. Current log-likelihood: -599638.78640
1050. Current log-likelihood: -599638.78162
1051. Current log-likelihood: -599638.77779
1052. Current log-likelihood: -599638.77312
1053. Current log-likelihood: -599638.76968
1054. Current log-likelihood: -599638.76513
1055. Current log-likelihood: -599638.76176
1056. Current log-likelihood: -599638.75731
1057. Current log-likelihood: -599638.75401
1058. Current log-likelihood: -599638.74967
1059. Current log-likelihood: -599638.74643
1060. Current log-likelihood: -599638.74219
1061. Current log-likelihood: -599638.73910
1062. Current log-likelihood: -599638.73506
1063. Current log-likelihood: -599638.73170
1064. Current log-likelihood: -599638.73021
1065. Current log-likelihood: -599638.72589
1066. Current log-likelihood: -599638.72308
1067. Current log-likelihood: -599638.71916
1068. Current log-likelihood: -599638.71629
1069. Current log-likelihood: -599638.71498
1070. Current log-likelihood: -599638.71095
1071. Current log-likelihood: -599638.70827
1072. Current log-likelihood: -599638.70463
1073. Current log-likelihood: -599638.70195
1074. Current log-likelihood: -599638.70069
1075. Current log-likelihood: -599638.69688
1076. Current log-likelihood: -599638.69438
1077. Current log-likelihood: -599638.69325
1078. Current log-likelihood: -599638.68959
1079. Current log-likelihood: -599638.68772
1080. Current log-likelihood: -599638.68639
1081. Current log-likelihood: -599638.68270
1082. Current log-likelihood: -599638.68080
1083. Current log-likelihood: -599638.67946
1084. Current log-likelihood: -599638.67847
Final estimation on weights:
0.51003,0.48073,0.00924
Wrote distance file to... 
BEST SCORE FOUND : -599638.67847
Total tree lengths: 0.56557 0.07618 1.47556

Total number of iterations: 1082
CPU time used for tree search: 0.00003 sec (0h:0m:0s)
Wall-clock time used for tree search: 0.00002 sec (0h:0m:0s)
Total CPU time used: 140408.40303 sec (39h:0m:8s)
Total wall-clock time used: 4174.61905 sec (1h:9m:34s)

Analysis results written to: 
  IQ-TREE report:                mast_hdr_occ80_JU3237_quartet_14.submodel6.iqtree
  Maximum-likelihood tree:       mast_hdr_occ80_JU3237_quartet_14.submodel6.treefile
  Screen log file:               mast_hdr_occ80_JU3237_quartet_14.submodel6.log

Date and Time: Thu Jul  9 01:33:07 2026
