IQ-TREE version 3.0.1 for Linux x86 64-bit built Jul  9 2025
Developed by Bui Quang Minh, Thomas Wong, Nhan Ly-Trong, Huaiyan Ren
Contributed by Lam-Tung Nguyen, Dominik Schrempf, Chris Bielow,
Olga Chernomor, Michael Woodhams, Diep Thi Hoang, Heiko Schmidt

Host:    c178 (AVX512, FMA3, 188 GB RAM)
Command: iqtree3 -s /vast/eande106/projects/Nicolas/github/CB_PopGen_HDR_MS/processed_data/tree_topology/mast/mast_hdr/occ80_QG4232_quartet_09_supermatrix.clean.fas -m LG+FO+G+T -te /vast/eande106/projects/Nicolas/github/CB_PopGen_HDR_MS/processed_data/tree_topology/mast/quartet_topologies/quartet_09_JU2617_QG4232_topologies.tre --prefix mast_hdr_occ80_QG4232_quartet_09.submodel6 -T 48
Seed:    169115 (Using SPRNG - Scalable Parallel Random Number Generator)
Time:    Thu Jul  9 00:28:03 2026
Kernel:  AVX+FMA - 48 threads (48 CPU cores detected)

Reading alignment file /vast/eande106/projects/Nicolas/github/CB_PopGen_HDR_MS/processed_data/tree_topology/mast/mast_hdr/occ80_QG4232_quartet_09_supermatrix.clean.fas ... Fasta format detected
Reading fasta file: done in 0.0373564 secs using 10.65% CPU
Alignment most likely contains protein sequences
Constructing alignment: done in 0.193731 secs using 106.5% CPU
Alignment has 4 sequences with 175737 columns, 4455 distinct patterns
1298 parsimony-informative, 29501 singleton sites, 144938 constant sites
        Gap/Ambiguity  Composition  p-value
Analyzing sequences: done in 7.97575e-05 secs
   1  PX506     7.16%    passed     61.24%
   2  JU2617    3.64%    passed    100.00%
   3  QX1410    2.75%    passed    100.00%
   4  QG4232    3.12%    passed    100.00%
****  TOTAL     4.17%  0 sequences failed composition chi2 test (p-value<5%; df=19)
Number of input trees: 3
Minimum branch length is set to 0.0000010
Checking for duplicate sequences: done in 0.000132013 secs using 78.02% CPU

NOTE: 33 MB RAM (0 GB) is required!
According to the parsimony scores along the sites, the tree weights are initialized to:
0.9114022,0.0269646,0.0616333
Estimate model parameters (epsilon = 0.00100)
1. Initial log-likelihood: -699979.44295
2. Current log-likelihood: -699231.32153
3. Current log-likelihood: -699089.54727
4. Current log-likelihood: -699052.16505
5. Current log-likelihood: -699029.62190
6. Current log-likelihood: -699025.17360
7. Current log-likelihood: -699023.56250
8. Current log-likelihood: -699021.93708
9. Current log-likelihood: -699020.29428
10. Current log-likelihood: -699018.63675
11. Current log-likelihood: -699016.96417
12. Current log-likelihood: -699015.27694
13. Current log-likelihood: -699013.57562
14. Current log-likelihood: -699011.86210
15. Current log-likelihood: -699010.13335
16. Current log-likelihood: -699008.39310
17. Current log-likelihood: -699006.64176
18. Current log-likelihood: -699004.88016
19. Current log-likelihood: -699003.10938
20. Current log-likelihood: -699001.33053
21. Current log-likelihood: -698999.54489
22. Current log-likelihood: -698997.75378
23. Current log-likelihood: -698995.95870
24. Current log-likelihood: -698994.16120
25. Current log-likelihood: -698992.36302
26. Current log-likelihood: -698990.56594
27. Current log-likelihood: -698988.77195
28. Current log-likelihood: -698986.98310
29. Current log-likelihood: -698985.20157
30. Current log-likelihood: -698983.42964
31. Current log-likelihood: -698981.66522
32. Current log-likelihood: -698979.92023
33. Current log-likelihood: -698978.19117
34. Current log-likelihood: -698976.48185
35. Current log-likelihood: -698974.78970
36. Current log-likelihood: -698973.12824
37. Current log-likelihood: -698971.49365
38. Current log-likelihood: -698969.88391
39. Current log-likelihood: -698968.31354
40. Current log-likelihood: -698966.77320
41. Current log-likelihood: -698965.27640
42. Current log-likelihood: -698963.81464
43. Current log-likelihood: -698962.40139
44. Current log-likelihood: -698961.02689
45. Current log-likelihood: -698959.70574
46. Current log-likelihood: -698958.42600
47. Current log-likelihood: -698957.20336
48. Current log-likelihood: -698956.02403
49. Current log-likelihood: -698954.90434
50. Current log-likelihood: -698953.82884
51. Current log-likelihood: -698952.81416
52. Current log-likelihood: -698951.84355
53. Current log-likelihood: -698950.92760
54. Current log-likelihood: -698950.06860
55. Current log-likelihood: -698949.25315
56. Current log-likelihood: -698948.49479
57. Current log-likelihood: -698947.77678
58. Current log-likelihood: -698947.10883
59. Current log-likelihood: -698946.48969
60. Current log-likelihood: -698945.90766
61. Current log-likelihood: -698945.37354
62. Current log-likelihood: -698944.87222
63. Current log-likelihood: -698944.41476
64. Current log-likelihood: -698943.98643
65. Current log-likelihood: -698943.59729
66. Current log-likelihood: -698943.23548
67. Current log-likelihood: -698942.90704
68. Current log-likelihood: -698942.60118
69. Current log-likelihood: -698942.32495
70. Current log-likelihood: -698942.06829
71. Current log-likelihood: -698941.83703
72. Current log-likelihood: -698941.62259
73. Current log-likelihood: -698941.42972
74. Current log-likelihood: -698941.25122
75. Current log-likelihood: -698941.09085
76. Current log-likelihood: -698940.94514
77. Current log-likelihood: -698940.80930
78. Current log-likelihood: -698940.68839
79. Current log-likelihood: -698940.57861
80. Current log-likelihood: -698940.47619
81. Current log-likelihood: -698940.38517
82. Current log-likelihood: -698940.30255
83. Current log-likelihood: -698940.22564
84. Current log-likelihood: -698940.15716
85. Current log-likelihood: -698940.09500
86. Current log-likelihood: -698940.03867
87. Current log-likelihood: -698939.98651
88. Current log-likelihood: -698939.93993
89. Current log-likelihood: -698939.89754
90. Current log-likelihood: -698939.85901
91. Current log-likelihood: -698939.82400
92. Current log-likelihood: -698939.79073
93. Current log-likelihood: -698939.76131
94. Current log-likelihood: -698939.73446
95. Current log-likelihood: -698939.70999
96. Current log-likelihood: -698939.68767
97. Current log-likelihood: -698939.66730
98. Current log-likelihood: -698939.64869
99. Current log-likelihood: -698939.63065
100. Current log-likelihood: -698939.61478
101. Current log-likelihood: -698939.60021
102. Current log-likelihood: -698939.57988
103. Current log-likelihood: -698939.55985
104. Current log-likelihood: -698939.54239
105. Current log-likelihood: -698939.52723
106. Current log-likelihood: -698939.51404
107. Current log-likelihood: -698939.50253
108. Current log-likelihood: -698939.49174
109. Current log-likelihood: -698939.48274
110. Current log-likelihood: -698939.47483
111. Current log-likelihood: -698939.46787
112. Current log-likelihood: -698939.46300
113. Current log-likelihood: -698939.45694
114. Current log-likelihood: -698939.45303
115. Current log-likelihood: -698939.44817
116. Current log-likelihood: -698939.44501
117. Current log-likelihood: -698939.44201
118. Current log-likelihood: -698939.43922
119. Current log-likelihood: -698939.43667
120. Current log-likelihood: -698939.43433
121. Current log-likelihood: -698939.43218
122. Current log-likelihood: -698939.43021
123. Current log-likelihood: -698939.42841
124. Current log-likelihood: -698939.42677
125. Current log-likelihood: -698939.42526
126. Current log-likelihood: -698939.42388
127. Current log-likelihood: -698939.42261
128. Current log-likelihood: -698939.42144
129. Current log-likelihood: -698939.42038
130. Current log-likelihood: -698939.41940
Final estimation on weights:
0.95280,0.02424,0.02296
Wrote distance file to... 
BEST SCORE FOUND : -698939.41940
Total tree lengths: 0.27818 0.61447 1.07467

Total number of iterations: 128
CPU time used for tree search: 0.00002 sec (0h:0m:0s)
Wall-clock time used for tree search: 0.00001 sec (0h:0m:0s)
Total CPU time used: 25264.96677 sec (7h:1m:4s)
Total wall-clock time used: 775.52480 sec (0h:12m:55s)

Analysis results written to: 
  IQ-TREE report:                mast_hdr_occ80_QG4232_quartet_09.submodel6.iqtree
  Maximum-likelihood tree:       mast_hdr_occ80_QG4232_quartet_09.submodel6.treefile
  Screen log file:               mast_hdr_occ80_QG4232_quartet_09.submodel6.log

Date and Time: Thu Jul  9 00:40:58 2026
