IQ-TREE version 3.0.1 for Linux x86 64-bit built Jul  9 2025
Developed by Bui Quang Minh, Thomas Wong, Nhan Ly-Trong, Huaiyan Ren
Contributed by Lam-Tung Nguyen, Dominik Schrempf, Chris Bielow,
Olga Chernomor, Michael Woodhams, Diep Thi Hoang, Heiko Schmidt

Host:    c353 (AVX512, FMA3, 188 GB RAM)
Command: iqtree3 -s /vast/eande106/projects/Nicolas/github/CB_PopGen_HDR_MS/processed_data/tree_topology/mast/mast_all/occ80_JU3237_quartet_09_supermatrix.clean.fas -m TMIX{LG+FO+G,LG+FO+G,LG+FO+G}+T -te /vast/eande106/projects/Nicolas/github/CB_PopGen_HDR_MS/processed_data/tree_topology/mast/quartet_topologies/quartet_09_JU2617_JU3237_topologies.tre --prefix mast_all_occ80_JU3237_quartet_09.submodel1 -T 48
Seed:    546413 (Using SPRNG - Scalable Parallel Random Number Generator)
Time:    Wed Jul  8 23:20:53 2026
Kernel:  AVX+FMA - 48 threads (48 CPU cores detected)

Reading alignment file /vast/eande106/projects/Nicolas/github/CB_PopGen_HDR_MS/processed_data/tree_topology/mast/mast_all/occ80_JU3237_quartet_09_supermatrix.clean.fas ... Fasta format detected
Reading fasta file: done in 0.219071 secs using 49.85% CPU
Alignment most likely contains protein sequences
Constructing alignment: done in 3.10637 secs using 10.03% CPU
WARNING: 1 sites contain only gaps or ambiguous characters.
Alignment has 4 sequences with 2838406 columns, 12922 distinct patterns
22088 parsimony-informative, 436668 singleton sites, 2379650 constant sites
        Gap/Ambiguity  Composition  p-value
Analyzing sequences: done in 0.000211677 secs using 98.74% CPU
   1  PX506     5.13%    failed      0.00%
   2  JU2617    2.89%    passed     15.16%
   3  JU3237    2.27%    passed     80.36%
   4  QX1410    2.19%    passed     95.40%
****  TOTAL     3.12%  1 sequences failed composition chi2 test (p-value<5%; df=19)
Number of input trees: 3
Minimum branch length is set to 0.0000010
Checking for duplicate sequences: done in 0.000363224 secs using 37.72% CPU

NOTE: 96 MB RAM (0 GB) is required!
According to the parsimony scores along the sites, the tree weights are initialized to:
0.9668598,0.0100507,0.0230895
Estimate model parameters (epsilon = 0.00100)
1. Initial log-likelihood: -10967912.58371
2. Current log-likelihood: -10966500.97907
3. Current log-likelihood: -10962634.45715
4. Current log-likelihood: -10962101.40288
5. Current log-likelihood: -10962039.51414
6. Current log-likelihood: -10961988.83624
7. Current log-likelihood: -10961943.84521
8. Current log-likelihood: -10961902.23817
9. Current log-likelihood: -10961866.16607
10. Current log-likelihood: -10961834.71200
11. Current log-likelihood: -10961807.37570
12. Current log-likelihood: -10961783.68372
13. Current log-likelihood: -10961763.29210
14. Current log-likelihood: -10961745.74537
15. Current log-likelihood: -10961730.73024
16. Current log-likelihood: -10961717.93782
17. Current log-likelihood: -10961707.06514
18. Current log-likelihood: -10961697.86058
19. Current log-likelihood: -10961690.06626
20. Current log-likelihood: -10961683.47340
21. Current log-likelihood: -10961677.94344
22. Current log-likelihood: -10961673.29576
23. Current log-likelihood: -10961669.39604
24. Current log-likelihood: -10961666.13560
25. Current log-likelihood: -10961663.40269
26. Current log-likelihood: -10961661.11892
27. Current log-likelihood: -10961659.20035
28. Current log-likelihood: -10961657.59642
29. Current log-likelihood: -10961656.24984
30. Current log-likelihood: -10961655.09380
31. Current log-likelihood: -10961654.14467
32. Current log-likelihood: -10961653.33483
33. Current log-likelihood: -10961652.64668
34. Current log-likelihood: -10961652.05233
35. Current log-likelihood: -10961651.54056
36. Current log-likelihood: -10961651.11375
37. Current log-likelihood: -10961650.73628
38. Current log-likelihood: -10961650.40737
39. Current log-likelihood: -10961650.11298
40. Current log-likelihood: -10961649.91490
41. Current log-likelihood: -10961649.64142
42. Current log-likelihood: -10961649.46843
43. Current log-likelihood: -10961649.24227
44. Current log-likelihood: -10961649.08672
45. Current log-likelihood: -10961648.89207
46. Current log-likelihood: -10961648.74949
47. Current log-likelihood: -10961648.58312
48. Current log-likelihood: -10961648.45035
49. Current log-likelihood: -10961648.29871
50. Current log-likelihood: -10961648.17250
51. Current log-likelihood: -10961648.03187
52. Current log-likelihood: -10961647.91014
53. Current log-likelihood: -10961647.77854
54. Current log-likelihood: -10961647.66022
55. Current log-likelihood: -10961647.53556
56. Current log-likelihood: -10961647.42016
57. Current log-likelihood: -10961647.29948
58. Current log-likelihood: -10961647.18601
59. Current log-likelihood: -10961647.06842
60. Current log-likelihood: -10961646.95644
61. Current log-likelihood: -10961646.84157
62. Current log-likelihood: -10961646.72814
63. Current log-likelihood: -10961646.61846
64. Current log-likelihood: -10961646.50593
65. Current log-likelihood: -10961646.39668
66. Current log-likelihood: -10961646.28827
67. Current log-likelihood: -10961646.17749
68. Current log-likelihood: -10961646.06937
69. Current log-likelihood: -10961645.96227
70. Current log-likelihood: -10961645.85486
71. Current log-likelihood: -10961645.74628
72. Current log-likelihood: -10961645.64007
73. Current log-likelihood: -10961645.53384
74. Current log-likelihood: -10961645.42758
75. Current log-likelihood: -10961645.32191
76. Current log-likelihood: -10961645.21045
77. Current log-likelihood: -10961645.10578
78. Current log-likelihood: -10961645.00099
79. Current log-likelihood: -10961644.89668
80. Current log-likelihood: -10961644.79243
81. Current log-likelihood: -10961644.68875
82. Current log-likelihood: -10961644.58530
83. Current log-likelihood: -10961644.48240
84. Current log-likelihood: -10961644.37940
85. Current log-likelihood: -10961644.27669
86. Current log-likelihood: -10961644.17409
87. Current log-likelihood: -10961644.07251
88. Current log-likelihood: -10961643.97048
89. Current log-likelihood: -10961643.86871
90. Current log-likelihood: -10961643.76781
91. Current log-likelihood: -10961643.66672
92. Current log-likelihood: -10961643.56566
93. Current log-likelihood: -10961643.46557
94. Current log-likelihood: -10961643.36524
95. Current log-likelihood: -10961643.26509
96. Current log-likelihood: -10961643.16559
97. Current log-likelihood: -10961643.06590
98. Current log-likelihood: -10961642.96666
99. Current log-likelihood: -10961642.86808
100. Current log-likelihood: -10961642.76689
101. Current log-likelihood: -10961642.66871
102. Current log-likelihood: -10961642.47426
103. Current log-likelihood: -10961642.27689
104. Current log-likelihood: -10961642.08386
105. Current log-likelihood: -10961641.89334
106. Current log-likelihood: -10961641.69879
107. Current log-likelihood: -10961641.50988
108. Current log-likelihood: -10961641.31792
109. Current log-likelihood: -10961641.13123
110. Current log-likelihood: -10961640.94058
111. Current log-likelihood: -10961640.75544
112. Current log-likelihood: -10961640.56740
113. Current log-likelihood: -10961640.38421
114. Current log-likelihood: -10961640.19769
115. Current log-likelihood: -10961640.01645
116. Current log-likelihood: -10961639.83203
117. Current log-likelihood: -10961639.65260
118. Current log-likelihood: -10961639.46912
119. Current log-likelihood: -10961639.29152
120. Current log-likelihood: -10961639.11063
121. Current log-likelihood: -10961638.93492
122. Current log-likelihood: -10961638.75579
123. Current log-likelihood: -10961638.58171
124. Current log-likelihood: -10961638.40441
125. Current log-likelihood: -10961638.23222
126. Current log-likelihood: -10961638.05655
127. Current log-likelihood: -10961637.88592
128. Current log-likelihood: -10961637.71163
129. Current log-likelihood: -10961637.54286
130. Current log-likelihood: -10961637.37051
131. Current log-likelihood: -10961637.20326
132. Current log-likelihood: -10961637.03316
133. Current log-likelihood: -10961636.86771
134. Current log-likelihood: -10961636.69899
135. Current log-likelihood: -10961636.53505
136. Current log-likelihood: -10961636.36843
137. Current log-likelihood: -10961636.20609
138. Current log-likelihood: -10961636.04064
139. Current log-likelihood: -10961635.88010
140. Current log-likelihood: -10961635.71682
141. Current log-likelihood: -10961635.55772
142. Current log-likelihood: -10961635.39565
143. Current log-likelihood: -10961635.23811
144. Current log-likelihood: -10961635.07808
145. Current log-likelihood: -10961634.92225
146. Current log-likelihood: -10961634.76343
147. Current log-likelihood: -10961634.60903
148. Current log-likelihood: -10961634.45224
149. Current log-likelihood: -10961634.29925
150. Current log-likelihood: -10961634.14360
151. Current log-likelihood: -10961633.99238
152. Current log-likelihood: -10961633.83863
153. Current log-likelihood: -10961633.68875
154. Current log-likelihood: -10961633.53625
155. Current log-likelihood: -10961633.38783
156. Current log-likelihood: -10961633.23721
157. Current log-likelihood: -10961633.09038
158. Current log-likelihood: -10961632.94091
159. Current log-likelihood: -10961632.79546
160. Current log-likelihood: -10961632.64779
161. Current log-likelihood: -10961632.50372
162. Current log-likelihood: -10961632.35713
163. Current log-likelihood: -10961632.21465
164. Current log-likelihood: -10961632.06879
165. Current log-likelihood: -10961631.92769
166. Current log-likelihood: -10961631.78385
167. Current log-likelihood: -10961631.64386
168. Current log-likelihood: -10961631.50214
169. Current log-likelihood: -10961631.36374
170. Current log-likelihood: -10961631.22302
171. Current log-likelihood: -10961631.08589
172. Current log-likelihood: -10961630.94677
173. Current log-likelihood: -10961630.81111
174. Current log-likelihood: -10961630.67307
175. Current log-likelihood: -10961630.53863
176. Current log-likelihood: -10961630.40239
177. Current log-likelihood: -10961630.26918
178. Current log-likelihood: -10961630.13381
179. Current log-likelihood: -10961630.00166
180. Current log-likelihood: -10961629.86816
181. Current log-likelihood: -10961629.73778
182. Current log-likelihood: -10961629.60496
183. Current log-likelihood: -10961629.47573
184. Current log-likelihood: -10961629.34455
185. Current log-likelihood: -10961629.21666
186. Current log-likelihood: -10961629.08645
187. Current log-likelihood: -10961628.95979
188. Current log-likelihood: -10961628.83124
189. Current log-likelihood: -10961628.70582
190. Current log-likelihood: -10961628.57744
191. Current log-likelihood: -10961628.45281
192. Current log-likelihood: -10961628.32699
193. Current log-likelihood: -10961628.20382
194. Current log-likelihood: -10961628.07888
195. Current log-likelihood: -10961627.95678
196. Current log-likelihood: -10961627.83324
197. Current log-likelihood: -10961627.71239
198. Current log-likelihood: -10961627.58965
199. Current log-likelihood: -10961627.46995
200. Current log-likelihood: -10961627.34887
201. Current log-likelihood: -10961627.23026
202. Current log-likelihood: -10961627.05133
203. Current log-likelihood: -10961626.87683
204. Current log-likelihood: -10961626.69924
205. Current log-likelihood: -10961626.52743
206. Current log-likelihood: -10961626.35271
207. Current log-likelihood: -10961626.18341
208. Current log-likelihood: -10961626.01067
209. Current log-likelihood: -10961625.84386
210. Current log-likelihood: -10961625.67398
211. Current log-likelihood: -10961625.50945
212. Current log-likelihood: -10961625.34151
213. Current log-likelihood: -10961625.17956
214. Current log-likelihood: -10961625.01404
215. Current log-likelihood: -10961624.85419
216. Current log-likelihood: -10961624.69127
217. Current log-likelihood: -10961624.53362
218. Current log-likelihood: -10961624.37297
219. Current log-likelihood: -10961624.21775
220. Current log-likelihood: -10961624.05921
221. Current log-likelihood: -10961623.90599
222. Current log-likelihood: -10961623.74982
223. Current log-likelihood: -10961623.59870
224. Current log-likelihood: -10961623.44457
225. Current log-likelihood: -10961623.29573
226. Current log-likelihood: -10961623.14383
227. Current log-likelihood: -10961622.99687
228. Current log-likelihood: -10961622.84730
229. Current log-likelihood: -10961622.70231
230. Current log-likelihood: -10961622.55462
231. Current log-likelihood: -10961622.41182
232. Current log-likelihood: -10961622.26627
233. Current log-likelihood: -10961622.12538
234. Current log-likelihood: -10961621.98100
235. Current log-likelihood: -10961621.84191
236. Current log-likelihood: -10961621.69962
237. Current log-likelihood: -10961621.56238
238. Current log-likelihood: -10961621.42270
239. Current log-likelihood: -10961621.28751
240. Current log-likelihood: -10961621.14976
241. Current log-likelihood: -10961621.01640
242. Current log-likelihood: -10961620.88082
243. Current log-likelihood: -10961620.74942
244. Current log-likelihood: -10961620.61542
245. Current log-likelihood: -10961620.48567
246. Current log-likelihood: -10961620.35359
247. Current log-likelihood: -10961620.22559
248. Current log-likelihood: -10961620.09540
249. Current log-likelihood: -10961619.96909
250. Current log-likelihood: -10961619.84060
251. Current log-likelihood: -10961619.71598
252. Current log-likelihood: -10961619.58925
253. Current log-likelihood: -10961619.46628
254. Current log-likelihood: -10961619.34122
255. Current log-likelihood: -10961619.21988
256. Current log-likelihood: -10961619.09672
257. Current log-likelihood: -10961618.97690
258. Current log-likelihood: -10961618.85514
259. Current log-likelihood: -10961618.73697
260. Current log-likelihood: -10961618.61709
261. Current log-likelihood: -10961618.50047
262. Current log-likelihood: -10961618.38144
263. Current log-likelihood: -10961618.26652
264. Current log-likelihood: -10961618.14946
265. Current log-likelihood: -10961618.03614
266. Current log-likelihood: -10961617.92058
267. Current log-likelihood: -10961617.80872
268. Current log-likelihood: -10961617.69476
269. Current log-likelihood: -10961617.58449
270. Current log-likelihood: -10961617.47170
271. Current log-likelihood: -10961617.36272
272. Current log-likelihood: -10961617.25179
273. Current log-likelihood: -10961617.14441
274. Current log-likelihood: -10961617.03468
275. Current log-likelihood: -10961616.92850
276. Current log-likelihood: -10961616.82050
277. Current log-likelihood: -10961616.71577
278. Current log-likelihood: -10961616.60898
279. Current log-likelihood: -10961616.50557
280. Current log-likelihood: -10961616.40029
281. Current log-likelihood: -10961616.29816
282. Current log-likelihood: -10961616.19419
283. Current log-likelihood: -10961616.09329
284. Current log-likelihood: -10961615.99085
285. Current log-likelihood: -10961615.89149
286. Current log-likelihood: -10961615.78980
287. Current log-likelihood: -10961615.69160
288. Current log-likelihood: -10961615.59174
289. Current log-likelihood: -10961615.49474
290. Current log-likelihood: -10961615.39582
291. Current log-likelihood: -10961615.29995
292. Current log-likelihood: -10961615.20272
293. Current log-likelihood: -10961615.10813
294. Current log-likelihood: -10961615.01191
295. Current log-likelihood: -10961614.91843
296. Current log-likelihood: -10961614.82356
297. Current log-likelihood: -10961614.73138
298. Current log-likelihood: -10961614.63755
299. Current log-likelihood: -10961614.54638
300. Current log-likelihood: -10961614.45409
301. Current log-likelihood: -10961614.36402
302. Current log-likelihood: -10961614.24295
303. Current log-likelihood: -10961614.12520
304. Current log-likelihood: -10961614.00565
305. Current log-likelihood: -10961613.88991
306. Current log-likelihood: -10961613.77217
307. Current log-likelihood: -10961613.65831
308. Current log-likelihood: -10961613.54266
309. Current log-likelihood: -10961613.43060
310. Current log-likelihood: -10961613.31693
311. Current log-likelihood: -10961613.20688
312. Current log-likelihood: -10961613.09489
313. Current log-likelihood: -10961612.98681
314. Current log-likelihood: -10961612.87661
315. Current log-likelihood: -10961612.77016
316. Current log-likelihood: -10961612.66169
317. Current log-likelihood: -10961612.55692
318. Current log-likelihood: -10961612.45018
319. Current log-likelihood: -10961612.34708
320. Current log-likelihood: -10961612.24208
321. Current log-likelihood: -10961612.14073
322. Current log-likelihood: -10961612.03723
323. Current log-likelihood: -10961611.93749
324. Current log-likelihood: -10961611.83588
325. Current log-likelihood: -10961611.73754
326. Current log-likelihood: -10961611.63756
327. Current log-likelihood: -10961611.54078
328. Current log-likelihood: -10961611.44235
329. Current log-likelihood: -10961611.34727
330. Current log-likelihood: -10961611.25034
331. Current log-likelihood: -10961611.15662
332. Current log-likelihood: -10961611.06117
333. Current log-likelihood: -10961610.96885
334. Current log-likelihood: -10961610.87449
335. Current log-likelihood: -10961610.78358
336. Current log-likelihood: -10961610.69116
337. Current log-likelihood: -10961610.60190
338. Current log-likelihood: -10961610.51092
339. Current log-likelihood: -10961610.42291
340. Current log-likelihood: -10961610.33252
341. Current log-likelihood: -10961610.24591
342. Current log-likelihood: -10961610.15746
343. Current log-likelihood: -10961610.07228
344. Current log-likelihood: -10961609.98530
345. Current log-likelihood: -10961609.90124
346. Current log-likelihood: -10961609.81572
347. Current log-likelihood: -10961609.73287
348. Current log-likelihood: -10961609.64850
349. Current log-likelihood: -10961609.56678
350. Current log-likelihood: -10961609.48410
351. Current log-likelihood: -10961609.40383
352. Current log-likelihood: -10961609.32167
353. Current log-likelihood: -10961609.24251
354. Current log-likelihood: -10961609.16220
355. Current log-likelihood: -10961609.08421
356. Current log-likelihood: -10961609.00480
357. Current log-likelihood: -10961608.92791
358. Current log-likelihood: -10961608.84994
359. Current log-likelihood: -10961608.77430
360. Current log-likelihood: -10961608.69645
361. Current log-likelihood: -10961608.62180
362. Current log-likelihood: -10961608.54595
363. Current log-likelihood: -10961608.47254
364. Current log-likelihood: -10961608.39759
365. Current log-likelihood: -10961608.32483
366. Current log-likelihood: -10961608.25268
367. Current log-likelihood: -10961608.17958
368. Current log-likelihood: -10961608.10871
369. Current log-likelihood: -10961608.03671
370. Current log-likelihood: -10961607.96679
371. Current log-likelihood: -10961607.89572
372. Current log-likelihood: -10961607.82688
373. Current log-likelihood: -10961607.75695
374. Current log-likelihood: -10961607.68908
375. Current log-likelihood: -10961607.62010
376. Current log-likelihood: -10961607.55309
377. Current log-likelihood: -10961607.48508
378. Current log-likelihood: -10961607.41916
379. Current log-likelihood: -10961607.35269
380. Current log-likelihood: -10961607.28747
381. Current log-likelihood: -10961607.22266
382. Current log-likelihood: -10961607.15686
383. Current log-likelihood: -10961607.09307
384. Current log-likelihood: -10961607.02842
385. Current log-likelihood: -10961606.96555
386. Current log-likelihood: -10961606.90278
387. Current log-likelihood: -10961606.83947
388. Current log-likelihood: -10961606.77803
389. Current log-likelihood: -10961606.71645
390. Current log-likelihood: -10961606.65547
391. Current log-likelihood: -10961606.59492
392. Current log-likelihood: -10961606.53473
393. Current log-likelihood: -10961606.47489
394. Current log-likelihood: -10961606.41572
395. Current log-likelihood: -10961606.35682
396. Current log-likelihood: -10961606.29708
397. Current log-likelihood: -10961606.23929
398. Current log-likelihood: -10961606.18101
399. Current log-likelihood: -10961606.12391
400. Current log-likelihood: -10961606.06706
401. Current log-likelihood: -10961606.01039
402. Current log-likelihood: -10961605.94064
403. Current log-likelihood: -10961605.86936
404. Current log-likelihood: -10961605.80053
405. Current log-likelihood: -10961605.73291
406. Current log-likelihood: -10961605.66373
407. Current log-likelihood: -10961605.59715
408. Current log-likelihood: -10961605.52935
409. Current log-likelihood: -10961605.46385
410. Current log-likelihood: -10961605.39704
411. Current log-likelihood: -10961605.33276
412. Current log-likelihood: -10961605.26717
413. Current log-likelihood: -10961605.20396
414. Current log-likelihood: -10961605.13927
415. Current log-likelihood: -10961605.07701
416. Current log-likelihood: -10961605.01346
417. Current log-likelihood: -10961604.95214
418. Current log-likelihood: -10961604.88966
419. Current log-likelihood: -10961604.82916
420. Current log-likelihood: -10961604.76899
421. Current log-likelihood: -10961604.70802
422. Current log-likelihood: -10961604.64921
423. Current log-likelihood: -10961604.58925
424. Current log-likelihood: -10961604.53133
425. Current log-likelihood: -10961604.47284
426. Current log-likelihood: -10961604.41559
427. Current log-likelihood: -10961604.35866
428. Current log-likelihood: -10961604.30103
429. Current log-likelihood: -10961604.24533
430. Current log-likelihood: -10961604.18910
431. Current log-likelihood: -10961604.13430
432. Current log-likelihood: -10961604.07955
433. Current log-likelihood: -10961604.02416
434. Current log-likelihood: -10961603.97050
435. Current log-likelihood: -10961603.91719
436. Current log-likelihood: -10961603.86399
437. Current log-likelihood: -10961603.81141
438. Current log-likelihood: -10961603.75908
439. Current log-likelihood: -10961603.70733
440. Current log-likelihood: -10961603.65592
441. Current log-likelihood: -10961603.60488
442. Current log-likelihood: -10961603.55437
443. Current log-likelihood: -10961603.50277
444. Current log-likelihood: -10961603.45332
445. Current log-likelihood: -10961603.40381
446. Current log-likelihood: -10961603.35466
447. Current log-likelihood: -10961603.30581
448. Current log-likelihood: -10961603.25756
449. Current log-likelihood: -10961603.20955
450. Current log-likelihood: -10961603.16179
451. Current log-likelihood: -10961603.11437
452. Current log-likelihood: -10961603.06764
453. Current log-likelihood: -10961603.02094
454. Current log-likelihood: -10961602.97473
455. Current log-likelihood: -10961602.92884
456. Current log-likelihood: -10961602.88325
457. Current log-likelihood: -10961602.83814
458. Current log-likelihood: -10961602.79307
459. Current log-likelihood: -10961602.74699
460. Current log-likelihood: -10961602.70298
461. Current log-likelihood: -10961602.65897
462. Current log-likelihood: -10961602.61548
463. Current log-likelihood: -10961602.57207
464. Current log-likelihood: -10961602.52931
465. Current log-likelihood: -10961602.48637
466. Current log-likelihood: -10961602.44412
467. Current log-likelihood: -10961602.40181
468. Current log-likelihood: -10961602.36005
469. Current log-likelihood: -10961602.31855
470. Current log-likelihood: -10961602.27737
471. Current log-likelihood: -10961602.23662
472. Current log-likelihood: -10961602.19618
473. Current log-likelihood: -10961602.15573
474. Current log-likelihood: -10961602.11583
475. Current log-likelihood: -10961602.07626
476. Current log-likelihood: -10961602.03679
477. Current log-likelihood: -10961601.99761
478. Current log-likelihood: -10961601.95864
479. Current log-likelihood: -10961601.92013
480. Current log-likelihood: -10961601.88191
481. Current log-likelihood: -10961601.84383
482. Current log-likelihood: -10961601.80597
483. Current log-likelihood: -10961601.76853
484. Current log-likelihood: -10961601.73132
485. Current log-likelihood: -10961601.69431
486. Current log-likelihood: -10961601.65761
487. Current log-likelihood: -10961601.62096
488. Current log-likelihood: -10961601.58482
489. Current log-likelihood: -10961601.54868
490. Current log-likelihood: -10961601.51312
491. Current log-likelihood: -10961601.47756
492. Current log-likelihood: -10961601.44222
493. Current log-likelihood: -10961601.40727
494. Current log-likelihood: -10961601.37259
495. Current log-likelihood: -10961601.33799
496. Current log-likelihood: -10961601.30370
497. Current log-likelihood: -10961601.26960
498. Current log-likelihood: -10961601.23578
499. Current log-likelihood: -10961601.20215
500. Current log-likelihood: -10961601.16893
501. Current log-likelihood: -10961601.13556
502. Current log-likelihood: -10961601.09627
503. Current log-likelihood: -10961601.05734
504. Current log-likelihood: -10961601.01853
505. Current log-likelihood: -10961600.98001
506. Current log-likelihood: -10961600.94194
507. Current log-likelihood: -10961600.90401
508. Current log-likelihood: -10961600.86639
509. Current log-likelihood: -10961600.82917
510. Current log-likelihood: -10961600.79213
511. Current log-likelihood: -10961600.75551
512. Current log-likelihood: -10961600.71905
513. Current log-likelihood: -10961600.68302
514. Current log-likelihood: -10961600.64713
515. Current log-likelihood: -10961600.61150
516. Current log-likelihood: -10961600.57628
517. Current log-likelihood: -10961600.54147
518. Current log-likelihood: -10961600.50657
519. Current log-likelihood: -10961600.47211
520. Current log-likelihood: -10961600.43788
521. Current log-likelihood: -10961600.40395
522. Current log-likelihood: -10961600.37028
523. Current log-likelihood: -10961600.33677
524. Current log-likelihood: -10961600.30351
525. Current log-likelihood: -10961600.27064
526. Current log-likelihood: -10961600.23788
527. Current log-likelihood: -10961600.20561
528. Current log-likelihood: -10961600.17341
529. Current log-likelihood: -10961600.14131
530. Current log-likelihood: -10961600.10957
531. Current log-likelihood: -10961600.07824
532. Current log-likelihood: -10961600.04695
533. Current log-likelihood: -10961600.01599
534. Current log-likelihood: -10961599.98523
535. Current log-likelihood: -10961599.95459
536. Current log-likelihood: -10961599.92431
537. Current log-likelihood: -10961599.89427
538. Current log-likelihood: -10961599.86447
539. Current log-likelihood: -10961599.83467
540. Current log-likelihood: -10961599.80520
541. Current log-likelihood: -10961599.77594
542. Current log-likelihood: -10961599.74691
543. Current log-likelihood: -10961599.71817
544. Current log-likelihood: -10961599.68962
545. Current log-likelihood: -10961599.66109
546. Current log-likelihood: -10961599.63294
547. Current log-likelihood: -10961599.60499
548. Current log-likelihood: -10961599.57726
549. Current log-likelihood: -10961599.54968
550. Current log-likelihood: -10961599.52226
551. Current log-likelihood: -10961599.49504
552. Current log-likelihood: -10961599.46804
553. Current log-likelihood: -10961599.44117
554. Current log-likelihood: -10961599.41469
555. Current log-likelihood: -10961599.38832
556. Current log-likelihood: -10961599.36198
557. Current log-likelihood: -10961599.33590
558. Current log-likelihood: -10961599.31005
559. Current log-likelihood: -10961599.28440
560. Current log-likelihood: -10961599.25878
561. Current log-likelihood: -10961599.23350
562. Current log-likelihood: -10961599.20825
563. Current log-likelihood: -10961599.18313
564. Current log-likelihood: -10961599.15843
565. Current log-likelihood: -10961599.13375
566. Current log-likelihood: -10961599.10923
567. Current log-likelihood: -10961599.08497
568. Current log-likelihood: -10961599.06087
569. Current log-likelihood: -10961599.03701
570. Current log-likelihood: -10961599.01295
571. Current log-likelihood: -10961598.98941
572. Current log-likelihood: -10961598.96594
573. Current log-likelihood: -10961598.94264
574. Current log-likelihood: -10961598.91945
575. Current log-likelihood: -10961598.89638
576. Current log-likelihood: -10961598.87221
577. Current log-likelihood: -10961598.84975
578. Current log-likelihood: -10961598.82690
579. Current log-likelihood: -10961598.80459
580. Current log-likelihood: -10961598.78237
581. Current log-likelihood: -10961598.76046
582. Current log-likelihood: -10961598.73831
583. Current log-likelihood: -10961598.71643
584. Current log-likelihood: -10961598.69485
585. Current log-likelihood: -10961598.67327
586. Current log-likelihood: -10961598.65175
587. Current log-likelihood: -10961598.63067
588. Current log-likelihood: -10961598.60961
589. Current log-likelihood: -10961598.58857
590. Current log-likelihood: -10961598.56777
591. Current log-likelihood: -10961598.54696
592. Current log-likelihood: -10961598.52641
593. Current log-likelihood: -10961598.50605
594. Current log-likelihood: -10961598.48579
595. Current log-likelihood: -10961598.46572
596. Current log-likelihood: -10961598.44558
597. Current log-likelihood: -10961598.42576
598. Current log-likelihood: -10961598.40585
599. Current log-likelihood: -10961598.38627
600. Current log-likelihood: -10961598.36664
601. Current log-likelihood: -10961598.34730
602. Current log-likelihood: -10961598.32485
603. Current log-likelihood: -10961598.30282
604. Current log-likelihood: -10961598.28069
605. Current log-likelihood: -10961598.25864
606. Current log-likelihood: -10961598.23681
607. Current log-likelihood: -10961598.21531
608. Current log-likelihood: -10961598.19374
609. Current log-likelihood: -10961598.17239
610. Current log-likelihood: -10961598.15127
611. Current log-likelihood: -10961598.13038
612. Current log-likelihood: -10961598.10958
613. Current log-likelihood: -10961598.08884
614. Current log-likelihood: -10961598.06824
615. Current log-likelihood: -10961598.04778
616. Current log-likelihood: -10961598.02754
617. Current log-likelihood: -10961598.00762
618. Current log-likelihood: -10961597.98756
619. Current log-likelihood: -10961597.96766
620. Current log-likelihood: -10961597.94815
621. Current log-likelihood: -10961597.92849
622. Current log-likelihood: -10961597.90918
623. Current log-likelihood: -10961597.88963
624. Current log-likelihood: -10961597.87056
625. Current log-likelihood: -10961597.85166
626. Current log-likelihood: -10961597.83284
627. Current log-likelihood: -10961597.81403
628. Current log-likelihood: -10961597.79537
629. Current log-likelihood: -10961597.77689
630. Current log-likelihood: -10961597.75857
631. Current log-likelihood: -10961597.74042
632. Current log-likelihood: -10961597.72211
633. Current log-likelihood: -10961597.70428
634. Current log-likelihood: -10961597.68647
635. Current log-likelihood: -10961597.66874
636. Current log-likelihood: -10961597.65115
637. Current log-likelihood: -10961597.63352
638. Current log-likelihood: -10961597.61610
639. Current log-likelihood: -10961597.59889
640. Current log-likelihood: -10961597.58178
641. Current log-likelihood: -10961597.56484
642. Current log-likelihood: -10961597.54781
643. Current log-likelihood: -10961597.53117
644. Current log-likelihood: -10961597.51443
645. Current log-likelihood: -10961597.49793
646. Current log-likelihood: -10961597.48134
647. Current log-likelihood: -10961597.46513
648. Current log-likelihood: -10961597.44869
649. Current log-likelihood: -10961597.43260
650. Current log-likelihood: -10961597.41659
651. Current log-likelihood: -10961597.40083
652. Current log-likelihood: -10961597.38496
653. Current log-likelihood: -10961597.36914
654. Current log-likelihood: -10961597.35355
655. Current log-likelihood: -10961597.33804
656. Current log-likelihood: -10961597.32256
657. Current log-likelihood: -10961597.30737
658. Current log-likelihood: -10961597.29210
659. Current log-likelihood: -10961597.27693
660. Current log-likelihood: -10961597.26183
661. Current log-likelihood: -10961597.24705
662. Current log-likelihood: -10961597.23225
663. Current log-likelihood: -10961597.21755
664. Current log-likelihood: -10961597.20287
665. Current log-likelihood: -10961597.18818
666. Current log-likelihood: -10961597.17371
667. Current log-likelihood: -10961597.15949
668. Current log-likelihood: -10961597.14505
669. Current log-likelihood: -10961597.13100
670. Current log-likelihood: -10961597.11692
671. Current log-likelihood: -10961597.10291
672. Current log-likelihood: -10961597.08892
673. Current log-likelihood: -10961597.07515
674. Current log-likelihood: -10961597.06140
675. Current log-likelihood: -10961597.04772
676. Current log-likelihood: -10961597.03408
677. Current log-likelihood: -10961597.02004
678. Current log-likelihood: -10961597.00653
679. Current log-likelihood: -10961596.99333
680. Current log-likelihood: -10961596.98008
681. Current log-likelihood: -10961596.96698
682. Current log-likelihood: -10961596.95389
683. Current log-likelihood: -10961596.94094
684. Current log-likelihood: -10961596.92771
685. Current log-likelihood: -10961596.91484
686. Current log-likelihood: -10961596.90204
687. Current log-likelihood: -10961596.88947
688. Current log-likelihood: -10961596.87686
689. Current log-likelihood: -10961596.86422
690. Current log-likelihood: -10961596.85165
691. Current log-likelihood: -10961596.83937
692. Current log-likelihood: -10961596.82705
693. Current log-likelihood: -10961596.81480
694. Current log-likelihood: -10961596.80256
695. Current log-likelihood: -10961596.79049
696. Current log-likelihood: -10961596.77816
697. Current log-likelihood: -10961596.76630
698. Current log-likelihood: -10961596.75440
699. Current log-likelihood: -10961596.74262
700. Current log-likelihood: -10961596.73087
701. Current log-likelihood: -10961596.71920
702. Current log-likelihood: -10961596.70600
703. Current log-likelihood: -10961596.69300
704. Current log-likelihood: -10961596.67974
705. Current log-likelihood: -10961596.66691
706. Current log-likelihood: -10961596.65403
707. Current log-likelihood: -10961596.64128
708. Current log-likelihood: -10961596.62839
709. Current log-likelihood: -10961596.61580
710. Current log-likelihood: -10961596.60324
711. Current log-likelihood: -10961596.59075
712. Current log-likelihood: -10961596.57835
713. Current log-likelihood: -10961596.56599
714. Current log-likelihood: -10961596.55375
715. Current log-likelihood: -10961596.54171
716. Current log-likelihood: -10961596.52964
717. Current log-likelihood: -10961596.51769
718. Current log-likelihood: -10961596.50553
719. Current log-likelihood: -10961596.49379
720. Current log-likelihood: -10961596.48185
721. Current log-likelihood: -10961596.47025
722. Current log-likelihood: -10961596.45854
723. Current log-likelihood: -10961596.44709
724. Current log-likelihood: -10961596.43552
725. Current log-likelihood: -10961596.42407
726. Current log-likelihood: -10961596.41272
727. Current log-likelihood: -10961596.40141
728. Current log-likelihood: -10961596.39020
729. Current log-likelihood: -10961596.37916
730. Current log-likelihood: -10961596.36802
731. Current log-likelihood: -10961596.35712
732. Current log-likelihood: -10961596.34604
733. Current log-likelihood: -10961596.33503
734. Current log-likelihood: -10961596.32421
735. Current log-likelihood: -10961596.31356
736. Current log-likelihood: -10961596.30289
737. Current log-likelihood: -10961596.29227
738. Current log-likelihood: -10961596.28164
739. Current log-likelihood: -10961596.27123
740. Current log-likelihood: -10961596.26082
741. Current log-likelihood: -10961596.25039
742. Current log-likelihood: -10961596.24009
743. Current log-likelihood: -10961596.22986
744. Current log-likelihood: -10961596.21959
745. Current log-likelihood: -10961596.20954
746. Current log-likelihood: -10961596.19932
747. Current log-likelihood: -10961596.18938
748. Current log-likelihood: -10961596.17944
749. Current log-likelihood: -10961596.16954
750. Current log-likelihood: -10961596.15956
751. Current log-likelihood: -10961596.14976
752. Current log-likelihood: -10961596.14002
753. Current log-likelihood: -10961596.13041
754. Current log-likelihood: -10961596.12073
755. Current log-likelihood: -10961596.11122
756. Current log-likelihood: -10961596.10172
757. Current log-likelihood: -10961596.09233
758. Current log-likelihood: -10961596.08285
759. Current log-likelihood: -10961596.07341
760. Current log-likelihood: -10961596.06404
761. Current log-likelihood: -10961596.05469
762. Current log-likelihood: -10961596.04552
763. Current log-likelihood: -10961596.03636
764. Current log-likelihood: -10961596.02731
765. Current log-likelihood: -10961596.01830
766. Current log-likelihood: -10961596.00921
767. Current log-likelihood: -10961596.00022
768. Current log-likelihood: -10961595.99134
769. Current log-likelihood: -10961595.98233
770. Current log-likelihood: -10961595.97356
771. Current log-likelihood: -10961595.96482
772. Current log-likelihood: -10961595.95614
773. Current log-likelihood: -10961595.94733
774. Current log-likelihood: -10961595.93864
775. Current log-likelihood: -10961595.93009
776. Current log-likelihood: -10961595.92143
777. Current log-likelihood: -10961595.91277
778. Current log-likelihood: -10961595.90434
779. Current log-likelihood: -10961595.89588
780. Current log-likelihood: -10961595.88752
781. Current log-likelihood: -10961595.87921
782. Current log-likelihood: -10961595.87086
783. Current log-likelihood: -10961595.86262
784. Current log-likelihood: -10961595.85445
785. Current log-likelihood: -10961595.84631
786. Current log-likelihood: -10961595.83813
787. Current log-likelihood: -10961595.82991
788. Current log-likelihood: -10961595.82188
789. Current log-likelihood: -10961595.81389
790. Current log-likelihood: -10961595.80594
791. Current log-likelihood: -10961595.79793
792. Current log-likelihood: -10961595.79006
793. Current log-likelihood: -10961595.78215
794. Current log-likelihood: -10961595.77434
795. Current log-likelihood: -10961595.76642
796. Current log-likelihood: -10961595.75869
797. Current log-likelihood: -10961595.75099
798. Current log-likelihood: -10961595.74318
799. Current log-likelihood: -10961595.73554
800. Current log-likelihood: -10961595.72786
801. Current log-likelihood: -10961595.72021
802. Current log-likelihood: -10961595.71181
803. Current log-likelihood: -10961595.70344
804. Current log-likelihood: -10961595.69510
805. Current log-likelihood: -10961595.68680
806. Current log-likelihood: -10961595.67855
807. Current log-likelihood: -10961595.67026
808. Current log-likelihood: -10961595.66200
809. Current log-likelihood: -10961595.65370
810. Current log-likelihood: -10961595.64559
811. Current log-likelihood: -10961595.63752
812. Current log-likelihood: -10961595.62950
813. Current log-likelihood: -10961595.62136
814. Current log-likelihood: -10961595.61333
815. Current log-likelihood: -10961595.60540
816. Current log-likelihood: -10961595.59751
817. Current log-likelihood: -10961595.58957
818. Current log-likelihood: -10961595.58176
819. Current log-likelihood: -10961595.57397
820. Current log-likelihood: -10961595.56622
821. Current log-likelihood: -10961595.55828
822. Current log-likelihood: -10961595.55053
823. Current log-likelihood: -10961595.54287
824. Current log-likelihood: -10961595.53525
825. Current log-likelihood: -10961595.52767
826. Current log-likelihood: -10961595.52003
827. Current log-likelihood: -10961595.51249
828. Current log-likelihood: -10961595.50492
829. Current log-likelihood: -10961595.49746
830. Current log-likelihood: -10961595.49001
831. Current log-likelihood: -10961595.48260
832. Current log-likelihood: -10961595.47521
833. Current log-likelihood: -10961595.46756
834. Current log-likelihood: -10961595.46022
835. Current log-likelihood: -10961595.45292
836. Current log-likelihood: -10961595.44556
837. Current log-likelihood: -10961595.43822
838. Current log-likelihood: -10961595.43098
839. Current log-likelihood: -10961595.42376
840. Current log-likelihood: -10961595.41659
841. Current log-likelihood: -10961595.40944
842. Current log-likelihood: -10961595.40227
843. Current log-likelihood: -10961595.39518
844. Current log-likelihood: -10961595.38804
845. Current log-likelihood: -10961595.38094
846. Current log-likelihood: -10961595.37366
847. Current log-likelihood: -10961595.36665
848. Current log-likelihood: -10961595.35960
849. Current log-likelihood: -10961595.35262
850. Current log-likelihood: -10961595.34567
851. Current log-likelihood: -10961595.33869
852. Current log-likelihood: -10961595.33179
853. Current log-likelihood: -10961595.32483
854. Current log-likelihood: -10961595.31791
855. Current log-likelihood: -10961595.31088
856. Current log-likelihood: -10961595.30396
857. Current log-likelihood: -10961595.29711
858. Current log-likelihood: -10961595.29028
859. Current log-likelihood: -10961595.28348
860. Current log-likelihood: -10961595.27656
861. Current log-likelihood: -10961595.26973
862. Current log-likelihood: -10961595.26291
863. Current log-likelihood: -10961595.25616
864. Current log-likelihood: -10961595.24939
865. Current log-likelihood: -10961595.24266
866. Current log-likelihood: -10961595.23597
867. Current log-likelihood: -10961595.22918
868. Current log-likelihood: -10961595.22250
869. Current log-likelihood: -10961595.21583
870. Current log-likelihood: -10961595.20912
871. Current log-likelihood: -10961595.20241
872. Current log-likelihood: -10961595.19572
873. Current log-likelihood: -10961595.18907
874. Current log-likelihood: -10961595.18244
875. Current log-likelihood: -10961595.17569
876. Current log-likelihood: -10961595.16903
877. Current log-likelihood: -10961595.16243
878. Current log-likelihood: -10961595.15575
879. Current log-likelihood: -10961595.14899
880. Current log-likelihood: -10961595.14239
881. Current log-likelihood: -10961595.13573
882. Current log-likelihood: -10961595.12909
883. Current log-likelihood: -10961595.12251
884. Current log-likelihood: -10961595.11592
885. Current log-likelihood: -10961595.10933
886. Current log-likelihood: -10961595.10276
887. Current log-likelihood: -10961595.09618
888. Current log-likelihood: -10961595.08958
889. Current log-likelihood: -10961595.08299
890. Current log-likelihood: -10961595.07633
891. Current log-likelihood: -10961595.06952
892. Current log-likelihood: -10961595.06291
893. Current log-likelihood: -10961595.05632
894. Current log-likelihood: -10961595.04969
895. Current log-likelihood: -10961595.04307
896. Current log-likelihood: -10961595.03647
897. Current log-likelihood: -10961595.02985
898. Current log-likelihood: -10961595.02323
899. Current log-likelihood: -10961595.01657
900. Current log-likelihood: -10961595.00986
901. Current log-likelihood: -10961595.00312
902. Current log-likelihood: -10961594.99580
903. Current log-likelihood: -10961594.98847
904. Current log-likelihood: -10961594.98108
905. Current log-likelihood: -10961594.97369
906. Current log-likelihood: -10961594.96614
907. Current log-likelihood: -10961594.95857
908. Current log-likelihood: -10961594.95111
909. Current log-likelihood: -10961594.94365
910. Current log-likelihood: -10961594.93606
911. Current log-likelihood: -10961594.92853
912. Current log-likelihood: -10961594.92090
913. Current log-likelihood: -10961594.91331
914. Current log-likelihood: -10961594.90571
915. Current log-likelihood: -10961594.89802
916. Current log-likelihood: -10961594.89036
917. Current log-likelihood: -10961594.88265
918. Current log-likelihood: -10961594.87491
919. Current log-likelihood: -10961594.86707
920. Current log-likelihood: -10961594.85920
921. Current log-likelihood: -10961594.85134
922. Current log-likelihood: -10961594.84173
923. Current log-likelihood: -10961594.83384
924. Current log-likelihood: -10961594.82589
925. Current log-likelihood: -10961594.81786
926. Current log-likelihood: -10961594.80972
927. Current log-likelihood: -10961594.80155
928. Current log-likelihood: -10961594.79173
929. Current log-likelihood: -10961594.78348
930. Current log-likelihood: -10961594.77517
931. Current log-likelihood: -10961594.76676
932. Current log-likelihood: -10961594.75643
933. Current log-likelihood: -10961594.74787
934. Current log-likelihood: -10961594.73923
935. Current log-likelihood: -10961594.72875
936. Current log-likelihood: -10961594.71993
937. Current log-likelihood: -10961594.71101
938. Current log-likelihood: -10961594.70017
939. Current log-likelihood: -10961594.69102
940. Current log-likelihood: -10961594.68177
941. Current log-likelihood: -10961594.67047
942. Current log-likelihood: -10961594.66095
943. Current log-likelihood: -10961594.64958
944. Current log-likelihood: -10961594.63977
945. Current log-likelihood: -10961594.62805
946. Current log-likelihood: -10961594.61785
947. Current log-likelihood: -10961594.60565
948. Current log-likelihood: -10961594.59517
949. Current log-likelihood: -10961594.58237
950. Current log-likelihood: -10961594.57131
951. Current log-likelihood: -10961594.55802
952. Current log-likelihood: -10961594.54668
953. Current log-likelihood: -10961594.53271
954. Current log-likelihood: -10961594.52077
955. Current log-likelihood: -10961594.50606
956. Current log-likelihood: -10961594.49360
957. Current log-likelihood: -10961594.47779
958. Current log-likelihood: -10961594.46234
959. Current log-likelihood: -10961594.44876
960. Current log-likelihood: -10961594.43165
961. Current log-likelihood: -10961594.41461
962. Current log-likelihood: -10961594.39696
963. Current log-likelihood: -10961594.37848
964. Current log-likelihood: -10961594.35937
965. Current log-likelihood: -10961594.33943
966. Current log-likelihood: -10961594.31855
967. Current log-likelihood: -10961594.29655
968. Current log-likelihood: -10961594.27325
969. Current log-likelihood: -10961594.24872
970. Current log-likelihood: -10961594.22264
971. Current log-likelihood: -10961594.19486
972. Current log-likelihood: -10961594.16366
973. Current log-likelihood: -10961594.13028
974. Current log-likelihood: -10961594.09426
975. Current log-likelihood: -10961594.05474
976. Current log-likelihood: -10961594.01089
977. Current log-likelihood: -10961593.96200
978. Current log-likelihood: -10961593.90665
979. Current log-likelihood: -10961593.83950
980. Current log-likelihood: -10961544.23642
981. Current log-likelihood: -10961532.17767
982. Current log-likelihood: -10961524.56104
983. Current log-likelihood: -10961521.30641
984. Current log-likelihood: -10961520.79509
985. Current log-likelihood: -10961520.71507
986. Current log-likelihood: -10961520.69452
987. Current log-likelihood: -10961520.69219
988. Current log-likelihood: -10961520.69202
Final estimation on weights:
0.95032,0.00043,0.04925
Wrote distance file to... 
BEST SCORE FOUND : -10961520.69202
Total tree lengths: 0.26865 6.81073 0.01240

Total number of iterations: 986
CPU time used for tree search: 0.00003 sec (0h:0m:0s)
Wall-clock time used for tree search: 0.00003 sec (0h:0m:0s)
Total CPU time used: 26668.00979 sec (7h:24m:28s)
Total wall-clock time used: 1067.22523 sec (0h:17m:47s)

Analysis results written to: 
  IQ-TREE report:                mast_all_occ80_JU3237_quartet_09.submodel1.iqtree
  Maximum-likelihood tree:       mast_all_occ80_JU3237_quartet_09.submodel1.treefile
  Screen log file:               mast_all_occ80_JU3237_quartet_09.submodel1.log

Date and Time: Wed Jul  8 23:38:44 2026
