IQ-TREE version 3.0.1 for Linux x86 64-bit built Jul  9 2025
Developed by Bui Quang Minh, Thomas Wong, Nhan Ly-Trong, Huaiyan Ren
Contributed by Lam-Tung Nguyen, Dominik Schrempf, Chris Bielow,
Olga Chernomor, Michael Woodhams, Diep Thi Hoang, Heiko Schmidt

Host:    c363 (AVX512, FMA3, 188 GB RAM)
Command: iqtree3 -s /vast/eande106/projects/Nicolas/github/CB_PopGen_HDR_MS/processed_data/tree_topology/mast/mast_all/occ80_JU3237_quartet_14_supermatrix.clean.fas -m TMIX{LG+FO+G,LG+FO+G,LG+FO+G}+T -te /vast/eande106/projects/Nicolas/github/CB_PopGen_HDR_MS/processed_data/tree_topology/mast/quartet_topologies/quartet_14_VX153_JU3237_topologies.tre --prefix mast_all_occ80_JU3237_quartet_14.submodel1 -T 48
Seed:    963766 (Using SPRNG - Scalable Parallel Random Number Generator)
Time:    Wed Jul  8 23:20:52 2026
Kernel:  AVX+FMA - 48 threads (48 CPU cores detected)

Reading alignment file /vast/eande106/projects/Nicolas/github/CB_PopGen_HDR_MS/processed_data/tree_topology/mast/mast_all/occ80_JU3237_quartet_14_supermatrix.clean.fas ... Fasta format detected
Reading fasta file: done in 0.212116 secs using 48.61% CPU
Alignment most likely contains protein sequences
Constructing alignment: done in 3.03792 secs using 10.37% CPU
WARNING: 1 sites contain only gaps or ambiguous characters.
Alignment has 4 sequences with 2754762 columns, 12686 distinct patterns
21498 parsimony-informative, 426965 singleton sites, 2306299 constant sites
        Gap/Ambiguity  Composition  p-value
Analyzing sequences: done in 0.00019801 secs using 27.78% CPU
   1  PX506     4.96%    failed      0.00%
   2  VX153     3.05%    failed      4.78%
   3  JU3237    2.14%    passed     83.40%
   4  QX1410    2.08%    passed     97.56%
****  TOTAL     3.06%  2 sequences failed composition chi2 test (p-value<5%; df=19)
Number of input trees: 3
Minimum branch length is set to 0.0000010
Checking for duplicate sequences: done in 0.00034009 secs using 98.8% CPU

NOTE: 94 MB RAM (0 GB) is required!
According to the parsimony scores along the sites, the tree weights are initialized to:
0.9651130,0.0107452,0.0241418
Estimate model parameters (epsilon = 0.00100)
1. Initial log-likelihood: -10655055.78997
2. Current log-likelihood: -10653555.41415
3. Current log-likelihood: -10649711.67583
4. Current log-likelihood: -10649240.05011
5. Current log-likelihood: -10649143.11900
6. Current log-likelihood: -10649097.22710
7. Current log-likelihood: -10649056.63902
8. Current log-likelihood: -10649020.49086
9. Current log-likelihood: -10648989.29607
10. Current log-likelihood: -10648962.23235
11. Current log-likelihood: -10648938.87409
12. Current log-likelihood: -10648918.76963
13. Current log-likelihood: -10648899.62887
14. Current log-likelihood: -10648884.49415
15. Current log-likelihood: -10648871.57113
16. Current log-likelihood: -10648860.57112
17. Current log-likelihood: -10648851.18962
18. Current log-likelihood: -10648843.25909
19. Current log-likelihood: -10648836.55196
20. Current log-likelihood: -10648830.87964
21. Current log-likelihood: -10648826.08602
22. Current log-likelihood: -10648822.02729
23. Current log-likelihood: -10648818.59386
24. Current log-likelihood: -10648815.70372
25. Current log-likelihood: -10648813.21452
26. Current log-likelihood: -10648811.10958
27. Current log-likelihood: -10648809.30048
28. Current log-likelihood: -10648807.74118
29. Current log-likelihood: -10648806.39974
30. Current log-likelihood: -10648805.21843
31. Current log-likelihood: -10648804.17106
32. Current log-likelihood: -10648803.25673
33. Current log-likelihood: -10648802.43483
34. Current log-likelihood: -10648801.69465
35. Current log-likelihood: -10648801.01748
36. Current log-likelihood: -10648800.39505
37. Current log-likelihood: -10648799.81686
38. Current log-likelihood: -10648799.27680
39. Current log-likelihood: -10648798.76666
40. Current log-likelihood: -10648798.28209
41. Current log-likelihood: -10648797.81849
42. Current log-likelihood: -10648797.37592
43. Current log-likelihood: -10648796.98125
44. Current log-likelihood: -10648796.53998
45. Current log-likelihood: -10648796.15628
46. Current log-likelihood: -10648795.73836
47. Current log-likelihood: -10648795.36376
48. Current log-likelihood: -10648794.96120
49. Current log-likelihood: -10648794.59256
50. Current log-likelihood: -10648794.20288
51. Current log-likelihood: -10648793.83922
52. Current log-likelihood: -10648793.45918
53. Current log-likelihood: -10648793.09958
54. Current log-likelihood: -10648792.72719
55. Current log-likelihood: -10648792.37124
56. Current log-likelihood: -10648792.00499
57. Current log-likelihood: -10648791.65218
58. Current log-likelihood: -10648791.29127
59. Current log-likelihood: -10648790.94146
60. Current log-likelihood: -10648790.58505
61. Current log-likelihood: -10648790.23778
62. Current log-likelihood: -10648789.88731
63. Current log-likelihood: -10648789.54456
64. Current log-likelihood: -10648789.19228
65. Current log-likelihood: -10648788.84969
66. Current log-likelihood: -10648788.51056
67. Current log-likelihood: -10648788.16302
68. Current log-likelihood: -10648787.82387
69. Current log-likelihood: -10648787.48837
70. Current log-likelihood: -10648787.14524
71. Current log-likelihood: -10648786.81002
72. Current log-likelihood: -10648786.47802
73. Current log-likelihood: -10648786.13900
74. Current log-likelihood: -10648785.80742
75. Current log-likelihood: -10648785.47859
76. Current log-likelihood: -10648785.14486
77. Current log-likelihood: -10648784.81805
78. Current log-likelihood: -10648784.48749
79. Current log-likelihood: -10648784.16264
80. Current log-likelihood: -10648783.83462
81. Current log-likelihood: -10648783.51195
82. Current log-likelihood: -10648783.18632
83. Current log-likelihood: -10648782.86605
84. Current log-likelihood: -10648782.54204
85. Current log-likelihood: -10648782.22378
86. Current log-likelihood: -10648781.90277
87. Current log-likelihood: -10648781.58687
88. Current log-likelihood: -10648781.26789
89. Current log-likelihood: -10648780.95380
90. Current log-likelihood: -10648780.63744
91. Current log-likelihood: -10648780.32554
92. Current log-likelihood: -10648780.01114
93. Current log-likelihood: -10648779.70156
94. Current log-likelihood: -10648779.38935
95. Current log-likelihood: -10648779.08169
96. Current log-likelihood: -10648778.77555
97. Current log-likelihood: -10648778.46554
98. Current log-likelihood: -10648778.16121
99. Current log-likelihood: -10648777.85384
100. Current log-likelihood: -10648777.55119
101. Current log-likelihood: -10648777.25040
102. Current log-likelihood: -10648776.64775
103. Current log-likelihood: -10648776.05848
104. Current log-likelihood: -10648775.45919
105. Current log-likelihood: -10648774.87850
106. Current log-likelihood: -10648774.28680
107. Current log-likelihood: -10648773.71427
108. Current log-likelihood: -10648773.13091
109. Current log-likelihood: -10648772.56631
110. Current log-likelihood: -10648771.99105
111. Current log-likelihood: -10648771.43425
112. Current log-likelihood: -10648770.86684
113. Current log-likelihood: -10648770.31774
114. Current log-likelihood: -10648769.75814
115. Current log-likelihood: -10648769.21661
116. Current log-likelihood: -10648768.66502
117. Current log-likelihood: -10648768.13091
118. Current log-likelihood: -10648767.58677
119. Current log-likelihood: -10648767.06009
120. Current log-likelihood: -10648766.52363
121. Current log-likelihood: -10648766.00421
122. Current log-likelihood: -10648765.47513
123. Current log-likelihood: -10648764.96287
124. Current log-likelihood: -10648764.44127
125. Current log-likelihood: -10648763.93607
126. Current log-likelihood: -10648763.42138
127. Current log-likelihood: -10648762.92329
128. Current log-likelihood: -10648762.41620
129. Current log-likelihood: -10648761.92484
130. Current log-likelihood: -10648761.42401
131. Current log-likelihood: -10648760.93935
132. Current log-likelihood: -10648760.44611
133. Current log-likelihood: -10648759.96834
134. Current log-likelihood: -10648759.48189
135. Current log-likelihood: -10648759.01050
136. Current log-likelihood: -10648758.53081
137. Current log-likelihood: -10648758.06607
138. Current log-likelihood: -10648757.59314
139. Current log-likelihood: -10648757.13464
140. Current log-likelihood: -10648756.66839
141. Current log-likelihood: -10648756.21618
142. Current log-likelihood: -10648755.75633
143. Current log-likelihood: -10648755.31053
144. Current log-likelihood: -10648754.85628
145. Current log-likelihood: -10648754.41641
146. Current log-likelihood: -10648753.96926
147. Current log-likelihood: -10648753.53540
148. Current log-likelihood: -10648753.09457
149. Current log-likelihood: -10648752.66689
150. Current log-likelihood: -10648752.23189
151. Current log-likelihood: -10648751.81001
152. Current log-likelihood: -10648751.38114
153. Current log-likelihood: -10648750.96508
154. Current log-likelihood: -10648750.54210
155. Current log-likelihood: -10648750.13174
156. Current log-likelihood: -10648749.71480
157. Current log-likelihood: -10648749.30977
158. Current log-likelihood: -10648748.89864
159. Current log-likelihood: -10648748.49942
160. Current log-likelihood: -10648748.09394
161. Current log-likelihood: -10648747.69997
162. Current log-likelihood: -10648747.29988
163. Current log-likelihood: -10648746.91166
164. Current log-likelihood: -10648746.51711
165. Current log-likelihood: -10648746.13399
166. Current log-likelihood: -10648745.74512
167. Current log-likelihood: -10648745.36754
168. Current log-likelihood: -10648744.98371
169. Current log-likelihood: -10648744.61102
170. Current log-likelihood: -10648744.23270
171. Current log-likelihood: -10648743.86510
172. Current log-likelihood: -10648743.49191
173. Current log-likelihood: -10648743.12956
174. Current log-likelihood: -10648742.76128
175. Current log-likelihood: -10648742.40368
176. Current log-likelihood: -10648742.04083
177. Current log-likelihood: -10648741.68805
178. Current log-likelihood: -10648741.32971
179. Current log-likelihood: -10648740.98193
180. Current log-likelihood: -10648740.62871
181. Current log-likelihood: -10648740.28548
182. Current log-likelihood: -10648739.93643
183. Current log-likelihood: -10648739.59798
184. Current log-likelihood: -10648739.25406
185. Current log-likelihood: -10648738.92001
186. Current log-likelihood: -10648738.58115
187. Current log-likelihood: -10648738.25155
188. Current log-likelihood: -10648737.91709
189. Current log-likelihood: -10648737.59188
190. Current log-likelihood: -10648737.26197
191. Current log-likelihood: -10648736.94128
192. Current log-likelihood: -10648736.61576
193. Current log-likelihood: -10648736.29943
194. Current log-likelihood: -10648735.97831
195. Current log-likelihood: -10648735.66615
196. Current log-likelihood: -10648735.34965
197. Current log-likelihood: -10648735.04131
198. Current log-likelihood: -10648734.72917
199. Current log-likelihood: -10648734.42492
200. Current log-likelihood: -10648734.11699
201. Current log-likelihood: -10648733.81697
202. Current log-likelihood: -10648733.36483
203. Current log-likelihood: -10648732.92634
204. Current log-likelihood: -10648732.47932
205. Current log-likelihood: -10648732.04063
206. Current log-likelihood: -10648731.61425
207. Current log-likelihood: -10648731.17938
208. Current log-likelihood: -10648730.76033
209. Current log-likelihood: -10648730.33507
210. Current log-likelihood: -10648729.92383
211. Current log-likelihood: -10648729.50738
212. Current log-likelihood: -10648729.10452
213. Current log-likelihood: -10648728.69781
214. Current log-likelihood: -10648728.30453
215. Current log-likelihood: -10648727.90435
216. Current log-likelihood: -10648727.51904
217. Current log-likelihood: -10648727.12643
218. Current log-likelihood: -10648726.74842
219. Current log-likelihood: -10648726.36378
220. Current log-likelihood: -10648725.99308
221. Current log-likelihood: -10648725.61575
222. Current log-likelihood: -10648725.25245
223. Current log-likelihood: -10648724.88232
224. Current log-likelihood: -10648724.52581
225. Current log-likelihood: -10648724.16241
226. Current log-likelihood: -10648723.80583
227. Current log-likelihood: -10648723.45877
228. Current log-likelihood: -10648723.10567
229. Current log-likelihood: -10648722.76424
230. Current log-likelihood: -10648722.42034
231. Current log-likelihood: -10648722.08692
232. Current log-likelihood: -10648721.74854
233. Current log-likelihood: -10648721.42158
234. Current log-likelihood: -10648721.08946
235. Current log-likelihood: -10648720.76864
236. Current log-likelihood: -10648720.44301
237. Current log-likelihood: -10648720.12829
238. Current log-likelihood: -10648719.80880
239. Current log-likelihood: -10648719.49452
240. Current log-likelihood: -10648719.18852
241. Current log-likelihood: -10648718.87602
242. Current log-likelihood: -10648718.57452
243. Current log-likelihood: -10648718.27135
244. Current log-likelihood: -10648717.97166
245. Current log-likelihood: -10648717.67950
246. Current log-likelihood: -10648717.38365
247. Current log-likelihood: -10648717.09742
248. Current log-likelihood: -10648716.80701
249. Current log-likelihood: -10648716.52597
250. Current log-likelihood: -10648716.24077
251. Current log-likelihood: -10648715.96507
252. Current log-likelihood: -10648715.68506
253. Current log-likelihood: -10648715.41428
254. Current log-likelihood: -10648715.13960
255. Current log-likelihood: -10648714.87421
256. Current log-likelihood: -10648714.60426
257. Current log-likelihood: -10648714.34361
258. Current log-likelihood: -10648714.07884
259. Current log-likelihood: -10648713.82291
260. Current log-likelihood: -10648713.56306
261. Current log-likelihood: -10648713.31176
262. Current log-likelihood: -10648713.05655
263. Current log-likelihood: -10648712.80987
264. Current log-likelihood: -10648712.55931
265. Current log-likelihood: -10648712.31703
266. Current log-likelihood: -10648712.07077
267. Current log-likelihood: -10648711.83296
268. Current log-likelihood: -10648711.59136
269. Current log-likelihood: -10648711.35746
270. Current log-likelihood: -10648711.12026
271. Current log-likelihood: -10648710.89068
272. Current log-likelihood: -10648710.65748
273. Current log-likelihood: -10648710.43177
274. Current log-likelihood: -10648710.20270
275. Current log-likelihood: -10648709.97688
276. Current log-likelihood: -10648709.75690
277. Current log-likelihood: -10648709.53354
278. Current log-likelihood: -10648709.31548
279. Current log-likelihood: -10648709.09538
280. Current log-likelihood: -10648708.87195
281. Current log-likelihood: -10648708.66124
282. Current log-likelihood: -10648708.44641
283. Current log-likelihood: -10648708.23915
284. Current log-likelihood: -10648708.02855
285. Current log-likelihood: -10648707.82186
286. Current log-likelihood: -10648707.62017
287. Current log-likelihood: -10648707.41482
288. Current log-likelihood: -10648707.21648
289. Current log-likelihood: -10648707.01488
290. Current log-likelihood: -10648706.81988
291. Current log-likelihood: -10648706.62196
292. Current log-likelihood: -10648706.43042
293. Current log-likelihood: -10648706.23542
294. Current log-likelihood: -10648706.04713
295. Current log-likelihood: -10648705.85593
296. Current log-likelihood: -10648705.66801
297. Current log-likelihood: -10648705.48487
298. Current log-likelihood: -10648705.29800
299. Current log-likelihood: -10648705.11769
300. Current log-likelihood: -10648704.93443
301. Current log-likelihood: -10648704.75707
302. Current log-likelihood: -10648704.51892
303. Current log-likelihood: -10648704.28455
304. Current log-likelihood: -10648704.05337
305. Current log-likelihood: -10648703.82400
306. Current log-likelihood: -10648703.59789
307. Current log-likelihood: -10648703.37367
308. Current log-likelihood: -10648703.15619
309. Current log-likelihood: -10648702.93481
310. Current log-likelihood: -10648702.72235
311. Current log-likelihood: -10648702.50586
312. Current log-likelihood: -10648702.29398
313. Current log-likelihood: -10648702.08496
314. Current log-likelihood: -10648701.87758
315. Current log-likelihood: -10648701.67650
316. Current log-likelihood: -10648701.47148
317. Current log-likelihood: -10648701.27503
318. Current log-likelihood: -10648701.07410
319. Current log-likelihood: -10648700.87793
320. Current log-likelihood: -10648700.68448
321. Current log-likelihood: -10648700.49681
322. Current log-likelihood: -10648700.30482
323. Current log-likelihood: -10648700.11684
324. Current log-likelihood: -10648699.93173
325. Current log-likelihood: -10648699.75196
326. Current log-likelihood: -10648699.56781
327. Current log-likelihood: -10648699.39162
328. Current log-likelihood: -10648699.21201
329. Current log-likelihood: -10648699.03953
330. Current log-likelihood: -10648698.86348
331. Current log-likelihood: -10648698.69476
332. Current log-likelihood: -10648698.52252
333. Current log-likelihood: -10648698.35428
334. Current log-likelihood: -10648698.18738
335. Current log-likelihood: -10648698.02537
336. Current log-likelihood: -10648697.86121
337. Current log-likelihood: -10648697.70038
338. Current log-likelihood: -10648697.54014
339. Current log-likelihood: -10648697.38256
340. Current log-likelihood: -10648697.22953
341. Current log-likelihood: -10648697.07255
342. Current log-likelihood: -10648696.91948
343. Current log-likelihood: -10648696.77102
344. Current log-likelihood: -10648696.61907
345. Current log-likelihood: -10648696.47348
346. Current log-likelihood: -10648696.32501
347. Current log-likelihood: -10648696.17972
348. Current log-likelihood: -10648696.03585
349. Current log-likelihood: -10648695.89632
350. Current log-likelihood: -10648695.75368
351. Current log-likelihood: -10648695.61406
352. Current log-likelihood: -10648695.47875
353. Current log-likelihood: -10648695.34042
354. Current log-likelihood: -10648695.20771
355. Current log-likelihood: -10648695.07287
356. Current log-likelihood: -10648694.94005
357. Current log-likelihood: -10648694.81157
358. Current log-likelihood: -10648694.68006
359. Current log-likelihood: -10648694.55149
360. Current log-likelihood: -10648694.42412
361. Current log-likelihood: -10648694.30075
362. Current log-likelihood: -10648694.17482
363. Current log-likelihood: -10648694.05145
364. Current log-likelihood: -10648693.93162
365. Current log-likelihood: -10648693.80857
366. Current log-likelihood: -10648693.69096
367. Current log-likelihood: -10648693.57136
368. Current log-likelihood: -10648693.45385
369. Current log-likelihood: -10648693.33998
370. Current log-likelihood: -10648693.22289
371. Current log-likelihood: -10648693.11091
372. Current log-likelihood: -10648692.99615
373. Current log-likelihood: -10648692.88644
374. Current log-likelihood: -10648692.77479
375. Current log-likelihood: -10648692.66712
376. Current log-likelihood: -10648692.55717
377. Current log-likelihood: -10648692.45158
378. Current log-likelihood: -10648692.34399
379. Current log-likelihood: -10648692.24049
380. Current log-likelihood: -10648692.13507
381. Current log-likelihood: -10648692.03336
382. Current log-likelihood: -10648691.92955
383. Current log-likelihood: -10648691.82991
384. Current log-likelihood: -10648691.72843
385. Current log-likelihood: -10648691.63058
386. Current log-likelihood: -10648691.53088
387. Current log-likelihood: -10648691.43285
388. Current log-likelihood: -10648691.33809
389. Current log-likelihood: -10648691.24076
390. Current log-likelihood: -10648691.14753
391. Current log-likelihood: -10648691.05240
392. Current log-likelihood: -10648690.96081
393. Current log-likelihood: -10648690.86732
394. Current log-likelihood: -10648690.77755
395. Current log-likelihood: -10648690.68583
396. Current log-likelihood: -10648690.59757
397. Current log-likelihood: -10648690.50749
398. Current log-likelihood: -10648690.42103
399. Current log-likelihood: -10648690.33254
400. Current log-likelihood: -10648690.24540
401. Current log-likelihood: -10648690.16132
402. Current log-likelihood: -10648690.05462
403. Current log-likelihood: -10648689.94979
404. Current log-likelihood: -10648689.84569
405. Current log-likelihood: -10648689.74561
406. Current log-likelihood: -10648689.64289
407. Current log-likelihood: -10648689.54257
408. Current log-likelihood: -10648689.44306
409. Current log-likelihood: -10648689.34748
410. Current log-likelihood: -10648689.24930
411. Current log-likelihood: -10648689.15314
412. Current log-likelihood: -10648689.05791
413. Current log-likelihood: -10648688.96373
414. Current log-likelihood: -10648688.87324
415. Current log-likelihood: -10648688.78005
416. Current log-likelihood: -10648688.68899
417. Current log-likelihood: -10648688.60152
418. Current log-likelihood: -10648688.51007
419. Current log-likelihood: -10648688.42200
420. Current log-likelihood: -10648688.33728
421. Current log-likelihood: -10648688.24952
422. Current log-likelihood: -10648688.16405
423. Current log-likelihood: -10648688.07929
424. Current log-likelihood: -10648687.99796
425. Current log-likelihood: -10648687.91352
426. Current log-likelihood: -10648687.83128
427. Current log-likelihood: -10648687.75244
428. Current log-likelihood: -10648687.67077
429. Current log-likelihood: -10648687.59107
430. Current log-likelihood: -10648687.51464
431. Current log-likelihood: -10648687.43414
432. Current log-likelihood: -10648687.35885
433. Current log-likelihood: -10648687.28148
434. Current log-likelihood: -10648687.20546
435. Current log-likelihood: -10648687.13011
436. Current log-likelihood: -10648687.05793
437. Current log-likelihood: -10648686.98316
438. Current log-likelihood: -10648686.90982
439. Current log-likelihood: -10648686.83695
440. Current log-likelihood: -10648686.76745
441. Current log-likelihood: -10648686.69520
442. Current log-likelihood: -10648686.62470
443. Current log-likelihood: -10648686.55719
444. Current log-likelihood: -10648686.48653
445. Current log-likelihood: -10648686.41765
446. Current log-likelihood: -10648686.35190
447. Current log-likelihood: -10648686.28322
448. Current log-likelihood: -10648686.21601
449. Current log-likelihood: -10648686.14951
450. Current log-likelihood: -10648686.08601
451. Current log-likelihood: -10648686.01955
452. Current log-likelihood: -10648685.95474
453. Current log-likelihood: -10648685.89034
454. Current log-likelihood: -10648685.82639
455. Current log-likelihood: -10648685.76545
456. Current log-likelihood: -10648685.70161
457. Current log-likelihood: -10648685.63903
458. Current log-likelihood: -10648685.57713
459. Current log-likelihood: -10648685.51560
460. Current log-likelihood: -10648685.45701
461. Current log-likelihood: -10648685.39527
462. Current log-likelihood: -10648685.33498
463. Current log-likelihood: -10648685.27532
464. Current log-likelihood: -10648685.21844
465. Current log-likelihood: -10648685.15820
466. Current log-likelihood: -10648685.09953
467. Current log-likelihood: -10648685.04114
468. Current log-likelihood: -10648684.98326
469. Current log-likelihood: -10648684.92570
470. Current log-likelihood: -10648684.86848
471. Current log-likelihood: -10648684.81156
472. Current log-likelihood: -10648684.75504
473. Current log-likelihood: -10648684.69877
474. Current log-likelihood: -10648684.63946
475. Current log-likelihood: -10648684.58616
476. Current log-likelihood: -10648684.53006
477. Current log-likelihood: -10648684.47472
478. Current log-likelihood: -10648684.41981
479. Current log-likelihood: -10648684.36498
480. Current log-likelihood: -10648684.31037
481. Current log-likelihood: -10648684.25612
482. Current log-likelihood: -10648684.20206
483. Current log-likelihood: -10648684.14785
484. Current log-likelihood: -10648684.09399
485. Current log-likelihood: -10648684.04039
486. Current log-likelihood: -10648683.98694
487. Current log-likelihood: -10648683.93362
488. Current log-likelihood: -10648683.88020
489. Current log-likelihood: -10648683.82703
490. Current log-likelihood: -10648683.77376
491. Current log-likelihood: -10648683.72072
492. Current log-likelihood: -10648683.66764
493. Current log-likelihood: -10648683.61465
494. Current log-likelihood: -10648683.56156
495. Current log-likelihood: -10648683.50828
496. Current log-likelihood: -10648683.45514
497. Current log-likelihood: -10648683.40200
498. Current log-likelihood: -10648683.34878
499. Current log-likelihood: -10648683.29538
500. Current log-likelihood: -10648683.24191
501. Current log-likelihood: -10648683.18807
502. Current log-likelihood: -10648683.12465
503. Current log-likelihood: -10648683.06049
504. Current log-likelihood: -10648682.99580
505. Current log-likelihood: -10648682.93062
506. Current log-likelihood: -10648682.86508
507. Current log-likelihood: -10648682.79879
508. Current log-likelihood: -10648682.72997
509. Current log-likelihood: -10648682.65994
510. Current log-likelihood: -10648567.28383
511. Current log-likelihood: -10648564.21690
512. Current log-likelihood: -10648563.15228
513. Current log-likelihood: -10648562.77742
514. Current log-likelihood: -10648562.65642
515. Current log-likelihood: -10648562.61531
516. Current log-likelihood: -10648562.60173
517. Current log-likelihood: -10648562.59583
518. Current log-likelihood: -10648562.59444
519. Current log-likelihood: -10648562.59388
Final estimation on weights:
0.94846,0.00062,0.05093
Wrote distance file to... 
BEST SCORE FOUND : -10648562.59388
Total tree lengths: 0.27137 6.63531 0.01093

Total number of iterations: 517
CPU time used for tree search: 0.00003 sec (0h:0m:0s)
Wall-clock time used for tree search: 0.00003 sec (0h:0m:0s)
Total CPU time used: 22443.35121 sec (6h:14m:3s)
Total wall-clock time used: 1027.05673 sec (0h:17m:7s)

Analysis results written to: 
  IQ-TREE report:                mast_all_occ80_JU3237_quartet_14.submodel1.iqtree
  Maximum-likelihood tree:       mast_all_occ80_JU3237_quartet_14.submodel1.treefile
  Screen log file:               mast_all_occ80_JU3237_quartet_14.submodel1.log

Date and Time: Wed Jul  8 23:38:03 2026
