IQ-TREE version 3.0.1 for Linux x86 64-bit built Jul  9 2025
Developed by Bui Quang Minh, Thomas Wong, Nhan Ly-Trong, Huaiyan Ren
Contributed by Lam-Tung Nguyen, Dominik Schrempf, Chris Bielow,
Olga Chernomor, Michael Woodhams, Diep Thi Hoang, Heiko Schmidt

Host:    c294 (AVX512, FMA3, 188 GB RAM)
Command: iqtree3 -s /vast/eande106/projects/Nicolas/github/CB_PopGen_HDR_MS/processed_data/tree_topology/mast/mast_hdr/occ80_QG4232_quartet_11_supermatrix.clean.fas -m LG+FO+G+T -te /vast/eande106/projects/Nicolas/github/CB_PopGen_HDR_MS/processed_data/tree_topology/mast/quartet_topologies/quartet_11_NIC2150_QG4232_topologies.tre --prefix mast_hdr_occ80_QG4232_quartet_11.submodel6 -T 48
Seed:    84982 (Using SPRNG - Scalable Parallel Random Number Generator)
Time:    Thu Jul  9 00:29:12 2026
Kernel:  AVX+FMA - 48 threads (48 CPU cores detected)

Reading alignment file /vast/eande106/projects/Nicolas/github/CB_PopGen_HDR_MS/processed_data/tree_topology/mast/mast_hdr/occ80_QG4232_quartet_11_supermatrix.clean.fas ... Fasta format detected
Reading fasta file: done in 0.0355581 secs using 18.54% CPU
Alignment most likely contains protein sequences
Constructing alignment: done in 0.183998 secs using 114.1% CPU
Alignment has 4 sequences with 167565 columns, 4174 distinct patterns
1199 parsimony-informative, 29466 singleton sites, 136900 constant sites
         Gap/Ambiguity  Composition  p-value
Analyzing sequences: done in 6.28177e-05 secs
   1  PX506      5.74%    passed     42.81%
   2  NIC2150    4.49%    passed     99.98%
   3  QX1410     2.83%    passed     99.93%
   4  QG4232     2.96%    passed     88.06%
****  TOTAL      4.00%  0 sequences failed composition chi2 test (p-value<5%; df=19)
Number of input trees: 3
Minimum branch length is set to 0.0000010
Checking for duplicate sequences: done in 0.000105273 secs using 216.6% CPU

NOTE: 31 MB RAM (0 GB) is required!
According to the parsimony scores along the sites, the tree weights are initialized to:
0.8974145,0.0391993,0.0633862
Estimate model parameters (epsilon = 0.00100)
1. Initial log-likelihood: -675831.79398
2. Current log-likelihood: -674844.80426
3. Current log-likelihood: -674476.29360
4. Current log-likelihood: -674448.69883
5. Current log-likelihood: -674432.36839
6. Current log-likelihood: -674416.75630
7. Current log-likelihood: -674402.22163
8. Current log-likelihood: -674388.84438
9. Current log-likelihood: -674376.69631
10. Current log-likelihood: -674365.80443
11. Current log-likelihood: -674356.12242
12. Current log-likelihood: -674347.59234
13. Current log-likelihood: -674340.11466
14. Current log-likelihood: -674333.14939
15. Current log-likelihood: -674327.00135
16. Current log-likelihood: -674321.56205
17. Current log-likelihood: -674316.78378
18. Current log-likelihood: -674312.59615
19. Current log-likelihood: -674308.93945
20. Current log-likelihood: -674305.75896
21. Current log-likelihood: -674302.99846
22. Current log-likelihood: -674300.60653
23. Current log-likelihood: -674298.53634
24. Current log-likelihood: -674296.74499
25. Current log-likelihood: -674295.19666
26. Current log-likelihood: -674293.85511
27. Current log-likelihood: -674292.69538
28. Current log-likelihood: -674291.69130
29. Current log-likelihood: -674290.82295
30. Current log-likelihood: -674290.06875
31. Current log-likelihood: -674289.40777
32. Current log-likelihood: -674288.83499
33. Current log-likelihood: -674288.33586
34. Current log-likelihood: -674287.90615
35. Current log-likelihood: -674287.52783
36. Current log-likelihood: -674287.19493
37. Current log-likelihood: -674286.90267
38. Current log-likelihood: -674286.64680
39. Current log-likelihood: -674286.42012
40. Current log-likelihood: -674286.21949
41. Current log-likelihood: -674286.04159
42. Current log-likelihood: -674285.88343
43. Current log-likelihood: -674285.74262
44. Current log-likelihood: -674285.62041
45. Current log-likelihood: -674285.50622
46. Current log-likelihood: -674285.40539
47. Current log-likelihood: -674285.31732
48. Current log-likelihood: -674285.23471
49. Current log-likelihood: -674285.16354
50. Current log-likelihood: -674285.09615
51. Current log-likelihood: -674285.03796
52. Current log-likelihood: -674284.98354
53. Current log-likelihood: -674284.93587
54. Current log-likelihood: -674284.89078
55. Current log-likelihood: -674284.85112
56. Current log-likelihood: -674284.81526
57. Current log-likelihood: -674284.78067
58. Current log-likelihood: -674284.75049
59. Current log-likelihood: -674284.72302
60. Current log-likelihood: -674284.69652
61. Current log-likelihood: -674284.67318
62. Current log-likelihood: -674284.65185
63. Current log-likelihood: -674284.63246
64. Current log-likelihood: -674284.61332
65. Current log-likelihood: -674284.59657
66. Current log-likelihood: -674284.58115
67. Current log-likelihood: -674284.56707
68. Current log-likelihood: -674284.55414
69. Current log-likelihood: -674284.54116
70. Current log-likelihood: -674284.52983
71. Current log-likelihood: -674284.52074
72. Current log-likelihood: -674284.51035
73. Current log-likelihood: -674284.50256
74. Current log-likelihood: -674284.49372
75. Current log-likelihood: -674284.48703
76. Current log-likelihood: -674284.47863
77. Current log-likelihood: -674284.47262
78. Current log-likelihood: -674284.46685
79. Current log-likelihood: -674284.46030
80. Current log-likelihood: -674284.45544
81. Current log-likelihood: -674284.45077
82. Current log-likelihood: -674284.44636
83. Current log-likelihood: -674284.44221
84. Current log-likelihood: -674284.43833
85. Current log-likelihood: -674284.43469
86. Current log-likelihood: -674284.43128
87. Current log-likelihood: -674284.42809
88. Current log-likelihood: -674284.42509
89. Current log-likelihood: -674284.42191
90. Current log-likelihood: -674284.41889
91. Current log-likelihood: -674284.41630
92. Current log-likelihood: -674284.41387
93. Current log-likelihood: -674284.41159
94. Current log-likelihood: -674284.40945
95. Current log-likelihood: -674284.40743
96. Current log-likelihood: -674284.40554
97. Current log-likelihood: -674284.40377
98. Current log-likelihood: -674284.40211
99. Current log-likelihood: -674284.40055
100. Current log-likelihood: -674284.39907
101. Current log-likelihood: -674284.39769
102. Current log-likelihood: -674284.39575
103. Current log-likelihood: -674284.39389
104. Current log-likelihood: -674284.39216
105. Current log-likelihood: -674284.39058
106. Current log-likelihood: -674284.38915
107. Current log-likelihood: -674284.38786
108. Current log-likelihood: -674284.38669
109. Current log-likelihood: -674284.38563
110. Current log-likelihood: -674284.38465
Final estimation on weights:
0.94618,0.02618,0.02764
Wrote distance file to... 
BEST SCORE FOUND : -674284.38465
Total tree lengths: 0.28103 0.86905 2.70359

Total number of iterations: 108
CPU time used for tree search: 0.00002 sec (0h:0m:0s)
Wall-clock time used for tree search: 0.00001 sec (0h:0m:0s)
Total CPU time used: 25207.08717 sec (7h:0m:7s)
Total wall-clock time used: 758.78173 sec (0h:12m:38s)

Analysis results written to: 
  IQ-TREE report:                mast_hdr_occ80_QG4232_quartet_11.submodel6.iqtree
  Maximum-likelihood tree:       mast_hdr_occ80_QG4232_quartet_11.submodel6.treefile
  Screen log file:               mast_hdr_occ80_QG4232_quartet_11.submodel6.log

Date and Time: Thu Jul  9 00:41:51 2026
