IQ-TREE version 3.0.1 for Linux x86 64-bit built Jul  9 2025
Developed by Bui Quang Minh, Thomas Wong, Nhan Ly-Trong, Huaiyan Ren
Contributed by Lam-Tung Nguyen, Dominik Schrempf, Chris Bielow,
Olga Chernomor, Michael Woodhams, Diep Thi Hoang, Heiko Schmidt

Host:    c296 (AVX512, FMA3, 188 GB RAM)
Command: iqtree3 -s /vast/eande106/projects/Nicolas/github/CB_PopGen_HDR_MS/processed_data/tree_topology/mast/mast_hdr/occ80_QG4232_quartet_06_supermatrix.clean.fas -m TMIX{LG+FO+G,LG+FO+G,LG+FO+G}+T -te /vast/eande106/projects/Nicolas/github/CB_PopGen_HDR_MS/processed_data/tree_topology/mast/quartet_topologies/quartet_06_JU1420_QG4232_topologies.tre --prefix mast_hdr_occ80_QG4232_quartet_06.submodel1 -T 48
Seed:    531693 (Using SPRNG - Scalable Parallel Random Number Generator)
Time:    Thu Jul  9 00:04:28 2026
Kernel:  AVX+FMA - 48 threads (48 CPU cores detected)

Reading alignment file /vast/eande106/projects/Nicolas/github/CB_PopGen_HDR_MS/processed_data/tree_topology/mast/mast_hdr/occ80_QG4232_quartet_06_supermatrix.clean.fas ... Fasta format detected
Reading fasta file: done in 0.042526 secs using 10.7% CPU
Alignment most likely contains protein sequences
Constructing alignment: done in 0.188143 secs using 123.1% CPU
Alignment has 4 sequences with 168247 columns, 4098 distinct patterns
1237 parsimony-informative, 28895 singleton sites, 138115 constant sites
        Gap/Ambiguity  Composition  p-value
Analyzing sequences: done in 0.000154379 secs using 69.31% CPU
   1  PX506     6.05%    passed     31.34%
   2  JU1420    4.51%    passed     99.99%
   3  QX1410    2.81%    passed     99.93%
   4  QG4232    3.10%    passed     86.45%
****  TOTAL     4.12%  0 sequences failed composition chi2 test (p-value<5%; df=19)
Number of input trees: 3
Minimum branch length is set to 0.0000010
Checking for duplicate sequences: done in 0.00013597 secs using 75.75% CPU

NOTE: 30 MB RAM (0 GB) is required!
According to the parsimony scores along the sites, the tree weights are initialized to:
0.9054163,0.0323363,0.0622474
Estimate model parameters (epsilon = 0.00100)
1. Initial log-likelihood: -675029.75176
2. Current log-likelihood: -674680.86091
3. Current log-likelihood: -673563.41680
4. Current log-likelihood: -673523.16376
5. Current log-likelihood: -673508.24511
6. Current log-likelihood: -673494.25657
7. Current log-likelihood: -673481.18953
8. Current log-likelihood: -673469.03552
9. Current log-likelihood: -673457.77851
10. Current log-likelihood: -673447.39911
11. Current log-likelihood: -673437.86006
12. Current log-likelihood: -673429.11157
13. Current log-likelihood: -673421.14226
14. Current log-likelihood: -673413.89273
15. Current log-likelihood: -673407.35103
16. Current log-likelihood: -673401.48374
17. Current log-likelihood: -673396.25390
18. Current log-likelihood: -673391.64056
19. Current log-likelihood: -673387.61123
20. Current log-likelihood: -673384.12291
21. Current log-likelihood: -673381.13595
22. Current log-likelihood: -673378.58863
23. Current log-likelihood: -673376.44642
24. Current log-likelihood: -673374.64822
25. Current log-likelihood: -673373.16078
26. Current log-likelihood: -673371.93477
27. Current log-likelihood: -673370.92394
28. Current log-likelihood: -673370.09304
29. Current log-likelihood: -673369.41444
30. Current log-likelihood: -673368.85997
31. Current log-likelihood: -673368.41499
32. Current log-likelihood: -673368.05359
33. Current log-likelihood: -673367.76253
34. Current log-likelihood: -673367.52529
35. Current log-likelihood: -673367.33985
36. Current log-likelihood: -673367.19011
37. Current log-likelihood: -673367.07036
38. Current log-likelihood: -673366.97404
39. Current log-likelihood: -673366.89413
40. Current log-likelihood: -673366.83244
41. Current log-likelihood: -673366.78257
42. Current log-likelihood: -673366.74245
43. Current log-likelihood: -673366.71074
44. Current log-likelihood: -673366.68491
45. Current log-likelihood: -673366.66399
46. Current log-likelihood: -673366.64687
47. Current log-likelihood: -673366.63244
48. Current log-likelihood: -673366.62294
49. Current log-likelihood: -673366.61329
50. Current log-likelihood: -673366.60696
51. Current log-likelihood: -673366.60173
52. Current log-likelihood: -673366.59743
53. Current log-likelihood: -673366.59381
54. Current log-likelihood: -673366.59074
55. Current log-likelihood: -673366.58815
56. Current log-likelihood: -673366.58592
57. Current log-likelihood: -673366.58402
58. Current log-likelihood: -673366.58238
59. Current log-likelihood: -673366.58097
60. Current log-likelihood: -673366.57974
61. Current log-likelihood: -673366.57867
62. Current log-likelihood: -673366.57785
Final estimation on weights:
0.92781,0.04352,0.02867
Wrote distance file to... 
BEST SCORE FOUND : -673366.57785
Total tree lengths: 0.30702 0.00203 4.37240

Total number of iterations: 60
CPU time used for tree search: 0.00003 sec (0h:0m:0s)
Wall-clock time used for tree search: 0.00003 sec (0h:0m:0s)
Total CPU time used: 6698.97947 sec (1h:51m:38s)
Total wall-clock time used: 604.81621 sec (0h:10m:4s)

Analysis results written to: 
  IQ-TREE report:                mast_hdr_occ80_QG4232_quartet_06.submodel1.iqtree
  Maximum-likelihood tree:       mast_hdr_occ80_QG4232_quartet_06.submodel1.treefile
  Screen log file:               mast_hdr_occ80_QG4232_quartet_06.submodel1.log

Date and Time: Thu Jul  9 00:14:33 2026
