IQ-TREE version 3.0.1 for Linux x86 64-bit built Jul  9 2025
Developed by Bui Quang Minh, Thomas Wong, Nhan Ly-Trong, Huaiyan Ren
Contributed by Lam-Tung Nguyen, Dominik Schrempf, Chris Bielow,
Olga Chernomor, Michael Woodhams, Diep Thi Hoang, Heiko Schmidt

Host:    c150 (AVX512, FMA3, 188 GB RAM)
Command: iqtree3 -s /vast/eande106/projects/Nicolas/github/CB_PopGen_HDR_MS/processed_data/tree_topology/mast/mast_hdr/occ80_JU3237_quartet_13_supermatrix.clean.fas -m LG+FO+G+T -te /vast/eande106/projects/Nicolas/github/CB_PopGen_HDR_MS/processed_data/tree_topology/mast/quartet_topologies/quartet_13_VX151_JU3237_topologies.tre --prefix mast_hdr_occ80_JU3237_quartet_13.submodel6 -T 48
Seed:    572251 (Using SPRNG - Scalable Parallel Random Number Generator)
Time:    Thu Jul  9 00:22:11 2026
Kernel:  AVX+FMA - 48 threads (48 CPU cores detected)

Reading alignment file /vast/eande106/projects/Nicolas/github/CB_PopGen_HDR_MS/processed_data/tree_topology/mast/mast_hdr/occ80_JU3237_quartet_13_supermatrix.clean.fas ... Fasta format detected
Reading fasta file: done in 0.0344258 secs using 15.04% CPU
Alignment most likely contains protein sequences
Constructing alignment: done in 0.16045 secs using 139.7% CPU
Alignment has 4 sequences with 148732 columns, 4230 distinct patterns
1243 parsimony-informative, 27222 singleton sites, 120267 constant sites
        Gap/Ambiguity  Composition  p-value
Analyzing sequences: done in 8.41282e-05 secs using 64.19% CPU
   1  PX506     3.85%    passed     99.61%
   2  JU3237    3.06%    passed    100.00%
   3  QX1410    2.91%    passed    100.00%
   4  VX151     3.07%    passed    100.00%
****  TOTAL     3.22%  0 sequences failed composition chi2 test (p-value<5%; df=19)
Number of input trees: 3
Minimum branch length is set to 0.0000010
Checking for duplicate sequences: done in 0.000133356 secs using 98.98% CPU

NOTE: 31 MB RAM (0 GB) is required!
According to the parsimony scores along the sites, the tree weights are initialized to:
0.9139179,0.0418343,0.0442478
Estimate model parameters (epsilon = 0.00100)
1. Initial log-likelihood: -604443.18374
2. Current log-likelihood: -603566.37956
3. Current log-likelihood: -603532.75456
4. Current log-likelihood: -603477.40745
5. Current log-likelihood: -603475.09754
6. Current log-likelihood: -603474.89621
7. Current log-likelihood: -603474.80356
8. Current log-likelihood: -603474.71096
9. Current log-likelihood: -603474.61601
10. Current log-likelihood: -603474.52314
11. Current log-likelihood: -603474.42972
12. Current log-likelihood: -603474.33622
13. Current log-likelihood: -603474.24264
14. Current log-likelihood: -603474.14882
15. Current log-likelihood: -603474.05480
16. Current log-likelihood: -603473.96057
17. Current log-likelihood: -603473.86613
18. Current log-likelihood: -603473.77150
19. Current log-likelihood: -603473.67784
20. Current log-likelihood: -603473.58377
21. Current log-likelihood: -603473.48941
22. Current log-likelihood: -603473.39482
23. Current log-likelihood: -603473.29999
24. Current log-likelihood: -603473.20445
25. Current log-likelihood: -603473.10919
26. Current log-likelihood: -603473.01366
27. Current log-likelihood: -603472.91796
28. Current log-likelihood: -603472.82215
29. Current log-likelihood: -603472.72622
30. Current log-likelihood: -603472.63022
31. Current log-likelihood: -603472.53415
32. Current log-likelihood: -603472.43802
33. Current log-likelihood: -603472.34189
34. Current log-likelihood: -603472.24576
35. Current log-likelihood: -603472.14964
36. Current log-likelihood: -603472.05356
37. Current log-likelihood: -603471.95758
38. Current log-likelihood: -603471.86168
39. Current log-likelihood: -603471.76590
40. Current log-likelihood: -603471.67026
41. Current log-likelihood: -603471.57480
42. Current log-likelihood: -603471.47952
43. Current log-likelihood: -603471.38448
44. Current log-likelihood: -603471.28967
45. Current log-likelihood: -603471.19514
46. Current log-likelihood: -603471.10090
47. Current log-likelihood: -603471.00649
48. Current log-likelihood: -603470.91290
49. Current log-likelihood: -603470.81956
50. Current log-likelihood: -603470.72662
51. Current log-likelihood: -603470.63411
52. Current log-likelihood: -603470.54206
53. Current log-likelihood: -603470.45048
54. Current log-likelihood: -603470.35942
55. Current log-likelihood: -603470.26890
56. Current log-likelihood: -603470.17894
57. Current log-likelihood: -603470.08958
58. Current log-likelihood: -603470.00082
59. Current log-likelihood: -603469.91271
60. Current log-likelihood: -603469.82526
61. Current log-likelihood: -603469.73851
62. Current log-likelihood: -603469.65247
63. Current log-likelihood: -603469.56717
64. Current log-likelihood: -603469.48263
65. Current log-likelihood: -603469.39888
66. Current log-likelihood: -603469.31535
67. Current log-likelihood: -603469.23315
68. Current log-likelihood: -603469.15168
69. Current log-likelihood: -603469.07107
70. Current log-likelihood: -603468.99136
71. Current log-likelihood: -603468.91242
72. Current log-likelihood: -603468.83456
73. Current log-likelihood: -603468.75765
74. Current log-likelihood: -603468.68171
75. Current log-likelihood: -603468.60677
76. Current log-likelihood: -603468.53282
77. Current log-likelihood: -603468.45988
78. Current log-likelihood: -603468.38798
79. Current log-likelihood: -603468.31711
80. Current log-likelihood: -603468.24676
81. Current log-likelihood: -603468.17790
82. Current log-likelihood: -603468.10998
83. Current log-likelihood: -603468.04314
84. Current log-likelihood: -603467.97741
85. Current log-likelihood: -603467.91278
86. Current log-likelihood: -603467.84926
87. Current log-likelihood: -603467.78686
88. Current log-likelihood: -603467.72557
89. Current log-likelihood: -603467.66542
90. Current log-likelihood: -603467.60638
91. Current log-likelihood: -603467.54848
92. Current log-likelihood: -603467.49114
93. Current log-likelihood: -603467.43531
94. Current log-likelihood: -603467.38048
95. Current log-likelihood: -603467.32679
96. Current log-likelihood: -603467.27421
97. Current log-likelihood: -603467.22276
98. Current log-likelihood: -603467.17241
99. Current log-likelihood: -603467.12318
100. Current log-likelihood: -603467.07504
101. Current log-likelihood: -603467.02800
102. Current log-likelihood: -603466.95197
103. Current log-likelihood: -603466.86977
104. Current log-likelihood: -603466.79182
105. Current log-likelihood: -603466.71718
106. Current log-likelihood: -603466.64595
107. Current log-likelihood: -603466.57803
108. Current log-likelihood: -603466.51332
109. Current log-likelihood: -603466.45091
110. Current log-likelihood: -603466.39188
111. Current log-likelihood: -603466.33654
112. Current log-likelihood: -603466.28363
113. Current log-likelihood: -603466.23336
114. Current log-likelihood: -603466.18560
115. Current log-likelihood: -603466.13953
116. Current log-likelihood: -603466.09613
117. Current log-likelihood: -603466.05481
118. Current log-likelihood: -603466.01558
119. Current log-likelihood: -603465.97839
120. Current log-likelihood: -603465.94310
121. Current log-likelihood: -603465.90930
122. Current log-likelihood: -603465.87623
123. Current log-likelihood: -603465.84510
124. Current log-likelihood: -603465.81529
125. Current log-likelihood: -603465.78680
126. Current log-likelihood: -603465.75952
127. Current log-likelihood: -603465.73336
128. Current log-likelihood: -603465.70823
129. Current log-likelihood: -603465.68318
130. Current log-likelihood: -603465.65935
131. Current log-likelihood: -603465.63620
132. Current log-likelihood: -603465.61376
133. Current log-likelihood: -603465.59191
134. Current log-likelihood: -603465.57060
135. Current log-likelihood: -603465.54874
136. Current log-likelihood: -603465.41103
137. Current log-likelihood: -603465.18344
138. Current log-likelihood: -603465.11174
139. Current log-likelihood: -603465.05074
140. Current log-likelihood: -603464.98823
141. Current log-likelihood: -603464.92500
142. Current log-likelihood: -603464.86420
143. Current log-likelihood: -603464.80588
144. Current log-likelihood: -603464.74240
145. Current log-likelihood: -603464.68488
146. Current log-likelihood: -603464.62651
147. Current log-likelihood: -603464.56728
148. Current log-likelihood: -603464.51197
149. Current log-likelihood: -603464.45010
150. Current log-likelihood: -603464.39464
151. Current log-likelihood: -603464.33984
152. Current log-likelihood: -603464.28544
153. Current log-likelihood: -603464.22930
154. Current log-likelihood: -603464.17395
155. Current log-likelihood: -603464.12056
156. Current log-likelihood: -603464.06900
157. Current log-likelihood: -603464.01788
158. Current log-likelihood: -603463.96632
159. Current log-likelihood: -603463.91357
160. Current log-likelihood: -603463.86392
161. Current log-likelihood: -603463.81495
162. Current log-likelihood: -603463.76664
163. Current log-likelihood: -603463.71902
164. Current log-likelihood: -603463.67085
165. Current log-likelihood: -603463.62286
166. Current log-likelihood: -603463.57801
167. Current log-likelihood: -603463.53378
168. Current log-likelihood: -603463.49026
169. Current log-likelihood: -603463.44743
170. Current log-likelihood: -603463.40528
171. Current log-likelihood: -603463.36382
172. Current log-likelihood: -603463.32030
173. Current log-likelihood: -603463.27990
174. Current log-likelihood: -603463.24015
175. Current log-likelihood: -603463.20112
176. Current log-likelihood: -603463.16278
177. Current log-likelihood: -603463.12514
178. Current log-likelihood: -603463.08819
179. Current log-likelihood: -603463.05192
180. Current log-likelihood: -603463.01547
181. Current log-likelihood: -603462.98018
182. Current log-likelihood: -603462.94554
183. Current log-likelihood: -603462.91256
184. Current log-likelihood: -603462.87908
185. Current log-likelihood: -603462.84732
186. Current log-likelihood: -603462.81601
187. Current log-likelihood: -603462.78527
188. Current log-likelihood: -603462.75509
189. Current log-likelihood: -603462.72478
190. Current log-likelihood: -603462.69540
191. Current log-likelihood: -603462.66653
192. Current log-likelihood: -603462.63821
193. Current log-likelihood: -603462.61041
194. Current log-likelihood: -603462.58313
195. Current log-likelihood: -603462.55633
196. Current log-likelihood: -603462.53002
197. Current log-likelihood: -603462.50418
198. Current log-likelihood: -603462.47879
199. Current log-likelihood: -603462.45385
200. Current log-likelihood: -603462.42934
201. Current log-likelihood: -603462.40459
202. Current log-likelihood: -603462.37223
203. Current log-likelihood: -603462.33919
204. Current log-likelihood: -603462.30684
205. Current log-likelihood: -603462.27518
206. Current log-likelihood: -603462.24418
207. Current log-likelihood: -603462.21383
208. Current log-likelihood: -603462.18407
209. Current log-likelihood: -603462.15490
210. Current log-likelihood: -603462.12627
211. Current log-likelihood: -603462.09740
212. Current log-likelihood: -603462.06954
213. Current log-likelihood: -603462.04215
214. Current log-likelihood: -603462.01525
215. Current log-likelihood: -603461.98880
216. Current log-likelihood: -603461.96278
217. Current log-likelihood: -603461.93717
218. Current log-likelihood: -603461.91191
219. Current log-likelihood: -603461.88705
220. Current log-likelihood: -603461.86250
221. Current log-likelihood: -603461.83828
222. Current log-likelihood: -603461.81437
223. Current log-likelihood: -603461.79074
224. Current log-likelihood: -603461.76669
225. Current log-likelihood: -603461.74342
226. Current log-likelihood: -603461.72036
227. Current log-likelihood: -603461.69757
228. Current log-likelihood: -603461.67500
229. Current log-likelihood: -603461.65265
230. Current log-likelihood: -603461.63049
231. Current log-likelihood: -603461.60853
232. Current log-likelihood: -603461.58673
233. Current log-likelihood: -603461.56510
234. Current log-likelihood: -603461.54363
235. Current log-likelihood: -603461.52229
236. Current log-likelihood: -603461.50109
237. Current log-likelihood: -603461.48002
238. Current log-likelihood: -603461.45906
239. Current log-likelihood: -603461.43821
240. Current log-likelihood: -603461.41746
241. Current log-likelihood: -603461.39681
242. Current log-likelihood: -603461.37625
243. Current log-likelihood: -603461.35577
244. Current log-likelihood: -603461.33470
245. Current log-likelihood: -603461.31575
246. Current log-likelihood: -603461.29512
247. Current log-likelihood: -603461.27632
248. Current log-likelihood: -603461.25586
249. Current log-likelihood: -603461.23722
250. Current log-likelihood: -603461.21689
251. Current log-likelihood: -603461.19844
252. Current log-likelihood: -603461.17821
253. Current log-likelihood: -603461.15982
254. Current log-likelihood: -603461.13969
255. Current log-likelihood: -603461.12146
256. Current log-likelihood: -603461.10139
257. Current log-likelihood: -603461.08150
258. Current log-likelihood: -603461.06333
259. Current log-likelihood: -603461.04271
260. Current log-likelihood: -603461.02437
261. Current log-likelihood: -603461.00429
262. Current log-likelihood: -603460.98594
263. Current log-likelihood: -603460.96594
264. Current log-likelihood: -603460.94767
265. Current log-likelihood: -603460.92770
266. Current log-likelihood: -603460.90949
267. Current log-likelihood: -603460.88954
268. Current log-likelihood: -603460.87142
269. Current log-likelihood: -603460.85145
270. Current log-likelihood: -603460.83337
271. Current log-likelihood: -603460.81340
272. Current log-likelihood: -603460.79536
273. Current log-likelihood: -603460.77539
274. Current log-likelihood: -603460.75572
275. Current log-likelihood: -603460.73739
276. Current log-likelihood: -603460.71731
277. Current log-likelihood: -603460.69895
278. Current log-likelihood: -603460.67890
279. Current log-likelihood: -603460.66057
280. Current log-likelihood: -603460.64052
281. Current log-likelihood: -603460.62221
282. Current log-likelihood: -603460.60215
283. Current log-likelihood: -603460.58386
284. Current log-likelihood: -603460.56378
285. Current log-likelihood: -603460.54553
286. Current log-likelihood: -603460.52538
287. Current log-likelihood: -603460.50714
288. Current log-likelihood: -603460.48698
289. Current log-likelihood: -603460.46570
290. Current log-likelihood: -603460.44699
291. Current log-likelihood: -603460.42837
292. Current log-likelihood: -603460.40801
293. Current log-likelihood: -603460.38940
294. Current log-likelihood: -603460.36906
295. Current log-likelihood: -603460.35046
296. Current log-likelihood: -603460.33010
297. Current log-likelihood: -603460.31149
298. Current log-likelihood: -603460.29111
299. Current log-likelihood: -603460.27250
300. Current log-likelihood: -603460.25210
301. Current log-likelihood: -603460.23348
302. Current log-likelihood: -603460.20734
303. Current log-likelihood: -603460.18029
304. Current log-likelihood: -603460.15374
305. Current log-likelihood: -603460.12719
306. Current log-likelihood: -603460.10059
307. Current log-likelihood: -603460.07401
308. Current log-likelihood: -603460.04742
309. Current log-likelihood: -603460.02077
310. Current log-likelihood: -603459.99414
311. Current log-likelihood: -603459.96749
312. Current log-likelihood: -603459.94083
313. Current log-likelihood: -603459.91415
314. Current log-likelihood: -603459.88657
315. Current log-likelihood: -603459.86110
316. Current log-likelihood: -603459.83382
317. Current log-likelihood: -603459.80670
318. Current log-likelihood: -603459.77960
319. Current log-likelihood: -603459.75245
320. Current log-likelihood: -603459.72531
321. Current log-likelihood: -603459.69816
322. Current log-likelihood: -603459.67100
323. Current log-likelihood: -603459.64381
324. Current log-likelihood: -603459.61561
325. Current log-likelihood: -603459.58951
326. Current log-likelihood: -603459.56166
327. Current log-likelihood: -603459.53400
328. Current log-likelihood: -603459.50632
329. Current log-likelihood: -603459.48022
330. Current log-likelihood: -603459.45238
331. Current log-likelihood: -603459.42467
332. Current log-likelihood: -603459.39600
333. Current log-likelihood: -603459.36939
334. Current log-likelihood: -603459.34105
335. Current log-likelihood: -603459.31289
336. Current log-likelihood: -603459.28469
337. Current log-likelihood: -603459.25650
338. Current log-likelihood: -603459.22830
339. Current log-likelihood: -603459.20012
340. Current log-likelihood: -603459.17096
341. Current log-likelihood: -603459.14376
342. Current log-likelihood: -603459.11491
343. Current log-likelihood: -603459.08626
344. Current log-likelihood: -603459.05757
345. Current log-likelihood: -603459.02888
346. Current log-likelihood: -603459.00170
347. Current log-likelihood: -603458.97192
348. Current log-likelihood: -603458.94426
349. Current log-likelihood: -603458.91490
350. Current log-likelihood: -603458.88574
351. Current log-likelihood: -603458.85657
352. Current log-likelihood: -603458.82740
353. Current log-likelihood: -603458.79825
354. Current log-likelihood: -603458.76814
355. Current log-likelihood: -603458.73989
356. Current log-likelihood: -603458.71010
357. Current log-likelihood: -603458.68044
358. Current log-likelihood: -603458.65079
359. Current log-likelihood: -603458.62118
360. Current log-likelihood: -603458.59157
361. Current log-likelihood: -603458.56090
362. Current log-likelihood: -603458.53212
363. Current log-likelihood: -603458.50179
364. Current log-likelihood: -603458.47167
365. Current log-likelihood: -603458.44154
366. Current log-likelihood: -603458.41144
367. Current log-likelihood: -603458.38275
368. Current log-likelihood: -603458.35124
369. Current log-likelihood: -603458.32198
370. Current log-likelihood: -603458.29109
371. Current log-likelihood: -603458.26045
372. Current log-likelihood: -603458.22982
373. Current log-likelihood: -603458.19919
374. Current log-likelihood: -603458.16755
375. Current log-likelihood: -603458.13774
376. Current log-likelihood: -603458.10641
377. Current log-likelihood: -603458.07528
378. Current log-likelihood: -603458.04420
379. Current log-likelihood: -603458.01311
380. Current log-likelihood: -603457.98100
381. Current log-likelihood: -603457.95069
382. Current log-likelihood: -603457.91889
383. Current log-likelihood: -603457.88734
384. Current log-likelihood: -603457.85581
385. Current log-likelihood: -603457.82430
386. Current log-likelihood: -603457.79165
387. Current log-likelihood: -603457.75955
388. Current log-likelihood: -603457.72750
389. Current log-likelihood: -603457.69546
390. Current log-likelihood: -603457.66347
391. Current log-likelihood: -603457.63278
392. Current log-likelihood: -603457.59939
393. Current log-likelihood: -603457.56680
394. Current log-likelihood: -603457.53427
395. Current log-likelihood: -603457.50175
396. Current log-likelihood: -603457.46930
397. Current log-likelihood: -603457.43692
398. Current log-likelihood: -603457.40319
399. Current log-likelihood: -603457.37134
400. Current log-likelihood: -603457.33809
401. Current log-likelihood: -603457.30512
402. Current log-likelihood: -603457.26489
403. Current log-likelihood: -603457.22299
404. Current log-likelihood: -603457.18171
405. Current log-likelihood: -603457.14045
406. Current log-likelihood: -603457.09927
407. Current log-likelihood: -603457.05694
408. Current log-likelihood: -603457.01503
409. Current log-likelihood: -603456.97329
410. Current log-likelihood: -603456.93159
411. Current log-likelihood: -603456.88862
412. Current log-likelihood: -603456.84621
413. Current log-likelihood: -603456.80393
414. Current log-likelihood: -603456.76172
415. Current log-likelihood: -603456.71813
416. Current log-likelihood: -603456.67518
417. Current log-likelihood: -603456.63239
418. Current log-likelihood: -603456.58966
419. Current log-likelihood: -603456.54548
420. Current log-likelihood: -603456.50198
421. Current log-likelihood: -603456.45863
422. Current log-likelihood: -603456.41537
423. Current log-likelihood: -603456.37060
424. Current log-likelihood: -603456.32657
425. Current log-likelihood: -603456.28268
426. Current log-likelihood: -603456.23894
427. Current log-likelihood: -603456.19355
428. Current log-likelihood: -603456.14897
429. Current log-likelihood: -603456.10455
430. Current log-likelihood: -603456.06027
431. Current log-likelihood: -603456.01428
432. Current log-likelihood: -603455.96916
433. Current log-likelihood: -603455.92420
434. Current log-likelihood: -603455.87939
435. Current log-likelihood: -603455.83279
436. Current log-likelihood: -603455.78711
437. Current log-likelihood: -603455.74164
438. Current log-likelihood: -603455.69626
439. Current log-likelihood: -603455.64906
440. Current log-likelihood: -603455.60283
441. Current log-likelihood: -603455.55682
442. Current log-likelihood: -603455.51091
443. Current log-likelihood: -603455.46309
444. Current log-likelihood: -603455.41630
445. Current log-likelihood: -603455.36974
446. Current log-likelihood: -603455.32333
447. Current log-likelihood: -603455.27487
448. Current log-likelihood: -603455.22753
449. Current log-likelihood: -603455.18043
450. Current log-likelihood: -603455.13191
451. Current log-likelihood: -603455.08413
452. Current log-likelihood: -603455.03648
453. Current log-likelihood: -603454.98906
454. Current log-likelihood: -603454.93960
455. Current log-likelihood: -603454.89130
456. Current log-likelihood: -603454.84318
457. Current log-likelihood: -603454.79362
458. Current log-likelihood: -603454.74484
459. Current log-likelihood: -603454.69626
460. Current log-likelihood: -603454.64623
461. Current log-likelihood: -603454.59704
462. Current log-likelihood: -603454.54803
463. Current log-likelihood: -603454.49755
464. Current log-likelihood: -603454.44793
465. Current log-likelihood: -603454.39848
466. Current log-likelihood: -603454.34761
467. Current log-likelihood: -603454.29753
468. Current log-likelihood: -603454.24770
469. Current log-likelihood: -603454.19630
470. Current log-likelihood: -603454.14583
471. Current log-likelihood: -603454.09555
472. Current log-likelihood: -603454.04375
473. Current log-likelihood: -603453.99282
474. Current log-likelihood: -603453.94216
475. Current log-likelihood: -603453.88983
476. Current log-likelihood: -603453.83850
477. Current log-likelihood: -603453.78738
478. Current log-likelihood: -603453.73466
479. Current log-likelihood: -603453.68288
480. Current log-likelihood: -603453.63139
481. Current log-likelihood: -603453.57813
482. Current log-likelihood: -603453.52595
483. Current log-likelihood: -603453.47404
484. Current log-likelihood: -603453.42032
485. Current log-likelihood: -603453.36772
486. Current log-likelihood: -603453.31539
487. Current log-likelihood: -603453.26121
488. Current log-likelihood: -603453.20819
489. Current log-likelihood: -603453.15545
490. Current log-likelihood: -603453.10080
491. Current log-likelihood: -603453.04735
492. Current log-likelihood: -603452.99412
493. Current log-likelihood: -603452.93911
494. Current log-likelihood: -603452.88521
495. Current log-likelihood: -603452.83157
496. Current log-likelihood: -603452.77609
497. Current log-likelihood: -603452.72177
498. Current log-likelihood: -603452.66772
499. Current log-likelihood: -603452.61178
500. Current log-likelihood: -603452.55704
501. Current log-likelihood: -603452.50257
502. Current log-likelihood: -603452.43656
503. Current log-likelihood: -603452.37127
504. Current log-likelihood: -603452.30643
505. Current log-likelihood: -603452.23866
506. Current log-likelihood: -603452.17284
507. Current log-likelihood: -603452.10515
508. Current log-likelihood: -603452.03884
509. Current log-likelihood: -603451.97298
510. Current log-likelihood: -603451.90407
511. Current log-likelihood: -603451.83726
512. Current log-likelihood: -603451.76859
513. Current log-likelihood: -603451.70124
514. Current log-likelihood: -603451.63068
515. Current log-likelihood: -603451.56348
516. Current log-likelihood: -603451.49624
517. Current log-likelihood: -603451.42594
518. Current log-likelihood: -603451.35779
519. Current log-likelihood: -603451.28767
520. Current log-likelihood: -603451.21899
521. Current log-likelihood: -603451.14853
522. Current log-likelihood: -603451.07946
523. Current log-likelihood: -603451.00860
524. Current log-likelihood: -603450.93913
525. Current log-likelihood: -603450.86787
526. Current log-likelihood: -603450.79803
527. Current log-likelihood: -603450.72637
528. Current log-likelihood: -603450.65616
529. Current log-likelihood: -603450.58409
530. Current log-likelihood: -603450.51351
531. Current log-likelihood: -603450.44104
532. Current log-likelihood: -603450.37010
533. Current log-likelihood: -603450.29722
534. Current log-likelihood: -603450.22592
535. Current log-likelihood: -603450.15265
536. Current log-likelihood: -603450.08098
537. Current log-likelihood: -603450.00731
538. Current log-likelihood: -603449.93528
539. Current log-likelihood: -603449.86118
540. Current log-likelihood: -603449.78880
541. Current log-likelihood: -603449.71430
542. Current log-likelihood: -603449.64157
543. Current log-likelihood: -603449.56668
544. Current log-likelihood: -603449.49361
545. Current log-likelihood: -603449.41833
546. Current log-likelihood: -603449.34491
547. Current log-likelihood: -603449.26925
548. Current log-likelihood: -603449.19549
549. Current log-likelihood: -603449.11945
550. Current log-likelihood: -603449.04534
551. Current log-likelihood: -603448.96893
552. Current log-likelihood: -603448.89448
553. Current log-likelihood: -603448.81769
554. Current log-likelihood: -603448.74292
555. Current log-likelihood: -603448.66576
556. Current log-likelihood: -603448.59065
557. Current log-likelihood: -603448.51312
558. Current log-likelihood: -603448.43769
559. Current log-likelihood: -603448.35980
560. Current log-likelihood: -603448.28405
561. Current log-likelihood: -603448.20579
562. Current log-likelihood: -603448.12972
563. Current log-likelihood: -603448.05110
564. Current log-likelihood: -603447.97472
565. Current log-likelihood: -603447.89575
566. Current log-likelihood: -603447.81906
567. Current log-likelihood: -603447.73974
568. Current log-likelihood: -603447.66270
569. Current log-likelihood: -603447.58303
570. Current log-likelihood: -603447.50569
571. Current log-likelihood: -603447.42567
572. Current log-likelihood: -603447.34804
573. Current log-likelihood: -603447.26769
574. Current log-likelihood: -603447.18975
575. Current log-likelihood: -603447.10907
576. Current log-likelihood: -603447.03085
577. Current log-likelihood: -603446.94983
578. Current log-likelihood: -603446.87133
579. Current log-likelihood: -603446.79005
580. Current log-likelihood: -603446.71126
581. Current log-likelihood: -603446.62959
582. Current log-likelihood: -603446.55053
583. Current log-likelihood: -603446.46861
584. Current log-likelihood: -603446.38928
585. Current log-likelihood: -603446.30698
586. Current log-likelihood: -603446.22739
587. Current log-likelihood: -603446.14485
588. Current log-likelihood: -603446.06498
589. Current log-likelihood: -603445.98214
590. Current log-likelihood: -603445.90203
591. Current log-likelihood: -603445.81888
592. Current log-likelihood: -603445.73851
593. Current log-likelihood: -603445.65508
594. Current log-likelihood: -603445.57448
595. Current log-likelihood: -603445.49075
596. Current log-likelihood: -603445.40990
597. Current log-likelihood: -603445.32590
598. Current log-likelihood: -603445.24483
599. Current log-likelihood: -603445.16055
600. Current log-likelihood: -603445.07924
601. Current log-likelihood: -603444.99469
602. Current log-likelihood: -603444.90238
603. Current log-likelihood: -603444.80467
604. Current log-likelihood: -603444.71091
605. Current log-likelihood: -603444.61269
606. Current log-likelihood: -603444.51850
607. Current log-likelihood: -603444.41995
608. Current log-likelihood: -603444.32548
609. Current log-likelihood: -603444.22664
610. Current log-likelihood: -603444.13191
611. Current log-likelihood: -603444.03280
612. Current log-likelihood: -603443.93783
613. Current log-likelihood: -603443.83845
614. Current log-likelihood: -603443.74324
615. Current log-likelihood: -603443.64369
616. Current log-likelihood: -603443.54825
617. Current log-likelihood: -603443.44838
618. Current log-likelihood: -603443.35277
619. Current log-likelihood: -603443.25272
620. Current log-likelihood: -603443.15691
621. Current log-likelihood: -603443.05662
622. Current log-likelihood: -603442.96061
623. Current log-likelihood: -603442.86013
624. Current log-likelihood: -603442.76394
625. Current log-likelihood: -603442.66324
626. Current log-likelihood: -603442.56689
627. Current log-likelihood: -603442.46598
628. Current log-likelihood: -603442.36584
629. Current log-likelihood: -603442.26900
630. Current log-likelihood: -603442.16770
631. Current log-likelihood: -603442.07118
632. Current log-likelihood: -603441.96984
633. Current log-likelihood: -603441.86925
634. Current log-likelihood: -603441.77207
635. Current log-likelihood: -603441.67033
636. Current log-likelihood: -603441.57351
637. Current log-likelihood: -603441.47176
638. Current log-likelihood: -603441.37078
639. Current log-likelihood: -603441.27337
640. Current log-likelihood: -603441.17168
641. Current log-likelihood: -603441.07052
642. Current log-likelihood: -603440.97296
643. Current log-likelihood: -603440.87115
644. Current log-likelihood: -603440.76984
645. Current log-likelihood: -603440.67218
646. Current log-likelihood: -603440.57024
647. Current log-likelihood: -603440.46880
648. Current log-likelihood: -603440.37107
649. Current log-likelihood: -603440.26903
650. Current log-likelihood: -603440.16751
651. Current log-likelihood: -603440.06976
652. Current log-likelihood: -603439.96765
653. Current log-likelihood: -603439.86605
654. Current log-likelihood: -603439.76828
655. Current log-likelihood: -603439.66611
656. Current log-likelihood: -603439.56445
657. Current log-likelihood: -603439.46669
658. Current log-likelihood: -603439.36449
659. Current log-likelihood: -603439.26281
660. Current log-likelihood: -603439.16509
661. Current log-likelihood: -603439.06290
662. Current log-likelihood: -603438.96123
663. Current log-likelihood: -603438.86358
664. Current log-likelihood: -603438.76142
665. Current log-likelihood: -603438.65979
666. Current log-likelihood: -603438.56224
667. Current log-likelihood: -603438.46016
668. Current log-likelihood: -603438.35862
669. Current log-likelihood: -603438.26121
670. Current log-likelihood: -603438.15924
671. Current log-likelihood: -603438.05780
672. Current log-likelihood: -603437.96064
673. Current log-likelihood: -603437.85878
674. Current log-likelihood: -603437.75748
675. Current log-likelihood: -603437.66044
676. Current log-likelihood: -603437.55877
677. Current log-likelihood: -603437.45763
678. Current log-likelihood: -603437.36090
679. Current log-likelihood: -603437.25941
680. Current log-likelihood: -603437.15847
681. Current log-likelihood: -603437.06200
682. Current log-likelihood: -603436.96074
683. Current log-likelihood: -603436.86003
684. Current log-likelihood: -603436.76385
685. Current log-likelihood: -603436.66283
686. Current log-likelihood: -603436.56238
687. Current log-likelihood: -603436.46660
688. Current log-likelihood: -603436.36588
689. Current log-likelihood: -603436.26573
690. Current log-likelihood: -603436.17022
691. Current log-likelihood: -603436.06982
692. Current log-likelihood: -603435.96999
693. Current log-likelihood: -603435.87494
694. Current log-likelihood: -603435.77492
695. Current log-likelihood: -603435.67545
696. Current log-likelihood: -603435.58064
697. Current log-likelihood: -603435.48104
698. Current log-likelihood: -603435.38196
699. Current log-likelihood: -603435.28776
700. Current log-likelihood: -603435.18856
701. Current log-likelihood: -603435.08989
702. Current log-likelihood: -603434.98708
703. Current log-likelihood: -603434.87911
704. Current log-likelihood: -603434.77164
705. Current log-likelihood: -603434.66437
706. Current log-likelihood: -603434.55730
707. Current log-likelihood: -603434.45046
708. Current log-likelihood: -603434.34384
709. Current log-likelihood: -603434.23746
710. Current log-likelihood: -603434.13131
711. Current log-likelihood: -603434.02540
712. Current log-likelihood: -603433.91973
713. Current log-likelihood: -603433.81432
714. Current log-likelihood: -603433.70916
715. Current log-likelihood: -603433.60426
716. Current log-likelihood: -603433.49962
717. Current log-likelihood: -603433.39532
718. Current log-likelihood: -603433.29117
719. Current log-likelihood: -603433.18738
720. Current log-likelihood: -603433.08380
721. Current log-likelihood: -603432.98062
722. Current log-likelihood: -603432.87759
723. Current log-likelihood: -603432.77490
724. Current log-likelihood: -603432.67253
725. Current log-likelihood: -603432.57043
726. Current log-likelihood: -603432.46862
727. Current log-likelihood: -603432.36716
728. Current log-likelihood: -603432.26596
729. Current log-likelihood: -603432.16517
730. Current log-likelihood: -603432.06460
731. Current log-likelihood: -603431.96448
732. Current log-likelihood: -603431.86460
733. Current log-likelihood: -603431.76515
734. Current log-likelihood: -603431.66589
735. Current log-likelihood: -603431.56711
736. Current log-likelihood: -603431.46859
737. Current log-likelihood: -603430.69621
738. Current log-likelihood: -603430.20070
739. Current log-likelihood: -603430.03131
740. Current log-likelihood: -603429.87422
741. Current log-likelihood: -603429.72122
742. Current log-likelihood: -603429.57020
743. Current log-likelihood: -603429.42101
744. Current log-likelihood: -603429.27273
745. Current log-likelihood: -603429.12529
746. Current log-likelihood: -603428.97914
747. Current log-likelihood: -603428.83397
748. Current log-likelihood: -603428.68991
749. Current log-likelihood: -603428.54686
750. Current log-likelihood: -603428.40533
751. Current log-likelihood: -603428.26468
752. Current log-likelihood: -603428.12558
753. Current log-likelihood: -603427.98754
754. Current log-likelihood: -603427.85109
755. Current log-likelihood: -603427.71575
756. Current log-likelihood: -603427.58210
757. Current log-likelihood: -603427.44953
758. Current log-likelihood: -603427.31869
759. Current log-likelihood: -603427.18904
760. Current log-likelihood: -603427.06116
761. Current log-likelihood: -603426.93450
762. Current log-likelihood: -603426.81023
763. Current log-likelihood: -603426.68753
764. Current log-likelihood: -603426.56945
765. Current log-likelihood: -603426.45434
766. Current log-likelihood: -603426.34197
767. Current log-likelihood: -603426.23192
768. Current log-likelihood: -603426.12422
769. Current log-likelihood: -603426.01869
770. Current log-likelihood: -603425.91542
771. Current log-likelihood: -603425.81397
772. Current log-likelihood: -603425.71425
773. Current log-likelihood: -603425.61612
774. Current log-likelihood: -603425.51950
775. Current log-likelihood: -603425.42431
776. Current log-likelihood: -603425.33046
777. Current log-likelihood: -603425.23788
778. Current log-likelihood: -603425.14650
779. Current log-likelihood: -603425.05627
780. Current log-likelihood: -603424.96711
781. Current log-likelihood: -603424.87900
782. Current log-likelihood: -603424.79190
783. Current log-likelihood: -603424.70608
784. Current log-likelihood: -603424.62112
785. Current log-likelihood: -603424.53698
786. Current log-likelihood: -603424.45365
787. Current log-likelihood: -603424.37124
788. Current log-likelihood: -603424.28945
789. Current log-likelihood: -603424.20845
790. Current log-likelihood: -603424.12828
791. Current log-likelihood: -603424.04870
792. Current log-likelihood: -603423.96993
793. Current log-likelihood: -603423.89170
794. Current log-likelihood: -603423.81425
795. Current log-likelihood: -603423.73734
796. Current log-likelihood: -603423.66117
797. Current log-likelihood: -603423.58551
798. Current log-likelihood: -603423.51059
799. Current log-likelihood: -603423.43616
800. Current log-likelihood: -603423.36245
801. Current log-likelihood: -603423.28923
802. Current log-likelihood: -603423.21230
803. Current log-likelihood: -603423.13349
804. Current log-likelihood: -603423.05545
805. Current log-likelihood: -603422.97803
806. Current log-likelihood: -603422.90137
807. Current log-likelihood: -603422.82531
808. Current log-likelihood: -603422.74999
809. Current log-likelihood: -603422.67527
810. Current log-likelihood: -603422.60129
811. Current log-likelihood: -603422.52789
812. Current log-likelihood: -603422.45522
813. Current log-likelihood: -603422.38314
814. Current log-likelihood: -603422.31176
815. Current log-likelihood: -603422.24104
816. Current log-likelihood: -603422.17089
817. Current log-likelihood: -603422.10144
818. Current log-likelihood: -603422.03264
819. Current log-likelihood: -603421.96439
820. Current log-likelihood: -603421.89684
821. Current log-likelihood: -603421.82992
822. Current log-likelihood: -603421.76356
823. Current log-likelihood: -603421.69788
824. Current log-likelihood: -603421.63282
825. Current log-likelihood: -603421.56838
826. Current log-likelihood: -603421.50447
827. Current log-likelihood: -603421.44124
828. Current log-likelihood: -603421.37862
829. Current log-likelihood: -603421.31660
830. Current log-likelihood: -603421.25518
831. Current log-likelihood: -603421.19435
832. Current log-likelihood: -603421.13412
833. Current log-likelihood: -603421.07447
834. Current log-likelihood: -603421.01541
835. Current log-likelihood: -603420.95688
836. Current log-likelihood: -603420.89899
837. Current log-likelihood: -603420.84162
838. Current log-likelihood: -603420.78487
839. Current log-likelihood: -603420.72864
840. Current log-likelihood: -603420.67303
841. Current log-likelihood: -603420.61793
842. Current log-likelihood: -603420.56344
843. Current log-likelihood: -603420.50945
844. Current log-likelihood: -603420.45602
845. Current log-likelihood: -603420.40319
846. Current log-likelihood: -603420.35085
847. Current log-likelihood: -603420.29906
848. Current log-likelihood: -603420.24786
849. Current log-likelihood: -603420.19714
850. Current log-likelihood: -603420.14695
851. Current log-likelihood: -603420.09735
852. Current log-likelihood: -603420.04821
853. Current log-likelihood: -603419.99965
854. Current log-likelihood: -603419.95155
855. Current log-likelihood: -603419.90398
856. Current log-likelihood: -603419.85696
857. Current log-likelihood: -603419.81039
858. Current log-likelihood: -603419.76438
859. Current log-likelihood: -603419.71882
860. Current log-likelihood: -603419.67381
861. Current log-likelihood: -603419.62923
862. Current log-likelihood: -603419.58520
863. Current log-likelihood: -603419.54159
864. Current log-likelihood: -603419.49853
865. Current log-likelihood: -603419.45588
866. Current log-likelihood: -603419.41376
867. Current log-likelihood: -603419.37206
868. Current log-likelihood: -603419.33087
869. Current log-likelihood: -603419.29010
870. Current log-likelihood: -603419.24983
871. Current log-likelihood: -603419.21001
872. Current log-likelihood: -603419.17060
873. Current log-likelihood: -603419.13168
874. Current log-likelihood: -603419.09320
875. Current log-likelihood: -603419.05511
876. Current log-likelihood: -603419.01751
877. Current log-likelihood: -603418.98033
878. Current log-likelihood: -603418.94353
879. Current log-likelihood: -603418.90721
880. Current log-likelihood: -603418.87130
881. Current log-likelihood: -603418.83580
882. Current log-likelihood: -603418.80067
883. Current log-likelihood: -603418.76599
884. Current log-likelihood: -603418.73171
885. Current log-likelihood: -603418.69783
886. Current log-likelihood: -603418.66435
887. Current log-likelihood: -603418.63126
888. Current log-likelihood: -603418.59853
889. Current log-likelihood: -603418.56617
890. Current log-likelihood: -603418.53433
891. Current log-likelihood: -603418.50275
892. Current log-likelihood: -603418.47154
893. Current log-likelihood: -603418.44071
894. Current log-likelihood: -603418.41022
895. Current log-likelihood: -603418.38015
896. Current log-likelihood: -603418.35042
897. Current log-likelihood: -603418.32104
898. Current log-likelihood: -603418.29197
899. Current log-likelihood: -603418.26324
900. Current log-likelihood: -603418.23491
901. Current log-likelihood: -603418.20697
902. Current log-likelihood: -603418.17826
903. Current log-likelihood: -603418.14896
904. Current log-likelihood: -603418.12006
905. Current log-likelihood: -603418.09159
906. Current log-likelihood: -603418.06438
907. Current log-likelihood: -603418.03713
908. Current log-likelihood: -603418.00991
909. Current log-likelihood: -603417.98302
910. Current log-likelihood: -603417.95654
911. Current log-likelihood: -603417.93035
912. Current log-likelihood: -603417.90397
913. Current log-likelihood: -603417.87823
914. Current log-likelihood: -603417.85367
915. Current log-likelihood: -603417.82986
916. Current log-likelihood: -603417.80554
917. Current log-likelihood: -603417.78130
918. Current log-likelihood: -603417.75732
919. Current log-likelihood: -603417.73364
920. Current log-likelihood: -603417.70981
921. Current log-likelihood: -603417.68656
922. Current log-likelihood: -603417.66360
923. Current log-likelihood: -603417.64097
924. Current log-likelihood: -603417.61867
925. Current log-likelihood: -603417.59656
926. Current log-likelihood: -603417.57480
927. Current log-likelihood: -603417.55406
928. Current log-likelihood: -603417.53269
929. Current log-likelihood: -603417.51182
930. Current log-likelihood: -603417.49186
931. Current log-likelihood: -603417.47242
932. Current log-likelihood: -603417.45261
933. Current log-likelihood: -603417.43289
934. Current log-likelihood: -603417.41291
935. Current log-likelihood: -603417.39359
936. Current log-likelihood: -603417.37236
937. Current log-likelihood: -603417.35687
938. Current log-likelihood: -603417.33981
939. Current log-likelihood: -603417.32310
940. Current log-likelihood: -603417.30673
941. Current log-likelihood: -603417.29043
942. Current log-likelihood: -603417.27450
943. Current log-likelihood: -603417.25864
944. Current log-likelihood: -603417.24313
945. Current log-likelihood: -603417.22769
946. Current log-likelihood: -603417.21256
947. Current log-likelihood: -603417.19588
948. Current log-likelihood: -603417.17941
949. Current log-likelihood: -603417.16314
950. Current log-likelihood: -603417.14693
951. Current log-likelihood: -603417.13097
952. Current log-likelihood: -603417.11529
953. Current log-likelihood: -603417.09964
954. Current log-likelihood: -603417.08424
955. Current log-likelihood: -603417.06911
956. Current log-likelihood: -603417.05402
957. Current log-likelihood: -603417.03908
958. Current log-likelihood: -603417.02265
959. Current log-likelihood: -603417.01112
960. Current log-likelihood: -603416.99669
961. Current log-likelihood: -603416.98255
962. Current log-likelihood: -603416.96851
963. Current log-likelihood: -603416.95306
964. Current log-likelihood: -603416.94226
965. Current log-likelihood: -603416.92868
966. Current log-likelihood: -603416.91536
967. Current log-likelihood: -603416.90212
968. Current log-likelihood: -603416.89180
969. Current log-likelihood: -603416.87878
970. Current log-likelihood: -603416.86604
971. Current log-likelihood: -603416.85343
972. Current log-likelihood: -603416.84354
973. Current log-likelihood: -603416.83117
974. Current log-likelihood: -603416.81902
975. Current log-likelihood: -603416.80699
976. Current log-likelihood: -603416.79753
977. Current log-likelihood: -603416.78572
978. Current log-likelihood: -603416.77411
979. Current log-likelihood: -603416.76263
980. Current log-likelihood: -603416.75365
981. Current log-likelihood: -603416.74240
982. Current log-likelihood: -603416.73124
983. Current log-likelihood: -603416.72030
984. Current log-likelihood: -603416.71175
985. Current log-likelihood: -603416.70100
986. Current log-likelihood: -603416.69037
987. Current log-likelihood: -603416.68217
988. Current log-likelihood: -603416.67177
989. Current log-likelihood: -603416.66142
990. Current log-likelihood: -603416.65358
991. Current log-likelihood: -603416.64343
992. Current log-likelihood: -603416.63354
993. Current log-likelihood: -603416.62598
994. Current log-likelihood: -603416.61613
995. Current log-likelihood: -603416.60659
996. Current log-likelihood: -603416.59917
997. Current log-likelihood: -603416.58971
998. Current log-likelihood: -603416.58043
999. Current log-likelihood: -603416.57336
1000. Current log-likelihood: -603416.56423
1001. Current log-likelihood: -603416.55520
1002. Current log-likelihood: -603416.54827
1003. Current log-likelihood: -603416.53903
1004. Current log-likelihood: -603416.53000
1005. Current log-likelihood: -603416.52316
1006. Current log-likelihood: -603416.51417
1007. Current log-likelihood: -603416.50547
1008. Current log-likelihood: -603416.49877
1009. Current log-likelihood: -603416.49014
1010. Current log-likelihood: -603416.48170
1011. Current log-likelihood: -603416.47532
1012. Current log-likelihood: -603416.46700
1013. Current log-likelihood: -603416.45879
1014. Current log-likelihood: -603416.45266
1015. Current log-likelihood: -603416.44457
1016. Current log-likelihood: -603416.43674
1017. Current log-likelihood: -603416.43083
1018. Current log-likelihood: -603416.42301
1019. Current log-likelihood: -603416.41545
1020. Current log-likelihood: -603416.40975
1021. Current log-likelihood: -603416.40213
1022. Current log-likelihood: -603416.39483
1023. Current log-likelihood: -603416.38926
1024. Current log-likelihood: -603416.38202
1025. Current log-likelihood: -603416.37497
1026. Current log-likelihood: -603416.36963
1027. Current log-likelihood: -603416.36271
1028. Current log-likelihood: -603416.35778
1029. Current log-likelihood: -603416.35098
1030. Current log-likelihood: -603416.34432
1031. Current log-likelihood: -603416.33938
1032. Current log-likelihood: -603416.33281
1033. Current log-likelihood: -603416.32531
1034. Current log-likelihood: -603416.32063
1035. Current log-likelihood: -603416.31427
1036. Current log-likelihood: -603416.30978
1037. Current log-likelihood: -603416.30364
1038. Current log-likelihood: -603416.29661
1039. Current log-likelihood: -603416.29221
1040. Current log-likelihood: -603416.28630
1041. Current log-likelihood: -603416.28204
1042. Current log-likelihood: -603416.27645
1043. Current log-likelihood: -603416.27221
1044. Current log-likelihood: -603416.26676
1045. Current log-likelihood: -603416.26254
1046. Current log-likelihood: -603416.25726
1047. Current log-likelihood: -603416.25316
1048. Current log-likelihood: -603416.24773
1049. Current log-likelihood: -603416.24392
1050. Current log-likelihood: -603416.23891
1051. Current log-likelihood: -603416.23503
1052. Current log-likelihood: -603416.23015
1053. Current log-likelihood: -603416.22646
1054. Current log-likelihood: -603416.22186
1055. Current log-likelihood: -603416.21812
1056. Current log-likelihood: -603416.21360
1057. Current log-likelihood: -603416.21002
1058. Current log-likelihood: -603416.20512
1059. Current log-likelihood: -603416.20138
1060. Current log-likelihood: -603416.19665
1061. Current log-likelihood: -603416.19304
1062. Current log-likelihood: -603416.18847
1063. Current log-likelihood: -603416.18482
1064. Current log-likelihood: -603416.18034
1065. Current log-likelihood: -603416.17687
1066. Current log-likelihood: -603416.17253
1067. Current log-likelihood: -603416.16910
1068. Current log-likelihood: -603416.16494
1069. Current log-likelihood: -603416.16165
1070. Current log-likelihood: -603416.15759
1071. Current log-likelihood: -603416.15430
1072. Current log-likelihood: -603416.15033
1073. Current log-likelihood: -603416.14719
1074. Current log-likelihood: -603416.14333
1075. Current log-likelihood: -603416.14013
1076. Current log-likelihood: -603416.13640
1077. Current log-likelihood: -603416.13344
1078. Current log-likelihood: -603416.12985
1079. Current log-likelihood: -603416.12686
1080. Current log-likelihood: -603416.12553
1081. Current log-likelihood: -603416.12169
1082. Current log-likelihood: -603416.11895
1083. Current log-likelihood: -603416.11554
1084. Current log-likelihood: -603416.11278
1085. Current log-likelihood: -603416.11158
1086. Current log-likelihood: -603416.10801
1087. Current log-likelihood: -603416.10543
1088. Current log-likelihood: -603416.10440
1089. Current log-likelihood: -603416.10097
1090. Current log-likelihood: -603416.09837
1091. Current log-likelihood: -603416.09522
1092. Current log-likelihood: -603416.09263
1093. Current log-likelihood: -603416.09160
1094. Current log-likelihood: -603416.08837
1095. Current log-likelihood: -603416.08593
1096. Current log-likelihood: -603416.08500
Final estimation on weights:
0.47598,0.00728,0.51675
Wrote distance file to... 
BEST SCORE FOUND : -603416.08500
Total tree lengths: 0.58067 2.08141 0.08962

Total number of iterations: 1094
CPU time used for tree search: 0.00002 sec (0h:0m:0s)
Wall-clock time used for tree search: 0.00001 sec (0h:0m:0s)
Total CPU time used: 158363.44801 sec (43h:59m:23s)
Total wall-clock time used: 4690.43781 sec (1h:18m:10s)

Analysis results written to: 
  IQ-TREE report:                mast_hdr_occ80_JU3237_quartet_13.submodel6.iqtree
  Maximum-likelihood tree:       mast_hdr_occ80_JU3237_quartet_13.submodel6.treefile
  Screen log file:               mast_hdr_occ80_JU3237_quartet_13.submodel6.log

Date and Time: Thu Jul  9 01:40:22 2026
