IQ-TREE version 3.0.1 for Linux x86 64-bit built Jul  9 2025
Developed by Bui Quang Minh, Thomas Wong, Nhan Ly-Trong, Huaiyan Ren
Contributed by Lam-Tung Nguyen, Dominik Schrempf, Chris Bielow,
Olga Chernomor, Michael Woodhams, Diep Thi Hoang, Heiko Schmidt

Host:    c350 (AVX512, FMA3, 188 GB RAM)
Command: iqtree3 -s /vast/eande106/projects/Nicolas/github/CB_PopGen_HDR_MS/processed_data/tree_topology/mast/mast_all/occ80_JU3237_quartet_06_supermatrix.clean.fas -m TMIX{LG+FO+G,LG+FO+G,LG+FO+G}+T -te /vast/eande106/projects/Nicolas/github/CB_PopGen_HDR_MS/processed_data/tree_topology/mast/quartet_topologies/quartet_06_JU1420_JU3237_topologies.tre --prefix mast_all_occ80_JU3237_quartet_06.submodel1 -T 48
Seed:    634585 (Using SPRNG - Scalable Parallel Random Number Generator)
Time:    Wed Jul  8 23:20:53 2026
Kernel:  AVX+FMA - 48 threads (48 CPU cores detected)

Reading alignment file /vast/eande106/projects/Nicolas/github/CB_PopGen_HDR_MS/processed_data/tree_topology/mast/mast_all/occ80_JU3237_quartet_06_supermatrix.clean.fas ... Fasta format detected
Reading fasta file: done in 0.208586 secs using 50.25% CPU
Alignment most likely contains protein sequences
Constructing alignment: done in 3.06985 secs using 13.64% CPU
WARNING: 1 sites contain only gaps or ambiguous characters.
Alignment has 4 sequences with 2782800 columns, 12559 distinct patterns
21812 parsimony-informative, 429296 singleton sites, 2331692 constant sites
        Gap/Ambiguity  Composition  p-value
Analyzing sequences: done in 0.000181153 secs using 98.81% CPU
   1  PX506     4.88%    failed      0.00%
   2  JU1420    2.99%    failed      4.43%
   3  JU3237    2.08%    passed     74.65%
   4  QX1410    2.04%    passed     93.77%
****  TOTAL     3.00%  2 sequences failed composition chi2 test (p-value<5%; df=19)
Number of input trees: 3
Minimum branch length is set to 0.0000010
Checking for duplicate sequences: done in 0.00247621 secs using 4034% CPU

NOTE: 93 MB RAM (0 GB) is required!
According to the parsimony scores along the sites, the tree weights are initialized to:
0.9647900,0.0142124,0.0209976
Estimate model parameters (epsilon = 0.00100)
1. Initial log-likelihood: -10749364.49350
2. Current log-likelihood: -10747695.35660
3. Current log-likelihood: -10743878.10138
4. Current log-likelihood: -10743384.33603
5. Current log-likelihood: -10743327.29393
6. Current log-likelihood: -10743278.00911
7. Current log-likelihood: -10743233.47449
8. Current log-likelihood: -10743194.77274
9. Current log-likelihood: -10743160.79359
10. Current log-likelihood: -10743131.11237
11. Current log-likelihood: -10743105.30746
12. Current log-likelihood: -10743082.99498
13. Current log-likelihood: -10743063.71552
14. Current log-likelihood: -10743047.16870
15. Current log-likelihood: -10743033.01694
16. Current log-likelihood: -10743020.95151
17. Current log-likelihood: -10743010.69302
18. Current log-likelihood: -10743001.98490
19. Current log-likelihood: -10742994.62634
20. Current log-likelihood: -10742988.41106
21. Current log-likelihood: -10742983.18987
22. Current log-likelihood: -10742978.78535
23. Current log-likelihood: -10742975.11082
24. Current log-likelihood: -10742972.03484
25. Current log-likelihood: -10742969.44500
26. Current log-likelihood: -10742967.28894
27. Current log-likelihood: -10742965.45696
28. Current log-likelihood: -10742963.94471
29. Current log-likelihood: -10742962.66589
30. Current log-likelihood: -10742961.59826
31. Current log-likelihood: -10742960.68597
32. Current log-likelihood: -10742959.91996
33. Current log-likelihood: -10742959.27415
34. Current log-likelihood: -10742958.71758
35. Current log-likelihood: -10742958.23920
36. Current log-likelihood: -10742957.82652
37. Current log-likelihood: -10742957.46737
38. Current log-likelihood: -10742957.16065
39. Current log-likelihood: -10742956.96441
40. Current log-likelihood: -10742956.67374
41. Current log-likelihood: -10742956.50427
42. Current log-likelihood: -10742956.27202
43. Current log-likelihood: -10742956.12331
44. Current log-likelihood: -10742955.92881
45. Current log-likelihood: -10742955.76957
46. Current log-likelihood: -10742955.64314
47. Current log-likelihood: -10742955.48507
48. Current log-likelihood: -10742955.36455
49. Current log-likelihood: -10742955.22916
50. Current log-likelihood: -10742955.11673
51. Current log-likelihood: -10742954.98965
52. Current log-likelihood: -10742954.87191
53. Current log-likelihood: -10742954.76563
54. Current log-likelihood: -10742954.64992
55. Current log-likelihood: -10742954.54567
56. Current log-likelihood: -10742954.43528
57. Current log-likelihood: -10742954.33344
58. Current log-likelihood: -10742954.22652
59. Current log-likelihood: -10742954.12620
60. Current log-likelihood: -10742954.01981
61. Current log-likelihood: -10742953.92048
62. Current log-likelihood: -10742953.81780
63. Current log-likelihood: -10742953.71919
64. Current log-likelihood: -10742953.61838
65. Current log-likelihood: -10742953.52073
66. Current log-likelihood: -10742953.42016
67. Current log-likelihood: -10742953.32271
68. Current log-likelihood: -10742953.22582
69. Current log-likelihood: -10742953.12637
70. Current log-likelihood: -10742953.02984
71. Current log-likelihood: -10742952.93312
72. Current log-likelihood: -10742952.83276
73. Current log-likelihood: -10742952.73682
74. Current log-likelihood: -10742952.63885
75. Current log-likelihood: -10742952.54311
76. Current log-likelihood: -10742952.44541
77. Current log-likelihood: -10742952.34995
78. Current log-likelihood: -10742952.25412
79. Current log-likelihood: -10742952.15897
80. Current log-likelihood: -10742952.06144
81. Current log-likelihood: -10742951.96652
82. Current log-likelihood: -10742951.86989
83. Current log-likelihood: -10742951.77524
84. Current log-likelihood: -10742951.67850
85. Current log-likelihood: -10742951.58383
86. Current log-likelihood: -10742951.48929
87. Current log-likelihood: -10742951.39281
88. Current log-likelihood: -10742951.29845
89. Current log-likelihood: -10742951.20426
90. Current log-likelihood: -10742951.10823
91. Current log-likelihood: -10742951.01410
92. Current log-likelihood: -10742950.92031
93. Current log-likelihood: -10742950.82454
94. Current log-likelihood: -10742950.73099
95. Current log-likelihood: -10742950.63552
96. Current log-likelihood: -10742950.54215
97. Current log-likelihood: -10742950.44700
98. Current log-likelihood: -10742950.35373
99. Current log-likelihood: -10742950.25890
100. Current log-likelihood: -10742950.16572
101. Current log-likelihood: -10742950.06926
102. Current log-likelihood: -10742949.88527
103. Current log-likelihood: -10742949.69816
104. Current log-likelihood: -10742949.51078
105. Current log-likelihood: -10742949.32554
106. Current log-likelihood: -10742949.13897
107. Current log-likelihood: -10742948.95441
108. Current log-likelihood: -10742948.76800
109. Current log-likelihood: -10742948.58438
110. Current log-likelihood: -10742948.39949
111. Current log-likelihood: -10742948.21647
112. Current log-likelihood: -10742948.03084
113. Current log-likelihood: -10742947.85119
114. Current log-likelihood: -10742947.66639
115. Current log-likelihood: -10742947.48493
116. Current log-likelihood: -10742947.30238
117. Current log-likelihood: -10742947.11998
118. Current log-likelihood: -10742946.93835
119. Current log-likelihood: -10742946.75861
120. Current log-likelihood: -10742946.57761
121. Current log-likelihood: -10742946.39860
122. Current log-likelihood: -10742946.21780
123. Current log-likelihood: -10742946.03968
124. Current log-likelihood: -10742945.86030
125. Current log-likelihood: -10742945.68291
126. Current log-likelihood: -10742945.50381
127. Current log-likelihood: -10742945.32720
128. Current log-likelihood: -10742945.14950
129. Current log-likelihood: -10742944.97369
130. Current log-likelihood: -10742944.79693
131. Current log-likelihood: -10742944.62191
132. Current log-likelihood: -10742944.44581
133. Current log-likelihood: -10742944.27152
134. Current log-likelihood: -10742944.09568
135. Current log-likelihood: -10742943.92454
136. Current log-likelihood: -10742943.74876
137. Current log-likelihood: -10742943.57576
138. Current log-likelihood: -10742943.40227
139. Current log-likelihood: -10742943.23042
140. Current log-likelihood: -10742943.05696
141. Current log-likelihood: -10742942.88798
142. Current log-likelihood: -10742942.71321
143. Current log-likelihood: -10742942.54284
144. Current log-likelihood: -10742942.37160
145. Current log-likelihood: -10742942.20173
146. Current log-likelihood: -10742942.03055
147. Current log-likelihood: -10742941.86393
148. Current log-likelihood: -10742941.69317
149. Current log-likelihood: -10742941.52514
150. Current log-likelihood: -10742941.35640
151. Current log-likelihood: -10742941.18940
152. Current log-likelihood: -10742941.02079
153. Current log-likelihood: -10742940.85653
154. Current log-likelihood: -10742940.68829
155. Current log-likelihood: -10742940.52262
156. Current log-likelihood: -10742940.36051
157. Current log-likelihood: -10742940.19424
158. Current log-likelihood: -10742940.02794
159. Current log-likelihood: -10742939.86625
160. Current log-likelihood: -10742939.70106
161. Current log-likelihood: -10742939.53671
162. Current log-likelihood: -10742939.37410
163. Current log-likelihood: -10742939.21493
164. Current log-likelihood: -10742939.04960
165. Current log-likelihood: -10742938.88610
166. Current log-likelihood: -10742938.72499
167. Current log-likelihood: -10742938.56721
168. Current log-likelihood: -10742938.40527
169. Current log-likelihood: -10742938.24353
170. Current log-likelihood: -10742938.08621
171. Current log-likelihood: -10742937.92472
172. Current log-likelihood: -10742937.76815
173. Current log-likelihood: -10742937.60729
174. Current log-likelihood: -10742937.45148
175. Current log-likelihood: -10742937.29153
176. Current log-likelihood: -10742937.13656
177. Current log-likelihood: -10742936.97730
178. Current log-likelihood: -10742936.82306
179. Current log-likelihood: -10742936.66474
180. Current log-likelihood: -10742936.51135
181. Current log-likelihood: -10742936.35378
182. Current log-likelihood: -10742936.20111
183. Current log-likelihood: -10742936.04446
184. Current log-likelihood: -10742935.89269
185. Current log-likelihood: -10742935.73665
186. Current log-likelihood: -10742935.58556
187. Current log-likelihood: -10742935.43059
188. Current log-likelihood: -10742935.28037
189. Current log-likelihood: -10742935.12594
190. Current log-likelihood: -10742934.97645
191. Current log-likelihood: -10742934.82294
192. Current log-likelihood: -10742934.67418
193. Current log-likelihood: -10742934.52154
194. Current log-likelihood: -10742934.37360
195. Current log-likelihood: -10742934.22175
196. Current log-likelihood: -10742934.07448
197. Current log-likelihood: -10742933.92354
198. Current log-likelihood: -10742933.77717
199. Current log-likelihood: -10742933.62518
200. Current log-likelihood: -10742933.47952
201. Current log-likelihood: -10742933.33025
202. Current log-likelihood: -10742933.11470
203. Current log-likelihood: -10742932.89375
204. Current log-likelihood: -10742932.67479
205. Current log-likelihood: -10742932.45902
206. Current log-likelihood: -10742932.24122
207. Current log-likelihood: -10742932.02588
208. Current log-likelihood: -10742931.81276
209. Current log-likelihood: -10742931.59755
210. Current log-likelihood: -10742931.38481
211. Current log-likelihood: -10742931.17337
212. Current log-likelihood: -10742930.96096
213. Current log-likelihood: -10742930.75086
214. Current log-likelihood: -10742930.54286
215. Current log-likelihood: -10742930.33243
216. Current log-likelihood: -10742930.12494
217. Current log-likelihood: -10742929.91938
218. Current log-likelihood: -10742929.71216
219. Current log-likelihood: -10742929.50719
220. Current log-likelihood: -10742929.30428
221. Current log-likelihood: -10742929.09964
222. Current log-likelihood: -10742928.89725
223. Current log-likelihood: -10742928.69691
224. Current log-likelihood: -10742928.49483
225. Current log-likelihood: -10742928.29505
226. Current log-likelihood: -10742928.09559
227. Current log-likelihood: -10742927.89635
228. Current log-likelihood: -10742927.69891
229. Current log-likelihood: -10742927.50364
230. Current log-likelihood: -10742927.30664
231. Current log-likelihood: -10742927.11210
232. Current log-likelihood: -10742926.91911
233. Current log-likelihood: -10742926.72475
234. Current log-likelihood: -10742926.53241
235. Current log-likelihood: -10742926.34226
236. Current log-likelihood: -10742926.15032
237. Current log-likelihood: -10742925.96055
238. Current log-likelihood: -10742925.77259
239. Current log-likelihood: -10742925.58336
240. Current log-likelihood: -10742925.39615
241. Current log-likelihood: -10742925.21075
242. Current log-likelihood: -10742925.02257
243. Current log-likelihood: -10742924.83775
244. Current log-likelihood: -10742924.65467
245. Current log-likelihood: -10742924.47039
246. Current log-likelihood: -10742924.28808
247. Current log-likelihood: -10742924.10734
248. Current log-likelihood: -10742923.92545
249. Current log-likelihood: -10742923.74632
250. Current log-likelihood: -10742923.56612
251. Current log-likelihood: -10742923.38801
252. Current log-likelihood: -10742923.21139
253. Current log-likelihood: -10742923.03328
254. Current log-likelihood: -10742922.85808
255. Current log-likelihood: -10742922.68190
256. Current log-likelihood: -10742922.50835
257. Current log-likelihood: -10742922.33372
258. Current log-likelihood: -10742922.16482
259. Current log-likelihood: -10742921.98895
260. Current log-likelihood: -10742921.81787
261. Current log-likelihood: -10742921.64804
262. Current log-likelihood: -10742921.47707
263. Current log-likelihood: -10742921.31188
264. Current log-likelihood: -10742921.14142
265. Current log-likelihood: -10742920.97403
266. Current log-likelihood: -10742920.80817
267. Current log-likelihood: -10742920.64105
268. Current log-likelihood: -10742920.47954
269. Current log-likelihood: -10742920.31302
270. Current log-likelihood: -10742920.15340
271. Current log-likelihood: -10742919.98880
272. Current log-likelihood: -10742919.82539
273. Current log-likelihood: -10742919.66751
274. Current log-likelihood: -10742919.50474
275. Current log-likelihood: -10742919.34871
276. Current log-likelihood: -10742919.18784
277. Current log-likelihood: -10742919.02811
278. Current log-likelihood: -10742918.87378
279. Current log-likelihood: -10742918.71411
280. Current log-likelihood: -10742918.56156
281. Current log-likelihood: -10742918.40364
282. Current log-likelihood: -10742918.24880
283. Current log-likelihood: -10742918.09530
284. Current log-likelihood: -10742917.94081
285. Current log-likelihood: -10742917.79127
286. Current log-likelihood: -10742917.63735
287. Current log-likelihood: -10742917.48944
288. Current log-likelihood: -10742917.33671
289. Current log-likelihood: -10742917.18731
290. Current log-likelihood: -10742917.03708
291. Current log-likelihood: -10742916.89174
292. Current log-likelihood: -10742916.74199
293. Current log-likelihood: -10742916.59547
294. Current log-likelihood: -10742916.45295
295. Current log-likelihood: -10742916.30579
296. Current log-likelihood: -10742916.15956
297. Current log-likelihood: -10742916.01817
298. Current log-likelihood: -10742915.87117
299. Current log-likelihood: -10742915.73144
300. Current log-likelihood: -10742915.58701
301. Current log-likelihood: -10742915.44581
302. Current log-likelihood: -10742915.26389
303. Current log-likelihood: -10742915.07473
304. Current log-likelihood: -10742914.88933
305. Current log-likelihood: -10742914.70529
306. Current log-likelihood: -10742914.52198
307. Current log-likelihood: -10742914.34071
308. Current log-likelihood: -10742914.15990
309. Current log-likelihood: -10742913.98038
310. Current log-likelihood: -10742913.80260
311. Current log-likelihood: -10742913.62454
312. Current log-likelihood: -10742913.44847
313. Current log-likelihood: -10742913.27487
314. Current log-likelihood: -10742913.10000
315. Current log-likelihood: -10742912.92738
316. Current log-likelihood: -10742912.75705
317. Current log-likelihood: -10742912.58541
318. Current log-likelihood: -10742912.41615
319. Current log-likelihood: -10742912.24908
320. Current log-likelihood: -10742912.08068
321. Current log-likelihood: -10742911.91441
322. Current log-likelihood: -10742911.75037
323. Current log-likelihood: -10742911.58533
324. Current log-likelihood: -10742911.42224
325. Current log-likelihood: -10742911.26133
326. Current log-likelihood: -10742911.09918
327. Current log-likelihood: -10742910.94382
328. Current log-likelihood: -10742910.78329
329. Current log-likelihood: -10742910.62423
330. Current log-likelihood: -10742910.46731
331. Current log-likelihood: -10742910.31262
332. Current log-likelihood: -10742910.15649
333. Current log-likelihood: -10742910.00256
334. Current log-likelihood: -10742909.85060
335. Current log-likelihood: -10742909.70387
336. Current log-likelihood: -10742909.54877
337. Current log-likelihood: -10742909.39664
338. Current log-likelihood: -10742909.25142
339. Current log-likelihood: -10742909.10203
340. Current log-likelihood: -10742908.95373
341. Current log-likelihood: -10742908.81127
342. Current log-likelihood: -10742908.66546
343. Current log-likelihood: -10742908.51922
344. Current log-likelihood: -10742908.37551
345. Current log-likelihood: -10742908.23675
346. Current log-likelihood: -10742908.09284
347. Current log-likelihood: -10742907.95194
348. Current log-likelihood: -10742907.81594
349. Current log-likelihood: -10742907.67466
350. Current log-likelihood: -10742907.53655
351. Current log-likelihood: -10742907.40023
352. Current log-likelihood: -10742907.26282
353. Current log-likelihood: -10742907.13085
354. Current log-likelihood: -10742906.99435
355. Current log-likelihood: -10742906.86078
356. Current log-likelihood: -10742906.72858
357. Current log-likelihood: -10742906.60102
358. Current log-likelihood: -10742906.46784
359. Current log-likelihood: -10742906.33647
360. Current log-likelihood: -10742906.21040
361. Current log-likelihood: -10742906.07962
362. Current log-likelihood: -10742905.95533
363. Current log-likelihood: -10742905.82672
364. Current log-likelihood: -10742905.69948
365. Current log-likelihood: -10742905.57727
366. Current log-likelihood: -10742905.45063
367. Current log-likelihood: -10742905.33015
368. Current log-likelihood: -10742905.20633
369. Current log-likelihood: -10742905.08293
370. Current log-likelihood: -10742904.96450
371. Current log-likelihood: -10742904.84177
372. Current log-likelihood: -10742904.72502
373. Current log-likelihood: -10742904.60373
374. Current log-likelihood: -10742904.48844
375. Current log-likelihood: -10742904.36870
376. Current log-likelihood: -10742904.25494
377. Current log-likelihood: -10742904.13657
378. Current log-likelihood: -10742904.02423
379. Current log-likelihood: -10742903.90739
380. Current log-likelihood: -10742903.79645
381. Current log-likelihood: -10742903.68119
382. Current log-likelihood: -10742903.57165
383. Current log-likelihood: -10742903.45764
384. Current log-likelihood: -10742903.34943
385. Current log-likelihood: -10742903.23706
386. Current log-likelihood: -10742903.13021
387. Current log-likelihood: -10742903.01906
388. Current log-likelihood: -10742902.91352
389. Current log-likelihood: -10742902.80395
390. Current log-likelihood: -10742902.69972
391. Current log-likelihood: -10742902.59144
392. Current log-likelihood: -10742902.48850
393. Current log-likelihood: -10742902.38170
394. Current log-likelihood: -10742902.28004
395. Current log-likelihood: -10742902.17463
396. Current log-likelihood: -10742902.07422
397. Current log-likelihood: -10742901.96995
398. Current log-likelihood: -10742901.87077
399. Current log-likelihood: -10742901.76806
400. Current log-likelihood: -10742901.67012
401. Current log-likelihood: -10742901.56839
402. Current log-likelihood: -10742901.44808
403. Current log-likelihood: -10742901.32267
404. Current log-likelihood: -10742901.20488
405. Current log-likelihood: -10742901.08271
406. Current log-likelihood: -10742900.96204
407. Current log-likelihood: -10742900.84288
408. Current log-likelihood: -10742900.72839
409. Current log-likelihood: -10742900.60939
410. Current log-likelihood: -10742900.49310
411. Current log-likelihood: -10742900.38137
412. Current log-likelihood: -10742900.26487
413. Current log-likelihood: -10742900.15497
414. Current log-likelihood: -10742900.04156
415. Current log-likelihood: -10742899.93421
416. Current log-likelihood: -10742899.81975
417. Current log-likelihood: -10742899.71364
418. Current log-likelihood: -10742899.60292
419. Current log-likelihood: -10742899.49868
420. Current log-likelihood: -10742899.38955
421. Current log-likelihood: -10742899.28188
422. Current log-likelihood: -10742899.17897
423. Current log-likelihood: -10742899.07225
424. Current log-likelihood: -10742898.96801
425. Current log-likelihood: -10742898.86782
426. Current log-likelihood: -10742898.76290
427. Current log-likelihood: -10742898.66407
428. Current log-likelihood: -10742898.56118
429. Current log-likelihood: -10742898.46391
430. Current log-likelihood: -10742898.36220
431. Current log-likelihood: -10742898.26643
432. Current log-likelihood: -10742898.16653
433. Current log-likelihood: -10742898.07222
434. Current log-likelihood: -10742897.97367
435. Current log-likelihood: -10742897.88077
436. Current log-likelihood: -10742897.78384
437. Current log-likelihood: -10742897.69233
438. Current log-likelihood: -10742897.59666
439. Current log-likelihood: -10742897.50647
440. Current log-likelihood: -10742897.41244
441. Current log-likelihood: -10742897.32358
442. Current log-likelihood: -10742897.23095
443. Current log-likelihood: -10742897.14340
444. Current log-likelihood: -10742897.05221
445. Current log-likelihood: -10742896.96594
446. Current log-likelihood: -10742896.87602
447. Current log-likelihood: -10742896.79100
448. Current log-likelihood: -10742896.70246
449. Current log-likelihood: -10742896.61869
450. Current log-likelihood: -10742896.53159
451. Current log-likelihood: -10742896.44897
452. Current log-likelihood: -10742896.36230
453. Current log-likelihood: -10742896.28093
454. Current log-likelihood: -10742896.19652
455. Current log-likelihood: -10742896.11639
456. Current log-likelihood: -10742896.03300
457. Current log-likelihood: -10742895.95400
458. Current log-likelihood: -10742895.87198
459. Current log-likelihood: -10742895.79394
460. Current log-likelihood: -10742895.71335
461. Current log-likelihood: -10742895.63644
462. Current log-likelihood: -10742895.55725
463. Current log-likelihood: -10742895.48149
464. Current log-likelihood: -10742895.40281
465. Current log-likelihood: -10742895.32828
466. Current log-likelihood: -10742895.25106
467. Current log-likelihood: -10742895.17762
468. Current log-likelihood: -10742895.10163
469. Current log-likelihood: -10742895.02924
470. Current log-likelihood: -10742894.95431
471. Current log-likelihood: -10742894.88288
472. Current log-likelihood: -10742894.80910
473. Current log-likelihood: -10742894.73860
474. Current log-likelihood: -10742894.66583
475. Current log-likelihood: -10742894.59652
476. Current log-likelihood: -10742894.52474
477. Current log-likelihood: -10742894.45638
478. Current log-likelihood: -10742894.38562
479. Current log-likelihood: -10742894.31795
480. Current log-likelihood: -10742894.24831
481. Current log-likelihood: -10742894.18165
482. Current log-likelihood: -10742894.11285
483. Current log-likelihood: -10742894.04729
484. Current log-likelihood: -10742893.97944
485. Current log-likelihood: -10742893.91481
486. Current log-likelihood: -10742893.85130
487. Current log-likelihood: -10742893.78465
488. Current log-likelihood: -10742893.72201
489. Current log-likelihood: -10742893.65674
490. Current log-likelihood: -10742893.59470
491. Current log-likelihood: -10742893.53026
492. Current log-likelihood: -10742893.46942
493. Current log-likelihood: -10742893.40556
494. Current log-likelihood: -10742893.34547
495. Current log-likelihood: -10742893.28284
496. Current log-likelihood: -10742893.22341
497. Current log-likelihood: -10742893.16166
498. Current log-likelihood: -10742893.10327
499. Current log-likelihood: -10742893.04191
500. Current log-likelihood: -10742892.98427
501. Current log-likelihood: -10742892.92428
502. Current log-likelihood: -10742892.85607
503. Current log-likelihood: -10742892.78562
504. Current log-likelihood: -10742892.71910
505. Current log-likelihood: -10742892.64813
506. Current log-likelihood: -10742892.58254
507. Current log-likelihood: -10742892.51394
508. Current log-likelihood: -10742892.44952
509. Current log-likelihood: -10742892.38203
510. Current log-likelihood: -10742892.31846
511. Current log-likelihood: -10742892.25193
512. Current log-likelihood: -10742892.18958
513. Current log-likelihood: -10742892.12344
514. Current log-likelihood: -10742892.06211
515. Current log-likelihood: -10742891.99784
516. Current log-likelihood: -10742891.93397
517. Current log-likelihood: -10742891.87333
518. Current log-likelihood: -10742891.81058
519. Current log-likelihood: -10742891.75070
520. Current log-likelihood: -10742891.68891
521. Current log-likelihood: -10742891.63015
522. Current log-likelihood: -10742891.56905
523. Current log-likelihood: -10742891.51124
524. Current log-likelihood: -10742891.45464
525. Current log-likelihood: -10742891.39483
526. Current log-likelihood: -10742891.33903
527. Current log-likelihood: -10742891.28054
528. Current log-likelihood: -10742891.22538
529. Current log-likelihood: -10742891.16783
530. Current log-likelihood: -10742891.11374
531. Current log-likelihood: -10742891.05684
532. Current log-likelihood: -10742891.00361
533. Current log-likelihood: -10742890.94775
534. Current log-likelihood: -10742890.89500
535. Current log-likelihood: -10742890.84007
536. Current log-likelihood: -10742890.78844
537. Current log-likelihood: -10742890.73422
538. Current log-likelihood: -10742890.68337
539. Current log-likelihood: -10742890.62980
540. Current log-likelihood: -10742890.57967
541. Current log-likelihood: -10742890.52725
542. Current log-likelihood: -10742890.47785
543. Current log-likelihood: -10742890.42600
544. Current log-likelihood: -10742890.37734
545. Current log-likelihood: -10742890.32645
546. Current log-likelihood: -10742890.27855
547. Current log-likelihood: -10742890.22820
548. Current log-likelihood: -10742890.18098
549. Current log-likelihood: -10742890.13162
550. Current log-likelihood: -10742890.08505
551. Current log-likelihood: -10742890.03629
552. Current log-likelihood: -10742889.99045
553. Current log-likelihood: -10742889.94254
554. Current log-likelihood: -10742889.89726
555. Current log-likelihood: -10742889.84989
556. Current log-likelihood: -10742889.80549
557. Current log-likelihood: -10742889.75876
558. Current log-likelihood: -10742889.71503
559. Current log-likelihood: -10742889.66914
560. Current log-likelihood: -10742889.62590
561. Current log-likelihood: -10742889.58051
562. Current log-likelihood: -10742889.53800
563. Current log-likelihood: -10742889.49334
564. Current log-likelihood: -10742889.45132
565. Current log-likelihood: -10742889.40726
566. Current log-likelihood: -10742889.36596
567. Current log-likelihood: -10742889.32269
568. Current log-likelihood: -10742889.28192
569. Current log-likelihood: -10742889.23917
570. Current log-likelihood: -10742889.19900
571. Current log-likelihood: -10742889.15679
572. Current log-likelihood: -10742889.11707
573. Current log-likelihood: -10742889.07547
574. Current log-likelihood: -10742889.03653
575. Current log-likelihood: -10742888.99556
576. Current log-likelihood: -10742888.95684
577. Current log-likelihood: -10742888.91651
578. Current log-likelihood: -10742888.87853
579. Current log-likelihood: -10742888.83876
580. Current log-likelihood: -10742888.80130
581. Current log-likelihood: -10742888.76196
582. Current log-likelihood: -10742888.72503
583. Current log-likelihood: -10742888.68628
584. Current log-likelihood: -10742888.64959
585. Current log-likelihood: -10742888.61139
586. Current log-likelihood: -10742888.57554
587. Current log-likelihood: -10742888.53791
588. Current log-likelihood: -10742888.50232
589. Current log-likelihood: -10742888.46474
590. Current log-likelihood: -10742888.42928
591. Current log-likelihood: -10742888.39440
592. Current log-likelihood: -10742888.35796
593. Current log-likelihood: -10742888.32381
594. Current log-likelihood: -10742888.28767
595. Current log-likelihood: -10742888.25367
596. Current log-likelihood: -10742888.21975
597. Current log-likelihood: -10742888.18458
598. Current log-likelihood: -10742888.15116
599. Current log-likelihood: -10742888.11647
600. Current log-likelihood: -10742888.08372
601. Current log-likelihood: -10742888.04948
602. Current log-likelihood: -10742888.01194
603. Current log-likelihood: -10742887.97218
604. Current log-likelihood: -10742887.93487
605. Current log-likelihood: -10742887.89827
606. Current log-likelihood: -10742887.85976
607. Current log-likelihood: -10742887.82358
608. Current log-likelihood: -10742887.78557
609. Current log-likelihood: -10742887.75014
610. Current log-likelihood: -10742887.71150
611. Current log-likelihood: -10742887.67639
612. Current log-likelihood: -10742887.63967
613. Current log-likelihood: -10742887.60527
614. Current log-likelihood: -10742887.56904
615. Current log-likelihood: -10742887.53503
616. Current log-likelihood: -10742887.49936
617. Current log-likelihood: -10742887.46580
618. Current log-likelihood: -10742887.43074
619. Current log-likelihood: -10742887.39767
620. Current log-likelihood: -10742887.36292
621. Current log-likelihood: -10742887.33025
622. Current log-likelihood: -10742887.29786
623. Current log-likelihood: -10742887.26363
624. Current log-likelihood: -10742887.23170
625. Current log-likelihood: -10742887.19826
626. Current log-likelihood: -10742887.16704
627. Current log-likelihood: -10742887.13410
628. Current log-likelihood: -10742887.10295
629. Current log-likelihood: -10742887.07059
630. Current log-likelihood: -10742887.03999
631. Current log-likelihood: -10742887.00790
632. Current log-likelihood: -10742886.97796
633. Current log-likelihood: -10742886.94616
634. Current log-likelihood: -10742886.91650
635. Current log-likelihood: -10742886.88546
636. Current log-likelihood: -10742886.85609
637. Current log-likelihood: -10742886.82537
638. Current log-likelihood: -10742886.79656
639. Current log-likelihood: -10742886.76623
640. Current log-likelihood: -10742886.73781
641. Current log-likelihood: -10742886.70930
642. Current log-likelihood: -10742886.67932
643. Current log-likelihood: -10742886.65123
644. Current log-likelihood: -10742886.62340
645. Current log-likelihood: -10742886.59419
646. Current log-likelihood: -10742886.56678
647. Current log-likelihood: -10742886.53802
648. Current log-likelihood: -10742886.51089
649. Current log-likelihood: -10742886.48400
650. Current log-likelihood: -10742886.45575
651. Current log-likelihood: -10742886.42923
652. Current log-likelihood: -10742886.40141
653. Current log-likelihood: -10742886.37516
654. Current log-likelihood: -10742886.34913
655. Current log-likelihood: -10742886.32180
656. Current log-likelihood: -10742886.29617
657. Current log-likelihood: -10742886.26918
658. Current log-likelihood: -10742886.24378
659. Current log-likelihood: -10742886.21853
660. Current log-likelihood: -10742886.19333
661. Current log-likelihood: -10742886.16844
662. Current log-likelihood: -10742886.14218
663. Current log-likelihood: -10742886.11748
664. Current log-likelihood: -10742886.09291
665. Current log-likelihood: -10742886.06853
666. Current log-likelihood: -10742886.04430
667. Current log-likelihood: -10742886.02033
668. Current log-likelihood: -10742885.99486
669. Current log-likelihood: -10742885.97117
670. Current log-likelihood: -10742885.94761
671. Current log-likelihood: -10742885.92401
672. Current log-likelihood: -10742885.90078
673. Current log-likelihood: -10742885.87757
674. Current log-likelihood: -10742885.85288
675. Current log-likelihood: -10742885.83014
676. Current log-likelihood: -10742885.80732
677. Current log-likelihood: -10742885.78466
678. Current log-likelihood: -10742885.76223
679. Current log-likelihood: -10742885.73984
680. Current log-likelihood: -10742885.71608
681. Current log-likelihood: -10742885.69415
682. Current log-likelihood: -10742885.67211
683. Current log-likelihood: -10742885.65034
684. Current log-likelihood: -10742885.62858
685. Current log-likelihood: -10742885.60691
686. Current log-likelihood: -10742885.58396
687. Current log-likelihood: -10742885.56278
688. Current log-likelihood: -10742885.54158
689. Current log-likelihood: -10742885.52044
690. Current log-likelihood: -10742885.49772
691. Current log-likelihood: -10742885.47702
692. Current log-likelihood: -10742885.45607
693. Current log-likelihood: -10742885.43541
694. Current log-likelihood: -10742885.41484
695. Current log-likelihood: -10742885.39450
696. Current log-likelihood: -10742885.37417
697. Current log-likelihood: -10742885.35398
698. Current log-likelihood: -10742885.33389
699. Current log-likelihood: -10742885.31386
700. Current log-likelihood: -10742885.29266
701. Current log-likelihood: -10742885.27318
702. Current log-likelihood: -10742885.25074
703. Current log-likelihood: -10742885.22884
704. Current log-likelihood: -10742885.20539
705. Current log-likelihood: -10742885.18359
706. Current log-likelihood: -10742885.16044
707. Current log-likelihood: -10742885.13911
708. Current log-likelihood: -10742885.11755
709. Current log-likelihood: -10742885.09629
710. Current log-likelihood: -10742885.07367
711. Current log-likelihood: -10742885.05265
712. Current log-likelihood: -10742885.03159
713. Current log-likelihood: -10742885.01082
714. Current log-likelihood: -10742884.98870
715. Current log-likelihood: -10742884.96840
716. Current log-likelihood: -10742884.94785
717. Current log-likelihood: -10742884.92760
718. Current log-likelihood: -10742884.90567
719. Current log-likelihood: -10742884.88567
720. Current log-likelihood: -10742884.86571
721. Current log-likelihood: -10742884.84577
722. Current log-likelihood: -10742884.82596
723. Current log-likelihood: -10742884.80640
724. Current log-likelihood: -10742884.78519
725. Current log-likelihood: -10742884.76609
726. Current log-likelihood: -10742884.74656
727. Current log-likelihood: -10742884.72741
728. Current log-likelihood: -10742884.70824
729. Current log-likelihood: -10742884.68928
730. Current log-likelihood: -10742884.67035
731. Current log-likelihood: -10742884.65000
732. Current log-likelihood: -10742884.63151
733. Current log-likelihood: -10742884.61282
734. Current log-likelihood: -10742884.59428
735. Current log-likelihood: -10742884.57592
736. Current log-likelihood: -10742884.55768
737. Current log-likelihood: -10742884.53810
738. Current log-likelihood: -10742884.51995
739. Current log-likelihood: -10742884.50181
740. Current log-likelihood: -10742884.48394
741. Current log-likelihood: -10742884.46605
742. Current log-likelihood: -10742884.44833
743. Current log-likelihood: -10742884.43062
744. Current log-likelihood: -10742884.41302
745. Current log-likelihood: -10742884.39545
746. Current log-likelihood: -10742884.37798
747. Current log-likelihood: -10742884.36061
748. Current log-likelihood: -10742884.34341
749. Current log-likelihood: -10742884.32622
750. Current log-likelihood: -10742884.30923
751. Current log-likelihood: -10742884.29218
752. Current log-likelihood: -10742884.27536
753. Current log-likelihood: -10742884.25693
754. Current log-likelihood: -10742884.24049
755. Current log-likelihood: -10742884.22376
756. Current log-likelihood: -10742884.20715
757. Current log-likelihood: -10742884.19081
758. Current log-likelihood: -10742884.17424
759. Current log-likelihood: -10742884.15778
760. Current log-likelihood: -10742884.14142
761. Current log-likelihood: -10742884.12516
762. Current log-likelihood: -10742884.10906
763. Current log-likelihood: -10742884.09294
764. Current log-likelihood: -10742884.07703
765. Current log-likelihood: -10742884.06115
766. Current log-likelihood: -10742884.04525
767. Current log-likelihood: -10742884.02944
768. Current log-likelihood: -10742884.01366
769. Current log-likelihood: -10742883.99796
770. Current log-likelihood: -10742883.98241
771. Current log-likelihood: -10742883.96685
772. Current log-likelihood: -10742883.95135
773. Current log-likelihood: -10742883.93614
774. Current log-likelihood: -10742883.92079
775. Current log-likelihood: -10742883.90558
776. Current log-likelihood: -10742883.88894
777. Current log-likelihood: -10742883.87388
778. Current log-likelihood: -10742883.85897
779. Current log-likelihood: -10742883.84393
780. Current log-likelihood: -10742883.82902
781. Current log-likelihood: -10742883.81423
782. Current log-likelihood: -10742883.79946
783. Current log-likelihood: -10742883.78464
784. Current log-likelihood: -10742883.76992
785. Current log-likelihood: -10742883.75399
786. Current log-likelihood: -10742883.73958
787. Current log-likelihood: -10742883.72509
788. Current log-likelihood: -10742883.71055
789. Current log-likelihood: -10742883.69630
790. Current log-likelihood: -10742883.68190
791. Current log-likelihood: -10742883.66762
792. Current log-likelihood: -10742883.65344
793. Current log-likelihood: -10742883.63910
794. Current log-likelihood: -10742883.62482
795. Current log-likelihood: -10742883.61078
796. Current log-likelihood: -10742883.59663
797. Current log-likelihood: -10742883.58268
798. Current log-likelihood: -10742883.56889
799. Current log-likelihood: -10742883.55481
800. Current log-likelihood: -10742883.54111
801. Current log-likelihood: -10742883.52739
802. Current log-likelihood: -10742883.51054
803. Current log-likelihood: -10742883.49550
804. Current log-likelihood: -10742883.48019
805. Current log-likelihood: -10742883.46499
806. Current log-likelihood: -10742883.44991
807. Current log-likelihood: -10742883.43476
808. Current log-likelihood: -10742883.41979
809. Current log-likelihood: -10742883.40490
810. Current log-likelihood: -10742883.38836
811. Current log-likelihood: -10742883.37375
812. Current log-likelihood: -10742883.35888
813. Current log-likelihood: -10742883.34415
814. Current log-likelihood: -10742883.32950
815. Current log-likelihood: -10742883.31476
816. Current log-likelihood: -10742883.30020
817. Current log-likelihood: -10742883.28560
818. Current log-likelihood: -10742883.27103
819. Current log-likelihood: -10742883.25504
820. Current log-likelihood: -10742883.24088
821. Current log-likelihood: -10742883.22643
822. Current log-likelihood: -10742883.21213
823. Current log-likelihood: -10742883.19790
824. Current log-likelihood: -10742883.18368
825. Current log-likelihood: -10742883.16941
826. Current log-likelihood: -10742883.15529
827. Current log-likelihood: -10742883.14123
828. Current log-likelihood: -10742883.12564
829. Current log-likelihood: -10742883.11174
830. Current log-likelihood: -10742883.09779
831. Current log-likelihood: -10742883.08385
832. Current log-likelihood: -10742883.06987
833. Current log-likelihood: -10742883.05614
834. Current log-likelihood: -10742883.04222
835. Current log-likelihood: -10742883.02843
836. Current log-likelihood: -10742883.01472
837. Current log-likelihood: -10742882.99937
838. Current log-likelihood: -10742882.98590
839. Current log-likelihood: -10742882.97215
840. Current log-likelihood: -10742882.95854
841. Current log-likelihood: -10742882.94499
842. Current log-likelihood: -10742882.93143
843. Current log-likelihood: -10742882.91783
844. Current log-likelihood: -10742882.90446
845. Current log-likelihood: -10742882.89091
846. Current log-likelihood: -10742882.87735
847. Current log-likelihood: -10742882.86261
848. Current log-likelihood: -10742882.84924
849. Current log-likelihood: -10742882.83588
850. Current log-likelihood: -10742882.82260
851. Current log-likelihood: -10742882.80929
852. Current log-likelihood: -10742882.79594
853. Current log-likelihood: -10742882.78281
854. Current log-likelihood: -10742882.76950
855. Current log-likelihood: -10742882.75630
856. Current log-likelihood: -10742882.74174
857. Current log-likelihood: -10742882.72867
858. Current log-likelihood: -10742882.71544
859. Current log-likelihood: -10742882.70245
860. Current log-likelihood: -10742882.68927
861. Current log-likelihood: -10742882.67620
862. Current log-likelihood: -10742882.66317
863. Current log-likelihood: -10742882.65013
864. Current log-likelihood: -10742882.63704
865. Current log-likelihood: -10742882.62416
866. Current log-likelihood: -10742882.60959
867. Current log-likelihood: -10742882.59672
868. Current log-likelihood: -10742882.58366
869. Current log-likelihood: -10742882.57085
870. Current log-likelihood: -10742882.55785
871. Current log-likelihood: -10742882.54506
872. Current log-likelihood: -10742882.53207
873. Current log-likelihood: -10742882.51918
874. Current log-likelihood: -10742882.50635
875. Current log-likelihood: -10742882.49349
876. Current log-likelihood: -10742882.47912
877. Current log-likelihood: -10742882.46649
878. Current log-likelihood: -10742882.45355
879. Current log-likelihood: -10742882.44075
880. Current log-likelihood: -10742882.42797
881. Current log-likelihood: -10742882.41516
882. Current log-likelihood: -10742882.40240
883. Current log-likelihood: -10742882.38961
884. Current log-likelihood: -10742882.37687
885. Current log-likelihood: -10742882.36408
886. Current log-likelihood: -10742882.34979
887. Current log-likelihood: -10742882.33722
888. Current log-likelihood: -10742882.32436
889. Current log-likelihood: -10742882.31161
890. Current log-likelihood: -10742882.29889
891. Current log-likelihood: -10742882.28612
892. Current log-likelihood: -10742882.27341
893. Current log-likelihood: -10742882.26065
894. Current log-likelihood: -10742882.24794
895. Current log-likelihood: -10742882.23511
896. Current log-likelihood: -10742882.22227
897. Current log-likelihood: -10742882.20815
898. Current log-likelihood: -10742882.19537
899. Current log-likelihood: -10742882.18261
900. Current log-likelihood: -10742882.16988
901. Current log-likelihood: -10742882.15709
902. Current log-likelihood: -10742882.14309
903. Current log-likelihood: -10742882.12902
904. Current log-likelihood: -10742882.11497
905. Current log-likelihood: -10742882.09919
906. Current log-likelihood: -10742882.08531
907. Current log-likelihood: -10742882.06969
908. Current log-likelihood: -10742882.05564
909. Current log-likelihood: -10742882.03963
910. Current log-likelihood: -10742882.02554
911. Current log-likelihood: -10742882.01128
912. Current log-likelihood: -10742881.99722
913. Current log-likelihood: -10742881.98307
914. Current log-likelihood: -10742881.96717
915. Current log-likelihood: -10742881.95289
916. Current log-likelihood: -10742881.93875
917. Current log-likelihood: -10742881.92290
918. Current log-likelihood: -10742881.90872
919. Current log-likelihood: -10742881.89452
920. Current log-likelihood: -10742881.87854
921. Current log-likelihood: -10742881.86437
922. Current log-likelihood: -10742881.84989
923. Current log-likelihood: -10742881.83547
924. Current log-likelihood: -10742881.81959
925. Current log-likelihood: -10742881.80494
926. Current log-likelihood: -10742881.79033
927. Current log-likelihood: -10742881.77589
928. Current log-likelihood: -10742881.75959
929. Current log-likelihood: -10742881.74518
930. Current log-likelihood: -10742881.73055
931. Current log-likelihood: -10742881.71601
932. Current log-likelihood: -10742881.69951
933. Current log-likelihood: -10742881.68497
934. Current log-likelihood: -10742881.67023
935. Current log-likelihood: -10742881.65345
936. Current log-likelihood: -10742881.63874
937. Current log-likelihood: -10742881.62393
938. Current log-likelihood: -10742881.60724
939. Current log-likelihood: -10742881.59232
940. Current log-likelihood: -10742881.57732
941. Current log-likelihood: -10742881.56046
942. Current log-likelihood: -10742881.54548
943. Current log-likelihood: -10742881.53031
944. Current log-likelihood: -10742881.51335
945. Current log-likelihood: -10742881.49786
946. Current log-likelihood: -10742881.48258
947. Current log-likelihood: -10742881.46531
948. Current log-likelihood: -10742881.44998
949. Current log-likelihood: -10742881.43443
950. Current log-likelihood: -10742881.41694
951. Current log-likelihood: -10742881.40141
952. Current log-likelihood: -10742881.38577
953. Current log-likelihood: -10742881.36804
954. Current log-likelihood: -10742881.35224
955. Current log-likelihood: -10742881.33450
956. Current log-likelihood: -10742881.31837
957. Current log-likelihood: -10742881.30231
958. Current log-likelihood: -10742881.28428
959. Current log-likelihood: -10742881.26801
960. Current log-likelihood: -10742881.25163
961. Current log-likelihood: -10742881.23330
962. Current log-likelihood: -10742881.21691
963. Current log-likelihood: -10742881.19856
964. Current log-likelihood: -10742881.18186
965. Current log-likelihood: -10742881.16305
966. Current log-likelihood: -10742881.14625
967. Current log-likelihood: -10742881.12747
968. Current log-likelihood: -10742881.11047
969. Current log-likelihood: -10742881.09143
970. Current log-likelihood: -10742881.07410
971. Current log-likelihood: -10742881.05495
972. Current log-likelihood: -10742881.03738
973. Current log-likelihood: -10742881.01777
974. Current log-likelihood: -10742881.00011
975. Current log-likelihood: -10742880.97999
976. Current log-likelihood: -10742880.96193
977. Current log-likelihood: -10742880.94189
978. Current log-likelihood: -10742880.92355
979. Current log-likelihood: -10742880.90307
980. Current log-likelihood: -10742880.88451
981. Current log-likelihood: -10742880.86366
982. Current log-likelihood: -10742880.84479
983. Current log-likelihood: -10742880.82387
984. Current log-likelihood: -10742880.80444
985. Current log-likelihood: -10742880.78276
986. Current log-likelihood: -10742880.76332
987. Current log-likelihood: -10742880.74119
988. Current log-likelihood: -10742880.72140
989. Current log-likelihood: -10742880.69893
990. Current log-likelihood: -10742880.67878
991. Current log-likelihood: -10742880.65612
992. Current log-likelihood: -10742880.63547
993. Current log-likelihood: -10742880.61222
994. Current log-likelihood: -10742880.59104
995. Current log-likelihood: -10742880.56716
996. Current log-likelihood: -10742880.54569
997. Current log-likelihood: -10742880.52165
998. Current log-likelihood: -10742880.49759
999. Current log-likelihood: -10742880.47548
1000. Current log-likelihood: -10742880.45049
1001. Current log-likelihood: -10742880.42778
1002. Current log-likelihood: -10742880.40003
1003. Current log-likelihood: -10742880.37217
1004. Current log-likelihood: -10742880.34392
1005. Current log-likelihood: -10742880.31804
1006. Current log-likelihood: -10742880.28817
1007. Current log-likelihood: -10742880.25885
1008. Current log-likelihood: -10742880.23188
1009. Current log-likelihood: -10742880.20081
1010. Current log-likelihood: -10742880.17015
1011. Current log-likelihood: -10742880.13903
1012. Current log-likelihood: -10742880.10733
1013. Current log-likelihood: -10742880.07524
1014. Current log-likelihood: -10742880.04270
1015. Current log-likelihood: -10742880.00950
1016. Current log-likelihood: -10742879.97570
1017. Current log-likelihood: -10742879.94133
1018. Current log-likelihood: -10742879.90659
1019. Current log-likelihood: -10742879.87080
1020. Current log-likelihood: -10742879.83451
1021. Current log-likelihood: -10742879.79717
1022. Current log-likelihood: -10742879.75976
1023. Current log-likelihood: -10742879.72096
1024. Current log-likelihood: -10742879.68194
1025. Current log-likelihood: -10742879.64163
1026. Current log-likelihood: -10742879.60072
1027. Current log-likelihood: -10742879.55876
1028. Current log-likelihood: -10742879.51576
1029. Current log-likelihood: -10742879.47173
1030. Current log-likelihood: -10742879.42694
1031. Current log-likelihood: -10742879.38107
1032. Current log-likelihood: -10742879.33358
1033. Current log-likelihood: -10742879.28546
1034. Current log-likelihood: -10742879.23451
1035. Current log-likelihood: -10742879.18389
1036. Current log-likelihood: -10742879.13010
1037. Current log-likelihood: -10742879.07695
1038. Current log-likelihood: -10742879.02006
1039. Current log-likelihood: -10742878.96356
1040. Current log-likelihood: -10742878.90325
1041. Current log-likelihood: -10742878.84193
1042. Current log-likelihood: -10742878.77782
1043. Current log-likelihood: -10742878.71237
1044. Current log-likelihood: -10742878.64401
1045. Current log-likelihood: -10742878.57396
1046. Current log-likelihood: -10742878.50055
1047. Current log-likelihood: -10742878.42502
1048. Current log-likelihood: -10742878.34526
1049. Current log-likelihood: -10742878.26340
1050. Current log-likelihood: -10742878.17743
1051. Current log-likelihood: -10742878.08826
1052. Current log-likelihood: -10742877.99483
1053. Current log-likelihood: -10742877.89739
1054. Current log-likelihood: -10742877.79449
1055. Current log-likelihood: -10742877.68712
1056. Current log-likelihood: -10742877.57365
1057. Current log-likelihood: -10742877.45464
1058. Current log-likelihood: -10742877.32594
1059. Current log-likelihood: -10742877.19072
1060. Current log-likelihood: -10742877.04678
1061. Current log-likelihood: -10742876.89385
1062. Current log-likelihood: -10742876.72970
1063. Current log-likelihood: -10742876.55426
1064. Current log-likelihood: -10742876.36159
1065. Current log-likelihood: -10742876.15751
1066. Current log-likelihood: -10742875.93413
1067. Current log-likelihood: -10742875.68745
1068. Current log-likelihood: -10742875.41618
1069. Current log-likelihood: -10742875.11638
1070. Current log-likelihood: -10742874.78208
1071. Current log-likelihood: -10742874.40369
1072. Current log-likelihood: -10742873.96734
1073. Current log-likelihood: -10742873.46553
1074. Current log-likelihood: -10742872.87114
1075. Current log-likelihood: -10742872.15152
1076. Current log-likelihood: -10742871.26506
1077. Current log-likelihood: -10742870.10708
1078. Current log-likelihood: -10742867.80157
1079. Current log-likelihood: -10742864.45216
1080. Current log-likelihood: -10742830.15130
1081. Current log-likelihood: -10742789.79441
1082. Current log-likelihood: -10742785.11941
1083. Current log-likelihood: -10742784.38374
1084. Current log-likelihood: -10742784.26387
1085. Current log-likelihood: -10742784.24008
1086. Current log-likelihood: -10742784.23432
1087. Current log-likelihood: -10742784.23349
Final estimation on weights:
0.94695,0.05279,0.00026
Wrote distance file to... 
BEST SCORE FOUND : -10742784.23349
Total tree lengths: 0.27015 0.01504 7.09671

Total number of iterations: 1085
CPU time used for tree search: 0.00004 sec (0h:0m:0s)
Wall-clock time used for tree search: 0.00003 sec (0h:0m:0s)
Total CPU time used: 39975.12813 sec (11h:6m:15s)
Total wall-clock time used: 1465.56956 sec (0h:24m:25s)

Analysis results written to: 
  IQ-TREE report:                mast_all_occ80_JU3237_quartet_06.submodel1.iqtree
  Maximum-likelihood tree:       mast_all_occ80_JU3237_quartet_06.submodel1.treefile
  Screen log file:               mast_all_occ80_JU3237_quartet_06.submodel1.log

Date and Time: Wed Jul  8 23:45:22 2026
