IQ-TREE version 3.0.1 for Linux x86 64-bit built Jul  9 2025
Developed by Bui Quang Minh, Thomas Wong, Nhan Ly-Trong, Huaiyan Ren
Contributed by Lam-Tung Nguyen, Dominik Schrempf, Chris Bielow,
Olga Chernomor, Michael Woodhams, Diep Thi Hoang, Heiko Schmidt

Host:    c213 (AVX512, FMA3, 188 GB RAM)
Command: iqtree3 -s /vast/eande106/projects/Nicolas/github/CB_PopGen_HDR_MS/processed_data/tree_topology/mast/mast_all/occ80_JU3200_quartet_11_supermatrix.clean.fas -m LG+FO+G+T -te /vast/eande106/projects/Nicolas/github/CB_PopGen_HDR_MS/processed_data/tree_topology/mast/quartet_topologies/quartet_11_NIC2150_JU3200_topologies.tre --prefix mast_all_occ80_JU3200_quartet_11.submodel6 -T 48
Seed:    44009 (Using SPRNG - Scalable Parallel Random Number Generator)
Time:    Wed Jul  8 23:22:13 2026
Kernel:  AVX+FMA - 48 threads (48 CPU cores detected)

Reading alignment file /vast/eande106/projects/Nicolas/github/CB_PopGen_HDR_MS/processed_data/tree_topology/mast/mast_all/occ80_JU3200_quartet_11_supermatrix.clean.fas ... Fasta format detected
Reading fasta file: done in 0.194535 secs using 47.67% CPU
Alignment most likely contains protein sequences
Constructing alignment: done in 2.60614 secs using 14.75% CPU
Alignment has 4 sequences with 2362852 columns, 13413 distinct patterns
15024 parsimony-informative, 352056 singleton sites, 1995772 constant sites
         Gap/Ambiguity  Composition  p-value
Analyzing sequences: done in 0.000420468 secs using 31.16% CPU
   1  PX506      4.59%    failed      0.01%
   2  NIC2150    3.01%    passed     34.08%
   3  QX1410     1.98%    passed     99.46%
   4  JU3200     2.12%    passed     95.97%
****  TOTAL      2.92%  1 sequences failed composition chi2 test (p-value<5%; df=19)
Number of input trees: 3
Minimum branch length is set to 0.0000010
Checking for duplicate sequences: done in 0.000432833 secs using 38.12% CPU

NOTE: 99 MB RAM (0 GB) is required!
According to the parsimony scores along the sites, the tree weights are initialized to:
0.8967652,0.0429313,0.0603035
Estimate model parameters (epsilon = 0.00100)
1. Initial log-likelihood: -9090021.83890
2. Current log-likelihood: -9081135.73209
3. Current log-likelihood: -9080679.78934
4. Current log-likelihood: -9080361.91178
5. Current log-likelihood: -9080310.14724
6. Current log-likelihood: -9080299.66382
7. Current log-likelihood: -9080297.18458
8. Current log-likelihood: -9080295.83847
9. Current log-likelihood: -9080294.71931
10. Current log-likelihood: -9080293.61578
11. Current log-likelihood: -9080292.53000
12. Current log-likelihood: -9080291.43411
13. Current log-likelihood: -9080290.33276
14. Current log-likelihood: -9080289.23106
15. Current log-likelihood: -9080288.12179
16. Current log-likelihood: -9080286.98540
17. Current log-likelihood: -9080285.83702
18. Current log-likelihood: -9080284.70845
19. Current log-likelihood: -9080283.57444
20. Current log-likelihood: -9080282.43458
21. Current log-likelihood: -9080281.28697
22. Current log-likelihood: -9080280.09208
23. Current log-likelihood: -9080278.93022
24. Current log-likelihood: -9080277.75234
25. Current log-likelihood: -9080276.57900
26. Current log-likelihood: -9080275.28810
27. Current log-likelihood: -9080274.10186
28. Current log-likelihood: -9080272.86789
29. Current log-likelihood: -9080271.66563
30. Current log-likelihood: -9080270.45749
31. Current log-likelihood: -9080269.24331
32. Current log-likelihood: -9080268.02102
33. Current log-likelihood: -9080266.78933
34. Current log-likelihood: -9080265.51566
35. Current log-likelihood: -9080264.27232
36. Current log-likelihood: -9080263.02282
37. Current log-likelihood: -9080261.76707
38. Current log-likelihood: -9080260.50465
39. Current log-likelihood: -9080259.23051
40. Current log-likelihood: -9080257.95484
41. Current log-likelihood: -9080256.63067
42. Current log-likelihood: -9080255.31425
43. Current log-likelihood: -9080254.01533
44. Current log-likelihood: -9080252.70980
45. Current log-likelihood: -9080251.39786
46. Current log-likelihood: -9080250.04217
47. Current log-likelihood: -9080248.70982
48. Current log-likelihood: -9080247.37484
49. Current log-likelihood: -9080246.03234
50. Current log-likelihood: -9080244.68363
51. Current log-likelihood: -9080243.32819
52. Current log-likelihood: -9080241.96596
53. Current log-likelihood: -9080240.55128
54. Current log-likelihood: -9080239.14650
55. Current log-likelihood: -9080237.75978
56. Current log-likelihood: -9080236.36671
57. Current log-likelihood: -9080234.96669
58. Current log-likelihood: -9080233.52828
59. Current log-likelihood: -9080232.10248
60. Current log-likelihood: -9080230.67590
61. Current log-likelihood: -9080229.24536
62. Current log-likelihood: -9080227.80830
63. Current log-likelihood: -9080226.36396
64. Current log-likelihood: -9080224.91302
65. Current log-likelihood: -9080223.41800
66. Current log-likelihood: -9080221.92600
67. Current log-likelihood: -9080220.45257
68. Current log-likelihood: -9080218.97077
69. Current log-likelihood: -9080217.48222
70. Current log-likelihood: -9080215.98711
71. Current log-likelihood: -9080214.45454
72. Current log-likelihood: -9080212.92391
73. Current log-likelihood: -9080211.40699
74. Current log-likelihood: -9080209.88148
75. Current log-likelihood: -9080208.34984
76. Current log-likelihood: -9080206.81123
77. Current log-likelihood: -9080205.26591
78. Current log-likelihood: -9080203.68517
79. Current log-likelihood: -9080202.12335
80. Current log-likelihood: -9080200.55584
81. Current log-likelihood: -9080198.98144
82. Current log-likelihood: -9080197.40034
83. Current log-likelihood: -9080195.81274
84. Current log-likelihood: -9080194.21849
85. Current log-likelihood: -9080192.61766
86. Current log-likelihood: -9080191.01064
87. Current log-likelihood: -9080189.39806
88. Current log-likelihood: -9080187.74760
89. Current log-likelihood: -9080186.11888
90. Current log-likelihood: -9080184.48434
91. Current log-likelihood: -9080182.84367
92. Current log-likelihood: -9080181.19673
93. Current log-likelihood: -9080179.54383
94. Current log-likelihood: -9080177.88485
95. Current log-likelihood: -9080176.22023
96. Current log-likelihood: -9080174.54937
97. Current log-likelihood: -9080172.85018
98. Current log-likelihood: -9080171.16743
99. Current log-likelihood: -9080169.47777
100. Current log-likelihood: -9080167.78285
101. Current log-likelihood: -9080166.08257
102. Current log-likelihood: -9080163.07690
103. Current log-likelihood: -9080159.82997
104. Current log-likelihood: -9080156.56637
105. Current log-likelihood: -9080153.28450
106. Current log-likelihood: -9080149.99015
107. Current log-likelihood: -9080146.67616
108. Current log-likelihood: -9080143.35088
109. Current log-likelihood: -9080140.01383
110. Current log-likelihood: -9080136.66595
111. Current log-likelihood: -9080133.30834
112. Current log-likelihood: -9080129.94240
113. Current log-likelihood: -9080126.56989
114. Current log-likelihood: -9080123.19152
115. Current log-likelihood: -9080119.80903
116. Current log-likelihood: -9080116.42397
117. Current log-likelihood: -9080113.03800
118. Current log-likelihood: -9080109.65033
119. Current log-likelihood: -9080106.26491
120. Current log-likelihood: -9080102.88416
121. Current log-likelihood: -9080099.51017
122. Current log-likelihood: -9080096.14409
123. Current log-likelihood: -9080092.78828
124. Current log-likelihood: -9080089.44481
125. Current log-likelihood: -9080086.11577
126. Current log-likelihood: -9080082.80339
127. Current log-likelihood: -9080079.50984
128. Current log-likelihood: -9080076.23745
129. Current log-likelihood: -9080072.98875
130. Current log-likelihood: -9080069.76607
131. Current log-likelihood: -9080066.57188
132. Current log-likelihood: -9080063.40858
133. Current log-likelihood: -9080060.27868
134. Current log-likelihood: -9080057.18461
135. Current log-likelihood: -9080054.12887
136. Current log-likelihood: -9080051.11353
137. Current log-likelihood: -9080048.14155
138. Current log-likelihood: -9080045.21529
139. Current log-likelihood: -9080042.33693
140. Current log-likelihood: -9080039.50881
141. Current log-likelihood: -9080036.72414
142. Current log-likelihood: -9080033.99797
143. Current log-likelihood: -9080031.30123
144. Current log-likelihood: -9080028.66409
145. Current log-likelihood: -9080026.08268
146. Current log-likelihood: -9080023.54717
147. Current log-likelihood: -9080021.07375
148. Current log-likelihood: -9080018.66199
149. Current log-likelihood: -9080016.30646
150. Current log-likelihood: -9080014.01423
151. Current log-likelihood: -9080011.78846
152. Current log-likelihood: -9080009.61987
153. Current log-likelihood: -9080007.51648
154. Current log-likelihood: -9080005.48331
155. Current log-likelihood: -9080003.50335
156. Current log-likelihood: -9080001.59804
157. Current log-likelihood: -9079999.75446
158. Current log-likelihood: -9079997.97044
159. Current log-likelihood: -9079996.26316
160. Current log-likelihood: -9079994.60384
161. Current log-likelihood: -9079993.02049
162. Current log-likelihood: -9079991.49649
163. Current log-likelihood: -9079990.03768
164. Current log-likelihood: -9079988.64084
165. Current log-likelihood: -9079987.30024
166. Current log-likelihood: -9079986.01832
167. Current log-likelihood: -9079984.79721
168. Current log-likelihood: -9079983.64146
169. Current log-likelihood: -9079982.52355
170. Current log-likelihood: -9079981.47558
171. Current log-likelihood: -9079980.46806
172. Current log-likelihood: -9079979.52321
173. Current log-likelihood: -9079978.61644
174. Current log-likelihood: -9079977.79359
175. Current log-likelihood: -9079976.98440
176. Current log-likelihood: -9079976.21578
177. Current log-likelihood: -9079975.52828
178. Current log-likelihood: -9079974.83487
179. Current log-likelihood: -9079974.22560
180. Current log-likelihood: -9079973.60375
181. Current log-likelihood: -9079973.06602
182. Current log-likelihood: -9079972.52327
183. Current log-likelihood: -9079972.02107
184. Current log-likelihood: -9079971.57972
185. Current log-likelihood: -9079971.12491
186. Current log-likelihood: -9079970.73846
187. Current log-likelihood: -9079970.38044
188. Current log-likelihood: -9079970.00167
189. Current log-likelihood: -9079969.68879
190. Current log-likelihood: -9079969.39938
191. Current log-likelihood: -9079969.08447
192. Current log-likelihood: -9079968.82577
193. Current log-likelihood: -9079968.58918
194. Current log-likelihood: -9079968.35420
195. Current log-likelihood: -9079968.13267
196. Current log-likelihood: -9079967.94177
197. Current log-likelihood: -9079967.73901
198. Current log-likelihood: -9079967.57203
199. Current log-likelihood: -9079967.41848
200. Current log-likelihood: -9079967.28329
201. Current log-likelihood: -9079967.12828
202. Current log-likelihood: -9079966.97794
203. Current log-likelihood: -9079966.82930
204. Current log-likelihood: -9079966.67120
205. Current log-likelihood: -9079966.54868
206. Current log-likelihood: -9079966.44191
207. Current log-likelihood: -9079966.34464
208. Current log-likelihood: -9079966.23711
209. Current log-likelihood: -9079966.15773
210. Current log-likelihood: -9079966.08715
211. Current log-likelihood: -9079966.02400
212. Current log-likelihood: -9079965.97103
213. Current log-likelihood: -9079965.89680
214. Current log-likelihood: -9079965.84784
215. Current log-likelihood: -9079965.80719
216. Current log-likelihood: -9079965.76994
217. Current log-likelihood: -9079965.73653
218. Current log-likelihood: -9079965.70329
219. Current log-likelihood: -9079965.65484
220. Current log-likelihood: -9079965.62751
221. Current log-likelihood: -9079965.60275
222. Current log-likelihood: -9079965.57762
223. Current log-likelihood: -9079965.55676
224. Current log-likelihood: -9079965.53766
225. Current log-likelihood: -9079965.50397
226. Current log-likelihood: -9079965.48524
227. Current log-likelihood: -9079965.46784
228. Current log-likelihood: -9079965.45151
229. Current log-likelihood: -9079965.43630
230. Current log-likelihood: -9079965.42209
231. Current log-likelihood: -9079965.41014
232. Current log-likelihood: -9079965.39880
233. Current log-likelihood: -9079965.38814
234. Current log-likelihood: -9079965.36192
235. Current log-likelihood: -9079965.35033
236. Current log-likelihood: -9079965.33936
237. Current log-likelihood: -9079965.32887
238. Current log-likelihood: -9079965.31866
239. Current log-likelihood: -9079965.31197
240. Current log-likelihood: -9079965.29633
241. Current log-likelihood: -9079965.28982
242. Current log-likelihood: -9079965.28342
243. Current log-likelihood: -9079965.27707
244. Current log-likelihood: -9079965.27095
245. Current log-likelihood: -9079965.26482
246. Current log-likelihood: -9079965.25040
247. Current log-likelihood: -9079965.24281
248. Current log-likelihood: -9079965.22160
249. Current log-likelihood: -9079965.21470
250. Current log-likelihood: -9079965.20795
251. Current log-likelihood: -9079965.20132
252. Current log-likelihood: -9079965.19479
253. Current log-likelihood: -9079965.18823
254. Current log-likelihood: -9079965.18182
255. Current log-likelihood: -9079965.16407
256. Current log-likelihood: -9079965.15757
257. Current log-likelihood: -9079965.15101
258. Current log-likelihood: -9079965.14457
259. Current log-likelihood: -9079965.13822
260. Current log-likelihood: -9079965.13177
261. Current log-likelihood: -9079965.12547
262. Current log-likelihood: -9079965.11910
263. Current log-likelihood: -9079965.11283
264. Current log-likelihood: -9079965.09595
265. Current log-likelihood: -9079965.08816
266. Current log-likelihood: -9079965.06725
267. Current log-likelihood: -9079965.05977
268. Current log-likelihood: -9079965.05241
269. Current log-likelihood: -9079965.04514
270. Current log-likelihood: -9079965.03782
271. Current log-likelihood: -9079965.03060
272. Current log-likelihood: -9079965.02344
273. Current log-likelihood: -9079965.01619
274. Current log-likelihood: -9079965.00907
275. Current log-likelihood: -9079965.00184
276. Current log-likelihood: -9079964.99473
277. Current log-likelihood: -9079964.97441
278. Current log-likelihood: -9079964.96706
279. Current log-likelihood: -9079964.95960
280. Current log-likelihood: -9079964.95225
281. Current log-likelihood: -9079964.94479
282. Current log-likelihood: -9079964.93746
283. Current log-likelihood: -9079964.93018
284. Current log-likelihood: -9079964.92279
285. Current log-likelihood: -9079964.91536
286. Current log-likelihood: -9079964.90803
287. Current log-likelihood: -9079964.90075
288. Current log-likelihood: -9079964.89351
289. Current log-likelihood: -9079964.88467
290. Current log-likelihood: -9079964.85526
291. Current log-likelihood: -9079964.84683
292. Current log-likelihood: -9079964.83832
293. Current log-likelihood: -9079964.82994
294. Current log-likelihood: -9079964.82143
295. Current log-likelihood: -9079964.81305
296. Current log-likelihood: -9079964.80472
297. Current log-likelihood: -9079964.79623
298. Current log-likelihood: -9079964.78791
299. Current log-likelihood: -9079964.77945
300. Current log-likelihood: -9079964.77111
301. Current log-likelihood: -9079964.76267
302. Current log-likelihood: -9079964.75195
303. Current log-likelihood: -9079964.74108
304. Current log-likelihood: -9079964.73030
305. Current log-likelihood: -9079964.70364
306. Current log-likelihood: -9079964.69223
307. Current log-likelihood: -9079964.67892
308. Current log-likelihood: -9079964.65152
309. Current log-likelihood: -9079964.63881
310. Current log-likelihood: -9079964.62625
311. Current log-likelihood: -9079964.60607
312. Current log-likelihood: -9079964.59323
313. Current log-likelihood: -9079964.58062
314. Current log-likelihood: -9079964.56262
315. Current log-likelihood: -9079964.54972
316. Current log-likelihood: -9079964.53702
317. Current log-likelihood: -9079964.51909
318. Current log-likelihood: -9079964.50613
319. Current log-likelihood: -9079964.49334
320. Current log-likelihood: -9079964.46601
321. Current log-likelihood: -9079964.45167
322. Current log-likelihood: -9079964.43189
323. Current log-likelihood: -9079964.41767
324. Current log-likelihood: -9079964.39802
325. Current log-likelihood: -9079964.38369
326. Current log-likelihood: -9079964.36931
327. Current log-likelihood: -9079964.34970
328. Current log-likelihood: -9079964.33535
329. Current log-likelihood: -9079964.32086
330. Current log-likelihood: -9079964.30127
331. Current log-likelihood: -9079964.28680
332. Current log-likelihood: -9079964.27216
333. Current log-likelihood: -9079964.25267
334. Current log-likelihood: -9079964.23559
335. Current log-likelihood: -9079964.20815
336. Current log-likelihood: -9079964.19190
337. Current log-likelihood: -9079964.17246
338. Current log-likelihood: -9079964.15631
339. Current log-likelihood: -9079964.13496
340. Current log-likelihood: -9079964.11886
341. Current log-likelihood: -9079964.09776
342. Current log-likelihood: -9079964.08132
343. Current log-likelihood: -9079964.06512
344. Current log-likelihood: -9079964.04541
345. Current log-likelihood: -9079964.02895
346. Current log-likelihood: -9079964.01269
347. Current log-likelihood: -9079963.98209
348. Current log-likelihood: -9079963.96405
349. Current log-likelihood: -9079963.94080
350. Current log-likelihood: -9079963.92291
351. Current log-likelihood: -9079963.90132
352. Current log-likelihood: -9079963.88336
353. Current log-likelihood: -9079963.86033
354. Current log-likelihood: -9079963.84206
355. Current log-likelihood: -9079963.82408
356. Current log-likelihood: -9079963.80070
357. Current log-likelihood: -9079963.78251
358. Current log-likelihood: -9079963.76281
359. Current log-likelihood: -9079963.74441
360. Current log-likelihood: -9079963.72626
361. Current log-likelihood: -9079963.69221
362. Current log-likelihood: -9079963.67213
363. Current log-likelihood: -9079963.64865
364. Current log-likelihood: -9079963.62884
365. Current log-likelihood: -9079963.60351
366. Current log-likelihood: -9079963.58352
367. Current log-likelihood: -9079963.55998
368. Current log-likelihood: -9079963.53996
369. Current log-likelihood: -9079963.51486
370. Current log-likelihood: -9079963.49470
371. Current log-likelihood: -9079963.47295
372. Current log-likelihood: -9079963.45258
373. Current log-likelihood: -9079963.41944
374. Current log-likelihood: -9079963.39746
375. Current log-likelihood: -9079963.37012
376. Current log-likelihood: -9079963.34806
377. Current log-likelihood: -9079963.32256
378. Current log-likelihood: -9079963.30049
379. Current log-likelihood: -9079963.27336
380. Current log-likelihood: -9079963.25116
381. Current log-likelihood: -9079963.22730
382. Current log-likelihood: -9079963.20534
383. Current log-likelihood: -9079963.17787
384. Current log-likelihood: -9079963.15567
385. Current log-likelihood: -9079963.12255
386. Current log-likelihood: -9079963.09875
387. Current log-likelihood: -9079963.06901
388. Current log-likelihood: -9079963.04507
389. Current log-likelihood: -9079963.01722
390. Current log-likelihood: -9079962.99325
391. Current log-likelihood: -9079962.96379
392. Current log-likelihood: -9079962.93969
393. Current log-likelihood: -9079962.91357
394. Current log-likelihood: -9079962.88948
395. Current log-likelihood: -9079962.85999
396. Current log-likelihood: -9079962.83569
397. Current log-likelihood: -9079962.79854
398. Current log-likelihood: -9079962.77254
399. Current log-likelihood: -9079962.74428
400. Current log-likelihood: -9079962.71831
401. Current log-likelihood: -9079962.68478
402. Current log-likelihood: -9079962.65269
403. Current log-likelihood: -9079962.61784
404. Current log-likelihood: -9079962.58023
405. Current log-likelihood: -9079962.54597
406. Current log-likelihood: -9079962.50991
407. Current log-likelihood: -9079962.46797
408. Current log-likelihood: -9079962.42763
409. Current log-likelihood: -9079962.38882
410. Current log-likelihood: -9079962.35034
411. Current log-likelihood: -9079962.31187
412. Current log-likelihood: -9079962.27321
413. Current log-likelihood: -9079962.23641
414. Current log-likelihood: -9079962.19789
415. Current log-likelihood: -9079962.15917
416. Current log-likelihood: -9079962.11185
417. Current log-likelihood: -9079962.07269
418. Current log-likelihood: -9079962.02934
419. Current log-likelihood: -9079961.98992
420. Current log-likelihood: -9079961.94707
421. Current log-likelihood: -9079961.90730
422. Current log-likelihood: -9079961.86610
423. Current log-likelihood: -9079961.82644
424. Current log-likelihood: -9079961.77917
425. Current log-likelihood: -9079961.73081
426. Current log-likelihood: -9079961.68844
427. Current log-likelihood: -9079961.64445
428. Current log-likelihood: -9079961.60022
429. Current log-likelihood: -9079961.55642
430. Current log-likelihood: -9079961.51405
431. Current log-likelihood: -9079961.46837
432. Current log-likelihood: -9079961.42598
433. Current log-likelihood: -9079961.37317
434. Current log-likelihood: -9079961.32605
435. Current log-likelihood: -9079961.28105
436. Current log-likelihood: -9079961.23255
437. Current log-likelihood: -9079961.18720
438. Current log-likelihood: -9079961.14042
439. Current log-likelihood: -9079961.09524
440. Current log-likelihood: -9079961.04666
441. Current log-likelihood: -9079960.99663
442. Current log-likelihood: -9079960.94202
443. Current log-likelihood: -9079960.89406
444. Current log-likelihood: -9079960.84271
445. Current log-likelihood: -9079960.79446
446. Current log-likelihood: -9079960.74651
447. Current log-likelihood: -9079960.69526
448. Current log-likelihood: -9079960.64690
449. Current log-likelihood: -9079960.59885
450. Current log-likelihood: -9079960.53768
451. Current log-likelihood: -9079960.48641
452. Current log-likelihood: -9079960.43373
453. Current log-likelihood: -9079960.38112
454. Current log-likelihood: -9079960.32984
455. Current log-likelihood: -9079960.27568
456. Current log-likelihood: -9079960.22461
457. Current log-likelihood: -9079960.17324
458. Current log-likelihood: -9079960.10910
459. Current log-likelihood: -9079960.05525
460. Current log-likelihood: -9079960.00132
461. Current log-likelihood: -9079959.94370
462. Current log-likelihood: -9079959.88982
463. Current log-likelihood: -9079959.83419
464. Current log-likelihood: -9079959.77994
465. Current log-likelihood: -9079959.72293
466. Current log-likelihood: -9079959.66150
467. Current log-likelihood: -9079959.60028
468. Current log-likelihood: -9079959.54335
469. Current log-likelihood: -9079959.48301
470. Current log-likelihood: -9079959.42562
471. Current log-likelihood: -9079959.36865
472. Current log-likelihood: -9079959.30839
473. Current log-likelihood: -9079959.25098
474. Current log-likelihood: -9079959.18231
475. Current log-likelihood: -9079959.12234
476. Current log-likelihood: -9079959.05879
477. Current log-likelihood: -9079958.99840
478. Current log-likelihood: -9079958.93840
479. Current log-likelihood: -9079958.87511
480. Current log-likelihood: -9079958.81468
481. Current log-likelihood: -9079958.75466
482. Current log-likelihood: -9079958.68104
483. Current log-likelihood: -9079958.61741
484. Current log-likelihood: -9079958.55423
485. Current log-likelihood: -9079958.48770
486. Current log-likelihood: -9079958.42415
487. Current log-likelihood: -9079958.36106
488. Current log-likelihood: -9079958.29467
489. Current log-likelihood: -9079958.22416
490. Current log-likelihood: -9079958.15392
491. Current log-likelihood: -9079958.08758
492. Current log-likelihood: -9079958.01791
493. Current log-likelihood: -9079957.95157
494. Current log-likelihood: -9079957.88524
495. Current log-likelihood: -9079957.81895
496. Current log-likelihood: -9079957.74268
497. Current log-likelihood: -9079957.66959
498. Current log-likelihood: -9079957.60023
499. Current log-likelihood: -9079957.53086
500. Current log-likelihood: -9079957.45818
501. Current log-likelihood: -9079957.38891
502. Current log-likelihood: -9079957.30726
503. Current log-likelihood: -9079957.22496
504. Current log-likelihood: -9079957.12681
505. Current log-likelihood: -9079957.04048
506. Current log-likelihood: -9079956.95415
507. Current log-likelihood: -9079956.86251
508. Current log-likelihood: -9079956.77623
509. Current log-likelihood: -9079956.68994
510. Current log-likelihood: -9079956.58882
511. Current log-likelihood: -9079956.49864
512. Current log-likelihood: -9079956.40845
513. Current log-likelihood: -9079956.31836
514. Current log-likelihood: -9079956.22291
515. Current log-likelihood: -9079956.13295
516. Current log-likelihood: -9079956.02952
517. Current log-likelihood: -9079955.93555
518. Current log-likelihood: -9079955.84157
519. Current log-likelihood: -9079955.74769
520. Current log-likelihood: -9079955.64829
521. Current log-likelihood: -9079955.55457
522. Current log-likelihood: -9079955.44718
523. Current log-likelihood: -9079955.34938
524. Current log-likelihood: -9079955.25158
525. Current log-likelihood: -9079955.15390
526. Current log-likelihood: -9079955.05065
527. Current log-likelihood: -9079954.95316
528. Current log-likelihood: -9079954.84158
529. Current log-likelihood: -9079954.73989
530. Current log-likelihood: -9079954.63820
531. Current log-likelihood: -9079954.53665
532. Current log-likelihood: -9079954.42950
533. Current log-likelihood: -9079954.32821
534. Current log-likelihood: -9079954.21236
535. Current log-likelihood: -9079954.10670
536. Current log-likelihood: -9079954.00106
537. Current log-likelihood: -9079953.89558
538. Current log-likelihood: -9079953.78455
539. Current log-likelihood: -9079953.67021
540. Current log-likelihood: -9079953.55435
541. Current log-likelihood: -9079953.44514
542. Current log-likelihood: -9079953.33597
543. Current log-likelihood: -9079953.22693
544. Current log-likelihood: -9079953.11804
545. Current log-likelihood: -9079952.99126
546. Current log-likelihood: -9079952.87811
547. Current log-likelihood: -9079952.76507
548. Current log-likelihood: -9079952.65221
549. Current log-likelihood: -9079952.53953
550. Current log-likelihood: -9079952.41034
551. Current log-likelihood: -9079952.29346
552. Current log-likelihood: -9079952.17671
553. Current log-likelihood: -9079952.06016
554. Current log-likelihood: -9079951.94382
555. Current log-likelihood: -9079951.81325
556. Current log-likelihood: -9079951.69270
557. Current log-likelihood: -9079951.57230
558. Current log-likelihood: -9079951.45212
559. Current log-likelihood: -9079951.32636
560. Current log-likelihood: -9079951.20659
561. Current log-likelihood: -9079951.07191
562. Current log-likelihood: -9079950.94730
563. Current log-likelihood: -9079950.82292
564. Current log-likelihood: -9079950.69880
565. Current log-likelihood: -9079950.57490
566. Current log-likelihood: -9079950.43401
567. Current log-likelihood: -9079950.30571
568. Current log-likelihood: -9079950.17774
569. Current log-likelihood: -9079950.05004
570. Current log-likelihood: -9079949.92257
571. Current log-likelihood: -9079949.77945
572. Current log-likelihood: -9079949.64754
573. Current log-likelihood: -9079949.51594
574. Current log-likelihood: -9079949.38461
575. Current log-likelihood: -9079949.25357
576. Current log-likelihood: -9079949.10644
577. Current log-likelihood: -9079948.97043
578. Current log-likelihood: -9079948.83499
579. Current log-likelihood: -9079948.69991
580. Current log-likelihood: -9079948.56518
581. Current log-likelihood: -9079948.41426
582. Current log-likelihood: -9079948.27495
583. Current log-likelihood: -9079948.13595
584. Current log-likelihood: -9079947.99725
585. Current log-likelihood: -9079947.85891
586. Current log-likelihood: -9079947.70392
587. Current log-likelihood: -9079947.56085
588. Current log-likelihood: -9079947.41814
589. Current log-likelihood: -9079947.27574
590. Current log-likelihood: -9079947.13372
591. Current log-likelihood: -9079946.97452
592. Current log-likelihood: -9079946.82723
593. Current log-likelihood: -9079946.68056
594. Current log-likelihood: -9079946.53430
595. Current log-likelihood: -9079946.38846
596. Current log-likelihood: -9079946.22539
597. Current log-likelihood: -9079946.07467
598. Current log-likelihood: -9079945.92428
599. Current log-likelihood: -9079945.77429
600. Current log-likelihood: -9079945.62469
601. Current log-likelihood: -9079945.45730
602. Current log-likelihood: -9079945.27987
603. Current log-likelihood: -9079945.10146
604. Current log-likelihood: -9079944.91842
605. Current log-likelihood: -9079944.72926
606. Current log-likelihood: -9079944.54592
607. Current log-likelihood: -9079944.35830
608. Current log-likelihood: -9079944.17442
609. Current log-likelihood: -9079943.98040
610. Current log-likelihood: -9079943.79285
611. Current log-likelihood: -9079943.60121
612. Current log-likelihood: -9079943.41298
613. Current log-likelihood: -9079943.21446
614. Current log-likelihood: -9079943.02257
615. Current log-likelihood: -9079942.82661
616. Current log-likelihood: -9079942.63410
617. Current log-likelihood: -9079942.43098
618. Current log-likelihood: -9079942.23478
619. Current log-likelihood: -9079942.03447
620. Current log-likelihood: -9079941.83771
621. Current log-likelihood: -9079941.63029
622. Current log-likelihood: -9079941.42453
623. Current log-likelihood: -9079941.22473
624. Current log-likelihood: -9079941.02406
625. Current log-likelihood: -9079940.80828
626. Current log-likelihood: -9079940.60163
627. Current log-likelihood: -9079940.39748
628. Current log-likelihood: -9079940.19243
629. Current log-likelihood: -9079939.97162
630. Current log-likelihood: -9079939.76047
631. Current log-likelihood: -9079939.55185
632. Current log-likelihood: -9079939.34237
633. Current log-likelihood: -9079939.11722
634. Current log-likelihood: -9079938.90312
635. Current log-likelihood: -9079938.68749
636. Current log-likelihood: -9079938.47329
637. Current log-likelihood: -9079938.24667
638. Current log-likelihood: -9079938.02300
639. Current log-likelihood: -9079937.80536
640. Current log-likelihood: -9079937.58691
641. Current log-likelihood: -9079937.35248
642. Current log-likelihood: -9079937.12925
643. Current log-likelihood: -9079936.90445
644. Current log-likelihood: -9079936.68314
645. Current log-likelihood: -9079936.44334
646. Current log-likelihood: -9079936.21554
647. Current log-likelihood: -9079935.98527
648. Current log-likelihood: -9079935.75968
649. Current log-likelihood: -9079935.51469
650. Current log-likelihood: -9079935.28225
651. Current log-likelihood: -9079935.04744
652. Current log-likelihood: -9079934.81715
653. Current log-likelihood: -9079934.56719
654. Current log-likelihood: -9079934.33003
655. Current log-likelihood: -9079934.09058
656. Current log-likelihood: -9079933.85568
657. Current log-likelihood: -9079933.60071
658. Current log-likelihood: -9079933.35883
659. Current log-likelihood: -9079933.11470
660. Current log-likelihood: -9079932.87514
661. Current log-likelihood: -9079932.61507
662. Current log-likelihood: -9079932.36847
663. Current log-likelihood: -9079932.12144
664. Current log-likelihood: -9079931.86109
665. Current log-likelihood: -9079931.61007
666. Current log-likelihood: -9079931.35689
667. Current log-likelihood: -9079931.10843
668. Current log-likelihood: -9079930.84038
669. Current log-likelihood: -9079930.58520
670. Current log-likelihood: -9079930.33000
671. Current log-likelihood: -9079930.06081
672. Current log-likelihood: -9079929.80127
673. Current log-likelihood: -9079929.53951
674. Current log-likelihood: -9079929.28272
675. Current log-likelihood: -9079929.00559
676. Current log-likelihood: -9079928.74185
677. Current log-likelihood: -9079928.47820
678. Current log-likelihood: -9079928.20006
679. Current log-likelihood: -9079927.93195
680. Current log-likelihood: -9079927.66166
681. Current log-likelihood: -9079927.39645
682. Current log-likelihood: -9079927.11003
683. Current log-likelihood: -9079926.83761
684. Current log-likelihood: -9079926.56536
685. Current log-likelihood: -9079926.27780
686. Current log-likelihood: -9079926.00118
687. Current log-likelihood: -9079925.72480
688. Current log-likelihood: -9079925.43383
689. Current log-likelihood: -9079925.15291
690. Current log-likelihood: -9079924.87238
691. Current log-likelihood: -9079924.59202
692. Current log-likelihood: -9079924.29562
693. Current log-likelihood: -9079924.01058
694. Current log-likelihood: -9079923.72438
695. Current log-likelihood: -9079923.42458
696. Current log-likelihood: -9079923.13529
697. Current log-likelihood: -9079922.84641
698. Current log-likelihood: -9079922.54225
699. Current log-likelihood: -9079922.24902
700. Current log-likelihood: -9079921.95630
701. Current log-likelihood: -9079921.65029
702. Current log-likelihood: -9079921.31615
703. Current log-likelihood: -9079920.97603
704. Current log-likelihood: -9079920.62560
705. Current log-likelihood: -9079920.28129
706. Current log-likelihood: -9079919.94195
707. Current log-likelihood: -9079919.58191
708. Current log-likelihood: -9079919.23573
709. Current log-likelihood: -9079918.88625
710. Current log-likelihood: -9079918.52466
711. Current log-likelihood: -9079918.17044
712. Current log-likelihood: -9079917.82141
713. Current log-likelihood: -9079917.45054
714. Current log-likelihood: -9079917.09437
715. Current log-likelihood: -9079916.73496
716. Current log-likelihood: -9079916.36277
717. Current log-likelihood: -9079915.99843
718. Current log-likelihood: -9079915.63944
719. Current log-likelihood: -9079915.25781
720. Current log-likelihood: -9079914.89155
721. Current log-likelihood: -9079914.52210
722. Current log-likelihood: -9079914.13921
723. Current log-likelihood: -9079913.76424
724. Current log-likelihood: -9079913.39287
725. Current log-likelihood: -9079913.00357
726. Current log-likelihood: -9079912.62682
727. Current log-likelihood: -9079912.24690
728. Current log-likelihood: -9079911.85344
729. Current log-likelihood: -9079911.46639
730. Current log-likelihood: -9079911.08617
731. Current log-likelihood: -9079910.68525
732. Current log-likelihood: -9079910.29818
733. Current log-likelihood: -9079909.90859
734. Current log-likelihood: -9079909.50379
735. Current log-likelihood: -9079909.10638
736. Current log-likelihood: -9079908.71593
737. Current log-likelihood: -9079908.30376
738. Current log-likelihood: -9079907.90633
739. Current log-likelihood: -9079907.50648
740. Current log-likelihood: -9079907.09062
741. Current log-likelihood: -9079906.68243
742. Current log-likelihood: -9079906.28182
743. Current log-likelihood: -9079905.85651
744. Current log-likelihood: -9079905.44762
745. Current log-likelihood: -9079905.04187
746. Current log-likelihood: -9079904.61127
747. Current log-likelihood: -9079904.19788
748. Current log-likelihood: -9079903.78495
749. Current log-likelihood: -9079903.34819
750. Current log-likelihood: -9079902.92874
751. Current log-likelihood: -9079902.51261
752. Current log-likelihood: -9079902.07065
753. Current log-likelihood: -9079901.64665
754. Current log-likelihood: -9079901.22328
755. Current log-likelihood: -9079900.77543
756. Current log-likelihood: -9079900.34518
757. Current log-likelihood: -9079899.91662
758. Current log-likelihood: -9079899.46503
759. Current log-likelihood: -9079899.02718
760. Current log-likelihood: -9079898.59529
761. Current log-likelihood: -9079898.13649
762. Current log-likelihood: -9079897.69635
763. Current log-likelihood: -9079897.23782
764. Current log-likelihood: -9079896.79222
765. Current log-likelihood: -9079896.34854
766. Current log-likelihood: -9079895.88275
767. Current log-likelihood: -9079895.43077
768. Current log-likelihood: -9079894.96554
769. Current log-likelihood: -9079894.51110
770. Current log-likelihood: -9079894.05600
771. Current log-likelihood: -9079893.58262
772. Current log-likelihood: -9079893.12101
773. Current log-likelihood: -9079892.64677
774. Current log-likelihood: -9079892.18008
775. Current log-likelihood: -9079891.72011
776. Current log-likelihood: -9079891.23385
777. Current log-likelihood: -9079890.76667
778. Current log-likelihood: -9079890.28038
779. Current log-likelihood: -9079889.80790
780. Current log-likelihood: -9079889.33721
781. Current log-likelihood: -9079888.84274
782. Current log-likelihood: -9079888.36648
783. Current log-likelihood: -9079887.87029
784. Current log-likelihood: -9079887.38929
785. Current log-likelihood: -9079886.90688
786. Current log-likelihood: -9079886.40471
787. Current log-likelihood: -9079885.91360
788. Current log-likelihood: -9079885.41147
789. Current log-likelihood: -9079884.91796
790. Current log-likelihood: -9079884.42886
791. Current log-likelihood: -9079883.91495
792. Current log-likelihood: -9079883.41719
793. Current log-likelihood: -9079882.90383
794. Current log-likelihood: -9079882.40124
795. Current log-likelihood: -9079881.88595
796. Current log-likelihood: -9079881.37878
797. Current log-likelihood: -9079880.87724
798. Current log-likelihood: -9079880.35072
799. Current log-likelihood: -9079879.83943
800. Current log-likelihood: -9079879.31402
801. Current log-likelihood: -9079878.79801
802. Current log-likelihood: -9079878.21527
803. Current log-likelihood: -9079877.63586
804. Current log-likelihood: -9079877.03815
805. Current log-likelihood: -9079876.45800
806. Current log-likelihood: -9079875.85385
807. Current log-likelihood: -9079875.26900
808. Current log-likelihood: -9079874.65990
809. Current log-likelihood: -9079874.07043
810. Current log-likelihood: -9079873.45606
811. Current log-likelihood: -9079872.86083
812. Current log-likelihood: -9079872.24437
813. Current log-likelihood: -9079871.64373
814. Current log-likelihood: -9079871.02006
815. Current log-likelihood: -9079870.41549
816. Current log-likelihood: -9079869.78929
817. Current log-likelihood: -9079869.17937
818. Current log-likelihood: -9079868.54707
819. Current log-likelihood: -9079867.93150
820. Current log-likelihood: -9079867.29576
821. Current log-likelihood: -9079866.67559
822. Current log-likelihood: -9079866.03440
823. Current log-likelihood: -9079865.40976
824. Current log-likelihood: -9079864.76417
825. Current log-likelihood: -9079864.13433
826. Current log-likelihood: -9079863.48389
827. Current log-likelihood: -9079862.85051
828. Current log-likelihood: -9079862.19435
829. Current log-likelihood: -9079861.55576
830. Current log-likelihood: -9079860.89548
831. Current log-likelihood: -9079860.25181
832. Current log-likelihood: -9079859.58667
833. Current log-likelihood: -9079858.93967
834. Current log-likelihood: -9079858.26828
835. Current log-likelihood: -9079857.61578
836. Current log-likelihood: -9079856.94092
837. Current log-likelihood: -9079856.28608
838. Current log-likelihood: -9079855.60441
839. Current log-likelihood: -9079854.94263
840. Current log-likelihood: -9079854.25877
841. Current log-likelihood: -9079853.59336
842. Current log-likelihood: -9079852.90430
843. Current log-likelihood: -9079852.23446
844. Current log-likelihood: -9079851.53827
845. Current log-likelihood: -9079850.86361
846. Current log-likelihood: -9079850.16524
847. Current log-likelihood: -9079849.48619
848. Current log-likelihood: -9079848.78245
849. Current log-likelihood: -9079848.09885
850. Current log-likelihood: -9079847.38801
851. Current log-likelihood: -9079846.70149
852. Current log-likelihood: -9079845.98750
853. Current log-likelihood: -9079845.29460
854. Current log-likelihood: -9079844.57511
855. Current log-likelihood: -9079843.87901
856. Current log-likelihood: -9079843.15530
857. Current log-likelihood: -9079842.45333
858. Current log-likelihood: -9079841.72419
859. Current log-likelihood: -9079841.01909
860. Current log-likelihood: -9079840.28569
861. Current log-likelihood: -9079839.57468
862. Current log-likelihood: -9079838.83589
863. Current log-likelihood: -9079838.12178
864. Current log-likelihood: -9079837.37875
865. Current log-likelihood: -9079836.65875
866. Current log-likelihood: -9079835.91038
867. Current log-likelihood: -9079835.18594
868. Current log-likelihood: -9079834.43382
869. Current log-likelihood: -9079833.70507
870. Current log-likelihood: -9079832.94711
871. Current log-likelihood: -9079832.21378
872. Current log-likelihood: -9079831.45212
873. Current log-likelihood: -9079830.71450
874. Current log-likelihood: -9079829.94704
875. Current log-likelihood: -9079829.20709
876. Current log-likelihood: -9079828.43506
877. Current log-likelihood: -9079827.69082
878. Current log-likelihood: -9079826.91303
879. Current log-likelihood: -9079826.16200
880. Current log-likelihood: -9079825.38210
881. Current log-likelihood: -9079824.62682
882. Current log-likelihood: -9079823.84053
883. Current log-likelihood: -9079823.08082
884. Current log-likelihood: -9079822.29158
885. Current log-likelihood: -9079821.52764
886. Current log-likelihood: -9079820.73204
887. Current log-likelihood: -9079819.96388
888. Current log-likelihood: -9079819.16527
889. Current log-likelihood: -9079818.39266
890. Current log-likelihood: -9079817.58849
891. Current log-likelihood: -9079816.81153
892. Current log-likelihood: -9079816.00381
893. Current log-likelihood: -9079815.22281
894. Current log-likelihood: -9079814.40941
895. Current log-likelihood: -9079813.62402
896. Current log-likelihood: -9079812.80715
897. Current log-likelihood: -9079812.01787
898. Current log-likelihood: -9079811.19528
899. Current log-likelihood: -9079810.40124
900. Current log-likelihood: -9079809.57561
901. Current log-likelihood: -9079808.77788
902. Current log-likelihood: -9079807.87555
903. Current log-likelihood: -9079806.99718
904. Current log-likelihood: -9079806.07539
905. Current log-likelihood: -9079805.19130
906. Current log-likelihood: -9079804.26411
907. Current log-likelihood: -9079803.37539
908. Current log-likelihood: -9079802.44291
909. Current log-likelihood: -9079801.54951
910. Current log-likelihood: -9079800.61221
911. Current log-likelihood: -9079799.71407
912. Current log-likelihood: -9079798.77154
913. Current log-likelihood: -9079797.83891
914. Current log-likelihood: -9079796.92777
915. Current log-likelihood: -9079795.97972
916. Current log-likelihood: -9079795.07028
917. Current log-likelihood: -9079794.11586
918. Current log-likelihood: -9079793.16789
919. Current log-likelihood: -9079792.24685
920. Current log-likelihood: -9079791.28827
921. Current log-likelihood: -9079790.33298
922. Current log-likelihood: -9079789.40472
923. Current log-likelihood: -9079788.43663
924. Current log-likelihood: -9079787.47515
925. Current log-likelihood: -9079786.54000
926. Current log-likelihood: -9079785.56463
927. Current log-likelihood: -9079784.59866
928. Current log-likelihood: -9079783.65728
929. Current log-likelihood: -9079782.67415
930. Current log-likelihood: -9079781.70146
931. Current log-likelihood: -9079780.75260
932. Current log-likelihood: -9079779.76516
933. Current log-likelihood: -9079778.78456
934. Current log-likelihood: -9079777.82870
935. Current log-likelihood: -9079776.83416
936. Current log-likelihood: -9079775.84699
937. Current log-likelihood: -9079774.88503
938. Current log-likelihood: -9079773.88217
939. Current log-likelihood: -9079772.88901
940. Current log-likelihood: -9079771.92107
941. Current log-likelihood: -9079770.91148
942. Current log-likelihood: -9079769.91205
943. Current log-likelihood: -9079768.93792
944. Current log-likelihood: -9079767.92195
945. Current log-likelihood: -9079766.91605
946. Current log-likelihood: -9079765.93666
947. Current log-likelihood: -9079764.91431
948. Current log-likelihood: -9079763.90121
949. Current log-likelihood: -9079762.91652
950. Current log-likelihood: -9079761.89095
951. Current log-likelihood: -9079760.87147
952. Current log-likelihood: -9079759.88098
953. Current log-likelihood: -9079758.84736
954. Current log-likelihood: -9079757.82199
955. Current log-likelihood: -9079756.82959
956. Current log-likelihood: -9079755.78880
957. Current log-likelihood: -9079754.75864
958. Current log-likelihood: -9079753.76004
959. Current log-likelihood: -9079752.71426
960. Current log-likelihood: -9079751.67773
961. Current log-likelihood: -9079750.67430
962. Current log-likelihood: -9079749.62306
963. Current log-likelihood: -9079748.58219
964. Current log-likelihood: -9079747.53908
965. Current log-likelihood: -9079746.49713
966. Current log-likelihood: -9079745.48288
967. Current log-likelihood: -9079744.42265
968. Current log-likelihood: -9079743.37501
969. Current log-likelihood: -9079742.35706
970. Current log-likelihood: -9079741.29121
971. Current log-likelihood: -9079740.23878
972. Current log-likelihood: -9079739.18373
973. Current log-likelihood: -9079738.12604
974. Current log-likelihood: -9079737.06913
975. Current log-likelihood: -9079736.04008
976. Current log-likelihood: -9079734.96695
977. Current log-likelihood: -9079733.90376
978. Current log-likelihood: -9079732.84087
979. Current log-likelihood: -9079731.80675
980. Current log-likelihood: -9079730.72944
981. Current log-likelihood: -9079729.66062
982. Current log-likelihood: -9079728.59304
983. Current log-likelihood: -9079727.52220
984. Current log-likelihood: -9079726.45154
985. Current log-likelihood: -9079725.41186
986. Current log-likelihood: -9079724.32498
987. Current log-likelihood: -9079723.24830
988. Current log-likelihood: -9079722.17296
989. Current log-likelihood: -9079721.09497
990. Current log-likelihood: -9079720.01703
991. Current log-likelihood: -9079718.93594
992. Current log-likelihood: -9079717.85549
993. Current log-likelihood: -9079716.77245
994. Current log-likelihood: -9079715.68985
995. Current log-likelihood: -9079714.60470
996. Current log-likelihood: -9079713.52003
997. Current log-likelihood: -9079712.43289
998. Current log-likelihood: -9079711.34625
999. Current log-likelihood: -9079710.25961
1000. Current log-likelihood: -9079709.20377
1001. Current log-likelihood: -9079708.10067
1002. Current log-likelihood: -9079706.93807
1003. Current log-likelihood: -9079705.75554
1004. Current log-likelihood: -9079704.56814
1005. Current log-likelihood: -9079703.38320
1006. Current log-likelihood: -9079702.19504
1007. Current log-likelihood: -9079701.00846
1008. Current log-likelihood: -9079699.81790
1009. Current log-likelihood: -9079698.62973
1010. Current log-likelihood: -9079697.43864
1011. Current log-likelihood: -9079696.24922
1012. Current log-likelihood: -9079695.05588
1013. Current log-likelihood: -9079693.86509
1014. Current log-likelihood: -9079692.67121
1015. Current log-likelihood: -9079691.47929
1016. Current log-likelihood: -9079690.28448
1017. Current log-likelihood: -9079689.09168
1018. Current log-likelihood: -9079687.89853
1019. Current log-likelihood: -9079686.70244
1020. Current log-likelihood: -9079685.50794
1021. Current log-likelihood: -9079684.31126
1022. Current log-likelihood: -9079683.11671
1023. Current log-likelihood: -9079681.92212
1024. Current log-likelihood: -9079680.72800
1025. Current log-likelihood: -9079679.52930
1026. Current log-likelihood: -9079678.33449
1027. Current log-likelihood: -9079677.13730
1028. Current log-likelihood: -9079675.94198
1029. Current log-likelihood: -9079674.74691
1030. Current log-likelihood: -9079673.54972
1031. Current log-likelihood: -9079672.35452
1032. Current log-likelihood: -9079671.15875
1033. Current log-likelihood: -9079669.96305
1034. Current log-likelihood: -9079668.76817
1035. Current log-likelihood: -9079667.57311
1036. Current log-likelihood: -9079666.37793
1037. Current log-likelihood: -9079665.18424
1038. Current log-likelihood: -9079663.99022
1039. Current log-likelihood: -9079662.79543
1040. Current log-likelihood: -9079661.60287
1041. Current log-likelihood: -9079660.41120
1042. Current log-likelihood: -9079659.21987
1043. Current log-likelihood: -9079658.02663
1044. Current log-likelihood: -9079656.83664
1045. Current log-likelihood: -9079655.64718
1046. Current log-likelihood: -9079654.45832
1047. Current log-likelihood: -9079653.26847
1048. Current log-likelihood: -9079652.08186
1049. Current log-likelihood: -9079650.89533
1050. Current log-likelihood: -9079649.71041
1051. Current log-likelihood: -9079648.52538
1052. Current log-likelihood: -9079647.34229
1053. Current log-likelihood: -9079646.16016
1054. Current log-likelihood: -9079644.97899
1055. Current log-likelihood: -9079643.79890
1056. Current log-likelihood: -9079642.61990
1057. Current log-likelihood: -9079641.44190
1058. Current log-likelihood: -9079640.26527
1059. Current log-likelihood: -9079639.08979
1060. Current log-likelihood: -9079637.91557
1061. Current log-likelihood: -9079636.74167
1062. Current log-likelihood: -9079635.57035
1063. Current log-likelihood: -9079634.39914
1064. Current log-likelihood: -9079633.22969
1065. Current log-likelihood: -9079632.06167
1066. Current log-likelihood: -9079630.89512
1067. Current log-likelihood: -9079629.73006
1068. Current log-likelihood: -9079628.56658
1069. Current log-likelihood: -9079627.40467
1070. Current log-likelihood: -9079626.24438
1071. Current log-likelihood: -9079625.08577
1072. Current log-likelihood: -9079623.92883
1073. Current log-likelihood: -9079622.77366
1074. Current log-likelihood: -9079621.62029
1075. Current log-likelihood: -9079620.46871
1076. Current log-likelihood: -9079619.31902
1077. Current log-likelihood: -9079618.17121
1078. Current log-likelihood: -9079617.02532
1079. Current log-likelihood: -9079615.88143
1080. Current log-likelihood: -9079614.73954
1081. Current log-likelihood: -9079613.59971
1082. Current log-likelihood: -9079612.46196
1083. Current log-likelihood: -9079611.32635
1084. Current log-likelihood: -9079610.19289
1085. Current log-likelihood: -9079609.06164
1086. Current log-likelihood: -9079607.93262
1087. Current log-likelihood: -9079606.80590
1088. Current log-likelihood: -9079605.68146
1089. Current log-likelihood: -9079604.55938
1090. Current log-likelihood: -9079603.43970
1091. Current log-likelihood: -9079602.32241
1092. Current log-likelihood: -9079601.20822
1093. Current log-likelihood: -9079600.09677
1094. Current log-likelihood: -9079598.98708
1095. Current log-likelihood: -9079597.87983
1096. Current log-likelihood: -9079596.77583
1097. Current log-likelihood: -9079595.67415
1098. Current log-likelihood: -9079594.57529
1099. Current log-likelihood: -9079593.47904
1100. Current log-likelihood: -9079592.38564
1101. Current log-likelihood: -9079591.29492
1102. Current log-likelihood: -9079590.16017
1103. Current log-likelihood: -9079589.00039
1104. Current log-likelihood: -9079587.84394
1105. Current log-likelihood: -9079586.69037
1106. Current log-likelihood: -9079585.54044
1107. Current log-likelihood: -9079584.39401
1108. Current log-likelihood: -9079583.25112
1109. Current log-likelihood: -9079582.11178
1110. Current log-likelihood: -9079580.97606
1111. Current log-likelihood: -9079579.84396
1112. Current log-likelihood: -9079578.71564
1113. Current log-likelihood: -9079577.59101
1114. Current log-likelihood: -9079576.47016
1115. Current log-likelihood: -9079575.35310
1116. Current log-likelihood: -9079574.23983
1117. Current log-likelihood: -9079573.13006
1118. Current log-likelihood: -9079572.02447
1119. Current log-likelihood: -9079570.92287
1120. Current log-likelihood: -9079569.82531
1121. Current log-likelihood: -9079568.73128
1122. Current log-likelihood: -9079567.64160
1123. Current log-likelihood: -9079566.55514
1124. Current log-likelihood: -9079565.47470
1125. Current log-likelihood: -9079564.39717
1126. Current log-likelihood: -9079563.32369
1127. Current log-likelihood: -9079562.25375
1128. Current log-likelihood: -9079561.18996
1129. Current log-likelihood: -9079560.13000
1130. Current log-likelihood: -9079559.07357
1131. Current log-likelihood: -9079558.02129
1132. Current log-likelihood: -9079556.97364
1133. Current log-likelihood: -9079555.93035
1134. Current log-likelihood: -9079554.89234
1135. Current log-likelihood: -9079553.85767
1136. Current log-likelihood: -9079552.82731
1137. Current log-likelihood: -9079551.80168
1138. Current log-likelihood: -9079550.78057
1139. Current log-likelihood: -9079549.76400
1140. Current log-likelihood: -9079548.75199
1141. Current log-likelihood: -9079547.74451
1142. Current log-likelihood: -9079546.74166
1143. Current log-likelihood: -9079545.74340
1144. Current log-likelihood: -9079544.74976
1145. Current log-likelihood: -9079543.76080
1146. Current log-likelihood: -9079542.77649
1147. Current log-likelihood: -9079541.79688
1148. Current log-likelihood: -9079540.82201
1149. Current log-likelihood: -9079539.85183
1150. Current log-likelihood: -9079538.88644
1151. Current log-likelihood: -9079537.92579
1152. Current log-likelihood: -9079536.96994
1153. Current log-likelihood: -9079536.01890
1154. Current log-likelihood: -9079535.07267
1155. Current log-likelihood: -9079534.13137
1156. Current log-likelihood: -9079533.19446
1157. Current log-likelihood: -9079532.26273
1158. Current log-likelihood: -9079531.33565
1159. Current log-likelihood: -9079530.41371
1160. Current log-likelihood: -9079529.49653
1161. Current log-likelihood: -9079528.58448
1162. Current log-likelihood: -9079527.67935
1163. Current log-likelihood: -9079526.77687
1164. Current log-likelihood: -9079525.87968
1165. Current log-likelihood: -9079524.98707
1166. Current log-likelihood: -9079524.09973
1167. Current log-likelihood: -9079517.75175
1168. Current log-likelihood: -9079514.86856
1169. Current log-likelihood: -9079512.56117
1170. Current log-likelihood: -9079510.39642
1171. Current log-likelihood: -9079508.25807
1172. Current log-likelihood: -9079506.15482
1173. Current log-likelihood: -9079504.07465
1174. Current log-likelihood: -9079502.03390
1175. Current log-likelihood: -9079500.01230
1176. Current log-likelihood: -9079497.99111
1177. Current log-likelihood: -9079496.00661
1178. Current log-likelihood: -9079494.02985
1179. Current log-likelihood: -9079492.09403
1180. Current log-likelihood: -9079490.15540
1181. Current log-likelihood: -9079488.24130
1182. Current log-likelihood: -9079486.34425
1183. Current log-likelihood: -9079484.47125
1184. Current log-likelihood: -9079482.61527
1185. Current log-likelihood: -9079480.77971
1186. Current log-likelihood: -9079478.96212
1187. Current log-likelihood: -9079477.16802
1188. Current log-likelihood: -9079475.39023
1189. Current log-likelihood: -9079473.63394
1190. Current log-likelihood: -9079471.89801
1191. Current log-likelihood: -9079470.18243
1192. Current log-likelihood: -9079468.48638
1193. Current log-likelihood: -9079466.81188
1194. Current log-likelihood: -9079465.15719
1195. Current log-likelihood: -9079463.52173
1196. Current log-likelihood: -9079461.90763
1197. Current log-likelihood: -9079460.31915
1198. Current log-likelihood: -9079458.74998
1199. Current log-likelihood: -9079457.20342
1200. Current log-likelihood: -9079455.68039
1201. Current log-likelihood: -9079454.18043
1202. Current log-likelihood: -9079452.68685
1203. Current log-likelihood: -9079451.19018
1204. Current log-likelihood: -9079449.72004
1205. Current log-likelihood: -9079448.27199
1206. Current log-likelihood: -9079446.85097
1207. Current log-likelihood: -9079445.45401
1208. Current log-likelihood: -9079444.08265
1209. Current log-likelihood: -9079442.73366
1210. Current log-likelihood: -9079441.41136
1211. Current log-likelihood: -9079440.10963
1212. Current log-likelihood: -9079438.86812
1213. Current log-likelihood: -9079437.60814
1214. Current log-likelihood: -9079436.41273
1215. Current log-likelihood: -9079435.20096
1216. Current log-likelihood: -9079433.95653
1217. Current log-likelihood: -9079432.81757
1218. Current log-likelihood: -9079431.62463
1219. Current log-likelihood: -9079430.53458
1220. Current log-likelihood: -9079429.44546
1221. Current log-likelihood: -9079428.38129
1222. Current log-likelihood: -9079427.28774
1223. Current log-likelihood: -9079426.29339
1224. Current log-likelihood: -9079425.24724
1225. Current log-likelihood: -9079424.29909
1226. Current log-likelihood: -9079423.29744
1227. Current log-likelihood: -9079422.39165
1228. Current log-likelihood: -9079421.43735
1229. Current log-likelihood: -9079420.57222
1230. Current log-likelihood: -9079419.66121
1231. Current log-likelihood: -9079418.84284
1232. Current log-likelihood: -9079418.02319
1233. Current log-likelihood: -9079417.17151
1234. Current log-likelihood: -9079416.41041
1235. Current log-likelihood: -9079415.64822
1236. Current log-likelihood: -9079414.85667
1237. Current log-likelihood: -9079414.16901
1238. Current log-likelihood: -9079413.45463
1239. Current log-likelihood: -9079412.76017
1240. Current log-likelihood: -9079412.03076
1241. Current log-likelihood: -9079411.38525
1242. Current log-likelihood: -9079410.73654
1243. Current log-likelihood: -9079410.05447
1244. Current log-likelihood: -9079409.45264
1245. Current log-likelihood: -9079408.79684
1246. Current log-likelihood: -9079408.22051
1247. Current log-likelihood: -9079407.64838
1248. Current log-likelihood: -9079407.11428
1249. Current log-likelihood: -9079406.50980
1250. Current log-likelihood: -9079405.97886
1251. Current log-likelihood: -9079405.45202
1252. Current log-likelihood: -9079404.88201
1253. Current log-likelihood: -9079404.40444
1254. Current log-likelihood: -9079403.92682
1255. Current log-likelihood: -9079403.46517
1256. Current log-likelihood: -9079403.00822
1257. Current log-likelihood: -9079402.52150
1258. Current log-likelihood: -9079402.10306
1259. Current log-likelihood: -9079401.66927
1260. Current log-likelihood: -9079401.24296
1261. Current log-likelihood: -9079400.77930
1262. Current log-likelihood: -9079400.38321
1263. Current log-likelihood: -9079399.92923
1264. Current log-likelihood: -9079399.54209
1265. Current log-likelihood: -9079399.14655
1266. Current log-likelihood: -9079398.75687
1267. Current log-likelihood: -9079398.36954
1268. Current log-likelihood: -9079397.98812
1269. Current log-likelihood: -9079397.60908
1270. Current log-likelihood: -9079397.23573
1271. Current log-likelihood: -9079396.86670
1272. Current log-likelihood: -9079396.49878
1273. Current log-likelihood: -9079396.13618
1274. Current log-likelihood: -9079395.77546
1275. Current log-likelihood: -9079395.42045
1276. Current log-likelihood: -9079395.06741
1277. Current log-likelihood: -9079394.71943
1278. Current log-likelihood: -9079394.37548
1279. Current log-likelihood: -9079394.03235
1280. Current log-likelihood: -9079393.69502
1281. Current log-likelihood: -9079393.35898
1282. Current log-likelihood: -9079393.02870
1283. Current log-likelihood: -9079392.70197
1284. Current log-likelihood: -9079392.37573
1285. Current log-likelihood: -9079392.05522
1286. Current log-likelihood: -9079391.73618
1287. Current log-likelihood: -9079391.42197
1288. Current log-likelihood: -9079391.11133
1289. Current log-likelihood: -9079390.80147
1290. Current log-likelihood: -9079390.49692
1291. Current log-likelihood: -9079390.19628
1292. Current log-likelihood: -9079389.89567
1293. Current log-likelihood: -9079389.60097
1294. Current log-likelihood: -9079389.30939
1295. Current log-likelihood: -9079389.01785
1296. Current log-likelihood: -9079388.73223
1297. Current log-likelihood: -9079388.44966
1298. Current log-likelihood: -9079388.16746
1299. Current log-likelihood: -9079387.89044
1300. Current log-likelihood: -9079387.61662
1301. Current log-likelihood: -9079387.34313
1302. Current log-likelihood: -9079387.07076
1303. Current log-likelihood: -9079386.79466
1304. Current log-likelihood: -9079386.51912
1305. Current log-likelihood: -9079386.24879
1306. Current log-likelihood: -9079385.98167
1307. Current log-likelihood: -9079385.71479
1308. Current log-likelihood: -9079385.45363
1309. Current log-likelihood: -9079385.19544
1310. Current log-likelihood: -9079384.93765
1311. Current log-likelihood: -9079384.68486
1312. Current log-likelihood: -9079384.43509
1313. Current log-likelihood: -9079384.18548
1314. Current log-likelihood: -9079383.94132
1315. Current log-likelihood: -9079383.69989
1316. Current log-likelihood: -9079383.48106
1317. Current log-likelihood: -9079383.25635
1318. Current log-likelihood: -9079383.02052
1319. Current log-likelihood: -9079382.79007
1320. Current log-likelihood: -9079382.55914
1321. Current log-likelihood: -9079382.33352
1322. Current log-likelihood: -9079382.11050
1323. Current log-likelihood: -9079381.90911
1324. Current log-likelihood: -9079381.68711
1325. Current log-likelihood: -9079381.47141
1326. Current log-likelihood: -9079381.25863
1327. Current log-likelihood: -9079381.04507
1328. Current log-likelihood: -9079380.83670
1329. Current log-likelihood: -9079380.65121
1330. Current log-likelihood: -9079380.44214
1331. Current log-likelihood: -9079380.24041
1332. Current log-likelihood: -9079380.04147
1333. Current log-likelihood: -9079379.84465
1334. Current log-likelihood: -9079379.66715
1335. Current log-likelihood: -9079379.47161
1336. Current log-likelihood: -9079379.28131
1337. Current log-likelihood: -9079379.09360
1338. Current log-likelihood: -9079378.92425
1339. Current log-likelihood: -9079378.73740
1340. Current log-likelihood: -9079378.55564
1341. Current log-likelihood: -9079378.37627
1342. Current log-likelihood: -9079378.21611
1343. Current log-likelihood: -9079378.03773
1344. Current log-likelihood: -9079377.86446
1345. Current log-likelihood: -9079377.71133
1346. Current log-likelihood: -9079377.53754
1347. Current log-likelihood: -9079377.36946
1348. Current log-likelihood: -9079377.22302
1349. Current log-likelihood: -9079377.05682
1350. Current log-likelihood: -9079376.89267
1351. Current log-likelihood: -9079376.75095
1352. Current log-likelihood: -9079376.59022
1353. Current log-likelihood: -9079376.43391
1354. Current log-likelihood: -9079376.29715
1355. Current log-likelihood: -9079376.13959
1356. Current log-likelihood: -9079375.98799
1357. Current log-likelihood: -9079375.85719
1358. Current log-likelihood: -9079375.70718
1359. Current log-likelihood: -9079375.55881
1360. Current log-likelihood: -9079375.43221
1361. Current log-likelihood: -9079375.28721
1362. Current log-likelihood: -9079375.16474
1363. Current log-likelihood: -9079375.02238
1364. Current log-likelihood: -9079374.88159
1365. Current log-likelihood: -9079374.76354
1366. Current log-likelihood: -9079374.62635
1367. Current log-likelihood: -9079374.49292
1368. Current log-likelihood: -9079374.37847
1369. Current log-likelihood: -9079374.24358
1370. Current log-likelihood: -9079374.13288
1371. Current log-likelihood: -9079374.00297
1372. Current log-likelihood: -9079373.89508
1373. Current log-likelihood: -9079373.76831
1374. Current log-likelihood: -9079373.66149
1375. Current log-likelihood: -9079373.53673
1376. Current log-likelihood: -9079373.43430
1377. Current log-likelihood: -9079373.31281
1378. Current log-likelihood: -9079373.21339
1379. Current log-likelihood: -9079373.09262
1380. Current log-likelihood: -9079372.99526
1381. Current log-likelihood: -9079372.87898
1382. Current log-likelihood: -9079372.78324
1383. Current log-likelihood: -9079372.66974
1384. Current log-likelihood: -9079372.57778
1385. Current log-likelihood: -9079372.46434
1386. Current log-likelihood: -9079372.37436
1387. Current log-likelihood: -9079372.26496
1388. Current log-likelihood: -9079372.17712
1389. Current log-likelihood: -9079372.07119
1390. Current log-likelihood: -9079371.98504
1391. Current log-likelihood: -9079371.87864
1392. Current log-likelihood: -9079371.75864
1393. Current log-likelihood: -9079371.67470
1394. Current log-likelihood: -9079371.57529
1395. Current log-likelihood: -9079371.49600
1396. Current log-likelihood: -9079371.39517
1397. Current log-likelihood: -9079371.29913
1398. Current log-likelihood: -9079371.22130
1399. Current log-likelihood: -9079371.12670
1400. Current log-likelihood: -9079371.05081
1401. Current log-likelihood: -9079370.95873
1402. Current log-likelihood: -9079370.88354
1403. Current log-likelihood: -9079370.78771
1404. Current log-likelihood: -9079370.71392
1405. Current log-likelihood: -9079370.62236
1406. Current log-likelihood: -9079370.55009
1407. Current log-likelihood: -9079370.46150
1408. Current log-likelihood: -9079370.38983
1409. Current log-likelihood: -9079370.30026
1410. Current log-likelihood: -9079370.23196
1411. Current log-likelihood: -9079370.14635
1412. Current log-likelihood: -9079370.07903
1413. Current log-likelihood: -9079369.99591
1414. Current log-likelihood: -9079369.93043
1415. Current log-likelihood: -9079369.84642
1416. Current log-likelihood: -9079369.78368
1417. Current log-likelihood: -9079369.70336
1418. Current log-likelihood: -9079369.64087
1419. Current log-likelihood: -9079369.56358
1420. Current log-likelihood: -9079369.50204
1421. Current log-likelihood: -9079369.42638
1422. Current log-likelihood: -9079369.36451
1423. Current log-likelihood: -9079369.28970
1424. Current log-likelihood: -9079369.23189
1425. Current log-likelihood: -9079369.15942
1426. Current log-likelihood: -9079369.10288
1427. Current log-likelihood: -9079369.03186
1428. Current log-likelihood: -9079368.97659
1429. Current log-likelihood: -9079368.90541
1430. Current log-likelihood: -9079368.85122
1431. Current log-likelihood: -9079368.78311
1432. Current log-likelihood: -9079368.73072
1433. Current log-likelihood: -9079368.66425
1434. Current log-likelihood: -9079368.61315
1435. Current log-likelihood: -9079368.54910
1436. Current log-likelihood: -9079368.49815
1437. Current log-likelihood: -9079368.43245
1438. Current log-likelihood: -9079368.38353
1439. Current log-likelihood: -9079368.32211
1440. Current log-likelihood: -9079368.27364
1441. Current log-likelihood: -9079368.21306
1442. Current log-likelihood: -9079368.16659
1443. Current log-likelihood: -9079368.10819
1444. Current log-likelihood: -9079368.06209
1445. Current log-likelihood: -9079368.00185
1446. Current log-likelihood: -9079367.95749
1447. Current log-likelihood: -9079367.90129
1448. Current log-likelihood: -9079367.85712
1449. Current log-likelihood: -9079367.80181
1450. Current log-likelihood: -9079367.75954
1451. Current log-likelihood: -9079367.70613
1452. Current log-likelihood: -9079367.66407
1453. Current log-likelihood: -9079367.60956
1454. Current log-likelihood: -9079367.56881
1455. Current log-likelihood: -9079367.51681
1456. Current log-likelihood: -9079367.47732
1457. Current log-likelihood: -9079367.42741
1458. Current log-likelihood: -9079367.38811
1459. Current log-likelihood: -9079367.33887
1460. Current log-likelihood: -9079367.30123
1461. Current log-likelihood: -9079367.25085
1462. Current log-likelihood: -9079367.21454
1463. Current log-likelihood: -9079367.16691
1464. Current log-likelihood: -9079367.13085
1465. Current log-likelihood: -9079367.08533
1466. Current log-likelihood: -9079367.04943
1467. Current log-likelihood: -9079367.00529
1468. Current log-likelihood: -9079366.97020
1469. Current log-likelihood: -9079366.92641
1470. Current log-likelihood: -9079366.89047
1471. Current log-likelihood: -9079366.84780
1472. Current log-likelihood: -9079366.81446
1473. Current log-likelihood: -9079366.78576
1474. Current log-likelihood: -9079366.74202
1475. Current log-likelihood: -9079366.71105
1476. Current log-likelihood: -9079366.67086
1477. Current log-likelihood: -9079366.63952
1478. Current log-likelihood: -9079366.61260
1479. Current log-likelihood: -9079366.57213
1480. Current log-likelihood: -9079366.54244
1481. Current log-likelihood: -9079366.51440
1482. Current log-likelihood: -9079366.47401
1483. Current log-likelihood: -9079366.44591
1484. Current log-likelihood: -9079366.40895
1485. Current log-likelihood: -9079366.38045
1486. Current log-likelihood: -9079366.35604
1487. Current log-likelihood: -9079366.31893
1488. Current log-likelihood: -9079366.29194
1489. Current log-likelihood: -9079366.26880
1490. Current log-likelihood: -9079366.23194
1491. Current log-likelihood: -9079366.20657
1492. Current log-likelihood: -9079366.18234
1493. Current log-likelihood: -9079366.14675
1494. Current log-likelihood: -9079366.12168
1495. Current log-likelihood: -9079366.10020
1496. Current log-likelihood: -9079366.06525
1497. Current log-likelihood: -9079366.04164
1498. Current log-likelihood: -9079366.02138
1499. Current log-likelihood: -9079365.98811
1500. Current log-likelihood: -9079365.96499
1501. Current log-likelihood: -9079365.94516
1502. Current log-likelihood: -9079365.91325
1503. Current log-likelihood: -9079365.89038
1504. Current log-likelihood: -9079365.87083
1505. Current log-likelihood: -9079365.83579
1506. Current log-likelihood: -9079365.81432
1507. Current log-likelihood: -9079365.79599
1508. Current log-likelihood: -9079365.76478
1509. Current log-likelihood: -9079365.74334
1510. Current log-likelihood: -9079365.72538
1511. Current log-likelihood: -9079365.69489
1512. Current log-likelihood: -9079365.67470
1513. Current log-likelihood: -9079365.65771
1514. Current log-likelihood: -9079365.62873
1515. Current log-likelihood: -9079365.60885
1516. Current log-likelihood: -9079365.59207
1517. Current log-likelihood: -9079365.56452
1518. Current log-likelihood: -9079365.54286
1519. Current log-likelihood: -9079365.52643
1520. Current log-likelihood: -9079365.49854
1521. Current log-likelihood: -9079365.48035
1522. Current log-likelihood: -9079365.46524
1523. Current log-likelihood: -9079365.43925
1524. Current log-likelihood: -9079365.42124
1525. Current log-likelihood: -9079365.40625
1526. Current log-likelihood: -9079365.38125
1527. Current log-likelihood: -9079365.36392
1528. Current log-likelihood: -9079365.34943
1529. Current log-likelihood: -9079365.32548
1530. Current log-likelihood: -9079365.30875
1531. Current log-likelihood: -9079365.29502
1532. Current log-likelihood: -9079365.26850
1533. Current log-likelihood: -9079365.25260
1534. Current log-likelihood: -9079365.23974
1535. Current log-likelihood: -9079365.21696
1536. Current log-likelihood: -9079365.20121
1537. Current log-likelihood: -9079365.18829
1538. Current log-likelihood: -9079365.17756
1539. Current log-likelihood: -9079365.15469
1540. Current log-likelihood: -9079365.14015
1541. Current log-likelihood: -9079365.12803
1542. Current log-likelihood: -9079365.11812
1543. Current log-likelihood: -9079365.09528
1544. Current log-likelihood: -9079365.08196
1545. Current log-likelihood: -9079365.07100
1546. Current log-likelihood: -9079365.05104
1547. Current log-likelihood: -9079365.03740
1548. Current log-likelihood: -9079365.02389
1549. Current log-likelihood: -9079365.01504
1550. Current log-likelihood: -9079364.99356
1551. Current log-likelihood: -9079364.98112
1552. Current log-likelihood: -9079364.97110
1553. Current log-likelihood: -9079364.96281
1554. Current log-likelihood: -9079364.94302
1555. Current log-likelihood: -9079364.93065
1556. Current log-likelihood: -9079364.92090
1557. Current log-likelihood: -9079364.91302
1558. Current log-likelihood: -9079364.89408
1559. Current log-likelihood: -9079364.88266
1560. Current log-likelihood: -9079364.87344
1561. Current log-likelihood: -9079364.86586
1562. Current log-likelihood: -9079364.84816
1563. Current log-likelihood: -9079364.83715
1564. Current log-likelihood: -9079364.82832
1565. Current log-likelihood: -9079364.82108
1566. Current log-likelihood: -9079364.80388
1567. Current log-likelihood: -9079364.79334
1568. Current log-likelihood: -9079364.78241
1569. Current log-likelihood: -9079364.77566
1570. Current log-likelihood: -9079364.75797
1571. Current log-likelihood: -9079364.74819
1572. Current log-likelihood: -9079364.74024
1573. Current log-likelihood: -9079364.73390
1574. Current log-likelihood: -9079364.71777
1575. Current log-likelihood: -9079364.70785
1576. Current log-likelihood: -9079364.70001
1577. Current log-likelihood: -9079364.69373
1578. Current log-likelihood: -9079364.68798
1579. Current log-likelihood: -9079364.67198
1580. Current log-likelihood: -9079364.66289
1581. Current log-likelihood: -9079364.65566
1582. Current log-likelihood: -9079364.64980
1583. Current log-likelihood: -9079364.64470
1584. Current log-likelihood: -9079364.62926
1585. Current log-likelihood: -9079364.62068
1586. Current log-likelihood: -9079364.61412
1587. Current log-likelihood: -9079364.60858
1588. Current log-likelihood: -9079364.60383
1589. Current log-likelihood: -9079364.58952
1590. Current log-likelihood: -9079364.58104
1591. Current log-likelihood: -9079364.57470
1592. Current log-likelihood: -9079364.56696
1593. Current log-likelihood: -9079364.56248
1594. Current log-likelihood: -9079364.55806
1595. Current log-likelihood: -9079364.54259
1596. Current log-likelihood: -9079364.53536
1597. Current log-likelihood: -9079364.52972
1598. Current log-likelihood: -9079364.52486
1599. Current log-likelihood: -9079364.52079
1600. Current log-likelihood: -9079364.50743
1601. Current log-likelihood: -9079364.49993
1602. Current log-likelihood: -9079364.49427
1603. Current log-likelihood: -9079364.48955
1604. Current log-likelihood: -9079364.48571
1605. Current log-likelihood: -9079364.48183
1606. Current log-likelihood: -9079364.46846
1607. Current log-likelihood: -9079364.46121
1608. Current log-likelihood: -9079364.45607
1609. Current log-likelihood: -9079364.45156
1610. Current log-likelihood: -9079364.44799
1611. Current log-likelihood: -9079364.44541
1612. Current log-likelihood: -9079364.44220
1613. Current log-likelihood: -9079364.42913
1614. Current log-likelihood: -9079364.42251
1615. Current log-likelihood: -9079364.41749
1616. Current log-likelihood: -9079364.41344
1617. Current log-likelihood: -9079364.41014
1618. Current log-likelihood: -9079364.40706
1619. Current log-likelihood: -9079364.39490
1620. Current log-likelihood: -9079364.38862
1621. Current log-likelihood: -9079364.38414
1622. Current log-likelihood: -9079364.37754
1623. Current log-likelihood: -9079364.37429
1624. Current log-likelihood: -9079364.37204
1625. Current log-likelihood: -9079364.35835
1626. Current log-likelihood: -9079364.34956
1627. Current log-likelihood: -9079364.34482
1628. Current log-likelihood: -9079364.34111
1629. Current log-likelihood: -9079364.33876
1630. Current log-likelihood: -9079364.33670
1631. Current log-likelihood: -9079364.33458
1632. Current log-likelihood: -9079364.33277
1633. Current log-likelihood: -9079364.32006
1634. Current log-likelihood: -9079364.31499
1635. Current log-likelihood: -9079364.31138
1636. Current log-likelihood: -9079364.30818
1637. Current log-likelihood: -9079364.30590
1638. Current log-likelihood: -9079364.30404
1639. Current log-likelihood: -9079364.30239
1640. Current log-likelihood: -9079364.28954
1641. Current log-likelihood: -9079364.28237
1642. Current log-likelihood: -9079364.27814
1643. Current log-likelihood: -9079364.27503
1644. Current log-likelihood: -9079364.27311
1645. Current log-likelihood: -9079364.27138
1646. Current log-likelihood: -9079364.26984
1647. Current log-likelihood: -9079364.26820
1648. Current log-likelihood: -9079364.26669
1649. Current log-likelihood: -9079364.25450
1650. Current log-likelihood: -9079364.24706
1651. Current log-likelihood: -9079364.24346
1652. Current log-likelihood: -9079364.24137
1653. Current log-likelihood: -9079364.23951
1654. Current log-likelihood: -9079364.23801
1655. Current log-likelihood: -9079364.23656
1656. Current log-likelihood: -9079364.23523
1657. Current log-likelihood: -9079364.23406
1658. Current log-likelihood: -9079364.23286
1659. Current log-likelihood: -9079364.22148
1660. Current log-likelihood: -9079364.21432
1661. Current log-likelihood: -9079364.21093
1662. Current log-likelihood: -9079364.20910
1663. Current log-likelihood: -9079364.20757
1664. Current log-likelihood: -9079364.20320
1665. Current log-likelihood: -9079364.20189
1666. Current log-likelihood: -9079364.20056
1667. Current log-likelihood: -9079364.19952
1668. Current log-likelihood: -9079364.19855
Final estimation on weights:
0.40083,0.59275,0.00642
Wrote distance file to... 
BEST SCORE FOUND : -9079364.19855
Total tree lengths: 0.48433 0.07328 1.34656

Total number of iterations: 1666
CPU time used for tree search: 0.00003 sec (0h:0m:0s)
Wall-clock time used for tree search: 0.00003 sec (0h:0m:0s)
Total CPU time used: 363780.43080 sec (101h:3m:0s)
Total wall-clock time used: 12516.74232 sec (3h:28m:36s)

Analysis results written to: 
  IQ-TREE report:                mast_all_occ80_JU3200_quartet_11.submodel6.iqtree
  Maximum-likelihood tree:       mast_all_occ80_JU3200_quartet_11.submodel6.treefile
  Screen log file:               mast_all_occ80_JU3200_quartet_11.submodel6.log

Date and Time: Thu Jul  9 02:50:52 2026
