IQ-TREE version 3.0.1 for Linux x86 64-bit built Jul  9 2025
Developed by Bui Quang Minh, Thomas Wong, Nhan Ly-Trong, Huaiyan Ren
Contributed by Lam-Tung Nguyen, Dominik Schrempf, Chris Bielow,
Olga Chernomor, Michael Woodhams, Diep Thi Hoang, Heiko Schmidt

Host:    c209 (AVX512, FMA3, 188 GB RAM)
Command: iqtree3 -s /vast/eande106/projects/Nicolas/github/CB_PopGen_HDR_MS/processed_data/tree_topology/mast/mast_all/occ80_JU3200_quartet_07_supermatrix.clean.fas -m LG+FO+G+T -te /vast/eande106/projects/Nicolas/github/CB_PopGen_HDR_MS/processed_data/tree_topology/mast/quartet_topologies/quartet_07_JU1422_JU3200_topologies.tre --prefix mast_all_occ80_JU3200_quartet_07.submodel6 -T 48
Seed:    271010 (Using SPRNG - Scalable Parallel Random Number Generator)
Time:    Wed Jul  8 23:22:17 2026
Kernel:  AVX+FMA - 48 threads (48 CPU cores detected)

Reading alignment file /vast/eande106/projects/Nicolas/github/CB_PopGen_HDR_MS/processed_data/tree_topology/mast/mast_all/occ80_JU3200_quartet_07_supermatrix.clean.fas ... Fasta format detected
Reading fasta file: done in 0.193394 secs using 45.04% CPU
Alignment most likely contains protein sequences
Constructing alignment: done in 2.6142 secs using 9.994% CPU
WARNING: 1 sites contain only gaps or ambiguous characters.
Alignment has 4 sequences with 2367791 columns, 13240 distinct patterns
14787 parsimony-informative, 350872 singleton sites, 2002132 constant sites
        Gap/Ambiguity  Composition  p-value
Analyzing sequences: done in 0.000411536 secs using 99.63% CPU
   1  PX506     4.65%    failed      0.03%
   2  JU1422    3.01%    passed     43.08%
   3  QX1410    1.98%    passed     99.50%
   4  JU3200    2.15%    passed     97.25%
****  TOTAL     2.95%  1 sequences failed composition chi2 test (p-value<5%; df=19)
Number of input trees: 3
Minimum branch length is set to 0.0000010
Checking for duplicate sequences: done in 0.000459312 secs using 544.3% CPU

NOTE: 98 MB RAM (0 GB) is required!
According to the parsimony scores along the sites, the tree weights are initialized to:
0.9036992,0.0408467,0.0554541
Estimate model parameters (epsilon = 0.00100)
1. Initial log-likelihood: -9098601.24632
2. Current log-likelihood: -9089965.03474
3. Current log-likelihood: -9089473.49388
4. Current log-likelihood: -9089218.23071
5. Current log-likelihood: -9089098.70945
6. Current log-likelihood: -9089075.44971
7. Current log-likelihood: -9089073.45981
8. Current log-likelihood: -9089071.86397
9. Current log-likelihood: -9089070.45824
10. Current log-likelihood: -9089069.13143
11. Current log-likelihood: -9089067.79811
12. Current log-likelihood: -9089066.45829
13. Current log-likelihood: -9089065.08430
14. Current log-likelihood: -9089063.72747
15. Current log-likelihood: -9089062.35969
16. Current log-likelihood: -9089060.98923
17. Current log-likelihood: -9089059.61213
18. Current log-likelihood: -9089058.22734
19. Current log-likelihood: -9089056.81634
20. Current log-likelihood: -9089055.41427
21. Current log-likelihood: -9089054.00063
22. Current log-likelihood: -9089052.58460
23. Current log-likelihood: -9089051.16078
24. Current log-likelihood: -9089049.72971
25. Current log-likelihood: -9089048.26320
26. Current log-likelihood: -9089046.81470
27. Current log-likelihood: -9089045.35876
28. Current log-likelihood: -9089043.89531
29. Current log-likelihood: -9089042.42452
30. Current log-likelihood: -9089040.94602
31. Current log-likelihood: -9089039.46021
32. Current log-likelihood: -9089037.95157
33. Current log-likelihood: -9089036.44774
34. Current log-likelihood: -9089034.93632
35. Current log-likelihood: -9089033.41707
36. Current log-likelihood: -9089031.89047
37. Current log-likelihood: -9089030.35596
38. Current log-likelihood: -9089028.81406
39. Current log-likelihood: -9089027.23541
40. Current log-likelihood: -9089025.67515
41. Current log-likelihood: -9089024.10771
42. Current log-likelihood: -9089022.53247
43. Current log-likelihood: -9089020.94975
44. Current log-likelihood: -9089019.35236
45. Current log-likelihood: -9089017.74524
46. Current log-likelihood: -9089016.13614
47. Current log-likelihood: -9089014.51988
48. Current log-likelihood: -9089012.89565
49. Current log-likelihood: -9089011.26372
50. Current log-likelihood: -9089009.62427
51. Current log-likelihood: -9089007.97703
52. Current log-likelihood: -9089006.32213
53. Current log-likelihood: -9089004.65041
54. Current log-likelihood: -9089002.97779
55. Current log-likelihood: -9089001.29753
56. Current log-likelihood: -9088999.60951
57. Current log-likelihood: -9088997.91399
58. Current log-likelihood: -9088996.21121
59. Current log-likelihood: -9088994.50075
60. Current log-likelihood: -9088992.78289
61. Current log-likelihood: -9088991.05908
62. Current log-likelihood: -9088989.19141
63. Current log-likelihood: -9088987.44928
64. Current log-likelihood: -9088985.69962
65. Current log-likelihood: -9088983.94283
66. Current log-likelihood: -9088982.17890
67. Current log-likelihood: -9088980.40816
68. Current log-likelihood: -9088978.63026
69. Current log-likelihood: -9088976.84544
70. Current log-likelihood: -9088975.04898
71. Current log-likelihood: -9088973.24810
72. Current log-likelihood: -9088971.44039
73. Current log-likelihood: -9088969.62648
74. Current log-likelihood: -9088967.80593
75. Current log-likelihood: -9088965.97910
76. Current log-likelihood: -9088964.14598
77. Current log-likelihood: -9088962.30714
78. Current log-likelihood: -9088960.46182
79. Current log-likelihood: -9088958.61149
80. Current log-likelihood: -9088956.75028
81. Current log-likelihood: -9088954.88525
82. Current log-likelihood: -9088953.01469
83. Current log-likelihood: -9088951.13898
84. Current log-likelihood: -9088949.25879
85. Current log-likelihood: -9088947.37284
86. Current log-likelihood: -9088945.48286
87. Current log-likelihood: -9088943.58804
88. Current log-likelihood: -9088941.69027
89. Current log-likelihood: -9088939.78746
90. Current log-likelihood: -9088937.88034
91. Current log-likelihood: -9088935.97213
92. Current log-likelihood: -9088934.04998
93. Current log-likelihood: -9088932.12833
94. Current log-likelihood: -9088930.20485
95. Current log-likelihood: -9088928.27762
96. Current log-likelihood: -9088926.34740
97. Current log-likelihood: -9088924.41441
98. Current log-likelihood: -9088922.47893
99. Current log-likelihood: -9088920.54118
100. Current log-likelihood: -9088918.60143
101. Current log-likelihood: -9088916.65998
102. Current log-likelihood: -9088913.28057
103. Current log-likelihood: -9088909.61436
104. Current log-likelihood: -9088905.94890
105. Current log-likelihood: -9088902.28487
106. Current log-likelihood: -9088898.62473
107. Current log-likelihood: -9088894.97081
108. Current log-likelihood: -9088891.32528
109. Current log-likelihood: -9088887.69091
110. Current log-likelihood: -9088884.07026
111. Current log-likelihood: -9088880.46614
112. Current log-likelihood: -9088876.88105
113. Current log-likelihood: -9088873.31782
114. Current log-likelihood: -9088869.77929
115. Current log-likelihood: -9088866.26836
116. Current log-likelihood: -9088862.78812
117. Current log-likelihood: -9088859.34150
118. Current log-likelihood: -9088855.93177
119. Current log-likelihood: -9088852.56183
120. Current log-likelihood: -9088849.23505
121. Current log-likelihood: -9088845.95427
122. Current log-likelihood: -9088842.72211
123. Current log-likelihood: -9088839.54186
124. Current log-likelihood: -9088836.41621
125. Current log-likelihood: -9088833.34440
126. Current log-likelihood: -9088830.33337
127. Current log-likelihood: -9088827.34104
128. Current log-likelihood: -9088824.41085
129. Current log-likelihood: -9088821.57863
130. Current log-likelihood: -9088818.75690
131. Current log-likelihood: -9088816.01982
132. Current log-likelihood: -9088813.34033
133. Current log-likelihood: -9088810.74520
134. Current log-likelihood: -9088808.20602
135. Current log-likelihood: -9088805.76067
136. Current log-likelihood: -9088803.36440
137. Current log-likelihood: -9088801.06916
138. Current log-likelihood: -9088798.82228
139. Current log-likelihood: -9088796.68122
140. Current log-likelihood: -9088794.58621
141. Current log-likelihood: -9088792.59814
142. Current log-likelihood: -9088790.64857
143. Current log-likelihood: -9088788.82258
144. Current log-likelihood: -9088787.02813
145. Current log-likelihood: -9088785.35008
146. Current log-likelihood: -9088783.70797
147. Current log-likelihood: -9088782.18056
148. Current log-likelihood: -9088780.68728
149. Current log-likelihood: -9088779.29888
150. Current log-likelihood: -9088777.94469
151. Current log-likelihood: -9088776.70017
152. Current log-likelihood: -9088775.48302
153. Current log-likelihood: -9088774.36520
154. Current log-likelihood: -9088773.27272
155. Current log-likelihood: -9088772.28285
156. Current log-likelihood: -9088771.31166
157. Current log-likelihood: -9088770.43482
158. Current log-likelihood: -9088769.56758
159. Current log-likelihood: -9088768.79472
160. Current log-likelihood: -9088768.03497
161. Current log-likelihood: -9088767.35702
162. Current log-likelihood: -9088766.69194
163. Current log-likelihood: -9088766.09971
164. Current log-likelihood: -9088765.55079
165. Current log-likelihood: -9088764.99513
166. Current log-likelihood: -9088764.51603
167. Current log-likelihood: -9088764.04588
168. Current log-likelihood: -9088763.63051
169. Current log-likelihood: -9088763.25144
170. Current log-likelihood: -9088762.86809
171. Current log-likelihood: -9088762.53667
172. Current log-likelihood: -9088762.23529
173. Current log-likelihood: -9088761.92499
174. Current log-likelihood: -9088761.66509
175. Current log-likelihood: -9088761.42635
176. Current log-likelihood: -9088761.17581
177. Current log-likelihood: -9088760.97022
178. Current log-likelihood: -9088760.78172
179. Current log-likelihood: -9088760.58227
180. Current log-likelihood: -9088760.41975
181. Current log-likelihood: -9088760.27378
182. Current log-likelihood: -9088760.14043
183. Current log-likelihood: -9088759.98958
184. Current log-likelihood: -9088759.87112
185. Current log-likelihood: -9088759.76545
186. Current log-likelihood: -9088759.66885
187. Current log-likelihood: -9088759.55601
188. Current log-likelihood: -9088759.47068
189. Current log-likelihood: -9088759.39332
190. Current log-likelihood: -9088759.32240
191. Current log-likelihood: -9088759.25755
192. Current log-likelihood: -9088759.18106
193. Current log-likelihood: -9088759.11928
194. Current log-likelihood: -9088759.06593
195. Current log-likelihood: -9088759.01696
196. Current log-likelihood: -9088758.97189
197. Current log-likelihood: -9088758.92946
198. Current log-likelihood: -9088758.88077
199. Current log-likelihood: -9088758.83847
200. Current log-likelihood: -9088758.80262
201. Current log-likelihood: -9088758.76865
202. Current log-likelihood: -9088758.72980
203. Current log-likelihood: -9088758.69414
204. Current log-likelihood: -9088758.66182
205. Current log-likelihood: -9088758.61744
206. Current log-likelihood: -9088758.58556
207. Current log-likelihood: -9088758.55777
208. Current log-likelihood: -9088758.53209
209. Current log-likelihood: -9088758.50822
210. Current log-likelihood: -9088758.48569
211. Current log-likelihood: -9088758.46465
212. Current log-likelihood: -9088758.44192
213. Current log-likelihood: -9088758.40794
214. Current log-likelihood: -9088758.38761
215. Current log-likelihood: -9088758.36832
216. Current log-likelihood: -9088758.34974
217. Current log-likelihood: -9088758.33198
218. Current log-likelihood: -9088758.31488
219. Current log-likelihood: -9088758.29815
220. Current log-likelihood: -9088758.28206
221. Current log-likelihood: -9088758.25712
222. Current log-likelihood: -9088758.23948
223. Current log-likelihood: -9088758.22239
224. Current log-likelihood: -9088758.20561
225. Current log-likelihood: -9088758.18914
226. Current log-likelihood: -9088758.17311
227. Current log-likelihood: -9088758.16043
228. Current log-likelihood: -9088758.14454
229. Current log-likelihood: -9088758.13190
230. Current log-likelihood: -9088758.11646
231. Current log-likelihood: -9088758.10420
232. Current log-likelihood: -9088758.08894
233. Current log-likelihood: -9088758.06220
234. Current log-likelihood: -9088758.04874
235. Current log-likelihood: -9088758.02920
236. Current log-likelihood: -9088758.01571
237. Current log-likelihood: -9088758.00244
238. Current log-likelihood: -9088757.98351
239. Current log-likelihood: -9088757.97019
240. Current log-likelihood: -9088757.95708
241. Current log-likelihood: -9088757.94052
242. Current log-likelihood: -9088757.92753
243. Current log-likelihood: -9088757.91438
244. Current log-likelihood: -9088757.90147
245. Current log-likelihood: -9088757.88323
246. Current log-likelihood: -9088757.86802
247. Current log-likelihood: -9088757.84461
248. Current log-likelihood: -9088757.83047
249. Current log-likelihood: -9088757.81074
250. Current log-likelihood: -9088757.79665
251. Current log-likelihood: -9088757.78250
252. Current log-likelihood: -9088757.76499
253. Current log-likelihood: -9088757.75100
254. Current log-likelihood: -9088757.73694
255. Current log-likelihood: -9088757.72290
256. Current log-likelihood: -9088757.70900
257. Current log-likelihood: -9088757.68977
258. Current log-likelihood: -9088757.67569
259. Current log-likelihood: -9088757.66177
260. Current log-likelihood: -9088757.64774
261. Current log-likelihood: -9088757.63389
262. Current log-likelihood: -9088757.60587
263. Current log-likelihood: -9088757.59061
264. Current log-likelihood: -9088757.57547
265. Current log-likelihood: -9088757.55687
266. Current log-likelihood: -9088757.54159
267. Current log-likelihood: -9088757.52649
268. Current log-likelihood: -9088757.51133
269. Current log-likelihood: -9088757.49101
270. Current log-likelihood: -9088757.47591
271. Current log-likelihood: -9088757.46070
272. Current log-likelihood: -9088757.44552
273. Current log-likelihood: -9088757.43047
274. Current log-likelihood: -9088757.41051
275. Current log-likelihood: -9088757.39527
276. Current log-likelihood: -9088757.38019
277. Current log-likelihood: -9088757.36278
278. Current log-likelihood: -9088757.33697
279. Current log-likelihood: -9088757.32044
280. Current log-likelihood: -9088757.30410
281. Current log-likelihood: -9088757.28442
282. Current log-likelihood: -9088757.26816
283. Current log-likelihood: -9088757.25174
284. Current log-likelihood: -9088757.23539
285. Current log-likelihood: -9088757.21917
286. Current log-likelihood: -9088757.19775
287. Current log-likelihood: -9088757.18131
288. Current log-likelihood: -9088757.16505
289. Current log-likelihood: -9088757.14864
290. Current log-likelihood: -9088757.13227
291. Current log-likelihood: -9088757.11602
292. Current log-likelihood: -9088757.09256
293. Current log-likelihood: -9088757.07115
294. Current log-likelihood: -9088757.05344
295. Current log-likelihood: -9088757.03591
296. Current log-likelihood: -9088757.01129
297. Current log-likelihood: -9088756.99370
298. Current log-likelihood: -9088756.97595
299. Current log-likelihood: -9088756.95825
300. Current log-likelihood: -9088756.93763
301. Current log-likelihood: -9088756.91991
302. Current log-likelihood: -9088756.89692
303. Current log-likelihood: -9088756.87054
304. Current log-likelihood: -9088756.84746
305. Current log-likelihood: -9088756.82117
306. Current log-likelihood: -9088756.79807
307. Current log-likelihood: -9088756.76352
308. Current log-likelihood: -9088756.73867
309. Current log-likelihood: -9088756.71202
310. Current log-likelihood: -9088756.68731
311. Current log-likelihood: -9088756.65722
312. Current log-likelihood: -9088756.63239
313. Current log-likelihood: -9088756.60582
314. Current log-likelihood: -9088756.58111
315. Current log-likelihood: -9088756.55141
316. Current log-likelihood: -9088756.52651
317. Current log-likelihood: -9088756.50004
318. Current log-likelihood: -9088756.47524
319. Current log-likelihood: -9088756.43864
320. Current log-likelihood: -9088756.41200
321. Current log-likelihood: -9088756.38346
322. Current log-likelihood: -9088756.35213
323. Current log-likelihood: -9088756.32535
324. Current log-likelihood: -9088756.29699
325. Current log-likelihood: -9088756.26743
326. Current log-likelihood: -9088756.24075
327. Current log-likelihood: -9088756.21245
328. Current log-likelihood: -9088756.18587
329. Current log-likelihood: -9088756.15447
330. Current log-likelihood: -9088756.12057
331. Current log-likelihood: -9088756.08891
332. Current log-likelihood: -9088756.05748
333. Current log-likelihood: -9088756.02605
334. Current log-likelihood: -9088755.99744
335. Current log-likelihood: -9088755.96721
336. Current log-likelihood: -9088755.93585
337. Current log-likelihood: -9088755.90734
338. Current log-likelihood: -9088755.87716
339. Current log-likelihood: -9088755.84876
340. Current log-likelihood: -9088755.81690
341. Current log-likelihood: -9088755.78843
342. Current log-likelihood: -9088755.74808
343. Current log-likelihood: -9088755.71470
344. Current log-likelihood: -9088755.68268
345. Current log-likelihood: -9088755.65226
346. Current log-likelihood: -9088755.62004
347. Current log-likelihood: -9088755.58662
348. Current log-likelihood: -9088755.55611
349. Current log-likelihood: -9088755.52398
350. Current log-likelihood: -9088755.49033
351. Current log-likelihood: -9088755.45822
352. Current log-likelihood: -9088755.42637
353. Current log-likelihood: -9088755.38815
354. Current log-likelihood: -9088755.35108
355. Current log-likelihood: -9088755.31720
356. Current log-likelihood: -9088755.28183
357. Current log-likelihood: -9088755.24798
358. Current log-likelihood: -9088755.21561
359. Current log-likelihood: -9088755.18144
360. Current log-likelihood: -9088755.14608
361. Current log-likelihood: -9088755.11098
362. Current log-likelihood: -9088755.07856
363. Current log-likelihood: -9088755.04437
364. Current log-likelihood: -9088755.00220
365. Current log-likelihood: -9088754.96488
366. Current log-likelihood: -9088754.92899
367. Current log-likelihood: -9088754.89156
368. Current log-likelihood: -9088754.85579
369. Current log-likelihood: -9088754.81853
370. Current log-likelihood: -9088754.78278
371. Current log-likelihood: -9088754.74675
372. Current log-likelihood: -9088754.71062
373. Current log-likelihood: -9088754.67479
374. Current log-likelihood: -9088754.63208
375. Current log-likelihood: -9088754.59235
376. Current log-likelihood: -9088754.55618
377. Current log-likelihood: -9088754.51756
378. Current log-likelihood: -9088754.47842
379. Current log-likelihood: -9088754.43894
380. Current log-likelihood: -9088754.40257
381. Current log-likelihood: -9088754.36438
382. Current log-likelihood: -9088754.32636
383. Current log-likelihood: -9088754.29035
384. Current log-likelihood: -9088754.25192
385. Current log-likelihood: -9088754.20424
386. Current log-likelihood: -9088754.16270
387. Current log-likelihood: -9088754.12277
388. Current log-likelihood: -9088754.08288
389. Current log-likelihood: -9088754.04140
390. Current log-likelihood: -9088754.00160
391. Current log-likelihood: -9088753.96149
392. Current log-likelihood: -9088753.92126
393. Current log-likelihood: -9088753.88168
394. Current log-likelihood: -9088753.84127
395. Current log-likelihood: -9088753.79463
396. Current log-likelihood: -9088753.75093
397. Current log-likelihood: -9088753.70725
398. Current log-likelihood: -9088753.66525
399. Current log-likelihood: -9088753.62331
400. Current log-likelihood: -9088753.57985
401. Current log-likelihood: -9088753.53791
402. Current log-likelihood: -9088753.48659
403. Current log-likelihood: -9088753.43469
404. Current log-likelihood: -9088753.38131
405. Current log-likelihood: -9088753.32049
406. Current log-likelihood: -9088753.26537
407. Current log-likelihood: -9088753.20908
408. Current log-likelihood: -9088753.15449
409. Current log-likelihood: -9088753.09795
410. Current log-likelihood: -9088753.04339
411. Current log-likelihood: -9088752.98888
412. Current log-likelihood: -9088752.93237
413. Current log-likelihood: -9088752.86897
414. Current log-likelihood: -9088752.81195
415. Current log-likelihood: -9088752.75241
416. Current log-likelihood: -9088752.69508
417. Current log-likelihood: -9088752.63613
418. Current log-likelihood: -9088752.57857
419. Current log-likelihood: -9088752.52151
420. Current log-likelihood: -9088752.46265
421. Current log-likelihood: -9088752.39633
422. Current log-likelihood: -9088752.33613
423. Current log-likelihood: -9088752.27425
424. Current log-likelihood: -9088752.21385
425. Current log-likelihood: -9088752.15228
426. Current log-likelihood: -9088752.09238
427. Current log-likelihood: -9088752.03204
428. Current log-likelihood: -9088751.97051
429. Current log-likelihood: -9088751.90152
430. Current log-likelihood: -9088751.83808
431. Current log-likelihood: -9088751.77351
432. Current log-likelihood: -9088751.71072
433. Current log-likelihood: -9088751.64589
434. Current log-likelihood: -9088751.58318
435. Current log-likelihood: -9088751.52051
436. Current log-likelihood: -9088751.45575
437. Current log-likelihood: -9088751.38322
438. Current log-likelihood: -9088751.31737
439. Current log-likelihood: -9088751.24984
440. Current log-likelihood: -9088751.18373
441. Current log-likelihood: -9088751.11811
442. Current log-likelihood: -9088751.05085
443. Current log-likelihood: -9088750.98490
444. Current log-likelihood: -9088750.91777
445. Current log-likelihood: -9088750.84414
446. Current log-likelihood: -9088750.77147
447. Current log-likelihood: -9088750.70249
448. Current log-likelihood: -9088750.63358
449. Current log-likelihood: -9088750.56489
450. Current log-likelihood: -9088750.49432
451. Current log-likelihood: -9088750.42586
452. Current log-likelihood: -9088750.35051
453. Current log-likelihood: -9088750.27312
454. Current log-likelihood: -9088750.20111
455. Current log-likelihood: -9088750.12966
456. Current log-likelihood: -9088750.05840
457. Current log-likelihood: -9088749.98488
458. Current log-likelihood: -9088749.91354
459. Current log-likelihood: -9088749.84235
460. Current log-likelihood: -9088749.75885
461. Current log-likelihood: -9088749.68396
462. Current log-likelihood: -9088749.60924
463. Current log-likelihood: -9088749.53477
464. Current log-likelihood: -9088749.45841
465. Current log-likelihood: -9088749.38356
466. Current log-likelihood: -9088749.30924
467. Current log-likelihood: -9088749.22523
468. Current log-likelihood: -9088749.14749
469. Current log-likelihood: -9088749.06988
470. Current log-likelihood: -9088748.99063
471. Current log-likelihood: -9088748.91279
472. Current log-likelihood: -9088748.83540
473. Current log-likelihood: -9088748.75829
474. Current log-likelihood: -9088748.67007
475. Current log-likelihood: -9088748.58942
476. Current log-likelihood: -9088748.50895
477. Current log-likelihood: -9088748.42861
478. Current log-likelihood: -9088748.34843
479. Current log-likelihood: -9088748.26653
480. Current log-likelihood: -9088748.18633
481. Current log-likelihood: -9088748.09783
482. Current log-likelihood: -9088748.01427
483. Current log-likelihood: -9088747.92908
484. Current log-likelihood: -9088747.84539
485. Current log-likelihood: -9088747.76218
486. Current log-likelihood: -9088747.67930
487. Current log-likelihood: -9088747.59647
488. Current log-likelihood: -9088747.50188
489. Current log-likelihood: -9088747.41544
490. Current log-likelihood: -9088747.32915
491. Current log-likelihood: -9088747.24306
492. Current log-likelihood: -9088747.15525
493. Current log-likelihood: -9088747.06968
494. Current log-likelihood: -9088746.98407
495. Current log-likelihood: -9088746.88608
496. Current log-likelihood: -9088746.79665
497. Current log-likelihood: -9088746.70739
498. Current log-likelihood: -9088746.61834
499. Current log-likelihood: -9088746.52758
500. Current log-likelihood: -9088746.43907
501. Current log-likelihood: -9088746.35053
502. Current log-likelihood: -9088746.23243
503. Current log-likelihood: -9088746.12248
504. Current log-likelihood: -9088746.01276
505. Current log-likelihood: -9088745.90324
506. Current log-likelihood: -9088745.79397
507. Current log-likelihood: -9088745.68511
508. Current log-likelihood: -9088745.56123
509. Current log-likelihood: -9088745.44707
510. Current log-likelihood: -9088745.33354
511. Current log-likelihood: -9088745.22030
512. Current log-likelihood: -9088745.10735
513. Current log-likelihood: -9088744.98448
514. Current log-likelihood: -9088744.86156
515. Current log-likelihood: -9088744.74438
516. Current log-likelihood: -9088744.62769
517. Current log-likelihood: -9088744.51128
518. Current log-likelihood: -9088744.39516
519. Current log-likelihood: -9088744.26385
520. Current log-likelihood: -9088744.14311
521. Current log-likelihood: -9088744.02256
522. Current log-likelihood: -9088743.90227
523. Current log-likelihood: -9088743.78228
524. Current log-likelihood: -9088743.64883
525. Current log-likelihood: -9088743.52463
526. Current log-likelihood: -9088743.40065
527. Current log-likelihood: -9088743.27697
528. Current log-likelihood: -9088743.15361
529. Current log-likelihood: -9088743.01708
530. Current log-likelihood: -9088742.88885
531. Current log-likelihood: -9088742.76125
532. Current log-likelihood: -9088742.63403
533. Current log-likelihood: -9088742.50716
534. Current log-likelihood: -9088742.36693
535. Current log-likelihood: -9088742.23592
536. Current log-likelihood: -9088742.10510
537. Current log-likelihood: -9088741.97462
538. Current log-likelihood: -9088741.84448
539. Current log-likelihood: -9088741.70031
540. Current log-likelihood: -9088741.56589
541. Current log-likelihood: -9088741.43169
542. Current log-likelihood: -9088741.29783
543. Current log-likelihood: -9088741.16433
544. Current log-likelihood: -9088741.01661
545. Current log-likelihood: -9088740.87814
546. Current log-likelihood: -9088740.74028
547. Current log-likelihood: -9088740.60288
548. Current log-likelihood: -9088740.46589
549. Current log-likelihood: -9088740.31430
550. Current log-likelihood: -9088740.17278
551. Current log-likelihood: -9088740.03151
552. Current log-likelihood: -9088739.89063
553. Current log-likelihood: -9088739.75014
554. Current log-likelihood: -9088739.59463
555. Current log-likelihood: -9088739.44952
556. Current log-likelihood: -9088739.30471
557. Current log-likelihood: -9088739.16030
558. Current log-likelihood: -9088739.01629
559. Current log-likelihood: -9088738.85726
560. Current log-likelihood: -9088738.70792
561. Current log-likelihood: -9088738.55930
562. Current log-likelihood: -9088738.41120
563. Current log-likelihood: -9088738.26356
564. Current log-likelihood: -9088738.10017
565. Current log-likelihood: -9088737.94760
566. Current log-likelihood: -9088737.79541
567. Current log-likelihood: -9088737.64368
568. Current log-likelihood: -9088737.49239
569. Current log-likelihood: -9088737.32502
570. Current log-likelihood: -9088737.16885
571. Current log-likelihood: -9088737.01297
572. Current log-likelihood: -9088736.85756
573. Current log-likelihood: -9088736.70262
574. Current log-likelihood: -9088736.53187
575. Current log-likelihood: -9088736.37119
576. Current log-likelihood: -9088736.21137
577. Current log-likelihood: -9088736.05215
578. Current log-likelihood: -9088735.89344
579. Current log-likelihood: -9088735.71999
580. Current log-likelihood: -9088735.55544
581. Current log-likelihood: -9088735.39177
582. Current log-likelihood: -9088735.22872
583. Current log-likelihood: -9088735.06621
584. Current log-likelihood: -9088734.88831
585. Current log-likelihood: -9088734.71995
586. Current log-likelihood: -9088734.55240
587. Current log-likelihood: -9088734.38550
588. Current log-likelihood: -9088734.21918
589. Current log-likelihood: -9088734.03536
590. Current log-likelihood: -9088733.86346
591. Current log-likelihood: -9088733.69210
592. Current log-likelihood: -9088733.52132
593. Current log-likelihood: -9088733.35112
594. Current log-likelihood: -9088733.16307
595. Current log-likelihood: -9088732.98717
596. Current log-likelihood: -9088732.81185
597. Current log-likelihood: -9088732.63714
598. Current log-likelihood: -9088732.44972
599. Current log-likelihood: -9088732.27015
600. Current log-likelihood: -9088732.09118
601. Current log-likelihood: -9088731.91286
602. Current log-likelihood: -9088731.70399
603. Current log-likelihood: -9088731.48290
604. Current log-likelihood: -9088731.26928
605. Current log-likelihood: -9088731.05699
606. Current log-likelihood: -9088730.84567
607. Current log-likelihood: -9088730.61903
608. Current log-likelihood: -9088730.40243
609. Current log-likelihood: -9088730.18337
610. Current log-likelihood: -9088729.96873
611. Current log-likelihood: -9088729.73744
612. Current log-likelihood: -9088729.51623
613. Current log-likelihood: -9088729.29273
614. Current log-likelihood: -9088729.07275
615. Current log-likelihood: -9088728.83712
616. Current log-likelihood: -9088728.61136
617. Current log-likelihood: -9088728.38336
618. Current log-likelihood: -9088728.15892
619. Current log-likelihood: -9088727.91848
620. Current log-likelihood: -9088727.68813
621. Current log-likelihood: -9088727.45533
622. Current log-likelihood: -9088727.22651
623. Current log-likelihood: -9088726.98119
624. Current log-likelihood: -9088726.74624
625. Current log-likelihood: -9088726.50884
626. Current log-likelihood: -9088726.27550
627. Current log-likelihood: -9088726.02524
628. Current log-likelihood: -9088725.78564
629. Current log-likelihood: -9088725.54362
630. Current log-likelihood: -9088725.30572
631. Current log-likelihood: -9088725.05044
632. Current log-likelihood: -9088724.80613
633. Current log-likelihood: -9088724.55943
634. Current log-likelihood: -9088724.31693
635. Current log-likelihood: -9088724.05659
636. Current log-likelihood: -9088723.80755
637. Current log-likelihood: -9088723.55613
638. Current log-likelihood: -9088723.30898
639. Current log-likelihood: -9088723.04354
640. Current log-likelihood: -9088722.78971
641. Current log-likelihood: -9088722.53352
642. Current log-likelihood: -9088722.28168
643. Current log-likelihood: -9088722.01108
644. Current log-likelihood: -9088721.75242
645. Current log-likelihood: -9088721.49180
646. Current log-likelihood: -9088721.22196
647. Current log-likelihood: -9088720.95659
648. Current log-likelihood: -9088720.69508
649. Current log-likelihood: -9088720.43154
650. Current log-likelihood: -9088720.15422
651. Current log-likelihood: -9088719.88420
652. Current log-likelihood: -9088719.61869
653. Current log-likelihood: -9088719.33742
654. Current log-likelihood: -9088719.06289
655. Current log-likelihood: -9088718.79197
656. Current log-likelihood: -9088718.52233
657. Current log-likelihood: -9088718.23421
658. Current log-likelihood: -9088717.95808
659. Current log-likelihood: -9088717.68017
660. Current log-likelihood: -9088717.39225
661. Current log-likelihood: -9088717.10926
662. Current log-likelihood: -9088716.83090
663. Current log-likelihood: -9088716.55043
664. Current log-likelihood: -9088716.25481
665. Current log-likelihood: -9088715.96692
666. Current log-likelihood: -9088715.68407
667. Current log-likelihood: -9088715.38491
668. Current log-likelihood: -9088715.09561
669. Current log-likelihood: -9088714.80515
670. Current log-likelihood: -9088714.50459
671. Current log-likelihood: -9088714.20844
672. Current log-likelihood: -9088713.91736
673. Current log-likelihood: -9088713.61044
674. Current log-likelihood: -9088713.30958
675. Current log-likelihood: -9088713.01343
676. Current log-likelihood: -9088712.71871
677. Current log-likelihood: -9088712.40310
678. Current log-likelihood: -9088712.09834
679. Current log-likelihood: -9088711.79761
680. Current log-likelihood: -9088711.48293
681. Current log-likelihood: -9088711.17377
682. Current log-likelihood: -9088710.86618
683. Current log-likelihood: -9088710.54810
684. Current log-likelihood: -9088710.23490
685. Current log-likelihood: -9088709.92553
686. Current log-likelihood: -9088709.60106
687. Current log-likelihood: -9088709.28585
688. Current log-likelihood: -9088708.97063
689. Current log-likelihood: -9088708.64416
690. Current log-likelihood: -9088708.32284
691. Current log-likelihood: -9088708.00550
692. Current log-likelihood: -9088707.67259
693. Current log-likelihood: -9088707.34935
694. Current log-likelihood: -9088707.02614
695. Current log-likelihood: -9088706.69121
696. Current log-likelihood: -9088706.36175
697. Current log-likelihood: -9088706.03639
698. Current log-likelihood: -9088705.69492
699. Current log-likelihood: -9088705.36353
700. Current log-likelihood: -9088705.03223
701. Current log-likelihood: -9088704.68873
702. Current log-likelihood: -9088704.30990
703. Current log-likelihood: -9088703.93223
704. Current log-likelihood: -9088703.53488
705. Current log-likelihood: -9088703.14996
706. Current log-likelihood: -9088702.76553
707. Current log-likelihood: -9088702.36192
708. Current log-likelihood: -9088701.97170
709. Current log-likelihood: -9088701.58214
710. Current log-likelihood: -9088701.17275
711. Current log-likelihood: -9088700.77722
712. Current log-likelihood: -9088700.38239
713. Current log-likelihood: -9088699.96731
714. Current log-likelihood: -9088699.56641
715. Current log-likelihood: -9088699.16628
716. Current log-likelihood: -9088698.74548
717. Current log-likelihood: -9088698.33918
718. Current log-likelihood: -9088697.93372
719. Current log-likelihood: -9088697.50717
720. Current log-likelihood: -9088697.09548
721. Current log-likelihood: -9088696.68468
722. Current log-likelihood: -9088696.25233
723. Current log-likelihood: -9088695.83515
724. Current log-likelihood: -9088695.41896
725. Current log-likelihood: -9088694.98079
726. Current log-likelihood: -9088694.55817
727. Current log-likelihood: -9088694.13659
728. Current log-likelihood: -9088693.69255
729. Current log-likelihood: -9088693.26439
730. Current log-likelihood: -9088692.83737
731. Current log-likelihood: -9088692.38745
732. Current log-likelihood: -9088691.95166
733. Current log-likelihood: -9088691.52165
734. Current log-likelihood: -9088691.06585
735. Current log-likelihood: -9088690.62485
736. Current log-likelihood: -9088690.18947
737. Current log-likelihood: -9088689.72506
738. Current log-likelihood: -9088689.28043
739. Current log-likelihood: -9088688.81944
740. Current log-likelihood: -9088688.36963
741. Current log-likelihood: -9088687.92142
742. Current log-likelihood: -9088687.45085
743. Current log-likelihood: -9088686.99634
744. Current log-likelihood: -9088686.54337
745. Current log-likelihood: -9088686.06586
746. Current log-likelihood: -9088685.60373
747. Current log-likelihood: -9088685.12909
748. Current log-likelihood: -9088684.66182
749. Current log-likelihood: -9088684.20115
750. Current log-likelihood: -9088683.71453
751. Current log-likelihood: -9088683.23982
752. Current log-likelihood: -9088682.75560
753. Current log-likelihood: -9088682.27871
754. Current log-likelihood: -9088681.80849
755. Current log-likelihood: -9088681.31090
756. Current log-likelihood: -9088680.82942
757. Current log-likelihood: -9088680.33499
758. Current log-likelihood: -9088679.84848
759. Current log-likelihood: -9088679.36892
760. Current log-likelihood: -9088678.86196
761. Current log-likelihood: -9088678.36871
762. Current log-likelihood: -9088677.86332
763. Current log-likelihood: -9088677.36925
764. Current log-likelihood: -9088676.87759
765. Current log-likelihood: -9088676.36049
766. Current log-likelihood: -9088675.85974
767. Current log-likelihood: -9088675.34502
768. Current log-likelihood: -9088674.83741
769. Current log-likelihood: -9088674.33671
770. Current log-likelihood: -9088673.81156
771. Current log-likelihood: -9088673.29902
772. Current log-likelihood: -9088672.77322
773. Current log-likelihood: -9088672.25762
774. Current log-likelihood: -9088671.72930
775. Current log-likelihood: -9088671.20940
776. Current log-likelihood: -9088670.67535
777. Current log-likelihood: -9088670.15165
778. Current log-likelihood: -9088669.61520
779. Current log-likelihood: -9088669.08734
780. Current log-likelihood: -9088668.54510
781. Current log-likelihood: -9088668.01344
782. Current log-likelihood: -9088667.46876
783. Current log-likelihood: -9088666.93296
784. Current log-likelihood: -9088666.38242
785. Current log-likelihood: -9088665.84277
786. Current log-likelihood: -9088665.28983
787. Current log-likelihood: -9088664.74607
788. Current log-likelihood: -9088664.18725
789. Current log-likelihood: -9088663.63963
790. Current log-likelihood: -9088663.07839
791. Current log-likelihood: -9088662.52662
792. Current log-likelihood: -9088661.95947
793. Current log-likelihood: -9088661.40385
794. Current log-likelihood: -9088660.83428
795. Current log-likelihood: -9088660.27451
796. Current log-likelihood: -9088659.69900
797. Current log-likelihood: -9088659.13537
798. Current log-likelihood: -9088658.55744
799. Current log-likelihood: -9088657.98782
800. Current log-likelihood: -9088657.40568
801. Current log-likelihood: -9088656.83386
802. Current log-likelihood: -9088656.18687
803. Current log-likelihood: -9088655.54812
804. Current log-likelihood: -9088654.88315
805. Current log-likelihood: -9088654.23943
806. Current log-likelihood: -9088653.57166
807. Current log-likelihood: -9088652.92306
808. Current log-likelihood: -9088652.24731
809. Current log-likelihood: -9088651.59382
810. Current log-likelihood: -9088650.91559
811. Current log-likelihood: -9088650.25369
812. Current log-likelihood: -9088649.57225
813. Current log-likelihood: -9088648.90884
814. Current log-likelihood: -9088648.21989
815. Current log-likelihood: -9088647.55141
816. Current log-likelihood: -9088646.85719
817. Current log-likelihood: -9088646.18374
818. Current log-likelihood: -9088645.48427
819. Current log-likelihood: -9088644.80592
820. Current log-likelihood: -9088644.10120
821. Current log-likelihood: -9088643.41786
822. Current log-likelihood: -9088642.70789
823. Current log-likelihood: -9088642.01978
824. Current log-likelihood: -9088641.30454
825. Current log-likelihood: -9088640.61136
826. Current log-likelihood: -9088639.89088
827. Current log-likelihood: -9088639.19278
828. Current log-likelihood: -9088638.46706
829. Current log-likelihood: -9088637.76407
830. Current log-likelihood: -9088637.03310
831. Current log-likelihood: -9088636.32525
832. Current log-likelihood: -9088635.58903
833. Current log-likelihood: -9088634.87621
834. Current log-likelihood: -9088634.13403
835. Current log-likelihood: -9088633.41466
836. Current log-likelihood: -9088632.66845
837. Current log-likelihood: -9088631.94397
838. Current log-likelihood: -9088631.19261
839. Current log-likelihood: -9088630.46324
840. Current log-likelihood: -9088629.70669
841. Current log-likelihood: -9088628.97252
842. Current log-likelihood: -9088628.21072
843. Current log-likelihood: -9088627.47334
844. Current log-likelihood: -9088626.70603
845. Current log-likelihood: -9088625.96406
846. Current log-likelihood: -9088625.19007
847. Current log-likelihood: -9088624.44120
848. Current log-likelihood: -9088623.66393
849. Current log-likelihood: -9088622.91030
850. Current log-likelihood: -9088622.12860
851. Current log-likelihood: -9088621.36818
852. Current log-likelihood: -9088620.58138
853. Current log-likelihood: -9088619.81829
854. Current log-likelihood: -9088619.02621
855. Current log-likelihood: -9088618.25603
856. Current log-likelihood: -9088617.45965
857. Current log-likelihood: -9088616.68906
858. Current log-likelihood: -9088615.88460
859. Current log-likelihood: -9088615.10848
860. Current log-likelihood: -9088614.29863
861. Current log-likelihood: -9088613.51610
862. Current log-likelihood: -9088612.70354
863. Current log-likelihood: -9088611.91842
864. Current log-likelihood: -9088611.09821
865. Current log-likelihood: -9088610.30818
866. Current log-likelihood: -9088609.48460
867. Current log-likelihood: -9088608.68743
868. Current log-likelihood: -9088607.85967
869. Current log-likelihood: -9088607.06046
870. Current log-likelihood: -9088606.22570
871. Current log-likelihood: -9088605.42141
872. Current log-likelihood: -9088604.58182
873. Current log-likelihood: -9088603.77286
874. Current log-likelihood: -9088602.92830
875. Current log-likelihood: -9088602.11484
876. Current log-likelihood: -9088601.26537
877. Current log-likelihood: -9088600.44829
878. Current log-likelihood: -9088599.59451
879. Current log-likelihood: -9088598.76953
880. Current log-likelihood: -9088597.91191
881. Current log-likelihood: -9088597.08592
882. Current log-likelihood: -9088596.22144
883. Current log-likelihood: -9088595.38969
884. Current log-likelihood: -9088594.52050
885. Current log-likelihood: -9088593.68545
886. Current log-likelihood: -9088592.80880
887. Current log-likelihood: -9088591.96975
888. Current log-likelihood: -9088591.09060
889. Current log-likelihood: -9088590.24524
890. Current log-likelihood: -9088589.36206
891. Current log-likelihood: -9088588.51642
892. Current log-likelihood: -9088587.62717
893. Current log-likelihood: -9088586.77455
894. Current log-likelihood: -9088585.87942
895. Current log-likelihood: -9088585.02255
896. Current log-likelihood: -9088584.12449
897. Current log-likelihood: -9088583.26395
898. Current log-likelihood: -9088582.36081
899. Current log-likelihood: -9088581.49519
900. Current log-likelihood: -9088580.58597
901. Current log-likelihood: -9088579.71835
902. Current log-likelihood: -9088578.73342
903. Current log-likelihood: -9088577.73832
904. Current log-likelihood: -9088576.77467
905. Current log-likelihood: -9088575.76245
906. Current log-likelihood: -9088574.76242
907. Current log-likelihood: -9088573.79156
908. Current log-likelihood: -9088572.77162
909. Current log-likelihood: -9088571.76337
910. Current log-likelihood: -9088570.78247
911. Current log-likelihood: -9088569.75563
912. Current log-likelihood: -9088568.73903
913. Current log-likelihood: -9088567.75508
914. Current log-likelihood: -9088566.71891
915. Current log-likelihood: -9088565.69424
916. Current log-likelihood: -9088564.70190
917. Current log-likelihood: -9088563.65891
918. Current log-likelihood: -9088562.62759
919. Current log-likelihood: -9088561.62825
920. Current log-likelihood: -9088560.57751
921. Current log-likelihood: -9088559.53861
922. Current log-likelihood: -9088558.53273
923. Current log-likelihood: -9088557.47443
924. Current log-likelihood: -9088556.42862
925. Current log-likelihood: -9088555.38332
926. Current log-likelihood: -9088554.36398
927. Current log-likelihood: -9088553.30022
928. Current log-likelihood: -9088552.24422
929. Current log-likelihood: -9088551.22203
930. Current log-likelihood: -9088550.14783
931. Current log-likelihood: -9088549.08762
932. Current log-likelihood: -9088548.05564
933. Current log-likelihood: -9088546.97736
934. Current log-likelihood: -9088545.90740
935. Current log-likelihood: -9088544.83921
936. Current log-likelihood: -9088543.79840
937. Current log-likelihood: -9088542.71156
938. Current log-likelihood: -9088541.63336
939. Current log-likelihood: -9088540.55652
940. Current log-likelihood: -9088539.50816
941. Current log-likelihood: -9088538.41321
942. Current log-likelihood: -9088537.32660
943. Current log-likelihood: -9088536.24131
944. Current log-likelihood: -9088535.15078
945. Current log-likelihood: -9088534.06140
946. Current log-likelihood: -9088532.96699
947. Current log-likelihood: -9088531.87310
948. Current log-likelihood: -9088530.81225
949. Current log-likelihood: -9088529.69840
950. Current log-likelihood: -9088528.59805
951. Current log-likelihood: -9088527.49395
952. Current log-likelihood: -9088526.39126
953. Current log-likelihood: -9088525.28579
954. Current log-likelihood: -9088524.21162
955. Current log-likelihood: -9088523.08890
956. Current log-likelihood: -9088521.97772
957. Current log-likelihood: -9088520.86261
958. Current log-likelihood: -9088519.74910
959. Current log-likelihood: -9088518.63090
960. Current log-likelihood: -9088517.51354
961. Current log-likelihood: -9088516.39469
962. Current log-likelihood: -9088515.27127
963. Current log-likelihood: -9088514.14991
964. Current log-likelihood: -9088513.02612
965. Current log-likelihood: -9088511.89947
966. Current log-likelihood: -9088510.77313
967. Current log-likelihood: -9088509.64500
968. Current log-likelihood: -9088508.51445
969. Current log-likelihood: -9088507.38406
970. Current log-likelihood: -9088506.25207
971. Current log-likelihood: -9088505.11726
972. Current log-likelihood: -9088503.98176
973. Current log-likelihood: -9088502.84553
974. Current log-likelihood: -9088501.70802
975. Current log-likelihood: -9088500.56703
976. Current log-likelihood: -9088499.42660
977. Current log-likelihood: -9088498.28517
978. Current log-likelihood: -9088497.14181
979. Current log-likelihood: -9088495.99748
980. Current log-likelihood: -9088494.85013
981. Current log-likelihood: -9088493.70343
982. Current log-likelihood: -9088492.55637
983. Current log-likelihood: -9088491.40703
984. Current log-likelihood: -9088490.25735
985. Current log-likelihood: -9088489.10623
986. Current log-likelihood: -9088487.95170
987. Current log-likelihood: -9088486.79980
988. Current log-likelihood: -9088485.64315
989. Current log-likelihood: -9088484.48618
990. Current log-likelihood: -9088483.32895
991. Current log-likelihood: -9088482.17014
992. Current log-likelihood: -9088481.01107
993. Current log-likelihood: -9088479.85053
994. Current log-likelihood: -9088478.68904
995. Current log-likelihood: -9088477.52744
996. Current log-likelihood: -9088476.36445
997. Current log-likelihood: -9088475.20132
998. Current log-likelihood: -9088474.03691
999. Current log-likelihood: -9088472.87244
1000. Current log-likelihood: -9088471.70626
1001. Current log-likelihood: -9088470.54052
1002. Current log-likelihood: -9088469.30285
1003. Current log-likelihood: -9088468.04369
1004. Current log-likelihood: -9088466.78000
1005. Current log-likelihood: -9088465.51854
1006. Current log-likelihood: -9088464.25407
1007. Current log-likelihood: -9088462.99011
1008. Current log-likelihood: -9088461.72576
1009. Current log-likelihood: -9088460.46119
1010. Current log-likelihood: -9088459.19634
1011. Current log-likelihood: -9088457.93133
1012. Current log-likelihood: -9088456.66614
1013. Current log-likelihood: -9088455.40087
1014. Current log-likelihood: -9088454.13547
1015. Current log-likelihood: -9088452.87008
1016. Current log-likelihood: -9088451.60468
1017. Current log-likelihood: -9088450.33920
1018. Current log-likelihood: -9088449.07402
1019. Current log-likelihood: -9088447.80893
1020. Current log-likelihood: -9088446.54531
1021. Current log-likelihood: -9088445.28029
1022. Current log-likelihood: -9088444.01575
1023. Current log-likelihood: -9088442.75167
1024. Current log-likelihood: -9088441.48818
1025. Current log-likelihood: -9088440.22503
1026. Current log-likelihood: -9088438.96228
1027. Current log-likelihood: -9088437.70002
1028. Current log-likelihood: -9088436.43827
1029. Current log-likelihood: -9088435.17691
1030. Current log-likelihood: -9088433.91643
1031. Current log-likelihood: -9088432.65656
1032. Current log-likelihood: -9088431.39737
1033. Current log-likelihood: -9088430.13993
1034. Current log-likelihood: -9088428.88294
1035. Current log-likelihood: -9088427.62679
1036. Current log-likelihood: -9088426.37154
1037. Current log-likelihood: -9088425.11722
1038. Current log-likelihood: -9088423.86390
1039. Current log-likelihood: -9088422.61157
1040. Current log-likelihood: -9088421.36034
1041. Current log-likelihood: -9088420.11022
1042. Current log-likelihood: -9088418.86123
1043. Current log-likelihood: -9088417.61463
1044. Current log-likelihood: -9088416.36805
1045. Current log-likelihood: -9088415.12292
1046. Current log-likelihood: -9088413.88021
1047. Current log-likelihood: -9088412.63755
1048. Current log-likelihood: -9088411.39650
1049. Current log-likelihood: -9088410.15696
1050. Current log-likelihood: -9088408.91909
1051. Current log-likelihood: -9088407.68250
1052. Current log-likelihood: -9088406.44742
1053. Current log-likelihood: -9088405.21418
1054. Current log-likelihood: -9088403.98156
1055. Current log-likelihood: -9088402.75101
1056. Current log-likelihood: -9088401.52217
1057. Current log-likelihood: -9088400.29605
1058. Current log-likelihood: -9088399.07066
1059. Current log-likelihood: -9088397.84725
1060. Current log-likelihood: -9088396.62667
1061. Current log-likelihood: -9088395.40702
1062. Current log-likelihood: -9088394.18945
1063. Current log-likelihood: -9088392.97490
1064. Current log-likelihood: -9088391.76130
1065. Current log-likelihood: -9088390.55092
1066. Current log-likelihood: -9088389.34161
1067. Current log-likelihood: -9088388.13463
1068. Current log-likelihood: -9088386.93089
1069. Current log-likelihood: -9088385.72830
1070. Current log-likelihood: -9088384.52816
1071. Current log-likelihood: -9088383.33140
1072. Current log-likelihood: -9088382.13589
1073. Current log-likelihood: -9088380.94399
1074. Current log-likelihood: -9088379.75338
1075. Current log-likelihood: -9088378.56651
1076. Current log-likelihood: -9088377.38198
1077. Current log-likelihood: -9088376.19906
1078. Current log-likelihood: -9088375.01983
1079. Current log-likelihood: -9088373.84230
1080. Current log-likelihood: -9088372.66847
1081. Current log-likelihood: -9088371.49645
1082. Current log-likelihood: -9088370.32820
1083. Current log-likelihood: -9088369.16295
1084. Current log-likelihood: -9088368.00059
1085. Current log-likelihood: -9088366.83996
1086. Current log-likelihood: -9088365.68358
1087. Current log-likelihood: -9088364.53007
1088. Current log-likelihood: -9088363.37957
1089. Current log-likelihood: -9088362.23213
1090. Current log-likelihood: -9088361.08779
1091. Current log-likelihood: -9088359.94656
1092. Current log-likelihood: -9088358.80852
1093. Current log-likelihood: -9088357.67366
1094. Current log-likelihood: -9088356.54204
1095. Current log-likelihood: -9088355.41369
1096. Current log-likelihood: -9088354.28864
1097. Current log-likelihood: -9088353.16694
1098. Current log-likelihood: -9088352.04861
1099. Current log-likelihood: -9088350.93358
1100. Current log-likelihood: -9088349.82203
1101. Current log-likelihood: -9088348.71403
1102. Current log-likelihood: -9088347.56591
1103. Current log-likelihood: -9088346.39131
1104. Current log-likelihood: -9088345.22080
1105. Current log-likelihood: -9088344.05469
1106. Current log-likelihood: -9088342.89404
1107. Current log-likelihood: -9088341.73538
1108. Current log-likelihood: -9088340.58177
1109. Current log-likelihood: -9088339.43221
1110. Current log-likelihood: -9088338.28757
1111. Current log-likelihood: -9088337.14686
1112. Current log-likelihood: -9088336.01024
1113. Current log-likelihood: -9088334.87866
1114. Current log-likelihood: -9088333.75228
1115. Current log-likelihood: -9088332.63169
1116. Current log-likelihood: -9088331.51349
1117. Current log-likelihood: -9088330.39972
1118. Current log-likelihood: -9088329.29116
1119. Current log-likelihood: -9088328.18741
1120. Current log-likelihood: -9088327.08900
1121. Current log-likelihood: -9088325.99648
1122. Current log-likelihood: -9088324.90668
1123. Current log-likelihood: -9088323.82135
1124. Current log-likelihood: -9088322.74133
1125. Current log-likelihood: -9088321.66597
1126. Current log-likelihood: -9088320.59785
1127. Current log-likelihood: -9088319.53240
1128. Current log-likelihood: -9088318.47152
1129. Current log-likelihood: -9088317.41564
1130. Current log-likelihood: -9088316.36489
1131. Current log-likelihood: -9088315.32139
1132. Current log-likelihood: -9088314.28083
1133. Current log-likelihood: -9088313.24511
1134. Current log-likelihood: -9088312.21452
1135. Current log-likelihood: -9088311.19132
1136. Current log-likelihood: -9088310.17106
1137. Current log-likelihood: -9088309.15575
1138. Current log-likelihood: -9088308.14569
1139. Current log-likelihood: -9088307.14300
1140. Current log-likelihood: -9088306.14340
1141. Current log-likelihood: -9088305.14886
1142. Current log-likelihood: -9088304.16207
1143. Current log-likelihood: -9088303.17811
1144. Current log-likelihood: -9088302.20018
1145. Current log-likelihood: -9088301.22627
1146. Current log-likelihood: -9088300.26080
1147. Current log-likelihood: -9088299.29778
1148. Current log-likelihood: -9088298.34003
1149. Current log-likelihood: -9088297.39008
1150. Current log-likelihood: -9088296.44316
1151. Current log-likelihood: -9088295.50157
1152. Current log-likelihood: -9088294.56726
1153. Current log-likelihood: -9088293.63614
1154. Current log-likelihood: -9088292.71074
1155. Current log-likelihood: -9088291.79242
1156. Current log-likelihood: -9088290.87746
1157. Current log-likelihood: -9088289.96817
1158. Current log-likelihood: -9088289.06600
1159. Current log-likelihood: -9088288.16728
1160. Current log-likelihood: -9088287.27567
1161. Current log-likelihood: -9088286.38994
1162. Current log-likelihood: -9088285.50770
1163. Current log-likelihood: -9088284.63324
1164. Current log-likelihood: -9088283.76138
1165. Current log-likelihood: -9088282.89542
1166. Current log-likelihood: -9088282.03659
1167. Current log-likelihood: -9088281.18131
1168. Current log-likelihood: -9088280.33462
1169. Current log-likelihood: -9088279.49115
1170. Current log-likelihood: -9088278.65233
1171. Current log-likelihood: -9088277.82071
1172. Current log-likelihood: -9088276.99307
1173. Current log-likelihood: -9088276.17275
1174. Current log-likelihood: -9088275.35686
1175. Current log-likelihood: -9088274.54518
1176. Current log-likelihood: -9088273.74118
1177. Current log-likelihood: -9088272.94129
1178. Current log-likelihood: -9088272.14812
1179. Current log-likelihood: -9088271.35803
1180. Current log-likelihood: -9088270.57669
1181. Current log-likelihood: -9088269.79842
1182. Current log-likelihood: -9088269.02695
1183. Current log-likelihood: -9088268.25803
1184. Current log-likelihood: -9088267.49780
1185. Current log-likelihood: -9088266.74029
1186. Current log-likelihood: -9088265.99051
1187. Current log-likelihood: -9088265.24320
1188. Current log-likelihood: -9088264.50478
1189. Current log-likelihood: -9088263.76825
1190. Current log-likelihood: -9088263.04055
1191. Current log-likelihood: -9088262.31415
1192. Current log-likelihood: -9088261.59655
1193. Current log-likelihood: -9088260.88107
1194. Current log-likelihood: -9088260.19003
1195. Current log-likelihood: -9088259.50728
1196. Current log-likelihood: -9088258.83007
1197. Current log-likelihood: -9088258.15507
1198. Current log-likelihood: -9088257.48694
1199. Current log-likelihood: -9088256.79942
1200. Current log-likelihood: -9088256.12345
1201. Current log-likelihood: -9088255.45029
1202. Current log-likelihood: -9088254.76896
1203. Current log-likelihood: -9088254.07226
1204. Current log-likelihood: -9088253.38328
1205. Current log-likelihood: -9088252.69758
1206. Current log-likelihood: -9088252.01995
1207. Current log-likelihood: -9088251.34600
1208. Current log-likelihood: -9088250.67997
1209. Current log-likelihood: -9088250.01709
1210. Current log-likelihood: -9088249.36195
1211. Current log-likelihood: -9088248.71284
1212. Current log-likelihood: -9088248.06621
1213. Current log-likelihood: -9088247.42788
1214. Current log-likelihood: -9088246.79244
1215. Current log-likelihood: -9088246.16527
1216. Current log-likelihood: -9088245.54101
1217. Current log-likelihood: -9088244.92422
1218. Current log-likelihood: -9088244.31101
1219. Current log-likelihood: -9088243.70505
1220. Current log-likelihood: -9088243.10526
1221. Current log-likelihood: -9088242.50747
1222. Current log-likelihood: -9088241.91799
1223. Current log-likelihood: -9088241.33124
1224. Current log-likelihood: -9088240.75228
1225. Current log-likelihood: -9088240.17593
1226. Current log-likelihood: -9088239.60735
1227. Current log-likelihood: -9088239.04440
1228. Current log-likelihood: -9088238.48300
1229. Current log-likelihood: -9088237.93054
1230. Current log-likelihood: -9088237.38000
1231. Current log-likelihood: -9088236.83684
1232. Current log-likelihood: -9088236.29912
1233. Current log-likelihood: -9088235.76299
1234. Current log-likelihood: -9088235.23546
1235. Current log-likelihood: -9088234.70985
1236. Current log-likelihood: -9088234.19137
1237. Current log-likelihood: -9088233.67814
1238. Current log-likelihood: -9088233.16643
1239. Current log-likelihood: -9088232.66278
1240. Current log-likelihood: -9088232.16128
1241. Current log-likelihood: -9088231.66639
1242. Current log-likelihood: -9088231.17694
1243. Current log-likelihood: -9088225.41601
1244. Current log-likelihood: -9088222.93307
1245. Current log-likelihood: -9088220.98599
1246. Current log-likelihood: -9088219.16683
1247. Current log-likelihood: -9088217.40656
1248. Current log-likelihood: -9088215.67269
1249. Current log-likelihood: -9088213.96229
1250. Current log-likelihood: -9088212.27899
1251. Current log-likelihood: -9088210.61920
1252. Current log-likelihood: -9088208.99175
1253. Current log-likelihood: -9088207.38530
1254. Current log-likelihood: -9088205.79563
1255. Current log-likelihood: -9088204.22898
1256. Current log-likelihood: -9088202.67615
1257. Current log-likelihood: -9088201.15650
1258. Current log-likelihood: -9088199.63958
1259. Current log-likelihood: -9088198.16803
1260. Current log-likelihood: -9088196.68986
1261. Current log-likelihood: -9088195.23700
1262. Current log-likelihood: -9088193.80395
1263. Current log-likelihood: -9088192.39228
1264. Current log-likelihood: -9088190.99765
1265. Current log-likelihood: -9088189.62700
1266. Current log-likelihood: -9088188.27515
1267. Current log-likelihood: -9088186.94178
1268. Current log-likelihood: -9088185.62786
1269. Current log-likelihood: -9088184.33460
1270. Current log-likelihood: -9088183.06549
1271. Current log-likelihood: -9088181.81349
1272. Current log-likelihood: -9088180.58407
1273. Current log-likelihood: -9088179.37502
1274. Current log-likelihood: -9088178.18666
1275. Current log-likelihood: -9088177.02210
1276. Current log-likelihood: -9088175.87902
1277. Current log-likelihood: -9088174.75517
1278. Current log-likelihood: -9088173.65780
1279. Current log-likelihood: -9088172.58329
1280. Current log-likelihood: -9088171.52640
1281. Current log-likelihood: -9088170.49775
1282. Current log-likelihood: -9088169.49145
1283. Current log-likelihood: -9088168.50714
1284. Current log-likelihood: -9088167.54523
1285. Current log-likelihood: -9088166.60995
1286. Current log-likelihood: -9088165.69619
1287. Current log-likelihood: -9088164.80122
1288. Current log-likelihood: -9088163.93492
1289. Current log-likelihood: -9088163.08947
1290. Current log-likelihood: -9088162.26671
1291. Current log-likelihood: -9088161.46669
1292. Current log-likelihood: -9088160.68885
1293. Current log-likelihood: -9088159.93437
1294. Current log-likelihood: -9088159.19965
1295. Current log-likelihood: -9088158.48855
1296. Current log-likelihood: -9088157.79819
1297. Current log-likelihood: -9088157.12717
1298. Current log-likelihood: -9088156.47812
1299. Current log-likelihood: -9088155.85106
1300. Current log-likelihood: -9088155.24574
1301. Current log-likelihood: -9088154.65671
1302. Current log-likelihood: -9088154.08639
1303. Current log-likelihood: -9088153.52811
1304. Current log-likelihood: -9088152.98920
1305. Current log-likelihood: -9088152.46481
1306. Current log-likelihood: -9088151.96000
1307. Current log-likelihood: -9088151.47461
1308. Current log-likelihood: -9088151.00355
1309. Current log-likelihood: -9088150.55013
1310. Current log-likelihood: -9088150.11225
1311. Current log-likelihood: -9088149.68882
1312. Current log-likelihood: -9088149.27650
1313. Current log-likelihood: -9088148.88067
1314. Current log-likelihood: -9088148.49777
1315. Current log-likelihood: -9088148.12727
1316. Current log-likelihood: -9088147.76678
1317. Current log-likelihood: -9088147.42019
1318. Current log-likelihood: -9088147.08463
1319. Current log-likelihood: -9088146.75999
1320. Current log-likelihood: -9088146.44250
1321. Current log-likelihood: -9088146.13716
1322. Current log-likelihood: -9088145.84172
1323. Current log-likelihood: -9088145.55463
1324. Current log-likelihood: -9088145.27314
1325. Current log-likelihood: -9088145.00320
1326. Current log-likelihood: -9088144.74106
1327. Current log-likelihood: -9088144.48678
1328. Current log-likelihood: -9088144.25570
1329. Current log-likelihood: -9088144.03778
1330. Current log-likelihood: -9088143.83281
1331. Current log-likelihood: -9088143.63532
1332. Current log-likelihood: -9088143.44319
1333. Current log-likelihood: -9088143.25213
1334. Current log-likelihood: -9088143.06691
1335. Current log-likelihood: -9088142.88491
1336. Current log-likelihood: -9088142.70517
1337. Current log-likelihood: -9088142.52849
1338. Current log-likelihood: -9088142.35134
1339. Current log-likelihood: -9088142.17902
1340. Current log-likelihood: -9088142.00915
1341. Current log-likelihood: -9088141.84189
1342. Current log-likelihood: -9088141.67727
1343. Current log-likelihood: -9088141.51141
1344. Current log-likelihood: -9088141.35065
1345. Current log-likelihood: -9088141.19170
1346. Current log-likelihood: -9088141.03506
1347. Current log-likelihood: -9088140.88070
1348. Current log-likelihood: -9088140.72597
1349. Current log-likelihood: -9088140.57477
1350. Current log-likelihood: -9088140.42556
1351. Current log-likelihood: -9088140.27851
1352. Current log-likelihood: -9088140.13305
1353. Current log-likelihood: -9088139.99001
1354. Current log-likelihood: -9088139.82155
1355. Current log-likelihood: -9088139.70065
1356. Current log-likelihood: -9088139.56133
1357. Current log-likelihood: -9088139.42465
1358. Current log-likelihood: -9088139.29025
1359. Current log-likelihood: -9088139.17588
1360. Current log-likelihood: -9088139.03963
1361. Current log-likelihood: -9088138.90911
1362. Current log-likelihood: -9088138.78074
1363. Current log-likelihood: -9088138.67186
1364. Current log-likelihood: -9088138.54415
1365. Current log-likelihood: -9088138.42055
1366. Current log-likelihood: -9088138.31588
1367. Current log-likelihood: -9088138.19016
1368. Current log-likelihood: -9088138.04889
1369. Current log-likelihood: -9088137.94784
1370. Current log-likelihood: -9088137.83042
1371. Current log-likelihood: -9088137.73362
1372. Current log-likelihood: -9088137.61757
1373. Current log-likelihood: -9088137.48484
1374. Current log-likelihood: -9088137.38740
1375. Current log-likelihood: -9088137.27627
1376. Current log-likelihood: -9088137.16749
1377. Current log-likelihood: -9088137.07812
1378. Current log-likelihood: -9088136.97085
1379. Current log-likelihood: -9088136.88289
1380. Current log-likelihood: -9088136.77783
1381. Current log-likelihood: -9088136.69322
1382. Current log-likelihood: -9088136.58719
1383. Current log-likelihood: -9088136.50447
1384. Current log-likelihood: -9088136.40409
1385. Current log-likelihood: -9088136.32266
1386. Current log-likelihood: -9088136.22438
1387. Current log-likelihood: -9088136.14591
1388. Current log-likelihood: -9088136.05050
1389. Current log-likelihood: -9088135.97334
1390. Current log-likelihood: -9088135.87698
1391. Current log-likelihood: -9088135.80225
1392. Current log-likelihood: -9088135.71001
1393. Current log-likelihood: -9088135.63769
1394. Current log-likelihood: -9088135.54831
1395. Current log-likelihood: -9088135.47700
1396. Current log-likelihood: -9088135.38964
1397. Current log-likelihood: -9088135.32058
1398. Current log-likelihood: -9088135.23564
1399. Current log-likelihood: -9088135.16457
1400. Current log-likelihood: -9088135.08060
1401. Current log-likelihood: -9088135.01526
1402. Current log-likelihood: -9088134.93262
1403. Current log-likelihood: -9088134.86662
1404. Current log-likelihood: -9088134.78507
1405. Current log-likelihood: -9088134.72005
1406. Current log-likelihood: -9088134.64001
1407. Current log-likelihood: -9088134.57780
1408. Current log-likelihood: -9088134.49671
1409. Current log-likelihood: -9088134.43566
1410. Current log-likelihood: -9088134.35950
1411. Current log-likelihood: -9088134.29949
1412. Current log-likelihood: -9088134.22489
1413. Current log-likelihood: -9088134.16694
1414. Current log-likelihood: -9088134.09449
1415. Current log-likelihood: -9088134.03717
1416. Current log-likelihood: -9088133.96606
1417. Current log-likelihood: -9088133.91088
1418. Current log-likelihood: -9088133.83915
1419. Current log-likelihood: -9088133.78485
1420. Current log-likelihood: -9088133.71677
1421. Current log-likelihood: -9088133.66445
1422. Current log-likelihood: -9088133.59857
1423. Current log-likelihood: -9088133.54648
1424. Current log-likelihood: -9088133.48171
1425. Current log-likelihood: -9088133.43197
1426. Current log-likelihood: -9088133.36939
1427. Current log-likelihood: -9088133.32023
1428. Current log-likelihood: -9088133.25601
1429. Current log-likelihood: -9088133.20892
1430. Current log-likelihood: -9088133.14798
1431. Current log-likelihood: -9088133.10182
1432. Current log-likelihood: -9088133.04336
1433. Current log-likelihood: -9088132.99723
1434. Current log-likelihood: -9088132.93966
1435. Current log-likelihood: -9088132.89574
1436. Current log-likelihood: -9088132.84019
1437. Current log-likelihood: -9088132.79666
1438. Current log-likelihood: -9088132.74274
1439. Current log-likelihood: -9088132.70022
1440. Current log-likelihood: -9088132.64369
1441. Current log-likelihood: -9088132.60263
1442. Current log-likelihood: -9088132.54982
1443. Current log-likelihood: -9088132.50984
1444. Current log-likelihood: -9088132.45913
1445. Current log-likelihood: -9088132.41938
1446. Current log-likelihood: -9088132.37018
1447. Current log-likelihood: -9088132.33132
1448. Current log-likelihood: -9088132.28341
1449. Current log-likelihood: -9088132.24552
1450. Current log-likelihood: -9088132.19799
1451. Current log-likelihood: -9088132.15887
1452. Current log-likelihood: -9088132.11259
1453. Current log-likelihood: -9088132.07647
1454. Current log-likelihood: -9088132.03169
1455. Current log-likelihood: -9088131.99631
1456. Current log-likelihood: -9088131.95191
1457. Current log-likelihood: -9088131.91809
1458. Current log-likelihood: -9088131.87540
1459. Current log-likelihood: -9088131.84174
1460. Current log-likelihood: -9088131.80032
1461. Current log-likelihood: -9088131.76745
1462. Current log-likelihood: -9088131.72711
1463. Current log-likelihood: -9088131.69500
1464. Current log-likelihood: -9088131.66791
1465. Current log-likelihood: -9088131.62281
1466. Current log-likelihood: -9088131.59355
1467. Current log-likelihood: -9088131.55475
1468. Current log-likelihood: -9088131.52478
1469. Current log-likelihood: -9088131.49913
1470. Current log-likelihood: -9088131.46016
1471. Current log-likelihood: -9088131.43177
1472. Current log-likelihood: -9088131.40738
1473. Current log-likelihood: -9088131.36884
1474. Current log-likelihood: -9088131.34215
1475. Current log-likelihood: -9088131.30701
1476. Current log-likelihood: -9088131.27993
1477. Current log-likelihood: -9088131.25677
1478. Current log-likelihood: -9088131.22150
1479. Current log-likelihood: -9088131.19587
1480. Current log-likelihood: -9088131.17090
1481. Current log-likelihood: -9088131.13555
1482. Current log-likelihood: -9088131.11133
1483. Current log-likelihood: -9088131.09057
1484. Current log-likelihood: -9088131.05657
1485. Current log-likelihood: -9088131.03292
1486. Current log-likelihood: -9088131.01263
1487. Current log-likelihood: -9088130.98021
1488. Current log-likelihood: -9088130.95727
1489. Current log-likelihood: -9088130.93771
1490. Current log-likelihood: -9088130.90652
1491. Current log-likelihood: -9088130.88445
1492. Current log-likelihood: -9088130.86565
1493. Current log-likelihood: -9088130.83551
1494. Current log-likelihood: -9088130.81426
1495. Current log-likelihood: -9088130.79636
1496. Current log-likelihood: -9088130.76628
1497. Current log-likelihood: -9088130.74321
1498. Current log-likelihood: -9088130.72641
1499. Current log-likelihood: -9088130.69767
1500. Current log-likelihood: -9088130.67804
1501. Current log-likelihood: -9088130.66122
1502. Current log-likelihood: -9088130.63354
1503. Current log-likelihood: -9088130.61403
1504. Current log-likelihood: -9088130.59755
1505. Current log-likelihood: -9088130.56996
1506. Current log-likelihood: -9088130.55153
1507. Current log-likelihood: -9088130.53623
1508. Current log-likelihood: -9088130.51024
1509. Current log-likelihood: -9088130.49219
1510. Current log-likelihood: -9088130.47728
1511. Current log-likelihood: -9088130.45234
1512. Current log-likelihood: -9088130.43495
1513. Current log-likelihood: -9088130.42057
1514. Current log-likelihood: -9088130.39667
1515. Current log-likelihood: -9088130.37982
1516. Current log-likelihood: -9088130.36595
1517. Current log-likelihood: -9088130.33946
1518. Current log-likelihood: -9088130.32336
1519. Current log-likelihood: -9088130.31022
1520. Current log-likelihood: -9088130.28719
1521. Current log-likelihood: -9088130.27197
1522. Current log-likelihood: -9088130.25948
1523. Current log-likelihood: -9088130.23805
1524. Current log-likelihood: -9088130.22307
1525. Current log-likelihood: -9088130.21078
1526. Current log-likelihood: -9088130.20052
1527. Current log-likelihood: -9088130.17899
1528. Current log-likelihood: -9088130.16489
1529. Current log-likelihood: -9088130.15329
1530. Current log-likelihood: -9088130.14360
1531. Current log-likelihood: -9088130.12279
1532. Current log-likelihood: -9088130.10934
1533. Current log-likelihood: -9088130.09839
1534. Current log-likelihood: -9088130.08949
1535. Current log-likelihood: -9088130.06958
1536. Current log-likelihood: -9088130.05692
1537. Current log-likelihood: -9088130.04643
1538. Current log-likelihood: -9088130.03798
1539. Current log-likelihood: -9088130.01887
1540. Current log-likelihood: -9088130.00690
1541. Current log-likelihood: -9088129.99415
1542. Current log-likelihood: -9088129.98634
1543. Current log-likelihood: -9088129.96696
1544. Current log-likelihood: -9088129.95588
1545. Current log-likelihood: -9088129.94682
1546. Current log-likelihood: -9088129.93916
1547. Current log-likelihood: -9088129.92137
1548. Current log-likelihood: -9088129.91019
1549. Current log-likelihood: -9088129.90155
1550. Current log-likelihood: -9088129.89441
1551. Current log-likelihood: -9088129.87752
1552. Current log-likelihood: -9088129.86701
1553. Current log-likelihood: -9088129.85845
1554. Current log-likelihood: -9088129.85174
1555. Current log-likelihood: -9088129.84534
1556. Current log-likelihood: -9088129.82858
1557. Current log-likelihood: -9088129.81901
1558. Current log-likelihood: -9088129.81129
1559. Current log-likelihood: -9088129.80501
1560. Current log-likelihood: -9088129.79917
1561. Current log-likelihood: -9088129.78307
1562. Current log-likelihood: -9088129.77400
1563. Current log-likelihood: -9088129.76674
1564. Current log-likelihood: -9088129.76094
1565. Current log-likelihood: -9088129.75571
1566. Current log-likelihood: -9088129.74012
1567. Current log-likelihood: -9088129.73146
1568. Current log-likelihood: -9088129.72459
1569. Current log-likelihood: -9088129.71909
1570. Current log-likelihood: -9088129.71422
1571. Current log-likelihood: -9088129.69601
1572. Current log-likelihood: -9088129.68791
1573. Current log-likelihood: -9088129.68180
1574. Current log-likelihood: -9088129.67674
1575. Current log-likelihood: -9088129.67206
1576. Current log-likelihood: -9088129.65800
1577. Current log-likelihood: -9088129.65014
1578. Current log-likelihood: -9088129.64411
1579. Current log-likelihood: -9088129.63903
1580. Current log-likelihood: -9088129.63486
1581. Current log-likelihood: -9088129.63057
1582. Current log-likelihood: -9088129.61656
1583. Current log-likelihood: -9088129.60918
1584. Current log-likelihood: -9088129.60361
1585. Current log-likelihood: -9088129.59899
1586. Current log-likelihood: -9088129.59517
1587. Current log-likelihood: -9088129.59155
1588. Current log-likelihood: -9088129.57825
1589. Current log-likelihood: -9088129.57123
1590. Current log-likelihood: -9088129.56600
1591. Current log-likelihood: -9088129.56158
1592. Current log-likelihood: -9088129.55800
1593. Current log-likelihood: -9088129.55460
1594. Current log-likelihood: -9088129.54189
1595. Current log-likelihood: -9088129.53528
1596. Current log-likelihood: -9088129.53033
1597. Current log-likelihood: -9088129.52626
1598. Current log-likelihood: -9088129.52297
1599. Current log-likelihood: -9088129.51967
1600. Current log-likelihood: -9088129.50750
1601. Current log-likelihood: -9088129.50120
1602. Current log-likelihood: -9088129.49668
1603. Current log-likelihood: -9088129.49263
1604. Current log-likelihood: -9088129.49006
1605. Current log-likelihood: -9088129.48777
1606. Current log-likelihood: -9088129.47458
1607. Current log-likelihood: -9088129.46654
1608. Current log-likelihood: -9088129.46129
1609. Current log-likelihood: -9088129.45760
1610. Current log-likelihood: -9088129.45523
1611. Current log-likelihood: -9088129.45315
1612. Current log-likelihood: -9088129.45042
1613. Current log-likelihood: -9088129.43761
1614. Current log-likelihood: -9088129.42591
1615. Current log-likelihood: -9088129.42186
1616. Current log-likelihood: -9088129.41870
1617. Current log-likelihood: -9088129.41644
1618. Current log-likelihood: -9088129.41455
1619. Current log-likelihood: -9088129.41286
1620. Current log-likelihood: -9088129.41134
1621. Current log-likelihood: -9088129.39837
1622. Current log-likelihood: -9088129.39049
1623. Current log-likelihood: -9088129.38665
1624. Current log-likelihood: -9088129.38437
1625. Current log-likelihood: -9088129.38237
1626. Current log-likelihood: -9088129.38067
1627. Current log-likelihood: -9088129.37912
1628. Current log-likelihood: -9088129.37768
1629. Current log-likelihood: -9088129.37619
1630. Current log-likelihood: -9088129.36427
1631. Current log-likelihood: -9088129.35670
1632. Current log-likelihood: -9088129.35300
1633. Current log-likelihood: -9088129.35094
1634. Current log-likelihood: -9088129.34909
1635. Current log-likelihood: -9088129.34762
1636. Current log-likelihood: -9088129.34600
1637. Current log-likelihood: -9088129.34476
1638. Current log-likelihood: -9088129.34364
1639. Current log-likelihood: -9088129.34246
1640. Current log-likelihood: -9088129.33108
1641. Current log-likelihood: -9088129.32400
1642. Current log-likelihood: -9088129.32066
1643. Current log-likelihood: -9088129.31884
1644. Current log-likelihood: -9088129.31733
1645. Current log-likelihood: -9088129.31593
1646. Current log-likelihood: -9088129.31476
1647. Current log-likelihood: -9088129.31369
1648. Current log-likelihood: -9088129.31269
1649. Current log-likelihood: -9088129.31173
Final estimation on weights:
0.39066,0.60310,0.00623
Wrote distance file to... 
BEST SCORE FOUND : -9088129.31173
Total tree lengths: 0.49172 0.07292 1.38084

Total number of iterations: 1647
CPU time used for tree search: 0.00003 sec (0h:0m:0s)
Wall-clock time used for tree search: 0.00003 sec (0h:0m:0s)
Total CPU time used: 354695.68831 sec (98h:31m:35s)
Total wall-clock time used: 12139.74113 sec (3h:22m:19s)

Analysis results written to: 
  IQ-TREE report:                mast_all_occ80_JU3200_quartet_07.submodel6.iqtree
  Maximum-likelihood tree:       mast_all_occ80_JU3200_quartet_07.submodel6.treefile
  Screen log file:               mast_all_occ80_JU3200_quartet_07.submodel6.log

Date and Time: Thu Jul  9 02:44:39 2026
