IQ-TREE version 3.0.1 for Linux x86 64-bit built Jul  9 2025
Developed by Bui Quang Minh, Thomas Wong, Nhan Ly-Trong, Huaiyan Ren
Contributed by Lam-Tung Nguyen, Dominik Schrempf, Chris Bielow,
Olga Chernomor, Michael Woodhams, Diep Thi Hoang, Heiko Schmidt

Host:    c210 (AVX512, FMA3, 188 GB RAM)
Command: iqtree3 -s /vast/eande106/projects/Nicolas/github/CB_PopGen_HDR_MS/processed_data/tree_topology/mast/mast_all/occ80_JU3200_quartet_08_supermatrix.clean.fas -m LG+FO+G+T -te /vast/eande106/projects/Nicolas/github/CB_PopGen_HDR_MS/processed_data/tree_topology/mast/quartet_topologies/quartet_08_JU2484_JU3200_topologies.tre --prefix mast_all_occ80_JU3200_quartet_08.submodel6 -T 48
Seed:    452419 (Using SPRNG - Scalable Parallel Random Number Generator)
Time:    Wed Jul  8 23:22:17 2026
Kernel:  AVX+FMA - 48 threads (48 CPU cores detected)

Reading alignment file /vast/eande106/projects/Nicolas/github/CB_PopGen_HDR_MS/processed_data/tree_topology/mast/mast_all/occ80_JU3200_quartet_08_supermatrix.clean.fas ... Fasta format detected
Reading fasta file: done in 0.204673 secs using 44.18% CPU
Alignment most likely contains protein sequences
Constructing alignment: done in 2.65175 secs using 15.63% CPU
WARNING: 1 sites contain only gaps or ambiguous characters.
Alignment has 4 sequences with 2419596 columns, 13706 distinct patterns
15147 parsimony-informative, 355975 singleton sites, 2048474 constant sites
        Gap/Ambiguity  Composition  p-value
Analyzing sequences: done in 0.000428338 secs using 99.45% CPU
   1  PX506     4.93%    failed      0.01%
   2  JU2484    2.73%    passed     51.51%
   3  QX1410    2.14%    passed     99.81%
   4  JU3200    2.28%    passed     97.64%
****  TOTAL     3.02%  1 sequences failed composition chi2 test (p-value<5%; df=19)
Number of input trees: 3
Minimum branch length is set to 0.0000010
Checking for duplicate sequences: done in 0.000523101 secs using 36.51% CPU

NOTE: 101 MB RAM (0 GB) is required!
According to the parsimony scores along the sites, the tree weights are initialized to:
0.8974054,0.0441672,0.0584274
Estimate model parameters (epsilon = 0.00100)
1. Initial log-likelihood: -9292770.39509
2. Current log-likelihood: -9283740.36122
3. Current log-likelihood: -9283254.57867
4. Current log-likelihood: -9282930.26714
5. Current log-likelihood: -9282823.30452
6. Current log-likelihood: -9282803.02067
7. Current log-likelihood: -9282795.75625
8. Current log-likelihood: -9282789.39626
9. Current log-likelihood: -9282784.90073
10. Current log-likelihood: -9282782.11413
11. Current log-likelihood: -9282780.26749
12. Current log-likelihood: -9282778.59266
13. Current log-likelihood: -9282776.95318
14. Current log-likelihood: -9282775.30655
15. Current log-likelihood: -9282773.65255
16. Current log-likelihood: -9282771.99119
17. Current log-likelihood: -9282770.30992
18. Current log-likelihood: -9282768.63354
19. Current log-likelihood: -9282766.94948
20. Current log-likelihood: -9282765.25789
21. Current log-likelihood: -9282763.55867
22. Current log-likelihood: -9282761.83327
23. Current log-likelihood: -9282760.10370
24. Current log-likelihood: -9282758.38011
25. Current log-likelihood: -9282756.64881
26. Current log-likelihood: -9282754.91004
27. Current log-likelihood: -9282753.16368
28. Current log-likelihood: -9282751.40982
29. Current log-likelihood: -9282749.64845
30. Current log-likelihood: -9282747.87958
31. Current log-likelihood: -9282746.10321
32. Current log-likelihood: -9282744.30624
33. Current log-likelihood: -9282742.51500
34. Current log-likelihood: -9282740.71629
35. Current log-likelihood: -9282738.91014
36. Current log-likelihood: -9282737.09659
37. Current log-likelihood: -9282735.27569
38. Current log-likelihood: -9282733.44744
39. Current log-likelihood: -9282731.60137
40. Current log-likelihood: -9282729.75714
41. Current log-likelihood: -9282727.90579
42. Current log-likelihood: -9282726.04707
43. Current log-likelihood: -9282724.18126
44. Current log-likelihood: -9282722.30833
45. Current log-likelihood: -9282720.42834
46. Current log-likelihood: -9282718.54132
47. Current log-likelihood: -9282716.64733
48. Current log-likelihood: -9282714.74642
49. Current log-likelihood: -9282712.83865
50. Current log-likelihood: -9282710.92409
51. Current log-likelihood: -9282709.00278
52. Current log-likelihood: -9282707.07481
53. Current log-likelihood: -9282705.14023
54. Current log-likelihood: -9282703.19910
55. Current log-likelihood: -9282701.25155
56. Current log-likelihood: -9282699.29347
57. Current log-likelihood: -9282697.33224
58. Current log-likelihood: -9282695.36452
59. Current log-likelihood: -9282693.39067
60. Current log-likelihood: -9282691.41080
61. Current log-likelihood: -9282689.42535
62. Current log-likelihood: -9282687.43393
63. Current log-likelihood: -9282685.43680
64. Current log-likelihood: -9282683.43409
65. Current log-likelihood: -9282681.42589
66. Current log-likelihood: -9282679.41238
67. Current log-likelihood: -9282677.39360
68. Current log-likelihood: -9282675.36976
69. Current log-likelihood: -9282673.34091
70. Current log-likelihood: -9282671.30728
71. Current log-likelihood: -9282669.26892
72. Current log-likelihood: -9282667.22608
73. Current log-likelihood: -9282665.17881
74. Current log-likelihood: -9282663.12738
75. Current log-likelihood: -9282661.07189
76. Current log-likelihood: -9282659.01252
77. Current log-likelihood: -9282656.94515
78. Current log-likelihood: -9282654.87796
79. Current log-likelihood: -9282652.80716
80. Current log-likelihood: -9282650.73314
81. Current log-likelihood: -9282648.65619
82. Current log-likelihood: -9282646.57655
83. Current log-likelihood: -9282644.49439
84. Current log-likelihood: -9282642.41002
85. Current log-likelihood: -9282640.32359
86. Current log-likelihood: -9282638.23533
87. Current log-likelihood: -9282636.14550
88. Current log-likelihood: -9282634.05431
89. Current log-likelihood: -9282631.96210
90. Current log-likelihood: -9282629.86903
91. Current log-likelihood: -9282627.77545
92. Current log-likelihood: -9282625.68158
93. Current log-likelihood: -9282623.58769
94. Current log-likelihood: -9282621.49414
95. Current log-likelihood: -9282619.40113
96. Current log-likelihood: -9282615.10208
97. Current log-likelihood: -9282594.01495
98. Current log-likelihood: -9282580.07984
99. Current log-likelihood: -9282576.75152
100. Current log-likelihood: -9282573.78465
101. Current log-likelihood: -9282570.84241
102. Current log-likelihood: -9282565.72135
103. Current log-likelihood: -9282560.15864
104. Current log-likelihood: -9282554.58746
105. Current log-likelihood: -9282549.01116
106. Current log-likelihood: -9282543.43308
107. Current log-likelihood: -9282537.85683
108. Current log-likelihood: -9282532.28621
109. Current log-likelihood: -9282526.72522
110. Current log-likelihood: -9282521.17795
111. Current log-likelihood: -9282515.64871
112. Current log-likelihood: -9282510.14204
113. Current log-likelihood: -9282504.66251
114. Current log-likelihood: -9282499.21496
115. Current log-likelihood: -9282493.80422
116. Current log-likelihood: -9282488.43536
117. Current log-likelihood: -9282483.11311
118. Current log-likelihood: -9282477.84367
119. Current log-likelihood: -9282472.63146
120. Current log-likelihood: -9282467.48155
121. Current log-likelihood: -9282462.39994
122. Current log-likelihood: -9282457.39160
123. Current log-likelihood: -9282452.46160
124. Current log-likelihood: -9282447.61523
125. Current log-likelihood: -9282442.85745
126. Current log-likelihood: -9282438.19291
127. Current log-likelihood: -9282433.62647
128. Current log-likelihood: -9282429.15015
129. Current log-likelihood: -9282424.79005
130. Current log-likelihood: -9282420.53870
131. Current log-likelihood: -9282416.40091
132. Current log-likelihood: -9282412.37958
133. Current log-likelihood: -9282408.47749
134. Current log-likelihood: -9282404.68449
135. Current log-likelihood: -9282401.02363
136. Current log-likelihood: -9282397.48644
137. Current log-likelihood: -9282394.07478
138. Current log-likelihood: -9282390.78904
139. Current log-likelihood: -9282387.61540
140. Current log-likelihood: -9282384.57679
141. Current log-likelihood: -9282381.66167
142. Current log-likelihood: -9282378.86973
143. Current log-likelihood: -9282376.18652
144. Current log-likelihood: -9282373.63139
145. Current log-likelihood: -9282371.19149
146. Current log-likelihood: -9282368.86546
147. Current log-likelihood: -9282366.63667
148. Current log-likelihood: -9282364.52571
149. Current log-likelihood: -9282362.51531
150. Current log-likelihood: -9282360.60670
151. Current log-likelihood: -9282358.77919
152. Current log-likelihood: -9282357.05343
153. Current log-likelihood: -9282355.41351
154. Current log-likelihood: -9282353.85762
155. Current log-likelihood: -9282352.38078
156. Current log-likelihood: -9282350.96340
157. Current log-likelihood: -9282349.62819
158. Current log-likelihood: -9282348.35837
159. Current log-likelihood: -9282347.15136
160. Current log-likelihood: -9282345.98118
161. Current log-likelihood: -9282344.57769
162. Current log-likelihood: -9282342.85522
163. Current log-likelihood: -9282341.17284
164. Current log-likelihood: -9282339.69220
165. Current log-likelihood: -9282338.22272
166. Current log-likelihood: -9282336.76212
167. Current log-likelihood: -9282335.30984
168. Current log-likelihood: -9282333.86885
169. Current log-likelihood: -9282332.43748
170. Current log-likelihood: -9282331.02049
171. Current log-likelihood: -9282329.61595
172. Current log-likelihood: -9282328.22650
173. Current log-likelihood: -9282326.85216
174. Current log-likelihood: -9282325.49063
175. Current log-likelihood: -9282324.15256
176. Current log-likelihood: -9282322.82894
177. Current log-likelihood: -9282321.53075
178. Current log-likelihood: -9282320.24751
179. Current log-likelihood: -9282318.99259
180. Current log-likelihood: -9282317.75847
181. Current log-likelihood: -9282316.54712
182. Current log-likelihood: -9282315.35776
183. Current log-likelihood: -9282314.19459
184. Current log-likelihood: -9282313.06090
185. Current log-likelihood: -9282311.94847
186. Current log-likelihood: -9282310.86922
187. Current log-likelihood: -9282309.81283
188. Current log-likelihood: -9282308.78996
189. Current log-likelihood: -9282307.79109
190. Current log-likelihood: -9282306.82639
191. Current log-likelihood: -9282305.88473
192. Current log-likelihood: -9282304.97396
193. Current log-likelihood: -9282304.09177
194. Current log-likelihood: -9282303.23997
195. Current log-likelihood: -9282302.41634
196. Current log-likelihood: -9282301.61996
197. Current log-likelihood: -9282300.85666
198. Current log-likelihood: -9282300.11385
199. Current log-likelihood: -9282299.40477
200. Current log-likelihood: -9282298.72052
201. Current log-likelihood: -9282298.06442
202. Current log-likelihood: -9282297.27422
203. Current log-likelihood: -9282296.44770
204. Current log-likelihood: -9282295.66318
205. Current log-likelihood: -9282294.92669
206. Current log-likelihood: -9282294.23499
207. Current log-likelihood: -9282293.58283
208. Current log-likelihood: -9282292.97385
209. Current log-likelihood: -9282292.39394
210. Current log-likelihood: -9282291.85734
211. Current log-likelihood: -9282291.35579
212. Current log-likelihood: -9282290.88416
213. Current log-likelihood: -9282290.44417
214. Current log-likelihood: -9282290.03055
215. Current log-likelihood: -9282289.63724
216. Current log-likelihood: -9282289.27768
217. Current log-likelihood: -9282288.93802
218. Current log-likelihood: -9282288.61895
219. Current log-likelihood: -9282288.32310
220. Current log-likelihood: -9282288.04394
221. Current log-likelihood: -9282287.75974
222. Current log-likelihood: -9282287.47739
223. Current log-likelihood: -9282287.21480
224. Current log-likelihood: -9282286.96288
225. Current log-likelihood: -9282286.69195
226. Current log-likelihood: -9282284.33789
227. Current log-likelihood: -9282283.71135
228. Current log-likelihood: -9282283.15973
229. Current log-likelihood: -9282282.64910
230. Current log-likelihood: -9282282.14266
231. Current log-likelihood: -9282281.62886
232. Current log-likelihood: -9282281.14066
233. Current log-likelihood: -9282280.65560
234. Current log-likelihood: -9282280.17416
235. Current log-likelihood: -9282279.69542
236. Current log-likelihood: -9282279.22965
237. Current log-likelihood: -9282278.75684
238. Current log-likelihood: -9282278.30498
239. Current log-likelihood: -9282277.83773
240. Current log-likelihood: -9282277.38988
241. Current log-likelihood: -9282276.93597
242. Current log-likelihood: -9282276.49194
243. Current log-likelihood: -9282276.04166
244. Current log-likelihood: -9282275.60099
245. Current log-likelihood: -9282275.16175
246. Current log-likelihood: -9282274.72392
247. Current log-likelihood: -9282274.28739
248. Current log-likelihood: -9282273.85192
249. Current log-likelihood: -9282273.41788
250. Current log-likelihood: -9282272.98452
251. Current log-likelihood: -9282272.55257
252. Current log-likelihood: -9282272.12769
253. Current log-likelihood: -9282271.69745
254. Current log-likelihood: -9282271.27442
255. Current log-likelihood: -9282270.84584
256. Current log-likelihood: -9282270.42367
257. Current log-likelihood: -9282270.00288
258. Current log-likelihood: -9282269.57619
259. Current log-likelihood: -9282269.15577
260. Current log-likelihood: -9282268.73608
261. Current log-likelihood: -9282268.31721
262. Current log-likelihood: -9282267.89842
263. Current log-likelihood: -9282267.48018
264. Current log-likelihood: -9282267.06215
265. Current log-likelihood: -9282266.64523
266. Current log-likelihood: -9282266.22858
267. Current log-likelihood: -9282265.81249
268. Current log-likelihood: -9282265.39563
269. Current log-likelihood: -9282264.97923
270. Current log-likelihood: -9282264.56912
271. Current log-likelihood: -9282264.15343
272. Current log-likelihood: -9282263.73770
273. Current log-likelihood: -9282263.32836
274. Current log-likelihood: -9282262.91319
275. Current log-likelihood: -9282262.50427
276. Current log-likelihood: -9282262.08957
277. Current log-likelihood: -9282261.68081
278. Current log-likelihood: -9282261.26664
279. Current log-likelihood: -9282260.85788
280. Current log-likelihood: -9282260.44982
281. Current log-likelihood: -9282260.03591
282. Current log-likelihood: -9282259.62784
283. Current log-likelihood: -9282259.21965
284. Current log-likelihood: -9282258.81202
285. Current log-likelihood: -9282258.40411
286. Current log-likelihood: -9282257.99119
287. Current log-likelihood: -9282257.58797
288. Current log-likelihood: -9282257.17555
289. Current log-likelihood: -9282256.77246
290. Current log-likelihood: -9282256.36019
291. Current log-likelihood: -9282255.95712
292. Current log-likelihood: -9282255.54497
293. Current log-likelihood: -9282255.14185
294. Current log-likelihood: -9282254.73505
295. Current log-likelihood: -9282254.32751
296. Current log-likelihood: -9282253.92030
297. Current log-likelihood: -9282253.51747
298. Current log-likelihood: -9282253.11076
299. Current log-likelihood: -9282252.70323
300. Current log-likelihood: -9282252.30065
301. Current log-likelihood: -9282251.89348
302. Current log-likelihood: -9282251.42140
303. Current log-likelihood: -9282250.91298
304. Current log-likelihood: -9282250.39915
305. Current log-likelihood: -9282249.89051
306. Current log-likelihood: -9282249.38176
307. Current log-likelihood: -9282248.86769
308. Current log-likelihood: -9282248.35836
309. Current log-likelihood: -9282247.84900
310. Current log-likelihood: -9282247.33978
311. Current log-likelihood: -9282246.83003
312. Current log-likelihood: -9282246.32036
313. Current log-likelihood: -9282245.81040
314. Current log-likelihood: -9282245.29995
315. Current log-likelihood: -9282244.78965
316. Current log-likelihood: -9282244.27848
317. Current log-likelihood: -9282243.76728
318. Current log-likelihood: -9282243.26074
319. Current log-likelihood: -9282242.74925
320. Current log-likelihood: -9282242.23729
321. Current log-likelihood: -9282241.72949
322. Current log-likelihood: -9282241.21708
323. Current log-likelihood: -9282240.70350
324. Current log-likelihood: -9282240.19429
325. Current log-likelihood: -9282239.68026
326. Current log-likelihood: -9282239.17012
327. Current log-likelihood: -9282238.65501
328. Current log-likelihood: -9282238.14389
329. Current log-likelihood: -9282237.63269
330. Current log-likelihood: -9282237.11593
331. Current log-likelihood: -9282236.60288
332. Current log-likelihood: -9282236.09016
333. Current log-likelihood: -9282235.57654
334. Current log-likelihood: -9282235.06257
335. Current log-likelihood: -9282234.54780
336. Current log-likelihood: -9282234.03216
337. Current log-likelihood: -9282233.51603
338. Current log-likelihood: -9282232.99870
339. Current log-likelihood: -9282232.48089
340. Current log-likelihood: -9282231.96180
341. Current log-likelihood: -9282231.44202
342. Current log-likelihood: -9282230.92113
343. Current log-likelihood: -9282230.39909
344. Current log-likelihood: -9282229.87630
345. Current log-likelihood: -9282229.35210
346. Current log-likelihood: -9282228.82711
347. Current log-likelihood: -9282228.30063
348. Current log-likelihood: -9282227.77332
349. Current log-likelihood: -9282227.24444
350. Current log-likelihood: -9282226.71466
351. Current log-likelihood: -9282226.18325
352. Current log-likelihood: -9282225.65088
353. Current log-likelihood: -9282225.11677
354. Current log-likelihood: -9282224.58168
355. Current log-likelihood: -9282224.04480
356. Current log-likelihood: -9282223.50679
357. Current log-likelihood: -9282222.96695
358. Current log-likelihood: -9282222.42591
359. Current log-likelihood: -9282221.88295
360. Current log-likelihood: -9282221.33801
361. Current log-likelihood: -9282220.79162
362. Current log-likelihood: -9282220.24405
363. Current log-likelihood: -9282219.69346
364. Current log-likelihood: -9282219.14223
365. Current log-likelihood: -9282218.58791
366. Current log-likelihood: -9282218.03299
367. Current log-likelihood: -9282217.47469
368. Current log-likelihood: -9282216.92091
369. Current log-likelihood: -9282216.35943
370. Current log-likelihood: -9282215.79570
371. Current log-likelihood: -9282215.23539
372. Current log-likelihood: -9282214.66799
373. Current log-likelihood: -9282214.10340
374. Current log-likelihood: -9282213.53028
375. Current log-likelihood: -9282212.96106
376. Current log-likelihood: -9282212.38309
377. Current log-likelihood: -9282211.80872
378. Current log-likelihood: -9282211.22556
379. Current log-likelihood: -9282210.64571
380. Current log-likelihood: -9282210.06330
381. Current log-likelihood: -9282209.47162
382. Current log-likelihood: -9282208.88358
383. Current log-likelihood: -9282208.29197
384. Current log-likelihood: -9282207.69784
385. Current log-likelihood: -9282207.10038
386. Current log-likelihood: -9282206.50003
387. Current log-likelihood: -9282205.89602
388. Current log-likelihood: -9282205.28883
389. Current log-likelihood: -9282204.67777
390. Current log-likelihood: -9282204.06326
391. Current log-likelihood: -9282203.44229
392. Current log-likelihood: -9282202.82044
393. Current log-likelihood: -9282202.19111
394. Current log-likelihood: -9282201.56139
395. Current log-likelihood: -9282200.92359
396. Current log-likelihood: -9282200.28190
397. Current log-likelihood: -9282199.63557
398. Current log-likelihood: -9282198.98474
399. Current log-likelihood: -9282198.32859
400. Current log-likelihood: -9282197.66765
401. Current log-likelihood: -9282197.00114
402. Current log-likelihood: -9282196.26563
403. Current log-likelihood: -9282195.46657
404. Current log-likelihood: -9282194.65980
405. Current log-likelihood: -9282193.84496
406. Current log-likelihood: -9282193.02121
407. Current log-likelihood: -9282192.18868
408. Current log-likelihood: -9282191.34626
409. Current log-likelihood: -9282190.49445
410. Current log-likelihood: -9282189.63196
411. Current log-likelihood: -9282188.75587
412. Current log-likelihood: -9282187.86909
413. Current log-likelihood: -9282186.97106
414. Current log-likelihood: -9282186.06032
415. Current log-likelihood: -9282185.13720
416. Current log-likelihood: -9282184.20025
417. Current log-likelihood: -9282183.24977
418. Current log-likelihood: -9282182.28438
419. Current log-likelihood: -9282181.29997
420. Current log-likelihood: -9282180.30092
421. Current log-likelihood: -9282179.29205
422. Current log-likelihood: -9282178.25905
423. Current log-likelihood: -9282177.21701
424. Current log-likelihood: -9282176.15053
425. Current log-likelihood: -9282175.06693
426. Current log-likelihood: -9282173.96318
427. Current log-likelihood: -9282172.83645
428. Current log-likelihood: -9282171.68988
429. Current log-likelihood: -9282170.52049
430. Current log-likelihood: -9282169.31093
431. Current log-likelihood: -9282168.10363
432. Current log-likelihood: -9282166.85361
433. Current log-likelihood: -9282165.58918
434. Current log-likelihood: -9282164.29588
435. Current log-likelihood: -9282162.97635
436. Current log-likelihood: -9282161.62542
437. Current log-likelihood: -9282160.25149
438. Current log-likelihood: -9282158.84786
439. Current log-likelihood: -9282157.42402
440. Current log-likelihood: -9282155.98426
441. Current log-likelihood: -9282154.51872
442. Current log-likelihood: -9282153.03722
443. Current log-likelihood: -9282151.54368
444. Current log-likelihood: -9282150.06049
445. Current log-likelihood: -9282148.57542
446. Current log-likelihood: -9282147.39100
447. Current log-likelihood: -9282146.45129
448. Current log-likelihood: -9282145.66742
449. Current log-likelihood: -9282145.04614
450. Current log-likelihood: -9282144.54781
451. Current log-likelihood: -9282144.13764
452. Current log-likelihood: -9282143.81674
453. Current log-likelihood: -9282143.55950
454. Current log-likelihood: -9282143.35582
455. Current log-likelihood: -9282143.18531
456. Current log-likelihood: -9282143.05280
457. Current log-likelihood: -9282142.94860
458. Current log-likelihood: -9282142.86752
459. Current log-likelihood: -9282142.80216
460. Current log-likelihood: -9282142.75158
461. Current log-likelihood: -9282142.71036
462. Current log-likelihood: -9282142.67708
463. Current log-likelihood: -9282142.64454
464. Current log-likelihood: -9282142.62339
465. Current log-likelihood: -9282142.60571
466. Current log-likelihood: -9282142.59241
467. Current log-likelihood: -9282142.58130
468. Current log-likelihood: -9282142.57209
469. Current log-likelihood: -9282142.56447
470. Current log-likelihood: -9282142.55818
471. Current log-likelihood: -9282142.55362
472. Current log-likelihood: -9282142.54914
473. Current log-likelihood: -9282142.54754
474. Current log-likelihood: -9282142.54388
475. Current log-likelihood: -9282142.54276
476. Current log-likelihood: -9282142.54183
Final estimation on weights:
0.97342,0.00449,0.02209
Wrote distance file to... 
BEST SCORE FOUND : -9282142.54183
Total tree lengths: 0.23230 1.69074 0.50176

Total number of iterations: 474
CPU time used for tree search: 0.00003 sec (0h:0m:0s)
Wall-clock time used for tree search: 0.00003 sec (0h:0m:0s)
Total CPU time used: 146426.13506 sec (40h:40m:26s)
Total wall-clock time used: 5178.12071 sec (1h:26m:18s)

Analysis results written to: 
  IQ-TREE report:                mast_all_occ80_JU3200_quartet_08.submodel6.iqtree
  Maximum-likelihood tree:       mast_all_occ80_JU3200_quartet_08.submodel6.treefile
  Screen log file:               mast_all_occ80_JU3200_quartet_08.submodel6.log

Date and Time: Thu Jul  9 00:48:38 2026
