IQ-TREE version 3.0.1 for Linux x86 64-bit built Jul  9 2025
Developed by Bui Quang Minh, Thomas Wong, Nhan Ly-Trong, Huaiyan Ren
Contributed by Lam-Tung Nguyen, Dominik Schrempf, Chris Bielow,
Olga Chernomor, Michael Woodhams, Diep Thi Hoang, Heiko Schmidt

Host:    c388 (AVX512, FMA3, 188 GB RAM)
Command: iqtree3 -s /vast/eande106/projects/Nicolas/github/CB_PopGen_HDR_MS/processed_data/tree_topology/mast/mast_hdr/occ80_JU3200_quartet_11_supermatrix.clean.fas -m TMIX{LG+FO+G,LG+FO+G,LG+FO+G}+T -te /vast/eande106/projects/Nicolas/github/CB_PopGen_HDR_MS/processed_data/tree_topology/mast/quartet_topologies/quartet_11_NIC2150_JU3200_topologies.tre --prefix mast_hdr_occ80_JU3200_quartet_11.submodel1 -T 48
Seed:    456578 (Using SPRNG - Scalable Parallel Random Number Generator)
Time:    Thu Jul  9 00:04:13 2026
Kernel:  AVX+FMA - 48 threads (48 CPU cores detected)

Reading alignment file /vast/eande106/projects/Nicolas/github/CB_PopGen_HDR_MS/processed_data/tree_topology/mast/mast_hdr/occ80_JU3200_quartet_11_supermatrix.clean.fas ... Fasta format detected
Reading fasta file: done in 0.033946 secs using 16.12% CPU
Alignment most likely contains protein sequences
Constructing alignment: done in 0.268202 secs using 85.92% CPU
Alignment has 4 sequences with 160606 columns, 3891 distinct patterns
1161 parsimony-informative, 26692 singleton sites, 132753 constant sites
         Gap/Ambiguity  Composition  p-value
Analyzing sequences: done in 7.20844e-05 secs using 95.72% CPU
   1  PX506      4.50%    passed     49.09%
   2  QX1410     2.41%    passed    100.00%
   3  NIC2150    3.69%    passed     99.87%
   4  JU3200     2.96%    passed    100.00%
****  TOTAL      3.39%  0 sequences failed composition chi2 test (p-value<5%; df=19)
Number of input trees: 3
Minimum branch length is set to 0.0000010
Checking for duplicate sequences: done in 0.000138234 secs using 98.38% CPU

NOTE: 29 MB RAM (0 GB) is required!
According to the parsimony scores along the sites, the tree weights are initialized to:
0.9267873,0.0344531,0.0387597
Estimate model parameters (epsilon = 0.00100)
1. Initial log-likelihood: -634955.01163
2. Current log-likelihood: -634829.63285
3. Current log-likelihood: -634524.59579
4. Current log-likelihood: -634484.74613
5. Current log-likelihood: -634460.99874
6. Current log-likelihood: -634449.53980
7. Current log-likelihood: -634443.82999
8. Current log-likelihood: -634438.71485
9. Current log-likelihood: -634433.89136
10. Current log-likelihood: -634429.35093
11. Current log-likelihood: -634425.10783
12. Current log-likelihood: -634421.16077
13. Current log-likelihood: -634417.50493
14. Current log-likelihood: -634414.13667
15. Current log-likelihood: -634411.04845
16. Current log-likelihood: -634408.23008
17. Current log-likelihood: -634405.67130
18. Current log-likelihood: -634403.35734
19. Current log-likelihood: -634401.27451
20. Current log-likelihood: -634399.40101
21. Current log-likelihood: -634397.72588
22. Current log-likelihood: -634396.04772
23. Current log-likelihood: -634393.84012
24. Current log-likelihood: -634390.61682
25. Current log-likelihood: -634388.95292
26. Current log-likelihood: -634387.84185
27. Current log-likelihood: -634386.87092
28. Current log-likelihood: -634386.00041
29. Current log-likelihood: -634385.23685
30. Current log-likelihood: -634384.55761
31. Current log-likelihood: -634383.95537
32. Current log-likelihood: -634383.42893
33. Current log-likelihood: -634382.96088
34. Current log-likelihood: -634382.54992
35. Current log-likelihood: -634382.19548
36. Current log-likelihood: -634381.88319
37. Current log-likelihood: -634381.60903
38. Current log-likelihood: -634381.37149
39. Current log-likelihood: -634381.16315
40. Current log-likelihood: -634380.98048
41. Current log-likelihood: -634380.82029
42. Current log-likelihood: -634380.67475
43. Current log-likelihood: -634380.55111
44. Current log-likelihood: -634380.44018
45. Current log-likelihood: -634380.34318
46. Current log-likelihood: -634380.25908
47. Current log-likelihood: -634380.18223
48. Current log-likelihood: -634380.11494
49. Current log-likelihood: -634375.77611
50. Current log-likelihood: -634374.70305
51. Current log-likelihood: -634374.29625
52. Current log-likelihood: -634373.93024
53. Current log-likelihood: -634373.60098
54. Current log-likelihood: -634373.30730
55. Current log-likelihood: -634373.04375
56. Current log-likelihood: -634372.80753
57. Current log-likelihood: -634372.59765
58. Current log-likelihood: -634372.40919
59. Current log-likelihood: -634372.23972
60. Current log-likelihood: -634372.08747
61. Current log-likelihood: -634371.95206
62. Current log-likelihood: -634371.83005
63. Current log-likelihood: -634371.72068
64. Current log-likelihood: -634371.62269
65. Current log-likelihood: -634371.53476
66. Current log-likelihood: -634371.45616
67. Current log-likelihood: -634371.38424
68. Current log-likelihood: -634371.31733
69. Current log-likelihood: -634371.25884
70. Current log-likelihood: -634371.20475
71. Current log-likelihood: -634371.15640
72. Current log-likelihood: -634371.11224
73. Current log-likelihood: -634371.07185
74. Current log-likelihood: -634371.03432
75. Current log-likelihood: -634370.99974
76. Current log-likelihood: -634370.96765
77. Current log-likelihood: -634370.93750
78. Current log-likelihood: -634370.90956
79. Current log-likelihood: -634370.88346
80. Current log-likelihood: -634370.85903
81. Current log-likelihood: -634370.83597
82. Current log-likelihood: -634370.81948
83. Current log-likelihood: -634370.79753
84. Current log-likelihood: -634370.77789
85. Current log-likelihood: -634370.76083
86. Current log-likelihood: -634370.74244
87. Current log-likelihood: -634370.72487
88. Current log-likelihood: -634370.70888
89. Current log-likelihood: -634370.69365
90. Current log-likelihood: -634370.67790
91. Current log-likelihood: -634370.66355
92. Current log-likelihood: -634370.64936
93. Current log-likelihood: -634370.63548
94. Current log-likelihood: -634370.62188
95. Current log-likelihood: -634370.60853
96. Current log-likelihood: -634370.59521
97. Current log-likelihood: -634370.58205
98. Current log-likelihood: -634370.56906
99. Current log-likelihood: -634370.55624
100. Current log-likelihood: -634370.54363
101. Current log-likelihood: -634370.53121
102. Current log-likelihood: -634370.51030
103. Current log-likelihood: -634370.48778
104. Current log-likelihood: -634370.46573
105. Current log-likelihood: -634370.44383
106. Current log-likelihood: -634370.42212
107. Current log-likelihood: -634370.40056
108. Current log-likelihood: -634370.37905
109. Current log-likelihood: -634370.35772
110. Current log-likelihood: -634370.33655
111. Current log-likelihood: -634370.31491
112. Current log-likelihood: -634370.29360
113. Current log-likelihood: -634370.27237
114. Current log-likelihood: -634370.25114
115. Current log-likelihood: -634370.22992
116. Current log-likelihood: -634370.20889
117. Current log-likelihood: -634370.18797
118. Current log-likelihood: -634370.16691
119. Current log-likelihood: -634370.14608
120. Current log-likelihood: -634370.12517
121. Current log-likelihood: -634370.10430
122. Current log-likelihood: -634370.08351
123. Current log-likelihood: -634370.06278
124. Current log-likelihood: -634370.04199
125. Current log-likelihood: -634370.02135
126. Current log-likelihood: -634370.00062
127. Current log-likelihood: -634369.97941
128. Current log-likelihood: -634369.95874
129. Current log-likelihood: -634369.93784
130. Current log-likelihood: -634369.91724
131. Current log-likelihood: -634369.89668
132. Current log-likelihood: -634369.87599
133. Current log-likelihood: -634369.85544
134. Current log-likelihood: -634369.83488
135. Current log-likelihood: -634369.81449
136. Current log-likelihood: -634369.79399
137. Current log-likelihood: -634369.77367
138. Current log-likelihood: -634369.75318
139. Current log-likelihood: -634369.73304
140. Current log-likelihood: -634369.71252
141. Current log-likelihood: -634369.69247
142. Current log-likelihood: -634369.67211
143. Current log-likelihood: -634369.65206
144. Current log-likelihood: -634369.63176
145. Current log-likelihood: -634369.61179
146. Current log-likelihood: -634369.59158
147. Current log-likelihood: -634369.57170
148. Current log-likelihood: -634369.55146
149. Current log-likelihood: -634369.53165
150. Current log-likelihood: -634369.51155
151. Current log-likelihood: -634369.49180
152. Current log-likelihood: -634369.47179
153. Current log-likelihood: -634369.45210
154. Current log-likelihood: -634369.43205
155. Current log-likelihood: -634369.41200
156. Current log-likelihood: -634369.39193
157. Current log-likelihood: -634369.37223
158. Current log-likelihood: -634369.35241
159. Current log-likelihood: -634369.33279
160. Current log-likelihood: -634369.31318
161. Current log-likelihood: -634369.29346
162. Current log-likelihood: -634369.27403
163. Current log-likelihood: -634369.25436
164. Current log-likelihood: -634369.23483
165. Current log-likelihood: -634369.21542
166. Current log-likelihood: -634369.19605
167. Current log-likelihood: -634369.17680
168. Current log-likelihood: -634369.15737
169. Current log-likelihood: -634369.13743
170. Current log-likelihood: -634369.11833
171. Current log-likelihood: -634369.09930
172. Current log-likelihood: -634369.08008
173. Current log-likelihood: -634369.06115
174. Current log-likelihood: -634369.04189
175. Current log-likelihood: -634369.02303
176. Current log-likelihood: -634369.00397
177. Current log-likelihood: -634368.98518
178. Current log-likelihood: -634368.96616
179. Current log-likelihood: -634368.94744
180. Current log-likelihood: -634368.92848
181. Current log-likelihood: -634368.90986
182. Current log-likelihood: -634368.89098
183. Current log-likelihood: -634368.87244
184. Current log-likelihood: -634368.85372
185. Current log-likelihood: -634368.83514
186. Current log-likelihood: -634368.81651
187. Current log-likelihood: -634368.79814
188. Current log-likelihood: -634368.77941
189. Current log-likelihood: -634368.76113
190. Current log-likelihood: -634368.74223
191. Current log-likelihood: -634368.72377
192. Current log-likelihood: -634368.70526
193. Current log-likelihood: -634368.68667
194. Current log-likelihood: -634368.66833
195. Current log-likelihood: -634368.64996
196. Current log-likelihood: -634368.63173
197. Current log-likelihood: -634368.61319
198. Current log-likelihood: -634368.59509
199. Current log-likelihood: -634368.57681
200. Current log-likelihood: -634368.55876
201. Current log-likelihood: -634368.54067
202. Current log-likelihood: -634368.51776
203. Current log-likelihood: -634368.49249
204. Current log-likelihood: -634368.46702
205. Current log-likelihood: -634368.44159
206. Current log-likelihood: -634368.41658
207. Current log-likelihood: -634368.39159
208. Current log-likelihood: -634368.36691
209. Current log-likelihood: -634368.34250
210. Current log-likelihood: -634368.31836
211. Current log-likelihood: -634368.29411
212. Current log-likelihood: -634368.27022
213. Current log-likelihood: -634368.24608
214. Current log-likelihood: -634368.22231
215. Current log-likelihood: -634368.19857
216. Current log-likelihood: -634368.17379
217. Current log-likelihood: -634368.14993
218. Current log-likelihood: -634368.12628
219. Current log-likelihood: -634368.10302
220. Current log-likelihood: -634368.08002
221. Current log-likelihood: -634368.05713
222. Current log-likelihood: -634368.03425
223. Current log-likelihood: -634368.01112
224. Current log-likelihood: -634367.98852
225. Current log-likelihood: -634367.96599
226. Current log-likelihood: -634367.94303
227. Current log-likelihood: -634367.92073
228. Current log-likelihood: -634367.89854
229. Current log-likelihood: -634367.87600
230. Current log-likelihood: -634367.85408
231. Current log-likelihood: -634367.83225
232. Current log-likelihood: -634367.81003
233. Current log-likelihood: -634367.78773
234. Current log-likelihood: -634367.76632
235. Current log-likelihood: -634367.74468
236. Current log-likelihood: -634367.72356
237. Current log-likelihood: -634367.70245
238. Current log-likelihood: -634367.68106
239. Current log-likelihood: -634367.66030
240. Current log-likelihood: -634367.63960
241. Current log-likelihood: -634367.61862
242. Current log-likelihood: -634367.59821
243. Current log-likelihood: -634367.57736
244. Current log-likelihood: -634367.55715
245. Current log-likelihood: -634367.53705
246. Current log-likelihood: -634367.51685
247. Current log-likelihood: -634367.49709
248. Current log-likelihood: -634367.47720
249. Current log-likelihood: -634367.45709
250. Current log-likelihood: -634367.43769
251. Current log-likelihood: -634367.41797
252. Current log-likelihood: -634367.39882
253. Current log-likelihood: -634367.37980
254. Current log-likelihood: -634367.36051
255. Current log-likelihood: -634367.34178
256. Current log-likelihood: -634367.32316
257. Current log-likelihood: -634367.30424
258. Current log-likelihood: -634367.28575
259. Current log-likelihood: -634367.26674
260. Current log-likelihood: -634367.24859
261. Current log-likelihood: -634367.23075
262. Current log-likelihood: -634367.21278
263. Current log-likelihood: -634367.19514
264. Current log-likelihood: -634367.17771
265. Current log-likelihood: -634367.16028
266. Current log-likelihood: -634367.14118
267. Current log-likelihood: -634367.12428
268. Current log-likelihood: -634367.10722
269. Current log-likelihood: -634367.09044
270. Current log-likelihood: -634367.07354
271. Current log-likelihood: -634367.05703
272. Current log-likelihood: -634367.04041
273. Current log-likelihood: -634367.02411
274. Current log-likelihood: -634367.00782
275. Current log-likelihood: -634366.99167
276. Current log-likelihood: -634366.97560
277. Current log-likelihood: -634366.95990
278. Current log-likelihood: -634366.94400
279. Current log-likelihood: -634366.92857
280. Current log-likelihood: -634366.91324
281. Current log-likelihood: -634366.89752
282. Current log-likelihood: -634366.88152
283. Current log-likelihood: -634366.86671
284. Current log-likelihood: -634366.85193
285. Current log-likelihood: -634366.83748
286. Current log-likelihood: -634366.82294
287. Current log-likelihood: -634366.80837
288. Current log-likelihood: -634366.79402
289. Current log-likelihood: -634366.77977
290. Current log-likelihood: -634366.76584
291. Current log-likelihood: -634366.75177
292. Current log-likelihood: -634366.73811
293. Current log-likelihood: -634366.72455
294. Current log-likelihood: -634366.71071
295. Current log-likelihood: -634366.69746
296. Current log-likelihood: -634366.68433
297. Current log-likelihood: -634366.67107
298. Current log-likelihood: -634366.65825
299. Current log-likelihood: -634366.64557
300. Current log-likelihood: -634366.63289
301. Current log-likelihood: -634366.62039
302. Current log-likelihood: -634366.60615
303. Current log-likelihood: -634366.59124
304. Current log-likelihood: -634366.57612
305. Current log-likelihood: -634366.56157
306. Current log-likelihood: -634366.54706
307. Current log-likelihood: -634366.53172
308. Current log-likelihood: -634366.51784
309. Current log-likelihood: -634366.50411
310. Current log-likelihood: -634366.49032
311. Current log-likelihood: -634366.47702
312. Current log-likelihood: -634366.46388
313. Current log-likelihood: -634366.45068
314. Current log-likelihood: -634366.43783
315. Current log-likelihood: -634366.42498
316. Current log-likelihood: -634366.41256
317. Current log-likelihood: -634366.40018
318. Current log-likelihood: -634366.38798
319. Current log-likelihood: -634366.37507
320. Current log-likelihood: -634366.36325
321. Current log-likelihood: -634366.35182
322. Current log-likelihood: -634366.34038
323. Current log-likelihood: -634366.32927
324. Current log-likelihood: -634366.31832
325. Current log-likelihood: -634366.30692
326. Current log-likelihood: -634366.29637
327. Current log-likelihood: -634366.28602
328. Current log-likelihood: -634366.27563
329. Current log-likelihood: -634366.26569
330. Current log-likelihood: -634366.25558
331. Current log-likelihood: -634366.24577
332. Current log-likelihood: -634366.23610
333. Current log-likelihood: -634366.22592
334. Current log-likelihood: -634366.21581
335. Current log-likelihood: -634366.20677
336. Current log-likelihood: -634366.19777
337. Current log-likelihood: -634366.18903
338. Current log-likelihood: -634366.18031
339. Current log-likelihood: -634366.17188
340. Current log-likelihood: -634366.16340
341. Current log-likelihood: -634366.15521
342. Current log-likelihood: -634366.14720
343. Current log-likelihood: -634366.13929
344. Current log-likelihood: -634366.13156
345. Current log-likelihood: -634366.12389
346. Current log-likelihood: -634366.11653
347. Current log-likelihood: -634366.10845
348. Current log-likelihood: -634366.10128
349. Current log-likelihood: -634366.09412
350. Current log-likelihood: -634366.08743
351. Current log-likelihood: -634366.08051
352. Current log-likelihood: -634366.07416
353. Current log-likelihood: -634366.06748
354. Current log-likelihood: -634366.06130
355. Current log-likelihood: -634366.05500
356. Current log-likelihood: -634366.04906
357. Current log-likelihood: -634366.04293
358. Current log-likelihood: -634366.03716
359. Current log-likelihood: -634366.03123
360. Current log-likelihood: -634366.02614
361. Current log-likelihood: -634366.02056
362. Current log-likelihood: -634366.01545
363. Current log-likelihood: -634366.01000
364. Current log-likelihood: -634366.00433
365. Current log-likelihood: -634365.99963
366. Current log-likelihood: -634365.99401
367. Current log-likelihood: -634365.99070
368. Current log-likelihood: -634365.98552
369. Current log-likelihood: -634365.98111
370. Current log-likelihood: -634365.97690
371. Current log-likelihood: -634365.97273
372. Current log-likelihood: -634365.96864
373. Current log-likelihood: -634365.96462
374. Current log-likelihood: -634365.96176
375. Current log-likelihood: -634365.95709
376. Current log-likelihood: -634365.95432
377. Current log-likelihood: -634365.94968
378. Current log-likelihood: -634365.94582
379. Current log-likelihood: -634365.94311
380. Current log-likelihood: -634365.93885
381. Current log-likelihood: -634365.93624
382. Current log-likelihood: -634365.93258
383. Current log-likelihood: -634365.92995
384. Current log-likelihood: -634365.92648
385. Current log-likelihood: -634365.92405
386. Current log-likelihood: -634365.92004
387. Current log-likelihood: -634365.91756
388. Current log-likelihood: -634365.91520
389. Current log-likelihood: -634365.91193
390. Current log-likelihood: -634365.90817
391. Current log-likelihood: -634365.90595
392. Current log-likelihood: -634365.90374
393. Current log-likelihood: -634365.90063
394. Current log-likelihood: -634365.89853
395. Current log-likelihood: -634365.89644
396. Current log-likelihood: -634365.89436
397. Current log-likelihood: -634365.89137
398. Current log-likelihood: -634365.88946
399. Current log-likelihood: -634365.88749
400. Current log-likelihood: -634365.88557
401. Current log-likelihood: -634365.88364
402. Current log-likelihood: -634365.88165
403. Current log-likelihood: -634365.87848
404. Current log-likelihood: -634365.87657
405. Current log-likelihood: -634365.87466
406. Current log-likelihood: -634365.87281
407. Current log-likelihood: -634365.86951
408. Current log-likelihood: -634365.86780
409. Current log-likelihood: -634365.86607
410. Current log-likelihood: -634365.86431
411. Current log-likelihood: -634365.86269
412. Current log-likelihood: -634365.86127
413. Current log-likelihood: -634365.85971
414. Current log-likelihood: -634365.85823
415. Current log-likelihood: -634365.85691
416. Current log-likelihood: -634365.85540
417. Current log-likelihood: -634365.85388
418. Current log-likelihood: -634365.85251
419. Current log-likelihood: -634365.85135
420. Current log-likelihood: -634365.85000
421. Current log-likelihood: -634365.84852
422. Current log-likelihood: -634365.84738
423. Current log-likelihood: -634365.84600
424. Current log-likelihood: -634365.84478
425. Current log-likelihood: -634365.84364
426. Current log-likelihood: -634365.84236
427. Current log-likelihood: -634365.84127
428. Current log-likelihood: -634365.83893
429. Current log-likelihood: -634365.83777
430. Current log-likelihood: -634365.83673
431. Current log-likelihood: -634365.83582
Final estimation on weights:
0.91622,0.07022,0.01356
Wrote distance file to... 
BEST SCORE FOUND : -634365.83582
Total tree lengths: 0.30289 0.01889 0.65181

Total number of iterations: 429
CPU time used for tree search: 0.00003 sec (0h:0m:0s)
Wall-clock time used for tree search: 0.00003 sec (0h:0m:0s)
Total CPU time used: 27993.68422 sec (7h:46m:33s)
Total wall-clock time used: 1662.45625 sec (0h:27m:42s)

Analysis results written to: 
  IQ-TREE report:                mast_hdr_occ80_JU3200_quartet_11.submodel1.iqtree
  Maximum-likelihood tree:       mast_hdr_occ80_JU3200_quartet_11.submodel1.treefile
  Screen log file:               mast_hdr_occ80_JU3200_quartet_11.submodel1.log

Date and Time: Thu Jul  9 00:31:56 2026
