IQ-TREE version 3.0.1 for Linux x86 64-bit built Jul  9 2025
Developed by Bui Quang Minh, Thomas Wong, Nhan Ly-Trong, Huaiyan Ren
Contributed by Lam-Tung Nguyen, Dominik Schrempf, Chris Bielow,
Olga Chernomor, Michael Woodhams, Diep Thi Hoang, Heiko Schmidt

Host:    c373 (AVX512, FMA3, 188 GB RAM)
Command: iqtree3 -s /vast/eande106/projects/Nicolas/github/CB_PopGen_HDR_MS/processed_data/tree_topology/mast/mast_all/occ80_QG4232_quartet_06_supermatrix.clean.fas -m TMIX{LG+FO+G,LG+FO+G,LG+FO+G}+T -te /vast/eande106/projects/Nicolas/github/CB_PopGen_HDR_MS/processed_data/tree_topology/mast/quartet_topologies/quartet_06_JU1420_QG4232_topologies.tre --prefix mast_all_occ80_QG4232_quartet_06.submodel1 -T 48
Seed:    274331 (Using SPRNG - Scalable Parallel Random Number Generator)
Time:    Wed Jul  8 23:20:49 2026
Kernel:  AVX+FMA - 48 threads (48 CPU cores detected)

Reading alignment file /vast/eande106/projects/Nicolas/github/CB_PopGen_HDR_MS/processed_data/tree_topology/mast/mast_all/occ80_QG4232_quartet_06_supermatrix.clean.fas ... Fasta format detected
Reading fasta file: done in 0.200647 secs using 46.39% CPU
Alignment most likely contains protein sequences
Constructing alignment: done in 2.60955 secs using 13.86% CPU
WARNING: 1 sites contain only gaps or ambiguous characters.
Alignment has 4 sequences with 2371708 columns, 13240 distinct patterns
14987 parsimony-informative, 353458 singleton sites, 2003263 constant sites
        Gap/Ambiguity  Composition  p-value
Analyzing sequences: done in 0.000448358 secs using 99.7% CPU
   1  PX506     4.74%    failed      0.00%
   2  QG4232    2.24%    passed     93.26%
   3  QX1410    2.00%    passed     98.24%
   4  JU1420    3.06%    passed     31.91%
****  TOTAL     3.01%  1 sequences failed composition chi2 test (p-value<5%; df=19)
Number of input trees: 3
Minimum branch length is set to 0.0000010
Checking for duplicate sequences: done in 0.000441635 secs using 38.27% CPU

NOTE: 98 MB RAM (0 GB) is required!
According to the parsimony scores along the sites, the tree weights are initialized to:
0.9036498,0.0401681,0.0561820
Estimate model parameters (epsilon = 0.00100)
1. Initial log-likelihood: -9121038.17237
2. Current log-likelihood: -9118956.01625
3. Current log-likelihood: -9114656.03469
4. Current log-likelihood: -9114332.75329
5. Current log-likelihood: -9114170.40858
6. Current log-likelihood: -9114012.05375
7. Current log-likelihood: -9113922.46894
8. Current log-likelihood: -9113887.93259
9. Current log-likelihood: -9113874.80497
10. Current log-likelihood: -9113863.77619
11. Current log-likelihood: -9113853.53092
12. Current log-likelihood: -9113843.99101
13. Current log-likelihood: -9113835.14510
14. Current log-likelihood: -9113826.94465
15. Current log-likelihood: -9113819.35330
16. Current log-likelihood: -9113812.32534
17. Current log-likelihood: -9113805.83222
18. Current log-likelihood: -9113799.82984
19. Current log-likelihood: -9113794.27287
20. Current log-likelihood: -9113789.15444
21. Current log-likelihood: -9113784.42901
22. Current log-likelihood: -9113780.07423
23. Current log-likelihood: -9113776.06175
24. Current log-likelihood: -9113772.36539
25. Current log-likelihood: -9113768.95845
26. Current log-likelihood: -9113765.82043
27. Current log-likelihood: -9113762.93597
28. Current log-likelihood: -9113760.28567
29. Current log-likelihood: -9113757.83560
30. Current log-likelihood: -9113755.59027
31. Current log-likelihood: -9113753.50603
32. Current log-likelihood: -9113751.59019
33. Current log-likelihood: -9113749.82355
34. Current log-likelihood: -9113748.19287
35. Current log-likelihood: -9113746.68836
36. Current log-likelihood: -9113745.30298
37. Current log-likelihood: -9113744.01912
38. Current log-likelihood: -9113742.83288
39. Current log-likelihood: -9113741.73529
40. Current log-likelihood: -9113740.71755
41. Current log-likelihood: -9113739.77794
42. Current log-likelihood: -9113738.90433
43. Current log-likelihood: -9113738.08573
44. Current log-likelihood: -9113737.33127
45. Current log-likelihood: -9113736.62709
46. Current log-likelihood: -9113735.96429
47. Current log-likelihood: -9113735.34577
48. Current log-likelihood: -9113734.76907
49. Current log-likelihood: -9113734.22868
50. Current log-likelihood: -9113733.72210
51. Current log-likelihood: -9113733.24861
52. Current log-likelihood: -9113732.79641
53. Current log-likelihood: -9113732.37805
54. Current log-likelihood: -9113731.98386
55. Current log-likelihood: -9113731.61245
56. Current log-likelihood: -9113731.26860
57. Current log-likelihood: -9113730.94101
58. Current log-likelihood: -9113730.63198
59. Current log-likelihood: -9113730.33785
60. Current log-likelihood: -9113730.11182
61. Current log-likelihood: -9113729.81808
62. Current log-likelihood: -9113729.56200
63. Current log-likelihood: -9113729.36283
64. Current log-likelihood: -9113729.10590
65. Current log-likelihood: -9113728.92130
66. Current log-likelihood: -9113728.68865
67. Current log-likelihood: -9113728.51848
68. Current log-likelihood: -9113728.30575
69. Current log-likelihood: -9113728.14790
70. Current log-likelihood: -9113727.95387
71. Current log-likelihood: -9113727.80742
72. Current log-likelihood: -9113727.62928
73. Current log-likelihood: -9113727.49345
74. Current log-likelihood: -9113727.32995
75. Current log-likelihood: -9113727.20402
76. Current log-likelihood: -9113727.05307
77. Current log-likelihood: -9113726.93573
78. Current log-likelihood: -9113726.79660
79. Current log-likelihood: -9113726.68732
80. Current log-likelihood: -9113726.55820
81. Current log-likelihood: -9113726.45614
82. Current log-likelihood: -9113726.33636
83. Current log-likelihood: -9113726.24103
84. Current log-likelihood: -9113726.13009
85. Current log-likelihood: -9113726.04097
86. Current log-likelihood: -9113725.94015
87. Current log-likelihood: -9113725.85916
88. Current log-likelihood: -9113725.76437
89. Current log-likelihood: -9113725.68960
90. Current log-likelihood: -9113725.60012
91. Current log-likelihood: -9113725.53007
92. Current log-likelihood: -9113725.44612
93. Current log-likelihood: -9113725.38058
94. Current log-likelihood: -9113725.30131
95. Current log-likelihood: -9113725.23933
96. Current log-likelihood: -9113725.16547
97. Current log-likelihood: -9113725.10733
98. Current log-likelihood: -9113725.03819
99. Current log-likelihood: -9113724.98347
100. Current log-likelihood: -9113724.91887
101. Current log-likelihood: -9113724.86732
102. Current log-likelihood: -9113724.75892
103. Current log-likelihood: -9113724.67918
104. Current log-likelihood: -9113724.57294
105. Current log-likelihood: -9113724.48210
106. Current log-likelihood: -9113724.41629
107. Current log-likelihood: -9113724.32571
108. Current log-likelihood: -9113724.26756
109. Current log-likelihood: -9113724.18594
110. Current log-likelihood: -9113724.13407
111. Current log-likelihood: -9113724.06208
112. Current log-likelihood: -9113724.01604
113. Current log-likelihood: -9113723.94946
114. Current log-likelihood: -9113723.90619
115. Current log-likelihood: -9113723.85212
116. Current log-likelihood: -9113723.81609
117. Current log-likelihood: -9113723.76190
118. Current log-likelihood: -9113723.72752
119. Current log-likelihood: -9113723.68367
120. Current log-likelihood: -9113723.65435
121. Current log-likelihood: -9113723.61327
122. Current log-likelihood: -9113723.58661
123. Current log-likelihood: -9113723.55018
124. Current log-likelihood: -9113723.52651
125. Current log-likelihood: -9113723.49428
126. Current log-likelihood: -9113723.47279
127. Current log-likelihood: -9113723.44357
128. Current log-likelihood: -9113723.42438
129. Current log-likelihood: -9113723.39886
130. Current log-likelihood: -9113723.38163
131. Current log-likelihood: -9113723.35879
132. Current log-likelihood: -9113723.34334
133. Current log-likelihood: -9113723.32443
134. Current log-likelihood: -9113723.31177
135. Current log-likelihood: -9113723.29249
136. Current log-likelihood: -9113723.28043
137. Current log-likelihood: -9113723.26515
138. Current log-likelihood: -9113723.25501
139. Current log-likelihood: -9113723.23983
140. Current log-likelihood: -9113723.23014
141. Current log-likelihood: -9113723.22130
142. Current log-likelihood: -9113723.20871
143. Current log-likelihood: -9113723.20112
144. Current log-likelihood: -9113723.19042
145. Current log-likelihood: -9113723.18375
146. Current log-likelihood: -9113723.17405
147. Current log-likelihood: -9113723.16800
148. Current log-likelihood: -9113723.15936
149. Current log-likelihood: -9113723.15402
150. Current log-likelihood: -9113723.14618
151. Current log-likelihood: -9113723.14130
152. Current log-likelihood: -9113723.13630
153. Current log-likelihood: -9113723.12927
154. Current log-likelihood: -9113723.12503
155. Current log-likelihood: -9113723.12081
156. Current log-likelihood: -9113723.11483
157. Current log-likelihood: -9113723.11128
158. Current log-likelihood: -9113723.10757
159. Current log-likelihood: -9113723.10248
160. Current log-likelihood: -9113723.09941
161. Current log-likelihood: -9113723.09630
162. Current log-likelihood: -9113723.09331
163. Current log-likelihood: -9113723.08918
164. Current log-likelihood: -9113723.08686
165. Current log-likelihood: -9113723.08412
166. Current log-likelihood: -9113723.08152
167. Current log-likelihood: -9113723.07907
168. Current log-likelihood: -9113723.07672
169. Current log-likelihood: -9113723.07449
170. Current log-likelihood: -9113723.07239
171. Current log-likelihood: -9113723.07038
172. Current log-likelihood: -9113723.06855
173. Current log-likelihood: -9113723.06675
174. Current log-likelihood: -9113723.06506
175. Current log-likelihood: -9113723.06342
176. Current log-likelihood: -9113723.06189
177. Current log-likelihood: -9113723.06041
178. Current log-likelihood: -9113723.05923
179. Current log-likelihood: -9113723.05778
180. Current log-likelihood: -9113723.05644
181. Current log-likelihood: -9113723.05524
182. Current log-likelihood: -9113723.05424
183. Current log-likelihood: -9113723.05307
184. Current log-likelihood: -9113723.05199
185. Current log-likelihood: -9113723.05109
Final estimation on weights:
0.88098,0.04534,0.07368
Wrote distance file to... 
BEST SCORE FOUND : -9113723.05109
Total tree lengths: 0.26843 0.00922 0.08894

Total number of iterations: 183
CPU time used for tree search: 0.00003 sec (0h:0m:0s)
Wall-clock time used for tree search: 0.00003 sec (0h:0m:0s)
Total CPU time used: 16821.46765 sec (4h:40m:21s)
Total wall-clock time used: 1274.80097 sec (0h:21m:14s)

Analysis results written to: 
  IQ-TREE report:                mast_all_occ80_QG4232_quartet_06.submodel1.iqtree
  Maximum-likelihood tree:       mast_all_occ80_QG4232_quartet_06.submodel1.treefile
  Screen log file:               mast_all_occ80_QG4232_quartet_06.submodel1.log

Date and Time: Wed Jul  8 23:42:06 2026
