IQ-TREE version 3.0.1 for Linux x86 64-bit built Jul  9 2025
Developed by Bui Quang Minh, Thomas Wong, Nhan Ly-Trong, Huaiyan Ren
Contributed by Lam-Tung Nguyen, Dominik Schrempf, Chris Bielow,
Olga Chernomor, Michael Woodhams, Diep Thi Hoang, Heiko Schmidt

Host:    c591 (AVX512, FMA3, 188 GB RAM)
Command: iqtree3 -s /vast/eande106/projects/Nicolas/github/CB_PopGen_HDR_MS/processed_data/tree_topology/mast/mast_hdr/occ80_JU3237_quartet_08_supermatrix.clean.fas -m TMIX{LG+FO+G,LG+FO+G,LG+FO+G}+T -te /vast/eande106/projects/Nicolas/github/CB_PopGen_HDR_MS/processed_data/tree_topology/mast/quartet_topologies/quartet_08_JU2484_JU3237_topologies.tre --prefix mast_hdr_occ80_JU3237_quartet_08.submodel1 -T 48
Seed:    113394 (Using SPRNG - Scalable Parallel Random Number Generator)
Time:    Thu Jul  9 00:04:25 2026
Kernel:  AVX+FMA - 48 threads (48 CPU cores detected)

Reading alignment file /vast/eande106/projects/Nicolas/github/CB_PopGen_HDR_MS/processed_data/tree_topology/mast/mast_hdr/occ80_JU3237_quartet_08_supermatrix.clean.fas ... Fasta format detected
Reading fasta file: done in 0.0328767 secs using 13.76% CPU
Alignment most likely contains protein sequences
Constructing alignment: done in 0.198953 secs using 100.4% CPU
Alignment has 4 sequences with 146200 columns, 4209 distinct patterns
1159 parsimony-informative, 27209 singleton sites, 117832 constant sites
        Gap/Ambiguity  Composition  p-value
Analyzing sequences: done in 0.000138057 secs using 99.23% CPU
   1  PX506     4.25%    passed     99.29%
   2  JU3237    3.21%    passed    100.00%
   3  JU2484    2.75%    passed    100.00%
   4  QX1410    2.97%    passed    100.00%
****  TOTAL     3.29%  0 sequences failed composition chi2 test (p-value<5%; df=19)
Number of input trees: 3
Minimum branch length is set to 0.0000010
Checking for duplicate sequences: done in 0.000150885 secs

NOTE: 31 MB RAM (0 GB) is required!
According to the parsimony scores along the sites, the tree weights are initialized to:
0.9102675,0.0440035,0.0457291
Estimate model parameters (epsilon = 0.00100)
1. Initial log-likelihood: -595302.60975
2. Current log-likelihood: -595106.81052
3. Current log-likelihood: -594813.58102
4. Current log-likelihood: -594793.70265
5. Current log-likelihood: -594776.29939
6. Current log-likelihood: -594762.50810
7. Current log-likelihood: -594757.45966
8. Current log-likelihood: -594755.52625
9. Current log-likelihood: -594754.37348
10. Current log-likelihood: -594753.33470
11. Current log-likelihood: -594752.38481
12. Current log-likelihood: -594751.51831
13. Current log-likelihood: -594750.73661
14. Current log-likelihood: -594750.02801
15. Current log-likelihood: -594749.39051
16. Current log-likelihood: -594748.81508
17. Current log-likelihood: -594748.29353
18. Current log-likelihood: -594747.82079
19. Current log-likelihood: -594747.39402
20. Current log-likelihood: -594747.00426
21. Current log-likelihood: -594746.64325
22. Current log-likelihood: -594746.32071
23. Current log-likelihood: -594746.02219
24. Current log-likelihood: -594745.74813
25. Current log-likelihood: -594745.49443
26. Current log-likelihood: -594745.25542
27. Current log-likelihood: -594745.03762
28. Current log-likelihood: -594744.83268
29. Current log-likelihood: -594744.64168
30. Current log-likelihood: -594744.46307
31. Current log-likelihood: -594744.29309
32. Current log-likelihood: -594744.12796
33. Current log-likelihood: -594743.97686
34. Current log-likelihood: -594743.83155
35. Current log-likelihood: -594743.69380
36. Current log-likelihood: -594743.56046
37. Current log-likelihood: -594743.43351
38. Current log-likelihood: -594743.31123
39. Current log-likelihood: -594743.18800
40. Current log-likelihood: -594743.07425
41. Current log-likelihood: -594742.96373
42. Current log-likelihood: -594742.85665
43. Current log-likelihood: -594742.75278
44. Current log-likelihood: -594742.65191
45. Current log-likelihood: -594742.55387
46. Current log-likelihood: -594742.45854
47. Current log-likelihood: -594742.36502
48. Current log-likelihood: -594742.27301
49. Current log-likelihood: -594742.19902
50. Current log-likelihood: -594742.10049
51. Current log-likelihood: -594742.02953
52. Current log-likelihood: -594741.93946
53. Current log-likelihood: -594741.87205
54. Current log-likelihood: -594741.78563
55. Current log-likelihood: -594741.72114
56. Current log-likelihood: -594741.63855
57. Current log-likelihood: -594741.57674
58. Current log-likelihood: -594741.49672
59. Current log-likelihood: -594741.43689
60. Current log-likelihood: -594741.36109
61. Current log-likelihood: -594741.30378
62. Current log-likelihood: -594741.23114
63. Current log-likelihood: -594741.17621
64. Current log-likelihood: -594741.10663
65. Current log-likelihood: -594741.05398
66. Current log-likelihood: -594740.98734
67. Current log-likelihood: -594740.93686
68. Current log-likelihood: -594740.87302
69. Current log-likelihood: -594740.82464
70. Current log-likelihood: -594740.76263
71. Current log-likelihood: -594740.71602
72. Current log-likelihood: -594740.65704
73. Current log-likelihood: -594740.61230
74. Current log-likelihood: -594740.55594
75. Current log-likelihood: -594740.51311
76. Current log-likelihood: -594740.45917
77. Current log-likelihood: -594740.41818
78. Current log-likelihood: -594740.36657
79. Current log-likelihood: -594740.32734
80. Current log-likelihood: -594740.27797
81. Current log-likelihood: -594740.24044
82. Current log-likelihood: -594740.19321
83. Current log-likelihood: -594740.15638
84. Current log-likelihood: -594740.10588
85. Current log-likelihood: -594740.07060
86. Current log-likelihood: -594740.02883
87. Current log-likelihood: -594739.99618
88. Current log-likelihood: -594739.95512
89. Current log-likelihood: -594739.92366
90. Current log-likelihood: -594739.88466
91. Current log-likelihood: -594739.85458
92. Current log-likelihood: -594739.81710
93. Current log-likelihood: -594739.78868
94. Current log-likelihood: -594739.75273
95. Current log-likelihood: -594739.72550
96. Current log-likelihood: -594739.69121
97. Current log-likelihood: -594739.66520
98. Current log-likelihood: -594739.63243
99. Current log-likelihood: -594739.60677
100. Current log-likelihood: -594739.57502
101. Current log-likelihood: -594739.55108
102. Current log-likelihood: -594739.49892
103. Current log-likelihood: -594739.46233
104. Current log-likelihood: -594739.40715
105. Current log-likelihood: -594739.36049
106. Current log-likelihood: -594739.32907
107. Current log-likelihood: -594739.28137
108. Current log-likelihood: -594739.25282
109. Current log-likelihood: -594739.20899
110. Current log-likelihood: -594739.18299
111. Current log-likelihood: -594739.14197
112. Current log-likelihood: -594739.11806
113. Current log-likelihood: -594739.08084
114. Current log-likelihood: -594739.05899
115. Current log-likelihood: -594739.02497
116. Current log-likelihood: -594739.00505
117. Current log-likelihood: -594738.96863
118. Current log-likelihood: -594738.94983
119. Current log-likelihood: -594738.92342
120. Current log-likelihood: -594738.90731
121. Current log-likelihood: -594738.88216
122. Current log-likelihood: -594738.86729
123. Current log-likelihood: -594738.84464
124. Current log-likelihood: -594738.83029
125. Current log-likelihood: -594738.80895
126. Current log-likelihood: -594738.79677
127. Current log-likelihood: -594738.77737
128. Current log-likelihood: -594738.76623
129. Current log-likelihood: -594738.74860
130. Current log-likelihood: -594738.73845
131. Current log-likelihood: -594738.72242
132. Current log-likelihood: -594738.71321
133. Current log-likelihood: -594738.69860
134. Current log-likelihood: -594738.69023
135. Current log-likelihood: -594738.67638
136. Current log-likelihood: -594738.66845
137. Current log-likelihood: -594738.66151
138. Current log-likelihood: -594738.64950
139. Current log-likelihood: -594738.64234
140. Current log-likelihood: -594738.63254
141. Current log-likelihood: -594738.62562
142. Current log-likelihood: -594738.61735
143. Current log-likelihood: -594738.61218
144. Current log-likelihood: -594738.60369
145. Current log-likelihood: -594738.59839
146. Current log-likelihood: -594738.59035
147. Current log-likelihood: -594738.58593
148. Current log-likelihood: -594738.58163
149. Current log-likelihood: -594738.57397
150. Current log-likelihood: -594738.56961
151. Current log-likelihood: -594738.56599
152. Current log-likelihood: -594738.55963
153. Current log-likelihood: -594738.55583
154. Current log-likelihood: -594738.55205
155. Current log-likelihood: -594738.54913
156. Current log-likelihood: -594738.54377
157. Current log-likelihood: -594738.54049
158. Current log-likelihood: -594738.53767
159. Current log-likelihood: -594738.53500
160. Current log-likelihood: -594738.53200
161. Current log-likelihood: -594738.52971
162. Current log-likelihood: -594738.52683
163. Current log-likelihood: -594738.52468
164. Current log-likelihood: -594738.52239
165. Current log-likelihood: -594738.52021
166. Current log-likelihood: -594738.51833
167. Current log-likelihood: -594738.51594
168. Current log-likelihood: -594738.51427
169. Current log-likelihood: -594738.51209
170. Current log-likelihood: -594738.51043
171. Current log-likelihood: -594738.50890
172. Current log-likelihood: -594738.50693
173. Current log-likelihood: -594738.50562
174. Current log-likelihood: -594738.50380
175. Current log-likelihood: -594738.50251
176. Current log-likelihood: -594738.50134
177. Current log-likelihood: -594738.49958
178. Current log-likelihood: -594738.49848
179. Current log-likelihood: -594738.49711
180. Current log-likelihood: -594738.49606
181. Current log-likelihood: -594738.49494
182. Current log-likelihood: -594738.49384
183. Current log-likelihood: -594738.49293
Final estimation on weights:
0.87553,0.05334,0.07113
Wrote distance file to... 
BEST SCORE FOUND : -594738.49293
Total tree lengths: 0.38018 0.01536 0.09610

Total number of iterations: 181
CPU time used for tree search: 0.00002 sec (0h:0m:0s)
Wall-clock time used for tree search: 0.00001 sec (0h:0m:0s)
Total CPU time used: 10993.22975 sec (3h:3m:13s)
Total wall-clock time used: 863.09501 sec (0h:14m:23s)

Analysis results written to: 
  IQ-TREE report:                mast_hdr_occ80_JU3237_quartet_08.submodel1.iqtree
  Maximum-likelihood tree:       mast_hdr_occ80_JU3237_quartet_08.submodel1.treefile
  Screen log file:               mast_hdr_occ80_JU3237_quartet_08.submodel1.log

Date and Time: Thu Jul  9 00:18:48 2026
