IQ-TREE version 3.0.1 for Linux x86 64-bit built Jul  9 2025
Developed by Bui Quang Minh, Thomas Wong, Nhan Ly-Trong, Huaiyan Ren
Contributed by Lam-Tung Nguyen, Dominik Schrempf, Chris Bielow,
Olga Chernomor, Michael Woodhams, Diep Thi Hoang, Heiko Schmidt

Host:    c216 (AVX512, FMA3, 188 GB RAM)
Command: iqtree3 -s /vast/eande106/projects/Nicolas/github/CB_PopGen_HDR_MS/processed_data/tree_topology/mast/mast_all/occ80_JU3200_quartet_14_supermatrix.clean.fas -m LG+FO+G+T -te /vast/eande106/projects/Nicolas/github/CB_PopGen_HDR_MS/processed_data/tree_topology/mast/quartet_topologies/quartet_14_VX153_JU3200_topologies.tre --prefix mast_all_occ80_JU3200_quartet_14.submodel6 -T 48
Seed:    764498 (Using SPRNG - Scalable Parallel Random Number Generator)
Time:    Wed Jul  8 23:22:17 2026
Kernel:  AVX+FMA - 48 threads (48 CPU cores detected)

Reading alignment file /vast/eande106/projects/Nicolas/github/CB_PopGen_HDR_MS/processed_data/tree_topology/mast/mast_all/occ80_JU3200_quartet_14_supermatrix.clean.fas ... Fasta format detected
Reading fasta file: done in 0.175231 secs using 52.49% CPU
Alignment most likely contains protein sequences
Constructing alignment: done in 2.94894 secs using 12.76% CPU
WARNING: 1 sites contain only gaps or ambiguous characters.
Alignment has 4 sequences with 2363420 columns, 13507 distinct patterns
15278 parsimony-informative, 353132 singleton sites, 1995010 constant sites
        Gap/Ambiguity  Composition  p-value
Analyzing sequences: done in 0.000207392 secs using 98.85% CPU
   1  PX506     4.74%    failed      0.00%
   2  JU3200    2.15%    passed     98.11%
   3  QX1410    2.00%    passed     99.62%
   4  VX153     3.12%    passed     28.85%
****  TOTAL     3.00%  1 sequences failed composition chi2 test (p-value<5%; df=19)
Number of input trees: 3
Minimum branch length is set to 0.0000010
Checking for duplicate sequences: done in 0.00398841 secs using 4485% CPU

NOTE: 100 MB RAM (0 GB) is required!
According to the parsimony scores along the sites, the tree weights are initialized to:
0.8992669,0.0394685,0.0612646
Estimate model parameters (epsilon = 0.00100)
1. Initial log-likelihood: -9101477.24152
2. Current log-likelihood: -9092770.74280
3. Current log-likelihood: -9092271.83588
4. Current log-likelihood: -9091921.15047
5. Current log-likelihood: -9091869.32048
6. Current log-likelihood: -9091862.84913
7. Current log-likelihood: -9091860.33944
8. Current log-likelihood: -9091858.99215
9. Current log-likelihood: -9091857.68425
10. Current log-likelihood: -9091856.36816
11. Current log-likelihood: -9091855.03755
12. Current log-likelihood: -9091853.70606
13. Current log-likelihood: -9091852.36517
14. Current log-likelihood: -9091851.00024
15. Current log-likelihood: -9091849.63459
16. Current log-likelihood: -9091848.26630
17. Current log-likelihood: -9091846.88949
18. Current log-likelihood: -9091845.50293
19. Current log-likelihood: -9091844.10739
20. Current log-likelihood: -9091842.70293
21. Current log-likelihood: -9091841.28616
22. Current log-likelihood: -9091839.85207
23. Current log-likelihood: -9091838.41912
24. Current log-likelihood: -9091836.97248
25. Current log-likelihood: -9091835.52150
26. Current log-likelihood: -9091834.06166
27. Current log-likelihood: -9091832.59111
28. Current log-likelihood: -9091831.11228
29. Current log-likelihood: -9091829.62286
30. Current log-likelihood: -9091828.12529
31. Current log-likelihood: -9091826.59906
32. Current log-likelihood: -9091825.07702
33. Current log-likelihood: -9091823.54806
34. Current log-likelihood: -9091822.00972
35. Current log-likelihood: -9091820.46185
36. Current log-likelihood: -9091818.89847
37. Current log-likelihood: -9091817.33069
38. Current log-likelihood: -9091815.75330
39. Current log-likelihood: -9091814.14781
40. Current log-likelihood: -9091812.54469
41. Current log-likelihood: -9091810.93554
42. Current log-likelihood: -9091809.31537
43. Current log-likelihood: -9091807.68496
44. Current log-likelihood: -9091806.04421
45. Current log-likelihood: -9091804.39350
46. Current log-likelihood: -9091802.73212
47. Current log-likelihood: -9091801.04306
48. Current log-likelihood: -9091799.35960
49. Current log-likelihood: -9091797.66098
50. Current log-likelihood: -9091795.82214
51. Current log-likelihood: -9091794.10708
52. Current log-likelihood: -9091792.38143
53. Current log-likelihood: -9091790.64369
54. Current log-likelihood: -9091788.89521
55. Current log-likelihood: -9091787.11566
56. Current log-likelihood: -9091785.34434
57. Current log-likelihood: -9091783.56227
58. Current log-likelihood: -9091781.76976
59. Current log-likelihood: -9091779.96439
60. Current log-likelihood: -9091778.14518
61. Current log-likelihood: -9091776.31971
62. Current log-likelihood: -9091774.48459
63. Current log-likelihood: -9091772.61162
64. Current log-likelihood: -9091770.75022
65. Current log-likelihood: -9091768.87804
66. Current log-likelihood: -9091766.99474
67. Current log-likelihood: -9091765.10071
68. Current log-likelihood: -9091763.19020
69. Current log-likelihood: -9091761.27408
70. Current log-likelihood: -9091759.31501
71. Current log-likelihood: -9091757.37350
72. Current log-likelihood: -9091755.42078
73. Current log-likelihood: -9091753.45720
74. Current log-likelihood: -9091751.48264
75. Current log-likelihood: -9091749.49693
76. Current log-likelihood: -9091747.49995
77. Current log-likelihood: -9091745.46110
78. Current log-likelihood: -9091743.43914
79. Current log-likelihood: -9091741.39623
80. Current log-likelihood: -9091739.35271
81. Current log-likelihood: -9091737.29800
82. Current log-likelihood: -9091735.23247
83. Current log-likelihood: -9091733.15588
84. Current log-likelihood: -9091731.04410
85. Current log-likelihood: -9091728.94313
86. Current log-likelihood: -9091726.83180
87. Current log-likelihood: -9091724.70956
88. Current log-likelihood: -9091722.57685
89. Current log-likelihood: -9091720.43353
90. Current log-likelihood: -9091718.27957
91. Current log-likelihood: -9091716.11519
92. Current log-likelihood: -9091713.93326
93. Current log-likelihood: -9091711.73157
94. Current log-likelihood: -9091709.53456
95. Current log-likelihood: -9091707.32742
96. Current log-likelihood: -9091705.11049
97. Current log-likelihood: -9091702.88387
98. Current log-likelihood: -9091700.64805
99. Current log-likelihood: -9091698.40250
100. Current log-likelihood: -9091696.14775
101. Current log-likelihood: -9091693.86452
102. Current log-likelihood: -9091689.87809
103. Current log-likelihood: -9091685.55047
104. Current log-likelihood: -9091681.19087
105. Current log-likelihood: -9091676.81011
106. Current log-likelihood: -9091672.39756
107. Current log-likelihood: -9091667.96993
108. Current log-likelihood: -9091663.51596
109. Current log-likelihood: -9091659.03083
110. Current log-likelihood: -9091654.54645
111. Current log-likelihood: -9091650.04919
112. Current log-likelihood: -9091645.54096
113. Current log-likelihood: -9091641.02446
114. Current log-likelihood: -9091636.50306
115. Current log-likelihood: -9091631.97958
116. Current log-likelihood: -9091627.45790
117. Current log-likelihood: -9091622.94107
118. Current log-likelihood: -9091618.43293
119. Current log-likelihood: -9091613.93730
120. Current log-likelihood: -9091609.45807
121. Current log-likelihood: -9091604.99960
122. Current log-likelihood: -9091600.56616
123. Current log-likelihood: -9091596.16217
124. Current log-likelihood: -9091591.79211
125. Current log-likelihood: -9091587.46060
126. Current log-likelihood: -9091583.17212
127. Current log-likelihood: -9091578.93191
128. Current log-likelihood: -9091574.74506
129. Current log-likelihood: -9091570.61585
130. Current log-likelihood: -9091566.54902
131. Current log-likelihood: -9091562.54963
132. Current log-likelihood: -9091558.62226
133. Current log-likelihood: -9091554.77145
134. Current log-likelihood: -9091551.00001
135. Current log-likelihood: -9091547.30429
136. Current log-likelihood: -9091543.70189
137. Current log-likelihood: -9091540.19039
138. Current log-likelihood: -9091536.76479
139. Current log-likelihood: -9091533.37088
140. Current log-likelihood: -9091530.08775
141. Current log-likelihood: -9091526.91022
142. Current log-likelihood: -9091523.82592
143. Current log-likelihood: -9091520.84751
144. Current log-likelihood: -9091517.93978
145. Current log-likelihood: -9091515.14824
146. Current log-likelihood: -9091512.50555
147. Current log-likelihood: -9091509.90382
148. Current log-likelihood: -9091507.44165
149. Current log-likelihood: -9091505.09081
150. Current log-likelihood: -9091502.81365
151. Current log-likelihood: -9091500.68965
152. Current log-likelihood: -9091498.63198
153. Current log-likelihood: -9091496.65858
154. Current log-likelihood: -9091494.83837
155. Current log-likelihood: -9091493.07983
156. Current log-likelihood: -9091491.43825
157. Current log-likelihood: -9091489.86574
158. Current log-likelihood: -9091488.41401
159. Current log-likelihood: -9091487.00909
160. Current log-likelihood: -9091485.73519
161. Current log-likelihood: -9091484.49314
162. Current log-likelihood: -9091483.37637
163. Current log-likelihood: -9091482.30076
164. Current log-likelihood: -9091481.32367
165. Current log-likelihood: -9091480.37707
166. Current log-likelihood: -9091479.53660
167. Current log-likelihood: -9091478.71869
168. Current log-likelihood: -9091477.99462
169. Current log-likelihood: -9091477.28639
170. Current log-likelihood: -9091476.66840
171. Current log-likelihood: -9091476.06255
172. Current log-likelihood: -9091475.53476
173. Current log-likelihood: -9091475.01512
174. Current log-likelihood: -9091474.56599
175. Current log-likelihood: -9091474.15581
176. Current log-likelihood: -9091473.74849
177. Current log-likelihood: -9091473.39933
178. Current log-likelihood: -9091473.08102
179. Current log-likelihood: -9091472.75430
180. Current log-likelihood: -9091472.48334
181. Current log-likelihood: -9091472.24065
182. Current log-likelihood: -9091471.98120
183. Current log-likelihood: -9091471.77489
184. Current log-likelihood: -9091471.58712
185. Current log-likelihood: -9091471.38426
186. Current log-likelihood: -9091471.22436
187. Current log-likelihood: -9091471.07880
188. Current log-likelihood: -9091470.94651
189. Current log-likelihood: -9091470.79351
190. Current log-likelihood: -9091470.67807
191. Current log-likelihood: -9091470.57291
192. Current log-likelihood: -9091470.47766
193. Current log-likelihood: -9091470.37110
194. Current log-likelihood: -9091470.28629
195. Current log-likelihood: -9091470.20859
196. Current log-likelihood: -9091470.13799
197. Current log-likelihood: -9091470.07326
198. Current log-likelihood: -9091469.99502
199. Current log-likelihood: -9091469.93536
200. Current log-likelihood: -9091469.88088
201. Current log-likelihood: -9091469.83223
202. Current log-likelihood: -9091469.77248
203. Current log-likelihood: -9091469.71608
204. Current log-likelihood: -9091469.64656
205. Current log-likelihood: -9091469.58984
206. Current log-likelihood: -9091469.54224
207. Current log-likelihood: -9091469.49820
208. Current log-likelihood: -9091469.45685
209. Current log-likelihood: -9091469.41817
210. Current log-likelihood: -9091469.36269
211. Current log-likelihood: -9091469.32113
212. Current log-likelihood: -9091469.28487
213. Current log-likelihood: -9091469.25036
214. Current log-likelihood: -9091469.21703
215. Current log-likelihood: -9091469.18476
216. Current log-likelihood: -9091469.14018
217. Current log-likelihood: -9091469.10708
218. Current log-likelihood: -9091469.07507
219. Current log-likelihood: -9091469.04371
220. Current log-likelihood: -9091469.01308
221. Current log-likelihood: -9091468.98306
222. Current log-likelihood: -9091468.95276
223. Current log-likelihood: -9091468.92401
224. Current log-likelihood: -9091468.88714
225. Current log-likelihood: -9091468.85644
226. Current log-likelihood: -9091468.82602
227. Current log-likelihood: -9091468.79603
228. Current log-likelihood: -9091468.76359
229. Current log-likelihood: -9091468.73370
230. Current log-likelihood: -9091468.70421
231. Current log-likelihood: -9091468.67817
232. Current log-likelihood: -9091468.65089
233. Current log-likelihood: -9091468.61542
234. Current log-likelihood: -9091468.58200
235. Current log-likelihood: -9091468.55098
236. Current log-likelihood: -9091468.52394
237. Current log-likelihood: -9091468.49311
238. Current log-likelihood: -9091468.46628
239. Current log-likelihood: -9091468.43600
240. Current log-likelihood: -9091468.40911
241. Current log-likelihood: -9091468.37924
242. Current log-likelihood: -9091468.35251
243. Current log-likelihood: -9091468.32266
244. Current log-likelihood: -9091468.29298
245. Current log-likelihood: -9091468.25504
246. Current log-likelihood: -9091468.22348
247. Current log-likelihood: -9091468.19550
248. Current log-likelihood: -9091468.16402
249. Current log-likelihood: -9091468.13612
250. Current log-likelihood: -9091468.10505
251. Current log-likelihood: -9091468.07706
252. Current log-likelihood: -9091468.04794
253. Current log-likelihood: -9091468.02011
254. Current log-likelihood: -9091467.98923
255. Current log-likelihood: -9091467.96165
256. Current log-likelihood: -9091467.92238
257. Current log-likelihood: -9091467.89293
258. Current log-likelihood: -9091467.86016
259. Current log-likelihood: -9091467.83087
260. Current log-likelihood: -9091467.79836
261. Current log-likelihood: -9091467.76914
262. Current log-likelihood: -9091467.73686
263. Current log-likelihood: -9091467.70770
264. Current log-likelihood: -9091467.67571
265. Current log-likelihood: -9091467.64656
266. Current log-likelihood: -9091467.61611
267. Current log-likelihood: -9091467.58729
268. Current log-likelihood: -9091467.54938
269. Current log-likelihood: -9091467.51892
270. Current log-likelihood: -9091467.48289
271. Current log-likelihood: -9091467.45238
272. Current log-likelihood: -9091467.41855
273. Current log-likelihood: -9091467.38810
274. Current log-likelihood: -9091467.35601
275. Current log-likelihood: -9091467.32564
276. Current log-likelihood: -9091467.29206
277. Current log-likelihood: -9091467.26172
278. Current log-likelihood: -9091467.22833
279. Current log-likelihood: -9091467.19801
280. Current log-likelihood: -9091467.16615
281. Current log-likelihood: -9091467.13251
282. Current log-likelihood: -9091467.09181
283. Current log-likelihood: -9091467.05959
284. Current log-likelihood: -9091467.02627
285. Current log-likelihood: -9091466.99413
286. Current log-likelihood: -9091466.95932
287. Current log-likelihood: -9091466.92717
288. Current log-likelihood: -9091466.89544
289. Current log-likelihood: -9091466.86025
290. Current log-likelihood: -9091466.82851
291. Current log-likelihood: -9091466.79366
292. Current log-likelihood: -9091466.76193
293. Current log-likelihood: -9091466.72862
294. Current log-likelihood: -9091466.69344
295. Current log-likelihood: -9091466.65153
296. Current log-likelihood: -9091466.61780
297. Current log-likelihood: -9091466.58303
298. Current log-likelihood: -9091466.54940
299. Current log-likelihood: -9091466.51319
300. Current log-likelihood: -9091466.47955
301. Current log-likelihood: -9091466.44636
302. Current log-likelihood: -9091466.39914
303. Current log-likelihood: -9091466.35241
304. Current log-likelihood: -9091466.30718
305. Current log-likelihood: -9091466.26171
306. Current log-likelihood: -9091466.20762
307. Current log-likelihood: -9091466.15854
308. Current log-likelihood: -9091466.10915
309. Current log-likelihood: -9091466.06159
310. Current log-likelihood: -9091466.01415
311. Current log-likelihood: -9091465.96500
312. Current log-likelihood: -9091465.91767
313. Current log-likelihood: -9091465.86895
314. Current log-likelihood: -9091465.82144
315. Current log-likelihood: -9091465.77420
316. Current log-likelihood: -9091465.72003
317. Current log-likelihood: -9091465.66662
318. Current log-likelihood: -9091465.61692
319. Current log-likelihood: -9091465.56584
320. Current log-likelihood: -9091465.51602
321. Current log-likelihood: -9091465.46635
322. Current log-likelihood: -9091465.41654
323. Current log-likelihood: -9091465.36676
324. Current log-likelihood: -9091465.31746
325. Current log-likelihood: -9091465.26175
326. Current log-likelihood: -9091465.20556
327. Current log-likelihood: -9091465.15370
328. Current log-likelihood: -9091465.10063
329. Current log-likelihood: -9091465.04870
330. Current log-likelihood: -9091464.99583
331. Current log-likelihood: -9091464.94433
332. Current log-likelihood: -9091464.89256
333. Current log-likelihood: -9091464.84091
334. Current log-likelihood: -9091464.78917
335. Current log-likelihood: -9091464.73091
336. Current log-likelihood: -9091464.67517
337. Current log-likelihood: -9091464.61985
338. Current log-likelihood: -9091464.56577
339. Current log-likelihood: -9091464.51189
340. Current log-likelihood: -9091464.45786
341. Current log-likelihood: -9091464.40385
342. Current log-likelihood: -9091464.35036
343. Current log-likelihood: -9091464.29541
344. Current log-likelihood: -9091464.24169
345. Current log-likelihood: -9091464.18091
346. Current log-likelihood: -9091464.12310
347. Current log-likelihood: -9091464.06623
348. Current log-likelihood: -9091464.01012
349. Current log-likelihood: -9091463.95418
350. Current log-likelihood: -9091463.89660
351. Current log-likelihood: -9091463.84077
352. Current log-likelihood: -9091463.78482
353. Current log-likelihood: -9091463.72849
354. Current log-likelihood: -9091463.67275
355. Current log-likelihood: -9091463.60971
356. Current log-likelihood: -9091463.54900
357. Current log-likelihood: -9091463.49032
358. Current log-likelihood: -9091463.43197
359. Current log-likelihood: -9091463.37343
360. Current log-likelihood: -9091463.31388
361. Current log-likelihood: -9091463.25583
362. Current log-likelihood: -9091463.19760
363. Current log-likelihood: -9091463.13817
364. Current log-likelihood: -9091463.07390
365. Current log-likelihood: -9091463.01141
366. Current log-likelihood: -9091462.95088
367. Current log-likelihood: -9091462.88900
368. Current log-likelihood: -9091462.82834
369. Current log-likelihood: -9091462.76821
370. Current log-likelihood: -9091462.70660
371. Current log-likelihood: -9091462.64608
372. Current log-likelihood: -9091462.58612
373. Current log-likelihood: -9091462.52013
374. Current log-likelihood: -9091462.45598
375. Current log-likelihood: -9091462.38983
376. Current log-likelihood: -9091462.32739
377. Current log-likelihood: -9091462.26433
378. Current log-likelihood: -9091462.20162
379. Current log-likelihood: -9091462.13912
380. Current log-likelihood: -9091462.07643
381. Current log-likelihood: -9091462.01277
382. Current log-likelihood: -9091461.94467
383. Current log-likelihood: -9091461.87548
384. Current log-likelihood: -9091461.81053
385. Current log-likelihood: -9091461.74565
386. Current log-likelihood: -9091461.68022
387. Current log-likelihood: -9091461.61565
388. Current log-likelihood: -9091461.55107
389. Current log-likelihood: -9091461.48478
390. Current log-likelihood: -9091461.42056
391. Current log-likelihood: -9091461.35002
392. Current log-likelihood: -9091461.27845
393. Current log-likelihood: -9091461.21120
394. Current log-likelihood: -9091461.14401
395. Current log-likelihood: -9091461.07661
396. Current log-likelihood: -9091461.00993
397. Current log-likelihood: -9091460.94307
398. Current log-likelihood: -9091460.87577
399. Current log-likelihood: -9091460.80917
400. Current log-likelihood: -9091460.73568
401. Current log-likelihood: -9091460.66428
402. Current log-likelihood: -9091460.57772
403. Current log-likelihood: -9091460.49218
404. Current log-likelihood: -9091460.40603
405. Current log-likelihood: -9091460.32054
406. Current log-likelihood: -9091460.23505
407. Current log-likelihood: -9091460.14781
408. Current log-likelihood: -9091460.05391
409. Current log-likelihood: -9091459.96143
410. Current log-likelihood: -9091459.87246
411. Current log-likelihood: -9091459.78368
412. Current log-likelihood: -9091459.69520
413. Current log-likelihood: -9091459.60676
414. Current log-likelihood: -9091459.51656
415. Current log-likelihood: -9091459.42031
416. Current log-likelihood: -9091459.32498
417. Current log-likelihood: -9091459.23318
418. Current log-likelihood: -9091459.14158
419. Current log-likelihood: -9091459.05027
420. Current log-likelihood: -9091458.95902
421. Current log-likelihood: -9091458.86601
422. Current log-likelihood: -9091458.76686
423. Current log-likelihood: -9091458.66867
424. Current log-likelihood: -9091458.57405
425. Current log-likelihood: -9091458.47963
426. Current log-likelihood: -9091458.38551
427. Current log-likelihood: -9091458.29146
428. Current log-likelihood: -9091458.19563
429. Current log-likelihood: -9091458.09343
430. Current log-likelihood: -9091457.99233
431. Current log-likelihood: -9091457.89486
432. Current log-likelihood: -9091457.79757
433. Current log-likelihood: -9091457.70060
434. Current log-likelihood: -9091457.60370
435. Current log-likelihood: -9091457.50697
436. Current log-likelihood: -9091457.39780
437. Current log-likelihood: -9091457.29727
438. Current log-likelihood: -9091457.19697
439. Current log-likelihood: -9091457.09685
440. Current log-likelihood: -9091456.99499
441. Current log-likelihood: -9091456.89548
442. Current log-likelihood: -9091456.79595
443. Current log-likelihood: -9091456.68348
444. Current log-likelihood: -9091456.58002
445. Current log-likelihood: -9091456.47677
446. Current log-likelihood: -9091456.37370
447. Current log-likelihood: -9091456.27101
448. Current log-likelihood: -9091456.16642
449. Current log-likelihood: -9091456.06408
450. Current log-likelihood: -9091455.94847
451. Current log-likelihood: -9091455.84201
452. Current log-likelihood: -9091455.73575
453. Current log-likelihood: -9091455.62968
454. Current log-likelihood: -9091455.52402
455. Current log-likelihood: -9091455.41646
456. Current log-likelihood: -9091455.31118
457. Current log-likelihood: -9091455.19384
458. Current log-likelihood: -9091455.08436
459. Current log-likelihood: -9091454.97323
460. Current log-likelihood: -9091454.86422
461. Current log-likelihood: -9091454.75557
462. Current log-likelihood: -9091454.64702
463. Current log-likelihood: -9091454.53653
464. Current log-likelihood: -9091454.41810
465. Current log-likelihood: -9091454.30189
466. Current log-likelihood: -9091454.18952
467. Current log-likelihood: -9091454.07737
468. Current log-likelihood: -9091453.96562
469. Current log-likelihood: -9091453.85399
470. Current log-likelihood: -9091453.73282
471. Current log-likelihood: -9091453.61185
472. Current log-likelihood: -9091453.49668
473. Current log-likelihood: -9091453.38172
474. Current log-likelihood: -9091453.26720
475. Current log-likelihood: -9091453.15281
476. Current log-likelihood: -9091453.03651
477. Current log-likelihood: -9091452.91208
478. Current log-likelihood: -9091452.78999
479. Current log-likelihood: -9091452.67176
480. Current log-likelihood: -9091452.55376
481. Current log-likelihood: -9091452.43600
482. Current log-likelihood: -9091452.31866
483. Current log-likelihood: -9091452.18877
484. Current log-likelihood: -9091452.06740
485. Current log-likelihood: -9091451.94628
486. Current log-likelihood: -9091451.82545
487. Current log-likelihood: -9091451.70509
488. Current log-likelihood: -9091451.58490
489. Current log-likelihood: -9091451.45205
490. Current log-likelihood: -9091451.32790
491. Current log-likelihood: -9091451.20401
492. Current log-likelihood: -9091451.08043
493. Current log-likelihood: -9091450.95733
494. Current log-likelihood: -9091450.83220
495. Current log-likelihood: -9091450.70046
496. Current log-likelihood: -9091450.57159
497. Current log-likelihood: -9091450.44439
498. Current log-likelihood: -9091450.31781
499. Current log-likelihood: -9091450.19159
500. Current log-likelihood: -9091450.06587
501. Current log-likelihood: -9091449.92912
502. Current log-likelihood: -9091449.77519
503. Current log-likelihood: -9091449.62085
504. Current log-likelihood: -9091449.46699
505. Current log-likelihood: -9091449.31360
506. Current log-likelihood: -9091449.16064
507. Current log-likelihood: -9091448.99043
508. Current log-likelihood: -9091448.83219
509. Current log-likelihood: -9091448.67438
510. Current log-likelihood: -9091448.51702
511. Current log-likelihood: -9091448.36011
512. Current log-likelihood: -9091448.18801
513. Current log-likelihood: -9091448.02562
514. Current log-likelihood: -9091447.86409
515. Current log-likelihood: -9091447.70313
516. Current log-likelihood: -9091447.54268
517. Current log-likelihood: -9091447.37045
518. Current log-likelihood: -9091447.20110
519. Current log-likelihood: -9091447.03621
520. Current log-likelihood: -9091446.87181
521. Current log-likelihood: -9091446.70788
522. Current log-likelihood: -9091446.52871
523. Current log-likelihood: -9091446.35973
524. Current log-likelihood: -9091446.19130
525. Current log-likelihood: -9091446.02341
526. Current log-likelihood: -9091445.85605
527. Current log-likelihood: -9091445.67273
528. Current log-likelihood: -9091445.50029
529. Current log-likelihood: -9091445.32836
530. Current log-likelihood: -9091445.15699
531. Current log-likelihood: -9091444.98617
532. Current log-likelihood: -9091444.79918
533. Current log-likelihood: -9091444.62304
534. Current log-likelihood: -9091444.44755
535. Current log-likelihood: -9091444.27266
536. Current log-likelihood: -9091444.09833
537. Current log-likelihood: -9091443.90740
538. Current log-likelihood: -9091443.72764
539. Current log-likelihood: -9091443.54856
540. Current log-likelihood: -9091443.37011
541. Current log-likelihood: -9091443.19251
542. Current log-likelihood: -9091442.99672
543. Current log-likelihood: -9091442.81328
544. Current log-likelihood: -9091442.63051
545. Current log-likelihood: -9091442.44838
546. Current log-likelihood: -9091442.26713
547. Current log-likelihood: -9091442.06788
548. Current log-likelihood: -9091441.88062
549. Current log-likelihood: -9091441.69412
550. Current log-likelihood: -9091441.50830
551. Current log-likelihood: -9091441.32341
552. Current log-likelihood: -9091441.12022
553. Current log-likelihood: -9091440.92921
554. Current log-likelihood: -9091440.73899
555. Current log-likelihood: -9091440.54947
556. Current log-likelihood: -9091440.36092
557. Current log-likelihood: -9091440.15372
558. Current log-likelihood: -9091439.95892
559. Current log-likelihood: -9091439.76494
560. Current log-likelihood: -9091439.57169
561. Current log-likelihood: -9091439.37945
562. Current log-likelihood: -9091439.16818
563. Current log-likelihood: -9091438.96957
564. Current log-likelihood: -9091438.77182
565. Current log-likelihood: -9091438.57510
566. Current log-likelihood: -9091438.37902
567. Current log-likelihood: -9091438.16362
568. Current log-likelihood: -9091437.96115
569. Current log-likelihood: -9091437.75956
570. Current log-likelihood: -9091437.55907
571. Current log-likelihood: -9091437.34669
572. Current log-likelihood: -9091437.13696
573. Current log-likelihood: -9091436.93199
574. Current log-likelihood: -9091436.72810
575. Current log-likelihood: -9091436.52487
576. Current log-likelihood: -9091436.30276
577. Current log-likelihood: -9091436.09315
578. Current log-likelihood: -9091435.88449
579. Current log-likelihood: -9091435.67699
580. Current log-likelihood: -9091435.45702
581. Current log-likelihood: -9091435.24410
582. Current log-likelihood: -9091435.02785
583. Current log-likelihood: -9091434.81693
584. Current log-likelihood: -9091434.60670
585. Current log-likelihood: -9091434.38088
586. Current log-likelihood: -9091434.16411
587. Current log-likelihood: -9091433.94409
588. Current log-likelihood: -9091433.72954
589. Current log-likelihood: -9091433.50256
590. Current log-likelihood: -9091433.28240
591. Current log-likelihood: -9091433.06352
592. Current log-likelihood: -9091432.84095
593. Current log-likelihood: -9091432.61123
594. Current log-likelihood: -9091432.38765
595. Current log-likelihood: -9091432.16541
596. Current log-likelihood: -9091431.94406
597. Current log-likelihood: -9091431.72140
598. Current log-likelihood: -9091431.48074
599. Current log-likelihood: -9091431.25343
600. Current log-likelihood: -9091431.02750
601. Current log-likelihood: -9091430.80248
602. Current log-likelihood: -9091430.52720
603. Current log-likelihood: -9091430.26030
604. Current log-likelihood: -9091429.99147
605. Current log-likelihood: -9091429.72763
606. Current log-likelihood: -9091429.44651
607. Current log-likelihood: -9091429.17007
608. Current log-likelihood: -9091428.90061
609. Current log-likelihood: -9091428.63110
610. Current log-likelihood: -9091428.34524
611. Current log-likelihood: -9091428.06439
612. Current log-likelihood: -9091427.79053
613. Current log-likelihood: -9091427.51667
614. Current log-likelihood: -9091427.22598
615. Current log-likelihood: -9091426.94064
616. Current log-likelihood: -9091426.66234
617. Current log-likelihood: -9091426.38407
618. Current log-likelihood: -9091426.08856
619. Current log-likelihood: -9091425.79867
620. Current log-likelihood: -9091425.51590
621. Current log-likelihood: -9091425.23321
622. Current log-likelihood: -9091424.93283
623. Current log-likelihood: -9091424.63836
624. Current log-likelihood: -9091424.35109
625. Current log-likelihood: -9091424.05012
626. Current log-likelihood: -9091423.75320
627. Current log-likelihood: -9091423.46214
628. Current log-likelihood: -9091423.17113
629. Current log-likelihood: -9091422.85868
630. Current log-likelihood: -9091422.56152
631. Current log-likelihood: -9091422.26482
632. Current log-likelihood: -9091421.95568
633. Current log-likelihood: -9091421.64908
634. Current log-likelihood: -9091421.34975
635. Current log-likelihood: -9091421.05071
636. Current log-likelihood: -9091420.73385
637. Current log-likelihood: -9091420.42337
638. Current log-likelihood: -9091420.11973
639. Current log-likelihood: -9091419.80180
640. Current log-likelihood: -9091419.48933
641. Current log-likelihood: -9091419.17841
642. Current log-likelihood: -9091418.87147
643. Current log-likelihood: -9091418.54613
644. Current log-likelihood: -9091418.22940
645. Current log-likelihood: -9091417.91426
646. Current log-likelihood: -9091417.58821
647. Current log-likelihood: -9091417.26742
648. Current log-likelihood: -9091416.95150
649. Current log-likelihood: -9091416.63621
650. Current log-likelihood: -9091416.29982
651. Current log-likelihood: -9091415.97781
652. Current log-likelihood: -9091415.65457
653. Current log-likelihood: -9091415.31943
654. Current log-likelihood: -9091414.98810
655. Current log-likelihood: -9091414.66389
656. Current log-likelihood: -9091414.32522
657. Current log-likelihood: -9091413.99227
658. Current log-likelihood: -9091413.66158
659. Current log-likelihood: -9091413.31956
660. Current log-likelihood: -9091412.98290
661. Current log-likelihood: -9091412.65131
662. Current log-likelihood: -9091412.30511
663. Current log-likelihood: -9091411.96476
664. Current log-likelihood: -9091411.62674
665. Current log-likelihood: -9091411.27708
666. Current log-likelihood: -9091410.93305
667. Current log-likelihood: -9091410.59308
668. Current log-likelihood: -9091410.23957
669. Current log-likelihood: -9091409.89180
670. Current log-likelihood: -9091409.54644
671. Current log-likelihood: -9091409.18903
672. Current log-likelihood: -9091408.83756
673. Current log-likelihood: -9091408.49027
674. Current log-likelihood: -9091408.12896
675. Current log-likelihood: -9091407.77164
676. Current log-likelihood: -9091407.42177
677. Current log-likelihood: -9091407.05613
678. Current log-likelihood: -9091406.69719
679. Current log-likelihood: -9091406.34080
680. Current log-likelihood: -9091405.97158
681. Current log-likelihood: -9091405.60886
682. Current log-likelihood: -9091405.25047
683. Current log-likelihood: -9091404.87732
684. Current log-likelihood: -9091404.50871
685. Current log-likelihood: -9091404.14769
686. Current log-likelihood: -9091403.77017
687. Current log-likelihood: -9091403.39993
688. Current log-likelihood: -9091403.03234
689. Current log-likelihood: -9091402.65118
690. Current log-likelihood: -9091402.27705
691. Current log-likelihood: -9091401.90745
692. Current log-likelihood: -9091401.52232
693. Current log-likelihood: -9091401.14228
694. Current log-likelihood: -9091400.77001
695. Current log-likelihood: -9091400.38046
696. Current log-likelihood: -9091399.99875
697. Current log-likelihood: -9091399.61986
698. Current log-likelihood: -9091399.22660
699. Current log-likelihood: -9091398.84103
700. Current log-likelihood: -9091398.45829
701. Current log-likelihood: -9091398.06104
702. Current log-likelihood: -9091397.62408
703. Current log-likelihood: -9091397.18833
704. Current log-likelihood: -9091396.73241
705. Current log-likelihood: -9091396.28451
706. Current log-likelihood: -9091395.84490
707. Current log-likelihood: -9091395.38275
708. Current log-likelihood: -9091394.92997
709. Current log-likelihood: -9091394.48568
710. Current log-likelihood: -9091394.01807
711. Current log-likelihood: -9091393.56035
712. Current log-likelihood: -9091393.11123
713. Current log-likelihood: -9091392.63827
714. Current log-likelihood: -9091392.17557
715. Current log-likelihood: -9091391.72159
716. Current log-likelihood: -9091391.24131
717. Current log-likelihood: -9091390.77637
718. Current log-likelihood: -9091390.31753
719. Current log-likelihood: -9091389.83181
720. Current log-likelihood: -9091389.36206
721. Current log-likelihood: -9091388.89617
722. Current log-likelihood: -9091388.40710
723. Current log-likelihood: -9091387.93021
724. Current log-likelihood: -9091387.44259
725. Current log-likelihood: -9091386.96277
726. Current log-likelihood: -9091386.48738
727. Current log-likelihood: -9091385.99067
728. Current log-likelihood: -9091385.50677
729. Current log-likelihood: -9091385.02733
730. Current log-likelihood: -9091384.52426
731. Current log-likelihood: -9091384.03384
732. Current log-likelihood: -9091383.53211
733. Current log-likelihood: -9091383.03876
734. Current log-likelihood: -9091382.55010
735. Current log-likelihood: -9091382.03900
736. Current log-likelihood: -9091381.53994
737. Current log-likelihood: -9091381.02946
738. Current log-likelihood: -9091380.52760
739. Current log-likelihood: -9091380.03055
740. Current log-likelihood: -9091379.51043
741. Current log-likelihood: -9091379.00287
742. Current log-likelihood: -9091378.48348
743. Current log-likelihood: -9091377.97312
744. Current log-likelihood: -9091377.46771
745. Current log-likelihood: -9091376.93850
746. Current log-likelihood: -9091376.42243
747. Current log-likelihood: -9091375.89410
748. Current log-likelihood: -9091375.37520
749. Current log-likelihood: -9091374.86143
750. Current log-likelihood: -9091374.32310
751. Current log-likelihood: -9091373.79851
752. Current log-likelihood: -9091373.26120
753. Current log-likelihood: -9091372.73377
754. Current log-likelihood: -9091372.19368
755. Current log-likelihood: -9091371.66095
756. Current log-likelihood: -9091371.13709
757. Current log-likelihood: -9091370.58427
758. Current log-likelihood: -9091370.04966
759. Current log-likelihood: -9091369.49980
760. Current log-likelihood: -9091368.95872
761. Current log-likelihood: -9091368.40591
762. Current log-likelihood: -9091367.86279
763. Current log-likelihood: -9091367.30511
764. Current log-likelihood: -9091366.75857
765. Current log-likelihood: -9091366.19878
766. Current log-likelihood: -9091365.64875
767. Current log-likelihood: -9091365.08387
768. Current log-likelihood: -9091364.53042
769. Current log-likelihood: -9091363.96344
770. Current log-likelihood: -9091363.40694
771. Current log-likelihood: -9091362.83559
772. Current log-likelihood: -9091362.27519
773. Current log-likelihood: -9091361.69949
774. Current log-likelihood: -9091361.13574
775. Current log-likelihood: -9091360.55795
776. Current log-likelihood: -9091359.99104
777. Current log-likelihood: -9091359.40890
778. Current log-likelihood: -9091358.83818
779. Current log-likelihood: -9091358.25166
780. Current log-likelihood: -9091357.67756
781. Current log-likelihood: -9091357.08898
782. Current log-likelihood: -9091356.50963
783. Current log-likelihood: -9091355.91741
784. Current log-likelihood: -9091355.33631
785. Current log-likelihood: -9091354.73906
786. Current log-likelihood: -9091354.15458
787. Current log-likelihood: -9091353.55521
788. Current log-likelihood: -9091352.96841
789. Current log-likelihood: -9091352.36340
790. Current log-likelihood: -9091351.77377
791. Current log-likelihood: -9091351.16532
792. Current log-likelihood: -9091350.57079
793. Current log-likelihood: -9091349.95903
794. Current log-likelihood: -9091349.36086
795. Current log-likelihood: -9091348.74711
796. Current log-likelihood: -9091348.14368
797. Current log-likelihood: -9091347.52635
798. Current log-likelihood: -9091346.91948
799. Current log-likelihood: -9091346.29859
800. Current log-likelihood: -9091345.69041
801. Current log-likelihood: -9091345.06525
802. Current log-likelihood: -9091344.39269
803. Current log-likelihood: -9091343.69086
804. Current log-likelihood: -9091343.00817
805. Current log-likelihood: -9091342.30039
806. Current log-likelihood: -9091341.61382
807. Current log-likelihood: -9091340.90135
808. Current log-likelihood: -9091340.21076
809. Current log-likelihood: -9091339.49420
810. Current log-likelihood: -9091338.79884
811. Current log-likelihood: -9091338.07574
812. Current log-likelihood: -9091337.37477
813. Current log-likelihood: -9091336.65004
814. Current log-likelihood: -9091335.94550
815. Current log-likelihood: -9091335.21589
816. Current log-likelihood: -9091334.50882
817. Current log-likelihood: -9091333.77448
818. Current log-likelihood: -9091333.06172
819. Current log-likelihood: -9091332.32354
820. Current log-likelihood: -9091331.60695
821. Current log-likelihood: -9091330.86423
822. Current log-likelihood: -9091330.14551
823. Current log-likelihood: -9091329.39765
824. Current log-likelihood: -9091328.67391
825. Current log-likelihood: -9091327.92056
826. Current log-likelihood: -9091327.19161
827. Current log-likelihood: -9091326.43625
828. Current log-likelihood: -9091325.70333
829. Current log-likelihood: -9091324.94639
830. Current log-likelihood: -9091324.21075
831. Current log-likelihood: -9091323.44467
832. Current log-likelihood: -9091322.70346
833. Current log-likelihood: -9091321.93861
834. Current log-likelihood: -9091321.19517
835. Current log-likelihood: -9091320.42058
836. Current log-likelihood: -9091319.67166
837. Current log-likelihood: -9091318.89834
838. Current log-likelihood: -9091318.14700
839. Current log-likelihood: -9091317.36398
840. Current log-likelihood: -9091316.60751
841. Current log-likelihood: -9091315.82582
842. Current log-likelihood: -9091315.06691
843. Current log-likelihood: -9091314.27558
844. Current log-likelihood: -9091313.51135
845. Current log-likelihood: -9091312.71776
846. Current log-likelihood: -9091311.95016
847. Current log-likelihood: -9091311.15558
848. Current log-likelihood: -9091310.38540
849. Current log-likelihood: -9091309.58251
850. Current log-likelihood: -9091308.80680
851. Current log-likelihood: -9091308.00112
852. Current log-likelihood: -9091307.22386
853. Current log-likelihood: -9091306.41442
854. Current log-likelihood: -9091305.63161
855. Current log-likelihood: -9091304.82013
856. Current log-likelihood: -9091304.03482
857. Current log-likelihood: -9091303.21328
858. Current log-likelihood: -9091302.42781
859. Current log-likelihood: -9091301.60603
860. Current log-likelihood: -9091300.81121
861. Current log-likelihood: -9091299.98831
862. Current log-likelihood: -9091299.19083
863. Current log-likelihood: -9091298.36276
864. Current log-likelihood: -9091297.56367
865. Current log-likelihood: -9091296.72873
866. Current log-likelihood: -9091295.92698
867. Current log-likelihood: -9091295.08914
868. Current log-likelihood: -9091294.28448
869. Current log-likelihood: -9091293.44192
870. Current log-likelihood: -9091292.63211
871. Current log-likelihood: -9091291.78820
872. Current log-likelihood: -9091290.97528
873. Current log-likelihood: -9091290.12733
874. Current log-likelihood: -9091289.31125
875. Current log-likelihood: -9091288.45701
876. Current log-likelihood: -9091287.64011
877. Current log-likelihood: -9091286.78328
878. Current log-likelihood: -9091285.96210
879. Current log-likelihood: -9091285.10106
880. Current log-likelihood: -9091284.27604
881. Current log-likelihood: -9091283.41216
882. Current log-likelihood: -9091282.58455
883. Current log-likelihood: -9091281.71685
884. Current log-likelihood: -9091280.88536
885. Current log-likelihood: -9091280.01471
886. Current log-likelihood: -9091279.18060
887. Current log-likelihood: -9091278.30573
888. Current log-likelihood: -9091277.46807
889. Current log-likelihood: -9091276.59052
890. Current log-likelihood: -9091275.75141
891. Current log-likelihood: -9091274.86940
892. Current log-likelihood: -9091274.02590
893. Current log-likelihood: -9091273.14061
894. Current log-likelihood: -9091272.29553
895. Current log-likelihood: -9091271.40849
896. Current log-likelihood: -9091270.55821
897. Current log-likelihood: -9091269.66846
898. Current log-likelihood: -9091268.81647
899. Current log-likelihood: -9091267.92246
900. Current log-likelihood: -9091267.06814
901. Current log-likelihood: -9091266.16845
902. Current log-likelihood: -9091265.24186
903. Current log-likelihood: -9091264.25260
904. Current log-likelihood: -9091263.27642
905. Current log-likelihood: -9091262.32820
906. Current log-likelihood: -9091261.33305
907. Current log-likelihood: -9091260.34928
908. Current log-likelihood: -9091259.39737
909. Current log-likelihood: -9091258.39610
910. Current log-likelihood: -9091257.40855
911. Current log-likelihood: -9091256.45159
912. Current log-likelihood: -9091255.44605
913. Current log-likelihood: -9091254.45249
914. Current log-likelihood: -9091253.49143
915. Current log-likelihood: -9091252.48182
916. Current log-likelihood: -9091251.48423
917. Current log-likelihood: -9091250.51806
918. Current log-likelihood: -9091249.50508
919. Current log-likelihood: -9091248.50130
920. Current log-likelihood: -9091247.53235
921. Current log-likelihood: -9091246.51593
922. Current log-likelihood: -9091245.50778
923. Current log-likelihood: -9091244.53492
924. Current log-likelihood: -9091243.51206
925. Current log-likelihood: -9091242.50200
926. Current log-likelihood: -9091241.52422
927. Current log-likelihood: -9091240.49724
928. Current log-likelihood: -9091239.48304
929. Current log-likelihood: -9091238.46902
930. Current log-likelihood: -9091237.48079
931. Current log-likelihood: -9091236.45291
932. Current log-likelihood: -9091235.43308
933. Current log-likelihood: -9091234.41196
934. Current log-likelihood: -9091233.42535
935. Current log-likelihood: -9091232.39000
936. Current log-likelihood: -9091231.36295
937. Current log-likelihood: -9091230.33875
938. Current log-likelihood: -9091229.34780
939. Current log-likelihood: -9091228.30560
940. Current log-likelihood: -9091227.27693
941. Current log-likelihood: -9091226.24832
942. Current log-likelihood: -9091225.24947
943. Current log-likelihood: -9091224.20596
944. Current log-likelihood: -9091223.17315
945. Current log-likelihood: -9091222.14051
946. Current log-likelihood: -9091221.10435
947. Current log-likelihood: -9091220.07003
948. Current log-likelihood: -9091219.07029
949. Current log-likelihood: -9091218.02000
950. Current log-likelihood: -9091216.97934
951. Current log-likelihood: -9091215.94277
952. Current log-likelihood: -9091214.90418
953. Current log-likelihood: -9091213.86506
954. Current log-likelihood: -9091212.82289
955. Current log-likelihood: -9091211.78222
956. Current log-likelihood: -9091210.74098
957. Current log-likelihood: -9091209.69906
958. Current log-likelihood: -9091208.65647
959. Current log-likelihood: -9091207.61084
960. Current log-likelihood: -9091206.56715
961. Current log-likelihood: -9091205.52269
962. Current log-likelihood: -9091204.47768
963. Current log-likelihood: -9091203.43211
964. Current log-likelihood: -9091202.38601
965. Current log-likelihood: -9091201.33941
966. Current log-likelihood: -9091200.29232
967. Current log-likelihood: -9091199.24479
968. Current log-likelihood: -9091198.19677
969. Current log-likelihood: -9091197.14836
970. Current log-likelihood: -9091196.13681
971. Current log-likelihood: -9091195.07187
972. Current log-likelihood: -9091194.02074
973. Current log-likelihood: -9091192.97139
974. Current log-likelihood: -9091191.92170
975. Current log-likelihood: -9091190.87185
976. Current log-likelihood: -9091189.85722
977. Current log-likelihood: -9091188.79217
978. Current log-likelihood: -9091187.74023
979. Current log-likelihood: -9091186.68865
980. Current log-likelihood: -9091185.63784
981. Current log-likelihood: -9091184.58552
982. Current log-likelihood: -9091183.53431
983. Current log-likelihood: -9091182.48197
984. Current log-likelihood: -9091181.43071
985. Current log-likelihood: -9091180.37838
986. Current log-likelihood: -9091179.32717
987. Current log-likelihood: -9091178.27589
988. Current log-likelihood: -9091177.22525
989. Current log-likelihood: -9091176.17453
990. Current log-likelihood: -9091175.15794
991. Current log-likelihood: -9091174.09327
992. Current log-likelihood: -9091173.04283
993. Current log-likelihood: -9091171.99301
994. Current log-likelihood: -9091170.94333
995. Current log-likelihood: -9091169.89430
996. Current log-likelihood: -9091168.84537
997. Current log-likelihood: -9091167.79685
998. Current log-likelihood: -9091166.74879
999. Current log-likelihood: -9091165.70087
1000. Current log-likelihood: -9091164.65374
1001. Current log-likelihood: -9091163.60717
1002. Current log-likelihood: -9091162.49999
1003. Current log-likelihood: -9091161.36825
1004. Current log-likelihood: -9091160.23690
1005. Current log-likelihood: -9091159.10665
1006. Current log-likelihood: -9091157.97710
1007. Current log-likelihood: -9091156.84838
1008. Current log-likelihood: -9091155.72051
1009. Current log-likelihood: -9091154.59352
1010. Current log-likelihood: -9091153.46748
1011. Current log-likelihood: -9091152.34243
1012. Current log-likelihood: -9091151.21841
1013. Current log-likelihood: -9091150.09543
1014. Current log-likelihood: -9091148.97355
1015. Current log-likelihood: -9091147.85276
1016. Current log-likelihood: -9091146.73410
1017. Current log-likelihood: -9091145.61629
1018. Current log-likelihood: -9091144.49973
1019. Current log-likelihood: -9091143.38443
1020. Current log-likelihood: -9091142.27048
1021. Current log-likelihood: -9091141.15785
1022. Current log-likelihood: -9091140.04662
1023. Current log-likelihood: -9091138.93683
1024. Current log-likelihood: -9091137.82851
1025. Current log-likelihood: -9091136.72168
1026. Current log-likelihood: -9091135.61639
1027. Current log-likelihood: -9091134.51176
1028. Current log-likelihood: -9091133.40906
1029. Current log-likelihood: -9091132.30802
1030. Current log-likelihood: -9091131.20934
1031. Current log-likelihood: -9091130.11161
1032. Current log-likelihood: -9091129.01565
1033. Current log-likelihood: -9091127.92143
1034. Current log-likelihood: -9091126.82995
1035. Current log-likelihood: -9091125.73927
1036. Current log-likelihood: -9091124.65054
1037. Current log-likelihood: -9091123.56472
1038. Current log-likelihood: -9091122.47970
1039. Current log-likelihood: -9091121.39718
1040. Current log-likelihood: -9091120.31705
1041. Current log-likelihood: -9091119.23795
1042. Current log-likelihood: -9091118.16137
1043. Current log-likelihood: -9091117.08686
1044. Current log-likelihood: -9091116.01483
1045. Current log-likelihood: -9091114.94427
1046. Current log-likelihood: -9091113.87681
1047. Current log-likelihood: -9091112.81075
1048. Current log-likelihood: -9091111.74780
1049. Current log-likelihood: -9091110.68621
1050. Current log-likelihood: -9091109.62789
1051. Current log-likelihood: -9091108.57097
1052. Current log-likelihood: -9091107.51729
1053. Current log-likelihood: -9091106.46524
1054. Current log-likelihood: -9091105.41644
1055. Current log-likelihood: -9091104.36933
1056. Current log-likelihood: -9091103.32523
1057. Current log-likelihood: -9091102.28436
1058. Current log-likelihood: -9091101.24517
1059. Current log-likelihood: -9091100.20854
1060. Current log-likelihood: -9091099.17545
1061. Current log-likelihood: -9091098.14422
1062. Current log-likelihood: -9091097.11556
1063. Current log-likelihood: -9091096.09052
1064. Current log-likelihood: -9091095.06730
1065. Current log-likelihood: -9091094.04753
1066. Current log-likelihood: -9091093.03152
1067. Current log-likelihood: -9091092.01703
1068. Current log-likelihood: -9091091.00559
1069. Current log-likelihood: -9091089.99689
1070. Current log-likelihood: -9091088.99119
1071. Current log-likelihood: -9091087.98822
1072. Current log-likelihood: -9091086.98795
1073. Current log-likelihood: -9091085.99119
1074. Current log-likelihood: -9091084.99752
1075. Current log-likelihood: -9091084.00680
1076. Current log-likelihood: -9091083.01915
1077. Current log-likelihood: -9091082.03464
1078. Current log-likelihood: -9091081.05360
1079. Current log-likelihood: -9091080.07719
1080. Current log-likelihood: -9091079.10135
1081. Current log-likelihood: -9091078.12974
1082. Current log-likelihood: -9091077.16136
1083. Current log-likelihood: -9091076.19609
1084. Current log-likelihood: -9091075.23418
1085. Current log-likelihood: -9091074.27585
1086. Current log-likelihood: -9091073.32225
1087. Current log-likelihood: -9091072.37029
1088. Current log-likelihood: -9091071.42184
1089. Current log-likelihood: -9091070.47670
1090. Current log-likelihood: -9091069.53504
1091. Current log-likelihood: -9091068.59870
1092. Current log-likelihood: -9091067.66390
1093. Current log-likelihood: -9091066.73277
1094. Current log-likelihood: -9091065.80502
1095. Current log-likelihood: -9091064.88217
1096. Current log-likelihood: -9091063.96317
1097. Current log-likelihood: -9091063.04717
1098. Current log-likelihood: -9091062.13405
1099. Current log-likelihood: -9091061.22410
1100. Current log-likelihood: -9091060.32013
1101. Current log-likelihood: -9091059.41712
1102. Current log-likelihood: -9091058.48425
1103. Current log-likelihood: -9091057.53007
1104. Current log-likelihood: -9091056.58064
1105. Current log-likelihood: -9091055.63688
1106. Current log-likelihood: -9091054.69601
1107. Current log-likelihood: -9091053.75922
1108. Current log-likelihood: -9091052.82668
1109. Current log-likelihood: -9091051.90041
1110. Current log-likelihood: -9091050.97606
1111. Current log-likelihood: -9091050.05709
1112. Current log-likelihood: -9091049.14231
1113. Current log-likelihood: -9091048.23359
1114. Current log-likelihood: -9091047.32709
1115. Current log-likelihood: -9091046.42711
1116. Current log-likelihood: -9091045.53012
1117. Current log-likelihood: -9091044.63939
1118. Current log-likelihood: -9091043.75258
1119. Current log-likelihood: -9091042.86905
1120. Current log-likelihood: -9091041.99198
1121. Current log-likelihood: -9091041.11763
1122. Current log-likelihood: -9091040.24814
1123. Current log-likelihood: -9091039.38406
1124. Current log-likelihood: -9091038.52588
1125. Current log-likelihood: -9091037.67006
1126. Current log-likelihood: -9091036.81853
1127. Current log-likelihood: -9091035.97450
1128. Current log-likelihood: -9091035.13252
1129. Current log-likelihood: -9091034.29491
1130. Current log-likelihood: -9091033.46502
1131. Current log-likelihood: -9091032.63703
1132. Current log-likelihood: -9091031.81344
1133. Current log-likelihood: -9091030.99730
1134. Current log-likelihood: -9091030.18340
1135. Current log-likelihood: -9091029.37390
1136. Current log-likelihood: -9091028.57176
1137. Current log-likelihood: -9091027.77198
1138. Current log-likelihood: -9091026.97659
1139. Current log-likelihood: -9091026.18852
1140. Current log-likelihood: -9091025.40236
1141. Current log-likelihood: -9091024.62411
1142. Current log-likelihood: -9091023.84740
1143. Current log-likelihood: -9091023.07651
1144. Current log-likelihood: -9091022.31177
1145. Current log-likelihood: -9091021.54909
1146. Current log-likelihood: -9091020.79431
1147. Current log-likelihood: -9091020.04114
1148. Current log-likelihood: -9091019.29321
1149. Current log-likelihood: -9091018.55204
1150. Current log-likelihood: -9091017.81268
1151. Current log-likelihood: -9091017.08145
1152. Current log-likelihood: -9091016.35251
1153. Current log-likelihood: -9091015.63056
1154. Current log-likelihood: -9091014.91020
1155. Current log-likelihood: -9091014.19586
1156. Current log-likelihood: -9091013.48747
1157. Current log-likelihood: -9091012.78245
1158. Current log-likelihood: -9091012.08368
1159. Current log-likelihood: -9091011.38782
1160. Current log-likelihood: -9091010.69850
1161. Current log-likelihood: -9091010.01099
1162. Current log-likelihood: -9091009.33096
1163. Current log-likelihood: -9091008.65361
1164. Current log-likelihood: -9091007.98338
1165. Current log-likelihood: -9091007.31481
1166. Current log-likelihood: -9091006.65329
1167. Current log-likelihood: -9091005.99433
1168. Current log-likelihood: -9091005.34201
1169. Current log-likelihood: -9091004.69190
1170. Current log-likelihood: -9091004.04868
1171. Current log-likelihood: -9091003.40806
1172. Current log-likelihood: -9091002.77401
1173. Current log-likelihood: -9091002.14251
1174. Current log-likelihood: -9091001.51750
1175. Current log-likelihood: -9091000.89508
1176. Current log-likelihood: -9091000.27906
1177. Current log-likelihood: -9090999.66570
1178. Current log-likelihood: -9090999.05865
1179. Current log-likelihood: -9090998.45413
1180. Current log-likelihood: -9090997.85608
1181. Current log-likelihood: -9090997.27081
1182. Current log-likelihood: -9090996.69856
1183. Current log-likelihood: -9090996.10849
1184. Current log-likelihood: -9090995.54220
1185. Current log-likelihood: -9090994.96219
1186. Current log-likelihood: -9090994.39117
1187. Current log-likelihood: -9090993.82218
1188. Current log-likelihood: -9090993.25955
1189. Current log-likelihood: -9090992.71023
1190. Current log-likelihood: -9090992.15466
1191. Current log-likelihood: -9090991.60543
1192. Current log-likelihood: -9090991.06832
1193. Current log-likelihood: -9090990.52602
1194. Current log-likelihood: -9090989.98692
1195. Current log-likelihood: -9090989.45435
1196. Current log-likelihood: -9090988.93386
1197. Current log-likelihood: -9090988.40837
1198. Current log-likelihood: -9090987.88877
1199. Current log-likelihood: -9090987.37113
1200. Current log-likelihood: -9090986.85950
1201. Current log-likelihood: -9090986.35040
1202. Current log-likelihood: -9090985.83524
1203. Current log-likelihood: -9090985.30767
1204. Current log-likelihood: -9090984.78729
1205. Current log-likelihood: -9090984.27168
1206. Current log-likelihood: -9090983.75839
1207. Current log-likelihood: -9090983.25144
1208. Current log-likelihood: -9090982.74733
1209. Current log-likelihood: -9090982.24919
1210. Current log-likelihood: -9090981.75293
1211. Current log-likelihood: -9090981.26360
1212. Current log-likelihood: -9090980.77878
1213. Current log-likelihood: -9090980.29534
1214. Current log-likelihood: -9090979.81903
1215. Current log-likelihood: -9090979.34416
1216. Current log-likelihood: -9090978.87626
1217. Current log-likelihood: -9090978.41313
1218. Current log-likelihood: -9090977.95091
1219. Current log-likelihood: -9090977.49563
1220. Current log-likelihood: -9090977.04174
1221. Current log-likelihood: -9090976.59466
1222. Current log-likelihood: -9090976.15222
1223. Current log-likelihood: -9090975.71062
1224. Current log-likelihood: -9090975.27605
1225. Current log-likelihood: -9090974.84308
1226. Current log-likelihood: -9090974.41610
1227. Current log-likelihood: -9090973.99347
1228. Current log-likelihood: -9090973.57205
1229. Current log-likelihood: -9090973.15714
1230. Current log-likelihood: -9090972.74624
1231. Current log-likelihood: -9090972.33706
1232. Current log-likelihood: -9090971.93356
1233. Current log-likelihood: -9090971.53442
1234. Current log-likelihood: -9090971.13563
1235. Current log-likelihood: -9090970.74376
1236. Current log-likelihood: -9090970.35590
1237. Current log-likelihood: -9090969.96826
1238. Current log-likelihood: -9090969.58753
1239. Current log-likelihood: -9090969.21067
1240. Current log-likelihood: -9090968.83399
1241. Current log-likelihood: -9090968.46411
1242. Current log-likelihood: -9090968.09799
1243. Current log-likelihood: -9090967.73205
1244. Current log-likelihood: -9090967.37278
1245. Current log-likelihood: -9090967.01716
1246. Current log-likelihood: -9090966.66173
1247. Current log-likelihood: -9090966.31281
1248. Current log-likelihood: -9090960.28344
1249. Current log-likelihood: -9090957.78184
1250. Current log-likelihood: -9090955.78261
1251. Current log-likelihood: -9090953.96631
1252. Current log-likelihood: -9090952.23485
1253. Current log-likelihood: -9090950.53966
1254. Current log-likelihood: -9090948.88648
1255. Current log-likelihood: -9090947.25473
1256. Current log-likelihood: -9090945.65575
1257. Current log-likelihood: -9090944.09625
1258. Current log-likelihood: -9090942.56209
1259. Current log-likelihood: -9090941.04937
1260. Current log-likelihood: -9090939.56865
1261. Current log-likelihood: -9090938.11948
1262. Current log-likelihood: -9090936.70041
1263. Current log-likelihood: -9090935.29431
1264. Current log-likelihood: -9090933.93531
1265. Current log-likelihood: -9090932.58394
1266. Current log-likelihood: -9090931.28045
1267. Current log-likelihood: -9090929.98421
1268. Current log-likelihood: -9090928.73796
1269. Current log-likelihood: -9090927.49411
1270. Current log-likelihood: -9090926.27781
1271. Current log-likelihood: -9090925.08951
1272. Current log-likelihood: -9090923.92603
1273. Current log-likelihood: -9090922.78793
1274. Current log-likelihood: -9090921.67538
1275. Current log-likelihood: -9090920.58976
1276. Current log-likelihood: -9090919.52799
1277. Current log-likelihood: -9090918.49060
1278. Current log-likelihood: -9090917.47988
1279. Current log-likelihood: -9090916.49545
1280. Current log-likelihood: -9090915.53325
1281. Current log-likelihood: -9090914.59772
1282. Current log-likelihood: -9090913.68915
1283. Current log-likelihood: -9090912.80367
1284. Current log-likelihood: -9090911.94489
1285. Current log-likelihood: -9090911.10923
1286. Current log-likelihood: -9090910.29783
1287. Current log-likelihood: -9090909.51200
1288. Current log-likelihood: -9090908.74688
1289. Current log-likelihood: -9090908.00637
1290. Current log-likelihood: -9090907.28727
1291. Current log-likelihood: -9090906.59392
1292. Current log-likelihood: -9090905.91932
1293. Current log-likelihood: -9090905.26824
1294. Current log-likelihood: -9090904.63812
1295. Current log-likelihood: -9090904.02774
1296. Current log-likelihood: -9090903.43447
1297. Current log-likelihood: -9090902.86517
1298. Current log-likelihood: -9090902.31524
1299. Current log-likelihood: -9090901.78443
1300. Current log-likelihood: -9090901.26863
1301. Current log-likelihood: -9090900.77210
1302. Current log-likelihood: -9090900.29327
1303. Current log-likelihood: -9090899.82225
1304. Current log-likelihood: -9090899.37117
1305. Current log-likelihood: -9090898.93662
1306. Current log-likelihood: -9090898.51734
1307. Current log-likelihood: -9090898.10975
1308. Current log-likelihood: -9090897.71865
1309. Current log-likelihood: -9090897.34115
1310. Current log-likelihood: -9090896.97706
1311. Current log-likelihood: -9090896.62258
1312. Current log-likelihood: -9090896.28392
1313. Current log-likelihood: -9090895.95764
1314. Current log-likelihood: -9090895.64262
1315. Current log-likelihood: -9090895.33554
1316. Current log-likelihood: -9090895.04116
1317. Current log-likelihood: -9090894.75624
1318. Current log-likelihood: -9090894.48084
1319. Current log-likelihood: -9090894.21178
1320. Current log-likelihood: -9090893.95320
1321. Current log-likelihood: -9090893.70219
1322. Current log-likelihood: -9090893.46024
1323. Current log-likelihood: -9090893.22199
1324. Current log-likelihood: -9090892.99297
1325. Current log-likelihood: -9090892.77230
1326. Current log-likelihood: -9090892.55779
1327. Current log-likelihood: -9090892.34932
1328. Current log-likelihood: -9090892.14382
1329. Current log-likelihood: -9090891.94540
1330. Current log-likelihood: -9090891.75270
1331. Current log-likelihood: -9090891.56628
1332. Current log-likelihood: -9090891.38083
1333. Current log-likelihood: -9090891.20211
1334. Current log-likelihood: -9090891.02879
1335. Current log-likelihood: -9090890.85917
1336. Current log-likelihood: -9090890.69403
1337. Current log-likelihood: -9090890.53023
1338. Current log-likelihood: -9090890.37272
1339. Current log-likelihood: -9090890.21889
1340. Current log-likelihood: -9090890.06888
1341. Current log-likelihood: -9090889.92175
1342. Current log-likelihood: -9090889.77505
1343. Current log-likelihood: -9090889.63383
1344. Current log-likelihood: -9090889.49546
1345. Current log-likelihood: -9090889.36001
1346. Current log-likelihood: -9090889.23041
1347. Current log-likelihood: -9090889.10592
1348. Current log-likelihood: -9090888.98084
1349. Current log-likelihood: -9090888.86187
1350. Current log-likelihood: -9090888.74460
1351. Current log-likelihood: -9090888.62950
1352. Current log-likelihood: -9090888.51592
1353. Current log-likelihood: -9090888.40076
1354. Current log-likelihood: -9090888.30888
1355. Current log-likelihood: -9090888.19750
1356. Current log-likelihood: -9090888.06956
1357. Current log-likelihood: -9090887.98040
1358. Current log-likelihood: -9090887.87410
1359. Current log-likelihood: -9090887.75155
1360. Current log-likelihood: -9090887.66263
1361. Current log-likelihood: -9090887.55958
1362. Current log-likelihood: -9090887.45876
1363. Current log-likelihood: -9090887.37716
1364. Current log-likelihood: -9090887.27744
1365. Current log-likelihood: -9090887.19859
1366. Current log-likelihood: -9090887.10027
1367. Current log-likelihood: -9090887.00225
1368. Current log-likelihood: -9090886.92528
1369. Current log-likelihood: -9090886.83081
1370. Current log-likelihood: -9090886.75543
1371. Current log-likelihood: -9090886.66329
1372. Current log-likelihood: -9090886.59012
1373. Current log-likelihood: -9090886.50009
1374. Current log-likelihood: -9090886.42837
1375. Current log-likelihood: -9090886.33655
1376. Current log-likelihood: -9090886.26765
1377. Current log-likelihood: -9090886.18090
1378. Current log-likelihood: -9090886.11241
1379. Current log-likelihood: -9090886.02792
1380. Current log-likelihood: -9090885.96139
1381. Current log-likelihood: -9090885.87896
1382. Current log-likelihood: -9090885.81398
1383. Current log-likelihood: -9090885.73036
1384. Current log-likelihood: -9090885.66667
1385. Current log-likelihood: -9090885.58749
1386. Current log-likelihood: -9090885.52541
1387. Current log-likelihood: -9090885.44816
1388. Current log-likelihood: -9090885.38759
1389. Current log-likelihood: -9090885.31207
1390. Current log-likelihood: -9090885.25254
1391. Current log-likelihood: -9090885.17882
1392. Current log-likelihood: -9090885.11820
1393. Current log-likelihood: -9090885.04525
1394. Current log-likelihood: -9090884.98891
1395. Current log-likelihood: -9090884.91807
1396. Current log-likelihood: -9090884.86292
1397. Current log-likelihood: -9090884.79415
1398. Current log-likelihood: -9090884.73918
1399. Current log-likelihood: -9090884.67230
1400. Current log-likelihood: -9090884.61889
1401. Current log-likelihood: -9090884.54989
1402. Current log-likelihood: -9090884.49800
1403. Current log-likelihood: -9090884.43193
1404. Current log-likelihood: -9090884.37944
1405. Current log-likelihood: -9090884.31434
1406. Current log-likelihood: -9090884.26397
1407. Current log-likelihood: -9090884.20093
1408. Current log-likelihood: -9090884.15065
1409. Current log-likelihood: -9090884.08936
1410. Current log-likelihood: -9090884.04062
1411. Current log-likelihood: -9090883.97694
1412. Current log-likelihood: -9090883.93002
1413. Current log-likelihood: -9090883.87102
1414. Current log-likelihood: -9090883.82445
1415. Current log-likelihood: -9090883.76618
1416. Current log-likelihood: -9090883.72143
1417. Current log-likelihood: -9090883.66529
1418. Current log-likelihood: -9090883.62100
1419. Current log-likelihood: -9090883.56627
1420. Current log-likelihood: -9090883.52283
1421. Current log-likelihood: -9090883.46545
1422. Current log-likelihood: -9090883.42414
1423. Current log-likelihood: -9090883.37128
1424. Current log-likelihood: -9090883.32976
1425. Current log-likelihood: -9090883.27776
1426. Current log-likelihood: -9090883.23791
1427. Current log-likelihood: -9090883.18774
1428. Current log-likelihood: -9090883.14809
1429. Current log-likelihood: -9090883.09941
1430. Current log-likelihood: -9090883.06069
1431. Current log-likelihood: -9090883.01026
1432. Current log-likelihood: -9090882.97276
1433. Current log-likelihood: -9090882.92511
1434. Current log-likelihood: -9090882.88874
1435. Current log-likelihood: -9090882.84296
1436. Current log-likelihood: -9090882.80676
1437. Current log-likelihood: -9090882.76233
1438. Current log-likelihood: -9090882.72694
1439. Current log-likelihood: -9090882.68361
1440. Current log-likelihood: -9090882.64907
1441. Current log-likelihood: -9090882.60680
1442. Current log-likelihood: -9090882.57305
1443. Current log-likelihood: -9090882.54155
1444. Current log-likelihood: -9090882.49731
1445. Current log-likelihood: -9090882.46610
1446. Current log-likelihood: -9090882.42555
1447. Current log-likelihood: -9090882.39396
1448. Current log-likelihood: -9090882.36682
1449. Current log-likelihood: -9090882.32594
1450. Current log-likelihood: -9090882.29597
1451. Current log-likelihood: -9090882.27022
1452. Current log-likelihood: -9090882.23050
1453. Current log-likelihood: -9090882.20171
1454. Current log-likelihood: -9090882.17698
1455. Current log-likelihood: -9090882.13774
1456. Current log-likelihood: -9090882.10760
1457. Current log-likelihood: -9090882.07138
1458. Current log-likelihood: -9090882.04370
1459. Current log-likelihood: -9090882.02006
1460. Current log-likelihood: -9090881.98369
1461. Current log-likelihood: -9090881.95736
1462. Current log-likelihood: -9090881.93488
1463. Current log-likelihood: -9090881.89944
1464. Current log-likelihood: -9090881.87415
1465. Current log-likelihood: -9090881.85254
1466. Current log-likelihood: -9090881.81761
1467. Current log-likelihood: -9090881.79381
1468. Current log-likelihood: -9090881.77345
1469. Current log-likelihood: -9090881.73990
1470. Current log-likelihood: -9090881.71659
1471. Current log-likelihood: -9090881.69365
1472. Current log-likelihood: -9090881.66053
1473. Current log-likelihood: -9090881.63827
1474. Current log-likelihood: -9090881.61928
1475. Current log-likelihood: -9090881.58791
1476. Current log-likelihood: -9090881.56611
1477. Current log-likelihood: -9090881.54747
1478. Current log-likelihood: -9090881.51726
1479. Current log-likelihood: -9090881.49617
1480. Current log-likelihood: -9090881.47818
1481. Current log-likelihood: -9090881.44915
1482. Current log-likelihood: -9090881.42878
1483. Current log-likelihood: -9090881.41146
1484. Current log-likelihood: -9090881.38322
1485. Current log-likelihood: -9090881.36361
1486. Current log-likelihood: -9090881.34695
1487. Current log-likelihood: -9090881.31674
1488. Current log-likelihood: -9090881.29788
1489. Current log-likelihood: -9090881.28190
1490. Current log-likelihood: -9090881.25402
1491. Current log-likelihood: -9090881.23599
1492. Current log-likelihood: -9090881.22070
1493. Current log-likelihood: -9090881.19481
1494. Current log-likelihood: -9090881.17694
1495. Current log-likelihood: -9090881.16189
1496. Current log-likelihood: -9090881.13689
1497. Current log-likelihood: -9090881.11960
1498. Current log-likelihood: -9090881.10503
1499. Current log-likelihood: -9090881.08106
1500. Current log-likelihood: -9090881.06428
1501. Current log-likelihood: -9090881.05021
1502. Current log-likelihood: -9090881.02716
1503. Current log-likelihood: -9090881.01064
1504. Current log-likelihood: -9090880.99706
1505. Current log-likelihood: -9090880.98271
1506. Current log-likelihood: -9090880.95810
1507. Current log-likelihood: -9090880.94283
1508. Current log-likelihood: -9090880.93053
1509. Current log-likelihood: -9090880.90875
1510. Current log-likelihood: -9090880.89339
1511. Current log-likelihood: -9090880.88106
1512. Current log-likelihood: -9090880.87068
1513. Current log-likelihood: -9090880.84867
1514. Current log-likelihood: -9090880.83448
1515. Current log-likelihood: -9090880.82282
1516. Current log-likelihood: -9090880.81327
1517. Current log-likelihood: -9090880.79221
1518. Current log-likelihood: -9090880.77870
1519. Current log-likelihood: -9090880.76785
1520. Current log-likelihood: -9090880.75874
1521. Current log-likelihood: -9090880.73848
1522. Current log-likelihood: -9090880.72558
1523. Current log-likelihood: -9090880.71545
1524. Current log-likelihood: -9090880.70705
1525. Current log-likelihood: -9090880.68768
1526. Current log-likelihood: -9090880.67529
1527. Current log-likelihood: -9090880.66239
1528. Current log-likelihood: -9090880.65468
1529. Current log-likelihood: -9090880.63485
1530. Current log-likelihood: -9090880.62386
1531. Current log-likelihood: -9090880.61504
1532. Current log-likelihood: -9090880.60730
1533. Current log-likelihood: -9090880.58928
1534. Current log-likelihood: -9090880.57822
1535. Current log-likelihood: -9090880.56932
1536. Current log-likelihood: -9090880.56203
1537. Current log-likelihood: -9090880.54489
1538. Current log-likelihood: -9090880.53413
1539. Current log-likelihood: -9090880.52563
1540. Current log-likelihood: -9090880.51882
1541. Current log-likelihood: -9090880.51234
1542. Current log-likelihood: -9090880.49498
1543. Current log-likelihood: -9090880.48498
1544. Current log-likelihood: -9090880.47699
1545. Current log-likelihood: -9090880.47062
1546. Current log-likelihood: -9090880.46493
1547. Current log-likelihood: -9090880.44827
1548. Current log-likelihood: -9090880.43903
1549. Current log-likelihood: -9090880.43157
1550. Current log-likelihood: -9090880.42558
1551. Current log-likelihood: -9090880.42034
1552. Current log-likelihood: -9090880.40443
1553. Current log-likelihood: -9090880.39559
1554. Current log-likelihood: -9090880.38579
1555. Current log-likelihood: -9090880.37998
1556. Current log-likelihood: -9090880.37500
1557. Current log-likelihood: -9090880.35854
1558. Current log-likelihood: -9090880.35041
1559. Current log-likelihood: -9090880.34388
1560. Current log-likelihood: -9090880.33873
1561. Current log-likelihood: -9090880.33412
1562. Current log-likelihood: -9090880.31939
1563. Current log-likelihood: -9090880.31095
1564. Current log-likelihood: -9090880.30472
1565. Current log-likelihood: -9090880.29949
1566. Current log-likelihood: -9090880.29505
1567. Current log-likelihood: -9090880.28138
1568. Current log-likelihood: -9090880.27367
1569. Current log-likelihood: -9090880.26781
1570. Current log-likelihood: -9090880.26290
1571. Current log-likelihood: -9090880.25891
1572. Current log-likelihood: -9090880.25501
1573. Current log-likelihood: -9090880.24118
1574. Current log-likelihood: -9090880.23392
1575. Current log-likelihood: -9090880.22833
1576. Current log-likelihood: -9090880.22366
1577. Current log-likelihood: -9090880.21993
1578. Current log-likelihood: -9090880.21635
1579. Current log-likelihood: -9090880.20322
1580. Current log-likelihood: -9090880.19612
1581. Current log-likelihood: -9090880.19090
1582. Current log-likelihood: -9090880.18665
1583. Current log-likelihood: -9090880.18319
1584. Current log-likelihood: -9090880.18070
1585. Current log-likelihood: -9090880.17735
1586. Current log-likelihood: -9090880.16439
1587. Current log-likelihood: -9090880.15796
1588. Current log-likelihood: -9090880.15318
1589. Current log-likelihood: -9090880.14622
1590. Current log-likelihood: -9090880.14290
1591. Current log-likelihood: -9090880.14051
1592. Current log-likelihood: -9090880.12747
1593. Current log-likelihood: -9090880.12149
1594. Current log-likelihood: -9090880.11686
1595. Current log-likelihood: -9090880.11326
1596. Current log-likelihood: -9090880.11082
1597. Current log-likelihood: -9090880.10850
1598. Current log-likelihood: -9090880.09496
1599. Current log-likelihood: -9090880.08701
1600. Current log-likelihood: -9090880.08221
1601. Current log-likelihood: -9090880.07848
1602. Current log-likelihood: -9090880.07614
1603. Current log-likelihood: -9090880.07387
1604. Current log-likelihood: -9090880.07196
1605. Current log-likelihood: -9090880.07000
1606. Current log-likelihood: -9090880.05662
1607. Current log-likelihood: -9090880.04838
1608. Current log-likelihood: -9090880.04415
1609. Current log-likelihood: -9090880.04091
1610. Current log-likelihood: -9090880.03878
1611. Current log-likelihood: -9090880.03693
1612. Current log-likelihood: -9090880.03530
1613. Current log-likelihood: -9090880.03362
1614. Current log-likelihood: -9090880.02107
1615. Current log-likelihood: -9090880.01345
1616. Current log-likelihood: -9090880.00958
1617. Current log-likelihood: -9090880.00731
1618. Current log-likelihood: -9090880.00527
1619. Current log-likelihood: -9090880.00356
1620. Current log-likelihood: -9090880.00206
1621. Current log-likelihood: -9090880.00067
1622. Current log-likelihood: -9090879.99937
1623. Current log-likelihood: -9090879.99806
1624. Current log-likelihood: -9090879.98603
1625. Current log-likelihood: -9090879.97870
1626. Current log-likelihood: -9090879.97516
1627. Current log-likelihood: -9090879.97316
1628. Current log-likelihood: -9090879.97138
1629. Current log-likelihood: -9090879.96995
1630. Current log-likelihood: -9090879.96859
1631. Current log-likelihood: -9090879.96721
1632. Current log-likelihood: -9090879.96615
1633. Current log-likelihood: -9090879.96515
1634. Current log-likelihood: -9090879.96405
1635. Current log-likelihood: -9090879.95249
1636. Current log-likelihood: -9090879.94560
1637. Current log-likelihood: -9090879.94243
1638. Current log-likelihood: -9090879.94066
1639. Current log-likelihood: -9090879.93916
1640. Current log-likelihood: -9090879.93446
1641. Current log-likelihood: -9090879.93335
1642. Current log-likelihood: -9090879.93233
1643. Current log-likelihood: -9090879.93137
Final estimation on weights:
0.40399,0.58923,0.00678
Wrote distance file to... 
BEST SCORE FOUND : -9090879.93137
Total tree lengths: 0.48294 0.07294 1.37637

Total number of iterations: 1641
CPU time used for tree search: 0.00003 sec (0h:0m:0s)
Wall-clock time used for tree search: 0.00002 sec (0h:0m:0s)
Total CPU time used: 423228.72368 sec (117h:33m:48s)
Total wall-clock time used: 13440.75200 sec (3h:44m:0s)

Analysis results written to: 
  IQ-TREE report:                mast_all_occ80_JU3200_quartet_14.submodel6.iqtree
  Maximum-likelihood tree:       mast_all_occ80_JU3200_quartet_14.submodel6.treefile
  Screen log file:               mast_all_occ80_JU3200_quartet_14.submodel6.log

Date and Time: Thu Jul  9 03:06:21 2026
