IQ-TREE version 3.0.1 for Linux x86 64-bit built Jul  9 2025
Developed by Bui Quang Minh, Thomas Wong, Nhan Ly-Trong, Huaiyan Ren
Contributed by Lam-Tung Nguyen, Dominik Schrempf, Chris Bielow,
Olga Chernomor, Michael Woodhams, Diep Thi Hoang, Heiko Schmidt

Host:    c177 (AVX512, FMA3, 188 GB RAM)
Command: iqtree3 -s /vast/eande106/projects/Nicolas/github/CB_PopGen_HDR_MS/processed_data/tree_topology/mast/mast_hdr/occ80_QG4232_quartet_07_supermatrix.clean.fas -m LG+FO+G+T -te /vast/eande106/projects/Nicolas/github/CB_PopGen_HDR_MS/processed_data/tree_topology/mast/quartet_topologies/quartet_07_JU1422_QG4232_topologies.tre --prefix mast_hdr_occ80_QG4232_quartet_07.submodel6 -T 48
Seed:    926048 (Using SPRNG - Scalable Parallel Random Number Generator)
Time:    Thu Jul  9 00:26:51 2026
Kernel:  AVX+FMA - 48 threads (48 CPU cores detected)

Reading alignment file /vast/eande106/projects/Nicolas/github/CB_PopGen_HDR_MS/processed_data/tree_topology/mast/mast_hdr/occ80_QG4232_quartet_07_supermatrix.clean.fas ... Fasta format detected
Reading fasta file: done in 0.0352299 secs using 14.99% CPU
Alignment most likely contains protein sequences
Constructing alignment: done in 0.254611 secs using 85.64% CPU
Alignment has 4 sequences with 168016 columns, 4194 distinct patterns
1195 parsimony-informative, 28639 singleton sites, 138182 constant sites
        Gap/Ambiguity  Composition  p-value
Analyzing sequences: done in 0.000146158 secs using 98.52% CPU
   1  PX506     6.21%    passed     31.97%
   2  JU1422    4.30%    passed     99.99%
   3  QX1410    2.93%    passed     99.69%
   4  QG4232    2.94%    passed     91.33%
****  TOTAL     4.09%  0 sequences failed composition chi2 test (p-value<5%; df=19)
Number of input trees: 3
Minimum branch length is set to 0.0000010
Checking for duplicate sequences: done in 0.000141175 secs using 75.79% CPU

NOTE: 31 MB RAM (0 GB) is required!
According to the parsimony scores along the sites, the tree weights are initialized to:
0.9087866,0.0301255,0.0610879
Estimate model parameters (epsilon = 0.00100)
1. Initial log-likelihood: -674044.19297
2. Current log-likelihood: -673142.76772
3. Current log-likelihood: -672677.22799
4. Current log-likelihood: -672656.74924
5. Current log-likelihood: -672641.83081
6. Current log-likelihood: -672627.83186
7. Current log-likelihood: -672614.90572
8. Current log-likelihood: -672603.20352
9. Current log-likelihood: -672592.77819
10. Current log-likelihood: -672583.40783
11. Current log-likelihood: -672575.10590
12. Current log-likelihood: -672567.81462
13. Current log-likelihood: -672561.46745
14. Current log-likelihood: -672555.94695
15. Current log-likelihood: -672551.22996
16. Current log-likelihood: -672547.17874
17. Current log-likelihood: -672543.71738
18. Current log-likelihood: -672540.76997
19. Current log-likelihood: -672538.26585
20. Current log-likelihood: -672536.14154
21. Current log-likelihood: -672534.34212
22. Current log-likelihood: -672532.81685
23. Current log-likelihood: -672531.52890
24. Current log-likelihood: -672530.44002
25. Current log-likelihood: -672529.51939
26. Current log-likelihood: -672528.74119
27. Current log-likelihood: -672528.08387
28. Current log-likelihood: -672527.52737
29. Current log-likelihood: -672527.05127
30. Current log-likelihood: -672526.65001
31. Current log-likelihood: -672526.31552
32. Current log-likelihood: -672526.02949
33. Current log-likelihood: -672525.78699
34. Current log-likelihood: -672525.58022
35. Current log-likelihood: -672525.40381
36. Current log-likelihood: -672525.25314
37. Current log-likelihood: -672525.12431
38. Current log-likelihood: -672525.01398
39. Current log-likelihood: -672524.91938
40. Current log-likelihood: -672524.84117
41. Current log-likelihood: -672524.76971
42. Current log-likelihood: -672524.70941
43. Current log-likelihood: -672524.65929
44. Current log-likelihood: -672524.61336
45. Current log-likelihood: -672524.57695
46. Current log-likelihood: -672524.54260
47. Current log-likelihood: -672524.51462
48. Current log-likelihood: -672524.48867
49. Current log-likelihood: -672524.46725
50. Current log-likelihood: -672524.44879
51. Current log-likelihood: -672524.43110
52. Current log-likelihood: -672524.41675
53. Current log-likelihood: -672524.40431
54. Current log-likelihood: -672524.39230
55. Current log-likelihood: -672524.38249
56. Current log-likelihood: -672524.37391
57. Current log-likelihood: -672524.36647
58. Current log-likelihood: -672524.36003
59. Current log-likelihood: -672524.35351
60. Current log-likelihood: -672524.34923
61. Current log-likelihood: -672524.34383
62. Current log-likelihood: -672524.34049
63. Current log-likelihood: -672524.33736
64. Current log-likelihood: -672524.33449
65. Current log-likelihood: -672524.33189
66. Current log-likelihood: -672524.32882
67. Current log-likelihood: -672524.32635
68. Current log-likelihood: -672524.32425
69. Current log-likelihood: -672524.32233
70. Current log-likelihood: -672524.32059
71. Current log-likelihood: -672524.31900
72. Current log-likelihood: -672524.31755
73. Current log-likelihood: -672524.31624
74. Current log-likelihood: -672524.31505
75. Current log-likelihood: -672524.31396
76. Current log-likelihood: -672524.31296
Final estimation on weights:
0.94522,0.02692,0.02787
Wrote distance file to... 
BEST SCORE FOUND : -672524.31296
Total tree lengths: 0.27032 0.82488 2.56605

Total number of iterations: 74
CPU time used for tree search: 0.00002 sec (0h:0m:0s)
Wall-clock time used for tree search: 0.00001 sec (0h:0m:0s)
Total CPU time used: 21687.69074 sec (6h:1m:27s)
Total wall-clock time used: 664.18119 sec (0h:11m:4s)

Analysis results written to: 
  IQ-TREE report:                mast_hdr_occ80_QG4232_quartet_07.submodel6.iqtree
  Maximum-likelihood tree:       mast_hdr_occ80_QG4232_quartet_07.submodel6.treefile
  Screen log file:               mast_hdr_occ80_QG4232_quartet_07.submodel6.log

Date and Time: Thu Jul  9 00:37:56 2026
