IQ-TREE version 3.0.1 for Linux x86 64-bit built Jul  9 2025
Developed by Bui Quang Minh, Thomas Wong, Nhan Ly-Trong, Huaiyan Ren
Contributed by Lam-Tung Nguyen, Dominik Schrempf, Chris Bielow,
Olga Chernomor, Michael Woodhams, Diep Thi Hoang, Heiko Schmidt

Host:    c593 (AVX512, FMA3, 188 GB RAM)
Command: iqtree3 -s /vast/eande106/projects/Nicolas/github/CB_PopGen_HDR_MS/processed_data/tree_topology/mast/mast_hdr/occ80_JU3200_quartet_15_supermatrix.clean.fas -m LG+FO+G+T -te /vast/eande106/projects/Nicolas/github/CB_PopGen_HDR_MS/processed_data/tree_topology/mast/quartet_topologies/quartet_15_YR106_JU3200_topologies.tre --prefix mast_hdr_occ80_JU3200_quartet_15.submodel6 -T 48
Seed:    464812 (Using SPRNG - Scalable Parallel Random Number Generator)
Time:    Thu Jul  9 00:17:53 2026
Kernel:  AVX+FMA - 48 threads (48 CPU cores detected)

Reading alignment file /vast/eande106/projects/Nicolas/github/CB_PopGen_HDR_MS/processed_data/tree_topology/mast/mast_hdr/occ80_JU3200_quartet_15_supermatrix.clean.fas ... Fasta format detected
Reading fasta file: done in 0.0492509 secs using 11.42% CPU
Alignment most likely contains protein sequences
Constructing alignment: done in 0.238517 secs using 98.26% CPU
Alignment has 4 sequences with 164266 columns, 3981 distinct patterns
1192 parsimony-informative, 27612 singleton sites, 135462 constant sites
        Gap/Ambiguity  Composition  p-value
Analyzing sequences: done in 0.000169193 secs using 2.711e+04% CPU
   1  PX506     4.19%    passed     82.08%
   2  QX1410    2.02%    passed    100.00%
   3  YR106     2.94%    passed    100.00%
   4  JU3200    2.87%    passed    100.00%
****  TOTAL     3.00%  0 sequences failed composition chi2 test (p-value<5%; df=19)
Number of input trees: 3
Minimum branch length is set to 0.0000010
Checking for duplicate sequences: done in 0.000134771 secs using 80.14% CPU

NOTE: 29 MB RAM (0 GB) is required!
According to the parsimony scores along the sites, the tree weights are initialized to:
0.9236577,0.0285235,0.0478188
Estimate model parameters (epsilon = 0.00100)
1. Initial log-likelihood: -652486.67956
2. Current log-likelihood: -651729.91108
3. Current log-likelihood: -651620.10451
4. Current log-likelihood: -651596.32042
5. Current log-likelihood: -651590.24559
6. Current log-likelihood: -651583.80348
7. Current log-likelihood: -651579.01584
8. Current log-likelihood: -651577.97052
9. Current log-likelihood: -651576.91498
10. Current log-likelihood: -651575.84982
11. Current log-likelihood: -651574.77521
12. Current log-likelihood: -651573.69135
13. Current log-likelihood: -651572.59910
14. Current log-likelihood: -651571.49697
15. Current log-likelihood: -651570.38705
16. Current log-likelihood: -651569.26948
17. Current log-likelihood: -651568.14479
18. Current log-likelihood: -651567.01355
19. Current log-likelihood: -651565.87643
20. Current log-likelihood: -651564.73413
21. Current log-likelihood: -651563.58944
22. Current log-likelihood: -651562.43826
23. Current log-likelihood: -651561.28532
24. Current log-likelihood: -651560.13086
25. Current log-likelihood: -651558.97596
26. Current log-likelihood: -651557.82175
27. Current log-likelihood: -651556.66951
28. Current log-likelihood: -651555.51897
29. Current log-likelihood: -651554.37564
30. Current log-likelihood: -651553.23585
31. Current log-likelihood: -651552.10472
32. Current log-likelihood: -651550.98286
33. Current log-likelihood: -651549.87200
34. Current log-likelihood: -651548.77098
35. Current log-likelihood: -651547.68749
36. Current log-likelihood: -651546.61950
37. Current log-likelihood: -651545.56945
38. Current log-likelihood: -651544.53920
39. Current log-likelihood: -651543.52730
40. Current log-likelihood: -651542.54179
41. Current log-likelihood: -651541.58049
42. Current log-likelihood: -651540.64209
43. Current log-likelihood: -651539.73516
44. Current log-likelihood: -651538.85684
45. Current log-likelihood: -651538.00559
46. Current log-likelihood: -651537.18912
47. Current log-likelihood: -651536.40456
48. Current log-likelihood: -651535.64896
49. Current log-likelihood: -651534.93104
50. Current log-likelihood: -651534.24493
51. Current log-likelihood: -651533.59348
52. Current log-likelihood: -651532.97510
53. Current log-likelihood: -651532.38867
54. Current log-likelihood: -651531.37760
55. Current log-likelihood: -651530.73281
56. Current log-likelihood: -651530.16427
57. Current log-likelihood: -651529.62679
58. Current log-likelihood: -651529.11520
59. Current log-likelihood: -651528.63899
60. Current log-likelihood: -651528.19165
61. Current log-likelihood: -651527.76607
62. Current log-likelihood: -651527.37317
63. Current log-likelihood: -651527.00586
64. Current log-likelihood: -651526.65693
65. Current log-likelihood: -651526.33723
66. Current log-likelihood: -651526.03782
67. Current log-likelihood: -651525.75421
68. Current log-likelihood: -651525.49416
69. Current log-likelihood: -651525.24839
70. Current log-likelihood: -651525.01047
71. Current log-likelihood: -651524.78203
72. Current log-likelihood: -651524.50142
73. Current log-likelihood: -651524.25738
74. Current log-likelihood: -651524.02485
75. Current log-likelihood: -651523.80072
76. Current log-likelihood: -651523.58828
77. Current log-likelihood: -651523.38197
78. Current log-likelihood: -651523.18038
79. Current log-likelihood: -651522.99101
80. Current log-likelihood: -651522.80562
81. Current log-likelihood: -651522.62838
82. Current log-likelihood: -651522.45903
83. Current log-likelihood: -651522.29754
84. Current log-likelihood: -651522.14205
85. Current log-likelihood: -651521.99155
86. Current log-likelihood: -651521.84931
87. Current log-likelihood: -651521.71287
88. Current log-likelihood: -651521.57975
89. Current log-likelihood: -651521.45514
90. Current log-likelihood: -651521.33425
91. Current log-likelihood: -651521.21812
92. Current log-likelihood: -651521.10638
93. Current log-likelihood: -651520.99775
94. Current log-likelihood: -651520.89516
95. Current log-likelihood: -651520.79603
96. Current log-likelihood: -651520.70036
97. Current log-likelihood: -651520.60789
98. Current log-likelihood: -651520.51843
99. Current log-likelihood: -651520.42918
100. Current log-likelihood: -651520.34609
101. Current log-likelihood: -651520.26548
102. Current log-likelihood: -651520.14170
103. Current log-likelihood: -651520.00729
104. Current log-likelihood: -651519.87683
105. Current log-likelihood: -651519.74825
106. Current log-likelihood: -651519.62886
107. Current log-likelihood: -651519.51284
108. Current log-likelihood: -651519.39813
109. Current log-likelihood: -651519.28739
110. Current log-likelihood: -651519.17849
111. Current log-likelihood: -651519.06745
112. Current log-likelihood: -651518.96125
113. Current log-likelihood: -651518.85604
114. Current log-likelihood: -651518.75160
115. Current log-likelihood: -651518.64772
116. Current log-likelihood: -651518.54423
117. Current log-likelihood: -651518.44246
118. Current log-likelihood: -651518.34048
119. Current log-likelihood: -651518.23840
120. Current log-likelihood: -651518.13603
121. Current log-likelihood: -651518.03335
122. Current log-likelihood: -651517.92888
123. Current log-likelihood: -651517.82540
124. Current log-likelihood: -651517.72117
125. Current log-likelihood: -651517.61634
126. Current log-likelihood: -651517.51081
127. Current log-likelihood: -651517.40459
128. Current log-likelihood: -651517.29760
129. Current log-likelihood: -651517.18980
130. Current log-likelihood: -651517.08116
131. Current log-likelihood: -651516.97166
132. Current log-likelihood: -651516.86120
133. Current log-likelihood: -651516.74980
134. Current log-likelihood: -651516.63741
135. Current log-likelihood: -651516.52401
136. Current log-likelihood: -651516.40955
137. Current log-likelihood: -651516.29402
138. Current log-likelihood: -651516.17738
139. Current log-likelihood: -651516.05961
140. Current log-likelihood: -651515.94067
141. Current log-likelihood: -651515.82158
142. Current log-likelihood: -651515.69990
143. Current log-likelihood: -651515.57833
144. Current log-likelihood: -651515.45518
145. Current log-likelihood: -651515.33071
146. Current log-likelihood: -651515.20490
147. Current log-likelihood: -651515.07771
148. Current log-likelihood: -651514.94911
149. Current log-likelihood: -651514.81906
150. Current log-likelihood: -651514.68754
151. Current log-likelihood: -651514.55451
152. Current log-likelihood: -651514.41994
153. Current log-likelihood: -651514.28378
154. Current log-likelihood: -651514.14602
155. Current log-likelihood: -651514.00661
156. Current log-likelihood: -651513.86552
157. Current log-likelihood: -651513.72272
158. Current log-likelihood: -651513.57817
159. Current log-likelihood: -651513.43182
160. Current log-likelihood: -651513.28366
161. Current log-likelihood: -651513.13210
162. Current log-likelihood: -651512.98056
163. Current log-likelihood: -651512.82507
164. Current log-likelihood: -651512.66799
165. Current log-likelihood: -651512.50889
166. Current log-likelihood: -651512.34769
167. Current log-likelihood: -651512.18436
168. Current log-likelihood: -651512.01887
169. Current log-likelihood: -651511.85118
170. Current log-likelihood: -651511.68126
171. Current log-likelihood: -651511.50995
172. Current log-likelihood: -651511.33625
173. Current log-likelihood: -651511.16031
174. Current log-likelihood: -651510.98210
175. Current log-likelihood: -651510.80161
176. Current log-likelihood: -651510.61886
177. Current log-likelihood: -651510.43390
178. Current log-likelihood: -651510.24446
179. Current log-likelihood: -651510.05360
180. Current log-likelihood: -651509.86077
181. Current log-likelihood: -651509.66603
182. Current log-likelihood: -651509.46955
183. Current log-likelihood: -651509.27276
184. Current log-likelihood: -651509.07438
185. Current log-likelihood: -651508.87506
186. Current log-likelihood: -651508.67512
187. Current log-likelihood: -651508.47332
188. Current log-likelihood: -651508.27362
189. Current log-likelihood: -651508.07259
190. Current log-likelihood: -651507.87294
191. Current log-likelihood: -651507.67495
192. Current log-likelihood: -651507.47909
193. Current log-likelihood: -651507.28588
194. Current log-likelihood: -651507.09587
195. Current log-likelihood: -651506.90958
196. Current log-likelihood: -651506.72752
197. Current log-likelihood: -651506.55014
198. Current log-likelihood: -651506.37550
199. Current log-likelihood: -651506.20695
200. Current log-likelihood: -651506.04423
201. Current log-likelihood: -651505.88747
202. Current log-likelihood: -651505.70793
203. Current log-likelihood: -651505.50939
204. Current log-likelihood: -651505.32850
205. Current log-likelihood: -651505.15533
206. Current log-likelihood: -651504.99286
207. Current log-likelihood: -651504.84005
208. Current log-likelihood: -651504.69199
209. Current log-likelihood: -651504.55257
210. Current log-likelihood: -651504.42032
211. Current log-likelihood: -651504.29264
212. Current log-likelihood: -651504.17316
213. Current log-likelihood: -651504.07180
214. Current log-likelihood: -651503.98562
215. Current log-likelihood: -651503.90871
216. Current log-likelihood: -651503.83388
217. Current log-likelihood: -651503.76842
218. Current log-likelihood: -651503.70699
219. Current log-likelihood: -651503.64852
220. Current log-likelihood: -651503.58620
221. Current log-likelihood: -651503.53019
222. Current log-likelihood: -651503.47146
223. Current log-likelihood: -651503.40919
224. Current log-likelihood: -651503.33893
225. Current log-likelihood: -651503.26685
226. Current log-likelihood: -651503.17785
227. Current log-likelihood: -651503.07373
228. Current log-likelihood: -651502.93812
229. Current log-likelihood: -651502.76155
230. Current log-likelihood: -651502.52259
231. Current log-likelihood: -651502.21446
232. Current log-likelihood: -651501.85182
233. Current log-likelihood: -651501.62612
234. Current log-likelihood: -651501.52927
235. Current log-likelihood: -651501.48698
236. Current log-likelihood: -651501.46437
237. Current log-likelihood: -651501.45462
238. Current log-likelihood: -651501.44999
239. Current log-likelihood: -651501.44787
240. Current log-likelihood: -651501.44638
241. Current log-likelihood: -651501.44561
Final estimation on weights:
0.97743,0.00346,0.01911
Wrote distance file to... 
BEST SCORE FOUND : -651501.44561
Total tree lengths: 0.27641 10.80719 0.80291

Total number of iterations: 239
CPU time used for tree search: 0.00002 sec (0h:0m:0s)
Wall-clock time used for tree search: 0.00001 sec (0h:0m:0s)
Total CPU time used: 64476.36384 sec (17h:54m:36s)
Total wall-clock time used: 2004.52415 sec (0h:33m:24s)

Analysis results written to: 
  IQ-TREE report:                mast_hdr_occ80_JU3200_quartet_15.submodel6.iqtree
  Maximum-likelihood tree:       mast_hdr_occ80_JU3200_quartet_15.submodel6.treefile
  Screen log file:               mast_hdr_occ80_JU3200_quartet_15.submodel6.log

Date and Time: Thu Jul  9 00:51:18 2026
