IQ-TREE version 3.0.1 for Linux x86 64-bit built Jul  9 2025
Developed by Bui Quang Minh, Thomas Wong, Nhan Ly-Trong, Huaiyan Ren
Contributed by Lam-Tung Nguyen, Dominik Schrempf, Chris Bielow,
Olga Chernomor, Michael Woodhams, Diep Thi Hoang, Heiko Schmidt

Host:    c214 (AVX512, FMA3, 188 GB RAM)
Command: iqtree3 -s /vast/eande106/projects/Nicolas/github/CB_PopGen_HDR_MS/processed_data/tree_topology/mast/mast_all/occ80_JU3200_quartet_12_supermatrix.clean.fas -m LG+FO+G+T -te /vast/eande106/projects/Nicolas/github/CB_PopGen_HDR_MS/processed_data/tree_topology/mast/quartet_topologies/quartet_12_NIC2152_JU3200_topologies.tre --prefix mast_all_occ80_JU3200_quartet_12.submodel6 -T 48
Seed:    548337 (Using SPRNG - Scalable Parallel Random Number Generator)
Time:    Wed Jul  8 23:22:16 2026
Kernel:  AVX+FMA - 48 threads (48 CPU cores detected)

Reading alignment file /vast/eande106/projects/Nicolas/github/CB_PopGen_HDR_MS/processed_data/tree_topology/mast/mast_all/occ80_JU3200_quartet_12_supermatrix.clean.fas ... Fasta format detected
Reading fasta file: done in 0.177988 secs using 52.62% CPU
Alignment most likely contains protein sequences
Constructing alignment: done in 2.58308 secs using 16.14% CPU
WARNING: 1 sites contain only gaps or ambiguous characters.
Alignment has 4 sequences with 2353463 columns, 13264 distinct patterns
14974 parsimony-informative, 349662 singleton sites, 1988826 constant sites
         Gap/Ambiguity  Composition  p-value
Analyzing sequences: done in 0.000209671 secs using 30.05% CPU
   1  PX506      4.63%    failed      0.01%
   2  JU3200     2.09%    passed     96.85%
   3  QX1410     1.93%    passed     99.38%
   4  NIC2152    2.96%    passed     44.86%
****  TOTAL      2.90%  1 sequences failed composition chi2 test (p-value<5%; df=19)
Number of input trees: 3
Minimum branch length is set to 0.0000010
Checking for duplicate sequences: done in 0.000345443 secs using 34.16% CPU

NOTE: 98 MB RAM (0 GB) is required!
According to the parsimony scores along the sites, the tree weights are initialized to:
0.9016295,0.0426072,0.0557633
Estimate model parameters (epsilon = 0.00100)
1. Initial log-likelihood: -9050032.72888
2. Current log-likelihood: -9041306.83280
3. Current log-likelihood: -9040858.39155
4. Current log-likelihood: -9040529.04302
5. Current log-likelihood: -9040439.04878
6. Current log-likelihood: -9040427.94226
7. Current log-likelihood: -9040425.12809
8. Current log-likelihood: -9040422.90427
9. Current log-likelihood: -9040420.96071
10. Current log-likelihood: -9040419.23760
11. Current log-likelihood: -9040417.73720
12. Current log-likelihood: -9040416.26049
13. Current log-likelihood: -9040414.81315
14. Current log-likelihood: -9040413.36138
15. Current log-likelihood: -9040411.90212
16. Current log-likelihood: -9040410.44009
17. Current log-likelihood: -9040408.99977
18. Current log-likelihood: -9040407.55245
19. Current log-likelihood: -9040406.06130
20. Current log-likelihood: -9040404.56557
21. Current log-likelihood: -9040403.06399
22. Current log-likelihood: -9040401.58260
23. Current log-likelihood: -9040400.09425
24. Current log-likelihood: -9040398.56665
25. Current log-likelihood: -9040397.06035
26. Current log-likelihood: -9040395.51606
27. Current log-likelihood: -9040393.99486
28. Current log-likelihood: -9040392.46625
29. Current log-likelihood: -9040390.93067
30. Current log-likelihood: -9040389.35706
31. Current log-likelihood: -9040387.80597
32. Current log-likelihood: -9040386.21334
33. Current log-likelihood: -9040384.64461
34. Current log-likelihood: -9040383.06888
35. Current log-likelihood: -9040381.48618
36. Current log-likelihood: -9040379.86618
37. Current log-likelihood: -9040378.26806
38. Current log-likelihood: -9040376.66318
39. Current log-likelihood: -9040375.05079
40. Current log-likelihood: -9040373.39664
41. Current log-likelihood: -9040371.76750
42. Current log-likelihood: -9040370.13145
43. Current log-likelihood: -9040368.48799
44. Current log-likelihood: -9040366.81091
45. Current log-likelihood: -9040365.15311
46. Current log-likelihood: -9040363.48849
47. Current log-likelihood: -9040361.81675
48. Current log-likelihood: -9040360.13667
49. Current log-likelihood: -9040358.45106
50. Current log-likelihood: -9040356.72487
51. Current log-likelihood: -9040355.02328
52. Current log-likelihood: -9040353.31516
53. Current log-likelihood: -9040351.60017
54. Current log-likelihood: -9040349.87702
55. Current log-likelihood: -9040348.14879
56. Current log-likelihood: -9040346.41408
57. Current log-likelihood: -9040344.67131
58. Current log-likelihood: -9040342.92346
59. Current log-likelihood: -9040341.16784
60. Current log-likelihood: -9040339.40769
61. Current log-likelihood: -9040337.63157
62. Current log-likelihood: -9040335.85700
63. Current log-likelihood: -9040334.07610
64. Current log-likelihood: -9040332.28926
65. Current log-likelihood: -9040330.49466
66. Current log-likelihood: -9040328.69658
67. Current log-likelihood: -9040326.89040
68. Current log-likelihood: -9040325.08121
69. Current log-likelihood: -9040323.26567
70. Current log-likelihood: -9040321.44473
71. Current log-likelihood: -9040319.61681
72. Current log-likelihood: -9040317.78589
73. Current log-likelihood: -9040315.94937
74. Current log-likelihood: -9040314.10289
75. Current log-likelihood: -9040312.25537
76. Current log-likelihood: -9040310.40285
77. Current log-likelihood: -9040308.54576
78. Current log-likelihood: -9040306.68435
79. Current log-likelihood: -9040304.81708
80. Current log-likelihood: -9040302.94802
81. Current log-likelihood: -9040301.07282
82. Current log-likelihood: -9040299.19642
83. Current log-likelihood: -9040297.31564
84. Current log-likelihood: -9040295.43155
85. Current log-likelihood: -9040293.54431
86. Current log-likelihood: -9040291.65414
87. Current log-likelihood: -9040289.76120
88. Current log-likelihood: -9040287.86570
89. Current log-likelihood: -9040285.96792
90. Current log-likelihood: -9040284.07057
91. Current log-likelihood: -9040282.16283
92. Current log-likelihood: -9040280.25687
93. Current log-likelihood: -9040278.35136
94. Current log-likelihood: -9040276.44409
95. Current log-likelihood: -9040274.53420
96. Current log-likelihood: -9040272.62596
97. Current log-likelihood: -9040270.71709
98. Current log-likelihood: -9040268.80791
99. Current log-likelihood: -9040266.89946
100. Current log-likelihood: -9040264.99132
101. Current log-likelihood: -9040263.08376
102. Current log-likelihood: -9040259.77431
103. Current log-likelihood: -9040256.18859
104. Current log-likelihood: -9040252.61136
105. Current log-likelihood: -9040249.04390
106. Current log-likelihood: -9040245.48861
107. Current log-likelihood: -9040241.94720
108. Current log-likelihood: -9040238.42212
109. Current log-likelihood: -9040234.91554
110. Current log-likelihood: -9040231.43003
111. Current log-likelihood: -9040227.96796
112. Current log-likelihood: -9040224.53180
113. Current log-likelihood: -9040221.12402
114. Current log-likelihood: -9040217.74721
115. Current log-likelihood: -9040214.40380
116. Current log-likelihood: -9040211.09638
117. Current log-likelihood: -9040207.82766
118. Current log-likelihood: -9040204.59998
119. Current log-likelihood: -9040201.41600
120. Current log-likelihood: -9040198.27819
121. Current log-likelihood: -9040195.18885
122. Current log-likelihood: -9040192.15068
123. Current log-likelihood: -9040189.16185
124. Current log-likelihood: -9040186.21307
125. Current log-likelihood: -9040183.31343
126. Current log-likelihood: -9040180.47415
127. Current log-likelihood: -9040177.69352
128. Current log-likelihood: -9040174.95919
129. Current log-likelihood: -9040172.29560
130. Current log-likelihood: -9040169.69964
131. Current log-likelihood: -9040167.16500
132. Current log-likelihood: -9040164.70211
133. Current log-likelihood: -9040162.29169
134. Current log-likelihood: -9040159.95701
135. Current log-likelihood: -9040157.69692
136. Current log-likelihood: -9040155.50778
137. Current log-likelihood: -9040153.38882
138. Current log-likelihood: -9040151.32721
139. Current log-likelihood: -9040149.34489
140. Current log-likelihood: -9040147.43671
141. Current log-likelihood: -9040145.60404
142. Current log-likelihood: -9040143.82732
143. Current log-likelihood: -9040142.12710
144. Current log-likelihood: -9040140.50326
145. Current log-likelihood: -9040138.94961
146. Current log-likelihood: -9040137.44790
147. Current log-likelihood: -9040136.02024
148. Current log-likelihood: -9040134.67793
149. Current log-likelihood: -9040133.37850
150. Current log-likelihood: -9040132.13405
151. Current log-likelihood: -9040130.95419
152. Current log-likelihood: -9040129.85724
153. Current log-likelihood: -9040128.79648
154. Current log-likelihood: -9040127.78380
155. Current log-likelihood: -9040126.85110
156. Current log-likelihood: -9040125.94824
157. Current log-likelihood: -9040125.11933
158. Current log-likelihood: -9040124.30646
159. Current log-likelihood: -9040123.54522
160. Current log-likelihood: -9040122.85063
161. Current log-likelihood: -9040122.19966
162. Current log-likelihood: -9040121.55683
163. Current log-likelihood: -9040120.95774
164. Current log-likelihood: -9040120.41666
165. Current log-likelihood: -9040119.91125
166. Current log-likelihood: -9040119.41040
167. Current log-likelihood: -9040118.94826
168. Current log-likelihood: -9040118.52916
169. Current log-likelihood: -9040118.13815
170. Current log-likelihood: -9040117.77120
171. Current log-likelihood: -9040117.40714
172. Current log-likelihood: -9040117.08373
173. Current log-likelihood: -9040116.78887
174. Current log-likelihood: -9040116.51410
175. Current log-likelihood: -9040116.25803
176. Current log-likelihood: -9040115.99341
177. Current log-likelihood: -9040115.75411
178. Current log-likelihood: -9040115.54385
179. Current log-likelihood: -9040115.34758
180. Current log-likelihood: -9040115.16438
181. Current log-likelihood: -9040114.99328
182. Current log-likelihood: -9040114.83368
183. Current log-likelihood: -9040114.68402
184. Current log-likelihood: -9040114.53626
185. Current log-likelihood: -9040114.38189
186. Current log-likelihood: -9040114.25708
187. Current log-likelihood: -9040114.13974
188. Current log-likelihood: -9040114.02913
189. Current log-likelihood: -9040113.92500
190. Current log-likelihood: -9040113.82697
191. Current log-likelihood: -9040113.73412
192. Current log-likelihood: -9040113.64646
193. Current log-likelihood: -9040113.56306
194. Current log-likelihood: -9040113.47984
195. Current log-likelihood: -9040113.40315
196. Current log-likelihood: -9040113.33026
197. Current log-likelihood: -9040113.26045
198. Current log-likelihood: -9040113.19394
199. Current log-likelihood: -9040113.12998
200. Current log-likelihood: -9040113.06883
201. Current log-likelihood: -9040113.01202
202. Current log-likelihood: -9040112.93615
203. Current log-likelihood: -9040112.85934
204. Current log-likelihood: -9040112.78565
205. Current log-likelihood: -9040112.71738
206. Current log-likelihood: -9040112.65031
207. Current log-likelihood: -9040112.58524
208. Current log-likelihood: -9040112.52175
209. Current log-likelihood: -9040112.45975
210. Current log-likelihood: -9040112.39905
211. Current log-likelihood: -9040112.33935
212. Current log-likelihood: -9040112.28063
213. Current log-likelihood: -9040112.22272
214. Current log-likelihood: -9040112.16545
215. Current log-likelihood: -9040112.10881
216. Current log-likelihood: -9040112.05263
217. Current log-likelihood: -9040111.99685
218. Current log-likelihood: -9040111.94144
219. Current log-likelihood: -9040111.88625
220. Current log-likelihood: -9040111.83128
221. Current log-likelihood: -9040111.77652
222. Current log-likelihood: -9040111.72175
223. Current log-likelihood: -9040111.66712
224. Current log-likelihood: -9040111.61246
225. Current log-likelihood: -9040111.55780
226. Current log-likelihood: -9040111.50309
227. Current log-likelihood: -9040111.44803
228. Current log-likelihood: -9040111.39297
229. Current log-likelihood: -9040111.33743
230. Current log-likelihood: -9040111.28164
231. Current log-likelihood: -9040111.22549
232. Current log-likelihood: -9040111.16904
233. Current log-likelihood: -9040111.11210
234. Current log-likelihood: -9040111.05492
235. Current log-likelihood: -9040110.99719
236. Current log-likelihood: -9040110.93918
237. Current log-likelihood: -9040110.88059
238. Current log-likelihood: -9040110.82171
239. Current log-likelihood: -9040110.76223
240. Current log-likelihood: -9040110.70243
241. Current log-likelihood: -9040110.64206
242. Current log-likelihood: -9040110.58122
243. Current log-likelihood: -9040110.52001
244. Current log-likelihood: -9040110.45816
245. Current log-likelihood: -9040110.39585
246. Current log-likelihood: -9040110.33316
247. Current log-likelihood: -9040110.26979
248. Current log-likelihood: -9040110.20595
249. Current log-likelihood: -9040110.14147
250. Current log-likelihood: -9040110.07685
251. Current log-likelihood: -9040110.01118
252. Current log-likelihood: -9040109.94548
253. Current log-likelihood: -9040109.86144
254. Current log-likelihood: -9040109.79199
255. Current log-likelihood: -9040109.70639
256. Current log-likelihood: -9040109.63430
257. Current log-likelihood: -9040109.56197
258. Current log-likelihood: -9040109.46827
259. Current log-likelihood: -9040109.39272
260. Current log-likelihood: -9040109.31684
261. Current log-likelihood: -9040109.21740
262. Current log-likelihood: -9040109.13770
263. Current log-likelihood: -9040109.05751
264. Current log-likelihood: -9040108.94654
265. Current log-likelihood: -9040108.86113
266. Current log-likelihood: -9040108.74907
267. Current log-likelihood: -9040108.66018
268. Current log-likelihood: -9040108.54663
269. Current log-likelihood: -9040108.45393
270. Current log-likelihood: -9040108.33752
271. Current log-likelihood: -9040108.24126
272. Current log-likelihood: -9040108.11538
273. Current log-likelihood: -9040107.99413
274. Current log-likelihood: -9040107.88994
275. Current log-likelihood: -9040107.76276
276. Current log-likelihood: -9040107.65488
277. Current log-likelihood: -9040107.52377
278. Current log-likelihood: -9040107.39944
279. Current log-likelihood: -9040107.26135
280. Current log-likelihood: -9040107.12939
281. Current log-likelihood: -9040106.99375
282. Current log-likelihood: -9040106.85786
283. Current log-likelihood: -9040105.08991
284. Current log-likelihood: -9040075.95526
285. Current log-likelihood: -9040053.77875
286. Current log-likelihood: -9040049.83476
287. Current log-likelihood: -9040048.11178
288. Current log-likelihood: -9040047.00762
289. Current log-likelihood: -9040045.92092
290. Current log-likelihood: -9040044.84708
291. Current log-likelihood: -9040043.78246
292. Current log-likelihood: -9040042.72842
293. Current log-likelihood: -9040041.68382
294. Current log-likelihood: -9040040.65448
295. Current log-likelihood: -9040039.63631
296. Current log-likelihood: -9040038.63317
297. Current log-likelihood: -9040037.64339
298. Current log-likelihood: -9040036.67042
299. Current log-likelihood: -9040035.71500
300. Current log-likelihood: -9040034.77560
301. Current log-likelihood: -9040033.85314
302. Current log-likelihood: -9040032.82455
303. Current log-likelihood: -9040031.73183
304. Current log-likelihood: -9040030.66872
305. Current log-likelihood: -9040029.63612
306. Current log-likelihood: -9040028.63192
307. Current log-likelihood: -9040027.65708
308. Current log-likelihood: -9040026.71614
309. Current log-likelihood: -9040025.80475
310. Current log-likelihood: -9040024.92524
311. Current log-likelihood: -9040024.07139
312. Current log-likelihood: -9040023.25229
313. Current log-likelihood: -9040022.45790
314. Current log-likelihood: -9040021.69182
315. Current log-likelihood: -9040020.95031
316. Current log-likelihood: -9040020.23081
317. Current log-likelihood: -9040019.53962
318. Current log-likelihood: -9040018.86209
319. Current log-likelihood: -9040018.18011
320. Current log-likelihood: -9040017.49217
321. Current log-likelihood: -9040016.83059
322. Current log-likelihood: -9040016.16947
323. Current log-likelihood: -9040015.53118
324. Current log-likelihood: -9040014.90222
325. Current log-likelihood: -9040014.27386
326. Current log-likelihood: -9040013.66435
327. Current log-likelihood: -9040013.06438
328. Current log-likelihood: -9040012.47328
329. Current log-likelihood: -9040011.89783
330. Current log-likelihood: -9040011.32267
331. Current log-likelihood: -9040010.76155
332. Current log-likelihood: -9040010.20012
333. Current log-likelihood: -9040009.65174
334. Current log-likelihood: -9040009.10990
335. Current log-likelihood: -9040008.57365
336. Current log-likelihood: -9040008.04247
337. Current log-likelihood: -9040007.52264
338. Current log-likelihood: -9040007.00087
339. Current log-likelihood: -9040006.48315
340. Current log-likelihood: -9040005.96861
341. Current log-likelihood: -9040005.45649
342. Current log-likelihood: -9040004.95511
343. Current log-likelihood: -9040004.44939
344. Current log-likelihood: -9040003.95293
345. Current log-likelihood: -9040003.45910
346. Current log-likelihood: -9040002.96753
347. Current log-likelihood: -9040002.47813
348. Current log-likelihood: -9040001.98408
349. Current log-likelihood: -9040001.49762
350. Current log-likelihood: -9040001.01266
351. Current log-likelihood: -9040000.52944
352. Current log-likelihood: -9040000.04667
353. Current log-likelihood: -9039999.57159
354. Current log-likelihood: -9039999.09111
355. Current log-likelihood: -9039998.61174
356. Current log-likelihood: -9039998.13919
357. Current log-likelihood: -9039997.66149
358. Current log-likelihood: -9039997.19031
359. Current log-likelihood: -9039996.71389
360. Current log-likelihood: -9039996.24372
361. Current log-likelihood: -9039995.76835
362. Current log-likelihood: -9039995.30424
363. Current log-likelihood: -9039994.82998
364. Current log-likelihood: -9039994.36130
365. Current log-likelihood: -9039993.89312
366. Current log-likelihood: -9039993.42501
367. Current log-likelihood: -9039992.95716
368. Current log-likelihood: -9039992.48930
369. Current log-likelihood: -9039992.02195
370. Current log-likelihood: -9039991.55433
371. Current log-likelihood: -9039991.08671
372. Current log-likelihood: -9039990.62412
373. Current log-likelihood: -9039990.15134
374. Current log-likelihood: -9039989.68826
375. Current log-likelihood: -9039989.22092
376. Current log-likelihood: -9039988.75834
377. Current log-likelihood: -9039988.29102
378. Current log-likelihood: -9039987.82814
379. Current log-likelihood: -9039987.36064
380. Current log-likelihood: -9039986.89774
381. Current log-likelihood: -9039986.42985
382. Current log-likelihood: -9039985.96633
383. Current log-likelihood: -9039985.49813
384. Current log-likelihood: -9039985.03440
385. Current log-likelihood: -9039984.57062
386. Current log-likelihood: -9039984.10176
387. Current log-likelihood: -9039983.63706
388. Current log-likelihood: -9039983.17293
389. Current log-likelihood: -9039982.70823
390. Current log-likelihood: -9039982.24352
391. Current log-likelihood: -9039981.77848
392. Current log-likelihood: -9039981.30840
393. Current log-likelihood: -9039980.84191
394. Current log-likelihood: -9039980.37569
395. Current log-likelihood: -9039979.90910
396. Current log-likelihood: -9039979.44252
397. Current log-likelihood: -9039978.97509
398. Current log-likelihood: -9039978.50751
399. Current log-likelihood: -9039978.03943
400. Current log-likelihood: -9039977.57123
401. Current log-likelihood: -9039977.10239
402. Current log-likelihood: -9039976.58198
403. Current log-likelihood: -9039976.02715
404. Current log-likelihood: -9039975.47213
405. Current log-likelihood: -9039974.91631
406. Current log-likelihood: -9039974.36005
407. Current log-likelihood: -9039973.79613
408. Current log-likelihood: -9039973.23794
409. Current log-likelihood: -9039972.67908
410. Current log-likelihood: -9039972.11961
411. Current log-likelihood: -9039971.55926
412. Current log-likelihood: -9039970.99760
413. Current log-likelihood: -9039970.43560
414. Current log-likelihood: -9039969.87263
415. Current log-likelihood: -9039969.30864
416. Current log-likelihood: -9039968.74381
417. Current log-likelihood: -9039968.17791
418. Current log-likelihood: -9039967.61059
419. Current log-likelihood: -9039967.04221
420. Current log-likelihood: -9039966.47280
421. Current log-likelihood: -9039965.90254
422. Current log-likelihood: -9039965.33071
423. Current log-likelihood: -9039964.75768
424. Current log-likelihood: -9039964.18348
425. Current log-likelihood: -9039963.60832
426. Current log-likelihood: -9039963.03144
427. Current log-likelihood: -9039962.45323
428. Current log-likelihood: -9039961.87372
429. Current log-likelihood: -9039961.29309
430. Current log-likelihood: -9039960.71063
431. Current log-likelihood: -9039960.12680
432. Current log-likelihood: -9039959.54122
433. Current log-likelihood: -9039958.95450
434. Current log-likelihood: -9039958.36583
435. Current log-likelihood: -9039957.78111
436. Current log-likelihood: -9039957.18964
437. Current log-likelihood: -9039956.59662
438. Current log-likelihood: -9039956.00730
439. Current log-likelihood: -9039955.41035
440. Current log-likelihood: -9039954.81806
441. Current log-likelihood: -9039954.21767
442. Current log-likelihood: -9039953.62139
443. Current log-likelihood: -9039953.02133
444. Current log-likelihood: -9039952.41198
445. Current log-likelihood: -9039951.80997
446. Current log-likelihood: -9039951.20545
447. Current log-likelihood: -9039950.59155
448. Current log-likelihood: -9039949.98318
449. Current log-likelihood: -9039949.36937
450. Current log-likelihood: -9039948.75654
451. Current log-likelihood: -9039948.13835
452. Current log-likelihood: -9039947.51869
453. Current log-likelihood: -9039946.89628
454. Current log-likelihood: -9039946.27126
455. Current log-likelihood: -9039945.64381
456. Current log-likelihood: -9039945.01319
457. Current log-likelihood: -9039944.37965
458. Current log-likelihood: -9039943.74341
459. Current log-likelihood: -9039943.10372
460. Current log-likelihood: -9039942.46086
461. Current log-likelihood: -9039941.81503
462. Current log-likelihood: -9039941.16551
463. Current log-likelihood: -9039940.51255
464. Current log-likelihood: -9039939.85635
465. Current log-likelihood: -9039939.19619
466. Current log-likelihood: -9039938.53229
467. Current log-likelihood: -9039937.86487
468. Current log-likelihood: -9039937.19068
469. Current log-likelihood: -9039936.51556
470. Current log-likelihood: -9039935.83339
471. Current log-likelihood: -9039935.14999
472. Current log-likelihood: -9039934.45858
473. Current log-likelihood: -9039933.76360
474. Current log-likelihood: -9039933.06373
475. Current log-likelihood: -9039932.35894
476. Current log-likelihood: -9039931.64941
477. Current log-likelihood: -9039930.93441
478. Current log-likelihood: -9039930.21403
479. Current log-likelihood: -9039929.48844
480. Current log-likelihood: -9039928.75688
481. Current log-likelihood: -9039928.01944
482. Current log-likelihood: -9039927.27623
483. Current log-likelihood: -9039926.52650
484. Current log-likelihood: -9039925.76710
485. Current log-likelihood: -9039925.00531
486. Current log-likelihood: -9039924.23215
487. Current log-likelihood: -9039923.45264
488. Current log-likelihood: -9039922.66586
489. Current log-likelihood: -9039921.87100
490. Current log-likelihood: -9039921.06838
491. Current log-likelihood: -9039920.25708
492. Current log-likelihood: -9039919.43698
493. Current log-likelihood: -9039918.60473
494. Current log-likelihood: -9039917.77233
495. Current log-likelihood: -9039916.92140
496. Current log-likelihood: -9039916.06811
497. Current log-likelihood: -9039915.20631
498. Current log-likelihood: -9039914.33349
499. Current log-likelihood: -9039913.42784
500. Current log-likelihood: -9039912.53071
501. Current log-likelihood: -9039911.61511
502. Current log-likelihood: -9039910.62910
503. Current log-likelihood: -9039909.57933
504. Current log-likelihood: -9039908.49475
505. Current log-likelihood: -9039907.39437
506. Current log-likelihood: -9039906.27319
507. Current log-likelihood: -9039905.13123
508. Current log-likelihood: -9039903.97146
509. Current log-likelihood: -9039902.79420
510. Current log-likelihood: -9039901.59026
511. Current log-likelihood: -9039900.35836
512. Current log-likelihood: -9039899.10508
513. Current log-likelihood: -9039897.82236
514. Current log-likelihood: -9039896.52303
515. Current log-likelihood: -9039895.19737
516. Current log-likelihood: -9039893.83729
517. Current log-likelihood: -9039892.45360
518. Current log-likelihood: -9039891.06196
519. Current log-likelihood: -9039889.63935
520. Current log-likelihood: -9039888.22179
521. Current log-likelihood: -9039887.07096
522. Current log-likelihood: -9039886.09419
523. Current log-likelihood: -9039885.29330
524. Current log-likelihood: -9039884.62343
525. Current log-likelihood: -9039884.07837
526. Current log-likelihood: -9039883.63299
527. Current log-likelihood: -9039883.26913
528. Current log-likelihood: -9039882.96228
529. Current log-likelihood: -9039882.71842
530. Current log-likelihood: -9039882.51999
531. Current log-likelihood: -9039882.36186
532. Current log-likelihood: -9039882.23287
533. Current log-likelihood: -9039882.12921
534. Current log-likelihood: -9039882.03509
535. Current log-likelihood: -9039881.96796
536. Current log-likelihood: -9039881.91254
537. Current log-likelihood: -9039881.86928
538. Current log-likelihood: -9039881.83363
539. Current log-likelihood: -9039881.80459
540. Current log-likelihood: -9039881.78233
541. Current log-likelihood: -9039881.76377
542. Current log-likelihood: -9039881.74849
543. Current log-likelihood: -9039881.73711
544. Current log-likelihood: -9039881.72743
545. Current log-likelihood: -9039881.71933
546. Current log-likelihood: -9039881.71257
547. Current log-likelihood: -9039881.70754
548. Current log-likelihood: -9039881.70268
549. Current log-likelihood: -9039881.70100
550. Current log-likelihood: -9039881.69708
551. Current log-likelihood: -9039881.69587
552. Current log-likelihood: -9039881.69485
553. Current log-likelihood: -9039881.69393
Final estimation on weights:
0.97406,0.00429,0.02165
Wrote distance file to... 
BEST SCORE FOUND : -9039881.69393
Total tree lengths: 0.23528 1.56661 0.49817

Total number of iterations: 551
CPU time used for tree search: 0.00004 sec (0h:0m:0s)
Wall-clock time used for tree search: 0.00003 sec (0h:0m:0s)
Total CPU time used: 208652.77251 sec (57h:57m:32s)
Total wall-clock time used: 6630.06473 sec (1h:50m:30s)

Analysis results written to: 
  IQ-TREE report:                mast_all_occ80_JU3200_quartet_12.submodel6.iqtree
  Maximum-likelihood tree:       mast_all_occ80_JU3200_quartet_12.submodel6.treefile
  Screen log file:               mast_all_occ80_JU3200_quartet_12.submodel6.log

Date and Time: Thu Jul  9 01:12:49 2026
