IQ-TREE version 3.0.1 for Linux x86 64-bit built Jul  9 2025
Developed by Bui Quang Minh, Thomas Wong, Nhan Ly-Trong, Huaiyan Ren
Contributed by Lam-Tung Nguyen, Dominik Schrempf, Chris Bielow,
Olga Chernomor, Michael Woodhams, Diep Thi Hoang, Heiko Schmidt

Host:    c365 (AVX512, FMA3, 188 GB RAM)
Command: iqtree3 -s /vast/eande106/projects/Nicolas/github/CB_PopGen_HDR_MS/processed_data/tree_topology/mast/mast_all/occ80_JU3237_quartet_16_supermatrix.clean.fas -m TMIX{LG+FO+G,LG+FO+G,LG+FO+G}+T -te /vast/eande106/projects/Nicolas/github/CB_PopGen_HDR_MS/processed_data/tree_topology/mast/quartet_topologies/quartet_16_ZF1220_JU3237_topologies.tre --prefix mast_all_occ80_JU3237_quartet_16.submodel1 -T 48
Seed:    402013 (Using SPRNG - Scalable Parallel Random Number Generator)
Time:    Wed Jul  8 23:20:53 2026
Kernel:  AVX+FMA - 48 threads (48 CPU cores detected)

Reading alignment file /vast/eande106/projects/Nicolas/github/CB_PopGen_HDR_MS/processed_data/tree_topology/mast/mast_all/occ80_JU3237_quartet_16_supermatrix.clean.fas ... Fasta format detected
Reading fasta file: done in 0.199048 secs using 54.24% CPU
Alignment most likely contains protein sequences
Constructing alignment: done in 3.038 secs
WARNING: 1 sites contain only gaps or ambiguous characters.
Alignment has 4 sequences with 2794988 columns, 12679 distinct patterns
21683 parsimony-informative, 431156 singleton sites, 2342149 constant sites
        Gap/Ambiguity  Composition  p-value
Analyzing sequences: done in 0.00777555 secs using 4165% CPU
   1  PX506     5.11%    failed      0.00%
   2  ZF1220    2.77%    passed     26.16%
   3  JU3237    2.30%    passed     82.89%
   4  QX1410    2.19%    passed     96.63%
****  TOTAL     3.09%  1 sequences failed composition chi2 test (p-value<5%; df=19)
Number of input trees: 3
Minimum branch length is set to 0.0000010
Checking for duplicate sequences: done in 0.000344438 secs using 912.5% CPU

NOTE: 94 MB RAM (0 GB) is required!
According to the parsimony scores along the sites, the tree weights are initialized to:
0.9681317,0.0107457,0.0211225
Estimate model parameters (epsilon = 0.00100)
1. Initial log-likelihood: -10803188.02738
2. Current log-likelihood: -10801837.95122
3. Current log-likelihood: -10798090.76929
4. Current log-likelihood: -10797588.61406
5. Current log-likelihood: -10797527.56173
6. Current log-likelihood: -10797475.24199
7. Current log-likelihood: -10797427.42400
8. Current log-likelihood: -10797385.61734
9. Current log-likelihood: -10797349.22689
10. Current log-likelihood: -10797317.60777
11. Current log-likelihood: -10797290.25842
12. Current log-likelihood: -10797266.76698
13. Current log-likelihood: -10797244.21914
14. Current log-likelihood: -10797226.50632
15. Current log-likelihood: -10797211.39715
16. Current log-likelihood: -10797198.59215
17. Current log-likelihood: -10797187.76997
18. Current log-likelihood: -10797178.62360
19. Current log-likelihood: -10797170.96904
20. Current log-likelihood: -10797164.55959
21. Current log-likelihood: -10797159.21864
22. Current log-likelihood: -10797154.75800
23. Current log-likelihood: -10797151.06100
24. Current log-likelihood: -10797147.99414
25. Current log-likelihood: -10797145.45390
26. Current log-likelihood: -10797143.35986
27. Current log-likelihood: -10797141.63363
28. Current log-likelihood: -10797140.19612
29. Current log-likelihood: -10797139.02233
30. Current log-likelihood: -10797138.03932
31. Current log-likelihood: -10797137.23773
32. Current log-likelihood: -10797136.56964
33. Current log-likelihood: -10797136.02017
34. Current log-likelihood: -10797135.56648
35. Current log-likelihood: -10797135.20035
36. Current log-likelihood: -10797134.88621
37. Current log-likelihood: -10797134.63393
38. Current log-likelihood: -10797134.41786
39. Current log-likelihood: -10797134.23355
40. Current log-likelihood: -10797134.13514
41. Current log-likelihood: -10797133.97287
42. Current log-likelihood: -10797133.89645
43. Current log-likelihood: -10797133.77757
44. Current log-likelihood: -10797133.71698
45. Current log-likelihood: -10797133.62768
46. Current log-likelihood: -10797133.57904
47. Current log-likelihood: -10797133.50899
48. Current log-likelihood: -10797133.46767
49. Current log-likelihood: -10797133.41107
50. Current log-likelihood: -10797133.37474
51. Current log-likelihood: -10797133.32803
52. Current log-likelihood: -10797133.29509
53. Current log-likelihood: -10797133.25626
54. Current log-likelihood: -10797133.22613
55. Current log-likelihood: -10797133.19092
56. Current log-likelihood: -10797133.16258
57. Current log-likelihood: -10797133.13053
58. Current log-likelihood: -10797133.10336
59. Current log-likelihood: -10797133.07409
60. Current log-likelihood: -10797133.04788
61. Current log-likelihood: -10797133.02116
62. Current log-likelihood: -10797132.99489
63. Current log-likelihood: -10797132.96891
64. Current log-likelihood: -10797132.94299
65. Current log-likelihood: -10797132.91753
66. Current log-likelihood: -10797132.89226
67. Current log-likelihood: -10797132.86765
68. Current log-likelihood: -10797132.84257
69. Current log-likelihood: -10797132.81783
70. Current log-likelihood: -10797132.79349
71. Current log-likelihood: -10797132.76907
72. Current log-likelihood: -10797132.74484
73. Current log-likelihood: -10797132.72035
74. Current log-likelihood: -10797132.69640
75. Current log-likelihood: -10797132.67233
76. Current log-likelihood: -10797132.64846
77. Current log-likelihood: -10797132.62472
78. Current log-likelihood: -10797132.60078
79. Current log-likelihood: -10797132.57719
80. Current log-likelihood: -10797132.55361
81. Current log-likelihood: -10797132.52992
82. Current log-likelihood: -10797132.50664
83. Current log-likelihood: -10797132.48313
84. Current log-likelihood: -10797132.45962
85. Current log-likelihood: -10797132.43638
86. Current log-likelihood: -10797132.41313
87. Current log-likelihood: -10797132.38989
88. Current log-likelihood: -10797132.36660
89. Current log-likelihood: -10797132.34355
90. Current log-likelihood: -10797132.32048
91. Current log-likelihood: -10797132.29757
92. Current log-likelihood: -10797132.27447
93. Current log-likelihood: -10797132.25160
94. Current log-likelihood: -10797132.22866
95. Current log-likelihood: -10797132.20586
96. Current log-likelihood: -10797132.18307
97. Current log-likelihood: -10797132.16020
98. Current log-likelihood: -10797132.13743
99. Current log-likelihood: -10797132.11476
100. Current log-likelihood: -10797132.09222
101. Current log-likelihood: -10797132.06953
102. Current log-likelihood: -10797132.02485
103. Current log-likelihood: -10797131.98028
104. Current log-likelihood: -10797131.93554
105. Current log-likelihood: -10797131.89100
106. Current log-likelihood: -10797131.84703
107. Current log-likelihood: -10797131.80291
108. Current log-likelihood: -10797131.75885
109. Current log-likelihood: -10797131.71535
110. Current log-likelihood: -10797131.67152
111. Current log-likelihood: -10797131.62789
112. Current log-likelihood: -10797131.58488
113. Current log-likelihood: -10797131.54145
114. Current log-likelihood: -10797131.49831
115. Current log-likelihood: -10797131.45584
116. Current log-likelihood: -10797131.41271
117. Current log-likelihood: -10797131.37002
118. Current log-likelihood: -10797131.32773
119. Current log-likelihood: -10797131.28527
120. Current log-likelihood: -10797131.24299
121. Current log-likelihood: -10797131.20113
122. Current log-likelihood: -10797131.15919
123. Current log-likelihood: -10797131.11717
124. Current log-likelihood: -10797131.07571
125. Current log-likelihood: -10797131.03405
126. Current log-likelihood: -10797130.99264
127. Current log-likelihood: -10797130.95156
128. Current log-likelihood: -10797130.91032
129. Current log-likelihood: -10797130.86933
130. Current log-likelihood: -10797130.82864
131. Current log-likelihood: -10797130.78781
132. Current log-likelihood: -10797130.74708
133. Current log-likelihood: -10797130.70685
134. Current log-likelihood: -10797130.66647
135. Current log-likelihood: -10797130.62617
136. Current log-likelihood: -10797130.58628
137. Current log-likelihood: -10797130.54627
138. Current log-likelihood: -10797130.50637
139. Current log-likelihood: -10797130.46681
140. Current log-likelihood: -10797130.42731
141. Current log-likelihood: -10797130.38769
142. Current log-likelihood: -10797130.34871
143. Current log-likelihood: -10797130.30940
144. Current log-likelihood: -10797130.27036
145. Current log-likelihood: -10797130.23169
146. Current log-likelihood: -10797130.19274
147. Current log-likelihood: -10797130.15409
148. Current log-likelihood: -10797130.11567
149. Current log-likelihood: -10797130.07731
150. Current log-likelihood: -10797130.03884
151. Current log-likelihood: -10797130.00099
152. Current log-likelihood: -10797129.96282
153. Current log-likelihood: -10797129.92491
154. Current log-likelihood: -10797129.88741
155. Current log-likelihood: -10797129.84968
156. Current log-likelihood: -10797129.81204
157. Current log-likelihood: -10797129.77335
158. Current log-likelihood: -10797129.73623
159. Current log-likelihood: -10797129.69892
160. Current log-likelihood: -10797129.66218
161. Current log-likelihood: -10797129.62498
162. Current log-likelihood: -10797129.58833
163. Current log-likelihood: -10797129.55185
164. Current log-likelihood: -10797129.51493
165. Current log-likelihood: -10797129.47858
166. Current log-likelihood: -10797129.44234
167. Current log-likelihood: -10797129.40604
168. Current log-likelihood: -10797129.36984
169. Current log-likelihood: -10797129.33421
170. Current log-likelihood: -10797129.29819
171. Current log-likelihood: -10797129.26241
172. Current log-likelihood: -10797129.22697
173. Current log-likelihood: -10797129.19127
174. Current log-likelihood: -10797129.15586
175. Current log-likelihood: -10797129.12060
176. Current log-likelihood: -10797129.08557
177. Current log-likelihood: -10797129.05043
178. Current log-likelihood: -10797129.01548
179. Current log-likelihood: -10797128.98068
180. Current log-likelihood: -10797128.94601
181. Current log-likelihood: -10797128.91151
182. Current log-likelihood: -10797128.87680
183. Current log-likelihood: -10797128.84252
184. Current log-likelihood: -10797128.80818
185. Current log-likelihood: -10797128.77388
186. Current log-likelihood: -10797128.73991
187. Current log-likelihood: -10797128.70598
188. Current log-likelihood: -10797128.67217
189. Current log-likelihood: -10797128.63835
190. Current log-likelihood: -10797128.60485
191. Current log-likelihood: -10797128.57128
192. Current log-likelihood: -10797128.53793
193. Current log-likelihood: -10797128.50455
194. Current log-likelihood: -10797128.47148
195. Current log-likelihood: -10797128.43822
196. Current log-likelihood: -10797128.40541
197. Current log-likelihood: -10797128.37256
198. Current log-likelihood: -10797128.33969
199. Current log-likelihood: -10797128.30705
200. Current log-likelihood: -10797128.27451
201. Current log-likelihood: -10797128.24203
202. Current log-likelihood: -10797128.19391
203. Current log-likelihood: -10797128.14614
204. Current log-likelihood: -10797128.09838
205. Current log-likelihood: -10797128.05044
206. Current log-likelihood: -10797128.00330
207. Current log-likelihood: -10797127.95582
208. Current log-likelihood: -10797127.90940
209. Current log-likelihood: -10797127.86133
210. Current log-likelihood: -10797127.81519
211. Current log-likelihood: -10797127.76855
212. Current log-likelihood: -10797127.72284
213. Current log-likelihood: -10797127.67713
214. Current log-likelihood: -10797127.63038
215. Current log-likelihood: -10797127.58542
216. Current log-likelihood: -10797127.53922
217. Current log-likelihood: -10797127.49466
218. Current log-likelihood: -10797127.44956
219. Current log-likelihood: -10797127.40522
220. Current log-likelihood: -10797127.36073
221. Current log-likelihood: -10797127.31685
222. Current log-likelihood: -10797127.27259
223. Current log-likelihood: -10797127.22723
224. Current log-likelihood: -10797127.18372
225. Current log-likelihood: -10797127.14089
226. Current log-likelihood: -10797127.09675
227. Current log-likelihood: -10797127.05427
228. Current log-likelihood: -10797127.01128
229. Current log-likelihood: -10797126.96910
230. Current log-likelihood: -10797126.92594
231. Current log-likelihood: -10797126.88416
232. Current log-likelihood: -10797126.84182
233. Current log-likelihood: -10797126.80060
234. Current log-likelihood: -10797126.75869
235. Current log-likelihood: -10797126.71738
236. Current log-likelihood: -10797126.67294
237. Current log-likelihood: -10797126.63212
238. Current log-likelihood: -10797126.59138
239. Current log-likelihood: -10797126.55047
240. Current log-likelihood: -10797126.51033
241. Current log-likelihood: -10797126.46971
242. Current log-likelihood: -10797126.43006
243. Current log-likelihood: -10797126.38991
244. Current log-likelihood: -10797126.35041
245. Current log-likelihood: -10797126.31056
246. Current log-likelihood: -10797126.27166
247. Current log-likelihood: -10797126.23152
248. Current log-likelihood: -10797126.19303
249. Current log-likelihood: -10797126.15387
250. Current log-likelihood: -10797126.11544
251. Current log-likelihood: -10797126.07730
252. Current log-likelihood: -10797126.03866
253. Current log-likelihood: -10797126.00088
254. Current log-likelihood: -10797125.96278
255. Current log-likelihood: -10797125.92543
256. Current log-likelihood: -10797125.88745
257. Current log-likelihood: -10797125.85059
258. Current log-likelihood: -10797125.81307
259. Current log-likelihood: -10797125.77624
260. Current log-likelihood: -10797125.73921
261. Current log-likelihood: -10797125.70284
262. Current log-likelihood: -10797125.66600
263. Current log-likelihood: -10797125.62989
264. Current log-likelihood: -10797125.59396
265. Current log-likelihood: -10797125.55696
266. Current log-likelihood: -10797125.52148
267. Current log-likelihood: -10797125.48551
268. Current log-likelihood: -10797125.45014
269. Current log-likelihood: -10797125.41476
270. Current log-likelihood: -10797125.37985
271. Current log-likelihood: -10797125.34441
272. Current log-likelihood: -10797125.30989
273. Current log-likelihood: -10797125.27500
274. Current log-likelihood: -10797125.24061
275. Current log-likelihood: -10797125.20599
276. Current log-likelihood: -10797125.17202
277. Current log-likelihood: -10797125.13761
278. Current log-likelihood: -10797125.10411
279. Current log-likelihood: -10797125.07012
280. Current log-likelihood: -10797125.03659
281. Current log-likelihood: -10797125.00303
282. Current log-likelihood: -10797124.96997
283. Current log-likelihood: -10797124.93651
284. Current log-likelihood: -10797124.90376
285. Current log-likelihood: -10797124.87109
286. Current log-likelihood: -10797124.83794
287. Current log-likelihood: -10797124.80581
288. Current log-likelihood: -10797124.77308
289. Current log-likelihood: -10797124.74106
290. Current log-likelihood: -10797124.70872
291. Current log-likelihood: -10797124.67707
292. Current log-likelihood: -10797124.64485
293. Current log-likelihood: -10797124.61345
294. Current log-likelihood: -10797124.58030
295. Current log-likelihood: -10797124.54886
296. Current log-likelihood: -10797124.51799
297. Current log-likelihood: -10797124.48662
298. Current log-likelihood: -10797124.45586
299. Current log-likelihood: -10797124.42480
300. Current log-likelihood: -10797124.39429
301. Current log-likelihood: -10797124.36341
302. Current log-likelihood: -10797124.32347
303. Current log-likelihood: -10797124.28311
304. Current log-likelihood: -10797124.24366
305. Current log-likelihood: -10797124.20290
306. Current log-likelihood: -10797124.16383
307. Current log-likelihood: -10797124.12436
308. Current log-likelihood: -10797124.08582
309. Current log-likelihood: -10797124.04687
310. Current log-likelihood: -10797124.00858
311. Current log-likelihood: -10797123.97022
312. Current log-likelihood: -10797123.93242
313. Current log-likelihood: -10797123.89352
314. Current log-likelihood: -10797123.85636
315. Current log-likelihood: -10797123.81877
316. Current log-likelihood: -10797123.78173
317. Current log-likelihood: -10797123.74468
318. Current log-likelihood: -10797123.70816
319. Current log-likelihood: -10797123.67142
320. Current log-likelihood: -10797123.63544
321. Current log-likelihood: -10797123.59929
322. Current log-likelihood: -10797123.56346
323. Current log-likelihood: -10797123.52811
324. Current log-likelihood: -10797123.49171
325. Current log-likelihood: -10797123.45654
326. Current log-likelihood: -10797123.42140
327. Current log-likelihood: -10797123.38679
328. Current log-likelihood: -10797123.35191
329. Current log-likelihood: -10797123.31768
330. Current log-likelihood: -10797123.28338
331. Current log-likelihood: -10797123.24948
332. Current log-likelihood: -10797123.21556
333. Current log-likelihood: -10797123.18208
334. Current log-likelihood: -10797123.14844
335. Current log-likelihood: -10797123.11533
336. Current log-likelihood: -10797123.08255
337. Current log-likelihood: -10797123.04854
338. Current log-likelihood: -10797123.01620
339. Current log-likelihood: -10797122.98362
340. Current log-likelihood: -10797122.95146
341. Current log-likelihood: -10797122.91911
342. Current log-likelihood: -10797122.88734
343. Current log-likelihood: -10797122.85535
344. Current log-likelihood: -10797122.82394
345. Current log-likelihood: -10797122.79235
346. Current log-likelihood: -10797122.76135
347. Current log-likelihood: -10797122.73009
348. Current log-likelihood: -10797122.69946
349. Current log-likelihood: -10797122.66877
350. Current log-likelihood: -10797122.63803
351. Current log-likelihood: -10797122.60810
352. Current log-likelihood: -10797122.57756
353. Current log-likelihood: -10797122.54745
354. Current log-likelihood: -10797122.51807
355. Current log-likelihood: -10797122.48835
356. Current log-likelihood: -10797122.45859
357. Current log-likelihood: -10797122.42967
358. Current log-likelihood: -10797122.40029
359. Current log-likelihood: -10797122.37120
360. Current log-likelihood: -10797122.34265
361. Current log-likelihood: -10797122.31366
362. Current log-likelihood: -10797122.28537
363. Current log-likelihood: -10797122.25525
364. Current log-likelihood: -10797122.22723
365. Current log-likelihood: -10797122.19943
366. Current log-likelihood: -10797122.17176
367. Current log-likelihood: -10797122.14358
368. Current log-likelihood: -10797122.11641
369. Current log-likelihood: -10797122.08863
370. Current log-likelihood: -10797122.06150
371. Current log-likelihood: -10797122.03454
372. Current log-likelihood: -10797122.00726
373. Current log-likelihood: -10797121.98077
374. Current log-likelihood: -10797121.95396
375. Current log-likelihood: -10797121.92743
376. Current log-likelihood: -10797121.90116
377. Current log-likelihood: -10797121.87522
378. Current log-likelihood: -10797121.84867
379. Current log-likelihood: -10797121.82305
380. Current log-likelihood: -10797121.79701
381. Current log-likelihood: -10797121.77131
382. Current log-likelihood: -10797121.74603
383. Current log-likelihood: -10797121.72076
384. Current log-likelihood: -10797121.69524
385. Current log-likelihood: -10797121.67044
386. Current log-likelihood: -10797121.64529
387. Current log-likelihood: -10797121.62033
388. Current log-likelihood: -10797121.59595
389. Current log-likelihood: -10797121.57146
390. Current log-likelihood: -10797121.54667
391. Current log-likelihood: -10797121.52269
392. Current log-likelihood: -10797121.49825
393. Current log-likelihood: -10797121.47427
394. Current log-likelihood: -10797121.45057
395. Current log-likelihood: -10797121.42700
396. Current log-likelihood: -10797121.40182
397. Current log-likelihood: -10797121.37857
398. Current log-likelihood: -10797121.35473
399. Current log-likelihood: -10797121.33181
400. Current log-likelihood: -10797121.30849
401. Current log-likelihood: -10797121.28552
402. Current log-likelihood: -10797121.25729
403. Current log-likelihood: -10797121.22872
404. Current log-likelihood: -10797121.20092
405. Current log-likelihood: -10797121.17262
406. Current log-likelihood: -10797121.14512
407. Current log-likelihood: -10797121.11745
408. Current log-likelihood: -10797121.08997
409. Current log-likelihood: -10797121.06312
410. Current log-likelihood: -10797121.03588
411. Current log-likelihood: -10797121.00891
412. Current log-likelihood: -10797120.98262
413. Current log-likelihood: -10797120.95620
414. Current log-likelihood: -10797120.92901
415. Current log-likelihood: -10797120.90297
416. Current log-likelihood: -10797120.87687
417. Current log-likelihood: -10797120.85120
418. Current log-likelihood: -10797120.82549
419. Current log-likelihood: -10797120.80006
420. Current log-likelihood: -10797120.77475
421. Current log-likelihood: -10797120.74963
422. Current log-likelihood: -10797120.72481
423. Current log-likelihood: -10797120.70017
424. Current log-likelihood: -10797120.67516
425. Current log-likelihood: -10797120.65110
426. Current log-likelihood: -10797120.62638
427. Current log-likelihood: -10797120.60223
428. Current log-likelihood: -10797120.57846
429. Current log-likelihood: -10797120.55470
430. Current log-likelihood: -10797120.52950
431. Current log-likelihood: -10797120.50634
432. Current log-likelihood: -10797120.48268
433. Current log-likelihood: -10797120.45949
434. Current log-likelihood: -10797120.43638
435. Current log-likelihood: -10797120.41349
436. Current log-likelihood: -10797120.39053
437. Current log-likelihood: -10797120.36798
438. Current log-likelihood: -10797120.34563
439. Current log-likelihood: -10797120.32306
440. Current log-likelihood: -10797120.30105
441. Current log-likelihood: -10797120.27871
442. Current log-likelihood: -10797120.25662
443. Current log-likelihood: -10797120.23523
444. Current log-likelihood: -10797120.21362
445. Current log-likelihood: -10797120.19120
446. Current log-likelihood: -10797120.17020
447. Current log-likelihood: -10797120.14857
448. Current log-likelihood: -10797120.12751
449. Current log-likelihood: -10797120.10661
450. Current log-likelihood: -10797120.08549
451. Current log-likelihood: -10797120.06507
452. Current log-likelihood: -10797120.04414
453. Current log-likelihood: -10797120.02360
454. Current log-likelihood: -10797120.00342
455. Current log-likelihood: -10797119.98344
456. Current log-likelihood: -10797119.96294
457. Current log-likelihood: -10797119.94319
458. Current log-likelihood: -10797119.92315
459. Current log-likelihood: -10797119.90338
460. Current log-likelihood: -10797119.88393
461. Current log-likelihood: -10797119.86460
462. Current log-likelihood: -10797119.84391
463. Current log-likelihood: -10797119.82497
464. Current log-likelihood: -10797119.80558
465. Current log-likelihood: -10797119.78675
466. Current log-likelihood: -10797119.76764
467. Current log-likelihood: -10797119.74909
468. Current log-likelihood: -10797119.73013
469. Current log-likelihood: -10797119.71164
470. Current log-likelihood: -10797119.69326
471. Current log-likelihood: -10797119.67474
472. Current log-likelihood: -10797119.65686
473. Current log-likelihood: -10797119.63836
474. Current log-likelihood: -10797119.62046
475. Current log-likelihood: -10797119.60280
476. Current log-likelihood: -10797119.58475
477. Current log-likelihood: -10797119.56718
478. Current log-likelihood: -10797119.54950
479. Current log-likelihood: -10797119.53209
480. Current log-likelihood: -10797119.51491
481. Current log-likelihood: -10797119.49749
482. Current log-likelihood: -10797119.48042
483. Current log-likelihood: -10797119.46318
484. Current log-likelihood: -10797119.44629
485. Current log-likelihood: -10797119.42962
486. Current log-likelihood: -10797119.41270
487. Current log-likelihood: -10797119.39613
488. Current log-likelihood: -10797119.37939
489. Current log-likelihood: -10797119.36312
490. Current log-likelihood: -10797119.34682
491. Current log-likelihood: -10797119.33032
492. Current log-likelihood: -10797119.31435
493. Current log-likelihood: -10797119.29813
494. Current log-likelihood: -10797119.28224
495. Current log-likelihood: -10797119.26656
496. Current log-likelihood: -10797119.25040
497. Current log-likelihood: -10797119.23497
498. Current log-likelihood: -10797119.21920
499. Current log-likelihood: -10797119.20381
500. Current log-likelihood: -10797119.18847
501. Current log-likelihood: -10797119.17299
502. Current log-likelihood: -10797119.15500
503. Current log-likelihood: -10797119.13675
504. Current log-likelihood: -10797119.11887
505. Current log-likelihood: -10797119.10114
506. Current log-likelihood: -10797119.08314
507. Current log-likelihood: -10797119.06584
508. Current log-likelihood: -10797119.04813
509. Current log-likelihood: -10797119.03082
510. Current log-likelihood: -10797119.01374
511. Current log-likelihood: -10797118.99668
512. Current log-likelihood: -10797118.97939
513. Current log-likelihood: -10797118.96282
514. Current log-likelihood: -10797118.94590
515. Current log-likelihood: -10797118.92912
516. Current log-likelihood: -10797118.91277
517. Current log-likelihood: -10797118.89653
518. Current log-likelihood: -10797118.87998
519. Current log-likelihood: -10797118.86399
520. Current log-likelihood: -10797118.84764
521. Current log-likelihood: -10797118.83163
522. Current log-likelihood: -10797118.81596
523. Current log-likelihood: -10797118.80037
524. Current log-likelihood: -10797118.78432
525. Current log-likelihood: -10797118.76894
526. Current log-likelihood: -10797118.75341
527. Current log-likelihood: -10797118.73809
528. Current log-likelihood: -10797118.72294
529. Current log-likelihood: -10797118.70796
530. Current log-likelihood: -10797118.69261
531. Current log-likelihood: -10797118.67785
532. Current log-likelihood: -10797118.66290
533. Current log-likelihood: -10797118.64835
534. Current log-likelihood: -10797118.63363
535. Current log-likelihood: -10797118.61895
536. Current log-likelihood: -10797118.60471
537. Current log-likelihood: -10797118.59015
538. Current log-likelihood: -10797118.57598
539. Current log-likelihood: -10797118.56195
540. Current log-likelihood: -10797118.54753
541. Current log-likelihood: -10797118.53382
542. Current log-likelihood: -10797118.51985
543. Current log-likelihood: -10797118.50608
544. Current log-likelihood: -10797118.49240
545. Current log-likelihood: -10797118.47867
546. Current log-likelihood: -10797118.46518
547. Current log-likelihood: -10797118.45174
548. Current log-likelihood: -10797118.43847
549. Current log-likelihood: -10797118.42531
550. Current log-likelihood: -10797118.41180
551. Current log-likelihood: -10797118.39895
552. Current log-likelihood: -10797118.38586
553. Current log-likelihood: -10797118.37296
554. Current log-likelihood: -10797118.36027
555. Current log-likelihood: -10797118.34727
556. Current log-likelihood: -10797118.33461
557. Current log-likelihood: -10797118.32200
558. Current log-likelihood: -10797118.30956
559. Current log-likelihood: -10797118.29736
560. Current log-likelihood: -10797118.28457
561. Current log-likelihood: -10797118.27251
562. Current log-likelihood: -10797118.26023
563. Current log-likelihood: -10797118.24812
564. Current log-likelihood: -10797118.23621
565. Current log-likelihood: -10797118.22416
566. Current log-likelihood: -10797118.21234
567. Current log-likelihood: -10797118.20030
568. Current log-likelihood: -10797118.18869
569. Current log-likelihood: -10797118.17716
570. Current log-likelihood: -10797118.16530
571. Current log-likelihood: -10797118.15383
572. Current log-likelihood: -10797118.14233
573. Current log-likelihood: -10797118.13106
574. Current log-likelihood: -10797118.11976
575. Current log-likelihood: -10797118.10842
576. Current log-likelihood: -10797118.09746
577. Current log-likelihood: -10797118.08617
578. Current log-likelihood: -10797118.07511
579. Current log-likelihood: -10797118.06428
580. Current log-likelihood: -10797118.05330
581. Current log-likelihood: -10797118.04267
582. Current log-likelihood: -10797118.03172
583. Current log-likelihood: -10797118.02107
584. Current log-likelihood: -10797118.01050
585. Current log-likelihood: -10797117.99992
586. Current log-likelihood: -10797117.98939
587. Current log-likelihood: -10797117.97897
588. Current log-likelihood: -10797117.96870
589. Current log-likelihood: -10797117.95828
590. Current log-likelihood: -10797117.94807
591. Current log-likelihood: -10797117.93780
592. Current log-likelihood: -10797117.92786
593. Current log-likelihood: -10797117.91773
594. Current log-likelihood: -10797117.90777
595. Current log-likelihood: -10797117.89778
596. Current log-likelihood: -10797117.88791
597. Current log-likelihood: -10797117.87811
598. Current log-likelihood: -10797117.86830
599. Current log-likelihood: -10797117.85863
600. Current log-likelihood: -10797117.84903
601. Current log-likelihood: -10797117.83964
602. Current log-likelihood: -10797117.82827
603. Current log-likelihood: -10797117.81703
604. Current log-likelihood: -10797117.80606
605. Current log-likelihood: -10797117.79545
606. Current log-likelihood: -10797117.78445
607. Current log-likelihood: -10797117.77392
608. Current log-likelihood: -10797117.76314
609. Current log-likelihood: -10797117.75272
610. Current log-likelihood: -10797117.74212
611. Current log-likelihood: -10797117.73187
612. Current log-likelihood: -10797117.72154
613. Current log-likelihood: -10797117.71135
614. Current log-likelihood: -10797117.70094
615. Current log-likelihood: -10797117.69103
616. Current log-likelihood: -10797117.68092
617. Current log-likelihood: -10797117.67093
618. Current log-likelihood: -10797117.66116
619. Current log-likelihood: -10797117.65118
620. Current log-likelihood: -10797117.64132
621. Current log-likelihood: -10797117.63155
622. Current log-likelihood: -10797117.62209
623. Current log-likelihood: -10797117.61259
624. Current log-likelihood: -10797117.60293
625. Current log-likelihood: -10797117.59360
626. Current log-likelihood: -10797117.58408
627. Current log-likelihood: -10797117.57455
628. Current log-likelihood: -10797117.56261
629. Current log-likelihood: -10797117.55347
630. Current log-likelihood: -10797117.54442
631. Current log-likelihood: -10797117.53502
632. Current log-likelihood: -10797117.52603
633. Current log-likelihood: -10797117.51705
634. Current log-likelihood: -10797117.50821
635. Current log-likelihood: -10797117.49919
636. Current log-likelihood: -10797117.49054
637. Current log-likelihood: -10797117.48172
638. Current log-likelihood: -10797117.47310
639. Current log-likelihood: -10797117.46431
640. Current log-likelihood: -10797117.45573
641. Current log-likelihood: -10797117.44722
642. Current log-likelihood: -10797117.43881
643. Current log-likelihood: -10797117.43041
644. Current log-likelihood: -10797117.42199
645. Current log-likelihood: -10797117.41367
646. Current log-likelihood: -10797117.40528
647. Current log-likelihood: -10797117.39720
648. Current log-likelihood: -10797117.38901
649. Current log-likelihood: -10797117.38089
650. Current log-likelihood: -10797117.37291
651. Current log-likelihood: -10797117.36508
652. Current log-likelihood: -10797117.35692
653. Current log-likelihood: -10797117.34900
654. Current log-likelihood: -10797117.34131
655. Current log-likelihood: -10797117.33337
656. Current log-likelihood: -10797117.32583
657. Current log-likelihood: -10797117.31810
658. Current log-likelihood: -10797117.31036
659. Current log-likelihood: -10797117.30282
660. Current log-likelihood: -10797117.29536
661. Current log-likelihood: -10797117.28778
662. Current log-likelihood: -10797117.28031
663. Current log-likelihood: -10797117.27298
664. Current log-likelihood: -10797117.26555
665. Current log-likelihood: -10797117.25844
666. Current log-likelihood: -10797117.25121
667. Current log-likelihood: -10797117.24369
668. Current log-likelihood: -10797117.23670
669. Current log-likelihood: -10797117.22957
670. Current log-likelihood: -10797117.22249
671. Current log-likelihood: -10797117.21557
672. Current log-likelihood: -10797117.20851
673. Current log-likelihood: -10797117.20150
674. Current log-likelihood: -10797117.19463
675. Current log-likelihood: -10797117.18784
676. Current log-likelihood: -10797117.18095
677. Current log-likelihood: -10797117.17420
678. Current log-likelihood: -10797117.16747
679. Current log-likelihood: -10797117.16078
680. Current log-likelihood: -10797117.15425
681. Current log-likelihood: -10797117.14771
682. Current log-likelihood: -10797117.14086
683. Current log-likelihood: -10797117.13443
684. Current log-likelihood: -10797117.12799
685. Current log-likelihood: -10797117.12149
686. Current log-likelihood: -10797117.11525
687. Current log-likelihood: -10797117.10881
688. Current log-likelihood: -10797117.10241
689. Current log-likelihood: -10797117.09628
690. Current log-likelihood: -10797117.09004
691. Current log-likelihood: -10797117.08367
692. Current log-likelihood: -10797117.07766
693. Current log-likelihood: -10797117.07138
694. Current log-likelihood: -10797117.06526
695. Current log-likelihood: -10797117.05930
696. Current log-likelihood: -10797117.05333
697. Current log-likelihood: -10797117.04736
698. Current log-likelihood: -10797117.04135
699. Current log-likelihood: -10797117.03549
700. Current log-likelihood: -10797117.02947
701. Current log-likelihood: -10797117.02370
702. Current log-likelihood: -10797117.01723
703. Current log-likelihood: -10797117.01055
704. Current log-likelihood: -10797117.00405
705. Current log-likelihood: -10797116.99755
706. Current log-likelihood: -10797116.99121
707. Current log-likelihood: -10797116.98485
708. Current log-likelihood: -10797116.97847
709. Current log-likelihood: -10797116.97205
710. Current log-likelihood: -10797116.96572
711. Current log-likelihood: -10797116.95967
712. Current log-likelihood: -10797116.95355
713. Current log-likelihood: -10797116.94734
714. Current log-likelihood: -10797116.94127
715. Current log-likelihood: -10797116.93521
716. Current log-likelihood: -10797116.92904
717. Current log-likelihood: -10797116.92323
718. Current log-likelihood: -10797116.91729
719. Current log-likelihood: -10797116.91118
720. Current log-likelihood: -10797116.90543
721. Current log-likelihood: -10797116.89967
722. Current log-likelihood: -10797116.89389
723. Current log-likelihood: -10797116.88825
724. Current log-likelihood: -10797116.88262
725. Current log-likelihood: -10797116.87665
726. Current log-likelihood: -10797116.87110
727. Current log-likelihood: -10797116.86556
728. Current log-likelihood: -10797116.85995
729. Current log-likelihood: -10797116.85458
730. Current log-likelihood: -10797116.84902
731. Current log-likelihood: -10797116.84350
732. Current log-likelihood: -10797116.83824
733. Current log-likelihood: -10797116.83286
734. Current log-likelihood: -10797116.82737
735. Current log-likelihood: -10797116.82221
736. Current log-likelihood: -10797116.81686
737. Current log-likelihood: -10797116.81154
738. Current log-likelihood: -10797116.80648
739. Current log-likelihood: -10797116.80137
740. Current log-likelihood: -10797116.79618
741. Current log-likelihood: -10797116.79122
742. Current log-likelihood: -10797116.78592
743. Current log-likelihood: -10797116.78088
744. Current log-likelihood: -10797116.77594
745. Current log-likelihood: -10797116.77102
746. Current log-likelihood: -10797116.76608
747. Current log-likelihood: -10797116.76125
748. Current log-likelihood: -10797116.75627
749. Current log-likelihood: -10797116.75143
750. Current log-likelihood: -10797116.74669
751. Current log-likelihood: -10797116.74195
752. Current log-likelihood: -10797116.73706
753. Current log-likelihood: -10797116.73240
754. Current log-likelihood: -10797116.72760
755. Current log-likelihood: -10797116.72293
756. Current log-likelihood: -10797116.71836
757. Current log-likelihood: -10797116.71387
758. Current log-likelihood: -10797116.70923
759. Current log-likelihood: -10797116.70475
760. Current log-likelihood: -10797116.70023
761. Current log-likelihood: -10797116.69572
762. Current log-likelihood: -10797116.69117
763. Current log-likelihood: -10797116.68675
764. Current log-likelihood: -10797116.68243
765. Current log-likelihood: -10797116.67809
766. Current log-likelihood: -10797116.67374
767. Current log-likelihood: -10797116.66935
768. Current log-likelihood: -10797116.66508
769. Current log-likelihood: -10797116.66083
770. Current log-likelihood: -10797116.65667
771. Current log-likelihood: -10797116.65249
772. Current log-likelihood: -10797116.64823
773. Current log-likelihood: -10797116.64408
774. Current log-likelihood: -10797116.63981
775. Current log-likelihood: -10797116.63576
776. Current log-likelihood: -10797116.63176
777. Current log-likelihood: -10797116.62771
778. Current log-likelihood: -10797116.62368
779. Current log-likelihood: -10797116.61975
780. Current log-likelihood: -10797116.61571
781. Current log-likelihood: -10797116.61163
782. Current log-likelihood: -10797116.60779
783. Current log-likelihood: -10797116.60382
784. Current log-likelihood: -10797116.59994
785. Current log-likelihood: -10797116.59607
786. Current log-likelihood: -10797116.59230
787. Current log-likelihood: -10797116.58835
788. Current log-likelihood: -10797116.58456
789. Current log-likelihood: -10797116.58081
790. Current log-likelihood: -10797116.57711
791. Current log-likelihood: -10797116.57336
792. Current log-likelihood: -10797116.56976
793. Current log-likelihood: -10797116.56611
794. Current log-likelihood: -10797116.56222
795. Current log-likelihood: -10797116.55850
796. Current log-likelihood: -10797116.55496
797. Current log-likelihood: -10797116.55137
798. Current log-likelihood: -10797116.54780
799. Current log-likelihood: -10797116.54431
800. Current log-likelihood: -10797116.54070
801. Current log-likelihood: -10797116.53720
802. Current log-likelihood: -10797116.53329
803. Current log-likelihood: -10797116.52949
804. Current log-likelihood: -10797116.52565
805. Current log-likelihood: -10797116.52174
806. Current log-likelihood: -10797116.51793
807. Current log-likelihood: -10797116.51406
808. Current log-likelihood: -10797116.51030
809. Current log-likelihood: -10797116.50663
810. Current log-likelihood: -10797116.50292
811. Current log-likelihood: -10797116.49925
812. Current log-likelihood: -10797116.49566
813. Current log-likelihood: -10797116.49210
814. Current log-likelihood: -10797116.48828
815. Current log-likelihood: -10797116.48469
816. Current log-likelihood: -10797116.48107
817. Current log-likelihood: -10797116.47761
818. Current log-likelihood: -10797116.47395
819. Current log-likelihood: -10797116.47054
820. Current log-likelihood: -10797116.46718
821. Current log-likelihood: -10797116.46349
822. Current log-likelihood: -10797116.46008
823. Current log-likelihood: -10797116.45674
824. Current log-likelihood: -10797116.45336
825. Current log-likelihood: -10797116.45006
826. Current log-likelihood: -10797116.44672
827. Current log-likelihood: -10797116.44332
828. Current log-likelihood: -10797116.44002
829. Current log-likelihood: -10797116.43665
830. Current log-likelihood: -10797116.43345
831. Current log-likelihood: -10797116.43014
832. Current log-likelihood: -10797116.42698
833. Current log-likelihood: -10797116.42385
834. Current log-likelihood: -10797116.42074
835. Current log-likelihood: -10797116.41752
836. Current log-likelihood: -10797116.41429
837. Current log-likelihood: -10797116.41123
838. Current log-likelihood: -10797116.40814
839. Current log-likelihood: -10797116.40506
840. Current log-likelihood: -10797116.40191
841. Current log-likelihood: -10797116.39892
842. Current log-likelihood: -10797116.39590
843. Current log-likelihood: -10797116.39265
844. Current log-likelihood: -10797116.38966
845. Current log-likelihood: -10797116.38661
846. Current log-likelihood: -10797116.38365
847. Current log-likelihood: -10797116.38078
848. Current log-likelihood: -10797116.37794
849. Current log-likelihood: -10797116.37504
850. Current log-likelihood: -10797116.37216
851. Current log-likelihood: -10797116.36937
852. Current log-likelihood: -10797116.36645
853. Current log-likelihood: -10797116.36354
854. Current log-likelihood: -10797116.36059
855. Current log-likelihood: -10797116.35786
856. Current log-likelihood: -10797116.35515
857. Current log-likelihood: -10797116.35246
858. Current log-likelihood: -10797116.34965
859. Current log-likelihood: -10797116.34699
860. Current log-likelihood: -10797116.34435
861. Current log-likelihood: -10797116.34157
862. Current log-likelihood: -10797116.33889
863. Current log-likelihood: -10797116.33623
864. Current log-likelihood: -10797116.33365
865. Current log-likelihood: -10797116.33094
866. Current log-likelihood: -10797116.32832
867. Current log-likelihood: -10797116.32579
868. Current log-likelihood: -10797116.32320
869. Current log-likelihood: -10797116.32069
870. Current log-likelihood: -10797116.31799
871. Current log-likelihood: -10797116.31550
872. Current log-likelihood: -10797116.31305
873. Current log-likelihood: -10797116.31053
874. Current log-likelihood: -10797116.30804
875. Current log-likelihood: -10797116.30563
876. Current log-likelihood: -10797116.30323
877. Current log-likelihood: -10797116.30086
878. Current log-likelihood: -10797116.29837
879. Current log-likelihood: -10797116.29585
880. Current log-likelihood: -10797116.29335
881. Current log-likelihood: -10797116.29102
882. Current log-likelihood: -10797116.28864
883. Current log-likelihood: -10797116.28634
884. Current log-likelihood: -10797116.28397
885. Current log-likelihood: -10797116.28169
886. Current log-likelihood: -10797116.27944
887. Current log-likelihood: -10797116.27713
888. Current log-likelihood: -10797116.27475
889. Current log-likelihood: -10797116.27245
890. Current log-likelihood: -10797116.27024
891. Current log-likelihood: -10797116.26799
892. Current log-likelihood: -10797116.26581
893. Current log-likelihood: -10797116.26365
894. Current log-likelihood: -10797116.26143
895. Current log-likelihood: -10797116.25913
896. Current log-likelihood: -10797116.25694
897. Current log-likelihood: -10797116.25481
898. Current log-likelihood: -10797116.25255
899. Current log-likelihood: -10797116.25045
900. Current log-likelihood: -10797116.24824
901. Current log-likelihood: -10797116.24616
902. Current log-likelihood: -10797116.24388
903. Current log-likelihood: -10797116.24162
904. Current log-likelihood: -10797116.23932
905. Current log-likelihood: -10797116.23701
906. Current log-likelihood: -10797116.23479
907. Current log-likelihood: -10797116.23244
908. Current log-likelihood: -10797116.23019
909. Current log-likelihood: -10797116.22801
910. Current log-likelihood: -10797116.22562
911. Current log-likelihood: -10797116.22346
912. Current log-likelihood: -10797116.22132
913. Current log-likelihood: -10797116.21913
914. Current log-likelihood: -10797116.21702
915. Current log-likelihood: -10797116.21492
916. Current log-likelihood: -10797116.21277
917. Current log-likelihood: -10797116.21049
918. Current log-likelihood: -10797116.20842
919. Current log-likelihood: -10797116.20637
920. Current log-likelihood: -10797116.20434
921. Current log-likelihood: -10797116.20226
922. Current log-likelihood: -10797116.20019
923. Current log-likelihood: -10797116.19820
924. Current log-likelihood: -10797116.19607
925. Current log-likelihood: -10797116.19410
926. Current log-likelihood: -10797116.19215
927. Current log-likelihood: -10797116.18991
928. Current log-likelihood: -10797116.18796
929. Current log-likelihood: -10797116.18604
930. Current log-likelihood: -10797116.18413
931. Current log-likelihood: -10797116.18217
932. Current log-likelihood: -10797116.18029
933. Current log-likelihood: -10797116.17834
934. Current log-likelihood: -10797116.17648
935. Current log-likelihood: -10797116.17463
936. Current log-likelihood: -10797116.17273
937. Current log-likelihood: -10797116.17075
938. Current log-likelihood: -10797116.16894
939. Current log-likelihood: -10797116.16706
940. Current log-likelihood: -10797116.16512
941. Current log-likelihood: -10797116.16327
942. Current log-likelihood: -10797116.16149
943. Current log-likelihood: -10797116.15972
944. Current log-likelihood: -10797116.15797
945. Current log-likelihood: -10797116.15616
946. Current log-likelihood: -10797116.15437
947. Current log-likelihood: -10797116.15265
948. Current log-likelihood: -10797116.15078
949. Current log-likelihood: -10797116.14907
950. Current log-likelihood: -10797116.14741
951. Current log-likelihood: -10797116.14554
952. Current log-likelihood: -10797116.14387
953. Current log-likelihood: -10797116.14223
954. Current log-likelihood: -10797116.14054
955. Current log-likelihood: -10797116.13891
956. Current log-likelihood: -10797116.13717
957. Current log-likelihood: -10797116.13544
958. Current log-likelihood: -10797116.13323
959. Current log-likelihood: -10797116.13149
960. Current log-likelihood: -10797116.12985
961. Current log-likelihood: -10797116.12827
962. Current log-likelihood: -10797116.12666
963. Current log-likelihood: -10797116.12505
964. Current log-likelihood: -10797116.12343
965. Current log-likelihood: -10797116.12190
966. Current log-likelihood: -10797116.12036
967. Current log-likelihood: -10797116.11878
968. Current log-likelihood: -10797116.11728
969. Current log-likelihood: -10797116.11576
970. Current log-likelihood: -10797116.11405
971. Current log-likelihood: -10797116.11240
972. Current log-likelihood: -10797116.11093
973. Current log-likelihood: -10797116.10933
974. Current log-likelihood: -10797116.10786
975. Current log-likelihood: -10797116.10642
976. Current log-likelihood: -10797116.10497
977. Current log-likelihood: -10797116.10346
978. Current log-likelihood: -10797116.10198
979. Current log-likelihood: -10797116.10052
980. Current log-likelihood: -10797116.09910
981. Current log-likelihood: -10797116.09771
982. Current log-likelihood: -10797116.09616
983. Current log-likelihood: -10797116.09471
984. Current log-likelihood: -10797116.09328
985. Current log-likelihood: -10797116.09184
986. Current log-likelihood: -10797116.09048
987. Current log-likelihood: -10797116.08914
988. Current log-likelihood: -10797116.08779
989. Current log-likelihood: -10797116.08624
990. Current log-likelihood: -10797116.08487
991. Current log-likelihood: -10797116.08346
992. Current log-likelihood: -10797116.08197
993. Current log-likelihood: -10797116.08067
994. Current log-likelihood: -10797116.07931
995. Current log-likelihood: -10797116.07796
996. Current log-likelihood: -10797116.07668
997. Current log-likelihood: -10797116.07539
998. Current log-likelihood: -10797116.07404
999. Current log-likelihood: -10797116.07279
1000. Current log-likelihood: -10797116.07149
1001. Current log-likelihood: -10797116.07018
1002. Current log-likelihood: -10797116.06882
1003. Current log-likelihood: -10797116.06747
1004. Current log-likelihood: -10797116.06612
1005. Current log-likelihood: -10797116.06458
1006. Current log-likelihood: -10797116.06314
1007. Current log-likelihood: -10797116.06181
1008. Current log-likelihood: -10797116.06051
1009. Current log-likelihood: -10797116.05904
1010. Current log-likelihood: -10797116.05774
1011. Current log-likelihood: -10797116.05647
1012. Current log-likelihood: -10797116.05506
1013. Current log-likelihood: -10797116.05372
1014. Current log-likelihood: -10797116.05246
1015. Current log-likelihood: -10797116.05119
1016. Current log-likelihood: -10797116.04994
1017. Current log-likelihood: -10797116.04857
1018. Current log-likelihood: -10797116.04721
1019. Current log-likelihood: -10797116.04591
1020. Current log-likelihood: -10797116.04469
1021. Current log-likelihood: -10797116.04347
1022. Current log-likelihood: -10797116.04226
1023. Current log-likelihood: -10797116.04108
1024. Current log-likelihood: -10797116.03978
1025. Current log-likelihood: -10797116.03860
1026. Current log-likelihood: -10797116.03737
1027. Current log-likelihood: -10797116.03619
1028. Current log-likelihood: -10797116.03504
1029. Current log-likelihood: -10797116.03372
1030. Current log-likelihood: -10797116.03238
1031. Current log-likelihood: -10797116.03117
1032. Current log-likelihood: -10797116.03003
1033. Current log-likelihood: -10797116.02940
Final estimation on weights:
0.95318,0.00365,0.04318
Wrote distance file to... 
BEST SCORE FOUND : -10797116.02940
Total tree lengths: 0.26842 0.00166 0.01489

Total number of iterations: 1031
CPU time used for tree search: 0.00003 sec (0h:0m:0s)
Wall-clock time used for tree search: 0.00003 sec (0h:0m:0s)
Total CPU time used: 28681.30370 sec (7h:58m:1s)
Total wall-clock time used: 1051.13569 sec (0h:17m:31s)

Analysis results written to: 
  IQ-TREE report:                mast_all_occ80_JU3237_quartet_16.submodel1.iqtree
  Maximum-likelihood tree:       mast_all_occ80_JU3237_quartet_16.submodel1.treefile
  Screen log file:               mast_all_occ80_JU3237_quartet_16.submodel1.log

Date and Time: Wed Jul  8 23:38:27 2026
