IQ-TREE version 3.0.1 for Linux x86 64-bit built Jul  9 2025
Developed by Bui Quang Minh, Thomas Wong, Nhan Ly-Trong, Huaiyan Ren
Contributed by Lam-Tung Nguyen, Dominik Schrempf, Chris Bielow,
Olga Chernomor, Michael Woodhams, Diep Thi Hoang, Heiko Schmidt

Host:    c393 (AVX512, FMA3, 188 GB RAM)
Command: iqtree3 -s /vast/eande106/projects/Nicolas/github/CB_PopGen_HDR_MS/processed_data/tree_topology/mast/mast_hdr/occ80_QG4232_quartet_14_supermatrix.clean.fas -m TMIX{LG+FO+G,LG+FO+G,LG+FO+G}+T -te /vast/eande106/projects/Nicolas/github/CB_PopGen_HDR_MS/processed_data/tree_topology/mast/quartet_topologies/quartet_14_VX153_QG4232_topologies.tre --prefix mast_hdr_occ80_QG4232_quartet_14.submodel1 -T 48
Seed:    202553 (Using SPRNG - Scalable Parallel Random Number Generator)
Time:    Thu Jul  9 00:13:11 2026
Kernel:  AVX+FMA - 48 threads (48 CPU cores detected)

Reading alignment file /vast/eande106/projects/Nicolas/github/CB_PopGen_HDR_MS/processed_data/tree_topology/mast/mast_hdr/occ80_QG4232_quartet_14_supermatrix.clean.fas ... Fasta format detected
Reading fasta file: done in 0.035457 secs using 13.94% CPU
Alignment most likely contains protein sequences
Constructing alignment: done in 0.176968 secs using 119.8% CPU
Alignment has 4 sequences with 161945 columns, 4060 distinct patterns
1167 parsimony-informative, 26687 singleton sites, 134091 constant sites
        Gap/Ambiguity  Composition  p-value
Analyzing sequences: done in 9.34806e-05 secs using 71.67% CPU
   1  PX506     5.80%    passed     77.20%
   2  VX153     4.05%    passed     99.91%
   3  QX1410    2.71%    passed    100.00%
   4  QG4232    3.14%    passed    100.00%
****  TOTAL     3.93%  0 sequences failed composition chi2 test (p-value<5%; df=19)
Number of input trees: 3
Minimum branch length is set to 0.0000010
Checking for duplicate sequences: done in 0.000132434 secs using 78.53% CPU

NOTE: 30 MB RAM (0 GB) is required!
According to the parsimony scores along the sites, the tree weights are initialized to:
0.9065981,0.0299914,0.0634105
Estimate model parameters (epsilon = 0.00100)
1. Initial log-likelihood: -640014.07325
2. Current log-likelihood: -639879.44610
3. Current log-likelihood: -639552.67322
4. Current log-likelihood: -639530.31375
5. Current log-likelihood: -639517.88239
6. Current log-likelihood: -639500.20482
7. Current log-likelihood: -639480.47058
8. Current log-likelihood: -639473.39661
9. Current log-likelihood: -639461.10048
10. Current log-likelihood: -639454.70541
11. Current log-likelihood: -639451.34068
12. Current log-likelihood: -639449.69724
13. Current log-likelihood: -639448.37288
14. Current log-likelihood: -639447.29137
15. Current log-likelihood: -639446.41201
16. Current log-likelihood: -639445.70347
17. Current log-likelihood: -639445.13405
18. Current log-likelihood: -639444.67750
19. Current log-likelihood: -639444.31673
20. Current log-likelihood: -639444.03058
21. Current log-likelihood: -639443.79810
22. Current log-likelihood: -639443.61875
23. Current log-likelihood: -639443.47874
24. Current log-likelihood: -639443.36827
25. Current log-likelihood: -639443.27813
26. Current log-likelihood: -639443.20630
27. Current log-likelihood: -639443.14606
28. Current log-likelihood: -639442.51331
29. Current log-likelihood: -639442.40922
30. Current log-likelihood: -639442.33022
31. Current log-likelihood: -639442.26445
32. Current log-likelihood: -639442.21010
33. Current log-likelihood: -639442.16642
34. Current log-likelihood: -639442.12858
35. Current log-likelihood: -639442.09727
36. Current log-likelihood: -639442.07025
37. Current log-likelihood: -639442.05755
38. Current log-likelihood: -639442.03434
39. Current log-likelihood: -639442.02441
40. Current log-likelihood: -639442.00760
41. Current log-likelihood: -639442.00009
42. Current log-likelihood: -639441.98689
43. Current log-likelihood: -639441.98072
44. Current log-likelihood: -639441.97001
45. Current log-likelihood: -639441.96443
46. Current log-likelihood: -639441.95660
47. Current log-likelihood: -639441.95180
48. Current log-likelihood: -639441.94727
49. Current log-likelihood: -639441.94037
50. Current log-likelihood: -639441.93619
51. Current log-likelihood: -639441.93215
52. Current log-likelihood: -639441.92820
53. Current log-likelihood: -639441.92407
54. Current log-likelihood: -639441.92046
55. Current log-likelihood: -639441.91694
56. Current log-likelihood: -639441.91351
57. Current log-likelihood: -639441.91013
58. Current log-likelihood: -639441.90679
59. Current log-likelihood: -639441.90348
60. Current log-likelihood: -639441.90022
61. Current log-likelihood: -639441.89702
62. Current log-likelihood: -639441.89389
63. Current log-likelihood: -639441.89076
64. Current log-likelihood: -639441.88763
65. Current log-likelihood: -639441.88427
66. Current log-likelihood: -639441.88135
67. Current log-likelihood: -639441.87851
68. Current log-likelihood: -639441.87569
69. Current log-likelihood: -639441.87271
70. Current log-likelihood: -639441.86974
71. Current log-likelihood: -639441.86668
72. Current log-likelihood: -639441.86375
73. Current log-likelihood: -639441.86079
74. Current log-likelihood: -639441.85798
75. Current log-likelihood: -639441.85506
76. Current log-likelihood: -639441.85218
77. Current log-likelihood: -639441.84906
78. Current log-likelihood: -639441.84624
79. Current log-likelihood: -639441.84314
80. Current log-likelihood: -639441.84034
81. Current log-likelihood: -639441.83735
82. Current log-likelihood: -639441.83456
83. Current log-likelihood: -639441.83179
84. Current log-likelihood: -639441.82875
85. Current log-likelihood: -639441.82603
86. Current log-likelihood: -639441.82333
87. Current log-likelihood: -639441.82048
88. Current log-likelihood: -639441.81780
89. Current log-likelihood: -639441.81501
90. Current log-likelihood: -639441.81239
91. Current log-likelihood: -639441.80958
92. Current log-likelihood: -639441.80698
93. Current log-likelihood: -639441.80417
94. Current log-likelihood: -639441.80161
95. Current log-likelihood: -639441.79890
96. Current log-likelihood: -639441.79636
97. Current log-likelihood: -639441.79361
98. Current log-likelihood: -639441.79110
99. Current log-likelihood: -639441.78839
100. Current log-likelihood: -639441.78591
101. Current log-likelihood: -639441.78329
102. Current log-likelihood: -639441.77904
103. Current log-likelihood: -639441.77469
104. Current log-likelihood: -639441.77053
105. Current log-likelihood: -639441.76464
106. Current log-likelihood: -639441.76065
107. Current log-likelihood: -639441.75633
108. Current log-likelihood: -639441.75238
109. Current log-likelihood: -639441.74660
110. Current log-likelihood: -639441.74273
111. Current log-likelihood: -639441.73859
112. Current log-likelihood: -639441.73471
113. Current log-likelihood: -639441.72918
114. Current log-likelihood: -639441.72546
115. Current log-likelihood: -639441.72141
116. Current log-likelihood: -639441.71772
117. Current log-likelihood: -639441.71186
118. Current log-likelihood: -639441.70811
119. Current log-likelihood: -639441.70408
120. Current log-likelihood: -639441.70043
121. Current log-likelihood: -639441.69505
122. Current log-likelihood: -639441.69146
123. Current log-likelihood: -639441.68766
124. Current log-likelihood: -639441.68408
125. Current log-likelihood: -639441.67886
126. Current log-likelihood: -639441.67537
127. Current log-likelihood: -639441.67170
128. Current log-likelihood: -639441.66822
129. Current log-likelihood: -639441.66451
130. Current log-likelihood: -639441.66113
131. Current log-likelihood: -639441.65604
132. Current log-likelihood: -639441.65273
133. Current log-likelihood: -639441.64923
134. Current log-likelihood: -639441.64593
135. Current log-likelihood: -639441.64237
136. Current log-likelihood: -639441.63911
137. Current log-likelihood: -639441.63560
138. Current log-likelihood: -639441.63241
139. Current log-likelihood: -639441.62761
140. Current log-likelihood: -639441.62451
141. Current log-likelihood: -639441.62116
142. Current log-likelihood: -639441.61808
143. Current log-likelihood: -639441.61471
144. Current log-likelihood: -639441.61164
145. Current log-likelihood: -639441.60829
146. Current log-likelihood: -639441.60528
147. Current log-likelihood: -639441.60204
148. Current log-likelihood: -639441.59904
149. Current log-likelihood: -639441.59580
150. Current log-likelihood: -639441.59246
151. Current log-likelihood: -639441.58779
152. Current log-likelihood: -639441.58488
153. Current log-likelihood: -639441.58167
154. Current log-likelihood: -639441.57874
155. Current log-likelihood: -639441.57556
156. Current log-likelihood: -639441.57268
157. Current log-likelihood: -639441.56955
158. Current log-likelihood: -639441.56670
159. Current log-likelihood: -639441.56359
160. Current log-likelihood: -639441.56078
161. Current log-likelihood: -639441.55771
162. Current log-likelihood: -639441.55494
163. Current log-likelihood: -639441.55195
164. Current log-likelihood: -639441.54922
165. Current log-likelihood: -639441.54622
166. Current log-likelihood: -639441.54351
167. Current log-likelihood: -639441.54058
168. Current log-likelihood: -639441.53792
169. Current log-likelihood: -639441.53502
170. Current log-likelihood: -639441.53239
171. Current log-likelihood: -639441.52955
172. Current log-likelihood: -639441.52696
173. Current log-likelihood: -639441.52411
174. Current log-likelihood: -639441.52156
175. Current log-likelihood: -639441.51880
176. Current log-likelihood: -639441.51629
177. Current log-likelihood: -639441.51353
178. Current log-likelihood: -639441.51104
179. Current log-likelihood: -639441.50832
180. Current log-likelihood: -639441.50586
181. Current log-likelihood: -639441.50320
182. Current log-likelihood: -639441.50077
183. Current log-likelihood: -639441.49811
184. Current log-likelihood: -639441.49574
185. Current log-likelihood: -639441.49278
186. Current log-likelihood: -639441.49017
187. Current log-likelihood: -639441.48747
188. Current log-likelihood: -639441.48508
189. Current log-likelihood: -639441.48244
190. Current log-likelihood: -639441.48006
191. Current log-likelihood: -639441.47745
192. Current log-likelihood: -639441.47510
193. Current log-likelihood: -639441.47256
194. Current log-likelihood: -639441.47026
195. Current log-likelihood: -639441.46770
196. Current log-likelihood: -639441.46543
197. Current log-likelihood: -639441.46293
198. Current log-likelihood: -639441.46069
199. Current log-likelihood: -639441.45819
200. Current log-likelihood: -639441.45597
201. Current log-likelihood: -639441.45354
202. Current log-likelihood: -639441.45072
203. Current log-likelihood: -639441.44766
204. Current log-likelihood: -639441.44484
205. Current log-likelihood: -639441.44001
206. Current log-likelihood: -639441.43725
207. Current log-likelihood: -639441.43419
208. Current log-likelihood: -639441.43142
209. Current log-likelihood: -639441.42854
210. Current log-likelihood: -639441.42580
211. Current log-likelihood: -639441.42299
212. Current log-likelihood: -639441.42026
213. Current log-likelihood: -639441.41751
214. Current log-likelihood: -639441.41483
215. Current log-likelihood: -639441.41210
216. Current log-likelihood: -639441.40951
217. Current log-likelihood: -639441.40494
218. Current log-likelihood: -639441.40238
219. Current log-likelihood: -639441.39961
220. Current log-likelihood: -639441.39705
221. Current log-likelihood: -639441.39427
222. Current log-likelihood: -639441.39175
223. Current log-likelihood: -639441.38764
224. Current log-likelihood: -639441.38521
225. Current log-likelihood: -639441.38249
226. Current log-likelihood: -639441.38007
227. Current log-likelihood: -639441.37736
228. Current log-likelihood: -639441.37498
229. Current log-likelihood: -639441.37231
230. Current log-likelihood: -639441.36995
231. Current log-likelihood: -639441.36735
232. Current log-likelihood: -639441.36504
233. Current log-likelihood: -639441.36248
234. Current log-likelihood: -639441.36019
235. Current log-likelihood: -639441.35768
236. Current log-likelihood: -639441.35540
237. Current log-likelihood: -639441.35300
238. Current log-likelihood: -639441.35078
239. Current log-likelihood: -639441.34833
240. Current log-likelihood: -639441.34611
241. Current log-likelihood: -639441.34382
242. Current log-likelihood: -639441.34165
243. Current log-likelihood: -639441.33929
244. Current log-likelihood: -639441.33718
245. Current log-likelihood: -639441.33484
246. Current log-likelihood: -639441.33235
247. Current log-likelihood: -639441.32993
248. Current log-likelihood: -639441.32775
249. Current log-likelihood: -639441.32538
250. Current log-likelihood: -639441.32326
251. Current log-likelihood: -639441.32095
252. Current log-likelihood: -639441.31886
253. Current log-likelihood: -639441.31660
254. Current log-likelihood: -639441.31453
255. Current log-likelihood: -639441.31231
256. Current log-likelihood: -639441.31029
257. Current log-likelihood: -639441.30809
258. Current log-likelihood: -639441.30611
259. Current log-likelihood: -639441.30390
260. Current log-likelihood: -639441.30194
261. Current log-likelihood: -639441.29984
262. Current log-likelihood: -639441.29790
263. Current log-likelihood: -639441.29579
264. Current log-likelihood: -639441.29389
265. Current log-likelihood: -639441.29181
266. Current log-likelihood: -639441.28995
267. Current log-likelihood: -639441.28789
268. Current log-likelihood: -639441.28604
269. Current log-likelihood: -639441.28405
270. Current log-likelihood: -639441.28221
271. Current log-likelihood: -639441.28029
272. Current log-likelihood: -639441.27849
273. Current log-likelihood: -639441.27652
274. Current log-likelihood: -639441.27474
275. Current log-likelihood: -639441.27285
276. Current log-likelihood: -639441.27112
277. Current log-likelihood: -639441.26922
278. Current log-likelihood: -639441.26716
279. Current log-likelihood: -639441.26504
280. Current log-likelihood: -639441.26326
281. Current log-likelihood: -639441.26126
282. Current log-likelihood: -639441.25951
283. Current log-likelihood: -639441.25758
284. Current log-likelihood: -639441.25588
285. Current log-likelihood: -639441.25397
286. Current log-likelihood: -639441.25228
287. Current log-likelihood: -639441.25043
288. Current log-likelihood: -639441.24875
289. Current log-likelihood: -639441.24694
290. Current log-likelihood: -639441.24529
291. Current log-likelihood: -639441.24349
292. Current log-likelihood: -639441.24187
293. Current log-likelihood: -639441.24008
294. Current log-likelihood: -639441.23847
295. Current log-likelihood: -639441.23675
296. Current log-likelihood: -639441.23518
297. Current log-likelihood: -639441.23346
298. Current log-likelihood: -639441.23191
299. Current log-likelihood: -639441.23020
300. Current log-likelihood: -639441.22867
301. Current log-likelihood: -639441.22699
302. Current log-likelihood: -639441.22527
303. Current log-likelihood: -639441.22336
304. Current log-likelihood: -639441.22160
305. Current log-likelihood: -639441.21970
306. Current log-likelihood: -639441.21798
307. Current log-likelihood: -639441.21611
308. Current log-likelihood: -639441.21440
309. Current log-likelihood: -639441.21257
310. Current log-likelihood: -639441.21090
311. Current log-likelihood: -639441.20870
312. Current log-likelihood: -639441.20682
313. Current log-likelihood: -639441.20496
314. Current log-likelihood: -639441.20325
315. Current log-likelihood: -639441.20137
316. Current log-likelihood: -639441.19968
317. Current log-likelihood: -639441.19787
318. Current log-likelihood: -639441.19623
319. Current log-likelihood: -639441.19441
320. Current log-likelihood: -639441.19280
321. Current log-likelihood: -639441.19101
322. Current log-likelihood: -639441.18942
323. Current log-likelihood: -639441.18766
324. Current log-likelihood: -639441.18610
325. Current log-likelihood: -639441.18438
326. Current log-likelihood: -639441.18283
327. Current log-likelihood: -639441.18114
328. Current log-likelihood: -639441.17961
329. Current log-likelihood: -639441.17796
330. Current log-likelihood: -639441.17645
331. Current log-likelihood: -639441.17483
332. Current log-likelihood: -639441.17334
333. Current log-likelihood: -639441.17173
334. Current log-likelihood: -639441.17027
335. Current log-likelihood: -639441.16869
336. Current log-likelihood: -639441.16727
337. Current log-likelihood: -639441.16570
338. Current log-likelihood: -639441.16429
339. Current log-likelihood: -639441.16275
340. Current log-likelihood: -639441.16137
341. Current log-likelihood: -639441.15988
342. Current log-likelihood: -639441.15849
343. Current log-likelihood: -639441.15664
344. Current log-likelihood: -639441.15505
345. Current log-likelihood: -639441.15352
346. Current log-likelihood: -639441.15210
347. Current log-likelihood: -639441.15054
348. Current log-likelihood: -639441.14915
349. Current log-likelihood: -639441.14766
350. Current log-likelihood: -639441.14630
351. Current log-likelihood: -639441.14480
352. Current log-likelihood: -639441.14344
353. Current log-likelihood: -639441.14197
354. Current log-likelihood: -639441.14065
355. Current log-likelihood: -639441.13920
356. Current log-likelihood: -639441.13790
357. Current log-likelihood: -639441.13648
358. Current log-likelihood: -639441.13519
359. Current log-likelihood: -639441.13378
360. Current log-likelihood: -639441.13252
361. Current log-likelihood: -639441.13115
362. Current log-likelihood: -639441.12990
363. Current log-likelihood: -639441.12854
364. Current log-likelihood: -639441.12731
365. Current log-likelihood: -639441.12597
366. Current log-likelihood: -639441.12476
367. Current log-likelihood: -639441.12344
368. Current log-likelihood: -639441.12225
369. Current log-likelihood: -639441.12096
370. Current log-likelihood: -639441.11978
371. Current log-likelihood: -639441.11849
372. Current log-likelihood: -639441.11734
373. Current log-likelihood: -639441.11608
374. Current log-likelihood: -639441.11495
375. Current log-likelihood: -639441.11370
376. Current log-likelihood: -639441.11257
377. Current log-likelihood: -639441.11135
378. Current log-likelihood: -639441.10990
379. Current log-likelihood: -639441.10845
380. Current log-likelihood: -639441.10727
381. Current log-likelihood: -639441.10593
382. Current log-likelihood: -639441.10478
383. Current log-likelihood: -639441.10352
384. Current log-likelihood: -639441.10239
385. Current log-likelihood: -639441.10115
386. Current log-likelihood: -639441.10003
387. Current log-likelihood: -639441.09880
388. Current log-likelihood: -639441.09770
389. Current log-likelihood: -639441.09651
390. Current log-likelihood: -639441.09543
391. Current log-likelihood: -639441.09423
392. Current log-likelihood: -639441.09316
393. Current log-likelihood: -639441.09198
394. Current log-likelihood: -639441.09094
395. Current log-likelihood: -639441.08980
396. Current log-likelihood: -639441.08876
397. Current log-likelihood: -639441.08762
398. Current log-likelihood: -639441.08660
399. Current log-likelihood: -639441.08547
400. Current log-likelihood: -639441.08446
401. Current log-likelihood: -639441.08335
402. Current log-likelihood: -639441.08228
403. Current log-likelihood: -639441.08110
404. Current log-likelihood: -639441.08008
405. Current log-likelihood: -639441.07890
406. Current log-likelihood: -639441.07789
407. Current log-likelihood: -639441.07673
408. Current log-likelihood: -639441.07574
Final estimation on weights:
0.87756,0.04103,0.08141
Wrote distance file to... 
BEST SCORE FOUND : -639441.07574
Total tree lengths: 0.31496 0.00525 0.09904

Total number of iterations: 406
CPU time used for tree search: 0.00002 sec (0h:0m:0s)
Wall-clock time used for tree search: 0.00001 sec (0h:0m:0s)
Total CPU time used: 13974.21059 sec (3h:52m:54s)
Total wall-clock time used: 1229.60065 sec (0h:20m:29s)

Analysis results written to: 
  IQ-TREE report:                mast_hdr_occ80_QG4232_quartet_14.submodel1.iqtree
  Maximum-likelihood tree:       mast_hdr_occ80_QG4232_quartet_14.submodel1.treefile
  Screen log file:               mast_hdr_occ80_QG4232_quartet_14.submodel1.log

Date and Time: Thu Jul  9 00:33:41 2026
