IQ-TREE version 3.0.1 for Linux x86 64-bit built Jul  9 2025
Developed by Bui Quang Minh, Thomas Wong, Nhan Ly-Trong, Huaiyan Ren
Contributed by Lam-Tung Nguyen, Dominik Schrempf, Chris Bielow,
Olga Chernomor, Michael Woodhams, Diep Thi Hoang, Heiko Schmidt

Host:    c174 (AVX512, FMA3, 188 GB RAM)
Command: iqtree3 -s /vast/eande106/projects/Nicolas/github/CB_PopGen_HDR_MS/processed_data/tree_topology/mast/mast_all/occ80_QG4232_quartet_12_supermatrix.clean.fas -m LG+FO+G+T -te /vast/eande106/projects/Nicolas/github/CB_PopGen_HDR_MS/processed_data/tree_topology/mast/quartet_topologies/quartet_12_NIC2152_QG4232_topologies.tre --prefix mast_all_occ80_QG4232_quartet_12.submodel6 -T 48
Seed:    584868 (Using SPRNG - Scalable Parallel Random Number Generator)
Time:    Wed Jul  8 23:40:30 2026
Kernel:  AVX+FMA - 48 threads (48 CPU cores detected)

Reading alignment file /vast/eande106/projects/Nicolas/github/CB_PopGen_HDR_MS/processed_data/tree_topology/mast/mast_all/occ80_QG4232_quartet_12_supermatrix.clean.fas ... Fasta format detected
Reading fasta file: done in 0.197608 secs using 47.16% CPU
Alignment most likely contains protein sequences
Constructing alignment: done in 2.53687 secs using 14.3% CPU
WARNING: 1 sites contain only gaps or ambiguous characters.
Alignment has 4 sequences with 2315774 columns, 12989 distinct patterns
14624 parsimony-informative, 342401 singleton sites, 1958749 constant sites
         Gap/Ambiguity  Composition  p-value
Analyzing sequences: done in 0.000437008 secs using 99.54% CPU
   1  PX506      4.59%    failed      0.00%
   2  NIC2152    2.92%    passed     42.71%
   3  QX1410     1.93%    passed     98.75%
   4  QG4232     2.15%    passed     97.79%
****  TOTAL      2.90%  1 sequences failed composition chi2 test (p-value<5%; df=19)
Number of input trees: 3
Minimum branch length is set to 0.0000010
Checking for duplicate sequences: done in 0.000429528 secs using 37.95% CPU

NOTE: 96 MB RAM (0 GB) is required!
According to the parsimony scores along the sites, the tree weights are initialized to:
0.9032412,0.0431482,0.0536105
Estimate model parameters (epsilon = 0.00100)
1. Initial log-likelihood: -8895207.83341
2. Current log-likelihood: -8886990.85616
3. Current log-likelihood: -8886476.37015
4. Current log-likelihood: -8886219.09312
5. Current log-likelihood: -8886177.76270
6. Current log-likelihood: -8886090.13371
7. Current log-likelihood: -8886050.65216
8. Current log-likelihood: -8886029.27622
9. Current log-likelihood: -8886024.01841
10. Current log-likelihood: -8886022.27214
11. Current log-likelihood: -8886020.57325
12. Current log-likelihood: -8886018.86841
13. Current log-likelihood: -8886017.15757
14. Current log-likelihood: -8886015.44080
15. Current log-likelihood: -8886013.71811
16. Current log-likelihood: -8886011.98949
17. Current log-likelihood: -8886010.25525
18. Current log-likelihood: -8886008.51483
19. Current log-likelihood: -8886006.76857
20. Current log-likelihood: -8886005.01653
21. Current log-likelihood: -8886003.25868
22. Current log-likelihood: -8886001.49546
23. Current log-likelihood: -8885999.72630
24. Current log-likelihood: -8885997.94830
25. Current log-likelihood: -8885996.16611
26. Current log-likelihood: -8885994.37878
27. Current log-likelihood: -8885992.58566
28. Current log-likelihood: -8885990.78718
29. Current log-likelihood: -8885988.98333
30. Current log-likelihood: -8885987.17409
31. Current log-likelihood: -8885985.35962
32. Current log-likelihood: -8885983.54024
33. Current log-likelihood: -8885981.71540
34. Current log-likelihood: -8885979.88553
35. Current log-likelihood: -8885978.05068
36. Current log-likelihood: -8885976.21089
37. Current log-likelihood: -8885974.36651
38. Current log-likelihood: -8885972.51723
39. Current log-likelihood: -8885970.65903
40. Current log-likelihood: -8885968.79908
41. Current log-likelihood: -8885966.93466
42. Current log-likelihood: -8885965.06567
43. Current log-likelihood: -8885963.19234
44. Current log-likelihood: -8885961.31476
45. Current log-likelihood: -8885959.43304
46. Current log-likelihood: -8885957.54726
47. Current log-likelihood: -8885955.65755
48. Current log-likelihood: -8885953.76398
49. Current log-likelihood: -8885951.86668
50. Current log-likelihood: -8885949.96577
51. Current log-likelihood: -8885948.06138
52. Current log-likelihood: -8885946.15361
53. Current log-likelihood: -8885944.24258
54. Current log-likelihood: -8885942.32843
55. Current log-likelihood: -8885940.41129
56. Current log-likelihood: -8885938.49132
57. Current log-likelihood: -8885936.56494
58. Current log-likelihood: -8885934.63859
59. Current log-likelihood: -8885932.70981
60. Current log-likelihood: -8885930.77867
61. Current log-likelihood: -8885928.84544
62. Current log-likelihood: -8885926.91027
63. Current log-likelihood: -8885924.97335
64. Current log-likelihood: -8885923.03480
65. Current log-likelihood: -8885921.09482
66. Current log-likelihood: -8885919.15358
67. Current log-likelihood: -8885917.21125
68. Current log-likelihood: -8885915.26801
69. Current log-likelihood: -8885913.32404
70. Current log-likelihood: -8885911.37959
71. Current log-likelihood: -8885909.43479
72. Current log-likelihood: -8885907.48987
73. Current log-likelihood: -8885905.54505
74. Current log-likelihood: -8885903.60050
75. Current log-likelihood: -8885901.65646
76. Current log-likelihood: -8885899.71315
77. Current log-likelihood: -8885897.77077
78. Current log-likelihood: -8885895.82954
79. Current log-likelihood: -8885893.88973
80. Current log-likelihood: -8885891.95152
81. Current log-likelihood: -8885890.01517
82. Current log-likelihood: -8885888.08436
83. Current log-likelihood: -8885886.14909
84. Current log-likelihood: -8885884.21935
85. Current log-likelihood: -8885882.29220
86. Current log-likelihood: -8885880.36834
87. Current log-likelihood: -8885878.44785
88. Current log-likelihood: -8885876.53102
89. Current log-likelihood: -8885874.61811
90. Current log-likelihood: -8885872.70936
91. Current log-likelihood: -8885870.80504
92. Current log-likelihood: -8885868.90549
93. Current log-likelihood: -8885867.01085
94. Current log-likelihood: -8885865.12147
95. Current log-likelihood: -8885863.23801
96. Current log-likelihood: -8885861.36001
97. Current log-likelihood: -8885859.48823
98. Current log-likelihood: -8885857.62282
99. Current log-likelihood: -8885855.76412
100. Current log-likelihood: -8885853.91272
101. Current log-likelihood: -8885852.06821
102. Current log-likelihood: -8885848.90299
103. Current log-likelihood: -8885845.48430
104. Current log-likelihood: -8885842.09788
105. Current log-likelihood: -8885792.62998
106. Current log-likelihood: -8885782.70896
107. Current log-likelihood: -8885777.52058
108. Current log-likelihood: -8885772.36082
109. Current log-likelihood: -8885767.23337
110. Current log-likelihood: -8885762.14211
111. Current log-likelihood: -8885757.09255
112. Current log-likelihood: -8885752.08563
113. Current log-likelihood: -8885747.12902
114. Current log-likelihood: -8885742.22333
115. Current log-likelihood: -8885737.37638
116. Current log-likelihood: -8885732.58888
117. Current log-likelihood: -8885727.86832
118. Current log-likelihood: -8885723.21541
119. Current log-likelihood: -8885718.63769
120. Current log-likelihood: -8885714.13565
121. Current log-likelihood: -8885709.71650
122. Current log-likelihood: -8885705.38054
123. Current log-likelihood: -8885701.13467
124. Current log-likelihood: -8885696.97885
125. Current log-likelihood: -8885692.90698
126. Current log-likelihood: -8885688.94275
127. Current log-likelihood: -8885685.07729
128. Current log-likelihood: -8885681.31283
129. Current log-likelihood: -8885677.65503
130. Current log-likelihood: -8885674.10122
131. Current log-likelihood: -8885670.64340
132. Current log-likelihood: -8885667.30560
133. Current log-likelihood: -8885664.07466
134. Current log-likelihood: -8885660.95215
135. Current log-likelihood: -8885657.94262
136. Current log-likelihood: -8885655.02657
137. Current log-likelihood: -8885652.23131
138. Current log-likelihood: -8885649.54202
139. Current log-likelihood: -8885646.95970
140. Current log-likelihood: -8885644.47116
141. Current log-likelihood: -8885642.09393
142. Current log-likelihood: -8885639.81847
143. Current log-likelihood: -8885637.64198
144. Current log-likelihood: -8885635.54610
145. Current log-likelihood: -8885633.55689
146. Current log-likelihood: -8885631.65850
147. Current log-likelihood: -8885629.84945
148. Current log-likelihood: -8885628.11262
149. Current log-likelihood: -8885626.46315
150. Current log-likelihood: -8885624.56763
151. Current log-likelihood: -8885622.27846
152. Current log-likelihood: -8885620.08308
153. Current log-likelihood: -8885618.14259
154. Current log-likelihood: -8885616.28909
155. Current log-likelihood: -8885614.48005
156. Current log-likelihood: -8885612.72240
157. Current log-likelihood: -8885611.01001
158. Current log-likelihood: -8885609.34747
159. Current log-likelihood: -8885607.73918
160. Current log-likelihood: -8885606.18643
161. Current log-likelihood: -8885604.68867
162. Current log-likelihood: -8885603.25134
163. Current log-likelihood: -8885601.86241
164. Current log-likelihood: -8885600.53229
165. Current log-likelihood: -8885599.25888
166. Current log-likelihood: -8885598.04220
167. Current log-likelihood: -8885596.88193
168. Current log-likelihood: -8885595.77394
169. Current log-likelihood: -8885594.71824
170. Current log-likelihood: -8885593.71785
171. Current log-likelihood: -8885592.76856
172. Current log-likelihood: -8885591.87409
173. Current log-likelihood: -8885591.01662
174. Current log-likelihood: -8885590.21342
175. Current log-likelihood: -8885589.45517
176. Current log-likelihood: -8885588.74234
177. Current log-likelihood: -8885588.07179
178. Current log-likelihood: -8885587.43196
179. Current log-likelihood: -8885586.83998
180. Current log-likelihood: -8885586.28380
181. Current log-likelihood: -8885585.76467
182. Current log-likelihood: -8885585.27728
183. Current log-likelihood: -8885584.81388
184. Current log-likelihood: -8885584.38875
185. Current log-likelihood: -8885583.99141
186. Current log-likelihood: -8885583.62107
187. Current log-likelihood: -8885583.27466
188. Current log-likelihood: -8885582.95478
189. Current log-likelihood: -8885582.64657
190. Current log-likelihood: -8885582.36809
191. Current log-likelihood: -8885582.10909
192. Current log-likelihood: -8885581.86899
193. Current log-likelihood: -8885581.64635
194. Current log-likelihood: -8885581.43991
195. Current log-likelihood: -8885581.23939
196. Current log-likelihood: -8885581.06048
197. Current log-likelihood: -8885580.89444
198. Current log-likelihood: -8885580.74077
199. Current log-likelihood: -8885580.59858
200. Current log-likelihood: -8885580.46706
201. Current log-likelihood: -8885580.34566
202. Current log-likelihood: -8885580.20662
203. Current log-likelihood: -8885580.01694
204. Current log-likelihood: -8885575.55487
205. Current log-likelihood: -8885573.75295
206. Current log-likelihood: -8885573.01565
207. Current log-likelihood: -8885572.29136
208. Current log-likelihood: -8885571.58930
209. Current log-likelihood: -8885570.89818
210. Current log-likelihood: -8885570.21724
211. Current log-likelihood: -8885569.54487
212. Current log-likelihood: -8885568.89085
213. Current log-likelihood: -8885568.24486
214. Current log-likelihood: -8885567.60648
215. Current log-likelihood: -8885566.98281
216. Current log-likelihood: -8885566.35782
217. Current log-likelihood: -8885565.74629
218. Current log-likelihood: -8885565.14028
219. Current log-likelihood: -8885564.53911
220. Current log-likelihood: -8885563.94269
221. Current log-likelihood: -8885563.34998
222. Current log-likelihood: -8885562.76081
223. Current log-likelihood: -8885562.18163
224. Current log-likelihood: -8885561.59892
225. Current log-likelihood: -8885561.02524
226. Current log-likelihood: -8885560.45590
227. Current log-likelihood: -8885559.88676
228. Current log-likelihood: -8885559.31948
229. Current log-likelihood: -8885558.75409
230. Current log-likelihood: -8885558.19058
231. Current log-likelihood: -8885557.63380
232. Current log-likelihood: -8885557.07305
233. Current log-likelihood: -8885556.51897
234. Current log-likelihood: -8885555.96045
235. Current log-likelihood: -8885555.40762
236. Current log-likelihood: -8885554.85588
237. Current log-likelihood: -8885554.30478
238. Current log-likelihood: -8885553.75439
239. Current log-likelihood: -8885553.20407
240. Current log-likelihood: -8885552.65408
241. Current log-likelihood: -8885552.10422
242. Current log-likelihood: -8885551.55505
243. Current log-likelihood: -8885551.00550
244. Current log-likelihood: -8885550.45619
245. Current log-likelihood: -8885549.91251
246. Current log-likelihood: -8885549.36307
247. Current log-likelihood: -8885548.81890
248. Current log-likelihood: -8885548.26923
249. Current log-likelihood: -8885547.72451
250. Current log-likelihood: -8885547.17405
251. Current log-likelihood: -8885546.63369
252. Current log-likelihood: -8885546.08289
253. Current log-likelihood: -8885545.53682
254. Current log-likelihood: -8885544.99018
255. Current log-likelihood: -8885544.44335
256. Current log-likelihood: -8885543.89572
257. Current log-likelihood: -8885543.34756
258. Current log-likelihood: -8885542.79903
259. Current log-likelihood: -8885542.25414
260. Current log-likelihood: -8885541.69904
261. Current log-likelihood: -8885541.14762
262. Current log-likelihood: -8885540.60067
263. Current log-likelihood: -8885540.05291
264. Current log-likelihood: -8885539.50074
265. Current log-likelihood: -8885538.95130
266. Current log-likelihood: -8885538.39722
267. Current log-likelihood: -8885537.84633
268. Current log-likelihood: -8885537.29036
269. Current log-likelihood: -8885536.73787
270. Current log-likelihood: -8885536.18420
271. Current log-likelihood: -8885535.63001
272. Current log-likelihood: -8885535.07495
273. Current log-likelihood: -8885534.51440
274. Current log-likelihood: -8885533.95679
275. Current log-likelihood: -8885533.39820
276. Current log-likelihood: -8885532.83871
277. Current log-likelihood: -8885532.27772
278. Current log-likelihood: -8885531.71568
279. Current log-likelihood: -8885531.15261
280. Current log-likelihood: -8885530.58795
281. Current log-likelihood: -8885530.02204
282. Current log-likelihood: -8885529.45503
283. Current log-likelihood: -8885528.88637
284. Current log-likelihood: -8885528.32208
285. Current log-likelihood: -8885527.75126
286. Current log-likelihood: -8885527.17852
287. Current log-likelihood: -8885526.61010
288. Current log-likelihood: -8885526.03486
289. Current log-likelihood: -8885525.46361
290. Current log-likelihood: -8885524.88504
291. Current log-likelihood: -8885524.31090
292. Current log-likelihood: -8885523.72905
293. Current log-likelihood: -8885523.15160
294. Current log-likelihood: -8885522.57257
295. Current log-likelihood: -8885521.98556
296. Current log-likelihood: -8885521.40297
297. Current log-likelihood: -8885520.81871
298. Current log-likelihood: -8885520.23291
299. Current log-likelihood: -8885519.64518
300. Current log-likelihood: -8885519.05576
301. Current log-likelihood: -8885518.46420
302. Current log-likelihood: -8885517.78259
303. Current log-likelihood: -8885517.03378
304. Current log-likelihood: -8885516.29039
305. Current log-likelihood: -8885515.53475
306. Current log-likelihood: -8885514.78451
307. Current log-likelihood: -8885514.02085
308. Current log-likelihood: -8885513.26335
309. Current log-likelihood: -8885512.49195
310. Current log-likelihood: -8885511.72687
311. Current log-likelihood: -8885510.95684
312. Current log-likelihood: -8885510.18273
313. Current log-likelihood: -8885509.40461
314. Current log-likelihood: -8885508.62260
315. Current log-likelihood: -8885507.83588
316. Current log-likelihood: -8885507.04476
317. Current log-likelihood: -8885506.24888
318. Current log-likelihood: -8885505.44682
319. Current log-likelihood: -8885504.64159
320. Current log-likelihood: -8885503.82936
321. Current log-likelihood: -8885503.01244
322. Current log-likelihood: -8885502.18990
323. Current log-likelihood: -8885501.36198
324. Current log-likelihood: -8885500.52830
325. Current log-likelihood: -8885499.68921
326. Current log-likelihood: -8885498.84396
327. Current log-likelihood: -8885497.99272
328. Current log-likelihood: -8885497.13561
329. Current log-likelihood: -8885496.27201
330. Current log-likelihood: -8885495.40193
331. Current log-likelihood: -8885494.52556
332. Current log-likelihood: -8885493.64215
333. Current log-likelihood: -8885492.74949
334. Current log-likelihood: -8885491.85289
335. Current log-likelihood: -8885490.94578
336. Current log-likelihood: -8885490.03170
337. Current log-likelihood: -8885489.11030
338. Current log-likelihood: -8885488.18075
339. Current log-likelihood: -8885487.24315
340. Current log-likelihood: -8885486.29765
341. Current log-likelihood: -8885485.34348
342. Current log-likelihood: -8885484.38740
343. Current log-likelihood: -8885483.41656
344. Current log-likelihood: -8885482.43659
345. Current log-likelihood: -8885481.45411
346. Current log-likelihood: -8885480.45304
347. Current log-likelihood: -8885479.44913
348. Current log-likelihood: -8885478.43667
349. Current log-likelihood: -8885477.41452
350. Current log-likelihood: -8885476.38226
351. Current log-likelihood: -8885475.34010
352. Current log-likelihood: -8885474.28724
353. Current log-likelihood: -8885473.22362
354. Current log-likelihood: -8885472.14586
355. Current log-likelihood: -8885471.05779
356. Current log-likelihood: -8885469.95842
357. Current log-likelihood: -8885468.84812
358. Current log-likelihood: -8885467.72626
359. Current log-likelihood: -8885466.59305
360. Current log-likelihood: -8885465.44492
361. Current log-likelihood: -8885464.28630
362. Current log-likelihood: -8885463.11656
363. Current log-likelihood: -8885461.93585
364. Current log-likelihood: -8885460.74475
365. Current log-likelihood: -8885459.54324
366. Current log-likelihood: -8885458.33262
367. Current log-likelihood: -8885457.11115
368. Current log-likelihood: -8885455.87659
369. Current log-likelihood: -8885454.64179
370. Current log-likelihood: -8885453.40113
371. Current log-likelihood: -8885452.15082
372. Current log-likelihood: -8885450.89727
373. Current log-likelihood: -8885449.64238
374. Current log-likelihood: -8885448.39036
375. Current log-likelihood: -8885447.13280
376. Current log-likelihood: -8885445.88132
377. Current log-likelihood: -8885444.63794
378. Current log-likelihood: -8885443.39925
379. Current log-likelihood: -8885442.16938
380. Current log-likelihood: -8885440.95696
381. Current log-likelihood: -8885439.75829
382. Current log-likelihood: -8885438.57929
383. Current log-likelihood: -8885437.55552
384. Current log-likelihood: -8885436.70974
385. Current log-likelihood: -8885436.01887
386. Current log-likelihood: -8885435.43383
387. Current log-likelihood: -8885434.95875
388. Current log-likelihood: -8885434.56505
389. Current log-likelihood: -8885434.24035
390. Current log-likelihood: -8885433.96111
391. Current log-likelihood: -8885433.73878
392. Current log-likelihood: -8885433.55433
393. Current log-likelihood: -8885433.40203
394. Current log-likelihood: -8885433.27868
395. Current log-likelihood: -8885433.16622
396. Current log-likelihood: -8885433.08379
397. Current log-likelihood: -8885433.01436
398. Current log-likelihood: -8885432.95695
399. Current log-likelihood: -8885432.91121
400. Current log-likelihood: -8885432.87273
401. Current log-likelihood: -8885432.84067
402. Current log-likelihood: -8885432.81220
403. Current log-likelihood: -8885432.78740
404. Current log-likelihood: -8885432.76738
405. Current log-likelihood: -8885432.75230
406. Current log-likelihood: -8885432.73971
407. Current log-likelihood: -8885432.72403
408. Current log-likelihood: -8885432.71542
409. Current log-likelihood: -8885432.70814
410. Current log-likelihood: -8885432.70218
411. Current log-likelihood: -8885432.69733
412. Current log-likelihood: -8885432.69538
413. Current log-likelihood: -8885432.69139
414. Current log-likelihood: -8885432.69009
415. Current log-likelihood: -8885432.68729
416. Current log-likelihood: -8885432.68643
Final estimation on weights:
0.97306,0.00523,0.02171
Wrote distance file to... 
BEST SCORE FOUND : -8885432.68643
Total tree lengths: 0.23261 1.48337 0.49423

Total number of iterations: 414
CPU time used for tree search: 0.00003 sec (0h:0m:0s)
Wall-clock time used for tree search: 0.00002 sec (0h:0m:0s)
Total CPU time used: 109065.57903 sec (30h:17m:45s)
Total wall-clock time used: 3925.85991 sec (1h:5m:25s)

Analysis results written to: 
  IQ-TREE report:                mast_all_occ80_QG4232_quartet_12.submodel6.iqtree
  Maximum-likelihood tree:       mast_all_occ80_QG4232_quartet_12.submodel6.treefile
  Screen log file:               mast_all_occ80_QG4232_quartet_12.submodel6.log

Date and Time: Thu Jul  9 00:45:59 2026
