IQ-TREE version 3.0.1 for Linux x86 64-bit built Jul  9 2025
Developed by Bui Quang Minh, Thomas Wong, Nhan Ly-Trong, Huaiyan Ren
Contributed by Lam-Tung Nguyen, Dominik Schrempf, Chris Bielow,
Olga Chernomor, Michael Woodhams, Diep Thi Hoang, Heiko Schmidt

Host:    c348 (AVX512, FMA3, 188 GB RAM)
Command: iqtree3 -s /vast/eande106/projects/Nicolas/github/CB_PopGen_HDR_MS/processed_data/tree_topology/mast/mast_all/occ80_JU3237_quartet_04_supermatrix.clean.fas -m TMIX{LG+FO+G,LG+FO+G,LG+FO+G}+T -te /vast/eande106/projects/Nicolas/github/CB_PopGen_HDR_MS/processed_data/tree_topology/mast/quartet_topologies/quartet_04_JU1418_JU3237_topologies.tre --prefix mast_all_occ80_JU3237_quartet_04.submodel1 -T 48
Seed:    204614 (Using SPRNG - Scalable Parallel Random Number Generator)
Time:    Wed Jul  8 23:20:54 2026
Kernel:  AVX+FMA - 48 threads (48 CPU cores detected)

Reading alignment file /vast/eande106/projects/Nicolas/github/CB_PopGen_HDR_MS/processed_data/tree_topology/mast/mast_all/occ80_JU3237_quartet_04_supermatrix.clean.fas ... Fasta format detected
Reading fasta file: done in 0.217389 secs using 46.01% CPU
Alignment most likely contains protein sequences
Constructing alignment: done in 3.05466 secs using 13.89% CPU
WARNING: 1 sites contain only gaps or ambiguous characters.
Alignment has 4 sequences with 2771852 columns, 12472 distinct patterns
21527 parsimony-informative, 429030 singleton sites, 2321295 constant sites
        Gap/Ambiguity  Composition  p-value
Analyzing sequences: done in 0.000200659 secs using 99.17% CPU
   1  PX506     4.94%    failed      0.00%
   2  JU1418    3.08%    passed      8.47%
   3  JU3237    2.09%    passed     75.66%
   4  QX1410    2.04%    passed     94.73%
****  TOTAL     3.03%  1 sequences failed composition chi2 test (p-value<5%; df=19)
Number of input trees: 3
Minimum branch length is set to 0.0000010
Checking for duplicate sequences: done in 0.000317403 secs using 37.49% CPU

NOTE: 92 MB RAM (0 GB) is required!
According to the parsimony scores along the sites, the tree weights are initialized to:
0.9701770,0.0100804,0.0197426
Estimate model parameters (epsilon = 0.00100)
1. Initial log-likelihood: -10714332.09027
2. Current log-likelihood: -10713017.91733
3. Current log-likelihood: -10709287.33149
4. Current log-likelihood: -10708804.30709
5. Current log-likelihood: -10708740.14164
6. Current log-likelihood: -10708684.08140
7. Current log-likelihood: -10708633.16325
8. Current log-likelihood: -10708589.36792
9. Current log-likelihood: -10708551.55116
10. Current log-likelihood: -10708519.05183
11. Current log-likelihood: -10708491.32440
12. Current log-likelihood: -10708467.77229
13. Current log-likelihood: -10708447.88371
14. Current log-likelihood: -10708431.17112
15. Current log-likelihood: -10708417.21753
16. Current log-likelihood: -10708405.58424
17. Current log-likelihood: -10708395.95076
18. Current log-likelihood: -10708387.96708
19. Current log-likelihood: -10708381.37194
20. Current log-likelihood: -10708375.96105
21. Current log-likelihood: -10708371.53755
22. Current log-likelihood: -10708367.88040
23. Current log-likelihood: -10708364.91229
24. Current log-likelihood: -10708362.48545
25. Current log-likelihood: -10708360.50242
26. Current log-likelihood: -10708358.85004
27. Current log-likelihood: -10708357.50946
28. Current log-likelihood: -10708356.41476
29. Current log-likelihood: -10708355.50228
30. Current log-likelihood: -10708354.74570
31. Current log-likelihood: -10708354.11683
32. Current log-likelihood: -10708353.59057
33. Current log-likelihood: -10708353.15408
34. Current log-likelihood: -10708352.77198
35. Current log-likelihood: -10708352.45330
36. Current log-likelihood: -10708352.24916
37. Current log-likelihood: -10708351.94699
38. Current log-likelihood: -10708351.77324
39. Current log-likelihood: -10708351.53736
40. Current log-likelihood: -10708351.38479
41. Current log-likelihood: -10708351.18906
42. Current log-likelihood: -10708351.05061
43. Current log-likelihood: -10708350.88565
44. Current log-likelihood: -10708350.75819
45. Current log-likelihood: -10708350.61015
46. Current log-likelihood: -10708350.48924
47. Current log-likelihood: -10708350.35360
48. Current log-likelihood: -10708350.23722
49. Current log-likelihood: -10708350.11074
50. Current log-likelihood: -10708349.99747
51. Current log-likelihood: -10708349.87778
52. Current log-likelihood: -10708349.76732
53. Current log-likelihood: -10708349.65141
54. Current log-likelihood: -10708349.54257
55. Current log-likelihood: -10708349.42990
56. Current log-likelihood: -10708349.32259
57. Current log-likelihood: -10708349.21203
58. Current log-likelihood: -10708349.10566
59. Current log-likelihood: -10708348.99944
60. Current log-likelihood: -10708348.89083
61. Current log-likelihood: -10708348.78599
62. Current log-likelihood: -10708348.68116
63. Current log-likelihood: -10708348.57668
64. Current log-likelihood: -10708348.46967
65. Current log-likelihood: -10708348.36633
66. Current log-likelihood: -10708348.26362
67. Current log-likelihood: -10708348.16061
68. Current log-likelihood: -10708348.05623
69. Current log-likelihood: -10708347.95440
70. Current log-likelihood: -10708347.85236
71. Current log-likelihood: -10708347.75073
72. Current log-likelihood: -10708347.64921
73. Current log-likelihood: -10708347.54801
74. Current log-likelihood: -10708347.44716
75. Current log-likelihood: -10708347.34664
76. Current log-likelihood: -10708347.24633
77. Current log-likelihood: -10708347.14641
78. Current log-likelihood: -10708347.04679
79. Current log-likelihood: -10708346.94746
80. Current log-likelihood: -10708346.84845
81. Current log-likelihood: -10708346.74959
82. Current log-likelihood: -10708346.65122
83. Current log-likelihood: -10708346.55295
84. Current log-likelihood: -10708346.45507
85. Current log-likelihood: -10708346.35737
86. Current log-likelihood: -10708346.26012
87. Current log-likelihood: -10708346.16302
88. Current log-likelihood: -10708346.06612
89. Current log-likelihood: -10708345.96962
90. Current log-likelihood: -10708345.87329
91. Current log-likelihood: -10708345.77741
92. Current log-likelihood: -10708345.68163
93. Current log-likelihood: -10708345.58621
94. Current log-likelihood: -10708345.49107
95. Current log-likelihood: -10708345.39602
96. Current log-likelihood: -10708345.30148
97. Current log-likelihood: -10708345.20703
98. Current log-likelihood: -10708345.11294
99. Current log-likelihood: -10708345.01913
100. Current log-likelihood: -10708344.92554
101. Current log-likelihood: -10708344.83224
102. Current log-likelihood: -10708344.64771
103. Current log-likelihood: -10708344.46157
104. Current log-likelihood: -10708344.28028
105. Current log-likelihood: -10708344.09520
106. Current log-likelihood: -10708343.91582
107. Current log-likelihood: -10708343.73282
108. Current log-likelihood: -10708343.55558
109. Current log-likelihood: -10708343.37470
110. Current log-likelihood: -10708343.19931
111. Current log-likelihood: -10708343.02075
112. Current log-likelihood: -10708342.84730
113. Current log-likelihood: -10708342.66982
114. Current log-likelihood: -10708342.49839
115. Current log-likelihood: -10708342.32359
116. Current log-likelihood: -10708342.15395
117. Current log-likelihood: -10708341.98105
118. Current log-likelihood: -10708341.81013
119. Current log-likelihood: -10708341.64314
120. Current log-likelihood: -10708341.47326
121. Current log-likelihood: -10708341.30819
122. Current log-likelihood: -10708341.13972
123. Current log-likelihood: -10708340.97661
124. Current log-likelihood: -10708340.80994
125. Current log-likelihood: -10708340.64846
126. Current log-likelihood: -10708340.48348
127. Current log-likelihood: -10708340.32370
128. Current log-likelihood: -10708340.16116
129. Current log-likelihood: -10708340.00333
130. Current log-likelihood: -10708339.84195
131. Current log-likelihood: -10708339.68571
132. Current log-likelihood: -10708339.52630
133. Current log-likelihood: -10708339.37119
134. Current log-likelihood: -10708339.21743
135. Current log-likelihood: -10708339.05936
136. Current log-likelihood: -10708338.90673
137. Current log-likelihood: -10708338.75546
138. Current log-likelihood: -10708338.60073
139. Current log-likelihood: -10708338.45023
140. Current log-likelihood: -10708338.30156
141. Current log-likelihood: -10708338.14889
142. Current log-likelihood: -10708338.00120
143. Current log-likelihood: -10708337.85494
144. Current log-likelihood: -10708337.70465
145. Current log-likelihood: -10708337.55951
146. Current log-likelihood: -10708337.41548
147. Current log-likelihood: -10708337.26752
148. Current log-likelihood: -10708337.12437
149. Current log-likelihood: -10708336.98265
150. Current log-likelihood: -10708336.83767
151. Current log-likelihood: -10708336.69723
152. Current log-likelihood: -10708336.55482
153. Current log-likelihood: -10708336.41635
154. Current log-likelihood: -10708336.27484
155. Current log-likelihood: -10708336.13745
156. Current log-likelihood: -10708335.99816
157. Current log-likelihood: -10708335.86270
158. Current log-likelihood: -10708335.72427
159. Current log-likelihood: -10708335.58984
160. Current log-likelihood: -10708335.45354
161. Current log-likelihood: -10708335.32096
162. Current log-likelihood: -10708335.18536
163. Current log-likelihood: -10708335.05378
164. Current log-likelihood: -10708334.92040
165. Current log-likelihood: -10708334.79065
166. Current log-likelihood: -10708334.65811
167. Current log-likelihood: -10708334.52934
168. Current log-likelihood: -10708334.40145
169. Current log-likelihood: -10708334.27049
170. Current log-likelihood: -10708334.14308
171. Current log-likelihood: -10708334.01228
172. Current log-likelihood: -10708333.88702
173. Current log-likelihood: -10708333.75885
174. Current log-likelihood: -10708333.63450
175. Current log-likelihood: -10708333.51105
176. Current log-likelihood: -10708333.38508
177. Current log-likelihood: -10708333.26225
178. Current log-likelihood: -10708333.14091
179. Current log-likelihood: -10708333.01679
180. Current log-likelihood: -10708332.89639
181. Current log-likelihood: -10708332.77449
182. Current log-likelihood: -10708332.65579
183. Current log-likelihood: -10708332.53460
184. Current log-likelihood: -10708332.41677
185. Current log-likelihood: -10708332.29736
186. Current log-likelihood: -10708332.18114
187. Current log-likelihood: -10708332.06252
188. Current log-likelihood: -10708331.94717
189. Current log-likelihood: -10708331.83033
190. Current log-likelihood: -10708331.71654
191. Current log-likelihood: -10708331.60044
192. Current log-likelihood: -10708331.48749
193. Current log-likelihood: -10708331.37500
194. Current log-likelihood: -10708331.26057
195. Current log-likelihood: -10708331.14925
196. Current log-likelihood: -10708331.03898
197. Current log-likelihood: -10708330.92593
198. Current log-likelihood: -10708330.81646
199. Current log-likelihood: -10708330.70808
200. Current log-likelihood: -10708330.59689
201. Current log-likelihood: -10708330.48871
202. Current log-likelihood: -10708330.32973
203. Current log-likelihood: -10708330.16676
204. Current log-likelihood: -10708330.00974
205. Current log-likelihood: -10708329.84949
206. Current log-likelihood: -10708329.69486
207. Current log-likelihood: -10708329.53733
208. Current log-likelihood: -10708329.38514
209. Current log-likelihood: -10708329.22952
210. Current log-likelihood: -10708329.07979
211. Current log-likelihood: -10708328.92729
212. Current log-likelihood: -10708328.77964
213. Current log-likelihood: -10708328.62945
214. Current log-likelihood: -10708328.48420
215. Current log-likelihood: -10708328.33600
216. Current log-likelihood: -10708328.19294
217. Current log-likelihood: -10708328.04722
218. Current log-likelihood: -10708327.90630
219. Current log-likelihood: -10708327.76299
220. Current log-likelihood: -10708327.62414
221. Current log-likelihood: -10708327.48299
222. Current log-likelihood: -10708327.34653
223. Current log-likelihood: -10708327.20716
224. Current log-likelihood: -10708327.07276
225. Current log-likelihood: -10708326.93555
226. Current log-likelihood: -10708326.80316
227. Current log-likelihood: -10708326.66837
228. Current log-likelihood: -10708326.53771
229. Current log-likelihood: -10708326.40495
230. Current log-likelihood: -10708326.27627
231. Current log-likelihood: -10708326.14552
232. Current log-likelihood: -10708326.01900
233. Current log-likelihood: -10708325.88999
234. Current log-likelihood: -10708325.76535
235. Current log-likelihood: -10708325.63822
236. Current log-likelihood: -10708325.51541
237. Current log-likelihood: -10708325.39391
238. Current log-likelihood: -10708325.26910
239. Current log-likelihood: -10708325.14921
240. Current log-likelihood: -10708325.02661
241. Current log-likelihood: -10708324.90815
242. Current log-likelihood: -10708324.79125
243. Current log-likelihood: -10708324.67054
244. Current log-likelihood: -10708324.55495
245. Current log-likelihood: -10708324.43705
246. Current log-likelihood: -10708324.32314
247. Current log-likelihood: -10708324.21034
248. Current log-likelihood: -10708324.09434
249. Current log-likelihood: -10708323.98297
250. Current log-likelihood: -10708323.86918
251. Current log-likelihood: -10708323.75912
252. Current log-likelihood: -10708323.65050
253. Current log-likelihood: -10708323.53871
254. Current log-likelihood: -10708323.43149
255. Current log-likelihood: -10708323.32159
256. Current log-likelihood: -10708323.21560
257. Current log-likelihood: -10708323.11070
258. Current log-likelihood: -10708323.00307
259. Current log-likelihood: -10708322.89951
260. Current log-likelihood: -10708322.79682
261. Current log-likelihood: -10708322.69047
262. Current log-likelihood: -10708322.58923
263. Current log-likelihood: -10708322.48572
264. Current log-likelihood: -10708322.38575
265. Current log-likelihood: -10708322.28680
266. Current log-likelihood: -10708322.18522
267. Current log-likelihood: -10708322.08743
268. Current log-likelihood: -10708321.99043
269. Current log-likelihood: -10708321.89082
270. Current log-likelihood: -10708321.79500
271. Current log-likelihood: -10708321.70037
272. Current log-likelihood: -10708321.60280
273. Current log-likelihood: -10708321.50918
274. Current log-likelihood: -10708321.41628
275. Current log-likelihood: -10708321.32082
276. Current log-likelihood: -10708321.22903
277. Current log-likelihood: -10708321.13812
278. Current log-likelihood: -10708321.04497
279. Current log-likelihood: -10708320.95505
280. Current log-likelihood: -10708320.86592
281. Current log-likelihood: -10708320.77440
282. Current log-likelihood: -10708320.68629
283. Current log-likelihood: -10708320.59930
284. Current log-likelihood: -10708320.50966
285. Current log-likelihood: -10708320.42352
286. Current log-likelihood: -10708320.33807
287. Current log-likelihood: -10708320.25043
288. Current log-likelihood: -10708320.16617
289. Current log-likelihood: -10708320.08226
290. Current log-likelihood: -10708319.99919
291. Current log-likelihood: -10708319.91335
292. Current log-likelihood: -10708319.83117
293. Current log-likelihood: -10708319.74980
294. Current log-likelihood: -10708319.66631
295. Current log-likelihood: -10708319.58589
296. Current log-likelihood: -10708319.50617
297. Current log-likelihood: -10708319.42447
298. Current log-likelihood: -10708319.34564
299. Current log-likelihood: -10708319.26705
300. Current log-likelihood: -10708319.18440
301. Current log-likelihood: -10708319.10690
302. Current log-likelihood: -10708319.00494
303. Current log-likelihood: -10708318.90077
304. Current log-likelihood: -10708318.80057
305. Current log-likelihood: -10708318.70161
306. Current log-likelihood: -10708318.59967
307. Current log-likelihood: -10708318.50229
308. Current log-likelihood: -10708318.40246
309. Current log-likelihood: -10708318.30662
310. Current log-likelihood: -10708318.21191
311. Current log-likelihood: -10708318.11373
312. Current log-likelihood: -10708318.02010
313. Current log-likelihood: -10708317.92795
314. Current log-likelihood: -10708317.83266
315. Current log-likelihood: -10708317.74162
316. Current log-likelihood: -10708317.65180
317. Current log-likelihood: -10708317.55925
318. Current log-likelihood: -10708317.47071
319. Current log-likelihood: -10708317.38289
320. Current log-likelihood: -10708317.29260
321. Current log-likelihood: -10708317.20614
322. Current log-likelihood: -10708317.12084
323. Current log-likelihood: -10708317.03299
324. Current log-likelihood: -10708316.94870
325. Current log-likelihood: -10708316.86561
326. Current log-likelihood: -10708316.77986
327. Current log-likelihood: -10708316.69781
328. Current log-likelihood: -10708316.61664
329. Current log-likelihood: -10708316.53315
330. Current log-likelihood: -10708316.45318
331. Current log-likelihood: -10708316.37399
332. Current log-likelihood: -10708316.29278
333. Current log-likelihood: -10708316.21462
334. Current log-likelihood: -10708316.13743
335. Current log-likelihood: -10708316.06089
336. Current log-likelihood: -10708315.98208
337. Current log-likelihood: -10708315.90673
338. Current log-likelihood: -10708315.83238
339. Current log-likelihood: -10708315.75562
340. Current log-likelihood: -10708315.68216
341. Current log-likelihood: -10708315.60941
342. Current log-likelihood: -10708315.53461
343. Current log-likelihood: -10708315.46304
344. Current log-likelihood: -10708315.39205
345. Current log-likelihood: -10708315.31898
346. Current log-likelihood: -10708315.24914
347. Current log-likelihood: -10708315.17981
348. Current log-likelihood: -10708315.10871
349. Current log-likelihood: -10708315.04040
350. Current log-likelihood: -10708314.97278
351. Current log-likelihood: -10708314.90331
352. Current log-likelihood: -10708314.83674
353. Current log-likelihood: -10708314.77083
354. Current log-likelihood: -10708314.70291
355. Current log-likelihood: -10708314.63782
356. Current log-likelihood: -10708314.57356
357. Current log-likelihood: -10708314.50942
358. Current log-likelihood: -10708314.44332
359. Current log-likelihood: -10708314.38027
360. Current log-likelihood: -10708314.31794
361. Current log-likelihood: -10708314.25587
362. Current log-likelihood: -10708314.19233
363. Current log-likelihood: -10708314.13131
364. Current log-likelihood: -10708314.07076
365. Current log-likelihood: -10708314.01047
366. Current log-likelihood: -10708313.94875
367. Current log-likelihood: -10708313.88970
368. Current log-likelihood: -10708313.83112
369. Current log-likelihood: -10708313.77060
370. Current log-likelihood: -10708313.71271
371. Current log-likelihood: -10708313.65560
372. Current log-likelihood: -10708313.59874
373. Current log-likelihood: -10708313.54021
374. Current log-likelihood: -10708313.48427
375. Current log-likelihood: -10708313.42875
376. Current log-likelihood: -10708313.37135
377. Current log-likelihood: -10708313.31647
378. Current log-likelihood: -10708313.26243
379. Current log-likelihood: -10708313.20845
380. Current log-likelihood: -10708313.15299
381. Current log-likelihood: -10708313.10004
382. Current log-likelihood: -10708313.04719
383. Current log-likelihood: -10708312.99453
384. Current log-likelihood: -10708312.94104
385. Current log-likelihood: -10708312.88953
386. Current log-likelihood: -10708312.83844
387. Current log-likelihood: -10708312.78723
388. Current log-likelihood: -10708312.73543
389. Current log-likelihood: -10708312.68542
390. Current log-likelihood: -10708312.63567
391. Current log-likelihood: -10708312.58600
392. Current log-likelihood: -10708312.53617
393. Current log-likelihood: -10708312.48745
394. Current log-likelihood: -10708312.43915
395. Current log-likelihood: -10708312.39111
396. Current log-likelihood: -10708312.34212
397. Current log-likelihood: -10708312.29496
398. Current log-likelihood: -10708312.24809
399. Current log-likelihood: -10708312.20133
400. Current log-likelihood: -10708312.15415
401. Current log-likelihood: -10708312.10836
402. Current log-likelihood: -10708312.05164
403. Current log-likelihood: -10708311.99527
404. Current log-likelihood: -10708311.93945
405. Current log-likelihood: -10708311.88227
406. Current log-likelihood: -10708311.82773
407. Current log-likelihood: -10708311.77371
408. Current log-likelihood: -10708311.71767
409. Current log-likelihood: -10708311.66430
410. Current log-likelihood: -10708311.61182
411. Current log-likelihood: -10708311.55959
412. Current log-likelihood: -10708311.50569
413. Current log-likelihood: -10708311.45444
414. Current log-likelihood: -10708311.40354
415. Current log-likelihood: -10708311.35092
416. Current log-likelihood: -10708311.30079
417. Current log-likelihood: -10708311.25140
418. Current log-likelihood: -10708311.20228
419. Current log-likelihood: -10708311.15158
420. Current log-likelihood: -10708311.10336
421. Current log-likelihood: -10708311.05543
422. Current log-likelihood: -10708311.00766
423. Current log-likelihood: -10708310.95888
424. Current log-likelihood: -10708310.91240
425. Current log-likelihood: -10708310.86597
426. Current log-likelihood: -10708310.81974
427. Current log-likelihood: -10708310.77267
428. Current log-likelihood: -10708310.72767
429. Current log-likelihood: -10708310.68279
430. Current log-likelihood: -10708310.63818
431. Current log-likelihood: -10708310.59260
432. Current log-likelihood: -10708310.54915
433. Current log-likelihood: -10708310.50572
434. Current log-likelihood: -10708310.46247
435. Current log-likelihood: -10708310.41853
436. Current log-likelihood: -10708310.37632
437. Current log-likelihood: -10708310.33440
438. Current log-likelihood: -10708310.29254
439. Current log-likelihood: -10708310.25033
440. Current log-likelihood: -10708310.20947
441. Current log-likelihood: -10708310.16904
442. Current log-likelihood: -10708310.12842
443. Current log-likelihood: -10708310.08766
444. Current log-likelihood: -10708310.04793
445. Current log-likelihood: -10708310.00878
446. Current log-likelihood: -10708309.96946
447. Current log-likelihood: -10708309.92999
448. Current log-likelihood: -10708309.89164
449. Current log-likelihood: -10708309.85361
450. Current log-likelihood: -10708309.81578
451. Current log-likelihood: -10708309.77787
452. Current log-likelihood: -10708309.73993
453. Current log-likelihood: -10708309.70311
454. Current log-likelihood: -10708309.66657
455. Current log-likelihood: -10708309.62989
456. Current log-likelihood: -10708309.59312
457. Current log-likelihood: -10708309.55754
458. Current log-likelihood: -10708309.52201
459. Current log-likelihood: -10708309.48671
460. Current log-likelihood: -10708309.45142
461. Current log-likelihood: -10708309.41665
462. Current log-likelihood: -10708309.38211
463. Current log-likelihood: -10708309.34780
464. Current log-likelihood: -10708309.31386
465. Current log-likelihood: -10708309.27991
466. Current log-likelihood: -10708309.24639
467. Current log-likelihood: -10708309.21330
468. Current log-likelihood: -10708309.18020
469. Current log-likelihood: -10708309.14753
470. Current log-likelihood: -10708309.11495
471. Current log-likelihood: -10708309.08265
472. Current log-likelihood: -10708309.05073
473. Current log-likelihood: -10708309.01843
474. Current log-likelihood: -10708308.98366
475. Current log-likelihood: -10708308.95254
476. Current log-likelihood: -10708308.92151
477. Current log-likelihood: -10708308.89051
478. Current log-likelihood: -10708308.85986
479. Current log-likelihood: -10708308.82926
480. Current log-likelihood: -10708308.79894
481. Current log-likelihood: -10708308.76895
482. Current log-likelihood: -10708308.73919
483. Current log-likelihood: -10708308.70947
484. Current log-likelihood: -10708308.68006
485. Current log-likelihood: -10708308.65096
486. Current log-likelihood: -10708308.62193
487. Current log-likelihood: -10708308.59324
488. Current log-likelihood: -10708308.56476
489. Current log-likelihood: -10708308.53638
490. Current log-likelihood: -10708308.50823
491. Current log-likelihood: -10708308.48027
492. Current log-likelihood: -10708308.45249
493. Current log-likelihood: -10708308.42501
494. Current log-likelihood: -10708308.39775
495. Current log-likelihood: -10708308.37065
496. Current log-likelihood: -10708308.34351
497. Current log-likelihood: -10708308.31689
498. Current log-likelihood: -10708308.29020
499. Current log-likelihood: -10708308.26388
500. Current log-likelihood: -10708308.23783
501. Current log-likelihood: -10708308.21170
502. Current log-likelihood: -10708308.18081
503. Current log-likelihood: -10708308.15031
504. Current log-likelihood: -10708308.11990
505. Current log-likelihood: -10708308.08978
506. Current log-likelihood: -10708308.05990
507. Current log-likelihood: -10708308.03014
508. Current log-likelihood: -10708308.00073
509. Current log-likelihood: -10708307.97166
510. Current log-likelihood: -10708307.94279
511. Current log-likelihood: -10708307.91410
512. Current log-likelihood: -10708307.88556
513. Current log-likelihood: -10708307.85732
514. Current log-likelihood: -10708307.82941
515. Current log-likelihood: -10708307.80171
516. Current log-likelihood: -10708307.77416
517. Current log-likelihood: -10708307.74702
518. Current log-likelihood: -10708307.71965
519. Current log-likelihood: -10708307.69284
520. Current log-likelihood: -10708307.66635
521. Current log-likelihood: -10708307.63978
522. Current log-likelihood: -10708307.61369
523. Current log-likelihood: -10708307.58768
524. Current log-likelihood: -10708307.56173
525. Current log-likelihood: -10708307.53618
526. Current log-likelihood: -10708307.51082
527. Current log-likelihood: -10708307.48557
528. Current log-likelihood: -10708307.46062
529. Current log-likelihood: -10708307.43588
530. Current log-likelihood: -10708307.41113
531. Current log-likelihood: -10708307.38667
532. Current log-likelihood: -10708307.36257
533. Current log-likelihood: -10708307.33848
534. Current log-likelihood: -10708307.31465
535. Current log-likelihood: -10708307.29105
536. Current log-likelihood: -10708307.26737
537. Current log-likelihood: -10708307.24400
538. Current log-likelihood: -10708307.22099
539. Current log-likelihood: -10708307.19799
540. Current log-likelihood: -10708307.17523
541. Current log-likelihood: -10708307.15268
542. Current log-likelihood: -10708307.13031
543. Current log-likelihood: -10708307.10781
544. Current log-likelihood: -10708307.08582
545. Current log-likelihood: -10708307.06386
546. Current log-likelihood: -10708307.04209
547. Current log-likelihood: -10708307.02054
548. Current log-likelihood: -10708306.99914
549. Current log-likelihood: -10708306.97776
550. Current log-likelihood: -10708306.95663
551. Current log-likelihood: -10708306.93562
552. Current log-likelihood: -10708306.91492
553. Current log-likelihood: -10708306.89420
554. Current log-likelihood: -10708306.87372
555. Current log-likelihood: -10708306.85342
556. Current log-likelihood: -10708306.83318
557. Current log-likelihood: -10708306.81296
558. Current log-likelihood: -10708306.79314
559. Current log-likelihood: -10708306.77338
560. Current log-likelihood: -10708306.75378
561. Current log-likelihood: -10708306.73423
562. Current log-likelihood: -10708306.71499
563. Current log-likelihood: -10708306.69577
564. Current log-likelihood: -10708306.67664
565. Current log-likelihood: -10708306.65770
566. Current log-likelihood: -10708306.63894
567. Current log-likelihood: -10708306.62030
568. Current log-likelihood: -10708306.60182
569. Current log-likelihood: -10708306.58272
570. Current log-likelihood: -10708306.56446
571. Current log-likelihood: -10708306.54635
572. Current log-likelihood: -10708306.52844
573. Current log-likelihood: -10708306.51040
574. Current log-likelihood: -10708306.49273
575. Current log-likelihood: -10708306.47515
576. Current log-likelihood: -10708306.45775
577. Current log-likelihood: -10708306.44028
578. Current log-likelihood: -10708306.42287
579. Current log-likelihood: -10708306.40582
580. Current log-likelihood: -10708306.38875
581. Current log-likelihood: -10708306.37182
582. Current log-likelihood: -10708306.35505
583. Current log-likelihood: -10708306.33847
584. Current log-likelihood: -10708306.32193
585. Current log-likelihood: -10708306.30540
586. Current log-likelihood: -10708306.28900
587. Current log-likelihood: -10708306.27281
588. Current log-likelihood: -10708306.25669
589. Current log-likelihood: -10708306.24078
590. Current log-likelihood: -10708306.22480
591. Current log-likelihood: -10708306.20901
592. Current log-likelihood: -10708306.19336
593. Current log-likelihood: -10708306.17788
594. Current log-likelihood: -10708306.16240
595. Current log-likelihood: -10708306.14688
596. Current log-likelihood: -10708306.13161
597. Current log-likelihood: -10708306.11654
598. Current log-likelihood: -10708306.10151
599. Current log-likelihood: -10708306.08643
600. Current log-likelihood: -10708306.07165
601. Current log-likelihood: -10708306.05690
602. Current log-likelihood: -10708306.03995
603. Current log-likelihood: -10708306.02299
604. Current log-likelihood: -10708306.00600
605. Current log-likelihood: -10708305.98940
606. Current log-likelihood: -10708305.97287
607. Current log-likelihood: -10708305.95643
608. Current log-likelihood: -10708305.93998
609. Current log-likelihood: -10708305.92389
610. Current log-likelihood: -10708305.90784
611. Current log-likelihood: -10708305.89192
612. Current log-likelihood: -10708305.87592
613. Current log-likelihood: -10708305.86023
614. Current log-likelihood: -10708305.84463
615. Current log-likelihood: -10708305.82924
616. Current log-likelihood: -10708305.81391
617. Current log-likelihood: -10708305.79864
618. Current log-likelihood: -10708305.78344
619. Current log-likelihood: -10708305.76850
620. Current log-likelihood: -10708305.75353
621. Current log-likelihood: -10708305.73863
622. Current log-likelihood: -10708305.72392
623. Current log-likelihood: -10708305.70941
624. Current log-likelihood: -10708305.69494
625. Current log-likelihood: -10708305.68066
626. Current log-likelihood: -10708305.66627
627. Current log-likelihood: -10708305.65210
628. Current log-likelihood: -10708305.63812
629. Current log-likelihood: -10708305.62410
630. Current log-likelihood: -10708305.61015
631. Current log-likelihood: -10708305.59634
632. Current log-likelihood: -10708305.58268
633. Current log-likelihood: -10708305.56917
634. Current log-likelihood: -10708305.55569
635. Current log-likelihood: -10708305.54233
636. Current log-likelihood: -10708305.52900
637. Current log-likelihood: -10708305.51583
638. Current log-likelihood: -10708305.50266
639. Current log-likelihood: -10708305.48957
640. Current log-likelihood: -10708305.47661
641. Current log-likelihood: -10708305.46378
642. Current log-likelihood: -10708305.45111
643. Current log-likelihood: -10708305.43844
644. Current log-likelihood: -10708305.42588
645. Current log-likelihood: -10708305.41337
646. Current log-likelihood: -10708305.40105
647. Current log-likelihood: -10708305.38867
648. Current log-likelihood: -10708305.37652
649. Current log-likelihood: -10708305.36431
650. Current log-likelihood: -10708305.35226
651. Current log-likelihood: -10708305.34023
652. Current log-likelihood: -10708305.32832
653. Current log-likelihood: -10708305.31651
654. Current log-likelihood: -10708305.30484
655. Current log-likelihood: -10708305.29326
656. Current log-likelihood: -10708305.28151
657. Current log-likelihood: -10708305.27006
658. Current log-likelihood: -10708305.25872
659. Current log-likelihood: -10708305.24730
660. Current log-likelihood: -10708305.23603
661. Current log-likelihood: -10708305.22482
662. Current log-likelihood: -10708305.21365
663. Current log-likelihood: -10708305.20260
664. Current log-likelihood: -10708305.19168
665. Current log-likelihood: -10708305.18086
666. Current log-likelihood: -10708305.16995
667. Current log-likelihood: -10708305.15926
668. Current log-likelihood: -10708305.14853
669. Current log-likelihood: -10708305.13792
670. Current log-likelihood: -10708305.12744
671. Current log-likelihood: -10708305.11678
672. Current log-likelihood: -10708305.10643
673. Current log-likelihood: -10708305.09609
674. Current log-likelihood: -10708305.08575
675. Current log-likelihood: -10708305.07560
676. Current log-likelihood: -10708305.06538
677. Current log-likelihood: -10708305.05535
678. Current log-likelihood: -10708305.04540
679. Current log-likelihood: -10708305.03552
680. Current log-likelihood: -10708305.02553
681. Current log-likelihood: -10708305.01568
682. Current log-likelihood: -10708305.00598
683. Current log-likelihood: -10708304.99618
684. Current log-likelihood: -10708304.98653
685. Current log-likelihood: -10708304.97706
686. Current log-likelihood: -10708304.96758
687. Current log-likelihood: -10708304.95796
688. Current log-likelihood: -10708304.94855
689. Current log-likelihood: -10708304.93930
690. Current log-likelihood: -10708304.93007
691. Current log-likelihood: -10708304.92082
692. Current log-likelihood: -10708304.91168
693. Current log-likelihood: -10708304.90250
694. Current log-likelihood: -10708304.89347
695. Current log-likelihood: -10708304.88443
696. Current log-likelihood: -10708304.87546
697. Current log-likelihood: -10708304.86660
698. Current log-likelihood: -10708304.85778
699. Current log-likelihood: -10708304.84899
700. Current log-likelihood: -10708304.84017
701. Current log-likelihood: -10708304.83153
702. Current log-likelihood: -10708304.82176
703. Current log-likelihood: -10708304.81199
704. Current log-likelihood: -10708304.80227
705. Current log-likelihood: -10708304.79271
706. Current log-likelihood: -10708304.78322
707. Current log-likelihood: -10708304.77361
708. Current log-likelihood: -10708304.76408
709. Current log-likelihood: -10708304.75468
710. Current log-likelihood: -10708304.74543
711. Current log-likelihood: -10708304.73618
712. Current log-likelihood: -10708304.72706
713. Current log-likelihood: -10708304.71800
714. Current log-likelihood: -10708304.70884
715. Current log-likelihood: -10708304.69980
716. Current log-likelihood: -10708304.69096
717. Current log-likelihood: -10708304.68214
718. Current log-likelihood: -10708304.67330
719. Current log-likelihood: -10708304.66465
720. Current log-likelihood: -10708304.65592
721. Current log-likelihood: -10708304.64704
722. Current log-likelihood: -10708304.63848
723. Current log-likelihood: -10708304.62998
724. Current log-likelihood: -10708304.62154
725. Current log-likelihood: -10708304.61323
726. Current log-likelihood: -10708304.60477
727. Current log-likelihood: -10708304.59649
728. Current log-likelihood: -10708304.58822
729. Current log-likelihood: -10708304.58006
730. Current log-likelihood: -10708304.57189
731. Current log-likelihood: -10708304.56390
732. Current log-likelihood: -10708304.55582
733. Current log-likelihood: -10708304.54787
734. Current log-likelihood: -10708304.53998
735. Current log-likelihood: -10708304.53187
736. Current log-likelihood: -10708304.52405
737. Current log-likelihood: -10708304.51636
738. Current log-likelihood: -10708304.50859
739. Current log-likelihood: -10708304.50086
740. Current log-likelihood: -10708304.49331
741. Current log-likelihood: -10708304.48576
742. Current log-likelihood: -10708304.47826
743. Current log-likelihood: -10708304.47069
744. Current log-likelihood: -10708304.46328
745. Current log-likelihood: -10708304.45584
746. Current log-likelihood: -10708304.44857
747. Current log-likelihood: -10708304.44125
748. Current log-likelihood: -10708304.43403
749. Current log-likelihood: -10708304.42690
750. Current log-likelihood: -10708304.41963
751. Current log-likelihood: -10708304.41243
752. Current log-likelihood: -10708304.40528
753. Current log-likelihood: -10708304.39827
754. Current log-likelihood: -10708304.39130
755. Current log-likelihood: -10708304.38443
756. Current log-likelihood: -10708304.37753
757. Current log-likelihood: -10708304.37070
758. Current log-likelihood: -10708304.36396
759. Current log-likelihood: -10708304.35714
760. Current log-likelihood: -10708304.35031
761. Current log-likelihood: -10708304.34363
762. Current log-likelihood: -10708304.33701
763. Current log-likelihood: -10708304.33043
764. Current log-likelihood: -10708304.32395
765. Current log-likelihood: -10708304.31747
766. Current log-likelihood: -10708304.31086
767. Current log-likelihood: -10708304.30433
768. Current log-likelihood: -10708304.29782
769. Current log-likelihood: -10708304.29145
770. Current log-likelihood: -10708304.28519
771. Current log-likelihood: -10708304.27879
772. Current log-likelihood: -10708304.27254
773. Current log-likelihood: -10708304.26632
774. Current log-likelihood: -10708304.26017
775. Current log-likelihood: -10708304.25404
776. Current log-likelihood: -10708304.24783
777. Current log-likelihood: -10708304.24177
778. Current log-likelihood: -10708304.23574
779. Current log-likelihood: -10708304.22981
780. Current log-likelihood: -10708304.22388
781. Current log-likelihood: -10708304.21783
782. Current log-likelihood: -10708304.21200
783. Current log-likelihood: -10708304.20616
784. Current log-likelihood: -10708304.20020
785. Current log-likelihood: -10708304.19436
786. Current log-likelihood: -10708304.18856
787. Current log-likelihood: -10708304.18283
788. Current log-likelihood: -10708304.17720
789. Current log-likelihood: -10708304.17147
790. Current log-likelihood: -10708304.16586
791. Current log-likelihood: -10708304.16033
792. Current log-likelihood: -10708304.15473
793. Current log-likelihood: -10708304.14921
794. Current log-likelihood: -10708304.14378
795. Current log-likelihood: -10708304.13822
796. Current log-likelihood: -10708304.13279
797. Current log-likelihood: -10708304.12737
798. Current log-likelihood: -10708304.12195
799. Current log-likelihood: -10708304.11661
800. Current log-likelihood: -10708304.11136
801. Current log-likelihood: -10708304.10609
802. Current log-likelihood: -10708304.10023
803. Current log-likelihood: -10708304.09429
804. Current log-likelihood: -10708304.08842
805. Current log-likelihood: -10708304.08252
806. Current log-likelihood: -10708304.07675
807. Current log-likelihood: -10708304.07104
808. Current log-likelihood: -10708304.06537
809. Current log-likelihood: -10708304.05972
810. Current log-likelihood: -10708304.05412
811. Current log-likelihood: -10708304.04854
812. Current log-likelihood: -10708304.04307
813. Current log-likelihood: -10708304.03759
814. Current log-likelihood: -10708304.03205
815. Current log-likelihood: -10708304.02650
816. Current log-likelihood: -10708304.02109
817. Current log-likelihood: -10708304.01574
818. Current log-likelihood: -10708304.01046
819. Current log-likelihood: -10708304.00517
820. Current log-likelihood: -10708303.99985
821. Current log-likelihood: -10708303.99468
822. Current log-likelihood: -10708303.98940
823. Current log-likelihood: -10708303.98407
824. Current log-likelihood: -10708303.97897
825. Current log-likelihood: -10708303.97388
826. Current log-likelihood: -10708303.96863
827. Current log-likelihood: -10708303.96362
828. Current log-likelihood: -10708303.95860
829. Current log-likelihood: -10708303.95362
830. Current log-likelihood: -10708303.94871
831. Current log-likelihood: -10708303.94373
832. Current log-likelihood: -10708303.93877
833. Current log-likelihood: -10708303.93393
834. Current log-likelihood: -10708303.92911
835. Current log-likelihood: -10708303.92431
836. Current log-likelihood: -10708303.91955
837. Current log-likelihood: -10708303.91472
838. Current log-likelihood: -10708303.90993
839. Current log-likelihood: -10708303.90526
840. Current log-likelihood: -10708303.90054
841. Current log-likelihood: -10708303.89589
842. Current log-likelihood: -10708303.89131
843. Current log-likelihood: -10708303.88675
844. Current log-likelihood: -10708303.88203
845. Current log-likelihood: -10708303.87746
846. Current log-likelihood: -10708303.87298
847. Current log-likelihood: -10708303.86850
848. Current log-likelihood: -10708303.86389
849. Current log-likelihood: -10708303.85948
850. Current log-likelihood: -10708303.85499
851. Current log-likelihood: -10708303.84985
852. Current log-likelihood: -10708303.84551
853. Current log-likelihood: -10708303.84118
854. Current log-likelihood: -10708303.83689
855. Current log-likelihood: -10708303.83263
856. Current log-likelihood: -10708303.82838
857. Current log-likelihood: -10708303.82412
858. Current log-likelihood: -10708303.81994
859. Current log-likelihood: -10708303.81567
860. Current log-likelihood: -10708303.81153
861. Current log-likelihood: -10708303.80730
862. Current log-likelihood: -10708303.80318
863. Current log-likelihood: -10708303.79910
864. Current log-likelihood: -10708303.79501
865. Current log-likelihood: -10708303.79095
866. Current log-likelihood: -10708303.78697
867. Current log-likelihood: -10708303.78281
868. Current log-likelihood: -10708303.77884
869. Current log-likelihood: -10708303.77491
870. Current log-likelihood: -10708303.77091
871. Current log-likelihood: -10708303.76700
872. Current log-likelihood: -10708303.76307
873. Current log-likelihood: -10708303.75920
874. Current log-likelihood: -10708303.75524
875. Current log-likelihood: -10708303.75142
876. Current log-likelihood: -10708303.74762
877. Current log-likelihood: -10708303.74385
878. Current log-likelihood: -10708303.74009
879. Current log-likelihood: -10708303.73630
880. Current log-likelihood: -10708303.73260
881. Current log-likelihood: -10708303.72883
882. Current log-likelihood: -10708303.72514
883. Current log-likelihood: -10708303.72150
884. Current log-likelihood: -10708303.71784
885. Current log-likelihood: -10708303.71424
886. Current log-likelihood: -10708303.71066
887. Current log-likelihood: -10708303.70702
888. Current log-likelihood: -10708303.70335
889. Current log-likelihood: -10708303.69981
890. Current log-likelihood: -10708303.69628
891. Current log-likelihood: -10708303.69280
892. Current log-likelihood: -10708303.68933
893. Current log-likelihood: -10708303.68577
894. Current log-likelihood: -10708303.68219
895. Current log-likelihood: -10708303.67870
896. Current log-likelihood: -10708303.67528
897. Current log-likelihood: -10708303.67189
898. Current log-likelihood: -10708303.66852
899. Current log-likelihood: -10708303.66514
900. Current log-likelihood: -10708303.66182
901. Current log-likelihood: -10708303.65851
902. Current log-likelihood: -10708303.65484
903. Current log-likelihood: -10708303.65104
904. Current log-likelihood: -10708303.64740
905. Current log-likelihood: -10708303.64372
906. Current log-likelihood: -10708303.64015
907. Current log-likelihood: -10708303.63658
908. Current log-likelihood: -10708303.63303
909. Current log-likelihood: -10708303.62953
910. Current log-likelihood: -10708303.62604
911. Current log-likelihood: -10708303.62249
912. Current log-likelihood: -10708303.61905
913. Current log-likelihood: -10708303.61562
914. Current log-likelihood: -10708303.61218
915. Current log-likelihood: -10708303.60881
916. Current log-likelihood: -10708303.60543
917. Current log-likelihood: -10708303.60197
918. Current log-likelihood: -10708303.59853
919. Current log-likelihood: -10708303.59515
920. Current log-likelihood: -10708303.59183
921. Current log-likelihood: -10708303.58855
922. Current log-likelihood: -10708303.58514
923. Current log-likelihood: -10708303.58186
924. Current log-likelihood: -10708303.57865
925. Current log-likelihood: -10708303.57543
926. Current log-likelihood: -10708303.57223
927. Current log-likelihood: -10708303.56906
928. Current log-likelihood: -10708303.56585
929. Current log-likelihood: -10708303.56269
930. Current log-likelihood: -10708303.55950
931. Current log-likelihood: -10708303.55638
932. Current log-likelihood: -10708303.55328
933. Current log-likelihood: -10708303.55010
934. Current log-likelihood: -10708303.54705
935. Current log-likelihood: -10708303.54398
936. Current log-likelihood: -10708303.54092
937. Current log-likelihood: -10708303.53790
938. Current log-likelihood: -10708303.53490
939. Current log-likelihood: -10708303.53193
940. Current log-likelihood: -10708303.52898
941. Current log-likelihood: -10708303.52604
942. Current log-likelihood: -10708303.52310
943. Current log-likelihood: -10708303.52012
944. Current log-likelihood: -10708303.51723
945. Current log-likelihood: -10708303.51431
946. Current log-likelihood: -10708303.51144
947. Current log-likelihood: -10708303.50859
948. Current log-likelihood: -10708303.50576
949. Current log-likelihood: -10708303.50293
950. Current log-likelihood: -10708303.50002
951. Current log-likelihood: -10708303.49724
952. Current log-likelihood: -10708303.49446
953. Current log-likelihood: -10708303.49154
954. Current log-likelihood: -10708303.48880
955. Current log-likelihood: -10708303.48602
956. Current log-likelihood: -10708303.48330
957. Current log-likelihood: -10708303.48060
958. Current log-likelihood: -10708303.47782
959. Current log-likelihood: -10708303.47515
960. Current log-likelihood: -10708303.47249
961. Current log-likelihood: -10708303.46984
962. Current log-likelihood: -10708303.46721
963. Current log-likelihood: -10708303.46460
964. Current log-likelihood: -10708303.46199
965. Current log-likelihood: -10708303.45935
966. Current log-likelihood: -10708303.45677
967. Current log-likelihood: -10708303.45421
968. Current log-likelihood: -10708303.45167
969. Current log-likelihood: -10708303.44901
970. Current log-likelihood: -10708303.44649
971. Current log-likelihood: -10708303.44397
972. Current log-likelihood: -10708303.44147
973. Current log-likelihood: -10708303.43890
974. Current log-likelihood: -10708303.43643
975. Current log-likelihood: -10708303.43392
976. Current log-likelihood: -10708303.43146
977. Current log-likelihood: -10708303.42903
978. Current log-likelihood: -10708303.42660
979. Current log-likelihood: -10708303.42419
980. Current log-likelihood: -10708303.42180
981. Current log-likelihood: -10708303.41941
982. Current log-likelihood: -10708303.41704
983. Current log-likelihood: -10708303.41467
984. Current log-likelihood: -10708303.41233
985. Current log-likelihood: -10708303.41000
986. Current log-likelihood: -10708303.40762
987. Current log-likelihood: -10708303.40531
988. Current log-likelihood: -10708303.40301
989. Current log-likelihood: -10708303.40052
990. Current log-likelihood: -10708303.39824
991. Current log-likelihood: -10708303.39581
992. Current log-likelihood: -10708303.39355
993. Current log-likelihood: -10708303.39130
994. Current log-likelihood: -10708303.38906
995. Current log-likelihood: -10708303.38683
996. Current log-likelihood: -10708303.38462
997. Current log-likelihood: -10708303.38241
998. Current log-likelihood: -10708303.38016
999. Current log-likelihood: -10708303.37798
1000. Current log-likelihood: -10708303.37581
1001. Current log-likelihood: -10708303.37363
1002. Current log-likelihood: -10708303.37127
1003. Current log-likelihood: -10708303.36893
1004. Current log-likelihood: -10708303.36660
1005. Current log-likelihood: -10708303.36427
1006. Current log-likelihood: -10708303.36197
1007. Current log-likelihood: -10708303.35959
1008. Current log-likelihood: -10708303.35731
1009. Current log-likelihood: -10708303.35504
1010. Current log-likelihood: -10708303.35271
1011. Current log-likelihood: -10708303.35035
1012. Current log-likelihood: -10708303.34810
1013. Current log-likelihood: -10708303.34587
1014. Current log-likelihood: -10708303.34366
1015. Current log-likelihood: -10708303.34145
1016. Current log-likelihood: -10708303.33926
1017. Current log-likelihood: -10708303.33708
1018. Current log-likelihood: -10708303.33491
1019. Current log-likelihood: -10708303.33276
1020. Current log-likelihood: -10708303.33062
1021. Current log-likelihood: -10708303.32842
1022. Current log-likelihood: -10708303.32630
1023. Current log-likelihood: -10708303.32420
1024. Current log-likelihood: -10708303.32202
1025. Current log-likelihood: -10708303.31991
1026. Current log-likelihood: -10708303.31784
1027. Current log-likelihood: -10708303.31577
1028. Current log-likelihood: -10708303.31369
1029. Current log-likelihood: -10708303.31164
1030. Current log-likelihood: -10708303.30962
1031. Current log-likelihood: -10708303.30758
1032. Current log-likelihood: -10708303.30541
1033. Current log-likelihood: -10708303.30330
1034. Current log-likelihood: -10708303.30118
1035. Current log-likelihood: -10708303.29918
1036. Current log-likelihood: -10708303.29721
1037. Current log-likelihood: -10708303.29524
1038. Current log-likelihood: -10708303.29327
1039. Current log-likelihood: -10708303.29132
1040. Current log-likelihood: -10708303.28939
1041. Current log-likelihood: -10708303.28745
1042. Current log-likelihood: -10708303.28552
1043. Current log-likelihood: -10708303.28362
1044. Current log-likelihood: -10708303.28163
1045. Current log-likelihood: -10708303.27974
1046. Current log-likelihood: -10708303.27786
1047. Current log-likelihood: -10708303.27593
1048. Current log-likelihood: -10708303.27406
1049. Current log-likelihood: -10708303.27222
1050. Current log-likelihood: -10708303.27037
1051. Current log-likelihood: -10708303.26852
1052. Current log-likelihood: -10708303.26670
1053. Current log-likelihood: -10708303.26488
1054. Current log-likelihood: -10708303.26307
1055. Current log-likelihood: -10708303.26127
1056. Current log-likelihood: -10708303.25949
1057. Current log-likelihood: -10708303.25771
1058. Current log-likelihood: -10708303.25582
1059. Current log-likelihood: -10708303.25404
1060. Current log-likelihood: -10708303.25229
1061. Current log-likelihood: -10708303.25048
1062. Current log-likelihood: -10708303.24874
1063. Current log-likelihood: -10708303.24701
1064. Current log-likelihood: -10708303.24528
1065. Current log-likelihood: -10708303.24348
1066. Current log-likelihood: -10708303.24177
1067. Current log-likelihood: -10708303.24007
1068. Current log-likelihood: -10708303.23838
1069. Current log-likelihood: -10708303.23652
1070. Current log-likelihood: -10708303.23233
1071. Current log-likelihood: -10708303.23062
1072. Current log-likelihood: -10708303.22893
1073. Current log-likelihood: -10708303.22710
1074. Current log-likelihood: -10708303.22543
1075. Current log-likelihood: -10708303.22377
1076. Current log-likelihood: -10708303.22212
1077. Current log-likelihood: -10708303.22047
1078. Current log-likelihood: -10708303.21884
1079. Current log-likelihood: -10708303.21722
1080. Current log-likelihood: -10708303.21561
1081. Current log-likelihood: -10708303.21401
1082. Current log-likelihood: -10708303.21242
1083. Current log-likelihood: -10708303.21084
1084. Current log-likelihood: -10708303.20927
1085. Current log-likelihood: -10708303.20769
1086. Current log-likelihood: -10708303.20612
1087. Current log-likelihood: -10708303.20458
1088. Current log-likelihood: -10708303.20298
1089. Current log-likelihood: -10708303.20143
1090. Current log-likelihood: -10708303.19990
1091. Current log-likelihood: -10708303.19836
1092. Current log-likelihood: -10708303.19684
1093. Current log-likelihood: -10708303.19533
1094. Current log-likelihood: -10708303.19383
1095. Current log-likelihood: -10708303.19233
1096. Current log-likelihood: -10708303.19082
1097. Current log-likelihood: -10708303.18934
1098. Current log-likelihood: -10708303.18786
1099. Current log-likelihood: -10708303.18639
1100. Current log-likelihood: -10708303.18493
1101. Current log-likelihood: -10708303.18346
1102. Current log-likelihood: -10708303.18188
1103. Current log-likelihood: -10708303.18023
1104. Current log-likelihood: -10708303.17855
1105. Current log-likelihood: -10708303.17692
1106. Current log-likelihood: -10708303.17538
1107. Current log-likelihood: -10708303.17383
1108. Current log-likelihood: -10708303.17229
1109. Current log-likelihood: -10708303.17075
1110. Current log-likelihood: -10708303.16922
1111. Current log-likelihood: -10708303.16771
1112. Current log-likelihood: -10708303.16620
1113. Current log-likelihood: -10708303.16469
1114. Current log-likelihood: -10708303.16319
1115. Current log-likelihood: -10708303.16171
1116. Current log-likelihood: -10708303.16023
1117. Current log-likelihood: -10708303.15875
1118. Current log-likelihood: -10708303.15729
1119. Current log-likelihood: -10708303.15583
1120. Current log-likelihood: -10708303.15438
1121. Current log-likelihood: -10708303.15289
1122. Current log-likelihood: -10708303.15144
1123. Current log-likelihood: -10708303.15000
1124. Current log-likelihood: -10708303.14858
1125. Current log-likelihood: -10708303.14715
1126. Current log-likelihood: -10708303.14574
1127. Current log-likelihood: -10708303.14434
1128. Current log-likelihood: -10708303.14286
1129. Current log-likelihood: -10708303.14146
1130. Current log-likelihood: -10708303.13992
1131. Current log-likelihood: -10708303.13854
1132. Current log-likelihood: -10708303.13716
1133. Current log-likelihood: -10708303.13580
1134. Current log-likelihood: -10708303.13442
1135. Current log-likelihood: -10708303.13306
1136. Current log-likelihood: -10708303.13171
1137. Current log-likelihood: -10708303.13025
1138. Current log-likelihood: -10708303.12890
1139. Current log-likelihood: -10708303.12757
1140. Current log-likelihood: -10708303.12619
1141. Current log-likelihood: -10708303.12487
1142. Current log-likelihood: -10708303.12354
1143. Current log-likelihood: -10708303.12222
1144. Current log-likelihood: -10708303.12092
1145. Current log-likelihood: -10708303.11962
1146. Current log-likelihood: -10708303.11833
1147. Current log-likelihood: -10708303.11703
1148. Current log-likelihood: -10708303.11575
1149. Current log-likelihood: -10708303.11447
1150. Current log-likelihood: -10708303.11341
1151. Current log-likelihood: -10708303.11234
1152. Current log-likelihood: -10708303.11127
1153. Current log-likelihood: -10708303.11031
Final estimation on weights:
0.95555,0.00026,0.04418
Wrote distance file to... 
BEST SCORE FOUND : -10708303.11031
Total tree lengths: 0.26841 0.00426 0.01334

Total number of iterations: 1151
CPU time used for tree search: 0.00003 sec (0h:0m:0s)
Wall-clock time used for tree search: 0.00003 sec (0h:0m:0s)
Total CPU time used: 27725.59586 sec (7h:42m:5s)
Total wall-clock time used: 1020.00503 sec (0h:17m:0s)

Analysis results written to: 
  IQ-TREE report:                mast_all_occ80_JU3237_quartet_04.submodel1.iqtree
  Maximum-likelihood tree:       mast_all_occ80_JU3237_quartet_04.submodel1.treefile
  Screen log file:               mast_all_occ80_JU3237_quartet_04.submodel1.log

Date and Time: Wed Jul  8 23:37:57 2026
