IQ-TREE version 3.0.1 for Linux x86 64-bit built Jul  9 2025
Developed by Bui Quang Minh, Thomas Wong, Nhan Ly-Trong, Huaiyan Ren
Contributed by Lam-Tung Nguyen, Dominik Schrempf, Chris Bielow,
Olga Chernomor, Michael Woodhams, Diep Thi Hoang, Heiko Schmidt

Host:    c182 (AVX512, FMA3, 188 GB RAM)
Command: iqtree3 -s /vast/eande106/projects/Nicolas/github/CB_PopGen_HDR_MS/processed_data/tree_topology/mast/mast_all/occ80_JU3200_quartet_09_supermatrix.clean.fas -m TMIX{LG+FO+G,LG+FO+G,LG+FO+G}+T -te /vast/eande106/projects/Nicolas/github/CB_PopGen_HDR_MS/processed_data/tree_topology/mast/quartet_topologies/quartet_09_JU2617_JU3200_topologies.tre --prefix mast_all_occ80_JU3200_quartet_09.submodel1 -T 48
Seed:    294740 (Using SPRNG - Scalable Parallel Random Number Generator)
Time:    Wed Jul  8 23:20:46 2026
Kernel:  AVX+FMA - 48 threads (48 CPU cores detected)

Reading alignment file /vast/eande106/projects/Nicolas/github/CB_PopGen_HDR_MS/processed_data/tree_topology/mast/mast_all/occ80_JU3200_quartet_09_supermatrix.clean.fas ... Fasta format detected
Reading fasta file: done in 0.208426 secs using 46.31% CPU
Alignment most likely contains protein sequences
Constructing alignment: done in 2.65499 secs using 15.46% CPU
WARNING: 1 sites contain only gaps or ambiguous characters.
Alignment has 4 sequences with 2424890 columns, 13750 distinct patterns
15423 parsimony-informative, 357069 singleton sites, 2052398 constant sites
        Gap/Ambiguity  Composition  p-value
Analyzing sequences: done in 0.000233644 secs using 1.996e+04% CPU
   1  PX506     4.89%    failed      0.01%
   2  JU3200    2.33%    passed     98.13%
   3  QX1410    2.13%    passed     99.61%
   4  JU2617    2.92%    passed     66.23%
****  TOTAL     3.07%  1 sequences failed composition chi2 test (p-value<5%; df=19)
Number of input trees: 3
Minimum branch length is set to 0.0000010
Checking for duplicate sequences: done in 0.000386839 secs using 36.97% CPU

NOTE: 102 MB RAM (0 GB) is required!
According to the parsimony scores along the sites, the tree weights are initialized to:
0.8961940,0.0389029,0.0649031
Estimate model parameters (epsilon = 0.00100)
1. Initial log-likelihood: -9307741.39878
2. Current log-likelihood: -9305447.99095
3. Current log-likelihood: -9301204.70764
4. Current log-likelihood: -9300896.04745
5. Current log-likelihood: -9300766.06566
6. Current log-likelihood: -9300640.21900
7. Current log-likelihood: -9300517.86144
8. Current log-likelihood: -9300460.12154
9. Current log-likelihood: -9300444.01733
10. Current log-likelihood: -9300433.87461
11. Current log-likelihood: -9300424.40792
12. Current log-likelihood: -9300415.56609
13. Current log-likelihood: -9300407.30944
14. Current log-likelihood: -9300399.60882
15. Current log-likelihood: -9300392.42828
16. Current log-likelihood: -9300385.74064
17. Current log-likelihood: -9300379.51677
18. Current log-likelihood: -9300373.72960
19. Current log-likelihood: -9300368.34623
20. Current log-likelihood: -9300363.34325
21. Current log-likelihood: -9300358.69110
22. Current log-likelihood: -9300354.37259
23. Current log-likelihood: -9300350.36584
24. Current log-likelihood: -9300346.64381
25. Current log-likelihood: -9300343.19058
26. Current log-likelihood: -9300339.98439
27. Current log-likelihood: -9300336.99513
28. Current log-likelihood: -9300334.24089
29. Current log-likelihood: -9300331.66841
30. Current log-likelihood: -9300329.29806
31. Current log-likelihood: -9300327.09736
32. Current log-likelihood: -9300325.05084
33. Current log-likelihood: -9300323.14913
34. Current log-likelihood: -9300321.37485
35. Current log-likelihood: -9300319.72803
36. Current log-likelihood: -9300318.19713
37. Current log-likelihood: -9300316.77684
38. Current log-likelihood: -9300315.45200
39. Current log-likelihood: -9300314.21783
40. Current log-likelihood: -9300313.06935
41. Current log-likelihood: -9300311.99760
42. Current log-likelihood: -9300311.00171
43. Current log-likelihood: -9300310.06762
44. Current log-likelihood: -9300309.19247
45. Current log-likelihood: -9300308.37645
46. Current log-likelihood: -9300307.61149
47. Current log-likelihood: -9300306.89363
48. Current log-likelihood: -9300306.22295
49. Current log-likelihood: -9300305.57270
50. Current log-likelihood: -9300304.97467
51. Current log-likelihood: -9300304.41012
52. Current log-likelihood: -9300303.87825
53. Current log-likelihood: -9300303.37698
54. Current log-likelihood: -9300302.90480
55. Current log-likelihood: -9300302.45891
56. Current log-likelihood: -9300302.03723
57. Current log-likelihood: -9300301.63852
58. Current log-likelihood: -9300301.26210
59. Current log-likelihood: -9300300.91077
60. Current log-likelihood: -9300300.56883
61. Current log-likelihood: -9300300.25384
62. Current log-likelihood: -9300300.00956
63. Current log-likelihood: -9300299.68987
64. Current log-likelihood: -9300299.40630
65. Current log-likelihood: -9300299.18725
66. Current log-likelihood: -9300298.90945
67. Current log-likelihood: -9300298.70938
68. Current log-likelihood: -9300298.45410
69. Current log-likelihood: -9300298.26982
70. Current log-likelihood: -9300298.03670
71. Current log-likelihood: -9300297.86655
72. Current log-likelihood: -9300297.65264
73. Current log-likelihood: -9300297.49466
74. Current log-likelihood: -9300297.29810
75. Current log-likelihood: -9300297.15135
76. Current log-likelihood: -9300296.97151
77. Current log-likelihood: -9300296.83535
78. Current log-likelihood: -9300296.66941
79. Current log-likelihood: -9300296.54296
80. Current log-likelihood: -9300296.39002
81. Current log-likelihood: -9300296.27243
82. Current log-likelihood: -9300296.13140
83. Current log-likelihood: -9300296.02203
84. Current log-likelihood: -9300295.89162
85. Current log-likelihood: -9300295.78974
86. Current log-likelihood: -9300295.66900
87. Current log-likelihood: -9300295.57409
88. Current log-likelihood: -9300295.46160
89. Current log-likelihood: -9300295.37291
90. Current log-likelihood: -9300295.26897
91. Current log-likelihood: -9300295.18621
92. Current log-likelihood: -9300295.09195
93. Current log-likelihood: -9300295.01700
94. Current log-likelihood: -9300294.92849
95. Current log-likelihood: -9300294.85962
96. Current log-likelihood: -9300294.77323
97. Current log-likelihood: -9300294.70642
98. Current log-likelihood: -9300294.63173
99. Current log-likelihood: -9300294.57218
100. Current log-likelihood: -9300294.49595
101. Current log-likelihood: -9300294.43709
102. Current log-likelihood: -9300294.32063
103. Current log-likelihood: -9300294.23556
104. Current log-likelihood: -9300294.10713
105. Current log-likelihood: -9300294.02663
106. Current log-likelihood: -9300293.92447
107. Current log-likelihood: -9300293.85772
108. Current log-likelihood: -9300293.76457
109. Current log-likelihood: -9300293.70663
110. Current log-likelihood: -9300293.61733
111. Current log-likelihood: -9300293.56113
112. Current log-likelihood: -9300293.49071
113. Current log-likelihood: -9300293.44427
114. Current log-likelihood: -9300293.37994
115. Current log-likelihood: -9300293.33968
116. Current log-likelihood: -9300293.27945
117. Current log-likelihood: -9300293.24135
118. Current log-likelihood: -9300293.19321
119. Current log-likelihood: -9300293.16189
120. Current log-likelihood: -9300293.11552
121. Current log-likelihood: -9300293.08690
122. Current log-likelihood: -9300293.04675
123. Current log-likelihood: -9300293.02157
124. Current log-likelihood: -9300292.98494
125. Current log-likelihood: -9300292.96211
126. Current log-likelihood: -9300292.93021
127. Current log-likelihood: -9300292.90984
128. Current log-likelihood: -9300292.88164
129. Current log-likelihood: -9300292.86345
130. Current log-likelihood: -9300292.83838
131. Current log-likelihood: -9300292.82212
132. Current log-likelihood: -9300292.80168
133. Current log-likelihood: -9300292.78836
134. Current log-likelihood: -9300292.76793
135. Current log-likelihood: -9300292.75537
136. Current log-likelihood: -9300292.73908
137. Current log-likelihood: -9300292.72856
138. Current log-likelihood: -9300292.71239
139. Current log-likelihood: -9300292.70240
140. Current log-likelihood: -9300292.69331
141. Current log-likelihood: -9300292.67932
142. Current log-likelihood: -9300292.67078
143. Current log-likelihood: -9300292.66322
144. Current log-likelihood: -9300292.65212
145. Current log-likelihood: -9300292.64554
146. Current log-likelihood: -9300292.63614
147. Current log-likelihood: -9300292.63045
148. Current log-likelihood: -9300292.62201
149. Current log-likelihood: -9300292.61700
150. Current log-likelihood: -9300292.60949
151. Current log-likelihood: -9300292.60493
152. Current log-likelihood: -9300292.60022
153. Current log-likelihood: -9300292.59335
154. Current log-likelihood: -9300292.58952
155. Current log-likelihood: -9300292.58550
156. Current log-likelihood: -9300292.57979
157. Current log-likelihood: -9300292.57649
158. Current log-likelihood: -9300292.57280
159. Current log-likelihood: -9300292.56796
160. Current log-likelihood: -9300292.56515
161. Current log-likelihood: -9300292.56231
162. Current log-likelihood: -9300292.55951
163. Current log-likelihood: -9300292.55612
164. Current log-likelihood: -9300292.55387
165. Current log-likelihood: -9300292.55134
166. Current log-likelihood: -9300292.54864
167. Current log-likelihood: -9300292.54638
168. Current log-likelihood: -9300292.54425
169. Current log-likelihood: -9300292.54225
170. Current log-likelihood: -9300292.54036
171. Current log-likelihood: -9300292.53855
172. Current log-likelihood: -9300292.53685
173. Current log-likelihood: -9300292.53524
174. Current log-likelihood: -9300292.53368
175. Current log-likelihood: -9300292.53219
176. Current log-likelihood: -9300292.53079
177. Current log-likelihood: -9300292.52950
178. Current log-likelihood: -9300292.52825
179. Current log-likelihood: -9300292.52722
180. Current log-likelihood: -9300292.52607
181. Current log-likelihood: -9300292.52498
182. Current log-likelihood: -9300292.52391
183. Current log-likelihood: -9300292.52302
Final estimation on weights:
0.87254,0.04361,0.08386
Wrote distance file to... 
BEST SCORE FOUND : -9300292.52302
Total tree lengths: 0.26765 0.00941 0.08896

Total number of iterations: 181
CPU time used for tree search: 0.00003 sec (0h:0m:0s)
Wall-clock time used for tree search: 0.00003 sec (0h:0m:0s)
Total CPU time used: 20356.21016 sec (5h:39m:16s)
Total wall-clock time used: 1423.75255 sec (0h:23m:43s)

Analysis results written to: 
  IQ-TREE report:                mast_all_occ80_JU3200_quartet_09.submodel1.iqtree
  Maximum-likelihood tree:       mast_all_occ80_JU3200_quartet_09.submodel1.treefile
  Screen log file:               mast_all_occ80_JU3200_quartet_09.submodel1.log

Date and Time: Wed Jul  8 23:44:33 2026
