IQ-TREE version 3.0.1 for Linux x86 64-bit built Jul  9 2025
Developed by Bui Quang Minh, Thomas Wong, Nhan Ly-Trong, Huaiyan Ren
Contributed by Lam-Tung Nguyen, Dominik Schrempf, Chris Bielow,
Olga Chernomor, Michael Woodhams, Diep Thi Hoang, Heiko Schmidt

Host:    c212 (AVX512, FMA3, 188 GB RAM)
Command: iqtree3 -s /vast/eande106/projects/Nicolas/github/CB_PopGen_HDR_MS/processed_data/tree_topology/mast/mast_all/occ80_JU3200_quartet_10_supermatrix.clean.fas -m LG+FO+G+T -te /vast/eande106/projects/Nicolas/github/CB_PopGen_HDR_MS/processed_data/tree_topology/mast/quartet_topologies/quartet_10_NIC2143_JU3200_topologies.tre --prefix mast_all_occ80_JU3200_quartet_10.submodel6 -T 48
Seed:    29057 (Using SPRNG - Scalable Parallel Random Number Generator)
Time:    Wed Jul  8 23:22:16 2026
Kernel:  AVX+FMA - 48 threads (48 CPU cores detected)

Reading alignment file /vast/eande106/projects/Nicolas/github/CB_PopGen_HDR_MS/processed_data/tree_topology/mast/mast_all/occ80_JU3200_quartet_10_supermatrix.clean.fas ... Fasta format detected
Reading fasta file: done in 0.188102 secs using 46.87% CPU
Alignment most likely contains protein sequences
Constructing alignment: done in 2.49132 secs using 14.48% CPU
WARNING: 1 sites contain only gaps or ambiguous characters.
Alignment has 4 sequences with 2276482 columns, 13130 distinct patterns
14308 parsimony-informative, 336142 singleton sites, 1926032 constant sites
         Gap/Ambiguity  Composition  p-value
Analyzing sequences: done in 0.000404024 secs using 1.166e+04% CPU
   1  PX506      4.73%    failed      0.04%
   2  JU3200     2.14%    passed     97.82%
   3  QX1410     2.02%    passed     99.62%
   4  NIC2143    3.03%    passed     38.93%
****  TOTAL      2.98%  1 sequences failed composition chi2 test (p-value<5%; df=19)
Number of input trees: 3
Minimum branch length is set to 0.0000010
Checking for duplicate sequences: done in 0.00399462 secs using 4447% CPU

NOTE: 97 MB RAM (0 GB) is required!
According to the parsimony scores along the sites, the tree weights are initialized to:
0.8964216,0.0427733,0.0608051
Estimate model parameters (epsilon = 0.00100)
1. Initial log-likelihood: -8743682.59946
2. Current log-likelihood: -8735295.29712
3. Current log-likelihood: -8734851.85415
4. Current log-likelihood: -8734590.37405
5. Current log-likelihood: -8734518.76042
6. Current log-likelihood: -8734503.96712
7. Current log-likelihood: -8734502.13843
8. Current log-likelihood: -8734501.05278
9. Current log-likelihood: -8734500.01334
10. Current log-likelihood: -8734498.96933
11. Current log-likelihood: -8734497.92055
12. Current log-likelihood: -8734496.84578
13. Current log-likelihood: -8734495.77512
14. Current log-likelihood: -8734494.70911
15. Current log-likelihood: -8734493.63786
16. Current log-likelihood: -8734492.56162
17. Current log-likelihood: -8734491.48012
18. Current log-likelihood: -8734490.39346
19. Current log-likelihood: -8734489.28917
20. Current log-likelihood: -8734488.18791
21. Current log-likelihood: -8734487.08284
22. Current log-likelihood: -8734485.97206
23. Current log-likelihood: -8734484.85595
24. Current log-likelihood: -8734483.73433
25. Current log-likelihood: -8734482.60731
26. Current log-likelihood: -8734481.46489
27. Current log-likelihood: -8734480.32261
28. Current log-likelihood: -8734479.17639
29. Current log-likelihood: -8734478.02426
30. Current log-likelihood: -8734476.86657
31. Current log-likelihood: -8734475.70305
32. Current log-likelihood: -8734474.53396
33. Current log-likelihood: -8734473.35896
34. Current log-likelihood: -8734472.16940
35. Current log-likelihood: -8734470.98039
36. Current log-likelihood: -8734469.78541
37. Current log-likelihood: -8734468.58438
38. Current log-likelihood: -8734467.37761
39. Current log-likelihood: -8734466.16480
40. Current log-likelihood: -8734464.94618
41. Current log-likelihood: -8734463.72139
42. Current log-likelihood: -8734462.47710
43. Current log-likelihood: -8734461.23782
44. Current log-likelihood: -8734459.99235
45. Current log-likelihood: -8734458.74059
46. Current log-likelihood: -8734457.48291
47. Current log-likelihood: -8734456.21888
48. Current log-likelihood: -8734454.94869
49. Current log-likelihood: -8734453.67247
50. Current log-likelihood: -8734452.27196
51. Current log-likelihood: -8734450.98040
52. Current log-likelihood: -8734449.68222
53. Current log-likelihood: -8734448.37796
54. Current log-likelihood: -8734447.06722
55. Current log-likelihood: -8734445.75016
56. Current log-likelihood: -8734444.42686
57. Current log-likelihood: -8734443.09707
58. Current log-likelihood: -8734441.75623
59. Current log-likelihood: -8734440.41071
60. Current log-likelihood: -8734439.05894
61. Current log-likelihood: -8734437.70062
62. Current log-likelihood: -8734436.33601
63. Current log-likelihood: -8734434.96482
64. Current log-likelihood: -8734433.58709
65. Current log-likelihood: -8734432.20303
66. Current log-likelihood: -8734430.81295
67. Current log-likelihood: -8734429.41055
68. Current log-likelihood: -8734428.00385
69. Current log-likelihood: -8734426.59076
70. Current log-likelihood: -8734425.17101
71. Current log-likelihood: -8734423.74486
72. Current log-likelihood: -8734422.31204
73. Current log-likelihood: -8734420.87253
74. Current log-likelihood: -8734419.42674
75. Current log-likelihood: -8734417.96990
76. Current log-likelihood: -8734416.50831
77. Current log-likelihood: -8734415.03945
78. Current log-likelihood: -8734413.56471
79. Current log-likelihood: -8734412.08314
80. Current log-likelihood: -8734410.59502
81. Current log-likelihood: -8734409.10032
82. Current log-likelihood: -8734407.59933
83. Current log-likelihood: -8734406.09248
84. Current log-likelihood: -8734404.57310
85. Current log-likelihood: -8734403.04971
86. Current log-likelihood: -8734401.51961
87. Current log-likelihood: -8734399.97715
88. Current log-likelihood: -8734398.43469
89. Current log-likelihood: -8734396.88559
90. Current log-likelihood: -8734395.33230
91. Current log-likelihood: -8734393.77224
92. Current log-likelihood: -8734392.20575
93. Current log-likelihood: -8734390.63287
94. Current log-likelihood: -8734389.05475
95. Current log-likelihood: -8734387.46273
96. Current log-likelihood: -8734385.86630
97. Current log-likelihood: -8734384.26448
98. Current log-likelihood: -8734382.65733
99. Current log-likelihood: -8734381.04341
100. Current log-likelihood: -8734379.42569
101. Current log-likelihood: -8734377.80165
102. Current log-likelihood: -8734374.91605
103. Current log-likelihood: -8734371.79850
104. Current log-likelihood: -8734368.66563
105. Current log-likelihood: -8734365.50309
106. Current log-likelihood: -8734362.32592
107. Current log-likelihood: -8734359.13144
108. Current log-likelihood: -8734355.92006
109. Current log-likelihood: -8734352.69267
110. Current log-likelihood: -8734349.45009
111. Current log-likelihood: -8734346.19299
112. Current log-likelihood: -8734342.92272
113. Current log-likelihood: -8734339.64009
114. Current log-likelihood: -8734336.34359
115. Current log-likelihood: -8734333.03743
116. Current log-likelihood: -8734329.72268
117. Current log-likelihood: -8734326.40100
118. Current log-likelihood: -8734323.07359
119. Current log-likelihood: -8734319.74195
120. Current log-likelihood: -8734316.40771
121. Current log-likelihood: -8734313.07240
122. Current log-likelihood: -8734309.73794
123. Current log-likelihood: -8734306.40609
124. Current log-likelihood: -8734303.07908
125. Current log-likelihood: -8734299.75850
126. Current log-likelihood: -8734296.44622
127. Current log-likelihood: -8734293.14500
128. Current log-likelihood: -8734289.85689
129. Current log-likelihood: -8734286.58389
130. Current log-likelihood: -8734283.32842
131. Current log-likelihood: -8734280.09254
132. Current log-likelihood: -8734276.87912
133. Current log-likelihood: -8734273.69071
134. Current log-likelihood: -8734270.52957
135. Current log-likelihood: -8734267.39886
136. Current log-likelihood: -8734264.30060
137. Current log-likelihood: -8734261.23766
138. Current log-likelihood: -8734258.21275
139. Current log-likelihood: -8734255.22805
140. Current log-likelihood: -8734252.28612
141. Current log-likelihood: -8734249.38958
142. Current log-likelihood: -8734246.54074
143. Current log-likelihood: -8734243.73223
144. Current log-likelihood: -8734240.98086
145. Current log-likelihood: -8734238.25603
146. Current log-likelihood: -8734235.61246
147. Current log-likelihood: -8734232.97564
148. Current log-likelihood: -8734230.41175
149. Current log-likelihood: -8734227.89112
150. Current log-likelihood: -8734225.47202
151. Current log-likelihood: -8734223.06864
152. Current log-likelihood: -8734220.74349
153. Current log-likelihood: -8734218.51438
154. Current log-likelihood: -8734216.28766
155. Current log-likelihood: -8734214.15035
156. Current log-likelihood: -8734212.08539
157. Current log-likelihood: -8734210.07928
158. Current log-likelihood: -8734208.16078
159. Current log-likelihood: -8734206.28290
160. Current log-likelihood: -8734204.50322
161. Current log-likelihood: -8734202.78074
162. Current log-likelihood: -8734201.12338
163. Current log-likelihood: -8734199.51408
164. Current log-likelihood: -8734198.00625
165. Current log-likelihood: -8734196.55220
166. Current log-likelihood: -8734195.15730
167. Current log-likelihood: -8734193.80947
168. Current log-likelihood: -8734192.56070
169. Current log-likelihood: -8734191.33604
170. Current log-likelihood: -8734190.21029
171. Current log-likelihood: -8734189.10257
172. Current log-likelihood: -8734188.09161
173. Current log-likelihood: -8734187.09772
174. Current log-likelihood: -8734186.19395
175. Current log-likelihood: -8734185.30725
176. Current log-likelihood: -8734184.50337
177. Current log-likelihood: -8734183.71545
178. Current log-likelihood: -8734183.00406
179. Current log-likelihood: -8734182.30534
180. Current log-likelihood: -8734181.67785
181. Current log-likelihood: -8734181.07077
182. Current log-likelihood: -8734180.51273
183. Current log-likelihood: -8734180.00360
184. Current log-likelihood: -8734179.49300
185. Current log-likelihood: -8734179.04360
186. Current log-likelihood: -8734178.60113
187. Current log-likelihood: -8734178.21322
188. Current log-likelihood: -8734177.85414
189. Current log-likelihood: -8734177.48715
190. Current log-likelihood: -8734177.17492
191. Current log-likelihood: -8734176.88704
192. Current log-likelihood: -8734176.59319
193. Current log-likelihood: -8734176.34288
194. Current log-likelihood: -8734176.11143
195. Current log-likelihood: -8734175.87257
196. Current log-likelihood: -8734175.67215
197. Current log-likelihood: -8734175.48807
198. Current log-likelihood: -8734175.29666
199. Current log-likelihood: -8734175.13626
200. Current log-likelihood: -8734174.99200
201. Current log-likelihood: -8734174.85647
202. Current log-likelihood: -8734174.68421
203. Current log-likelihood: -8734174.52786
204. Current log-likelihood: -8734174.38879
205. Current log-likelihood: -8734174.24025
206. Current log-likelihood: -8734174.12512
207. Current log-likelihood: -8734174.02222
208. Current log-likelihood: -8734173.93293
209. Current log-likelihood: -8734173.83128
210. Current log-likelihood: -8734173.75233
211. Current log-likelihood: -8734173.68406
212. Current log-likelihood: -8734173.62234
213. Current log-likelihood: -8734173.54727
214. Current log-likelihood: -8734173.48960
215. Current log-likelihood: -8734173.44062
216. Current log-likelihood: -8734173.39743
217. Current log-likelihood: -8734173.35634
218. Current log-likelihood: -8734173.30280
219. Current log-likelihood: -8734173.26283
220. Current log-likelihood: -8734173.22904
221. Current log-likelihood: -8734173.19768
222. Current log-likelihood: -8734173.16820
223. Current log-likelihood: -8734173.14062
224. Current log-likelihood: -8734173.09843
225. Current log-likelihood: -8734173.07109
226. Current log-likelihood: -8734173.04524
227. Current log-likelihood: -8734173.02045
228. Current log-likelihood: -8734172.99684
229. Current log-likelihood: -8734172.97401
230. Current log-likelihood: -8734172.95192
231. Current log-likelihood: -8734172.92785
232. Current log-likelihood: -8734172.89336
233. Current log-likelihood: -8734172.87109
234. Current log-likelihood: -8734172.84955
235. Current log-likelihood: -8734172.82845
236. Current log-likelihood: -8734172.80796
237. Current log-likelihood: -8734172.78780
238. Current log-likelihood: -8734172.76792
239. Current log-likelihood: -8734172.74526
240. Current log-likelihood: -8734172.71800
241. Current log-likelihood: -8734172.69702
242. Current log-likelihood: -8734172.67650
243. Current log-likelihood: -8734172.65620
244. Current log-likelihood: -8734172.63909
245. Current log-likelihood: -8734172.61633
246. Current log-likelihood: -8734172.59922
247. Current log-likelihood: -8734172.57902
248. Current log-likelihood: -8734172.56210
249. Current log-likelihood: -8734172.54206
250. Current log-likelihood: -8734172.52278
251. Current log-likelihood: -8734172.49364
252. Current log-likelihood: -8734172.47553
253. Current log-likelihood: -8734172.45412
254. Current log-likelihood: -8734172.43624
255. Current log-likelihood: -8734172.41857
256. Current log-likelihood: -8734172.39547
257. Current log-likelihood: -8734172.37769
258. Current log-likelihood: -8734172.36011
259. Current log-likelihood: -8734172.33921
260. Current log-likelihood: -8734172.32156
261. Current log-likelihood: -8734172.30410
262. Current log-likelihood: -8734172.27405
263. Current log-likelihood: -8734172.25507
264. Current log-likelihood: -8734172.23297
265. Current log-likelihood: -8734172.21407
266. Current log-likelihood: -8734172.19204
267. Current log-likelihood: -8734172.17342
268. Current log-likelihood: -8734172.15468
269. Current log-likelihood: -8734172.13114
270. Current log-likelihood: -8734172.11256
271. Current log-likelihood: -8734172.09385
272. Current log-likelihood: -8734172.07220
273. Current log-likelihood: -8734172.05369
274. Current log-likelihood: -8734172.03504
275. Current log-likelihood: -8734172.01642
276. Current log-likelihood: -8734171.98473
277. Current log-likelihood: -8734171.96481
278. Current log-likelihood: -8734171.94175
279. Current log-likelihood: -8734171.92196
280. Current log-likelihood: -8734171.89912
281. Current log-likelihood: -8734171.87919
282. Current log-likelihood: -8734171.85947
283. Current log-likelihood: -8734171.83665
284. Current log-likelihood: -8734171.81678
285. Current log-likelihood: -8734171.79712
286. Current log-likelihood: -8734171.77447
287. Current log-likelihood: -8734171.75461
288. Current log-likelihood: -8734171.73498
289. Current log-likelihood: -8734171.70463
290. Current log-likelihood: -8734171.68341
291. Current log-likelihood: -8734171.66243
292. Current log-likelihood: -8734171.63655
293. Current log-likelihood: -8734171.61535
294. Current log-likelihood: -8734171.59439
295. Current log-likelihood: -8734171.57185
296. Current log-likelihood: -8734171.55079
297. Current log-likelihood: -8734171.52993
298. Current log-likelihood: -8734171.50443
299. Current log-likelihood: -8734171.48328
300. Current log-likelihood: -8734171.46238
301. Current log-likelihood: -8734171.43861
302. Current log-likelihood: -8734171.41101
303. Current log-likelihood: -8734171.37226
304. Current log-likelihood: -8734171.33980
305. Current log-likelihood: -8734171.30889
306. Current log-likelihood: -8734171.27957
307. Current log-likelihood: -8734171.24841
308. Current log-likelihood: -8734171.21475
309. Current log-likelihood: -8734171.18400
310. Current log-likelihood: -8734171.15472
311. Current log-likelihood: -8734171.12376
312. Current log-likelihood: -8734171.09164
313. Current log-likelihood: -8734171.05875
314. Current log-likelihood: -8734171.01919
315. Current log-likelihood: -8734170.98500
316. Current log-likelihood: -8734170.95412
317. Current log-likelihood: -8734170.92095
318. Current log-likelihood: -8734170.88722
319. Current log-likelihood: -8734170.85320
320. Current log-likelihood: -8734170.82231
321. Current log-likelihood: -8734170.78929
322. Current log-likelihood: -8734170.75852
323. Current log-likelihood: -8734170.72549
324. Current log-likelihood: -8734170.68209
325. Current log-likelihood: -8734170.64754
326. Current log-likelihood: -8734170.61481
327. Current log-likelihood: -8734170.57977
328. Current log-likelihood: -8734170.54411
329. Current log-likelihood: -8734170.50816
330. Current log-likelihood: -8734170.47524
331. Current log-likelihood: -8734170.44065
332. Current log-likelihood: -8734170.40492
333. Current log-likelihood: -8734170.37038
334. Current log-likelihood: -8734170.32953
335. Current log-likelihood: -8734170.29177
336. Current log-likelihood: -8734170.25375
337. Current log-likelihood: -8734170.21749
338. Current log-likelihood: -8734170.17993
339. Current log-likelihood: -8734170.14358
340. Current log-likelihood: -8734170.10906
341. Current log-likelihood: -8734170.07222
342. Current log-likelihood: -8734170.03486
343. Current log-likelihood: -8734169.99820
344. Current log-likelihood: -8734169.95581
345. Current log-likelihood: -8734169.91595
346. Current log-likelihood: -8734169.87613
347. Current log-likelihood: -8734169.83799
348. Current log-likelihood: -8734169.79854
349. Current log-likelihood: -8734169.76027
350. Current log-likelihood: -8734169.72202
351. Current log-likelihood: -8734169.68369
352. Current log-likelihood: -8734169.64541
353. Current log-likelihood: -8734169.60911
354. Current log-likelihood: -8734169.56127
355. Current log-likelihood: -8734169.52109
356. Current log-likelihood: -8734169.47962
357. Current log-likelihood: -8734169.43937
358. Current log-likelihood: -8734169.39914
359. Current log-likelihood: -8734169.35886
360. Current log-likelihood: -8734169.31863
361. Current log-likelihood: -8734169.27739
362. Current log-likelihood: -8734169.23754
363. Current log-likelihood: -8734169.19716
364. Current log-likelihood: -8734169.15030
365. Current log-likelihood: -8734169.10675
366. Current log-likelihood: -8734169.06412
367. Current log-likelihood: -8734169.02168
368. Current log-likelihood: -8734168.97961
369. Current log-likelihood: -8734168.93597
370. Current log-likelihood: -8734168.89404
371. Current log-likelihood: -8734168.85180
372. Current log-likelihood: -8734168.80943
373. Current log-likelihood: -8734168.76751
374. Current log-likelihood: -8734168.71785
375. Current log-likelihood: -8734168.67195
376. Current log-likelihood: -8734168.62780
377. Current log-likelihood: -8734168.58339
378. Current log-likelihood: -8734168.53876
379. Current log-likelihood: -8734168.49467
380. Current log-likelihood: -8734168.45037
381. Current log-likelihood: -8734168.40593
382. Current log-likelihood: -8734168.36197
383. Current log-likelihood: -8734168.31779
384. Current log-likelihood: -8734168.26653
385. Current log-likelihood: -8734168.21858
386. Current log-likelihood: -8734168.17203
387. Current log-likelihood: -8734168.12522
388. Current log-likelihood: -8734168.07898
389. Current log-likelihood: -8734168.03254
390. Current log-likelihood: -8734167.98584
391. Current log-likelihood: -8734167.93981
392. Current log-likelihood: -8734167.89352
393. Current log-likelihood: -8734167.84694
394. Current log-likelihood: -8734167.79241
395. Current log-likelihood: -8734167.74385
396. Current log-likelihood: -8734167.69472
397. Current log-likelihood: -8734167.64627
398. Current log-likelihood: -8734167.59654
399. Current log-likelihood: -8734167.54802
400. Current log-likelihood: -8734167.49956
401. Current log-likelihood: -8734167.45104
402. Current log-likelihood: -8734167.39166
403. Current log-likelihood: -8734167.32334
404. Current log-likelihood: -8734167.26087
405. Current log-likelihood: -8734167.19678
406. Current log-likelihood: -8734167.13405
407. Current log-likelihood: -8734167.07028
408. Current log-likelihood: -8734167.00812
409. Current log-likelihood: -8734166.94550
410. Current log-likelihood: -8734166.88178
411. Current log-likelihood: -8734166.81039
412. Current log-likelihood: -8734166.74468
413. Current log-likelihood: -8734166.67792
414. Current log-likelihood: -8734166.61292
415. Current log-likelihood: -8734166.54585
416. Current log-likelihood: -8734166.48070
417. Current log-likelihood: -8734166.41574
418. Current log-likelihood: -8734166.34093
419. Current log-likelihood: -8734166.27276
420. Current log-likelihood: -8734166.20473
421. Current log-likelihood: -8734166.13510
422. Current log-likelihood: -8734166.06687
423. Current log-likelihood: -8734165.99911
424. Current log-likelihood: -8734165.93128
425. Current log-likelihood: -8734165.86375
426. Current log-likelihood: -8734165.78439
427. Current log-likelihood: -8734165.71350
428. Current log-likelihood: -8734165.64269
429. Current log-likelihood: -8734165.57037
430. Current log-likelihood: -8734165.49978
431. Current log-likelihood: -8734165.42927
432. Current log-likelihood: -8734165.35711
433. Current log-likelihood: -8734165.27849
434. Current log-likelihood: -8734165.20479
435. Current log-likelihood: -8734165.12937
436. Current log-likelihood: -8734165.05554
437. Current log-likelihood: -8734164.98205
438. Current log-likelihood: -8734164.90872
439. Current log-likelihood: -8734164.83567
440. Current log-likelihood: -8734164.75174
441. Current log-likelihood: -8734164.67544
442. Current log-likelihood: -8734164.59923
443. Current log-likelihood: -8734164.52314
444. Current log-likelihood: -8734164.44546
445. Current log-likelihood: -8734164.36918
446. Current log-likelihood: -8734164.29346
447. Current log-likelihood: -8734164.20820
448. Current log-likelihood: -8734164.12912
449. Current log-likelihood: -8734164.04852
450. Current log-likelihood: -8734163.96973
451. Current log-likelihood: -8734163.89106
452. Current log-likelihood: -8734163.81076
453. Current log-likelihood: -8734163.73206
454. Current log-likelihood: -8734163.64528
455. Current log-likelihood: -8734163.56165
456. Current log-likelihood: -8734163.47991
457. Current log-likelihood: -8734163.39831
458. Current log-likelihood: -8734163.31515
459. Current log-likelihood: -8734163.23341
460. Current log-likelihood: -8734163.15219
461. Current log-likelihood: -8734163.06100
462. Current log-likelihood: -8734162.97629
463. Current log-likelihood: -8734162.89171
464. Current log-likelihood: -8734162.80558
465. Current log-likelihood: -8734162.72090
466. Current log-likelihood: -8734162.63666
467. Current log-likelihood: -8734162.55273
468. Current log-likelihood: -8734162.45835
469. Current log-likelihood: -8734162.37031
470. Current log-likelihood: -8734162.28274
471. Current log-likelihood: -8734162.19544
472. Current log-likelihood: -8734162.10834
473. Current log-likelihood: -8734162.01959
474. Current log-likelihood: -8734161.92462
475. Current log-likelihood: -8734161.83427
476. Current log-likelihood: -8734161.74074
477. Current log-likelihood: -8734161.65071
478. Current log-likelihood: -8734161.56095
479. Current log-likelihood: -8734161.47130
480. Current log-likelihood: -8734161.37998
481. Current log-likelihood: -8734161.28133
482. Current log-likelihood: -8734161.18809
483. Current log-likelihood: -8734161.09337
484. Current log-likelihood: -8734161.00017
485. Current log-likelihood: -8734160.90744
486. Current log-likelihood: -8734160.81491
487. Current log-likelihood: -8734160.72273
488. Current log-likelihood: -8734160.61775
489. Current log-likelihood: -8734160.52162
490. Current log-likelihood: -8734160.42571
491. Current log-likelihood: -8734160.33001
492. Current log-likelihood: -8734160.23271
493. Current log-likelihood: -8734160.13747
494. Current log-likelihood: -8734160.03249
495. Current log-likelihood: -8734159.93315
496. Current log-likelihood: -8734159.83434
497. Current log-likelihood: -8734159.73584
498. Current log-likelihood: -8734159.63756
499. Current log-likelihood: -8734159.53768
500. Current log-likelihood: -8734159.43121
501. Current log-likelihood: -8734159.32949
502. Current log-likelihood: -8734159.20987
503. Current log-likelihood: -8734159.08955
504. Current log-likelihood: -8734158.96545
505. Current log-likelihood: -8734158.84581
506. Current log-likelihood: -8734158.71536
507. Current log-likelihood: -8734158.59112
508. Current log-likelihood: -8734158.46312
509. Current log-likelihood: -8734158.33955
510. Current log-likelihood: -8734158.21615
511. Current log-likelihood: -8734158.07970
512. Current log-likelihood: -8734157.95214
513. Current log-likelihood: -8734157.82479
514. Current log-likelihood: -8734157.69779
515. Current log-likelihood: -8734157.57112
516. Current log-likelihood: -8734157.43115
517. Current log-likelihood: -8734157.29982
518. Current log-likelihood: -8734157.16906
519. Current log-likelihood: -8734157.03875
520. Current log-likelihood: -8734156.90882
521. Current log-likelihood: -8734156.76508
522. Current log-likelihood: -8734156.63092
523. Current log-likelihood: -8734156.49697
524. Current log-likelihood: -8734156.36340
525. Current log-likelihood: -8734156.23020
526. Current log-likelihood: -8734156.08328
527. Current log-likelihood: -8734155.94517
528. Current log-likelihood: -8734155.80772
529. Current log-likelihood: -8734155.67076
530. Current log-likelihood: -8734155.53421
531. Current log-likelihood: -8734155.38322
532. Current log-likelihood: -8734155.24228
533. Current log-likelihood: -8734155.10157
534. Current log-likelihood: -8734154.96128
535. Current log-likelihood: -8734154.82139
536. Current log-likelihood: -8734154.66713
537. Current log-likelihood: -8734154.52211
538. Current log-likelihood: -8734154.37782
539. Current log-likelihood: -8734154.23405
540. Current log-likelihood: -8734154.09074
541. Current log-likelihood: -8734153.93373
542. Current log-likelihood: -8734153.78528
543. Current log-likelihood: -8734153.63751
544. Current log-likelihood: -8734153.49026
545. Current log-likelihood: -8734153.34349
546. Current log-likelihood: -8734153.18171
547. Current log-likelihood: -8734153.02964
548. Current log-likelihood: -8734152.87832
549. Current log-likelihood: -8734152.72754
550. Current log-likelihood: -8734152.57727
551. Current log-likelihood: -8734152.41317
552. Current log-likelihood: -8734152.25739
553. Current log-likelihood: -8734152.10247
554. Current log-likelihood: -8734151.94814
555. Current log-likelihood: -8734151.79433
556. Current log-likelihood: -8734151.62483
557. Current log-likelihood: -8734151.46557
558. Current log-likelihood: -8734151.30705
559. Current log-likelihood: -8734151.14914
560. Current log-likelihood: -8734150.99176
561. Current log-likelihood: -8734150.81979
562. Current log-likelihood: -8734150.65671
563. Current log-likelihood: -8734150.49451
564. Current log-likelihood: -8734150.33294
565. Current log-likelihood: -8734150.17194
566. Current log-likelihood: -8734149.99443
567. Current log-likelihood: -8734149.82816
568. Current log-likelihood: -8734149.66243
569. Current log-likelihood: -8734149.49727
570. Current log-likelihood: -8734149.33266
571. Current log-likelihood: -8734149.15116
572. Current log-likelihood: -8734148.98067
573. Current log-likelihood: -8734148.81109
574. Current log-likelihood: -8734148.64218
575. Current log-likelihood: -8734148.46287
576. Current log-likelihood: -8734148.28937
577. Current log-likelihood: -8734148.11278
578. Current log-likelihood: -8734147.94057
579. Current log-likelihood: -8734147.76893
580. Current log-likelihood: -8734147.58229
581. Current log-likelihood: -8734147.40480
582. Current log-likelihood: -8734147.22823
583. Current log-likelihood: -8734147.05238
584. Current log-likelihood: -8734146.86436
585. Current log-likelihood: -8734146.68342
586. Current log-likelihood: -8734146.50349
587. Current log-likelihood: -8734146.32433
588. Current log-likelihood: -8734146.13150
589. Current log-likelihood: -8734145.94317
590. Current log-likelihood: -8734145.76034
591. Current log-likelihood: -8734145.57803
592. Current log-likelihood: -8734145.39664
593. Current log-likelihood: -8734145.19902
594. Current log-likelihood: -8734145.01117
595. Current log-likelihood: -8734144.82440
596. Current log-likelihood: -8734144.63843
597. Current log-likelihood: -8734144.43919
598. Current log-likelihood: -8734144.24799
599. Current log-likelihood: -8734144.05776
600. Current log-likelihood: -8734143.86836
601. Current log-likelihood: -8734143.66597
602. Current log-likelihood: -8734143.44332
603. Current log-likelihood: -8734143.21667
604. Current log-likelihood: -8734142.99421
605. Current log-likelihood: -8734142.75527
606. Current log-likelihood: -8734142.52685
607. Current log-likelihood: -8734142.29584
608. Current log-likelihood: -8734142.07004
609. Current log-likelihood: -8734141.82638
610. Current log-likelihood: -8734141.59350
611. Current log-likelihood: -8734141.35912
612. Current log-likelihood: -8734141.12892
613. Current log-likelihood: -8734140.88049
614. Current log-likelihood: -8734140.64321
615. Current log-likelihood: -8734140.40445
616. Current log-likelihood: -8734140.16995
617. Current log-likelihood: -8734139.91670
618. Current log-likelihood: -8734139.67497
619. Current log-likelihood: -8734139.43177
620. Current log-likelihood: -8734139.19292
621. Current log-likelihood: -8734138.93484
622. Current log-likelihood: -8734138.68859
623. Current log-likelihood: -8734138.44092
624. Current log-likelihood: -8734138.17825
625. Current log-likelihood: -8734137.92551
626. Current log-likelihood: -8734137.67681
627. Current log-likelihood: -8734137.42601
628. Current log-likelihood: -8734137.16216
629. Current log-likelihood: -8734136.90526
630. Current log-likelihood: -8734136.65257
631. Current log-likelihood: -8734136.38503
632. Current log-likelihood: -8734136.12662
633. Current log-likelihood: -8734135.86670
634. Current log-likelihood: -8734135.61150
635. Current log-likelihood: -8734135.33722
636. Current log-likelihood: -8734135.07466
637. Current log-likelihood: -8734134.81081
638. Current log-likelihood: -8734134.53750
639. Current log-likelihood: -8734134.26849
640. Current log-likelihood: -8734134.00385
641. Current log-likelihood: -8734133.73683
642. Current log-likelihood: -8734133.45405
643. Current log-likelihood: -8734133.18323
644. Current log-likelihood: -8734132.91065
645. Current log-likelihood: -8734132.62833
646. Current log-likelihood: -8734132.35097
647. Current log-likelihood: -8734132.07807
648. Current log-likelihood: -8734131.79002
649. Current log-likelihood: -8734131.51137
650. Current log-likelihood: -8734131.23140
651. Current log-likelihood: -8734130.95647
652. Current log-likelihood: -8734130.66083
653. Current log-likelihood: -8734130.37842
654. Current log-likelihood: -8734130.09429
655. Current log-likelihood: -8734129.79970
656. Current log-likelihood: -8734129.51030
657. Current log-likelihood: -8734129.22558
658. Current log-likelihood: -8734128.92535
659. Current log-likelihood: -8734128.63463
660. Current log-likelihood: -8734128.34304
661. Current log-likelihood: -8734128.03876
662. Current log-likelihood: -8734127.74480
663. Current log-likelihood: -8734127.44924
664. Current log-likelihood: -8734127.14359
665. Current log-likelihood: -8734126.84264
666. Current log-likelihood: -8734126.54678
667. Current log-likelihood: -8734126.23488
668. Current log-likelihood: -8734125.93017
669. Current log-likelihood: -8734125.63066
670. Current log-likelihood: -8734125.31672
671. Current log-likelihood: -8734125.00821
672. Current log-likelihood: -8734124.70510
673. Current log-likelihood: -8734124.38542
674. Current log-likelihood: -8734124.07647
675. Current log-likelihood: -8734123.76619
676. Current log-likelihood: -8734123.44231
677. Current log-likelihood: -8734123.12961
678. Current log-likelihood: -8734122.81544
679. Current log-likelihood: -8734122.49015
680. Current log-likelihood: -8734122.17040
681. Current log-likelihood: -8734121.85458
682. Current log-likelihood: -8734121.52319
683. Current log-likelihood: -8734121.20000
684. Current log-likelihood: -8734120.88037
685. Current log-likelihood: -8734120.54700
686. Current log-likelihood: -8734120.21959
687. Current log-likelihood: -8734119.89442
688. Current log-likelihood: -8734119.55714
689. Current log-likelihood: -8734119.22580
690. Current log-likelihood: -8734118.89853
691. Current log-likelihood: -8734118.55503
692. Current log-likelihood: -8734118.22211
693. Current log-likelihood: -8734117.88944
694. Current log-likelihood: -8734117.54399
695. Current log-likelihood: -8734117.20487
696. Current log-likelihood: -8734116.86815
697. Current log-likelihood: -8734116.51863
698. Current log-likelihood: -8734116.17559
699. Current log-likelihood: -8734115.83677
700. Current log-likelihood: -8734115.48091
701. Current log-likelihood: -8734115.13619
702. Current log-likelihood: -8734114.75017
703. Current log-likelihood: -8734114.34456
704. Current log-likelihood: -8734113.94717
705. Current log-likelihood: -8734113.55514
706. Current log-likelihood: -8734113.13794
707. Current log-likelihood: -8734112.73817
708. Current log-likelihood: -8734112.34157
709. Current log-likelihood: -8734111.91844
710. Current log-likelihood: -8734111.51370
711. Current log-likelihood: -8734111.11217
712. Current log-likelihood: -8734110.68400
713. Current log-likelihood: -8734110.27394
714. Current log-likelihood: -8734109.86740
715. Current log-likelihood: -8734109.43374
716. Current log-likelihood: -8734109.01856
717. Current log-likelihood: -8734108.60699
718. Current log-likelihood: -8734108.16781
719. Current log-likelihood: -8734107.74750
720. Current log-likelihood: -8734107.31190
721. Current log-likelihood: -8734106.88487
722. Current log-likelihood: -8734106.46347
723. Current log-likelihood: -8734106.01844
724. Current log-likelihood: -8734105.58753
725. Current log-likelihood: -8734105.16199
726. Current log-likelihood: -8734104.70865
727. Current log-likelihood: -8734104.27431
728. Current log-likelihood: -8734103.82426
729. Current log-likelihood: -8734103.38322
730. Current log-likelihood: -8734102.94805
731. Current log-likelihood: -8734102.48853
732. Current log-likelihood: -8734102.04319
733. Current log-likelihood: -8734101.58595
734. Current log-likelihood: -8734101.13353
735. Current log-likelihood: -8734100.68956
736. Current log-likelihood: -8734100.22289
737. Current log-likelihood: -8734099.76607
738. Current log-likelihood: -8734099.29981
739. Current log-likelihood: -8734098.84081
740. Current log-likelihood: -8734098.38823
741. Current log-likelihood: -8734097.91030
742. Current log-likelihood: -8734097.44520
743. Current log-likelihood: -8734096.96964
744. Current log-likelihood: -8734096.50177
745. Current log-likelihood: -8734096.04042
746. Current log-likelihood: -8734095.55301
747. Current log-likelihood: -8734095.07902
748. Current log-likelihood: -8734094.59412
749. Current log-likelihood: -8734094.11729
750. Current log-likelihood: -8734093.64717
751. Current log-likelihood: -8734093.15022
752. Current log-likelihood: -8734092.66728
753. Current log-likelihood: -8734092.17299
754. Current log-likelihood: -8734091.68718
755. Current log-likelihood: -8734091.18975
756. Current log-likelihood: -8734090.70110
757. Current log-likelihood: -8734090.21622
758. Current log-likelihood: -8734089.70637
759. Current log-likelihood: -8734089.21272
760. Current log-likelihood: -8734088.70347
761. Current log-likelihood: -8734088.20697
762. Current log-likelihood: -8734087.69457
763. Current log-likelihood: -8734087.19279
764. Current log-likelihood: -8734086.67674
765. Current log-likelihood: -8734086.17079
766. Current log-likelihood: -8734085.65256
767. Current log-likelihood: -8734085.14287
768. Current log-likelihood: -8734084.61928
769. Current log-likelihood: -8734084.10600
770. Current log-likelihood: -8734083.58015
771. Current log-likelihood: -8734083.06315
772. Current log-likelihood: -8734082.53191
773. Current log-likelihood: -8734082.01129
774. Current log-likelihood: -8734081.47781
775. Current log-likelihood: -8734080.95404
776. Current log-likelihood: -8734080.41538
777. Current log-likelihood: -8734079.88778
778. Current log-likelihood: -8734079.34513
779. Current log-likelihood: -8734078.81351
780. Current log-likelihood: -8734078.26856
781. Current log-likelihood: -8734077.73314
782. Current log-likelihood: -8734077.18276
783. Current log-likelihood: -8734076.64382
784. Current log-likelihood: -8734076.09117
785. Current log-likelihood: -8734075.54899
786. Current log-likelihood: -8734074.99104
787. Current log-likelihood: -8734074.44507
788. Current log-likelihood: -8734073.88320
789. Current log-likelihood: -8734073.33318
790. Current log-likelihood: -8734072.76901
791. Current log-likelihood: -8734072.21577
792. Current log-likelihood: -8734071.64623
793. Current log-likelihood: -8734071.08925
794. Current log-likelihood: -8734070.51581
795. Current log-likelihood: -8734069.95470
796. Current log-likelihood: -8734069.37896
797. Current log-likelihood: -8734068.81246
798. Current log-likelihood: -8734068.23281
799. Current log-likelihood: -8734067.66423
800. Current log-likelihood: -8734067.07922
801. Current log-likelihood: -8734066.50714
802. Current log-likelihood: -8734065.85979
803. Current log-likelihood: -8734065.22100
804. Current log-likelihood: -8734064.55816
805. Current log-likelihood: -8734063.91466
806. Current log-likelihood: -8734063.24675
807. Current log-likelihood: -8734062.59885
808. Current log-likelihood: -8734061.92610
809. Current log-likelihood: -8734061.27373
810. Current log-likelihood: -8734060.59617
811. Current log-likelihood: -8734059.93939
812. Current log-likelihood: -8734059.25633
813. Current log-likelihood: -8734058.59338
814. Current log-likelihood: -8734057.90725
815. Current log-likelihood: -8734057.24154
816. Current log-likelihood: -8734056.54966
817. Current log-likelihood: -8734055.87944
818. Current log-likelihood: -8734055.18210
819. Current log-likelihood: -8734054.50575
820. Current log-likelihood: -8734053.80535
821. Current log-likelihood: -8734053.12651
822. Current log-likelihood: -8734052.41958
823. Current log-likelihood: -8734051.73443
824. Current log-likelihood: -8734051.02448
825. Current log-likelihood: -8734050.33674
826. Current log-likelihood: -8734049.62032
827. Current log-likelihood: -8734048.92612
828. Current log-likelihood: -8734048.20672
829. Current log-likelihood: -8734047.51012
830. Current log-likelihood: -8734046.78425
831. Current log-likelihood: -8734046.08137
832. Current log-likelihood: -8734045.35248
833. Current log-likelihood: -8734044.64707
834. Current log-likelihood: -8734043.91176
835. Current log-likelihood: -8734043.19994
836. Current log-likelihood: -8734042.46166
837. Current log-likelihood: -8734041.74972
838. Current log-likelihood: -8734041.00394
839. Current log-likelihood: -8734040.28501
840. Current log-likelihood: -8734039.53827
841. Current log-likelihood: -8734038.81478
842. Current log-likelihood: -8734038.06004
843. Current log-likelihood: -8734037.33239
844. Current log-likelihood: -8734036.57628
845. Current log-likelihood: -8734035.84418
846. Current log-likelihood: -8734035.08022
847. Current log-likelihood: -8734034.34400
848. Current log-likelihood: -8734033.57669
849. Current log-likelihood: -8734032.83608
850. Current log-likelihood: -8734032.06609
851. Current log-likelihood: -8734031.31878
852. Current log-likelihood: -8734030.54403
853. Current log-likelihood: -8734029.79533
854. Current log-likelihood: -8734029.01354
855. Current log-likelihood: -8734028.26003
856. Current log-likelihood: -8734027.47637
857. Current log-likelihood: -8734026.71639
858. Current log-likelihood: -8734025.92802
859. Current log-likelihood: -8734025.16663
860. Current log-likelihood: -8734024.37128
861. Current log-likelihood: -8734023.60665
862. Current log-likelihood: -8734022.80816
863. Current log-likelihood: -8734022.03569
864. Current log-likelihood: -8734021.23389
865. Current log-likelihood: -8734020.46003
866. Current log-likelihood: -8734019.64903
867. Current log-likelihood: -8734018.87364
868. Current log-likelihood: -8734018.06003
869. Current log-likelihood: -8734017.27647
870. Current log-likelihood: -8734016.46051
871. Current log-likelihood: -8734015.67533
872. Current log-likelihood: -8734014.85252
873. Current log-likelihood: -8734014.06433
874. Current log-likelihood: -8734013.23671
875. Current log-likelihood: -8734012.44470
876. Current log-likelihood: -8734011.61285
877. Current log-likelihood: -8734010.81677
878. Current log-likelihood: -8734009.98281
879. Current log-likelihood: -8734009.17896
880. Current log-likelihood: -8734008.34131
881. Current log-likelihood: -8734007.53434
882. Current log-likelihood: -8734006.69250
883. Current log-likelihood: -8734005.88401
884. Current log-likelihood: -8734005.03615
885. Current log-likelihood: -8734004.22319
886. Current log-likelihood: -8734003.37283
887. Current log-likelihood: -8734002.55402
888. Current log-likelihood: -8734001.69869
889. Current log-likelihood: -8734000.88065
890. Current log-likelihood: -8734000.01993
891. Current log-likelihood: -8733999.19430
892. Current log-likelihood: -8733998.33251
893. Current log-likelihood: -8733997.50300
894. Current log-likelihood: -8733996.63523
895. Current log-likelihood: -8733995.80562
896. Current log-likelihood: -8733994.93313
897. Current log-likelihood: -8733994.09709
898. Current log-likelihood: -8733993.22243
899. Current log-likelihood: -8733992.38190
900. Current log-likelihood: -8733991.50451
901. Current log-likelihood: -8733990.66048
902. Current log-likelihood: -8733989.71007
903. Current log-likelihood: -8733988.74971
904. Current log-likelihood: -8733987.81504
905. Current log-likelihood: -8733986.83815
906. Current log-likelihood: -8733985.87067
907. Current log-likelihood: -8733984.93354
908. Current log-likelihood: -8733983.94801
909. Current log-likelihood: -8733982.97469
910. Current log-likelihood: -8733982.02972
911. Current log-likelihood: -8733981.03951
912. Current log-likelihood: -8733980.06080
913. Current log-likelihood: -8733979.10770
914. Current log-likelihood: -8733978.11136
915. Current log-likelihood: -8733977.12456
916. Current log-likelihood: -8733976.16955
917. Current log-likelihood: -8733975.16578
918. Current log-likelihood: -8733974.17281
919. Current log-likelihood: -8733973.18062
920. Current log-likelihood: -8733972.21489
921. Current log-likelihood: -8733971.20364
922. Current log-likelihood: -8733970.20388
923. Current log-likelihood: -8733969.20188
924. Current log-likelihood: -8733968.22737
925. Current log-likelihood: -8733967.21319
926. Current log-likelihood: -8733966.20370
927. Current log-likelihood: -8733965.22435
928. Current log-likelihood: -8733964.20271
929. Current log-likelihood: -8733963.18831
930. Current log-likelihood: -8733962.17528
931. Current log-likelihood: -8733961.19185
932. Current log-likelihood: -8733960.16157
933. Current log-likelihood: -8733959.13911
934. Current log-likelihood: -8733958.11879
935. Current log-likelihood: -8733957.12491
936. Current log-likelihood: -8733956.09038
937. Current log-likelihood: -8733955.06118
938. Current log-likelihood: -8733954.03414
939. Current log-likelihood: -8733953.03422
940. Current log-likelihood: -8733951.99119
941. Current log-likelihood: -8733950.95614
942. Current log-likelihood: -8733949.92217
943. Current log-likelihood: -8733948.88578
944. Current log-likelihood: -8733947.84896
945. Current log-likelihood: -8733946.80891
946. Current log-likelihood: -8733945.76899
947. Current log-likelihood: -8733944.75859
948. Current log-likelihood: -8733943.70238
949. Current log-likelihood: -8733942.65559
950. Current log-likelihood: -8733941.61132
951. Current log-likelihood: -8733940.56201
952. Current log-likelihood: -8733939.51455
953. Current log-likelihood: -8733938.46284
954. Current log-likelihood: -8733937.41252
955. Current log-likelihood: -8733936.35844
956. Current log-likelihood: -8733935.30500
957. Current log-likelihood: -8733934.24924
958. Current log-likelihood: -8733933.19386
959. Current log-likelihood: -8733932.13710
960. Current log-likelihood: -8733931.10851
961. Current log-likelihood: -8733930.03604
962. Current log-likelihood: -8733928.97552
963. Current log-likelihood: -8733927.91288
964. Current log-likelihood: -8733926.85066
965. Current log-likelihood: -8733925.78504
966. Current log-likelihood: -8733924.72126
967. Current log-likelihood: -8733923.65604
968. Current log-likelihood: -8733922.58784
969. Current log-likelihood: -8733921.52130
970. Current log-likelihood: -8733920.45306
971. Current log-likelihood: -8733919.38246
972. Current log-likelihood: -8733918.31139
973. Current log-likelihood: -8733917.24004
974. Current log-likelihood: -8733916.16683
975. Current log-likelihood: -8733915.09319
976. Current log-likelihood: -8733914.01934
977. Current log-likelihood: -8733912.94481
978. Current log-likelihood: -8733911.86852
979. Current log-likelihood: -8733910.79186
980. Current log-likelihood: -8733909.71538
981. Current log-likelihood: -8733908.63794
982. Current log-likelihood: -8733907.56022
983. Current log-likelihood: -8733906.48212
984. Current log-likelihood: -8733905.40245
985. Current log-likelihood: -8733904.32292
986. Current log-likelihood: -8733903.24416
987. Current log-likelihood: -8733902.16387
988. Current log-likelihood: -8733901.07802
989. Current log-likelihood: -8733899.99790
990. Current log-likelihood: -8733898.91473
991. Current log-likelihood: -8733897.83197
992. Current log-likelihood: -8733896.74896
993. Current log-likelihood: -8733895.66520
994. Current log-likelihood: -8733894.58116
995. Current log-likelihood: -8733893.49735
996. Current log-likelihood: -8733892.41286
997. Current log-likelihood: -8733891.32807
998. Current log-likelihood: -8733890.24285
999. Current log-likelihood: -8733889.15919
1000. Current log-likelihood: -8733888.07365
1001. Current log-likelihood: -8733886.98847
1002. Current log-likelihood: -8733885.84033
1003. Current log-likelihood: -8733884.66566
1004. Current log-likelihood: -8733883.49103
1005. Current log-likelihood: -8733882.31738
1006. Current log-likelihood: -8733881.14301
1007. Current log-likelihood: -8733879.96882
1008. Current log-likelihood: -8733878.79505
1009. Current log-likelihood: -8733877.62161
1010. Current log-likelihood: -8733876.44840
1011. Current log-likelihood: -8733875.27550
1012. Current log-likelihood: -8733874.10296
1013. Current log-likelihood: -8733872.93083
1014. Current log-likelihood: -8733871.75978
1015. Current log-likelihood: -8733870.58861
1016. Current log-likelihood: -8733869.41797
1017. Current log-likelihood: -8733868.24792
1018. Current log-likelihood: -8733867.07847
1019. Current log-likelihood: -8733865.90966
1020. Current log-likelihood: -8733864.74155
1021. Current log-likelihood: -8733863.57433
1022. Current log-likelihood: -8733862.40779
1023. Current log-likelihood: -8733861.24191
1024. Current log-likelihood: -8733860.07805
1025. Current log-likelihood: -8733858.91467
1026. Current log-likelihood: -8733857.75225
1027. Current log-likelihood: -8733856.59089
1028. Current log-likelihood: -8733855.43039
1029. Current log-likelihood: -8733854.27126
1030. Current log-likelihood: -8733853.11299
1031. Current log-likelihood: -8733851.95600
1032. Current log-likelihood: -8733850.80019
1033. Current log-likelihood: -8733849.64574
1034. Current log-likelihood: -8733848.49217
1035. Current log-likelihood: -8733847.34100
1036. Current log-likelihood: -8733846.19004
1037. Current log-likelihood: -8733845.04141
1038. Current log-likelihood: -8733843.89326
1039. Current log-likelihood: -8733842.74767
1040. Current log-likelihood: -8733841.60236
1041. Current log-likelihood: -8733840.45969
1042. Current log-likelihood: -8733839.31750
1043. Current log-likelihood: -8733838.17710
1044. Current log-likelihood: -8733837.03850
1045. Current log-likelihood: -8733835.90134
1046. Current log-likelihood: -8733834.76612
1047. Current log-likelihood: -8733833.63261
1048. Current log-likelihood: -8733832.50094
1049. Current log-likelihood: -8733831.37079
1050. Current log-likelihood: -8733830.24275
1051. Current log-likelihood: -8733829.11657
1052. Current log-likelihood: -8733827.99149
1053. Current log-likelihood: -8733826.86936
1054. Current log-likelihood: -8733825.74910
1055. Current log-likelihood: -8733824.63087
1056. Current log-likelihood: -8733823.51386
1057. Current log-likelihood: -8733822.39999
1058. Current log-likelihood: -8733821.28811
1059. Current log-likelihood: -8733820.17839
1060. Current log-likelihood: -8733819.07093
1061. Current log-likelihood: -8733817.96573
1062. Current log-likelihood: -8733816.86281
1063. Current log-likelihood: -8733815.76224
1064. Current log-likelihood: -8733814.66403
1065. Current log-likelihood: -8733813.56823
1066. Current log-likelihood: -8733812.47513
1067. Current log-likelihood: -8733811.38336
1068. Current log-likelihood: -8733810.29520
1069. Current log-likelihood: -8733809.20965
1070. Current log-likelihood: -8733808.12673
1071. Current log-likelihood: -8733807.04638
1072. Current log-likelihood: -8733805.96853
1073. Current log-likelihood: -8733804.89358
1074. Current log-likelihood: -8733803.82131
1075. Current log-likelihood: -8733802.75181
1076. Current log-likelihood: -8733801.68510
1077. Current log-likelihood: -8733800.62118
1078. Current log-likelihood: -8733799.55999
1079. Current log-likelihood: -8733798.50169
1080. Current log-likelihood: -8733797.44617
1081. Current log-likelihood: -8733796.39379
1082. Current log-likelihood: -8733795.34437
1083. Current log-likelihood: -8733794.29795
1084. Current log-likelihood: -8733793.25458
1085. Current log-likelihood: -8733792.21427
1086. Current log-likelihood: -8733791.17708
1087. Current log-likelihood: -8733790.14300
1088. Current log-likelihood: -8733789.11210
1089. Current log-likelihood: -8733788.08437
1090. Current log-likelihood: -8733787.05994
1091. Current log-likelihood: -8733786.03877
1092. Current log-likelihood: -8733785.02091
1093. Current log-likelihood: -8733784.00635
1094. Current log-likelihood: -8733782.99432
1095. Current log-likelihood: -8733781.98664
1096. Current log-likelihood: -8733780.98145
1097. Current log-likelihood: -8733779.97978
1098. Current log-likelihood: -8733778.98147
1099. Current log-likelihood: -8733777.98680
1100. Current log-likelihood: -8733776.99559
1101. Current log-likelihood: -8733776.00796
1102. Current log-likelihood: -8733774.98553
1103. Current log-likelihood: -8733773.94036
1104. Current log-likelihood: -8733772.89952
1105. Current log-likelihood: -8733771.86311
1106. Current log-likelihood: -8733770.83040
1107. Current log-likelihood: -8733769.80235
1108. Current log-likelihood: -8733768.77873
1109. Current log-likelihood: -8733767.75942
1110. Current log-likelihood: -8733766.74479
1111. Current log-likelihood: -8733765.73399
1112. Current log-likelihood: -8733764.72785
1113. Current log-likelihood: -8733763.72649
1114. Current log-likelihood: -8733762.72822
1115. Current log-likelihood: -8733761.73546
1116. Current log-likelihood: -8733760.74680
1117. Current log-likelihood: -8733759.76263
1118. Current log-likelihood: -8733758.78299
1119. Current log-likelihood: -8733757.80751
1120. Current log-likelihood: -8733756.83954
1121. Current log-likelihood: -8733755.87413
1122. Current log-likelihood: -8733754.91224
1123. Current log-likelihood: -8733753.95584
1124. Current log-likelihood: -8733753.00401
1125. Current log-likelihood: -8733752.05682
1126. Current log-likelihood: -8733751.11621
1127. Current log-likelihood: -8733750.17867
1128. Current log-likelihood: -8733749.24611
1129. Current log-likelihood: -8733748.31787
1130. Current log-likelihood: -8733747.39430
1131. Current log-likelihood: -8733746.47571
1132. Current log-likelihood: -8733745.56363
1133. Current log-likelihood: -8733744.65482
1134. Current log-likelihood: -8733743.75105
1135. Current log-likelihood: -8733742.85177
1136. Current log-likelihood: -8733741.95725
1137. Current log-likelihood: -8733741.06943
1138. Current log-likelihood: -8733740.18477
1139. Current log-likelihood: -8733739.30508
1140. Current log-likelihood: -8733738.43033
1141. Current log-likelihood: -8733737.56229
1142. Current log-likelihood: -8733736.69724
1143. Current log-likelihood: -8733735.83722
1144. Current log-likelihood: -8733734.98212
1145. Current log-likelihood: -8733734.13356
1146. Current log-likelihood: -8733733.28803
1147. Current log-likelihood: -8733732.44780
1148. Current log-likelihood: -8733731.61434
1149. Current log-likelihood: -8733730.78365
1150. Current log-likelihood: -8733729.95831
1151. Current log-likelihood: -8733729.13975
1152. Current log-likelihood: -8733728.32404
1153. Current log-likelihood: -8733727.51364
1154. Current log-likelihood: -8733726.71006
1155. Current log-likelihood: -8733725.90972
1156. Current log-likelihood: -8733725.11435
1157. Current log-likelihood: -8733724.32565
1158. Current log-likelihood: -8733723.53994
1159. Current log-likelihood: -8733722.75957
1160. Current log-likelihood: -8733721.98635
1161. Current log-likelihood: -8733721.21589
1162. Current log-likelihood: -8733720.45046
1163. Current log-likelihood: -8733719.69226
1164. Current log-likelihood: -8733718.93763
1165. Current log-likelihood: -8733718.18720
1166. Current log-likelihood: -8733717.44383
1167. Current log-likelihood: -8733716.70416
1168. Current log-likelihood: -8733715.96865
1169. Current log-likelihood: -8733715.23929
1170. Current log-likelihood: -8733714.51417
1171. Current log-likelihood: -8733713.79605
1172. Current log-likelihood: -8733713.08071
1173. Current log-likelihood: -8733712.36985
1174. Current log-likelihood: -8733711.66596
1175. Current log-likelihood: -8733710.96480
1176. Current log-likelihood: -8733710.27133
1177. Current log-likelihood: -8733709.58032
1178. Current log-likelihood: -8733708.89443
1179. Current log-likelihood: -8733708.21527
1180. Current log-likelihood: -8733707.53926
1181. Current log-likelihood: -8733706.87018
1182. Current log-likelihood: -8733706.20350
1183. Current log-likelihood: -8733705.54391
1184. Current log-likelihood: -8733704.88716
1185. Current log-likelihood: -8733704.24885
1186. Current log-likelihood: -8733703.60134
1187. Current log-likelihood: -8733702.95916
1188. Current log-likelihood: -8733702.32392
1189. Current log-likelihood: -8733701.69174
1190. Current log-likelihood: -8733701.06577
1191. Current log-likelihood: -8733700.44211
1192. Current log-likelihood: -8733699.82598
1193. Current log-likelihood: -8733699.22459
1194. Current log-likelihood: -8733693.41911
1195. Current log-likelihood: -8733690.89071
1196. Current log-likelihood: -8733688.85940
1197. Current log-likelihood: -8733687.03517
1198. Current log-likelihood: -8733685.24596
1199. Current log-likelihood: -8733683.47887
1200. Current log-likelihood: -8733681.74113
1201. Current log-likelihood: -8733680.04377
1202. Current log-likelihood: -8733678.34287
1203. Current log-likelihood: -8733676.64975
1204. Current log-likelihood: -8733674.97916
1205. Current log-likelihood: -8733673.32490
1206. Current log-likelihood: -8733671.70183
1207. Current log-likelihood: -8733670.09065
1208. Current log-likelihood: -8733668.51380
1209. Current log-likelihood: -8733666.94392
1210. Current log-likelihood: -8733665.39899
1211. Current log-likelihood: -8733663.87090
1212. Current log-likelihood: -8733662.36822
1213. Current log-likelihood: -8733660.88569
1214. Current log-likelihood: -8733659.42473
1215. Current log-likelihood: -8733657.98415
1216. Current log-likelihood: -8733656.56432
1217. Current log-likelihood: -8733655.16240
1218. Current log-likelihood: -8733653.78503
1219. Current log-likelihood: -8733652.42577
1220. Current log-likelihood: -8733651.09094
1221. Current log-likelihood: -8733649.77302
1222. Current log-likelihood: -8733648.47835
1223. Current log-likelihood: -8733647.20494
1224. Current log-likelihood: -8733645.96627
1225. Current log-likelihood: -8733644.73761
1226. Current log-likelihood: -8733643.54617
1227. Current log-likelihood: -8733642.35961
1228. Current log-likelihood: -8733641.19510
1229. Current log-likelihood: -8733640.07493
1230. Current log-likelihood: -8733638.97845
1231. Current log-likelihood: -8733637.87015
1232. Current log-likelihood: -8733636.79557
1233. Current log-likelihood: -8733635.68116
1234. Current log-likelihood: -8733634.65757
1235. Current log-likelihood: -8733633.58755
1236. Current log-likelihood: -8733632.60821
1237. Current log-likelihood: -8733631.63153
1238. Current log-likelihood: -8733630.71760
1239. Current log-likelihood: -8733629.78346
1240. Current log-likelihood: -8733628.82889
1241. Current log-likelihood: -8733627.95674
1242. Current log-likelihood: -8733627.09208
1243. Current log-likelihood: -8733626.20898
1244. Current log-likelihood: -8733625.39773
1245. Current log-likelihood: -8733624.55348
1246. Current log-likelihood: -8733623.78657
1247. Current log-likelihood: -8733623.02671
1248. Current log-likelihood: -8733622.24381
1249. Current log-likelihood: -8733621.53744
1250. Current log-likelihood: -8733620.79025
1251. Current log-likelihood: -8733620.12358
1252. Current log-likelihood: -8733619.42500
1253. Current log-likelihood: -8733618.79285
1254. Current log-likelihood: -8733618.12882
1255. Current log-likelihood: -8733617.53055
1256. Current log-likelihood: -8733616.90156
1257. Current log-likelihood: -8733616.33717
1258. Current log-likelihood: -8733615.77628
1259. Current log-likelihood: -8733615.19986
1260. Current log-likelihood: -8733614.67983
1261. Current log-likelihood: -8733614.20240
1262. Current log-likelihood: -8733613.69702
1263. Current log-likelihood: -8733613.20640
1264. Current log-likelihood: -8733612.76804
1265. Current log-likelihood: -8733612.30246
1266. Current log-likelihood: -8733611.82106
1267. Current log-likelihood: -8733611.39570
1268. Current log-likelihood: -8733610.93394
1269. Current log-likelihood: -8733610.53295
1270. Current log-likelihood: -8733610.09402
1271. Current log-likelihood: -8733609.71346
1272. Current log-likelihood: -8733609.29875
1273. Current log-likelihood: -8733608.93371
1274. Current log-likelihood: -8733608.60122
1275. Current log-likelihood: -8733608.21386
1276. Current log-likelihood: -8733607.87462
1277. Current log-likelihood: -8733607.50343
1278. Current log-likelihood: -8733607.18258
1279. Current log-likelihood: -8733606.86339
1280. Current log-likelihood: -8733606.51586
1281. Current log-likelihood: -8733606.22104
1282. Current log-likelihood: -8733605.90274
1283. Current log-likelihood: -8733605.63934
1284. Current log-likelihood: -8733605.36978
1285. Current log-likelihood: -8733605.10456
1286. Current log-likelihood: -8733604.81921
1287. Current log-likelihood: -8733604.57944
1288. Current log-likelihood: -8733604.30191
1289. Current log-likelihood: -8733604.06913
1290. Current log-likelihood: -8733603.83570
1291. Current log-likelihood: -8733603.60197
1292. Current log-likelihood: -8733603.37322
1293. Current log-likelihood: -8733603.14767
1294. Current log-likelihood: -8733602.92504
1295. Current log-likelihood: -8733602.70242
1296. Current log-likelihood: -8733602.48486
1297. Current log-likelihood: -8733602.27014
1298. Current log-likelihood: -8733602.05562
1299. Current log-likelihood: -8733601.84549
1300. Current log-likelihood: -8733601.63795
1301. Current log-likelihood: -8733601.43321
1302. Current log-likelihood: -8733601.22571
1303. Current log-likelihood: -8733601.01767
1304. Current log-likelihood: -8733600.81266
1305. Current log-likelihood: -8733600.61005
1306. Current log-likelihood: -8733600.40690
1307. Current log-likelihood: -8733600.20864
1308. Current log-likelihood: -8733600.01307
1309. Current log-likelihood: -8733599.81983
1310. Current log-likelihood: -8733599.62593
1311. Current log-likelihood: -8733599.43665
1312. Current log-likelihood: -8733599.25018
1313. Current log-likelihood: -8733599.06335
1314. Current log-likelihood: -8733598.88064
1315. Current log-likelihood: -8733598.70019
1316. Current log-likelihood: -8733598.52247
1317. Current log-likelihood: -8733598.36624
1318. Current log-likelihood: -8733598.18714
1319. Current log-likelihood: -8733598.01496
1320. Current log-likelihood: -8733597.84540
1321. Current log-likelihood: -8733597.69658
1322. Current log-likelihood: -8733597.52610
1323. Current log-likelihood: -8733597.36173
1324. Current log-likelihood: -8733597.19938
1325. Current log-likelihood: -8733597.03950
1326. Current log-likelihood: -8733596.89922
1327. Current log-likelihood: -8733596.73845
1328. Current log-likelihood: -8733596.58354
1329. Current log-likelihood: -8733596.44911
1330. Current log-likelihood: -8733596.29599
1331. Current log-likelihood: -8733596.14675
1332. Current log-likelihood: -8733596.01473
1333. Current log-likelihood: -8733595.86643
1334. Current log-likelihood: -8733595.72213
1335. Current log-likelihood: -8733595.59791
1336. Current log-likelihood: -8733595.45522
1337. Current log-likelihood: -8733595.33422
1338. Current log-likelihood: -8733595.19153
1339. Current log-likelihood: -8733595.05524
1340. Current log-likelihood: -8733594.93898
1341. Current log-likelihood: -8733594.80397
1342. Current log-likelihood: -8733594.67310
1343. Current log-likelihood: -8733594.55720
1344. Current log-likelihood: -8733594.42687
1345. Current log-likelihood: -8733594.29989
1346. Current log-likelihood: -8733594.19160
1347. Current log-likelihood: -8733594.06620
1348. Current log-likelihood: -8733593.96115
1349. Current log-likelihood: -8733593.83560
1350. Current log-likelihood: -8733593.71573
1351. Current log-likelihood: -8733593.61401
1352. Current log-likelihood: -8733593.49570
1353. Current log-likelihood: -8733593.39692
1354. Current log-likelihood: -8733593.28087
1355. Current log-likelihood: -8733593.18327
1356. Current log-likelihood: -8733593.06902
1357. Current log-likelihood: -8733592.93877
1358. Current log-likelihood: -8733592.84573
1359. Current log-likelihood: -8733592.73756
1360. Current log-likelihood: -8733592.64835
1361. Current log-likelihood: -8733592.53880
1362. Current log-likelihood: -8733592.45197
1363. Current log-likelihood: -8733592.34682
1364. Current log-likelihood: -8733592.26231
1365. Current log-likelihood: -8733592.16005
1366. Current log-likelihood: -8733592.07781
1367. Current log-likelihood: -8733591.97521
1368. Current log-likelihood: -8733591.89493
1369. Current log-likelihood: -8733591.79722
1370. Current log-likelihood: -8733591.71824
1371. Current log-likelihood: -8733591.62269
1372. Current log-likelihood: -8733591.54626
1373. Current log-likelihood: -8733591.45301
1374. Current log-likelihood: -8733591.37621
1375. Current log-likelihood: -8733591.28412
1376. Current log-likelihood: -8733591.21164
1377. Current log-likelihood: -8733591.12270
1378. Current log-likelihood: -8733591.05095
1379. Current log-likelihood: -8733590.96382
1380. Current log-likelihood: -8733590.89467
1381. Current log-likelihood: -8733590.81006
1382. Current log-likelihood: -8733590.73946
1383. Current log-likelihood: -8733590.65580
1384. Current log-likelihood: -8733590.59020
1385. Current log-likelihood: -8733590.50849
1386. Current log-likelihood: -8733590.44436
1387. Current log-likelihood: -8733590.36520
1388. Current log-likelihood: -8733590.30206
1389. Current log-likelihood: -8733590.22191
1390. Current log-likelihood: -8733590.16064
1391. Current log-likelihood: -8733590.08412
1392. Current log-likelihood: -8733590.02437
1393. Current log-likelihood: -8733589.95038
1394. Current log-likelihood: -8733589.89109
1395. Current log-likelihood: -8733589.81841
1396. Current log-likelihood: -8733589.76167
1397. Current log-likelihood: -8733589.68817
1398. Current log-likelihood: -8733589.63291
1399. Current log-likelihood: -8733589.56379
1400. Current log-likelihood: -8733589.50844
1401. Current log-likelihood: -8733589.44057
1402. Current log-likelihood: -8733589.38730
1403. Current log-likelihood: -8733589.31972
1404. Current log-likelihood: -8733589.26565
1405. Current log-likelihood: -8733589.19746
1406. Current log-likelihood: -8733589.14524
1407. Current log-likelihood: -8733589.07987
1408. Current log-likelihood: -8733589.02941
1409. Current log-likelihood: -8733588.96563
1410. Current log-likelihood: -8733588.91647
1411. Current log-likelihood: -8733588.85502
1412. Current log-likelihood: -8733588.80596
1413. Current log-likelihood: -8733588.74629
1414. Current log-likelihood: -8733588.69620
1415. Current log-likelihood: -8733588.63673
1416. Current log-likelihood: -8733588.59107
1417. Current log-likelihood: -8733588.53376
1418. Current log-likelihood: -8733588.48844
1419. Current log-likelihood: -8733588.43197
1420. Current log-likelihood: -8733588.38850
1421. Current log-likelihood: -8733588.33401
1422. Current log-likelihood: -8733588.29099
1423. Current log-likelihood: -8733588.23434
1424. Current log-likelihood: -8733588.19323
1425. Current log-likelihood: -8733588.14073
1426. Current log-likelihood: -8733588.09948
1427. Current log-likelihood: -8733588.04789
1428. Current log-likelihood: -8733588.00828
1429. Current log-likelihood: -8733587.95857
1430. Current log-likelihood: -8733587.91924
1431. Current log-likelihood: -8733587.87102
1432. Current log-likelihood: -8733587.83273
1433. Current log-likelihood: -8733587.78241
1434. Current log-likelihood: -8733587.74543
1435. Current log-likelihood: -8733587.69907
1436. Current log-likelihood: -8733587.66246
1437. Current log-likelihood: -8733587.61663
1438. Current log-likelihood: -8733587.58153
1439. Current log-likelihood: -8733587.53745
1440. Current log-likelihood: -8733587.50257
1441. Current log-likelihood: -8733587.45980
1442. Current log-likelihood: -8733587.42575
1443. Current log-likelihood: -8733587.38053
1444. Current log-likelihood: -8733587.34837
1445. Current log-likelihood: -8733587.30707
1446. Current log-likelihood: -8733587.27448
1447. Current log-likelihood: -8733587.23457
1448. Current log-likelihood: -8733587.20293
1449. Current log-likelihood: -8733587.17565
1450. Current log-likelihood: -8733587.13447
1451. Current log-likelihood: -8733587.10508
1452. Current log-likelihood: -8733587.06726
1453. Current log-likelihood: -8733587.03756
1454. Current log-likelihood: -8733587.01213
1455. Current log-likelihood: -8733586.97152
1456. Current log-likelihood: -8733586.94322
1457. Current log-likelihood: -8733586.91890
1458. Current log-likelihood: -8733586.88074
1459. Current log-likelihood: -8733586.85425
1460. Current log-likelihood: -8733586.81950
1461. Current log-likelihood: -8733586.79259
1462. Current log-likelihood: -8733586.76957
1463. Current log-likelihood: -8733586.73460
1464. Current log-likelihood: -8733586.70913
1465. Current log-likelihood: -8733586.68726
1466. Current log-likelihood: -8733586.65343
1467. Current log-likelihood: -8733586.62898
1468. Current log-likelihood: -8733586.60549
1469. Current log-likelihood: -8733586.57153
1470. Current log-likelihood: -8733586.54840
1471. Current log-likelihood: -8733586.52853
1472. Current log-likelihood: -8733586.49613
1473. Current log-likelihood: -8733586.47336
1474. Current log-likelihood: -8733586.45395
1475. Current log-likelihood: -8733586.42309
1476. Current log-likelihood: -8733586.40121
1477. Current log-likelihood: -8733586.38249
1478. Current log-likelihood: -8733586.35191
1479. Current log-likelihood: -8733586.33136
1480. Current log-likelihood: -8733586.31371
1481. Current log-likelihood: -8733586.28478
1482. Current log-likelihood: -8733586.26455
1483. Current log-likelihood: -8733586.24458
1484. Current log-likelihood: -8733586.21566
1485. Current log-likelihood: -8733586.19639
1486. Current log-likelihood: -8733586.17990
1487. Current log-likelihood: -8733586.15273
1488. Current log-likelihood: -8733586.13382
1489. Current log-likelihood: -8733586.11769
1490. Current log-likelihood: -8733586.09139
1491. Current log-likelihood: -8733586.07311
1492. Current log-likelihood: -8733586.05758
1493. Current log-likelihood: -8733586.03238
1494. Current log-likelihood: -8733586.01476
1495. Current log-likelihood: -8733585.99977
1496. Current log-likelihood: -8733585.97526
1497. Current log-likelihood: -8733585.95827
1498. Current log-likelihood: -8733585.94386
1499. Current log-likelihood: -8733585.91676
1500. Current log-likelihood: -8733585.90050
1501. Current log-likelihood: -8733585.88692
1502. Current log-likelihood: -8733585.86367
1503. Current log-likelihood: -8733585.84742
1504. Current log-likelihood: -8733585.83398
1505. Current log-likelihood: -8733585.81152
1506. Current log-likelihood: -8733585.79577
1507. Current log-likelihood: -8733585.78291
1508. Current log-likelihood: -8733585.76165
1509. Current log-likelihood: -8733585.74655
1510. Current log-likelihood: -8733585.73418
1511. Current log-likelihood: -8733585.72371
1512. Current log-likelihood: -8733585.70215
1513. Current log-likelihood: -8733585.68822
1514. Current log-likelihood: -8733585.67676
1515. Current log-likelihood: -8733585.66716
1516. Current log-likelihood: -8733585.64306
1517. Current log-likelihood: -8733585.63026
1518. Current log-likelihood: -8733585.61972
1519. Current log-likelihood: -8733585.60032
1520. Current log-likelihood: -8733585.58711
1521. Current log-likelihood: -8733585.57649
1522. Current log-likelihood: -8733585.56780
1523. Current log-likelihood: -8733585.54866
1524. Current log-likelihood: -8733585.53642
1525. Current log-likelihood: -8733585.52639
1526. Current log-likelihood: -8733585.51849
1527. Current log-likelihood: -8733585.50026
1528. Current log-likelihood: -8733585.48869
1529. Current log-likelihood: -8733585.47926
1530. Current log-likelihood: -8733585.47172
1531. Current log-likelihood: -8733585.45408
1532. Current log-likelihood: -8733585.44296
1533. Current log-likelihood: -8733585.43399
1534. Current log-likelihood: -8733585.42676
1535. Current log-likelihood: -8733585.40999
1536. Current log-likelihood: -8733585.39923
1537. Current log-likelihood: -8733585.39083
1538. Current log-likelihood: -8733585.38402
1539. Current log-likelihood: -8733585.36448
1540. Current log-likelihood: -8733585.35490
1541. Current log-likelihood: -8733585.34708
1542. Current log-likelihood: -8733585.34034
1543. Current log-likelihood: -8733585.32468
1544. Current log-likelihood: -8733585.31519
1545. Current log-likelihood: -8733585.30753
1546. Current log-likelihood: -8733585.30123
1547. Current log-likelihood: -8733585.29574
1548. Current log-likelihood: -8733585.28004
1549. Current log-likelihood: -8733585.27112
1550. Current log-likelihood: -8733585.26391
1551. Current log-likelihood: -8733585.25802
1552. Current log-likelihood: -8733585.25280
1553. Current log-likelihood: -8733585.23769
1554. Current log-likelihood: -8733585.22920
1555. Current log-likelihood: -8733585.22262
1556. Current log-likelihood: -8733585.21703
1557. Current log-likelihood: -8733585.21219
1558. Current log-likelihood: -8733585.19830
1559. Current log-likelihood: -8733585.19027
1560. Current log-likelihood: -8733585.18377
1561. Current log-likelihood: -8733585.17861
1562. Current log-likelihood: -8733585.17405
1563. Current log-likelihood: -8733585.16059
1564. Current log-likelihood: -8733585.15299
1565. Current log-likelihood: -8733585.14459
1566. Current log-likelihood: -8733585.13962
1567. Current log-likelihood: -8733585.13539
1568. Current log-likelihood: -8733585.13145
1569. Current log-likelihood: -8733585.11678
1570. Current log-likelihood: -8733585.10986
1571. Current log-likelihood: -8733585.10460
1572. Current log-likelihood: -8733585.10033
1573. Current log-likelihood: -8733585.09623
1574. Current log-likelihood: -8733585.09265
1575. Current log-likelihood: -8733585.07950
1576. Current log-likelihood: -8733585.07250
1577. Current log-likelihood: -8733585.06724
1578. Current log-likelihood: -8733585.06289
1579. Current log-likelihood: -8733585.05932
1580. Current log-likelihood: -8733585.05607
1581. Current log-likelihood: -8733585.04385
1582. Current log-likelihood: -8733585.03752
1583. Current log-likelihood: -8733585.03278
1584. Current log-likelihood: -8733585.02863
1585. Current log-likelihood: -8733585.02527
1586. Current log-likelihood: -8733585.02221
1587. Current log-likelihood: -8733585.01046
1588. Current log-likelihood: -8733585.00429
1589. Current log-likelihood: -8733584.99966
1590. Current log-likelihood: -8733584.99585
1591. Current log-likelihood: -8733584.99332
1592. Current log-likelihood: -8733584.99107
1593. Current log-likelihood: -8733584.97803
1594. Current log-likelihood: -8733584.96973
1595. Current log-likelihood: -8733584.96516
1596. Current log-likelihood: -8733584.96159
1597. Current log-likelihood: -8733584.95923
1598. Current log-likelihood: -8733584.95696
1599. Current log-likelihood: -8733584.95502
1600. Current log-likelihood: -8733584.94278
1601. Current log-likelihood: -8733584.93141
1602. Current log-likelihood: -8733584.92729
1603. Current log-likelihood: -8733584.92495
1604. Current log-likelihood: -8733584.92273
1605. Current log-likelihood: -8733584.92079
1606. Current log-likelihood: -8733584.91907
1607. Current log-likelihood: -8733584.91753
1608. Current log-likelihood: -8733584.90502
1609. Current log-likelihood: -8733584.89757
1610. Current log-likelihood: -8733584.89366
1611. Current log-likelihood: -8733584.89137
1612. Current log-likelihood: -8733584.88939
1613. Current log-likelihood: -8733584.88770
1614. Current log-likelihood: -8733584.88595
1615. Current log-likelihood: -8733584.88449
1616. Current log-likelihood: -8733584.88312
1617. Current log-likelihood: -8733584.87127
1618. Current log-likelihood: -8733584.86416
1619. Current log-likelihood: -8733584.86056
1620. Current log-likelihood: -8733584.85848
1621. Current log-likelihood: -8733584.85681
1622. Current log-likelihood: -8733584.85518
1623. Current log-likelihood: -8733584.85363
1624. Current log-likelihood: -8733584.85240
1625. Current log-likelihood: -8733584.85129
1626. Current log-likelihood: -8733584.85004
1627. Current log-likelihood: -8733584.83900
1628. Current log-likelihood: -8733584.83217
1629. Current log-likelihood: -8733584.82900
1630. Current log-likelihood: -8733584.82720
1631. Current log-likelihood: -8733584.82556
1632. Current log-likelihood: -8733584.82428
1633. Current log-likelihood: -8733584.82312
1634. Current log-likelihood: -8733584.82205
1635. Current log-likelihood: -8733584.82104
1636. Current log-likelihood: -8733584.82009
Final estimation on weights:
0.39193,0.60155,0.00652
Wrote distance file to... 
BEST SCORE FOUND : -8733584.82009
Total tree lengths: 0.48656 0.07326 1.30370

Total number of iterations: 1634
CPU time used for tree search: 0.00003 sec (0h:0m:0s)
Wall-clock time used for tree search: 0.00002 sec (0h:0m:0s)
Total CPU time used: 347618.80557 sec (96h:33m:38s)
Total wall-clock time used: 11790.09596 sec (3h:16m:30s)

Analysis results written to: 
  IQ-TREE report:                mast_all_occ80_JU3200_quartet_10.submodel6.iqtree
  Maximum-likelihood tree:       mast_all_occ80_JU3200_quartet_10.submodel6.treefile
  Screen log file:               mast_all_occ80_JU3200_quartet_10.submodel6.log

Date and Time: Thu Jul  9 02:38:48 2026
