IQ-TREE version 3.0.1 for Linux x86 64-bit built Jul  9 2025
Developed by Bui Quang Minh, Thomas Wong, Nhan Ly-Trong, Huaiyan Ren
Contributed by Lam-Tung Nguyen, Dominik Schrempf, Chris Bielow,
Olga Chernomor, Michael Woodhams, Diep Thi Hoang, Heiko Schmidt

Host:    c718 (AVX512, FMA3, 188 GB RAM)
Command: iqtree3 -s /vast/eande106/projects/Nicolas/github/CB_PopGen_HDR_MS/processed_data/tree_topology/mast/mast_all/occ80_QG4232_quartet_10_supermatrix.clean.fas -m LG+FO+G+T -te /vast/eande106/projects/Nicolas/github/CB_PopGen_HDR_MS/processed_data/tree_topology/mast/quartet_topologies/quartet_10_NIC2143_QG4232_topologies.tre --prefix mast_all_occ80_QG4232_quartet_10.submodel6 -T 48
Seed:    571257 (Using SPRNG - Scalable Parallel Random Number Generator)
Time:    Wed Jul  8 23:39:31 2026
Kernel:  AVX+FMA - 48 threads (48 CPU cores detected)

Reading alignment file /vast/eande106/projects/Nicolas/github/CB_PopGen_HDR_MS/processed_data/tree_topology/mast/mast_all/occ80_QG4232_quartet_10_supermatrix.clean.fas ... Fasta format detected
Reading fasta file: done in 0.182405 secs using 46.58% CPU
Alignment most likely contains protein sequences
Constructing alignment: done in 2.4747 secs using 15.33% CPU
WARNING: 1 sites contain only gaps or ambiguous characters.
Alignment has 4 sequences with 2245548 columns, 12942 distinct patterns
14031 parsimony-informative, 331893 singleton sites, 1899624 constant sites
         Gap/Ambiguity  Composition  p-value
Analyzing sequences: done in 0.00734476 secs using 4866% CPU
   1  PX506      4.68%    failed      0.02%
   2  QG4232     2.20%    passed     98.19%
   3  QX1410     1.99%    passed     98.45%
   4  NIC2143    2.96%    passed     44.85%
****  TOTAL      2.96%  1 sequences failed composition chi2 test (p-value<5%; df=19)
Number of input trees: 3
Minimum branch length is set to 0.0000010
Checking for duplicate sequences: done in 0.0003586 secs using 1893% CPU

NOTE: 96 MB RAM (0 GB) is required!
According to the parsimony scores along the sites, the tree weights are initialized to:
0.8985104,0.0431188,0.0583708
Estimate model parameters (epsilon = 0.00100)
1. Initial log-likelihood: -8625590.84377
2. Current log-likelihood: -8617459.95223
3. Current log-likelihood: -8616964.09023
4. Current log-likelihood: -8616774.47780
5. Current log-likelihood: -8616751.85089
6. Current log-likelihood: -8616723.69694
7. Current log-likelihood: -8616664.55982
8. Current log-likelihood: -8616637.45830
9. Current log-likelihood: -8616620.83079
10. Current log-likelihood: -8616616.12825
11. Current log-likelihood: -8616614.63836
12. Current log-likelihood: -8616613.32444
13. Current log-likelihood: -8616612.00593
14. Current log-likelihood: -8616610.68270
15. Current log-likelihood: -8616609.33762
16. Current log-likelihood: -8616608.00332
17. Current log-likelihood: -8616606.66427
18. Current log-likelihood: -8616605.32044
19. Current log-likelihood: -8616603.97177
20. Current log-likelihood: -8616602.61859
21. Current log-likelihood: -8616601.26040
22. Current log-likelihood: -8616599.89742
23. Current log-likelihood: -8616598.52966
24. Current log-likelihood: -8616597.15745
25. Current log-likelihood: -8616595.78016
26. Current log-likelihood: -8616594.39820
27. Current log-likelihood: -8616593.01148
28. Current log-likelihood: -8616591.62032
29. Current log-likelihood: -8616590.22416
30. Current log-likelihood: -8616588.82335
31. Current log-likelihood: -8616587.41441
32. Current log-likelihood: -8616586.00291
33. Current log-likelihood: -8616584.58669
34. Current log-likelihood: -8616583.16586
35. Current log-likelihood: -8616581.74032
36. Current log-likelihood: -8616580.31052
37. Current log-likelihood: -8616578.87583
38. Current log-likelihood: -8616577.43663
39. Current log-likelihood: -8616575.99287
40. Current log-likelihood: -8616574.54484
41. Current log-likelihood: -8616573.09207
42. Current log-likelihood: -8616571.63488
43. Current log-likelihood: -8616570.17319
44. Current log-likelihood: -8616568.70712
45. Current log-likelihood: -8616567.23692
46. Current log-likelihood: -8616565.76211
47. Current log-likelihood: -8616564.28301
48. Current log-likelihood: -8616562.79735
49. Current log-likelihood: -8616561.30800
50. Current log-likelihood: -8616559.81502
51. Current log-likelihood: -8616558.31757
52. Current log-likelihood: -8616556.81610
53. Current log-likelihood: -8616555.31052
54. Current log-likelihood: -8616553.80084
55. Current log-likelihood: -8616552.28716
56. Current log-likelihood: -8616550.76978
57. Current log-likelihood: -8616549.24819
58. Current log-likelihood: -8616547.72278
59. Current log-likelihood: -8616546.19355
60. Current log-likelihood: -8616544.66055
61. Current log-likelihood: -8616543.12383
62. Current log-likelihood: -8616541.58344
63. Current log-likelihood: -8616540.03943
64. Current log-likelihood: -8616538.49188
65. Current log-likelihood: -8616536.94150
66. Current log-likelihood: -8616535.38465
67. Current log-likelihood: -8616533.82517
68. Current log-likelihood: -8616532.26270
69. Current log-likelihood: -8616530.69712
70. Current log-likelihood: -8616529.12867
71. Current log-likelihood: -8616527.55683
72. Current log-likelihood: -8616525.98206
73. Current log-likelihood: -8616524.40437
74. Current log-likelihood: -8616522.82376
75. Current log-likelihood: -8616521.24042
76. Current log-likelihood: -8616519.65439
77. Current log-likelihood: -8616518.06576
78. Current log-likelihood: -8616516.47466
79. Current log-likelihood: -8616514.88107
80. Current log-likelihood: -8616513.28516
81. Current log-likelihood: -8616511.68704
82. Current log-likelihood: -8616510.08675
83. Current log-likelihood: -8616508.48444
84. Current log-likelihood: -8616506.88019
85. Current log-likelihood: -8616505.27409
86. Current log-likelihood: -8616503.66630
87. Current log-likelihood: -8616502.05384
88. Current log-likelihood: -8616500.44218
89. Current log-likelihood: -8616498.82888
90. Current log-likelihood: -8616497.21460
91. Current log-likelihood: -8616495.59910
92. Current log-likelihood: -8616493.98258
93. Current log-likelihood: -8616492.36517
94. Current log-likelihood: -8616490.74701
95. Current log-likelihood: -8616489.12823
96. Current log-likelihood: -8616487.50896
97. Current log-likelihood: -8616485.88931
98. Current log-likelihood: -8616484.26945
99. Current log-likelihood: -8616482.64949
100. Current log-likelihood: -8616481.02964
101. Current log-likelihood: -8616479.40999
102. Current log-likelihood: -8616476.57854
103. Current log-likelihood: -8616473.52092
104. Current log-likelihood: -8616470.46824
105. Current log-likelihood: -8616467.42066
106. Current log-likelihood: -8616464.37942
107. Current log-likelihood: -8616461.34568
108. Current log-likelihood: -8616458.32064
109. Current log-likelihood: -8616455.30552
110. Current log-likelihood: -8616452.30150
111. Current log-likelihood: -8616449.30981
112. Current log-likelihood: -8616446.33178
113. Current log-likelihood: -8616443.36876
114. Current log-likelihood: -8616440.42061
115. Current log-likelihood: -8616437.49080
116. Current log-likelihood: -8616434.58041
117. Current log-likelihood: -8616431.69015
118. Current log-likelihood: -8616428.82148
119. Current log-likelihood: -8616425.97582
120. Current log-likelihood: -8616423.15445
121. Current log-likelihood: -8616420.35870
122. Current log-likelihood: -8616417.58997
123. Current log-likelihood: -8616414.84961
124. Current log-likelihood: -8616412.13876
125. Current log-likelihood: -8616409.45877
126. Current log-likelihood: -8616406.81082
127. Current log-likelihood: -8616404.19615
128. Current log-likelihood: -8616401.61591
129. Current log-likelihood: -8616399.07129
130. Current log-likelihood: -8616396.56413
131. Current log-likelihood: -8616394.09433
132. Current log-likelihood: -8616391.66321
133. Current log-likelihood: -8616389.27176
134. Current log-likelihood: -8616386.91300
135. Current log-likelihood: -8616384.60309
136. Current log-likelihood: -8616382.33415
137. Current log-likelihood: -8616380.09930
138. Current log-likelihood: -8616377.90538
139. Current log-likelihood: -8616375.75273
140. Current log-likelihood: -8616373.64166
141. Current log-likelihood: -8616371.57242
142. Current log-likelihood: -8616369.54496
143. Current log-likelihood: -8616367.55926
144. Current log-likelihood: -8616365.61618
145. Current log-likelihood: -8616363.70106
146. Current log-likelihood: -8616361.82560
147. Current log-likelihood: -8616359.98017
148. Current log-likelihood: -8616358.06725
149. Current log-likelihood: -8616355.92797
150. Current log-likelihood: -8616353.91739
151. Current log-likelihood: -8616352.01636
152. Current log-likelihood: -8616350.17532
153. Current log-likelihood: -8616348.36587
154. Current log-likelihood: -8616346.60480
155. Current log-likelihood: -8616344.87467
156. Current log-likelihood: -8616343.17510
157. Current log-likelihood: -8616341.51371
158. Current log-likelihood: -8616339.89018
159. Current log-likelihood: -8616338.29634
160. Current log-likelihood: -8616336.73197
161. Current log-likelihood: -8616335.20374
162. Current log-likelihood: -8616333.69709
163. Current log-likelihood: -8616332.22485
164. Current log-likelihood: -8616330.78655
165. Current log-likelihood: -8616329.36855
166. Current log-likelihood: -8616327.98341
167. Current log-likelihood: -8616326.62355
168. Current log-likelihood: -8616325.29051
169. Current log-likelihood: -8616323.97913
170. Current log-likelihood: -8616322.70197
171. Current log-likelihood: -8616321.43700
172. Current log-likelihood: -8616320.20457
173. Current log-likelihood: -8616318.98338
174. Current log-likelihood: -8616317.79236
175. Current log-likelihood: -8616316.62144
176. Current log-likelihood: -8616315.45933
177. Current log-likelihood: -8616314.32532
178. Current log-likelihood: -8616313.20860
179. Current log-likelihood: -8616312.10845
180. Current log-likelihood: -8616311.02408
181. Current log-likelihood: -8616309.95535
182. Current log-likelihood: -8616308.90510
183. Current log-likelihood: -8616307.86405
184. Current log-likelihood: -8616306.84659
185. Current log-likelihood: -8616305.82969
186. Current log-likelihood: -8616304.82987
187. Current log-likelihood: -8616303.83609
188. Current log-likelihood: -8616302.86190
189. Current log-likelihood: -8616301.89683
190. Current log-likelihood: -8616300.93516
191. Current log-likelihood: -8616299.98794
192. Current log-likelihood: -8616299.04206
193. Current log-likelihood: -8616298.10992
194. Current log-likelihood: -8616297.18379
195. Current log-likelihood: -8616296.26359
196. Current log-likelihood: -8616295.34962
197. Current log-likelihood: -8616294.44085
198. Current log-likelihood: -8616293.53650
199. Current log-likelihood: -8616292.63716
200. Current log-likelihood: -8616291.74136
201. Current log-likelihood: -8616290.84972
202. Current log-likelihood: -8616289.67715
203. Current log-likelihood: -8616288.42283
204. Current log-likelihood: -8616287.17205
205. Current log-likelihood: -8616285.92522
206. Current log-likelihood: -8616284.68166
207. Current log-likelihood: -8616283.44066
208. Current log-likelihood: -8616282.20170
209. Current log-likelihood: -8616280.96448
210. Current log-likelihood: -8616279.72834
211. Current log-likelihood: -8616278.49322
212. Current log-likelihood: -8616277.25865
213. Current log-likelihood: -8616166.44581
214. Current log-likelihood: -8616160.07370
215. Current log-likelihood: -8616157.73200
216. Current log-likelihood: -8616155.75441
217. Current log-likelihood: -8616153.91624
218. Current log-likelihood: -8616152.19153
219. Current log-likelihood: -8616150.54018
220. Current log-likelihood: -8616148.91831
221. Current log-likelihood: -8616147.36675
222. Current log-likelihood: -8616145.88100
223. Current log-likelihood: -8616144.46894
224. Current log-likelihood: -8616143.13321
225. Current log-likelihood: -8616141.84225
226. Current log-likelihood: -8616140.60437
227. Current log-likelihood: -8616139.42741
228. Current log-likelihood: -8616138.30104
229. Current log-likelihood: -8616137.21877
230. Current log-likelihood: -8616136.18944
231. Current log-likelihood: -8616135.19490
232. Current log-likelihood: -8616134.24623
233. Current log-likelihood: -8616133.33464
234. Current log-likelihood: -8616132.46558
235. Current log-likelihood: -8616131.62136
236. Current log-likelihood: -8616130.81097
237. Current log-likelihood: -8616130.02817
238. Current log-likelihood: -8616129.27751
239. Current log-likelihood: -8616128.54388
240. Current log-likelihood: -8616127.83873
241. Current log-likelihood: -8616127.14638
242. Current log-likelihood: -8616126.47869
243. Current log-likelihood: -8616125.82781
244. Current log-likelihood: -8616125.19069
245. Current log-likelihood: -8616124.56797
246. Current log-likelihood: -8616123.96265
247. Current log-likelihood: -8616123.36447
248. Current log-likelihood: -8616122.78101
249. Current log-likelihood: -8616122.20794
250. Current log-likelihood: -8616121.64333
251. Current log-likelihood: -8616121.08641
252. Current log-likelihood: -8616120.53694
253. Current log-likelihood: -8616119.99299
254. Current log-likelihood: -8616119.45462
255. Current log-likelihood: -8616118.92708
256. Current log-likelihood: -8616118.39840
257. Current log-likelihood: -8616117.87153
258. Current log-likelihood: -8616117.35912
259. Current log-likelihood: -8616116.83994
260. Current log-likelihood: -8616116.33318
261. Current log-likelihood: -8616115.81879
262. Current log-likelihood: -8616115.31604
263. Current log-likelihood: -8616114.80520
264. Current log-likelihood: -8616114.29964
265. Current log-likelihood: -8616113.80131
266. Current log-likelihood: -8616113.30344
267. Current log-likelihood: -8616112.80221
268. Current log-likelihood: -8616112.30527
269. Current log-likelihood: -8616111.80928
270. Current log-likelihood: -8616111.30894
271. Current log-likelihood: -8616110.80669
272. Current log-likelihood: -8616110.30969
273. Current log-likelihood: -8616109.81250
274. Current log-likelihood: -8616109.31511
275. Current log-likelihood: -8616108.81692
276. Current log-likelihood: -8616108.31806
277. Current log-likelihood: -8616107.81877
278. Current log-likelihood: -8616107.31819
279. Current log-likelihood: -8616106.81678
280. Current log-likelihood: -8616106.31425
281. Current log-likelihood: -8616105.81634
282. Current log-likelihood: -8616105.31189
283. Current log-likelihood: -8616104.80609
284. Current log-likelihood: -8616104.30466
285. Current log-likelihood: -8616103.79635
286. Current log-likelihood: -8616103.29199
287. Current log-likelihood: -8616102.78114
288. Current log-likelihood: -8616102.27398
289. Current log-likelihood: -8616101.76591
290. Current log-likelihood: -8616101.25019
291. Current log-likelihood: -8616100.73842
292. Current log-likelihood: -8616100.22508
293. Current log-likelihood: -8616099.71044
294. Current log-likelihood: -8616099.19385
295. Current log-likelihood: -8616098.67572
296. Current log-likelihood: -8616098.15554
297. Current log-likelihood: -8616097.63365
298. Current log-likelihood: -8616097.10962
299. Current log-likelihood: -8616096.58378
300. Current log-likelihood: -8616096.05568
301. Current log-likelihood: -8616095.52568
302. Current log-likelihood: -8616094.91502
303. Current log-likelihood: -8616094.25148
304. Current log-likelihood: -8616093.57494
305. Current log-likelihood: -8616092.90386
306. Current log-likelihood: -8616092.22827
307. Current log-likelihood: -8616091.54923
308. Current log-likelihood: -8616090.86608
309. Current log-likelihood: -8616090.17903
310. Current log-likelihood: -8616089.48776
311. Current log-likelihood: -8616088.79258
312. Current log-likelihood: -8616088.09272
313. Current log-likelihood: -8616087.38843
314. Current log-likelihood: -8616086.67945
315. Current log-likelihood: -8616085.96606
316. Current log-likelihood: -8616085.24754
317. Current log-likelihood: -8616084.52411
318. Current log-likelihood: -8616083.79550
319. Current log-likelihood: -8616083.06022
320. Current log-likelihood: -8616082.32132
321. Current log-likelihood: -8616081.57485
322. Current log-likelihood: -8616080.82484
323. Current log-likelihood: -8616080.06695
324. Current log-likelihood: -8616079.30313
325. Current log-likelihood: -8616078.53326
326. Current log-likelihood: -8616077.75696
327. Current log-likelihood: -8616076.97448
328. Current log-likelihood: -8616076.18502
329. Current log-likelihood: -8616075.38876
330. Current log-likelihood: -8616074.58540
331. Current log-likelihood: -8616073.77515
332. Current log-likelihood: -8616072.95723
333. Current log-likelihood: -8616072.11742
334. Current log-likelihood: -8616071.28471
335. Current log-likelihood: -8616070.44316
336. Current log-likelihood: -8616069.59039
337. Current log-likelihood: -8616068.73946
338. Current log-likelihood: -8616067.86983
339. Current log-likelihood: -8616066.99231
340. Current log-likelihood: -8616066.11147
341. Current log-likelihood: -8616065.21520
342. Current log-likelihood: -8616064.31539
343. Current log-likelihood: -8616063.40647
344. Current log-likelihood: -8616062.48054
345. Current log-likelihood: -8616061.54996
346. Current log-likelihood: -8616060.60928
347. Current log-likelihood: -8616059.65395
348. Current log-likelihood: -8616058.68829
349. Current log-likelihood: -8616057.71116
350. Current log-likelihood: -8616056.72164
351. Current log-likelihood: -8616055.71947
352. Current log-likelihood: -8616054.70486
353. Current log-likelihood: -8616053.67670
354. Current log-likelihood: -8616052.63529
355. Current log-likelihood: -8616051.57672
356. Current log-likelihood: -8616050.50501
357. Current log-likelihood: -8616049.41899
358. Current log-likelihood: -8616048.31890
359. Current log-likelihood: -8616047.20380
360. Current log-likelihood: -8616046.07009
361. Current log-likelihood: -8616044.92285
362. Current log-likelihood: -8616043.76051
363. Current log-likelihood: -8616042.58341
364. Current log-likelihood: -8616041.40096
365. Current log-likelihood: -8616040.20917
366. Current log-likelihood: -8616038.99764
367. Current log-likelihood: -8616037.76517
368. Current log-likelihood: -8616036.52247
369. Current log-likelihood: -8616035.26931
370. Current log-likelihood: -8616034.00548
371. Current log-likelihood: -8616032.73639
372. Current log-likelihood: -8616031.46171
373. Current log-likelihood: -8616030.16896
374. Current log-likelihood: -8616028.88196
375. Current log-likelihood: -8616027.59654
376. Current log-likelihood: -8616026.30914
377. Current log-likelihood: -8616025.02474
378. Current log-likelihood: -8616023.75270
379. Current log-likelihood: -8616022.50142
380. Current log-likelihood: -8616021.26267
381. Current log-likelihood: -8616020.04027
382. Current log-likelihood: -8616018.86784
383. Current log-likelihood: -8616017.92478
384. Current log-likelihood: -8616017.12769
385. Current log-likelihood: -8616016.47898
386. Current log-likelihood: -8616015.94620
387. Current log-likelihood: -8616015.49284
388. Current log-likelihood: -8616015.12782
389. Current log-likelihood: -8616014.82606
390. Current log-likelihood: -8616014.57887
391. Current log-likelihood: -8616014.36687
392. Current log-likelihood: -8616014.19953
393. Current log-likelihood: -8616014.06098
394. Current log-likelihood: -8616013.94917
395. Current log-likelihood: -8616013.85731
396. Current log-likelihood: -8616013.78399
397. Current log-likelihood: -8616013.71458
398. Current log-likelihood: -8616013.66361
399. Current log-likelihood: -8616013.62241
400. Current log-likelihood: -8616013.58770
401. Current log-likelihood: -8616013.55877
402. Current log-likelihood: -8616013.53315
403. Current log-likelihood: -8616013.51080
404. Current log-likelihood: -8616013.49272
405. Current log-likelihood: -8616013.47916
406. Current log-likelihood: -8616013.46782
407. Current log-likelihood: -8616013.45849
408. Current log-likelihood: -8616013.45084
409. Current log-likelihood: -8616013.44457
410. Current log-likelihood: -8616013.43945
411. Current log-likelihood: -8616013.43748
412. Current log-likelihood: -8616013.43323
413. Current log-likelihood: -8616013.43190
414. Current log-likelihood: -8616013.42887
415. Current log-likelihood: -8616013.42798
Final estimation on weights:
0.97294,0.00501,0.02205
Wrote distance file to... 
BEST SCORE FOUND : -8616013.42798
Total tree lengths: 0.23273 1.65277 0.47830

Total number of iterations: 413
CPU time used for tree search: 0.00004 sec (0h:0m:0s)
Wall-clock time used for tree search: 0.00003 sec (0h:0m:0s)
Total CPU time used: 134405.26694 sec (37h:20m:5s)
Total wall-clock time used: 4310.54626 sec (1h:11m:50s)

Analysis results written to: 
  IQ-TREE report:                mast_all_occ80_QG4232_quartet_10.submodel6.iqtree
  Maximum-likelihood tree:       mast_all_occ80_QG4232_quartet_10.submodel6.treefile
  Screen log file:               mast_all_occ80_QG4232_quartet_10.submodel6.log

Date and Time: Thu Jul  9 00:51:24 2026
