IQ-TREE version 3.0.1 for Linux x86 64-bit built Jul  9 2025
Developed by Bui Quang Minh, Thomas Wong, Nhan Ly-Trong, Huaiyan Ren
Contributed by Lam-Tung Nguyen, Dominik Schrempf, Chris Bielow,
Olga Chernomor, Michael Woodhams, Diep Thi Hoang, Heiko Schmidt

Host:    c351 (AVX512, FMA3, 188 GB RAM)
Command: iqtree3 -s /vast/eande106/projects/Nicolas/github/CB_PopGen_HDR_MS/processed_data/tree_topology/mast/mast_all/occ80_JU3237_quartet_07_supermatrix.clean.fas -m TMIX{LG+FO+G,LG+FO+G,LG+FO+G}+T -te /vast/eande106/projects/Nicolas/github/CB_PopGen_HDR_MS/processed_data/tree_topology/mast/quartet_topologies/quartet_07_JU1422_JU3237_topologies.tre --prefix mast_all_occ80_JU3237_quartet_07.submodel1 -T 48
Seed:    540698 (Using SPRNG - Scalable Parallel Random Number Generator)
Time:    Wed Jul  8 23:20:53 2026
Kernel:  AVX+FMA - 48 threads (48 CPU cores detected)

Reading alignment file /vast/eande106/projects/Nicolas/github/CB_PopGen_HDR_MS/processed_data/tree_topology/mast/mast_all/occ80_JU3237_quartet_07_supermatrix.clean.fas ... Fasta format detected
Reading fasta file: done in 0.228438 secs using 45.39% CPU
Alignment most likely contains protein sequences
Constructing alignment: done in 3.98555 secs using 9.622% CPU
WARNING: 1 sites contain only gaps or ambiguous characters.
Alignment has 4 sequences with 2754460 columns, 12647 distinct patterns
21312 parsimony-informative, 424583 singleton sites, 2308565 constant sites
        Gap/Ambiguity  Composition  p-value
Analyzing sequences: done in 0.000199825 secs using 2.334e+04% CPU
   1  PX506     4.86%    failed      0.00%
   2  JU1422    3.03%    passed      7.49%
   3  JU3237    2.11%    passed     82.24%
   4  QX1410    2.05%    passed     95.37%
****  TOTAL     3.01%  1 sequences failed composition chi2 test (p-value<5%; df=19)
Number of input trees: 3
Minimum branch length is set to 0.0000010
Checking for duplicate sequences: done in 0.00181464 secs using 3245% CPU

NOTE: 93 MB RAM (0 GB) is required!
According to the parsimony scores along the sites, the tree weights are initialized to:
0.9664039,0.0135604,0.0200357
Estimate model parameters (epsilon = 0.00100)
1. Initial log-likelihood: -10640239.84492
2. Current log-likelihood: -10638818.40349
3. Current log-likelihood: -10635028.18411
4. Current log-likelihood: -10634524.58627
5. Current log-likelihood: -10634466.76491
6. Current log-likelihood: -10634417.64094
7. Current log-likelihood: -10634373.36950
8. Current log-likelihood: -10634334.97298
9. Current log-likelihood: -10634301.38650
10. Current log-likelihood: -10634272.16049
11. Current log-likelihood: -10634246.85215
12. Current log-likelihood: -10634225.04304
13. Current log-likelihood: -10634206.32474
14. Current log-likelihood: -10634190.34528
15. Current log-likelihood: -10634176.75140
16. Current log-likelihood: -10634165.22286
17. Current log-likelihood: -10634155.47026
18. Current log-likelihood: -10634147.26871
19. Current log-likelihood: -10634140.35053
20. Current log-likelihood: -10634134.57629
21. Current log-likelihood: -10634129.75381
22. Current log-likelihood: -10634125.72649
23. Current log-likelihood: -10634122.38429
24. Current log-likelihood: -10634119.60798
25. Current log-likelihood: -10634117.30872
26. Current log-likelihood: -10634115.39914
27. Current log-likelihood: -10634113.83077
28. Current log-likelihood: -10634112.52138
29. Current log-likelihood: -10634111.45050
30. Current log-likelihood: -10634110.55477
31. Current log-likelihood: -10634109.82019
32. Current log-likelihood: -10634109.20693
33. Current log-likelihood: -10634108.70123
34. Current log-likelihood: -10634108.27303
35. Current log-likelihood: -10634107.93459
36. Current log-likelihood: -10634107.64656
37. Current log-likelihood: -10634107.40369
38. Current log-likelihood: -10634107.27925
39. Current log-likelihood: -10634107.06238
40. Current log-likelihood: -10634106.91623
41. Current log-likelihood: -10634106.83540
42. Current log-likelihood: -10634106.70176
43. Current log-likelihood: -10634106.63754
44. Current log-likelihood: -10634106.53952
45. Current log-likelihood: -10634106.48856
46. Current log-likelihood: -10634106.41290
47. Current log-likelihood: -10634106.37059
48. Current log-likelihood: -10634106.31082
49. Current log-likelihood: -10634106.27452
50. Current log-likelihood: -10634106.22570
51. Current log-likelihood: -10634106.19326
52. Current log-likelihood: -10634106.15298
53. Current log-likelihood: -10634106.12376
54. Current log-likelihood: -10634106.08827
55. Current log-likelihood: -10634106.06094
56. Current log-likelihood: -10634106.02948
57. Current log-likelihood: -10634106.00362
58. Current log-likelihood: -10634105.97459
59. Current log-likelihood: -10634105.94962
60. Current log-likelihood: -10634105.92441
61. Current log-likelihood: -10634105.89954
62. Current log-likelihood: -10634105.87489
63. Current log-likelihood: -10634105.85052
64. Current log-likelihood: -10634105.82648
65. Current log-likelihood: -10634105.80264
66. Current log-likelihood: -10634105.77909
67. Current log-likelihood: -10634105.75576
68. Current log-likelihood: -10634105.73284
69. Current log-likelihood: -10634105.70966
70. Current log-likelihood: -10634105.68670
71. Current log-likelihood: -10634105.66409
72. Current log-likelihood: -10634105.64134
73. Current log-likelihood: -10634105.61890
74. Current log-likelihood: -10634105.59633
75. Current log-likelihood: -10634105.57408
76. Current log-likelihood: -10634105.55185
77. Current log-likelihood: -10634105.52949
78. Current log-likelihood: -10634105.50740
79. Current log-likelihood: -10634105.48515
80. Current log-likelihood: -10634105.46296
81. Current log-likelihood: -10634105.44098
82. Current log-likelihood: -10634105.41900
83. Current log-likelihood: -10634105.39712
84. Current log-likelihood: -10634105.37516
85. Current log-likelihood: -10634105.35309
86. Current log-likelihood: -10634105.33135
87. Current log-likelihood: -10634105.30958
88. Current log-likelihood: -10634105.28767
89. Current log-likelihood: -10634105.26592
90. Current log-likelihood: -10634105.24421
91. Current log-likelihood: -10634105.22247
92. Current log-likelihood: -10634105.20071
93. Current log-likelihood: -10634105.17906
94. Current log-likelihood: -10634105.15739
95. Current log-likelihood: -10634105.13580
96. Current log-likelihood: -10634105.11414
97. Current log-likelihood: -10634105.09253
98. Current log-likelihood: -10634105.07099
99. Current log-likelihood: -10634105.04949
100. Current log-likelihood: -10634105.02786
101. Current log-likelihood: -10634105.00643
102. Current log-likelihood: -10634104.96412
103. Current log-likelihood: -10634104.92189
104. Current log-likelihood: -10634104.87942
105. Current log-likelihood: -10634104.83753
106. Current log-likelihood: -10634104.79239
107. Current log-likelihood: -10634104.75067
108. Current log-likelihood: -10634104.70851
109. Current log-likelihood: -10634104.66698
110. Current log-likelihood: -10634104.62353
111. Current log-likelihood: -10634104.58204
112. Current log-likelihood: -10634104.54024
113. Current log-likelihood: -10634104.49901
114. Current log-likelihood: -10634104.45581
115. Current log-likelihood: -10634104.41453
116. Current log-likelihood: -10634104.37302
117. Current log-likelihood: -10634104.33206
118. Current log-likelihood: -10634104.28905
119. Current log-likelihood: -10634104.24818
120. Current log-likelihood: -10634104.20570
121. Current log-likelihood: -10634104.16496
122. Current log-likelihood: -10634104.12376
123. Current log-likelihood: -10634104.08328
124. Current log-likelihood: -10634104.04072
125. Current log-likelihood: -10634104.00027
126. Current log-likelihood: -10634103.95938
127. Current log-likelihood: -10634103.91920
128. Current log-likelihood: -10634103.87690
129. Current log-likelihood: -10634103.83673
130. Current log-likelihood: -10634103.79488
131. Current log-likelihood: -10634103.75484
132. Current log-likelihood: -10634103.71431
133. Current log-likelihood: -10634103.67137
134. Current log-likelihood: -10634103.63124
135. Current log-likelihood: -10634103.59142
136. Current log-likelihood: -10634103.54997
137. Current log-likelihood: -10634103.51034
138. Current log-likelihood: -10634103.47023
139. Current log-likelihood: -10634103.43080
140. Current log-likelihood: -10634103.38943
141. Current log-likelihood: -10634103.35007
142. Current log-likelihood: -10634103.31028
143. Current log-likelihood: -10634103.27118
144. Current log-likelihood: -10634103.23001
145. Current log-likelihood: -10634103.19094
146. Current log-likelihood: -10634103.15141
147. Current log-likelihood: -10634103.11256
148. Current log-likelihood: -10634103.07162
149. Current log-likelihood: -10634103.03281
150. Current log-likelihood: -10634102.99356
151. Current log-likelihood: -10634102.95498
152. Current log-likelihood: -10634102.91436
153. Current log-likelihood: -10634102.87582
154. Current log-likelihood: -10634102.83683
155. Current log-likelihood: -10634102.79849
156. Current log-likelihood: -10634102.75820
157. Current log-likelihood: -10634102.71992
158. Current log-likelihood: -10634102.68121
159. Current log-likelihood: -10634102.64314
160. Current log-likelihood: -10634102.60312
161. Current log-likelihood: -10634102.56505
162. Current log-likelihood: -10634102.52660
163. Current log-likelihood: -10634102.48879
164. Current log-likelihood: -10634102.44763
165. Current log-likelihood: -10634102.40988
166. Current log-likelihood: -10634102.37169
167. Current log-likelihood: -10634102.33414
168. Current log-likelihood: -10634102.29469
169. Current log-likelihood: -10634102.25720
170. Current log-likelihood: -10634102.21928
171. Current log-likelihood: -10634102.18199
172. Current log-likelihood: -10634102.14282
173. Current log-likelihood: -10634102.10560
174. Current log-likelihood: -10634102.06795
175. Current log-likelihood: -10634102.03092
176. Current log-likelihood: -10634101.99207
177. Current log-likelihood: -10634101.95512
178. Current log-likelihood: -10634101.91773
179. Current log-likelihood: -10634101.88097
180. Current log-likelihood: -10634101.84233
181. Current log-likelihood: -10634101.80564
182. Current log-likelihood: -10634101.76852
183. Current log-likelihood: -10634101.73201
184. Current log-likelihood: -10634101.69365
185. Current log-likelihood: -10634101.65722
186. Current log-likelihood: -10634101.62035
187. Current log-likelihood: -10634101.58404
188. Current log-likelihood: -10634101.54602
189. Current log-likelihood: -10634101.50984
190. Current log-likelihood: -10634101.47324
191. Current log-likelihood: -10634101.43719
192. Current log-likelihood: -10634101.39950
193. Current log-likelihood: -10634101.36358
194. Current log-likelihood: -10634101.32724
195. Current log-likelihood: -10634101.29137
196. Current log-likelihood: -10634101.25393
197. Current log-likelihood: -10634101.21827
198. Current log-likelihood: -10634101.18218
199. Current log-likelihood: -10634101.14663
200. Current log-likelihood: -10634101.10806
201. Current log-likelihood: -10634101.07264
202. Current log-likelihood: -10634101.01961
203. Current log-likelihood: -10634100.96751
204. Current log-likelihood: -10634100.91256
205. Current log-likelihood: -10634100.86047
206. Current log-likelihood: -10634100.80586
207. Current log-likelihood: -10634100.75400
208. Current log-likelihood: -10634100.69990
209. Current log-likelihood: -10634100.64854
210. Current log-likelihood: -10634100.59475
211. Current log-likelihood: -10634100.54346
212. Current log-likelihood: -10634100.49003
213. Current log-likelihood: -10634100.43911
214. Current log-likelihood: -10634100.38592
215. Current log-likelihood: -10634100.33527
216. Current log-likelihood: -10634100.28237
217. Current log-likelihood: -10634100.23212
218. Current log-likelihood: -10634100.17949
219. Current log-likelihood: -10634100.12930
220. Current log-likelihood: -10634100.07709
221. Current log-likelihood: -10634100.02727
222. Current log-likelihood: -10634099.97518
223. Current log-likelihood: -10634099.92563
224. Current log-likelihood: -10634099.87394
225. Current log-likelihood: -10634099.82478
226. Current log-likelihood: -10634099.77187
227. Current log-likelihood: -10634099.72277
228. Current log-likelihood: -10634099.67170
229. Current log-likelihood: -10634099.62297
230. Current log-likelihood: -10634099.57215
231. Current log-likelihood: -10634099.52370
232. Current log-likelihood: -10634099.47308
233. Current log-likelihood: -10634099.42500
234. Current log-likelihood: -10634099.37466
235. Current log-likelihood: -10634099.32675
236. Current log-likelihood: -10634099.27671
237. Current log-likelihood: -10634099.22906
238. Current log-likelihood: -10634099.17938
239. Current log-likelihood: -10634099.13188
240. Current log-likelihood: -10634099.08258
241. Current log-likelihood: -10634099.03544
242. Current log-likelihood: -10634098.98624
243. Current log-likelihood: -10634098.93937
244. Current log-likelihood: -10634098.89052
245. Current log-likelihood: -10634098.84403
246. Current log-likelihood: -10634098.79537
247. Current log-likelihood: -10634098.74904
248. Current log-likelihood: -10634098.70073
249. Current log-likelihood: -10634098.65477
250. Current log-likelihood: -10634098.60658
251. Current log-likelihood: -10634098.56078
252. Current log-likelihood: -10634098.51300
253. Current log-likelihood: -10634098.46756
254. Current log-likelihood: -10634098.41998
255. Current log-likelihood: -10634098.37470
256. Current log-likelihood: -10634098.32748
257. Current log-likelihood: -10634098.28255
258. Current log-likelihood: -10634098.23558
259. Current log-likelihood: -10634098.19081
260. Current log-likelihood: -10634098.14413
261. Current log-likelihood: -10634098.09971
262. Current log-likelihood: -10634098.05176
263. Current log-likelihood: -10634098.00749
264. Current log-likelihood: -10634097.96135
265. Current log-likelihood: -10634097.91744
266. Current log-likelihood: -10634097.87155
267. Current log-likelihood: -10634097.82779
268. Current log-likelihood: -10634097.78217
269. Current log-likelihood: -10634097.73877
270. Current log-likelihood: -10634097.69329
271. Current log-likelihood: -10634097.64998
272. Current log-likelihood: -10634097.60673
273. Current log-likelihood: -10634097.56169
274. Current log-likelihood: -10634097.51873
275. Current log-likelihood: -10634097.47411
276. Current log-likelihood: -10634097.43148
277. Current log-likelihood: -10634097.38713
278. Current log-likelihood: -10634097.34464
279. Current log-likelihood: -10634097.30040
280. Current log-likelihood: -10634097.25820
281. Current log-likelihood: -10634097.21606
282. Current log-likelihood: -10634097.17208
283. Current log-likelihood: -10634097.13034
284. Current log-likelihood: -10634097.08677
285. Current log-likelihood: -10634097.04535
286. Current log-likelihood: -10634097.00194
287. Current log-likelihood: -10634096.96061
288. Current log-likelihood: -10634096.91932
289. Current log-likelihood: -10634096.87629
290. Current log-likelihood: -10634096.83528
291. Current log-likelihood: -10634096.79427
292. Current log-likelihood: -10634096.75160
293. Current log-likelihood: -10634096.71116
294. Current log-likelihood: -10634096.66817
295. Current log-likelihood: -10634096.62776
296. Current log-likelihood: -10634096.58570
297. Current log-likelihood: -10634096.54555
298. Current log-likelihood: -10634096.50255
299. Current log-likelihood: -10634096.46258
300. Current log-likelihood: -10634096.42262
301. Current log-likelihood: -10634096.38287
302. Current log-likelihood: -10634096.32850
303. Current log-likelihood: -10634096.27661
304. Current log-likelihood: -10634096.22223
305. Current log-likelihood: -10634096.17096
306. Current log-likelihood: -10634096.11690
307. Current log-likelihood: -10634096.06595
308. Current log-likelihood: -10634096.01231
309. Current log-likelihood: -10634095.96175
310. Current log-likelihood: -10634095.90863
311. Current log-likelihood: -10634095.85841
312. Current log-likelihood: -10634095.80578
313. Current log-likelihood: -10634095.75615
314. Current log-likelihood: -10634095.70359
315. Current log-likelihood: -10634095.65430
316. Current log-likelihood: -10634095.60250
317. Current log-likelihood: -10634095.55362
318. Current log-likelihood: -10634095.50201
319. Current log-likelihood: -10634095.45345
320. Current log-likelihood: -10634095.40251
321. Current log-likelihood: -10634095.35427
322. Current log-likelihood: -10634095.30363
323. Current log-likelihood: -10634095.25571
324. Current log-likelihood: -10634095.20572
325. Current log-likelihood: -10634095.15822
326. Current log-likelihood: -10634095.10705
327. Current log-likelihood: -10634095.05992
328. Current log-likelihood: -10634095.01060
329. Current log-likelihood: -10634094.96400
330. Current log-likelihood: -10634094.91479
331. Current log-likelihood: -10634094.86849
332. Current log-likelihood: -10634094.81997
333. Current log-likelihood: -10634094.77409
334. Current log-likelihood: -10634094.72582
335. Current log-likelihood: -10634094.68032
336. Current log-likelihood: -10634094.63246
337. Current log-likelihood: -10634094.58734
338. Current log-likelihood: -10634094.53983
339. Current log-likelihood: -10634094.49502
340. Current log-likelihood: -10634094.44797
341. Current log-likelihood: -10634094.40360
342. Current log-likelihood: -10634094.35679
343. Current log-likelihood: -10634094.31273
344. Current log-likelihood: -10634094.26650
345. Current log-likelihood: -10634094.22281
346. Current log-likelihood: -10634094.17681
347. Current log-likelihood: -10634094.13346
348. Current log-likelihood: -10634094.08797
349. Current log-likelihood: -10634094.04504
350. Current log-likelihood: -10634093.99972
351. Current log-likelihood: -10634093.95707
352. Current log-likelihood: -10634093.91234
353. Current log-likelihood: -10634093.87010
354. Current log-likelihood: -10634093.82550
355. Current log-likelihood: -10634093.78353
356. Current log-likelihood: -10634093.73952
357. Current log-likelihood: -10634093.69795
358. Current log-likelihood: -10634093.65412
359. Current log-likelihood: -10634093.61283
360. Current log-likelihood: -10634093.56956
361. Current log-likelihood: -10634093.52866
362. Current log-likelihood: -10634093.48559
363. Current log-likelihood: -10634093.44493
364. Current log-likelihood: -10634093.40239
365. Current log-likelihood: -10634093.36217
366. Current log-likelihood: -10634093.31974
367. Current log-likelihood: -10634093.27978
368. Current log-likelihood: -10634093.23657
369. Current log-likelihood: -10634093.19698
370. Current log-likelihood: -10634093.15529
371. Current log-likelihood: -10634093.11599
372. Current log-likelihood: -10634093.07482
373. Current log-likelihood: -10634093.03585
374. Current log-likelihood: -10634092.99442
375. Current log-likelihood: -10634092.95578
376. Current log-likelihood: -10634092.91522
377. Current log-likelihood: -10634092.87691
378. Current log-likelihood: -10634092.83662
379. Current log-likelihood: -10634092.79847
380. Current log-likelihood: -10634092.75870
381. Current log-likelihood: -10634092.72101
382. Current log-likelihood: -10634092.68138
383. Current log-likelihood: -10634092.64392
384. Current log-likelihood: -10634092.60479
385. Current log-likelihood: -10634092.56772
386. Current log-likelihood: -10634092.52872
387. Current log-likelihood: -10634092.49191
388. Current log-likelihood: -10634092.45341
389. Current log-likelihood: -10634092.41695
390. Current log-likelihood: -10634092.37863
391. Current log-likelihood: -10634092.34242
392. Current log-likelihood: -10634092.30456
393. Current log-likelihood: -10634092.26870
394. Current log-likelihood: -10634092.23103
395. Current log-likelihood: -10634092.19544
396. Current log-likelihood: -10634092.15811
397. Current log-likelihood: -10634092.12283
398. Current log-likelihood: -10634092.08580
399. Current log-likelihood: -10634092.05073
400. Current log-likelihood: -10634092.01534
401. Current log-likelihood: -10634091.98066
402. Current log-likelihood: -10634091.93556
403. Current log-likelihood: -10634091.89291
404. Current log-likelihood: -10634091.84834
405. Current log-likelihood: -10634091.80626
406. Current log-likelihood: -10634091.76186
407. Current log-likelihood: -10634091.72013
408. Current log-likelihood: -10634091.67636
409. Current log-likelihood: -10634091.63507
410. Current log-likelihood: -10634091.59043
411. Current log-likelihood: -10634091.54955
412. Current log-likelihood: -10634091.50672
413. Current log-likelihood: -10634091.46630
414. Current log-likelihood: -10634091.42381
415. Current log-likelihood: -10634091.38384
416. Current log-likelihood: -10634091.34185
417. Current log-likelihood: -10634091.30228
418. Current log-likelihood: -10634091.26065
419. Current log-likelihood: -10634091.22146
420. Current log-likelihood: -10634091.18039
421. Current log-likelihood: -10634091.14163
422. Current log-likelihood: -10634091.10083
423. Current log-likelihood: -10634091.06252
424. Current log-likelihood: -10634091.02223
425. Current log-likelihood: -10634090.98429
426. Current log-likelihood: -10634090.94436
427. Current log-likelihood: -10634090.90681
428. Current log-likelihood: -10634090.86738
429. Current log-likelihood: -10634090.83029
430. Current log-likelihood: -10634090.79111
431. Current log-likelihood: -10634090.75428
432. Current log-likelihood: -10634090.71570
433. Current log-likelihood: -10634090.67934
434. Current log-likelihood: -10634090.64105
435. Current log-likelihood: -10634090.60503
436. Current log-likelihood: -10634090.56724
437. Current log-likelihood: -10634090.53165
438. Current log-likelihood: -10634090.49414
439. Current log-likelihood: -10634090.45887
440. Current log-likelihood: -10634090.42191
441. Current log-likelihood: -10634090.38700
442. Current log-likelihood: -10634090.35031
443. Current log-likelihood: -10634090.31579
444. Current log-likelihood: -10634090.27958
445. Current log-likelihood: -10634090.24558
446. Current log-likelihood: -10634090.20962
447. Current log-likelihood: -10634090.17592
448. Current log-likelihood: -10634090.14036
449. Current log-likelihood: -10634090.10695
450. Current log-likelihood: -10634090.07174
451. Current log-likelihood: -10634090.03876
452. Current log-likelihood: -10634090.00411
453. Current log-likelihood: -10634089.97135
454. Current log-likelihood: -10634089.93692
455. Current log-likelihood: -10634089.90448
456. Current log-likelihood: -10634089.87057
457. Current log-likelihood: -10634089.83853
458. Current log-likelihood: -10634089.80479
459. Current log-likelihood: -10634089.77311
460. Current log-likelihood: -10634089.73973
461. Current log-likelihood: -10634089.70845
462. Current log-likelihood: -10634089.67420
463. Current log-likelihood: -10634089.64320
464. Current log-likelihood: -10634089.61064
465. Current log-likelihood: -10634089.57986
466. Current log-likelihood: -10634089.54769
467. Current log-likelihood: -10634089.51718
468. Current log-likelihood: -10634089.48547
469. Current log-likelihood: -10634089.45551
470. Current log-likelihood: -10634089.42373
471. Current log-likelihood: -10634089.39402
472. Current log-likelihood: -10634089.36283
473. Current log-likelihood: -10634089.33346
474. Current log-likelihood: -10634089.30260
475. Current log-likelihood: -10634089.27339
476. Current log-likelihood: -10634089.24287
477. Current log-likelihood: -10634089.21401
478. Current log-likelihood: -10634089.18366
479. Current log-likelihood: -10634089.15514
480. Current log-likelihood: -10634089.12646
481. Current log-likelihood: -10634089.09655
482. Current log-likelihood: -10634089.06854
483. Current log-likelihood: -10634089.03896
484. Current log-likelihood: -10634089.01122
485. Current log-likelihood: -10634088.98202
486. Current log-likelihood: -10634088.95455
487. Current log-likelihood: -10634088.92663
488. Current log-likelihood: -10634088.89943
489. Current log-likelihood: -10634088.87228
490. Current log-likelihood: -10634088.84350
491. Current log-likelihood: -10634088.81669
492. Current log-likelihood: -10634088.78849
493. Current log-likelihood: -10634088.76206
494. Current log-likelihood: -10634088.73427
495. Current log-likelihood: -10634088.70814
496. Current log-likelihood: -10634088.68158
497. Current log-likelihood: -10634088.65544
498. Current log-likelihood: -10634088.62955
499. Current log-likelihood: -10634088.60212
500. Current log-likelihood: -10634088.57649
501. Current log-likelihood: -10634088.55092
502. Current log-likelihood: -10634088.52074
503. Current log-likelihood: -10634088.48841
504. Current log-likelihood: -10634088.45853
505. Current log-likelihood: -10634088.42913
506. Current log-likelihood: -10634088.39764
507. Current log-likelihood: -10634088.36870
508. Current log-likelihood: -10634088.33778
509. Current log-likelihood: -10634088.30920
510. Current log-likelihood: -10634088.27855
511. Current log-likelihood: -10634088.25020
512. Current log-likelihood: -10634088.22043
513. Current log-likelihood: -10634088.19238
514. Current log-likelihood: -10634088.16270
515. Current log-likelihood: -10634088.13498
516. Current log-likelihood: -10634088.10588
517. Current log-likelihood: -10634088.07868
518. Current log-likelihood: -10634088.04843
519. Current log-likelihood: -10634088.02154
520. Current log-likelihood: -10634087.99318
521. Current log-likelihood: -10634087.96648
522. Current log-likelihood: -10634087.93837
523. Current log-likelihood: -10634087.91201
524. Current log-likelihood: -10634087.88418
525. Current log-likelihood: -10634087.85829
526. Current log-likelihood: -10634087.83067
527. Current log-likelihood: -10634087.80504
528. Current log-likelihood: -10634087.77764
529. Current log-likelihood: -10634087.75222
530. Current log-likelihood: -10634087.72545
531. Current log-likelihood: -10634087.70049
532. Current log-likelihood: -10634087.67403
533. Current log-likelihood: -10634087.64938
534. Current log-likelihood: -10634087.62332
535. Current log-likelihood: -10634087.59875
536. Current log-likelihood: -10634087.57394
537. Current log-likelihood: -10634087.55002
538. Current log-likelihood: -10634087.52406
539. Current log-likelihood: -10634087.50027
540. Current log-likelihood: -10634087.47646
541. Current log-likelihood: -10634087.45102
542. Current log-likelihood: -10634087.42740
543. Current log-likelihood: -10634087.40427
544. Current log-likelihood: -10634087.37952
545. Current log-likelihood: -10634087.35662
546. Current log-likelihood: -10634087.33326
547. Current log-likelihood: -10634087.31057
548. Current log-likelihood: -10634087.28794
549. Current log-likelihood: -10634087.26379
550. Current log-likelihood: -10634087.24150
551. Current log-likelihood: -10634087.21883
552. Current log-likelihood: -10634087.19698
553. Current log-likelihood: -10634087.17329
554. Current log-likelihood: -10634087.15137
555. Current log-likelihood: -10634087.12990
556. Current log-likelihood: -10634087.10559
557. Current log-likelihood: -10634087.08427
558. Current log-likelihood: -10634087.06250
559. Current log-likelihood: -10634087.04137
560. Current log-likelihood: -10634087.02034
561. Current log-likelihood: -10634086.99801
562. Current log-likelihood: -10634086.97733
563. Current log-likelihood: -10634086.95662
564. Current log-likelihood: -10634086.93608
565. Current log-likelihood: -10634086.91552
566. Current log-likelihood: -10634086.89522
567. Current log-likelihood: -10634086.87506
568. Current log-likelihood: -10634086.85357
569. Current log-likelihood: -10634086.83384
570. Current log-likelihood: -10634086.81357
571. Current log-likelihood: -10634086.79409
572. Current log-likelihood: -10634086.77445
573. Current log-likelihood: -10634086.75366
574. Current log-likelihood: -10634086.73452
575. Current log-likelihood: -10634086.71516
576. Current log-likelihood: -10634086.69605
577. Current log-likelihood: -10634086.67709
578. Current log-likelihood: -10634086.65824
579. Current log-likelihood: -10634086.63699
580. Current log-likelihood: -10634086.61854
581. Current log-likelihood: -10634086.59965
582. Current log-likelihood: -10634086.58128
583. Current log-likelihood: -10634086.56304
584. Current log-likelihood: -10634086.54449
585. Current log-likelihood: -10634086.52661
586. Current log-likelihood: -10634086.50857
587. Current log-likelihood: -10634086.49035
588. Current log-likelihood: -10634086.47279
589. Current log-likelihood: -10634086.45525
590. Current log-likelihood: -10634086.43621
591. Current log-likelihood: -10634086.41894
592. Current log-likelihood: -10634086.40164
593. Current log-likelihood: -10634086.38428
594. Current log-likelihood: -10634086.36716
595. Current log-likelihood: -10634086.35015
596. Current log-likelihood: -10634086.33327
597. Current log-likelihood: -10634086.31625
598. Current log-likelihood: -10634086.29954
599. Current log-likelihood: -10634086.28294
600. Current log-likelihood: -10634086.26644
601. Current log-likelihood: -10634086.24989
602. Current log-likelihood: -10634086.23105
603. Current log-likelihood: -10634086.21237
604. Current log-likelihood: -10634086.19223
605. Current log-likelihood: -10634086.17397
606. Current log-likelihood: -10634086.15522
607. Current log-likelihood: -10634086.13725
608. Current log-likelihood: -10634086.11736
609. Current log-likelihood: -10634086.09934
610. Current log-likelihood: -10634086.08171
611. Current log-likelihood: -10634086.06263
612. Current log-likelihood: -10634086.04519
613. Current log-likelihood: -10634086.02739
614. Current log-likelihood: -10634086.01030
615. Current log-likelihood: -10634085.99169
616. Current log-likelihood: -10634085.97469
617. Current log-likelihood: -10634085.95773
618. Current log-likelihood: -10634085.94070
619. Current log-likelihood: -10634085.92357
620. Current log-likelihood: -10634085.90712
621. Current log-likelihood: -10634085.89066
622. Current log-likelihood: -10634085.87283
623. Current log-likelihood: -10634085.85670
624. Current log-likelihood: -10634085.84050
625. Current log-likelihood: -10634085.82443
626. Current log-likelihood: -10634085.80831
627. Current log-likelihood: -10634085.79244
628. Current log-likelihood: -10634085.77671
629. Current log-likelihood: -10634085.76108
630. Current log-likelihood: -10634085.74540
631. Current log-likelihood: -10634085.72997
632. Current log-likelihood: -10634085.71466
633. Current log-likelihood: -10634085.69946
634. Current log-likelihood: -10634085.68420
635. Current log-likelihood: -10634085.66912
636. Current log-likelihood: -10634085.65422
637. Current log-likelihood: -10634085.63942
638. Current log-likelihood: -10634085.62456
639. Current log-likelihood: -10634085.60994
640. Current log-likelihood: -10634085.59543
641. Current log-likelihood: -10634085.58102
642. Current log-likelihood: -10634085.56664
643. Current log-likelihood: -10634085.55240
644. Current log-likelihood: -10634085.53826
645. Current log-likelihood: -10634085.52424
646. Current log-likelihood: -10634085.51016
647. Current log-likelihood: -10634085.49630
648. Current log-likelihood: -10634085.48255
649. Current log-likelihood: -10634085.46890
650. Current log-likelihood: -10634085.45526
651. Current log-likelihood: -10634085.44170
652. Current log-likelihood: -10634085.42830
653. Current log-likelihood: -10634085.41501
654. Current log-likelihood: -10634085.40166
655. Current log-likelihood: -10634085.38852
656. Current log-likelihood: -10634085.37548
657. Current log-likelihood: -10634085.36254
658. Current log-likelihood: -10634085.34756
659. Current log-likelihood: -10634085.33484
660. Current log-likelihood: -10634085.32185
661. Current log-likelihood: -10634085.30939
662. Current log-likelihood: -10634085.29691
663. Current log-likelihood: -10634085.28439
664. Current log-likelihood: -10634085.27203
665. Current log-likelihood: -10634085.25975
666. Current log-likelihood: -10634085.24758
667. Current log-likelihood: -10634085.23549
668. Current log-likelihood: -10634085.22338
669. Current log-likelihood: -10634085.21142
670. Current log-likelihood: -10634085.19956
671. Current log-likelihood: -10634085.18778
672. Current log-likelihood: -10634085.17610
673. Current log-likelihood: -10634085.16437
674. Current log-likelihood: -10634085.15281
675. Current log-likelihood: -10634085.14133
676. Current log-likelihood: -10634085.12994
677. Current log-likelihood: -10634085.11863
678. Current log-likelihood: -10634085.10728
679. Current log-likelihood: -10634085.09604
680. Current log-likelihood: -10634085.08493
681. Current log-likelihood: -10634085.07391
682. Current log-likelihood: -10634085.06297
683. Current log-likelihood: -10634085.05199
684. Current log-likelihood: -10634085.04116
685. Current log-likelihood: -10634085.03041
686. Current log-likelihood: -10634085.01975
687. Current log-likelihood: -10634085.00916
688. Current log-likelihood: -10634084.99853
689. Current log-likelihood: -10634084.98805
690. Current log-likelihood: -10634084.97772
691. Current log-likelihood: -10634084.96740
692. Current log-likelihood: -10634084.95714
693. Current log-likelihood: -10634084.94686
694. Current log-likelihood: -10634084.93672
695. Current log-likelihood: -10634084.92665
696. Current log-likelihood: -10634084.91666
697. Current log-likelihood: -10634084.90681
698. Current log-likelihood: -10634084.89679
699. Current log-likelihood: -10634084.88705
700. Current log-likelihood: -10634084.87730
701. Current log-likelihood: -10634084.86770
702. Current log-likelihood: -10634084.85683
703. Current log-likelihood: -10634084.84583
704. Current log-likelihood: -10634084.83509
705. Current log-likelihood: -10634084.82443
706. Current log-likelihood: -10634084.81387
707. Current log-likelihood: -10634084.80345
708. Current log-likelihood: -10634084.79287
709. Current log-likelihood: -10634084.78251
710. Current log-likelihood: -10634084.77225
711. Current log-likelihood: -10634084.76206
712. Current log-likelihood: -10634084.75195
713. Current log-likelihood: -10634084.74182
714. Current log-likelihood: -10634084.73184
715. Current log-likelihood: -10634084.72193
716. Current log-likelihood: -10634084.71211
717. Current log-likelihood: -10634084.70245
718. Current log-likelihood: -10634084.69267
719. Current log-likelihood: -10634084.68304
720. Current log-likelihood: -10634084.67349
721. Current log-likelihood: -10634084.66403
722. Current log-likelihood: -10634084.65470
723. Current log-likelihood: -10634084.64521
724. Current log-likelihood: -10634084.63593
725. Current log-likelihood: -10634084.62680
726. Current log-likelihood: -10634084.61774
727. Current log-likelihood: -10634084.60866
728. Current log-likelihood: -10634084.59959
729. Current log-likelihood: -10634084.59057
730. Current log-likelihood: -10634084.58169
731. Current log-likelihood: -10634084.57288
732. Current log-likelihood: -10634084.56428
733. Current log-likelihood: -10634084.55560
734. Current log-likelihood: -10634084.54688
735. Current log-likelihood: -10634084.53830
736. Current log-likelihood: -10634084.52979
737. Current log-likelihood: -10634084.52143
738. Current log-likelihood: -10634084.51313
739. Current log-likelihood: -10634084.50466
740. Current log-likelihood: -10634084.49639
741. Current log-likelihood: -10634084.48825
742. Current log-likelihood: -10634084.48017
743. Current log-likelihood: -10634084.47209
744. Current log-likelihood: -10634084.46408
745. Current log-likelihood: -10634084.45601
746. Current log-likelihood: -10634084.44809
747. Current log-likelihood: -10634084.44031
748. Current log-likelihood: -10634084.43258
749. Current log-likelihood: -10634084.42483
750. Current log-likelihood: -10634084.41715
751. Current log-likelihood: -10634084.40949
752. Current log-likelihood: -10634084.40190
753. Current log-likelihood: -10634084.39437
754. Current log-likelihood: -10634084.38697
755. Current log-likelihood: -10634084.37962
756. Current log-likelihood: -10634084.37226
757. Current log-likelihood: -10634084.36485
758. Current log-likelihood: -10634084.35758
759. Current log-likelihood: -10634084.35037
760. Current log-likelihood: -10634084.34326
761. Current log-likelihood: -10634084.33615
762. Current log-likelihood: -10634084.32917
763. Current log-likelihood: -10634084.32200
764. Current log-likelihood: -10634084.31509
765. Current log-likelihood: -10634084.30824
766. Current log-likelihood: -10634084.30137
767. Current log-likelihood: -10634084.29463
768. Current log-likelihood: -10634084.28792
769. Current log-likelihood: -10634084.28121
770. Current log-likelihood: -10634084.27443
771. Current log-likelihood: -10634084.26786
772. Current log-likelihood: -10634084.26127
773. Current log-likelihood: -10634084.25480
774. Current log-likelihood: -10634084.24838
775. Current log-likelihood: -10634084.24201
776. Current log-likelihood: -10634084.23545
777. Current log-likelihood: -10634084.22915
778. Current log-likelihood: -10634084.22290
779. Current log-likelihood: -10634084.21663
780. Current log-likelihood: -10634084.21054
781. Current log-likelihood: -10634084.20435
782. Current log-likelihood: -10634084.19823
783. Current log-likelihood: -10634084.19210
784. Current log-likelihood: -10634084.18553
785. Current log-likelihood: -10634084.17957
786. Current log-likelihood: -10634084.17365
787. Current log-likelihood: -10634084.16773
788. Current log-likelihood: -10634084.16184
789. Current log-likelihood: -10634084.15606
790. Current log-likelihood: -10634084.15015
791. Current log-likelihood: -10634084.14437
792. Current log-likelihood: -10634084.13876
793. Current log-likelihood: -10634084.13306
794. Current log-likelihood: -10634084.12747
795. Current log-likelihood: -10634084.12198
796. Current log-likelihood: -10634084.11646
797. Current log-likelihood: -10634084.11083
798. Current log-likelihood: -10634084.10538
799. Current log-likelihood: -10634084.09863
800. Current log-likelihood: -10634084.09332
801. Current log-likelihood: -10634084.08797
802. Current log-likelihood: -10634084.08207
803. Current log-likelihood: -10634084.07628
804. Current log-likelihood: -10634084.07024
805. Current log-likelihood: -10634084.06447
806. Current log-likelihood: -10634084.05874
807. Current log-likelihood: -10634084.05299
808. Current log-likelihood: -10634084.04737
809. Current log-likelihood: -10634084.04178
810. Current log-likelihood: -10634084.03624
811. Current log-likelihood: -10634084.03052
812. Current log-likelihood: -10634084.02505
813. Current log-likelihood: -10634084.01963
814. Current log-likelihood: -10634084.01425
815. Current log-likelihood: -10634084.00892
816. Current log-likelihood: -10634084.00356
817. Current log-likelihood: -10634083.99838
818. Current log-likelihood: -10634083.99300
819. Current log-likelihood: -10634083.98780
820. Current log-likelihood: -10634083.98265
821. Current log-likelihood: -10634083.97749
822. Current log-likelihood: -10634083.97249
823. Current log-likelihood: -10634083.96741
824. Current log-likelihood: -10634083.96248
825. Current log-likelihood: -10634083.95754
826. Current log-likelihood: -10634083.95246
827. Current log-likelihood: -10634083.94758
828. Current log-likelihood: -10634083.94274
829. Current log-likelihood: -10634083.93785
830. Current log-likelihood: -10634083.93315
831. Current log-likelihood: -10634083.92836
832. Current log-likelihood: -10634083.92367
833. Current log-likelihood: -10634083.91893
834. Current log-likelihood: -10634083.91427
835. Current log-likelihood: -10634083.90967
836. Current log-likelihood: -10634083.90511
837. Current log-likelihood: -10634083.90058
838. Current log-likelihood: -10634083.89615
839. Current log-likelihood: -10634083.89163
840. Current log-likelihood: -10634083.88728
841. Current log-likelihood: -10634083.88274
842. Current log-likelihood: -10634083.87841
843. Current log-likelihood: -10634083.87413
844. Current log-likelihood: -10634083.86978
845. Current log-likelihood: -10634083.86552
846. Current log-likelihood: -10634083.86134
847. Current log-likelihood: -10634083.85719
848. Current log-likelihood: -10634083.85290
849. Current log-likelihood: -10634083.84868
850. Current log-likelihood: -10634083.84455
851. Current log-likelihood: -10634083.84058
852. Current log-likelihood: -10634083.83641
853. Current log-likelihood: -10634083.83251
854. Current log-likelihood: -10634083.82850
855. Current log-likelihood: -10634083.82456
856. Current log-likelihood: -10634083.82063
857. Current log-likelihood: -10634083.81680
858. Current log-likelihood: -10634083.81281
859. Current log-likelihood: -10634083.80885
860. Current log-likelihood: -10634083.80513
861. Current log-likelihood: -10634083.80128
862. Current log-likelihood: -10634083.79757
863. Current log-likelihood: -10634083.79385
864. Current log-likelihood: -10634083.79018
865. Current log-likelihood: -10634083.78647
866. Current log-likelihood: -10634083.78292
867. Current log-likelihood: -10634083.77914
868. Current log-likelihood: -10634083.77551
869. Current log-likelihood: -10634083.77201
870. Current log-likelihood: -10634083.76843
871. Current log-likelihood: -10634083.76492
872. Current log-likelihood: -10634083.76146
873. Current log-likelihood: -10634083.75800
874. Current log-likelihood: -10634083.75455
875. Current log-likelihood: -10634083.75120
876. Current log-likelihood: -10634083.74769
877. Current log-likelihood: -10634083.74427
878. Current log-likelihood: -10634083.74101
879. Current log-likelihood: -10634083.73763
880. Current log-likelihood: -10634083.73437
881. Current log-likelihood: -10634083.73111
882. Current log-likelihood: -10634083.72789
883. Current log-likelihood: -10634083.72470
884. Current log-likelihood: -10634083.72152
885. Current log-likelihood: -10634083.71836
886. Current log-likelihood: -10634083.71508
887. Current log-likelihood: -10634083.71194
888. Current log-likelihood: -10634083.70893
889. Current log-likelihood: -10634083.70578
890. Current log-likelihood: -10634083.70280
891. Current log-likelihood: -10634083.69971
892. Current log-likelihood: -10634083.69677
893. Current log-likelihood: -10634083.69373
894. Current log-likelihood: -10634083.69084
895. Current log-likelihood: -10634083.68784
896. Current log-likelihood: -10634083.68484
897. Current log-likelihood: -10634083.68192
898. Current log-likelihood: -10634083.67906
899. Current log-likelihood: -10634083.67618
900. Current log-likelihood: -10634083.67334
901. Current log-likelihood: -10634083.67053
902. Current log-likelihood: -10634083.66747
903. Current log-likelihood: -10634083.66440
904. Current log-likelihood: -10634083.66139
905. Current log-likelihood: -10634083.65837
906. Current log-likelihood: -10634083.65525
907. Current log-likelihood: -10634083.65226
908. Current log-likelihood: -10634083.64940
909. Current log-likelihood: -10634083.64636
910. Current log-likelihood: -10634083.64359
911. Current log-likelihood: -10634083.64066
912. Current log-likelihood: -10634083.63788
913. Current log-likelihood: -10634083.63499
914. Current log-likelihood: -10634083.63221
915. Current log-likelihood: -10634083.62942
916. Current log-likelihood: -10634083.62657
917. Current log-likelihood: -10634083.62382
918. Current log-likelihood: -10634083.62112
919. Current log-likelihood: -10634083.61841
920. Current log-likelihood: -10634083.61573
921. Current log-likelihood: -10634083.61307
922. Current log-likelihood: -10634083.61045
923. Current log-likelihood: -10634083.60777
924. Current log-likelihood: -10634083.60521
925. Current log-likelihood: -10634083.60261
926. Current log-likelihood: -10634083.60014
927. Current log-likelihood: -10634083.59743
928. Current log-likelihood: -10634083.59491
929. Current log-likelihood: -10634083.59240
930. Current log-likelihood: -10634083.59000
931. Current log-likelihood: -10634083.58753
932. Current log-likelihood: -10634083.58510
933. Current log-likelihood: -10634083.58261
934. Current log-likelihood: -10634083.58028
935. Current log-likelihood: -10634083.57789
936. Current log-likelihood: -10634083.57553
937. Current log-likelihood: -10634083.57317
938. Current log-likelihood: -10634083.57081
939. Current log-likelihood: -10634083.56835
940. Current log-likelihood: -10634083.56619
941. Current log-likelihood: -10634083.56384
942. Current log-likelihood: -10634083.56162
943. Current log-likelihood: -10634083.55939
944. Current log-likelihood: -10634083.55724
945. Current log-likelihood: -10634083.55494
946. Current log-likelihood: -10634083.55283
947. Current log-likelihood: -10634083.55063
948. Current log-likelihood: -10634083.54855
949. Current log-likelihood: -10634083.54633
950. Current log-likelihood: -10634083.54417
951. Current log-likelihood: -10634083.54199
952. Current log-likelihood: -10634083.53988
953. Current log-likelihood: -10634083.53778
954. Current log-likelihood: -10634083.53572
955. Current log-likelihood: -10634083.53365
956. Current log-likelihood: -10634083.53169
957. Current log-likelihood: -10634083.52958
958. Current log-likelihood: -10634083.52772
959. Current log-likelihood: -10634083.52566
960. Current log-likelihood: -10634083.52375
961. Current log-likelihood: -10634083.52179
962. Current log-likelihood: -10634083.51975
963. Current log-likelihood: -10634083.51774
964. Current log-likelihood: -10634083.51594
965. Current log-likelihood: -10634083.51397
966. Current log-likelihood: -10634083.51213
967. Current log-likelihood: -10634083.51026
968. Current log-likelihood: -10634083.50846
969. Current log-likelihood: -10634083.50654
970. Current log-likelihood: -10634083.50477
971. Current log-likelihood: -10634083.50294
972. Current log-likelihood: -10634083.50120
973. Current log-likelihood: -10634083.49934
974. Current log-likelihood: -10634083.49770
975. Current log-likelihood: -10634083.49576
976. Current log-likelihood: -10634083.49400
977. Current log-likelihood: -10634083.49225
978. Current log-likelihood: -10634083.49064
979. Current log-likelihood: -10634083.48879
980. Current log-likelihood: -10634083.48720
981. Current log-likelihood: -10634083.48552
982. Current log-likelihood: -10634083.48383
983. Current log-likelihood: -10634083.48216
984. Current log-likelihood: -10634083.48063
985. Current log-likelihood: -10634083.47893
986. Current log-likelihood: -10634083.47736
987. Current log-likelihood: -10634083.47574
988. Current log-likelihood: -10634083.47420
989. Current log-likelihood: -10634083.47244
990. Current log-likelihood: -10634083.47091
991. Current log-likelihood: -10634083.46932
992. Current log-likelihood: -10634083.46782
993. Current log-likelihood: -10634083.46626
994. Current log-likelihood: -10634083.46472
995. Current log-likelihood: -10634083.46323
996. Current log-likelihood: -10634083.46180
997. Current log-likelihood: -10634083.46021
998. Current log-likelihood: -10634083.45879
999. Current log-likelihood: -10634083.45736
1000. Current log-likelihood: -10634083.45595
1001. Current log-likelihood: -10634083.45442
1002. Current log-likelihood: -10634083.45297
1003. Current log-likelihood: -10634083.45142
1004. Current log-likelihood: -10634083.44975
1005. Current log-likelihood: -10634083.44813
1006. Current log-likelihood: -10634083.44671
1007. Current log-likelihood: -10634083.44513
1008. Current log-likelihood: -10634083.44368
1009. Current log-likelihood: -10634083.44218
1010. Current log-likelihood: -10634083.44075
1011. Current log-likelihood: -10634083.43922
1012. Current log-likelihood: -10634083.43787
1013. Current log-likelihood: -10634083.43641
1014. Current log-likelihood: -10634083.43504
1015. Current log-likelihood: -10634083.43360
1016. Current log-likelihood: -10634083.43220
1017. Current log-likelihood: -10634083.43085
1018. Current log-likelihood: -10634083.42937
1019. Current log-likelihood: -10634083.42796
1020. Current log-likelihood: -10634083.42663
1021. Current log-likelihood: -10634083.42527
1022. Current log-likelihood: -10634083.42397
1023. Current log-likelihood: -10634083.42257
1024. Current log-likelihood: -10634083.42134
1025. Current log-likelihood: -10634083.42003
1026. Current log-likelihood: -10634083.41871
1027. Current log-likelihood: -10634083.41746
1028. Current log-likelihood: -10634083.41623
1029. Current log-likelihood: -10634083.41495
1030. Current log-likelihood: -10634083.41388
1031. Current log-likelihood: -10634083.41267
1032. Current log-likelihood: -10634083.41221
Final estimation on weights:
0.95112,0.03789,0.01099
Wrote distance file to... 
BEST SCORE FOUND : -10634083.41221
Total tree lengths: 0.26823 0.01915 0.00202

Total number of iterations: 1030
CPU time used for tree search: 0.00004 sec (0h:0m:0s)
Wall-clock time used for tree search: 0.00003 sec (0h:0m:0s)
Total CPU time used: 34707.67574 sec (9h:38m:27s)
Total wall-clock time used: 1213.56241 sec (0h:20m:13s)

Analysis results written to: 
  IQ-TREE report:                mast_all_occ80_JU3237_quartet_07.submodel1.iqtree
  Maximum-likelihood tree:       mast_all_occ80_JU3237_quartet_07.submodel1.treefile
  Screen log file:               mast_all_occ80_JU3237_quartet_07.submodel1.log

Date and Time: Wed Jul  8 23:41:11 2026
