IQ-TREE version 3.0.1 for Linux x86 64-bit built Jul  9 2025
Developed by Bui Quang Minh, Thomas Wong, Nhan Ly-Trong, Huaiyan Ren
Contributed by Lam-Tung Nguyen, Dominik Schrempf, Chris Bielow,
Olga Chernomor, Michael Woodhams, Diep Thi Hoang, Heiko Schmidt

Host:    c591 (AVX512, FMA3, 188 GB RAM)
Command: iqtree3 -s /vast/eande106/projects/Nicolas/github/CB_PopGen_HDR_MS/processed_data/tree_topology/mast/mast_hdr/occ80_JU3237_quartet_06_supermatrix.clean.fas -m LG+FO+G+T -te /vast/eande106/projects/Nicolas/github/CB_PopGen_HDR_MS/processed_data/tree_topology/mast/quartet_topologies/quartet_06_JU1420_JU3237_topologies.tre --prefix mast_hdr_occ80_JU3237_quartet_06.submodel6 -T 48
Seed:    130286 (Using SPRNG - Scalable Parallel Random Number Generator)
Time:    Thu Jul  9 00:18:53 2026
Kernel:  AVX+FMA - 48 threads (48 CPU cores detected)

Reading alignment file /vast/eande106/projects/Nicolas/github/CB_PopGen_HDR_MS/processed_data/tree_topology/mast/mast_hdr/occ80_JU3237_quartet_06_supermatrix.clean.fas ... Fasta format detected
Reading fasta file: done in 0.0432345 secs using 11.29% CPU
Alignment most likely contains protein sequences
Constructing alignment: done in 0.161005 secs using 122.9% CPU
Alignment has 4 sequences with 147294 columns, 4185 distinct patterns
1200 parsimony-informative, 26971 singleton sites, 119123 constant sites
        Gap/Ambiguity  Composition  p-value
Analyzing sequences: done in 0.000103641 secs using 76.22% CPU
   1  PX506     3.78%    passed     97.77%
   2  JU3237    3.13%    passed    100.00%
   3  QX1410    3.03%    passed    100.00%
   4  JU1420    3.38%    passed    100.00%
****  TOTAL     3.33%  0 sequences failed composition chi2 test (p-value<5%; df=19)
Number of input trees: 3
Minimum branch length is set to 0.0000010
Checking for duplicate sequences: done in 0.000168924 secs using 82.29% CPU

NOTE: 31 MB RAM (0 GB) is required!
According to the parsimony scores along the sites, the tree weights are initialized to:
0.9175000,0.0383333,0.0441667
Estimate model parameters (epsilon = 0.00100)
1. Initial log-likelihood: -598001.53667
2. Current log-likelihood: -597176.87763
3. Current log-likelihood: -597111.20658
4. Current log-likelihood: -597060.91719
5. Current log-likelihood: -597059.86781
6. Current log-likelihood: -597059.66581
7. Current log-likelihood: -597059.49520
8. Current log-likelihood: -597059.32161
9. Current log-likelihood: -597059.15141
10. Current log-likelihood: -597058.98151
11. Current log-likelihood: -597058.80511
12. Current log-likelihood: -597058.63727
13. Current log-likelihood: -597058.46537
14. Current log-likelihood: -597058.29673
15. Current log-likelihood: -597058.12828
16. Current log-likelihood: -597057.96175
17. Current log-likelihood: -597057.79637
18. Current log-likelihood: -597057.62832
19. Current log-likelihood: -597057.46208
20. Current log-likelihood: -597057.29653
21. Current log-likelihood: -597057.12912
22. Current log-likelihood: -597056.96474
23. Current log-likelihood: -597056.80108
24. Current log-likelihood: -597056.49206
25. Current log-likelihood: -597053.77166
26. Current log-likelihood: -597031.16526
27. Current log-likelihood: -597030.13866
28. Current log-likelihood: -597029.53612
29. Current log-likelihood: -597028.93788
30. Current log-likelihood: -597028.34413
31. Current log-likelihood: -597027.75417
32. Current log-likelihood: -597027.17030
33. Current log-likelihood: -597026.59127
34. Current log-likelihood: -597026.01773
35. Current log-likelihood: -597025.45000
36. Current log-likelihood: -597024.88840
37. Current log-likelihood: -597024.33459
38. Current log-likelihood: -597023.78538
39. Current log-likelihood: -597023.24392
40. Current log-likelihood: -597022.71110
41. Current log-likelihood: -597022.18370
42. Current log-likelihood: -597021.66369
43. Current log-likelihood: -597021.15411
44. Current log-likelihood: -597020.65032
45. Current log-likelihood: -597020.15552
46. Current log-likelihood: -597019.67062
47. Current log-likelihood: -597019.19237
48. Current log-likelihood: -597018.72488
49. Current log-likelihood: -597018.26316
50. Current log-likelihood: -597017.81336
51. Current log-likelihood: -597017.37027
52. Current log-likelihood: -597016.93816
53. Current log-likelihood: -597016.51318
54. Current log-likelihood: -597016.09917
55. Current log-likelihood: -597015.69110
56. Current log-likelihood: -597015.29489
57. Current log-likelihood: -597014.90673
58. Current log-likelihood: -597014.52610
59. Current log-likelihood: -597014.15611
60. Current log-likelihood: -597013.79312
61. Current log-likelihood: -597013.43958
62. Current log-likelihood: -597013.09391
63. Current log-likelihood: -597012.75463
64. Current log-likelihood: -597012.42300
65. Current log-likelihood: -597012.09787
66. Current log-likelihood: -597011.77346
67. Current log-likelihood: -597011.31782
68. Current log-likelihood: -597010.92468
69. Current log-likelihood: -597010.53238
70. Current log-likelihood: -597010.13820
71. Current log-likelihood: -597009.74360
72. Current log-likelihood: -597009.34750
73. Current log-likelihood: -597008.95706
74. Current log-likelihood: -597008.57149
75. Current log-likelihood: -597008.19402
76. Current log-likelihood: -597007.82750
77. Current log-likelihood: -597007.47445
78. Current log-likelihood: -597007.13357
79. Current log-likelihood: -597006.80489
80. Current log-likelihood: -597006.48956
81. Current log-likelihood: -597006.18797
82. Current log-likelihood: -597005.89792
83. Current log-likelihood: -597005.62212
84. Current log-likelihood: -597005.35790
85. Current log-likelihood: -597005.10519
86. Current log-likelihood: -597004.86055
87. Current log-likelihood: -597004.63072
88. Current log-likelihood: -597004.41172
89. Current log-likelihood: -597004.20342
90. Current log-likelihood: -597004.00249
91. Current log-likelihood: -597003.81519
92. Current log-likelihood: -597003.63723
93. Current log-likelihood: -597003.46863
94. Current log-likelihood: -597003.30743
95. Current log-likelihood: -597003.15574
96. Current log-likelihood: -597003.01222
97. Current log-likelihood: -597002.87669
98. Current log-likelihood: -597002.74750
99. Current log-likelihood: -597002.62620
100. Current log-likelihood: -597002.51173
101. Current log-likelihood: -597002.40386
102. Current log-likelihood: -597002.24211
103. Current log-likelihood: -597002.07587
104. Current log-likelihood: -597001.92744
105. Current log-likelihood: -597001.79407
106. Current log-likelihood: -597001.67270
107. Current log-likelihood: -597001.56431
108. Current log-likelihood: -597001.46683
109. Current log-likelihood: -597001.37814
110. Current log-likelihood: -597001.29851
111. Current log-likelihood: -597001.22661
112. Current log-likelihood: -597001.16167
113. Current log-likelihood: -597001.10196
114. Current log-likelihood: -597001.04805
115. Current log-likelihood: -597000.99897
116. Current log-likelihood: -597000.95498
117. Current log-likelihood: -597000.91448
118. Current log-likelihood: -597000.87675
119. Current log-likelihood: -597000.84226
120. Current log-likelihood: -597000.81045
121. Current log-likelihood: -597000.78111
122. Current log-likelihood: -597000.75399
123. Current log-likelihood: -597000.72885
124. Current log-likelihood: -597000.70551
125. Current log-likelihood: -597000.68378
126. Current log-likelihood: -597000.66354
127. Current log-likelihood: -597000.64422
128. Current log-likelihood: -597000.62634
129. Current log-likelihood: -597000.60957
130. Current log-likelihood: -597000.59387
131. Current log-likelihood: -597000.57914
132. Current log-likelihood: -597000.56530
133. Current log-likelihood: -597000.55229
134. Current log-likelihood: -597000.54004
135. Current log-likelihood: -597000.52850
136. Current log-likelihood: -597000.51762
137. Current log-likelihood: -597000.50736
138. Current log-likelihood: -597000.49767
139. Current log-likelihood: -597000.48852
140. Current log-likelihood: -597000.47987
141. Current log-likelihood: -597000.47170
142. Current log-likelihood: -597000.46398
143. Current log-likelihood: -597000.45667
144. Current log-likelihood: -597000.45108
145. Current log-likelihood: -597000.44404
146. Current log-likelihood: -597000.43901
147. Current log-likelihood: -597000.43265
148. Current log-likelihood: -597000.42813
149. Current log-likelihood: -597000.42239
150. Current log-likelihood: -597000.41832
151. Current log-likelihood: -597000.41431
152. Current log-likelihood: -597000.40925
153. Current log-likelihood: -597000.40576
154. Current log-likelihood: -597000.40232
155. Current log-likelihood: -597000.39900
156. Current log-likelihood: -597000.39582
157. Current log-likelihood: -597000.39279
158. Current log-likelihood: -597000.38990
159. Current log-likelihood: -597000.38714
160. Current log-likelihood: -597000.38451
161. Current log-likelihood: -597000.38199
162. Current log-likelihood: -597000.37960
163. Current log-likelihood: -597000.37731
164. Current log-likelihood: -597000.37513
165. Current log-likelihood: -597000.37304
166. Current log-likelihood: -597000.37105
167. Current log-likelihood: -597000.36915
168. Current log-likelihood: -597000.36734
169. Current log-likelihood: -597000.36561
170. Current log-likelihood: -597000.36395
171. Current log-likelihood: -597000.36237
172. Current log-likelihood: -597000.36086
173. Current log-likelihood: -597000.35941
174. Current log-likelihood: -597000.35803
175. Current log-likelihood: -597000.35671
176. Current log-likelihood: -597000.35544
177. Current log-likelihood: -597000.35424
178. Current log-likelihood: -597000.35308
179. Current log-likelihood: -597000.35198
180. Current log-likelihood: -597000.35092
181. Current log-likelihood: -597000.34991
182. Current log-likelihood: -597000.34894
Final estimation on weights:
0.95386,0.02239,0.02375
Wrote distance file to... 
BEST SCORE FOUND : -597000.34894
Total tree lengths: 0.31254 0.69963 0.87005

Total number of iterations: 180
CPU time used for tree search: 0.00002 sec (0h:0m:0s)
Wall-clock time used for tree search: 0.00001 sec (0h:0m:0s)
Total CPU time used: 48606.05315 sec (13h:30m:6s)
Total wall-clock time used: 1514.17452 sec (0h:25m:14s)

Analysis results written to: 
  IQ-TREE report:                mast_hdr_occ80_JU3237_quartet_06.submodel6.iqtree
  Maximum-likelihood tree:       mast_hdr_occ80_JU3237_quartet_06.submodel6.treefile
  Screen log file:               mast_hdr_occ80_JU3237_quartet_06.submodel6.log

Date and Time: Thu Jul  9 00:44:07 2026
