IQ-TREE version 3.0.1 for Linux x86 64-bit built Jul  9 2025
Developed by Bui Quang Minh, Thomas Wong, Nhan Ly-Trong, Huaiyan Ren
Contributed by Lam-Tung Nguyen, Dominik Schrempf, Chris Bielow,
Olga Chernomor, Michael Woodhams, Diep Thi Hoang, Heiko Schmidt

Host:    c018 (AVX512, FMA3, 188 GB RAM)
Command: iqtree3 -s /vast/eande106/projects/Nicolas/github/CB_PopGen_HDR_MS/processed_data/tree_topology/mast/mast_hdr/occ80_QG4232_quartet_05_supermatrix.clean.fas -m LG+FO+G+T -te /vast/eande106/projects/Nicolas/github/CB_PopGen_HDR_MS/processed_data/tree_topology/mast/quartet_topologies/quartet_05_JU1419_QG4232_topologies.tre --prefix mast_hdr_occ80_QG4232_quartet_05.submodel6 -T 48
Seed:    923113 (Using SPRNG - Scalable Parallel Random Number Generator)
Time:    Thu Jul  9 00:26:31 2026
Kernel:  AVX+FMA - 48 threads (48 CPU cores detected)

Reading alignment file /vast/eande106/projects/Nicolas/github/CB_PopGen_HDR_MS/processed_data/tree_topology/mast/mast_hdr/occ80_QG4232_quartet_05_supermatrix.clean.fas ... Fasta format detected
Reading fasta file: done in 0.0351413 secs using 16.19% CPU
Alignment most likely contains protein sequences
Constructing alignment: done in 0.183576 secs using 126.9% CPU
Alignment has 4 sequences with 166492 columns, 4096 distinct patterns
1189 parsimony-informative, 28618 singleton sites, 136685 constant sites
        Gap/Ambiguity  Composition  p-value
Analyzing sequences: done in 9.04556e-05 secs
   1  PX506     6.43%    passed     18.11%
   2  JU1419    4.19%    passed     99.90%
   3  QX1410    2.52%    passed     99.97%
   4  QG4232    2.90%    passed     87.07%
****  TOTAL     4.01%  0 sequences failed composition chi2 test (p-value<5%; df=19)
Number of input trees: 3
Minimum branch length is set to 0.0000010
Checking for duplicate sequences: done in 0.000148167 secs using 2330% CPU

NOTE: 30 MB RAM (0 GB) is required!
According to the parsimony scores along the sites, the tree weights are initialized to:
0.9083263,0.0269134,0.0647603
Estimate model parameters (epsilon = 0.00100)
1. Initial log-likelihood: -668817.38662
2. Current log-likelihood: -667937.60833
3. Current log-likelihood: -667504.82055
4. Current log-likelihood: -667484.58298
5. Current log-likelihood: -667469.55440
6. Current log-likelihood: -667454.98933
7. Current log-likelihood: -667441.04014
8. Current log-likelihood: -667427.92335
9. Current log-likelihood: -667415.89194
10. Current log-likelihood: -667404.74258
11. Current log-likelihood: -667394.62941
12. Current log-likelihood: -667385.55594
13. Current log-likelihood: -667377.49074
14. Current log-likelihood: -667370.38345
15. Current log-likelihood: -667364.17082
16. Current log-likelihood: -667357.67163
17. Current log-likelihood: -667352.60268
18. Current log-likelihood: -667348.23110
19. Current log-likelihood: -667344.48739
20. Current log-likelihood: -667341.27635
21. Current log-likelihood: -667338.53068
22. Current log-likelihood: -667336.18591
23. Current log-likelihood: -667334.18809
24. Current log-likelihood: -667332.48678
25. Current log-likelihood: -667331.03854
26. Current log-likelihood: -667329.80507
27. Current log-likelihood: -667328.75070
28. Current log-likelihood: -667327.85224
29. Current log-likelihood: -667312.31003
30. Current log-likelihood: -667308.53199
31. Current log-likelihood: -667305.01531
32. Current log-likelihood: -667301.74339
33. Current log-likelihood: -667298.70528
34. Current log-likelihood: -667295.88245
35. Current log-likelihood: -667293.26679
36. Current log-likelihood: -667290.82134
37. Current log-likelihood: -667288.56254
38. Current log-likelihood: -667286.44572
39. Current log-likelihood: -667284.44010
40. Current log-likelihood: -667282.54225
41. Current log-likelihood: -667280.72708
42. Current log-likelihood: -667278.98577
43. Current log-likelihood: -667277.24590
44. Current log-likelihood: -667275.48901
45. Current log-likelihood: -667273.64988
46. Current log-likelihood: -667271.61403
47. Current log-likelihood: -667269.19691
48. Current log-likelihood: -667265.91765
49. Current log-likelihood: -667261.33215
50. Current log-likelihood: -667255.86234
51. Current log-likelihood: -667250.45757
52. Current log-likelihood: -667246.57413
53. Current log-likelihood: -667244.39823
54. Current log-likelihood: -667243.08045
55. Current log-likelihood: -667242.28560
56. Current log-likelihood: -667241.76889
57. Current log-likelihood: -667241.42205
58. Current log-likelihood: -667241.17376
59. Current log-likelihood: -667240.98186
60. Current log-likelihood: -667240.82089
61. Current log-likelihood: -667240.67923
62. Current log-likelihood: -667240.54669
63. Current log-likelihood: -667240.42359
64. Current log-likelihood: -667240.30347
65. Current log-likelihood: -667240.18228
66. Current log-likelihood: -667240.06486
67. Current log-likelihood: -667239.94726
68. Current log-likelihood: -667239.82969
69. Current log-likelihood: -667239.71215
70. Current log-likelihood: -667239.59435
71. Current log-likelihood: -667239.47631
72. Current log-likelihood: -667239.35802
73. Current log-likelihood: -667239.23951
74. Current log-likelihood: -667239.12079
75. Current log-likelihood: -667239.00194
76. Current log-likelihood: -667238.88282
77. Current log-likelihood: -667238.76362
78. Current log-likelihood: -667238.64422
79. Current log-likelihood: -667238.52479
80. Current log-likelihood: -667238.40527
81. Current log-likelihood: -667238.28571
82. Current log-likelihood: -667238.16607
83. Current log-likelihood: -667238.04653
84. Current log-likelihood: -667237.92702
85. Current log-likelihood: -667237.80759
86. Current log-likelihood: -667237.68830
87. Current log-likelihood: -667237.56908
88. Current log-likelihood: -667237.45013
89. Current log-likelihood: -667237.33140
90. Current log-likelihood: -667237.21294
91. Current log-likelihood: -667237.09477
92. Current log-likelihood: -667236.97695
93. Current log-likelihood: -667236.85953
94. Current log-likelihood: -667236.74252
95. Current log-likelihood: -667236.62598
96. Current log-likelihood: -667236.50996
97. Current log-likelihood: -667236.39442
98. Current log-likelihood: -667236.27955
99. Current log-likelihood: -667236.16531
100. Current log-likelihood: -667236.05174
101. Current log-likelihood: -667235.93890
102. Current log-likelihood: -667235.76854
103. Current log-likelihood: -667235.57244
104. Current log-likelihood: -667235.37940
105. Current log-likelihood: -667235.18945
106. Current log-likelihood: -667235.00492
107. Current log-likelihood: -667234.82314
108. Current log-likelihood: -667234.64503
109. Current log-likelihood: -667234.47080
110. Current log-likelihood: -667234.30063
111. Current log-likelihood: -667234.13470
112. Current log-likelihood: -667233.97315
113. Current log-likelihood: -667233.81610
114. Current log-likelihood: -667233.66370
115. Current log-likelihood: -667233.51603
116. Current log-likelihood: -667233.37423
117. Current log-likelihood: -667233.23687
118. Current log-likelihood: -667233.10425
119. Current log-likelihood: -667232.97642
120. Current log-likelihood: -667232.85334
121. Current log-likelihood: -667232.73500
122. Current log-likelihood: -667232.62137
123. Current log-likelihood: -667232.51236
124. Current log-likelihood: -667232.40792
125. Current log-likelihood: -667232.30793
126. Current log-likelihood: -667232.21232
127. Current log-likelihood: -667232.12092
128. Current log-likelihood: -667232.03367
129. Current log-likelihood: -667231.95037
130. Current log-likelihood: -667231.87094
131. Current log-likelihood: -667231.79342
132. Current log-likelihood: -667231.72208
133. Current log-likelihood: -667231.65352
134. Current log-likelihood: -667231.58815
135. Current log-likelihood: -667231.52579
136. Current log-likelihood: -667231.46632
137. Current log-likelihood: -667231.40957
138. Current log-likelihood: -667231.35538
139. Current log-likelihood: -667231.30362
140. Current log-likelihood: -667231.25418
141. Current log-likelihood: -667231.20688
142. Current log-likelihood: -667231.16163
143. Current log-likelihood: -667231.11826
144. Current log-likelihood: -667231.07532
145. Current log-likelihood: -667231.03546
146. Current log-likelihood: -667230.99687
147. Current log-likelihood: -667230.95974
148. Current log-likelihood: -667230.92396
149. Current log-likelihood: -667230.88938
150. Current log-likelihood: -667230.85595
151. Current log-likelihood: -667230.82359
152. Current log-likelihood: -667230.79215
153. Current log-likelihood: -667230.76159
154. Current log-likelihood: -667230.73175
155. Current log-likelihood: -667230.70263
156. Current log-likelihood: -667230.67412
157. Current log-likelihood: -667230.64608
158. Current log-likelihood: -667230.61850
159. Current log-likelihood: -667230.59053
160. Current log-likelihood: -667230.56351
161. Current log-likelihood: -667230.53650
162. Current log-likelihood: -667230.50961
163. Current log-likelihood: -667230.48271
164. Current log-likelihood: -667230.45570
165. Current log-likelihood: -667230.42851
166. Current log-likelihood: -667230.40141
167. Current log-likelihood: -667230.37341
168. Current log-likelihood: -667230.34538
169. Current log-likelihood: -667230.31660
170. Current log-likelihood: -667230.28701
171. Current log-likelihood: -667230.25646
172. Current log-likelihood: -667230.22479
173. Current log-likelihood: -667230.19177
174. Current log-likelihood: -667230.15718
175. Current log-likelihood: -667230.12078
176. Current log-likelihood: -667230.08087
177. Current log-likelihood: -667230.03853
178. Current log-likelihood: -667229.99316
179. Current log-likelihood: -667229.94424
180. Current log-likelihood: -667229.89116
181. Current log-likelihood: -667229.83163
182. Current log-likelihood: -667229.76649
183. Current log-likelihood: -667229.69468
184. Current log-likelihood: -667229.61529
185. Current log-likelihood: -667229.52523
186. Current log-likelihood: -667229.42545
187. Current log-likelihood: -667229.31506
188. Current log-likelihood: -667229.19333
189. Current log-likelihood: -667229.05774
190. Current log-likelihood: -667228.91145
191. Current log-likelihood: -667228.75529
192. Current log-likelihood: -667228.59136
193. Current log-likelihood: -667228.42254
194. Current log-likelihood: -667228.25438
195. Current log-likelihood: -667228.08751
196. Current log-likelihood: -667227.92288
197. Current log-likelihood: -667227.76861
198. Current log-likelihood: -667227.62394
199. Current log-likelihood: -667227.49284
200. Current log-likelihood: -667227.37366
201. Current log-likelihood: -667227.26690
202. Current log-likelihood: -667227.16124
203. Current log-likelihood: -667227.05912
204. Current log-likelihood: -667226.97427
205. Current log-likelihood: -667226.92974
206. Current log-likelihood: -667226.91269
207. Current log-likelihood: -667226.90468
208. Current log-likelihood: -667226.90145
209. Current log-likelihood: -667226.90047
Final estimation on weights:
0.97893,0.00605,0.01502
Wrote distance file to... 
BEST SCORE FOUND : -667226.90047
Total tree lengths: 0.28092 10.45983 10.15629

Total number of iterations: 207
CPU time used for tree search: 0.00002 sec (0h:0m:0s)
Wall-clock time used for tree search: 0.00001 sec (0h:0m:0s)
Total CPU time used: 60745.81384 sec (16h:52m:25s)
Total wall-clock time used: 1848.52612 sec (0h:30m:48s)

Analysis results written to: 
  IQ-TREE report:                mast_hdr_occ80_QG4232_quartet_05.submodel6.iqtree
  Maximum-likelihood tree:       mast_hdr_occ80_QG4232_quartet_05.submodel6.treefile
  Screen log file:               mast_hdr_occ80_QG4232_quartet_05.submodel6.log

Date and Time: Thu Jul  9 00:57:20 2026
