IQ-TREE version 3.0.1 for Linux x86 64-bit built Jul  9 2025
Developed by Bui Quang Minh, Thomas Wong, Nhan Ly-Trong, Huaiyan Ren
Contributed by Lam-Tung Nguyen, Dominik Schrempf, Chris Bielow,
Olga Chernomor, Michael Woodhams, Diep Thi Hoang, Heiko Schmidt

Host:    c507 (AVX512, FMA3, 188 GB RAM)
Command: iqtree3 -s /vast/eande106/projects/Nicolas/github/CB_PopGen_HDR_MS/processed_data/tree_topology/mast/mast_hdr/occ80_QG4232_quartet_13_supermatrix.clean.fas -m TMIX{LG+FO+G,LG+FO+G,LG+FO+G}+T -te /vast/eande106/projects/Nicolas/github/CB_PopGen_HDR_MS/processed_data/tree_topology/mast/quartet_topologies/quartet_13_VX151_QG4232_topologies.tre --prefix mast_hdr_occ80_QG4232_quartet_13.submodel1 -T 48
Seed:    718151 (Using SPRNG - Scalable Parallel Random Number Generator)
Time:    Thu Jul  9 00:12:59 2026
Kernel:  AVX+FMA - 48 threads (48 CPU cores detected)

Reading alignment file /vast/eande106/projects/Nicolas/github/CB_PopGen_HDR_MS/processed_data/tree_topology/mast/mast_hdr/occ80_QG4232_quartet_13_supermatrix.clean.fas ... Fasta format detected
Reading fasta file: done in 0.0327051 secs using 21.76% CPU
Alignment most likely contains protein sequences
Constructing alignment: done in 0.18301 secs using 16.6% CPU
Alignment has 4 sequences with 163955 columns, 4157 distinct patterns
1214 parsimony-informative, 27376 singleton sites, 135365 constant sites
        Gap/Ambiguity  Composition  p-value
Analyzing sequences: done in 0.000149984 secs using 2.046e+04% CPU
   1  PX506     5.73%    passed     76.86%
   2  VX151     4.17%    passed     99.99%
   3  QX1410    2.76%    passed    100.00%
   4  QG4232    3.15%    passed    100.00%
****  TOTAL     3.95%  0 sequences failed composition chi2 test (p-value<5%; df=19)
Number of input trees: 3
Minimum branch length is set to 0.0000010
Checking for duplicate sequences: done in 0.000138148 secs using 76.01% CPU

NOTE: 31 MB RAM (0 GB) is required!
According to the parsimony scores along the sites, the tree weights are initialized to:
0.9019769,0.0345964,0.0634267
Estimate model parameters (epsilon = 0.00100)
1. Initial log-likelihood: -650566.37587
2. Current log-likelihood: -650419.21409
3. Current log-likelihood: -650093.10223
4. Current log-likelihood: -650070.30098
5. Current log-likelihood: -650049.86735
6. Current log-likelihood: -649986.22334
7. Current log-likelihood: -649945.83020
8. Current log-likelihood: -649887.69099
9. Current log-likelihood: -649879.42135
10. Current log-likelihood: -649875.48674
11. Current log-likelihood: -649872.61810
12. Current log-likelihood: -649870.00472
13. Current log-likelihood: -649867.60955
14. Current log-likelihood: -649865.42864
15. Current log-likelihood: -649863.43752
16. Current log-likelihood: -649861.63429
17. Current log-likelihood: -649859.99612
18. Current log-likelihood: -649858.51195
19. Current log-likelihood: -649857.16907
20. Current log-likelihood: -649855.95325
21. Current log-likelihood: -649854.85688
22. Current log-likelihood: -649853.86517
23. Current log-likelihood: -649852.97672
24. Current log-likelihood: -649852.17117
25. Current log-likelihood: -649851.44344
26. Current log-likelihood: -649850.78757
27. Current log-likelihood: -649850.19283
28. Current log-likelihood: -649849.65474
29. Current log-likelihood: -649849.16831
30. Current log-likelihood: -649848.72466
31. Current log-likelihood: -649848.32065
32. Current log-likelihood: -649847.95159
33. Current log-likelihood: -649847.61345
34. Current log-likelihood: -649847.30280
35. Current log-likelihood: -649847.01598
36. Current log-likelihood: -649846.75071
37. Current log-likelihood: -649846.50462
38. Current log-likelihood: -649846.27530
39. Current log-likelihood: -649846.06077
40. Current log-likelihood: -649845.85893
41. Current log-likelihood: -649845.66899
42. Current log-likelihood: -649845.48952
43. Current log-likelihood: -649845.31942
44. Current log-likelihood: -649845.15728
45. Current log-likelihood: -649845.00338
46. Current log-likelihood: -649844.85479
47. Current log-likelihood: -649844.71185
48. Current log-likelihood: -649844.57469
49. Current log-likelihood: -649844.44266
50. Current log-likelihood: -649844.30967
51. Current log-likelihood: -649844.18710
52. Current log-likelihood: -649844.06568
53. Current log-likelihood: -649843.94870
54. Current log-likelihood: -649843.83317
55. Current log-likelihood: -649843.72048
56. Current log-likelihood: -649843.61158
57. Current log-likelihood: -649843.50277
58. Current log-likelihood: -649843.39649
59. Current log-likelihood: -649843.29358
60. Current log-likelihood: -649843.19109
61. Current log-likelihood: -649843.09182
62. Current log-likelihood: -649842.99272
63. Current log-likelihood: -649842.89467
64. Current log-likelihood: -649842.79981
65. Current log-likelihood: -649842.70495
66. Current log-likelihood: -649842.61279
67. Current log-likelihood: -649842.52064
68. Current log-likelihood: -649842.42927
69. Current log-likelihood: -649842.34063
70. Current log-likelihood: -649842.25159
71. Current log-likelihood: -649842.16528
72. Current log-likelihood: -649842.07873
73. Current log-likelihood: -649841.99467
74. Current log-likelihood: -649841.90937
75. Current log-likelihood: -649841.82675
76. Current log-likelihood: -649841.74401
77. Current log-likelihood: -649841.66345
78. Current log-likelihood: -649841.58390
79. Current log-likelihood: -649841.50314
80. Current log-likelihood: -649841.42497
81. Current log-likelihood: -649841.34777
82. Current log-likelihood: -649841.27024
83. Current log-likelihood: -649841.19481
84. Current log-likelihood: -649841.11840
85. Current log-likelihood: -649841.04437
86. Current log-likelihood: -649840.97117
87. Current log-likelihood: -649840.89761
88. Current log-likelihood: -649840.82604
89. Current log-likelihood: -649840.75353
90. Current log-likelihood: -649840.68341
91. Current log-likelihood: -649840.61393
92. Current log-likelihood: -649840.54520
93. Current log-likelihood: -649840.47607
94. Current log-likelihood: -649840.40904
95. Current log-likelihood: -649840.34178
96. Current log-likelihood: -649840.27596
97. Current log-likelihood: -649840.21050
98. Current log-likelihood: -649840.14598
99. Current log-likelihood: -649840.08236
100. Current log-likelihood: -649840.01740
101. Current log-likelihood: -649839.95513
102. Current log-likelihood: -649839.86716
103. Current log-likelihood: -649839.76315
104. Current log-likelihood: -649839.66138
105. Current log-likelihood: -649839.56075
106. Current log-likelihood: -649839.46265
107. Current log-likelihood: -649839.36685
108. Current log-likelihood: -649839.27242
109. Current log-likelihood: -649839.18158
110. Current log-likelihood: -649839.08883
111. Current log-likelihood: -649838.63786
112. Current log-likelihood: -649838.20981
113. Current log-likelihood: -649837.86346
114. Current log-likelihood: -649837.57238
115. Current log-likelihood: -649837.32180
116. Current log-likelihood: -649837.08910
117. Current log-likelihood: -649836.87443
118. Current log-likelihood: -649836.67491
119. Current log-likelihood: -649836.47843
120. Current log-likelihood: -649836.28173
121. Current log-likelihood: -649836.08586
122. Current log-likelihood: -649835.88630
123. Current log-likelihood: -649835.68898
124. Current log-likelihood: -649835.49242
125. Current log-likelihood: -649835.29916
126. Current log-likelihood: -649835.10640
127. Current log-likelihood: -649834.91442
128. Current log-likelihood: -649834.72366
129. Current log-likelihood: -649834.53199
130. Current log-likelihood: -649834.34218
131. Current log-likelihood: -649834.15353
132. Current log-likelihood: -649833.96719
133. Current log-likelihood: -649833.78170
134. Current log-likelihood: -649833.59737
135. Current log-likelihood: -649833.41419
136. Current log-likelihood: -649833.23209
137. Current log-likelihood: -649833.05144
138. Current log-likelihood: -649832.87213
139. Current log-likelihood: -649832.68874
140. Current log-likelihood: -649832.50843
141. Current log-likelihood: -649832.32939
142. Current log-likelihood: -649832.15171
143. Current log-likelihood: -649831.97578
144. Current log-likelihood: -649831.80081
145. Current log-likelihood: -649831.62726
146. Current log-likelihood: -649831.45495
147. Current log-likelihood: -649831.28380
148. Current log-likelihood: -649831.11858
149. Current log-likelihood: -649830.95274
150. Current log-likelihood: -649830.78753
151. Current log-likelihood: -649830.62069
152. Current log-likelihood: -649830.45478
153. Current log-likelihood: -649830.28932
154. Current log-likelihood: -649830.12373
155. Current log-likelihood: -649829.95819
156. Current log-likelihood: -649829.79405
157. Current log-likelihood: -649829.62528
158. Current log-likelihood: -649829.45536
159. Current log-likelihood: -649829.28347
160. Current log-likelihood: -649829.11108
161. Current log-likelihood: -649828.93791
162. Current log-likelihood: -649828.77131
163. Current log-likelihood: -649828.60259
164. Current log-likelihood: -649828.43180
165. Current log-likelihood: -649828.25791
166. Current log-likelihood: -649828.07825
167. Current log-likelihood: -649827.88460
168. Current log-likelihood: -649827.67506
169. Current log-likelihood: -649827.44103
170. Current log-likelihood: -649827.16751
171. Current log-likelihood: -649826.84879
172. Current log-likelihood: -649826.47408
173. Current log-likelihood: -649826.05273
174. Current log-likelihood: -649825.60733
175. Current log-likelihood: -649825.16622
176. Current log-likelihood: -649824.74348
177. Current log-likelihood: -649824.50489
178. Current log-likelihood: -649824.28101
179. Current log-likelihood: -649824.07283
180. Current log-likelihood: -649823.88515
181. Current log-likelihood: -649823.72073
182. Current log-likelihood: -649823.57663
183. Current log-likelihood: -649823.45445
184. Current log-likelihood: -649823.35250
185. Current log-likelihood: -649823.26666
186. Current log-likelihood: -649823.19542
187. Current log-likelihood: -649823.13766
188. Current log-likelihood: -649823.09698
189. Current log-likelihood: -649823.06194
190. Current log-likelihood: -649823.03093
191. Current log-likelihood: -649823.00820
192. Current log-likelihood: -649822.98902
193. Current log-likelihood: -649822.97432
194. Current log-likelihood: -649822.96181
195. Current log-likelihood: -649822.95139
196. Current log-likelihood: -649822.94254
197. Current log-likelihood: -649822.93519
198. Current log-likelihood: -649822.93016
199. Current log-likelihood: -649822.92572
200. Current log-likelihood: -649822.92189
201. Current log-likelihood: -649822.91859
202. Current log-likelihood: -649822.91564
203. Current log-likelihood: -649822.91294
204. Current log-likelihood: -649822.91067
205. Current log-likelihood: -649822.90950
206. Current log-likelihood: -649822.90847
207. Current log-likelihood: -649822.90753
Final estimation on weights:
0.90254,0.00796,0.08951
Wrote distance file to... 
BEST SCORE FOUND : -649822.90753
Total tree lengths: 0.31038 10.50754 0.00375

Total number of iterations: 205
CPU time used for tree search: 0.00002 sec (0h:0m:0s)
Wall-clock time used for tree search: 0.00002 sec (0h:0m:0s)
Total CPU time used: 23070.89847 sec (6h:24m:30s)
Total wall-clock time used: 1602.20739 sec (0h:26m:42s)

Analysis results written to: 
  IQ-TREE report:                mast_hdr_occ80_QG4232_quartet_13.submodel1.iqtree
  Maximum-likelihood tree:       mast_hdr_occ80_QG4232_quartet_13.submodel1.treefile
  Screen log file:               mast_hdr_occ80_QG4232_quartet_13.submodel1.log

Date and Time: Thu Jul  9 00:39:42 2026
