IQ-TREE version 3.0.1 for Linux x86 64-bit built Jul  9 2025
Developed by Bui Quang Minh, Thomas Wong, Nhan Ly-Trong, Huaiyan Ren
Contributed by Lam-Tung Nguyen, Dominik Schrempf, Chris Bielow,
Olga Chernomor, Michael Woodhams, Diep Thi Hoang, Heiko Schmidt

Host:    c354 (AVX512, FMA3, 188 GB RAM)
Command: iqtree3 -s /vast/eande106/projects/Nicolas/github/CB_PopGen_HDR_MS/processed_data/tree_topology/mast/mast_all/occ80_JU3237_quartet_10_supermatrix.clean.fas -m TMIX{LG+FO+G,LG+FO+G,LG+FO+G}+T -te /vast/eande106/projects/Nicolas/github/CB_PopGen_HDR_MS/processed_data/tree_topology/mast/quartet_topologies/quartet_10_NIC2143_JU3237_topologies.tre --prefix mast_all_occ80_JU3237_quartet_10.submodel1 -T 48
Seed:    109001 (Using SPRNG - Scalable Parallel Random Number Generator)
Time:    Wed Jul  8 23:20:49 2026
Kernel:  AVX+FMA - 48 threads (48 CPU cores detected)

Reading alignment file /vast/eande106/projects/Nicolas/github/CB_PopGen_HDR_MS/processed_data/tree_topology/mast/mast_all/occ80_JU3237_quartet_10_supermatrix.clean.fas ... Fasta format detected
Reading fasta file: done in 0.228969 secs using 43.31% CPU
Alignment most likely contains protein sequences
Constructing alignment: done in 2.96349 secs using 14.18% CPU
WARNING: 1 sites contain only gaps or ambiguous characters.
Alignment has 4 sequences with 2686717 columns, 12298 distinct patterns
20761 parsimony-informative, 415060 singleton sites, 2250896 constant sites
         Gap/Ambiguity  Composition  p-value
Analyzing sequences: done in 0.000205695 secs using 99.18% CPU
   1  PX506      4.86%    failed      0.00%
   2  NIC2143    3.11%    passed      5.73%
   3  JU3237     2.12%    passed     81.80%
   4  QX1410     2.08%    passed     96.69%
****  TOTAL      3.04%  1 sequences failed composition chi2 test (p-value<5%; df=19)
Number of input trees: 3
Minimum branch length is set to 0.0000010
Checking for duplicate sequences: done in 0.00035804 secs using 2261% CPU

NOTE: 91 MB RAM (0 GB) is required!
According to the parsimony scores along the sites, the tree weights are initialized to:
0.9671981,0.0117046,0.0210972
Estimate model parameters (epsilon = 0.00100)
1. Initial log-likelihood: -10382710.16781
2. Current log-likelihood: -10381272.46663
3. Current log-likelihood: -10377655.43496
4. Current log-likelihood: -10377164.78109
5. Current log-likelihood: -10377106.22207
6. Current log-likelihood: -10377057.35824
7. Current log-likelihood: -10377012.60252
8. Current log-likelihood: -10376973.73998
9. Current log-likelihood: -10376940.02072
10. Current log-likelihood: -10376908.39728
11. Current log-likelihood: -10376882.40694
12. Current log-likelihood: -10376859.97334
13. Current log-likelihood: -10376840.72490
14. Current log-likelihood: -10376824.29068
15. Current log-likelihood: -10376810.33598
16. Current log-likelihood: -10376798.49127
17. Current log-likelihood: -10376788.50455
18. Current log-likelihood: -10376780.07388
19. Current log-likelihood: -10376773.00472
20. Current log-likelihood: -10376767.11300
21. Current log-likelihood: -10376762.17570
22. Current log-likelihood: -10376758.08314
23. Current log-likelihood: -10376754.67060
24. Current log-likelihood: -10376751.86244
25. Current log-likelihood: -10376749.50073
26. Current log-likelihood: -10376747.56810
27. Current log-likelihood: -10376745.97586
28. Current log-likelihood: -10376744.64741
29. Current log-likelihood: -10376743.55765
30. Current log-likelihood: -10376742.65163
31. Current log-likelihood: -10376741.90185
32. Current log-likelihood: -10376741.27800
33. Current log-likelihood: -10376740.75016
34. Current log-likelihood: -10376740.32004
35. Current log-likelihood: -10376739.96935
36. Current log-likelihood: -10376739.67043
37. Current log-likelihood: -10376739.42100
38. Current log-likelihood: -10376739.20852
39. Current log-likelihood: -10376739.08868
40. Current log-likelihood: -10376738.89749
41. Current log-likelihood: -10376738.76213
42. Current log-likelihood: -10376738.67927
43. Current log-likelihood: -10376738.55122
44. Current log-likelihood: -10376738.48020
45. Current log-likelihood: -10376738.38452
46. Current log-likelihood: -10376738.32486
47. Current log-likelihood: -10376738.24483
48. Current log-likelihood: -10376738.19170
49. Current log-likelihood: -10376738.12433
50. Current log-likelihood: -10376738.06749
51. Current log-likelihood: -10376738.02131
52. Current log-likelihood: -10376737.96656
53. Current log-likelihood: -10376737.92284
54. Current log-likelihood: -10376737.87313
55. Current log-likelihood: -10376737.83111
56. Current log-likelihood: -10376737.78538
57. Current log-likelihood: -10376737.74479
58. Current log-likelihood: -10376737.70161
59. Current log-likelihood: -10376737.66196
60. Current log-likelihood: -10376737.62192
61. Current log-likelihood: -10376737.58210
62. Current log-likelihood: -10376737.54067
63. Current log-likelihood: -10376737.50213
64. Current log-likelihood: -10376737.46341
65. Current log-likelihood: -10376737.42485
66. Current log-likelihood: -10376737.38651
67. Current log-likelihood: -10376737.34880
68. Current log-likelihood: -10376737.31067
69. Current log-likelihood: -10376737.27282
70. Current log-likelihood: -10376737.23479
71. Current log-likelihood: -10376737.19710
72. Current log-likelihood: -10376737.15992
73. Current log-likelihood: -10376737.12258
74. Current log-likelihood: -10376737.08550
75. Current log-likelihood: -10376737.04839
76. Current log-likelihood: -10376737.01151
77. Current log-likelihood: -10376736.97478
78. Current log-likelihood: -10376736.93790
79. Current log-likelihood: -10376736.90129
80. Current log-likelihood: -10376736.86337
81. Current log-likelihood: -10376736.82695
82. Current log-likelihood: -10376736.79054
83. Current log-likelihood: -10376736.75428
84. Current log-likelihood: -10376736.71798
85. Current log-likelihood: -10376736.68152
86. Current log-likelihood: -10376736.64520
87. Current log-likelihood: -10376736.60920
88. Current log-likelihood: -10376736.57314
89. Current log-likelihood: -10376736.53702
90. Current log-likelihood: -10376736.50110
91. Current log-likelihood: -10376736.46523
92. Current log-likelihood: -10376736.42903
93. Current log-likelihood: -10376736.39332
94. Current log-likelihood: -10376736.35752
95. Current log-likelihood: -10376736.32190
96. Current log-likelihood: -10376736.28608
97. Current log-likelihood: -10376736.25050
98. Current log-likelihood: -10376736.21474
99. Current log-likelihood: -10376736.17932
100. Current log-likelihood: -10376736.14363
101. Current log-likelihood: -10376736.10831
102. Current log-likelihood: -10376736.03811
103. Current log-likelihood: -10376735.96785
104. Current log-likelihood: -10376735.89763
105. Current log-likelihood: -10376735.82764
106. Current log-likelihood: -10376735.75540
107. Current log-likelihood: -10376735.68604
108. Current log-likelihood: -10376735.61665
109. Current log-likelihood: -10376735.54743
110. Current log-likelihood: -10376735.47830
111. Current log-likelihood: -10376735.40944
112. Current log-likelihood: -10376735.34077
113. Current log-likelihood: -10376735.27229
114. Current log-likelihood: -10376735.20385
115. Current log-likelihood: -10376735.13572
116. Current log-likelihood: -10376735.06773
117. Current log-likelihood: -10376734.99982
118. Current log-likelihood: -10376734.93221
119. Current log-likelihood: -10376734.86330
120. Current log-likelihood: -10376734.79622
121. Current log-likelihood: -10376734.72902
122. Current log-likelihood: -10376734.66192
123. Current log-likelihood: -10376734.59511
124. Current log-likelihood: -10376734.52844
125. Current log-likelihood: -10376734.46196
126. Current log-likelihood: -10376734.39547
127. Current log-likelihood: -10376734.32941
128. Current log-likelihood: -10376734.26208
129. Current log-likelihood: -10376734.19647
130. Current log-likelihood: -10376734.13073
131. Current log-likelihood: -10376734.06520
132. Current log-likelihood: -10376733.99975
133. Current log-likelihood: -10376733.93464
134. Current log-likelihood: -10376733.86949
135. Current log-likelihood: -10376733.80465
136. Current log-likelihood: -10376733.73991
137. Current log-likelihood: -10376733.67536
138. Current log-likelihood: -10376733.61087
139. Current log-likelihood: -10376733.54674
140. Current log-likelihood: -10376733.48134
141. Current log-likelihood: -10376733.41766
142. Current log-likelihood: -10376733.35363
143. Current log-likelihood: -10376733.29024
144. Current log-likelihood: -10376733.22669
145. Current log-likelihood: -10376733.16324
146. Current log-likelihood: -10376733.10024
147. Current log-likelihood: -10376733.03728
148. Current log-likelihood: -10376732.97244
149. Current log-likelihood: -10376732.91005
150. Current log-likelihood: -10376732.84725
151. Current log-likelihood: -10376732.78492
152. Current log-likelihood: -10376732.72279
153. Current log-likelihood: -10376732.66056
154. Current log-likelihood: -10376732.59856
155. Current log-likelihood: -10376732.53689
156. Current log-likelihood: -10376732.47528
157. Current log-likelihood: -10376732.41382
158. Current log-likelihood: -10376732.35245
159. Current log-likelihood: -10376732.29121
160. Current log-likelihood: -10376732.23037
161. Current log-likelihood: -10376732.16954
162. Current log-likelihood: -10376732.10754
163. Current log-likelihood: -10376732.04721
164. Current log-likelihood: -10376731.98661
165. Current log-likelihood: -10376731.92662
166. Current log-likelihood: -10376731.86642
167. Current log-likelihood: -10376731.80634
168. Current log-likelihood: -10376731.74651
169. Current log-likelihood: -10376731.68691
170. Current log-likelihood: -10376731.62721
171. Current log-likelihood: -10376731.56794
172. Current log-likelihood: -10376731.50881
173. Current log-likelihood: -10376731.44966
174. Current log-likelihood: -10376731.39072
175. Current log-likelihood: -10376731.33188
176. Current log-likelihood: -10376731.27322
177. Current log-likelihood: -10376731.21483
178. Current log-likelihood: -10376731.15632
179. Current log-likelihood: -10376731.09821
180. Current log-likelihood: -10376731.04015
181. Current log-likelihood: -10376730.98209
182. Current log-likelihood: -10376730.92430
183. Current log-likelihood: -10376730.86677
184. Current log-likelihood: -10376730.80909
185. Current log-likelihood: -10376730.75184
186. Current log-likelihood: -10376730.69456
187. Current log-likelihood: -10376730.63758
188. Current log-likelihood: -10376730.58064
189. Current log-likelihood: -10376730.52379
190. Current log-likelihood: -10376730.46713
191. Current log-likelihood: -10376730.41073
192. Current log-likelihood: -10376730.35419
193. Current log-likelihood: -10376730.29806
194. Current log-likelihood: -10376730.24191
195. Current log-likelihood: -10376730.18605
196. Current log-likelihood: -10376730.13017
197. Current log-likelihood: -10376730.07444
198. Current log-likelihood: -10376730.01888
199. Current log-likelihood: -10376729.96358
200. Current log-likelihood: -10376729.90815
201. Current log-likelihood: -10376729.85320
202. Current log-likelihood: -10376729.77116
203. Current log-likelihood: -10376729.68981
204. Current log-likelihood: -10376729.60671
205. Current log-likelihood: -10376729.52594
206. Current log-likelihood: -10376729.44372
207. Current log-likelihood: -10376729.36359
208. Current log-likelihood: -10376729.28176
209. Current log-likelihood: -10376729.20230
210. Current log-likelihood: -10376729.12108
211. Current log-likelihood: -10376729.04196
212. Current log-likelihood: -10376728.96178
213. Current log-likelihood: -10376728.88319
214. Current log-likelihood: -10376728.80479
215. Current log-likelihood: -10376728.72518
216. Current log-likelihood: -10376728.64759
217. Current log-likelihood: -10376728.56868
218. Current log-likelihood: -10376728.49184
219. Current log-likelihood: -10376728.41343
220. Current log-likelihood: -10376728.33700
221. Current log-likelihood: -10376728.26058
222. Current log-likelihood: -10376728.18300
223. Current log-likelihood: -10376728.10753
224. Current log-likelihood: -10376728.03061
225. Current log-likelihood: -10376727.95576
226. Current log-likelihood: -10376727.87946
227. Current log-likelihood: -10376727.80488
228. Current log-likelihood: -10376727.73057
229. Current log-likelihood: -10376727.65508
230. Current log-likelihood: -10376727.58157
231. Current log-likelihood: -10376727.50646
232. Current log-likelihood: -10376727.43335
233. Current log-likelihood: -10376727.36032
234. Current log-likelihood: -10376727.28753
235. Current log-likelihood: -10376727.21305
236. Current log-likelihood: -10376727.14087
237. Current log-likelihood: -10376727.06910
238. Current log-likelihood: -10376726.99597
239. Current log-likelihood: -10376726.92474
240. Current log-likelihood: -10376726.85360
241. Current log-likelihood: -10376726.78269
242. Current log-likelihood: -10376726.71005
243. Current log-likelihood: -10376726.63985
244. Current log-likelihood: -10376726.56977
245. Current log-likelihood: -10376726.49988
246. Current log-likelihood: -10376726.42904
247. Current log-likelihood: -10376726.35987
248. Current log-likelihood: -10376726.29082
249. Current log-likelihood: -10376726.22079
250. Current log-likelihood: -10376726.15224
251. Current log-likelihood: -10376726.08409
252. Current log-likelihood: -10376726.01465
253. Current log-likelihood: -10376725.94714
254. Current log-likelihood: -10376725.87943
255. Current log-likelihood: -10376725.81210
256. Current log-likelihood: -10376725.74498
257. Current log-likelihood: -10376725.67816
258. Current log-likelihood: -10376725.61030
259. Current log-likelihood: -10376725.54420
260. Current log-likelihood: -10376725.47796
261. Current log-likelihood: -10376725.41216
262. Current log-likelihood: -10376725.34520
263. Current log-likelihood: -10376725.28020
264. Current log-likelihood: -10376725.21393
265. Current log-likelihood: -10376725.14920
266. Current log-likelihood: -10376725.08454
267. Current log-likelihood: -10376725.02010
268. Current log-likelihood: -10376724.95591
269. Current log-likelihood: -10376724.89195
270. Current log-likelihood: -10376724.82696
271. Current log-likelihood: -10376724.76379
272. Current log-likelihood: -10376724.70045
273. Current log-likelihood: -10376724.63758
274. Current log-likelihood: -10376724.57475
275. Current log-likelihood: -10376724.51222
276. Current log-likelihood: -10376724.44865
277. Current log-likelihood: -10376724.38678
278. Current log-likelihood: -10376724.32491
279. Current log-likelihood: -10376724.26324
280. Current log-likelihood: -10376724.20171
281. Current log-likelihood: -10376724.14064
282. Current log-likelihood: -10376724.07966
283. Current log-likelihood: -10376724.01905
284. Current log-likelihood: -10376723.95723
285. Current log-likelihood: -10376723.89702
286. Current log-likelihood: -10376723.83707
287. Current log-likelihood: -10376723.77715
288. Current log-likelihood: -10376723.71737
289. Current log-likelihood: -10376723.65807
290. Current log-likelihood: -10376723.59770
291. Current log-likelihood: -10376723.53899
292. Current log-likelihood: -10376723.48011
293. Current log-likelihood: -10376723.42164
294. Current log-likelihood: -10376723.36328
295. Current log-likelihood: -10376723.30513
296. Current log-likelihood: -10376723.24710
297. Current log-likelihood: -10376723.18950
298. Current log-likelihood: -10376723.13018
299. Current log-likelihood: -10376723.07307
300. Current log-likelihood: -10376723.01603
301. Current log-likelihood: -10376722.95915
302. Current log-likelihood: -10376722.88403
303. Current log-likelihood: -10376722.80763
304. Current log-likelihood: -10376722.73304
305. Current log-likelihood: -10376722.65935
306. Current log-likelihood: -10376722.58368
307. Current log-likelihood: -10376722.51036
308. Current log-likelihood: -10376722.43768
309. Current log-likelihood: -10376722.36340
310. Current log-likelihood: -10376722.29135
311. Current log-likelihood: -10376722.21763
312. Current log-likelihood: -10376722.14602
313. Current log-likelihood: -10376722.07505
314. Current log-likelihood: -10376722.00233
315. Current log-likelihood: -10376721.93160
316. Current log-likelihood: -10376721.86185
317. Current log-likelihood: -10376721.78914
318. Current log-likelihood: -10376721.71956
319. Current log-likelihood: -10376721.65059
320. Current log-likelihood: -10376721.57990
321. Current log-likelihood: -10376721.51116
322. Current log-likelihood: -10376721.44324
323. Current log-likelihood: -10376721.37355
324. Current log-likelihood: -10376721.30597
325. Current log-likelihood: -10376721.23885
326. Current log-likelihood: -10376721.17196
327. Current log-likelihood: -10376721.10383
328. Current log-likelihood: -10376721.03778
329. Current log-likelihood: -10376720.97173
330. Current log-likelihood: -10376720.90487
331. Current log-likelihood: -10376720.83958
332. Current log-likelihood: -10376720.77462
333. Current log-likelihood: -10376720.70841
334. Current log-likelihood: -10376720.64418
335. Current log-likelihood: -10376720.57999
336. Current log-likelihood: -10376720.51502
337. Current log-likelihood: -10376720.45155
338. Current log-likelihood: -10376720.38840
339. Current log-likelihood: -10376720.32412
340. Current log-likelihood: -10376720.26169
341. Current log-likelihood: -10376720.19923
342. Current log-likelihood: -10376720.13678
343. Current log-likelihood: -10376720.07523
344. Current log-likelihood: -10376720.01381
345. Current log-likelihood: -10376719.95124
346. Current log-likelihood: -10376719.89062
347. Current log-likelihood: -10376719.82992
348. Current log-likelihood: -10376719.76849
349. Current log-likelihood: -10376719.70856
350. Current log-likelihood: -10376719.64894
351. Current log-likelihood: -10376719.58827
352. Current log-likelihood: -10376719.52930
353. Current log-likelihood: -10376719.47026
354. Current log-likelihood: -10376719.41060
355. Current log-likelihood: -10376719.35232
356. Current log-likelihood: -10376719.29435
357. Current log-likelihood: -10376719.23533
358. Current log-likelihood: -10376719.17798
359. Current log-likelihood: -10376719.12057
360. Current log-likelihood: -10376719.06308
361. Current log-likelihood: -10376719.00660
362. Current log-likelihood: -10376718.95014
363. Current log-likelihood: -10376718.89267
364. Current log-likelihood: -10376718.83692
365. Current log-likelihood: -10376718.78110
366. Current log-likelihood: -10376718.72458
367. Current log-likelihood: -10376718.66945
368. Current log-likelihood: -10376718.61463
369. Current log-likelihood: -10376718.55886
370. Current log-likelihood: -10376718.50460
371. Current log-likelihood: -10376718.45029
372. Current log-likelihood: -10376718.39602
373. Current log-likelihood: -10376718.34247
374. Current log-likelihood: -10376718.28905
375. Current log-likelihood: -10376718.23473
376. Current log-likelihood: -10376718.18185
377. Current log-likelihood: -10376718.12939
378. Current log-likelihood: -10376718.07585
379. Current log-likelihood: -10376718.02375
380. Current log-likelihood: -10376717.97169
381. Current log-likelihood: -10376717.91963
382. Current log-likelihood: -10376717.86817
383. Current log-likelihood: -10376717.81690
384. Current log-likelihood: -10376717.76437
385. Current log-likelihood: -10376717.71369
386. Current log-likelihood: -10376717.66312
387. Current log-likelihood: -10376717.61224
388. Current log-likelihood: -10376717.56245
389. Current log-likelihood: -10376717.51246
390. Current log-likelihood: -10376717.46236
391. Current log-likelihood: -10376717.41329
392. Current log-likelihood: -10376717.36396
393. Current log-likelihood: -10376717.31339
394. Current log-likelihood: -10376717.26447
395. Current log-likelihood: -10376717.21600
396. Current log-likelihood: -10376717.16761
397. Current log-likelihood: -10376717.11909
398. Current log-likelihood: -10376717.07140
399. Current log-likelihood: -10376717.02368
400. Current log-likelihood: -10376716.97581
401. Current log-likelihood: -10376716.92863
402. Current log-likelihood: -10376716.87034
403. Current log-likelihood: -10376716.81090
404. Current log-likelihood: -10376716.75310
405. Current log-likelihood: -10376716.69553
406. Current log-likelihood: -10376716.63705
407. Current log-likelihood: -10376716.58009
408. Current log-likelihood: -10376716.52363
409. Current log-likelihood: -10376716.46603
410. Current log-likelihood: -10376716.41018
411. Current log-likelihood: -10376716.35441
412. Current log-likelihood: -10376716.29864
413. Current log-likelihood: -10376716.24366
414. Current log-likelihood: -10376716.18894
415. Current log-likelihood: -10376716.13316
416. Current log-likelihood: -10376716.07908
417. Current log-likelihood: -10376716.02532
418. Current log-likelihood: -10376715.97061
419. Current log-likelihood: -10376715.91735
420. Current log-likelihood: -10376715.86440
421. Current log-likelihood: -10376715.81049
422. Current log-likelihood: -10376715.75821
423. Current log-likelihood: -10376715.70625
424. Current log-likelihood: -10376715.65317
425. Current log-likelihood: -10376715.60175
426. Current log-likelihood: -10376715.55036
427. Current log-likelihood: -10376715.49899
428. Current log-likelihood: -10376715.44840
429. Current log-likelihood: -10376715.39794
430. Current log-likelihood: -10376715.34740
431. Current log-likelihood: -10376715.29757
432. Current log-likelihood: -10376715.24795
433. Current log-likelihood: -10376715.19721
434. Current log-likelihood: -10376715.14842
435. Current log-likelihood: -10376715.09959
436. Current log-likelihood: -10376715.04988
437. Current log-likelihood: -10376715.00175
438. Current log-likelihood: -10376714.95326
439. Current log-likelihood: -10376714.90553
440. Current log-likelihood: -10376714.85823
441. Current log-likelihood: -10376714.80974
442. Current log-likelihood: -10376714.76281
443. Current log-likelihood: -10376714.71592
444. Current log-likelihood: -10376714.66916
445. Current log-likelihood: -10376714.62309
446. Current log-likelihood: -10376714.57700
447. Current log-likelihood: -10376714.53075
448. Current log-likelihood: -10376714.48529
449. Current log-likelihood: -10376714.44003
450. Current log-likelihood: -10376714.39386
451. Current log-likelihood: -10376714.34903
452. Current log-likelihood: -10376714.30461
453. Current log-likelihood: -10376714.25985
454. Current log-likelihood: -10376714.21575
455. Current log-likelihood: -10376714.17194
456. Current log-likelihood: -10376714.12712
457. Current log-likelihood: -10376714.08381
458. Current log-likelihood: -10376714.04060
459. Current log-likelihood: -10376713.99716
460. Current log-likelihood: -10376713.95455
461. Current log-likelihood: -10376713.91214
462. Current log-likelihood: -10376713.86932
463. Current log-likelihood: -10376713.82758
464. Current log-likelihood: -10376713.78569
465. Current log-likelihood: -10376713.74287
466. Current log-likelihood: -10376713.70163
467. Current log-likelihood: -10376713.66040
468. Current log-likelihood: -10376713.61892
469. Current log-likelihood: -10376713.57835
470. Current log-likelihood: -10376713.53774
471. Current log-likelihood: -10376713.49700
472. Current log-likelihood: -10376713.45703
473. Current log-likelihood: -10376713.41717
474. Current log-likelihood: -10376713.37630
475. Current log-likelihood: -10376713.33681
476. Current log-likelihood: -10376713.29764
477. Current log-likelihood: -10376713.25804
478. Current log-likelihood: -10376713.21924
479. Current log-likelihood: -10376713.18044
480. Current log-likelihood: -10376713.14154
481. Current log-likelihood: -10376713.10326
482. Current log-likelihood: -10376713.06479
483. Current log-likelihood: -10376713.02644
484. Current log-likelihood: -10376712.98885
485. Current log-likelihood: -10376712.95123
486. Current log-likelihood: -10376712.91342
487. Current log-likelihood: -10376712.87637
488. Current log-likelihood: -10376712.83932
489. Current log-likelihood: -10376712.80214
490. Current log-likelihood: -10376712.76565
491. Current log-likelihood: -10376712.72926
492. Current log-likelihood: -10376712.69246
493. Current log-likelihood: -10376712.65662
494. Current log-likelihood: -10376712.62064
495. Current log-likelihood: -10376712.58450
496. Current log-likelihood: -10376712.54906
497. Current log-likelihood: -10376712.51376
498. Current log-likelihood: -10376712.47810
499. Current log-likelihood: -10376712.44331
500. Current log-likelihood: -10376712.40839
501. Current log-likelihood: -10376712.37339
502. Current log-likelihood: -10376712.33227
503. Current log-likelihood: -10376712.29138
504. Current log-likelihood: -10376712.24940
505. Current log-likelihood: -10376712.20894
506. Current log-likelihood: -10376712.16849
507. Current log-likelihood: -10376712.12844
508. Current log-likelihood: -10376712.08866
509. Current log-likelihood: -10376712.04857
510. Current log-likelihood: -10376712.00927
511. Current log-likelihood: -10376711.97018
512. Current log-likelihood: -10376711.93082
513. Current log-likelihood: -10376711.89233
514. Current log-likelihood: -10376711.85390
515. Current log-likelihood: -10376711.81532
516. Current log-likelihood: -10376711.77727
517. Current log-likelihood: -10376711.73965
518. Current log-likelihood: -10376711.70161
519. Current log-likelihood: -10376711.66443
520. Current log-likelihood: -10376711.62721
521. Current log-likelihood: -10376711.58992
522. Current log-likelihood: -10376711.55328
523. Current log-likelihood: -10376711.51672
524. Current log-likelihood: -10376711.48020
525. Current log-likelihood: -10376711.44413
526. Current log-likelihood: -10376711.40824
527. Current log-likelihood: -10376711.37220
528. Current log-likelihood: -10376711.33687
529. Current log-likelihood: -10376711.30151
530. Current log-likelihood: -10376711.26621
531. Current log-likelihood: -10376711.23125
532. Current log-likelihood: -10376711.19663
533. Current log-likelihood: -10376711.16181
534. Current log-likelihood: -10376711.12765
535. Current log-likelihood: -10376711.09346
536. Current log-likelihood: -10376711.05935
537. Current log-likelihood: -10376711.02569
538. Current log-likelihood: -10376710.99215
539. Current log-likelihood: -10376710.95847
540. Current log-likelihood: -10376710.92543
541. Current log-likelihood: -10376710.89233
542. Current log-likelihood: -10376710.85933
543. Current log-likelihood: -10376710.82674
544. Current log-likelihood: -10376710.79433
545. Current log-likelihood: -10376710.76174
546. Current log-likelihood: -10376710.72983
547. Current log-likelihood: -10376710.69797
548. Current log-likelihood: -10376710.66589
549. Current log-likelihood: -10376710.63436
550. Current log-likelihood: -10376710.60314
551. Current log-likelihood: -10376710.57150
552. Current log-likelihood: -10376710.54069
553. Current log-likelihood: -10376710.50832
554. Current log-likelihood: -10376710.47745
555. Current log-likelihood: -10376710.44702
556. Current log-likelihood: -10376710.41676
557. Current log-likelihood: -10376710.38617
558. Current log-likelihood: -10376710.35625
559. Current log-likelihood: -10376710.32653
560. Current log-likelihood: -10376710.29654
561. Current log-likelihood: -10376710.26698
562. Current log-likelihood: -10376710.23760
563. Current log-likelihood: -10376710.20815
564. Current log-likelihood: -10376710.17908
565. Current log-likelihood: -10376710.15023
566. Current log-likelihood: -10376710.12131
567. Current log-likelihood: -10376710.09280
568. Current log-likelihood: -10376710.06431
569. Current log-likelihood: -10376710.03594
570. Current log-likelihood: -10376710.00779
571. Current log-likelihood: -10376709.97983
572. Current log-likelihood: -10376709.95198
573. Current log-likelihood: -10376709.92410
574. Current log-likelihood: -10376709.89659
575. Current log-likelihood: -10376709.86920
576. Current log-likelihood: -10376709.84192
577. Current log-likelihood: -10376709.81464
578. Current log-likelihood: -10376709.78762
579. Current log-likelihood: -10376709.76084
580. Current log-likelihood: -10376709.73411
581. Current log-likelihood: -10376709.70747
582. Current log-likelihood: -10376709.67968
583. Current log-likelihood: -10376709.65341
584. Current log-likelihood: -10376709.62757
585. Current log-likelihood: -10376709.60125
586. Current log-likelihood: -10376709.57522
587. Current log-likelihood: -10376709.54963
588. Current log-likelihood: -10376709.52404
589. Current log-likelihood: -10376709.49848
590. Current log-likelihood: -10376709.47308
591. Current log-likelihood: -10376709.44785
592. Current log-likelihood: -10376709.42295
593. Current log-likelihood: -10376709.39772
594. Current log-likelihood: -10376709.37305
595. Current log-likelihood: -10376709.34835
596. Current log-likelihood: -10376709.32372
597. Current log-likelihood: -10376709.29936
598. Current log-likelihood: -10376709.27484
599. Current log-likelihood: -10376709.25070
600. Current log-likelihood: -10376709.22671
601. Current log-likelihood: -10376709.20272
602. Current log-likelihood: -10376709.17495
603. Current log-likelihood: -10376709.14743
604. Current log-likelihood: -10376709.12003
605. Current log-likelihood: -10376709.09279
606. Current log-likelihood: -10376709.06564
607. Current log-likelihood: -10376709.03868
608. Current log-likelihood: -10376709.01203
609. Current log-likelihood: -10376708.98539
610. Current log-likelihood: -10376708.95888
611. Current log-likelihood: -10376708.93245
612. Current log-likelihood: -10376708.90648
613. Current log-likelihood: -10376708.88049
614. Current log-likelihood: -10376708.85455
615. Current log-likelihood: -10376708.82884
616. Current log-likelihood: -10376708.80326
617. Current log-likelihood: -10376708.77794
618. Current log-likelihood: -10376708.75265
619. Current log-likelihood: -10376708.72741
620. Current log-likelihood: -10376708.70252
621. Current log-likelihood: -10376708.67758
622. Current log-likelihood: -10376708.65292
623. Current log-likelihood: -10376708.62838
624. Current log-likelihood: -10376708.60400
625. Current log-likelihood: -10376708.57973
626. Current log-likelihood: -10376708.55559
627. Current log-likelihood: -10376708.53125
628. Current log-likelihood: -10376708.50748
629. Current log-likelihood: -10376708.48372
630. Current log-likelihood: -10376708.46021
631. Current log-likelihood: -10376708.43670
632. Current log-likelihood: -10376708.41332
633. Current log-likelihood: -10376708.39020
634. Current log-likelihood: -10376708.36724
635. Current log-likelihood: -10376708.34427
636. Current log-likelihood: -10376708.32138
637. Current log-likelihood: -10376708.29879
638. Current log-likelihood: -10376708.27618
639. Current log-likelihood: -10376708.25383
640. Current log-likelihood: -10376708.23135
641. Current log-likelihood: -10376708.20916
642. Current log-likelihood: -10376708.18726
643. Current log-likelihood: -10376708.16520
644. Current log-likelihood: -10376708.14355
645. Current log-likelihood: -10376708.12167
646. Current log-likelihood: -10376708.10011
647. Current log-likelihood: -10376708.07864
648. Current log-likelihood: -10376708.05746
649. Current log-likelihood: -10376708.03611
650. Current log-likelihood: -10376708.01500
651. Current log-likelihood: -10376707.99409
652. Current log-likelihood: -10376707.97314
653. Current log-likelihood: -10376707.95245
654. Current log-likelihood: -10376707.93187
655. Current log-likelihood: -10376707.91113
656. Current log-likelihood: -10376707.89076
657. Current log-likelihood: -10376707.87051
658. Current log-likelihood: -10376707.85024
659. Current log-likelihood: -10376707.83021
660. Current log-likelihood: -10376707.81023
661. Current log-likelihood: -10376707.79019
662. Current log-likelihood: -10376707.77055
663. Current log-likelihood: -10376707.75086
664. Current log-likelihood: -10376707.73132
665. Current log-likelihood: -10376707.71185
666. Current log-likelihood: -10376707.69247
667. Current log-likelihood: -10376707.67329
668. Current log-likelihood: -10376707.65405
669. Current log-likelihood: -10376707.63500
670. Current log-likelihood: -10376707.61598
671. Current log-likelihood: -10376707.59712
672. Current log-likelihood: -10376707.57842
673. Current log-likelihood: -10376707.55981
674. Current log-likelihood: -10376707.54118
675. Current log-likelihood: -10376707.52278
676. Current log-likelihood: -10376707.50448
677. Current log-likelihood: -10376707.48606
678. Current log-likelihood: -10376707.46785
679. Current log-likelihood: -10376707.44991
680. Current log-likelihood: -10376707.43192
681. Current log-likelihood: -10376707.41401
682. Current log-likelihood: -10376707.39622
683. Current log-likelihood: -10376707.37847
684. Current log-likelihood: -10376707.36085
685. Current log-likelihood: -10376707.34329
686. Current log-likelihood: -10376707.32599
687. Current log-likelihood: -10376707.30872
688. Current log-likelihood: -10376707.29124
689. Current log-likelihood: -10376707.27411
690. Current log-likelihood: -10376707.25716
691. Current log-likelihood: -10376707.24022
692. Current log-likelihood: -10376707.22323
693. Current log-likelihood: -10376707.20646
694. Current log-likelihood: -10376707.18972
695. Current log-likelihood: -10376707.17297
696. Current log-likelihood: -10376707.15638
697. Current log-likelihood: -10376707.13995
698. Current log-likelihood: -10376707.12369
699. Current log-likelihood: -10376707.10721
700. Current log-likelihood: -10376707.09094
701. Current log-likelihood: -10376707.07492
702. Current log-likelihood: -10376707.05658
703. Current log-likelihood: -10376707.03837
704. Current log-likelihood: -10376707.02024
705. Current log-likelihood: -10376707.00237
706. Current log-likelihood: -10376706.98434
707. Current log-likelihood: -10376706.96647
708. Current log-likelihood: -10376706.94890
709. Current log-likelihood: -10376706.93128
710. Current log-likelihood: -10376706.91377
711. Current log-likelihood: -10376706.89642
712. Current log-likelihood: -10376706.87900
713. Current log-likelihood: -10376706.86185
714. Current log-likelihood: -10376706.84472
715. Current log-likelihood: -10376706.82774
716. Current log-likelihood: -10376706.81086
717. Current log-likelihood: -10376706.79396
718. Current log-likelihood: -10376706.77712
719. Current log-likelihood: -10376706.76059
720. Current log-likelihood: -10376706.74401
721. Current log-likelihood: -10376706.72753
722. Current log-likelihood: -10376706.71122
723. Current log-likelihood: -10376706.69498
724. Current log-likelihood: -10376706.67876
725. Current log-likelihood: -10376706.66257
726. Current log-likelihood: -10376706.64658
727. Current log-likelihood: -10376706.63070
728. Current log-likelihood: -10376706.61499
729. Current log-likelihood: -10376706.59914
730. Current log-likelihood: -10376706.58331
731. Current log-likelihood: -10376706.56784
732. Current log-likelihood: -10376706.55216
733. Current log-likelihood: -10376706.53685
734. Current log-likelihood: -10376706.52157
735. Current log-likelihood: -10376706.50635
736. Current log-likelihood: -10376706.49117
737. Current log-likelihood: -10376706.47597
738. Current log-likelihood: -10376706.46099
739. Current log-likelihood: -10376706.44610
740. Current log-likelihood: -10376706.43122
741. Current log-likelihood: -10376706.41648
742. Current log-likelihood: -10376706.40183
743. Current log-likelihood: -10376706.38735
744. Current log-likelihood: -10376706.37256
745. Current log-likelihood: -10376706.35811
746. Current log-likelihood: -10376706.34385
747. Current log-likelihood: -10376706.32950
748. Current log-likelihood: -10376706.31524
749. Current log-likelihood: -10376706.30120
750. Current log-likelihood: -10376706.28708
751. Current log-likelihood: -10376706.27302
752. Current log-likelihood: -10376706.25920
753. Current log-likelihood: -10376706.24514
754. Current log-likelihood: -10376706.23139
755. Current log-likelihood: -10376706.21771
756. Current log-likelihood: -10376706.20410
757. Current log-likelihood: -10376706.19049
758. Current log-likelihood: -10376706.17694
759. Current log-likelihood: -10376706.16352
760. Current log-likelihood: -10376706.15017
761. Current log-likelihood: -10376706.13690
762. Current log-likelihood: -10376706.12362
763. Current log-likelihood: -10376706.11048
764. Current log-likelihood: -10376706.09741
765. Current log-likelihood: -10376706.08435
766. Current log-likelihood: -10376706.07126
767. Current log-likelihood: -10376706.05837
768. Current log-likelihood: -10376706.04563
769. Current log-likelihood: -10376706.03297
770. Current log-likelihood: -10376706.02021
771. Current log-likelihood: -10376706.00753
772. Current log-likelihood: -10376705.99506
773. Current log-likelihood: -10376705.98243
774. Current log-likelihood: -10376705.96998
775. Current log-likelihood: -10376705.95769
776. Current log-likelihood: -10376705.94505
777. Current log-likelihood: -10376705.93015
778. Current log-likelihood: -10376705.91801
779. Current log-likelihood: -10376705.90574
780. Current log-likelihood: -10376705.89376
781. Current log-likelihood: -10376705.88173
782. Current log-likelihood: -10376705.86983
783. Current log-likelihood: -10376705.85796
784. Current log-likelihood: -10376705.84597
785. Current log-likelihood: -10376705.83424
786. Current log-likelihood: -10376705.82255
787. Current log-likelihood: -10376705.81080
788. Current log-likelihood: -10376705.79917
789. Current log-likelihood: -10376705.78758
790. Current log-likelihood: -10376705.77605
791. Current log-likelihood: -10376705.76459
792. Current log-likelihood: -10376705.75330
793. Current log-likelihood: -10376705.74205
794. Current log-likelihood: -10376705.73069
795. Current log-likelihood: -10376705.71942
796. Current log-likelihood: -10376705.70816
797. Current log-likelihood: -10376705.69703
798. Current log-likelihood: -10376705.68598
799. Current log-likelihood: -10376705.67502
800. Current log-likelihood: -10376705.66399
801. Current log-likelihood: -10376705.65306
802. Current log-likelihood: -10376705.64087
803. Current log-likelihood: -10376705.62884
804. Current log-likelihood: -10376705.61677
805. Current log-likelihood: -10376705.60469
806. Current log-likelihood: -10376705.59267
807. Current log-likelihood: -10376705.58085
808. Current log-likelihood: -10376705.56911
809. Current log-likelihood: -10376705.55736
810. Current log-likelihood: -10376705.54573
811. Current log-likelihood: -10376705.53404
812. Current log-likelihood: -10376705.52241
813. Current log-likelihood: -10376705.51093
814. Current log-likelihood: -10376705.49947
815. Current log-likelihood: -10376705.48816
816. Current log-likelihood: -10376705.47674
817. Current log-likelihood: -10376705.46546
818. Current log-likelihood: -10376705.45432
819. Current log-likelihood: -10376705.44330
820. Current log-likelihood: -10376705.43213
821. Current log-likelihood: -10376705.42088
822. Current log-likelihood: -10376705.41000
823. Current log-likelihood: -10376705.39907
824. Current log-likelihood: -10376705.38818
825. Current log-likelihood: -10376705.37748
826. Current log-likelihood: -10376705.36680
827. Current log-likelihood: -10376705.35596
828. Current log-likelihood: -10376705.34533
829. Current log-likelihood: -10376705.33481
830. Current log-likelihood: -10376705.32420
831. Current log-likelihood: -10376705.31374
832. Current log-likelihood: -10376705.30328
833. Current log-likelihood: -10376705.29282
834. Current log-likelihood: -10376705.28252
835. Current log-likelihood: -10376705.27230
836. Current log-likelihood: -10376705.26206
837. Current log-likelihood: -10376705.25192
838. Current log-likelihood: -10376705.24172
839. Current log-likelihood: -10376705.23156
840. Current log-likelihood: -10376705.22157
841. Current log-likelihood: -10376705.21156
842. Current log-likelihood: -10376705.20168
843. Current log-likelihood: -10376705.19192
844. Current log-likelihood: -10376705.18207
845. Current log-likelihood: -10376705.17212
846. Current log-likelihood: -10376705.16249
847. Current log-likelihood: -10376705.15286
848. Current log-likelihood: -10376705.14321
849. Current log-likelihood: -10376705.13351
850. Current log-likelihood: -10376705.12400
851. Current log-likelihood: -10376705.11440
852. Current log-likelihood: -10376705.10498
853. Current log-likelihood: -10376705.09553
854. Current log-likelihood: -10376705.08621
855. Current log-likelihood: -10376705.07700
856. Current log-likelihood: -10376705.06771
857. Current log-likelihood: -10376705.05824
858. Current log-likelihood: -10376705.04915
859. Current log-likelihood: -10376705.03991
860. Current log-likelihood: -10376705.03078
861. Current log-likelihood: -10376705.02182
862. Current log-likelihood: -10376705.01263
863. Current log-likelihood: -10376705.00369
864. Current log-likelihood: -10376704.99478
865. Current log-likelihood: -10376704.98593
866. Current log-likelihood: -10376704.97714
867. Current log-likelihood: -10376704.96835
868. Current log-likelihood: -10376704.95956
869. Current log-likelihood: -10376704.95074
870. Current log-likelihood: -10376704.94200
871. Current log-likelihood: -10376704.93339
872. Current log-likelihood: -10376704.92475
873. Current log-likelihood: -10376704.91619
874. Current log-likelihood: -10376704.90770
875. Current log-likelihood: -10376704.89926
876. Current log-likelihood: -10376704.89077
877. Current log-likelihood: -10376704.88224
878. Current log-likelihood: -10376704.87390
879. Current log-likelihood: -10376704.86565
880. Current log-likelihood: -10376704.85740
881. Current log-likelihood: -10376704.84906
882. Current log-likelihood: -10376704.84076
883. Current log-likelihood: -10376704.83246
884. Current log-likelihood: -10376704.82434
885. Current log-likelihood: -10376704.81630
886. Current log-likelihood: -10376704.80819
887. Current log-likelihood: -10376704.80011
888. Current log-likelihood: -10376704.79218
889. Current log-likelihood: -10376704.78425
890. Current log-likelihood: -10376704.77610
891. Current log-likelihood: -10376704.76827
892. Current log-likelihood: -10376704.76037
893. Current log-likelihood: -10376704.75242
894. Current log-likelihood: -10376704.74469
895. Current log-likelihood: -10376704.73689
896. Current log-likelihood: -10376704.72919
897. Current log-likelihood: -10376704.72156
898. Current log-likelihood: -10376704.71372
899. Current log-likelihood: -10376704.70604
900. Current log-likelihood: -10376704.69850
901. Current log-likelihood: -10376704.69097
902. Current log-likelihood: -10376704.68268
903. Current log-likelihood: -10376704.67438
904. Current log-likelihood: -10376704.66608
905. Current log-likelihood: -10376704.65761
906. Current log-likelihood: -10376704.64949
907. Current log-likelihood: -10376704.64136
908. Current log-likelihood: -10376704.63320
909. Current log-likelihood: -10376704.62512
910. Current log-likelihood: -10376704.61710
911. Current log-likelihood: -10376704.60913
912. Current log-likelihood: -10376704.60125
913. Current log-likelihood: -10376704.59307
914. Current log-likelihood: -10376704.58519
915. Current log-likelihood: -10376704.57740
916. Current log-likelihood: -10376704.56961
917. Current log-likelihood: -10376704.56172
918. Current log-likelihood: -10376704.55396
919. Current log-likelihood: -10376704.54618
920. Current log-likelihood: -10376704.53852
921. Current log-likelihood: -10376704.53079
922. Current log-likelihood: -10376704.52313
923. Current log-likelihood: -10376704.51557
924. Current log-likelihood: -10376704.50800
925. Current log-likelihood: -10376704.50051
926. Current log-likelihood: -10376704.49308
927. Current log-likelihood: -10376704.48560
928. Current log-likelihood: -10376704.47809
929. Current log-likelihood: -10376704.47074
930. Current log-likelihood: -10376704.46320
931. Current log-likelihood: -10376704.45589
932. Current log-likelihood: -10376704.44859
933. Current log-likelihood: -10376704.44134
934. Current log-likelihood: -10376704.43413
935. Current log-likelihood: -10376704.42699
936. Current log-likelihood: -10376704.41977
937. Current log-likelihood: -10376704.41244
938. Current log-likelihood: -10376704.40538
939. Current log-likelihood: -10376704.39831
940. Current log-likelihood: -10376704.39131
941. Current log-likelihood: -10376704.38424
942. Current log-likelihood: -10376704.37722
943. Current log-likelihood: -10376704.37014
944. Current log-likelihood: -10376704.36269
945. Current log-likelihood: -10376704.35565
946. Current log-likelihood: -10376704.34879
947. Current log-likelihood: -10376704.34190
948. Current log-likelihood: -10376704.33502
949. Current log-likelihood: -10376704.32825
950. Current log-likelihood: -10376704.32152
951. Current log-likelihood: -10376704.31479
952. Current log-likelihood: -10376704.30812
953. Current log-likelihood: -10376704.30139
954. Current log-likelihood: -10376704.29446
955. Current log-likelihood: -10376704.28776
956. Current log-likelihood: -10376704.28117
957. Current log-likelihood: -10376704.27458
958. Current log-likelihood: -10376704.26806
959. Current log-likelihood: -10376704.26147
960. Current log-likelihood: -10376704.25490
961. Current log-likelihood: -10376704.24843
962. Current log-likelihood: -10376704.24198
963. Current log-likelihood: -10376704.23544
964. Current log-likelihood: -10376704.22902
965. Current log-likelihood: -10376704.22259
966. Current log-likelihood: -10376704.21616
967. Current log-likelihood: -10376704.20984
968. Current log-likelihood: -10376704.20353
969. Current log-likelihood: -10376704.19711
970. Current log-likelihood: -10376704.19080
971. Current log-likelihood: -10376704.18449
972. Current log-likelihood: -10376704.17815
973. Current log-likelihood: -10376704.17185
974. Current log-likelihood: -10376704.16567
975. Current log-likelihood: -10376704.15953
976. Current log-likelihood: -10376704.15338
977. Current log-likelihood: -10376704.14722
978. Current log-likelihood: -10376704.14112
979. Current log-likelihood: -10376704.13506
980. Current log-likelihood: -10376704.12894
981. Current log-likelihood: -10376704.12290
982. Current log-likelihood: -10376704.11677
983. Current log-likelihood: -10376704.11070
984. Current log-likelihood: -10376704.10474
985. Current log-likelihood: -10376704.09863
986. Current log-likelihood: -10376704.09271
987. Current log-likelihood: -10376704.08671
988. Current log-likelihood: -10376704.08082
989. Current log-likelihood: -10376704.07486
990. Current log-likelihood: -10376704.06901
991. Current log-likelihood: -10376704.06316
992. Current log-likelihood: -10376704.05735
993. Current log-likelihood: -10376704.05140
994. Current log-likelihood: -10376704.04554
995. Current log-likelihood: -10376704.03971
996. Current log-likelihood: -10376704.03394
997. Current log-likelihood: -10376704.02822
998. Current log-likelihood: -10376704.02250
999. Current log-likelihood: -10376704.01682
1000. Current log-likelihood: -10376704.01114
1001. Current log-likelihood: -10376704.00541
1002. Current log-likelihood: -10376703.99908
1003. Current log-likelihood: -10376703.99285
1004. Current log-likelihood: -10376703.98654
1005. Current log-likelihood: -10376703.98040
1006. Current log-likelihood: -10376703.97429
1007. Current log-likelihood: -10376703.96819
1008. Current log-likelihood: -10376703.96205
1009. Current log-likelihood: -10376703.95590
1010. Current log-likelihood: -10376703.94986
1011. Current log-likelihood: -10376703.94382
1012. Current log-likelihood: -10376703.93783
1013. Current log-likelihood: -10376703.93183
1014. Current log-likelihood: -10376703.92573
1015. Current log-likelihood: -10376703.91961
1016. Current log-likelihood: -10376703.91367
1017. Current log-likelihood: -10376703.90774
1018. Current log-likelihood: -10376703.90182
1019. Current log-likelihood: -10376703.89579
1020. Current log-likelihood: -10376703.88990
1021. Current log-likelihood: -10376703.88397
1022. Current log-likelihood: -10376703.87812
1023. Current log-likelihood: -10376703.87221
1024. Current log-likelihood: -10376703.86638
1025. Current log-likelihood: -10376703.86043
1026. Current log-likelihood: -10376703.85455
1027. Current log-likelihood: -10376703.84871
1028. Current log-likelihood: -10376703.84292
1029. Current log-likelihood: -10376703.83718
1030. Current log-likelihood: -10376703.83135
1031. Current log-likelihood: -10376703.82563
1032. Current log-likelihood: -10376703.81991
1033. Current log-likelihood: -10376703.81421
1034. Current log-likelihood: -10376703.80829
1035. Current log-likelihood: -10376703.80261
1036. Current log-likelihood: -10376703.79694
1037. Current log-likelihood: -10376703.79111
1038. Current log-likelihood: -10376703.78539
1039. Current log-likelihood: -10376703.77974
1040. Current log-likelihood: -10376703.77410
1041. Current log-likelihood: -10376703.76841
1042. Current log-likelihood: -10376703.76280
1043. Current log-likelihood: -10376703.75717
1044. Current log-likelihood: -10376703.75159
1045. Current log-likelihood: -10376703.74600
1046. Current log-likelihood: -10376703.74021
1047. Current log-likelihood: -10376703.73462
1048. Current log-likelihood: -10376703.72899
1049. Current log-likelihood: -10376703.72342
1050. Current log-likelihood: -10376703.71787
1051. Current log-likelihood: -10376703.71233
1052. Current log-likelihood: -10376703.70680
1053. Current log-likelihood: -10376703.70128
1054. Current log-likelihood: -10376703.69570
1055. Current log-likelihood: -10376703.69010
1056. Current log-likelihood: -10376703.68445
1057. Current log-likelihood: -10376703.67895
1058. Current log-likelihood: -10376703.67330
1059. Current log-likelihood: -10376703.66778
1060. Current log-likelihood: -10376703.66229
1061. Current log-likelihood: -10376703.65680
1062. Current log-likelihood: -10376703.65123
1063. Current log-likelihood: -10376703.64570
1064. Current log-likelihood: -10376703.64021
1065. Current log-likelihood: -10376703.63472
1066. Current log-likelihood: -10376703.62925
1067. Current log-likelihood: -10376703.62379
1068. Current log-likelihood: -10376703.61833
1069. Current log-likelihood: -10376703.61286
1070. Current log-likelihood: -10376703.60733
1071. Current log-likelihood: -10376703.60165
1072. Current log-likelihood: -10376703.59616
1073. Current log-likelihood: -10376703.59071
1074. Current log-likelihood: -10376703.58524
1075. Current log-likelihood: -10376703.57977
1076. Current log-likelihood: -10376703.57417
1077. Current log-likelihood: -10376703.56871
1078. Current log-likelihood: -10376703.56317
1079. Current log-likelihood: -10376703.55770
1080. Current log-likelihood: -10376703.55213
1081. Current log-likelihood: -10376703.54666
1082. Current log-likelihood: -10376703.54118
1083. Current log-likelihood: -10376703.53568
1084. Current log-likelihood: -10376703.53005
1085. Current log-likelihood: -10376703.52449
1086. Current log-likelihood: -10376703.51898
1087. Current log-likelihood: -10376703.51348
1088. Current log-likelihood: -10376703.50790
1089. Current log-likelihood: -10376703.50237
1090. Current log-likelihood: -10376703.49685
1091. Current log-likelihood: -10376703.49132
1092. Current log-likelihood: -10376703.48579
1093. Current log-likelihood: -10376703.48018
1094. Current log-likelihood: -10376703.47463
1095. Current log-likelihood: -10376703.46907
1096. Current log-likelihood: -10376703.46350
1097. Current log-likelihood: -10376703.45784
1098. Current log-likelihood: -10376703.45209
1099. Current log-likelihood: -10376703.44634
1100. Current log-likelihood: -10376703.44073
1101. Current log-likelihood: -10376703.43503
1102. Current log-likelihood: -10376703.42892
1103. Current log-likelihood: -10376703.42280
1104. Current log-likelihood: -10376703.41666
1105. Current log-likelihood: -10376703.41050
1106. Current log-likelihood: -10376703.40426
1107. Current log-likelihood: -10376703.39806
1108. Current log-likelihood: -10376703.39184
1109. Current log-likelihood: -10376703.38554
1110. Current log-likelihood: -10376703.37927
1111. Current log-likelihood: -10376703.37300
1112. Current log-likelihood: -10376703.36656
1113. Current log-likelihood: -10376703.36021
1114. Current log-likelihood: -10376703.35378
1115. Current log-likelihood: -10376703.34740
1116. Current log-likelihood: -10376703.34092
1117. Current log-likelihood: -10376703.33448
1118. Current log-likelihood: -10376703.32802
1119. Current log-likelihood: -10376703.32152
1120. Current log-likelihood: -10376703.31485
1121. Current log-likelihood: -10376703.30829
1122. Current log-likelihood: -10376703.30167
1123. Current log-likelihood: -10376703.29497
1124. Current log-likelihood: -10376703.28823
1125. Current log-likelihood: -10376703.28137
1126. Current log-likelihood: -10376703.27460
1127. Current log-likelihood: -10376703.26779
1128. Current log-likelihood: -10376703.26096
1129. Current log-likelihood: -10376703.25408
1130. Current log-likelihood: -10376703.24714
1131. Current log-likelihood: -10376703.24010
1132. Current log-likelihood: -10376703.23301
1133. Current log-likelihood: -10376703.22591
1134. Current log-likelihood: -10376703.21876
1135. Current log-likelihood: -10376703.21154
1136. Current log-likelihood: -10376703.20429
1137. Current log-likelihood: -10376703.19698
1138. Current log-likelihood: -10376703.18959
1139. Current log-likelihood: -10376703.18207
1140. Current log-likelihood: -10376703.17288
1141. Current log-likelihood: -10376703.16531
1142. Current log-likelihood: -10376703.15750
1143. Current log-likelihood: -10376703.14976
1144. Current log-likelihood: -10376703.14195
1145. Current log-likelihood: -10376703.13407
1146. Current log-likelihood: -10376703.12443
1147. Current log-likelihood: -10376703.11627
1148. Current log-likelihood: -10376703.10814
1149. Current log-likelihood: -10376703.09986
1150. Current log-likelihood: -10376703.09148
1151. Current log-likelihood: -10376703.08127
1152. Current log-likelihood: -10376703.07251
1153. Current log-likelihood: -10376703.06380
1154. Current log-likelihood: -10376703.05316
1155. Current log-likelihood: -10376703.04415
1156. Current log-likelihood: -10376703.03502
1157. Current log-likelihood: -10376703.02398
1158. Current log-likelihood: -10376703.01453
1159. Current log-likelihood: -10376703.00496
1160. Current log-likelihood: -10376702.99322
1161. Current log-likelihood: -10376702.98317
1162. Current log-likelihood: -10376702.97306
1163. Current log-likelihood: -10376702.96047
1164. Current log-likelihood: -10376702.94988
1165. Current log-likelihood: -10376702.93697
1166. Current log-likelihood: -10376702.92590
1167. Current log-likelihood: -10376702.91239
1168. Current log-likelihood: -10376702.90079
1169. Current log-likelihood: -10376702.88668
1170. Current log-likelihood: -10376702.87450
1171. Current log-likelihood: -10376702.85958
1172. Current log-likelihood: -10376702.84675
1173. Current log-likelihood: -10376702.83074
1174. Current log-likelihood: -10376702.81713
1175. Current log-likelihood: -10376702.80016
1176. Current log-likelihood: -10376702.78307
1177. Current log-likelihood: -10376702.76560
1178. Current log-likelihood: -10376702.74734
1179. Current log-likelihood: -10376702.72844
1180. Current log-likelihood: -10376702.70874
1181. Current log-likelihood: -10376702.68813
1182. Current log-likelihood: -10376702.66638
1183. Current log-likelihood: -10376702.64352
1184. Current log-likelihood: -10376702.61957
1185. Current log-likelihood: -10376702.59424
1186. Current log-likelihood: -10376702.56725
1187. Current log-likelihood: -10376702.53856
1188. Current log-likelihood: -10376702.50663
1189. Current log-likelihood: -10376702.47264
1190. Current log-likelihood: -10376702.43540
1191. Current log-likelihood: -10376702.39445
1192. Current log-likelihood: -10376641.33151
1193. Current log-likelihood: -10376633.75681
1194. Current log-likelihood: -10376631.69509
1195. Current log-likelihood: -10376631.49439
1196. Current log-likelihood: -10376631.46276
1197. Current log-likelihood: -10376631.45933
1198. Current log-likelihood: -10376631.45890
Final estimation on weights:
0.95145,0.00043,0.04812
Wrote distance file to... 
BEST SCORE FOUND : -10376631.45890
Total tree lengths: 0.26926 6.55577 0.01245

Total number of iterations: 1196
CPU time used for tree search: 0.00003 sec (0h:0m:0s)
Wall-clock time used for tree search: 0.00003 sec (0h:0m:0s)
Total CPU time used: 33538.44778 sec (9h:18m:58s)
Total wall-clock time used: 1187.99492 sec (0h:19m:47s)

Analysis results written to: 
  IQ-TREE report:                mast_all_occ80_JU3237_quartet_10.submodel1.iqtree
  Maximum-likelihood tree:       mast_all_occ80_JU3237_quartet_10.submodel1.treefile
  Screen log file:               mast_all_occ80_JU3237_quartet_10.submodel1.log

Date and Time: Wed Jul  8 23:40:40 2026
