IQ-TREE version 3.0.1 for Linux x86 64-bit built Jul  9 2025
Developed by Bui Quang Minh, Thomas Wong, Nhan Ly-Trong, Huaiyan Ren
Contributed by Lam-Tung Nguyen, Dominik Schrempf, Chris Bielow,
Olga Chernomor, Michael Woodhams, Diep Thi Hoang, Heiko Schmidt

Host:    c208 (AVX512, FMA3, 188 GB RAM)
Command: iqtree3 -s /vast/eande106/projects/Nicolas/github/CB_PopGen_HDR_MS/processed_data/tree_topology/mast/mast_all/occ80_JU3200_quartet_06_supermatrix.clean.fas -m LG+FO+G+T -te /vast/eande106/projects/Nicolas/github/CB_PopGen_HDR_MS/processed_data/tree_topology/mast/quartet_topologies/quartet_06_JU1420_JU3200_topologies.tre --prefix mast_all_occ80_JU3200_quartet_06.submodel6 -T 48
Seed:    544208 (Using SPRNG - Scalable Parallel Random Number Generator)
Time:    Wed Jul  8 23:22:16 2026
Kernel:  AVX+FMA - 48 threads (48 CPU cores detected)

Reading alignment file /vast/eande106/projects/Nicolas/github/CB_PopGen_HDR_MS/processed_data/tree_topology/mast/mast_all/occ80_JU3200_quartet_06_supermatrix.clean.fas ... Fasta format detected
Reading fasta file: done in 0.204553 secs using 44.12% CPU
Alignment most likely contains protein sequences
Constructing alignment: done in 2.66337 secs using 13.06% CPU
WARNING: 1 sites contain only gaps or ambiguous characters.
Alignment has 4 sequences with 2395321 columns, 13291 distinct patterns
15271 parsimony-informative, 357426 singleton sites, 2022624 constant sites
        Gap/Ambiguity  Composition  p-value
Analyzing sequences: done in 0.00733897 secs using 4363% CPU
   1  PX506     4.72%    failed      0.01%
   2  JU3200    2.09%    passed     95.72%
   3  QX1410    1.97%    passed     98.99%
   4  JU1420    3.07%    passed     30.11%
****  TOTAL     2.96%  1 sequences failed composition chi2 test (p-value<5%; df=19)
Number of input trees: 3
Minimum branch length is set to 0.0000010
Checking for duplicate sequences: done in 0.0039789 secs using 3812% CPU

NOTE: 98 MB RAM (0 GB) is required!
According to the parsimony scores along the sites, the tree weights are initialized to:
0.9052452,0.0389627,0.0557920
Estimate model parameters (epsilon = 0.00100)
1. Initial log-likelihood: -9217064.15983
2. Current log-likelihood: -9208356.34460
3. Current log-likelihood: -9207868.45052
4. Current log-likelihood: -9207634.70376
5. Current log-likelihood: -9207399.07337
6. Current log-likelihood: -9207392.16160
7. Current log-likelihood: -9207389.68920
8. Current log-likelihood: -9207387.06806
9. Current log-likelihood: -9207384.54858
10. Current log-likelihood: -9207381.99454
11. Current log-likelihood: -9207379.75514
12. Current log-likelihood: -9207377.77613
13. Current log-likelihood: -9207375.99787
14. Current log-likelihood: -9207374.24571
15. Current log-likelihood: -9207372.77640
16. Current log-likelihood: -9207371.35902
17. Current log-likelihood: -9207369.93462
18. Current log-likelihood: -9207368.50639
19. Current log-likelihood: -9207367.07470
20. Current log-likelihood: -9207365.63830
21. Current log-likelihood: -9207364.19669
22. Current log-likelihood: -9207362.75642
23. Current log-likelihood: -9207361.31682
24. Current log-likelihood: -9207359.86872
25. Current log-likelihood: -9207358.42200
26. Current log-likelihood: -9207356.96632
27. Current log-likelihood: -9207355.51292
28. Current log-likelihood: -9207354.05038
29. Current log-likelihood: -9207352.59040
30. Current log-likelihood: -9207351.12159
31. Current log-likelihood: -9207349.65121
32. Current log-likelihood: -9207348.18193
33. Current log-likelihood: -9207346.70884
34. Current log-likelihood: -9207345.22884
35. Current log-likelihood: -9207343.75166
36. Current log-likelihood: -9207342.27105
37. Current log-likelihood: -9207340.78390
38. Current log-likelihood: -9207339.30004
39. Current log-likelihood: -9207337.80887
40. Current log-likelihood: -9207336.32132
41. Current log-likelihood: -9207334.82711
42. Current log-likelihood: -9207333.33622
43. Current log-likelihood: -9207331.83932
44. Current log-likelihood: -9207330.34610
45. Current log-likelihood: -9207328.84720
46. Current log-likelihood: -9207327.35237
47. Current log-likelihood: -9207325.85223
48. Current log-likelihood: -9207324.35658
49. Current log-likelihood: -9207322.85597
50. Current log-likelihood: -9207321.36031
51. Current log-likelihood: -9207319.86009
52. Current log-likelihood: -9207318.36528
53. Current log-likelihood: -9207316.86632
54. Current log-likelihood: -9207315.37325
55. Current log-likelihood: -9207313.87647
56. Current log-likelihood: -9207312.38609
57. Current log-likelihood: -9207310.89244
58. Current log-likelihood: -9207309.40573
59. Current log-likelihood: -9207307.91621
60. Current log-likelihood: -9207306.43295
61. Current log-likelihood: -9207304.94913
62. Current log-likelihood: -9207303.47172
63. Current log-likelihood: -9207301.99416
64. Current log-likelihood: -9207300.52357
65. Current log-likelihood: -9207299.05348
66. Current log-likelihood: -9207297.58665
67. Current log-likelihood: -9207296.12481
68. Current log-likelihood: -9207294.66756
69. Current log-likelihood: -9207293.21543
70. Current log-likelihood: -9207291.76858
71. Current log-likelihood: -9207290.32733
72. Current log-likelihood: -9207288.89198
73. Current log-likelihood: -9207287.46282
74. Current log-likelihood: -9207286.04282
75. Current log-likelihood: -9207284.62652
76. Current log-likelihood: -9207283.21784
77. Current log-likelihood: -9207281.81661
78. Current log-likelihood: -9207280.42575
79. Current log-likelihood: -9207279.03990
80. Current log-likelihood: -9207277.66295
81. Current log-likelihood: -9207276.29732
82. Current log-likelihood: -9207274.93761
83. Current log-likelihood: -9207273.58779
84. Current log-likelihood: -9207272.25020
85. Current log-likelihood: -9207270.91792
86. Current log-likelihood: -9207269.59641
87. Current log-likelihood: -9207268.28557
88. Current log-likelihood: -9207266.98580
89. Current log-likelihood: -9207265.69728
90. Current log-likelihood: -9207264.42030
91. Current log-likelihood: -9207263.15508
92. Current log-likelihood: -9207261.90210
93. Current log-likelihood: -9207260.66144
94. Current log-likelihood: -9207259.43612
95. Current log-likelihood: -9207258.22061
96. Current log-likelihood: -9207257.01890
97. Current log-likelihood: -9207255.83066
98. Current log-likelihood: -9207254.65437
99. Current log-likelihood: -9207253.49175
100. Current log-likelihood: -9207252.34352
101. Current log-likelihood: -9207251.20991
102. Current log-likelihood: -9207249.33192
103. Current log-likelihood: -9207247.31502
104. Current log-likelihood: -9207245.34788
105. Current log-likelihood: -9207243.43995
106. Current log-likelihood: -9207241.58371
107. Current log-likelihood: -9207239.77698
108. Current log-likelihood: -9207238.03041
109. Current log-likelihood: -9207236.34614
110. Current log-likelihood: -9207234.71582
111. Current log-likelihood: -9207233.14580
112. Current log-likelihood: -9207231.63243
113. Current log-likelihood: -9207230.17193
114. Current log-likelihood: -9207228.76977
115. Current log-likelihood: -9207227.42896
116. Current log-likelihood: -9207226.14176
117. Current log-likelihood: -9207224.91410
118. Current log-likelihood: -9207223.73182
119. Current log-likelihood: -9207222.60663
120. Current log-likelihood: -9207221.53865
121. Current log-likelihood: -9207220.52004
122. Current log-likelihood: -9207219.55574
123. Current log-likelihood: -9207218.63080
124. Current log-likelihood: -9207217.76048
125. Current log-likelihood: -9207216.93764
126. Current log-likelihood: -9207216.15685
127. Current log-likelihood: -9207215.42324
128. Current log-likelihood: -9207214.72161
129. Current log-likelihood: -9207214.06552
130. Current log-likelihood: -9207213.45033
131. Current log-likelihood: -9207212.87292
132. Current log-likelihood: -9207212.33138
133. Current log-likelihood: -9207211.82404
134. Current log-likelihood: -9207211.34103
135. Current log-likelihood: -9207210.89266
136. Current log-likelihood: -9207210.47445
137. Current log-likelihood: -9207210.08425
138. Current log-likelihood: -9207209.72025
139. Current log-likelihood: -9207209.38493
140. Current log-likelihood: -9207209.06035
141. Current log-likelihood: -9207208.76679
142. Current log-likelihood: -9207208.49328
143. Current log-likelihood: -9207208.03927
144. Current log-likelihood: -9207207.42490
145. Current log-likelihood: -9207206.75039
146. Current log-likelihood: -9207206.11250
147. Current log-likelihood: -9207205.56724
148. Current log-likelihood: -9207204.99142
149. Current log-likelihood: -9207204.42015
150. Current log-likelihood: -9207203.84419
151. Current log-likelihood: -9207203.22643
152. Current log-likelihood: -9207202.62269
153. Current log-likelihood: -9207201.97216
154. Current log-likelihood: -9207201.34267
155. Current log-likelihood: -9207200.66541
156. Current log-likelihood: -9207199.99556
157. Current log-likelihood: -9207199.26239
158. Current log-likelihood: -9207198.52295
159. Current log-likelihood: -9207197.80184
160. Current log-likelihood: -9207197.02905
161. Current log-likelihood: -9207196.23955
162. Current log-likelihood: -9207195.47497
163. Current log-likelihood: -9207194.65890
164. Current log-likelihood: -9207193.82276
165. Current log-likelihood: -9207193.00722
166. Current log-likelihood: -9207192.13913
167. Current log-likelihood: -9207191.25365
168. Current log-likelihood: -9207190.39146
169. Current log-likelihood: -9207189.48051
170. Current log-likelihood: -9207188.54693
171. Current log-likelihood: -9207187.64524
172. Current log-likelihood: -9207186.68872
173. Current log-likelihood: -9207185.71772
174. Current log-likelihood: -9207184.77171
175. Current log-likelihood: -9207183.77646
176. Current log-likelihood: -9207182.77426
177. Current log-likelihood: -9207181.79600
178. Current log-likelihood: -9207180.77644
179. Current log-likelihood: -9207179.74544
180. Current log-likelihood: -9207178.74786
181. Current log-likelihood: -9207177.71400
182. Current log-likelihood: -9207176.71014
183. Current log-likelihood: -9207175.66365
184. Current log-likelihood: -9207174.66055
185. Current log-likelihood: -9207173.61390
186. Current log-likelihood: -9207172.60769
187. Current log-likelihood: -9207171.57037
188. Current log-likelihood: -9207170.57120
189. Current log-likelihood: -9207169.54166
190. Current log-likelihood: -9207168.55049
191. Current log-likelihood: -9207167.54156
192. Current log-likelihood: -9207166.56722
193. Current log-likelihood: -9207165.60557
194. Current log-likelihood: -9207164.62227
195. Current log-likelihood: -9207163.68036
196. Current log-likelihood: -9207162.75491
197. Current log-likelihood: -9207161.81946
198. Current log-likelihood: -9207160.91321
199. Current log-likelihood: -9207160.02374
200. Current log-likelihood: -9207159.15056
201. Current log-likelihood: -9207158.27633
202. Current log-likelihood: -9207157.21079
203. Current log-likelihood: -9207156.07206
204. Current log-likelihood: -9207154.96536
205. Current log-likelihood: -9207153.87553
206. Current log-likelihood: -9207152.82796
207. Current log-likelihood: -9207151.81589
208. Current log-likelihood: -9207150.83571
209. Current log-likelihood: -9207149.89141
210. Current log-likelihood: -9207148.96954
211. Current log-likelihood: -9207148.08753
212. Current log-likelihood: -9207147.23714
213. Current log-likelihood: -9207146.41975
214. Current log-likelihood: -9207145.63227
215. Current log-likelihood: -9207144.87570
216. Current log-likelihood: -9207144.14958
217. Current log-likelihood: -9207143.45254
218. Current log-likelihood: -9207142.78323
219. Current log-likelihood: -9207142.13232
220. Current log-likelihood: -9207141.51583
221. Current log-likelihood: -9207140.92592
222. Current log-likelihood: -9207140.36044
223. Current log-likelihood: -9207139.81848
224. Current log-likelihood: -9207139.29934
225. Current log-likelihood: -9207138.80207
226. Current log-likelihood: -9207138.32335
227. Current log-likelihood: -9207137.86720
228. Current log-likelihood: -9207137.42747
229. Current log-likelihood: -9207137.00644
230. Current log-likelihood: -9207136.60245
231. Current log-likelihood: -9207136.21284
232. Current log-likelihood: -9207135.83721
233. Current log-likelihood: -9207135.47607
234. Current log-likelihood: -9207135.12732
235. Current log-likelihood: -9207134.79132
236. Current log-likelihood: -9207134.46368
237. Current log-likelihood: -9207134.14814
238. Current log-likelihood: -9207133.84470
239. Current log-likelihood: -9207133.54979
240. Current log-likelihood: -9207133.24297
241. Current log-likelihood: -9207132.96486
242. Current log-likelihood: -9207132.69595
243. Current log-likelihood: -9207132.43501
244. Current log-likelihood: -9207132.18399
245. Current log-likelihood: -9207131.94028
246. Current log-likelihood: -9207131.68333
247. Current log-likelihood: -9207131.45003
248. Current log-likelihood: -9207131.22507
249. Current log-likelihood: -9207131.00916
250. Current log-likelihood: -9207130.79671
251. Current log-likelihood: -9207130.58960
252. Current log-likelihood: -9207130.39095
253. Current log-likelihood: -9207130.17615
254. Current log-likelihood: -9207129.98545
255. Current log-likelihood: -9207129.79666
256. Current log-likelihood: -9207129.61551
257. Current log-likelihood: -9207129.43828
258. Current log-likelihood: -9207129.26543
259. Current log-likelihood: -9207129.09623
260. Current log-likelihood: -9207128.93098
261. Current log-likelihood: -9207128.77041
262. Current log-likelihood: -9207128.59408
263. Current log-likelihood: -9207128.43681
264. Current log-likelihood: -9207128.28421
265. Current log-likelihood: -9207128.13043
266. Current log-likelihood: -9207127.98512
267. Current log-likelihood: -9207127.84099
268. Current log-likelihood: -9207127.70089
269. Current log-likelihood: -9207127.56153
270. Current log-likelihood: -9207127.42609
271. Current log-likelihood: -9207127.29163
272. Current log-likelihood: -9207127.16022
273. Current log-likelihood: -9207127.00906
274. Current log-likelihood: -9207126.88079
275. Current log-likelihood: -9207126.75318
276. Current log-likelihood: -9207126.62848
277. Current log-likelihood: -9207126.50545
278. Current log-likelihood: -9207126.38383
279. Current log-likelihood: -9207126.26513
280. Current log-likelihood: -9207126.14689
281. Current log-likelihood: -9207126.02904
282. Current log-likelihood: -9207125.91468
283. Current log-likelihood: -9207125.80170
284. Current log-likelihood: -9207125.68952
285. Current log-likelihood: -9207125.57866
286. Current log-likelihood: -9207125.46907
287. Current log-likelihood: -9207125.36021
288. Current log-likelihood: -9207125.25378
289. Current log-likelihood: -9207125.12873
290. Current log-likelihood: -9207125.02122
291. Current log-likelihood: -9207124.91572
292. Current log-likelihood: -9207124.81039
293. Current log-likelihood: -9207124.70514
294. Current log-likelihood: -9207124.60279
295. Current log-likelihood: -9207124.50191
296. Current log-likelihood: -9207124.40120
297. Current log-likelihood: -9207124.30147
298. Current log-likelihood: -9207124.20251
299. Current log-likelihood: -9207124.10378
300. Current log-likelihood: -9207124.00592
301. Current log-likelihood: -9207123.90829
302. Current log-likelihood: -9207123.78555
303. Current log-likelihood: -9207123.65884
304. Current log-likelihood: -9207123.53343
305. Current log-likelihood: -9207123.40931
306. Current log-likelihood: -9207123.28630
307. Current log-likelihood: -9207123.16362
308. Current log-likelihood: -9207123.04012
309. Current log-likelihood: -9207122.91858
310. Current log-likelihood: -9207122.79756
311. Current log-likelihood: -9207122.67716
312. Current log-likelihood: -9207122.55700
313. Current log-likelihood: -9207122.43721
314. Current log-likelihood: -9207122.31787
315. Current log-likelihood: -9207122.19784
316. Current log-likelihood: -9207122.08055
317. Current log-likelihood: -9207121.96352
318. Current log-likelihood: -9207121.84671
319. Current log-likelihood: -9207121.72910
320. Current log-likelihood: -9207121.61304
321. Current log-likelihood: -9207121.49702
322. Current log-likelihood: -9207121.38144
323. Current log-likelihood: -9207121.26449
324. Current log-likelihood: -9207121.14936
325. Current log-likelihood: -9207121.03436
326. Current log-likelihood: -9207120.91954
327. Current log-likelihood: -9207120.80489
328. Current log-likelihood: -9207120.69013
329. Current log-likelihood: -9207120.57580
330. Current log-likelihood: -9207120.46157
331. Current log-likelihood: -9207120.34748
332. Current log-likelihood: -9207120.23350
333. Current log-likelihood: -9207120.12070
334. Current log-likelihood: -9207120.00687
335. Current log-likelihood: -9207119.89315
336. Current log-likelihood: -9207119.78070
337. Current log-likelihood: -9207119.66715
338. Current log-likelihood: -9207119.55476
339. Current log-likelihood: -9207119.44133
340. Current log-likelihood: -9207119.32912
341. Current log-likelihood: -9207119.21581
342. Current log-likelihood: -9207119.10371
343. Current log-likelihood: -9207118.99166
344. Current log-likelihood: -9207118.87964
345. Current log-likelihood: -9207118.76628
346. Current log-likelihood: -9207118.65448
347. Current log-likelihood: -9207118.54250
348. Current log-likelihood: -9207118.43057
349. Current log-likelihood: -9207118.31866
350. Current log-likelihood: -9207118.20670
351. Current log-likelihood: -9207118.09367
352. Current log-likelihood: -9207117.98181
353. Current log-likelihood: -9207117.86995
354. Current log-likelihood: -9207117.75811
355. Current log-likelihood: -9207117.64626
356. Current log-likelihood: -9207117.53435
357. Current log-likelihood: -9207117.42249
358. Current log-likelihood: -9207117.31062
359. Current log-likelihood: -9207117.19875
360. Current log-likelihood: -9207117.08688
361. Current log-likelihood: -9207116.97496
362. Current log-likelihood: -9207116.86306
363. Current log-likelihood: -9207116.75115
364. Current log-likelihood: -9207116.63923
365. Current log-likelihood: -9207116.52864
366. Current log-likelihood: -9207116.41657
367. Current log-likelihood: -9207116.30454
368. Current log-likelihood: -9207116.19252
369. Current log-likelihood: -9207116.07530
370. Current log-likelihood: -9207115.96429
371. Current log-likelihood: -9207115.85329
372. Current log-likelihood: -9207115.74231
373. Current log-likelihood: -9207115.62997
374. Current log-likelihood: -9207115.51778
375. Current log-likelihood: -9207115.40561
376. Current log-likelihood: -9207115.29343
377. Current log-likelihood: -9207115.18123
378. Current log-likelihood: -9207115.06900
379. Current log-likelihood: -9207114.95673
380. Current log-likelihood: -9207114.84442
381. Current log-likelihood: -9207114.73208
382. Current log-likelihood: -9207114.61970
383. Current log-likelihood: -9207114.50729
384. Current log-likelihood: -9207114.39350
385. Current log-likelihood: -9207114.28113
386. Current log-likelihood: -9207114.16864
387. Current log-likelihood: -9207114.04956
388. Current log-likelihood: -9207113.93656
389. Current log-likelihood: -9207113.82358
390. Current log-likelihood: -9207113.71061
391. Current log-likelihood: -9207113.59765
392. Current log-likelihood: -9207113.48333
393. Current log-likelihood: -9207113.37050
394. Current log-likelihood: -9207113.25615
395. Current log-likelihood: -9207113.14191
396. Current log-likelihood: -9207113.02767
397. Current log-likelihood: -9207112.91340
398. Current log-likelihood: -9207112.79909
399. Current log-likelihood: -9207112.68475
400. Current log-likelihood: -9207112.57037
401. Current log-likelihood: -9207112.45595
402. Current log-likelihood: -9207112.31686
403. Current log-likelihood: -9207112.16854
404. Current log-likelihood: -9207112.02702
405. Current log-likelihood: -9207111.88387
406. Current log-likelihood: -9207111.74089
407. Current log-likelihood: -9207111.59793
408. Current log-likelihood: -9207111.45496
409. Current log-likelihood: -9207111.31198
410. Current log-likelihood: -9207111.16749
411. Current log-likelihood: -9207111.02459
412. Current log-likelihood: -9207110.88004
413. Current log-likelihood: -9207110.73559
414. Current log-likelihood: -9207110.59112
415. Current log-likelihood: -9207110.43911
416. Current log-likelihood: -9207110.29474
417. Current log-likelihood: -9207110.15036
418. Current log-likelihood: -9207110.00443
419. Current log-likelihood: -9207109.85873
420. Current log-likelihood: -9207109.71307
421. Current log-likelihood: -9207109.56740
422. Current log-likelihood: -9207109.42171
423. Current log-likelihood: -9207109.27599
424. Current log-likelihood: -9207109.12877
425. Current log-likelihood: -9207108.98313
426. Current log-likelihood: -9207108.82818
427. Current log-likelihood: -9207108.68111
428. Current log-likelihood: -9207108.53402
429. Current log-likelihood: -9207108.38543
430. Current log-likelihood: -9207108.23707
431. Current log-likelihood: -9207108.08875
432. Current log-likelihood: -9207107.94044
433. Current log-likelihood: -9207107.79211
434. Current log-likelihood: -9207107.64377
435. Current log-likelihood: -9207107.49539
436. Current log-likelihood: -9207107.33936
437. Current log-likelihood: -9207107.18967
438. Current log-likelihood: -9207107.03999
439. Current log-likelihood: -9207106.88883
440. Current log-likelihood: -9207106.73791
441. Current log-likelihood: -9207106.58706
442. Current log-likelihood: -9207106.43621
443. Current log-likelihood: -9207106.28536
444. Current log-likelihood: -9207106.13450
445. Current log-likelihood: -9207105.98362
446. Current log-likelihood: -9207105.82429
447. Current log-likelihood: -9207105.67166
448. Current log-likelihood: -9207105.51928
449. Current log-likelihood: -9207105.36698
450. Current log-likelihood: -9207105.21040
451. Current log-likelihood: -9207105.05838
452. Current log-likelihood: -9207104.90481
453. Current log-likelihood: -9207104.75141
454. Current log-likelihood: -9207104.59803
455. Current log-likelihood: -9207104.43651
456. Current log-likelihood: -9207104.28127
457. Current log-likelihood: -9207104.12629
458. Current log-likelihood: -9207103.97141
459. Current log-likelihood: -9207103.81247
460. Current log-likelihood: -9207103.65791
461. Current log-likelihood: -9207103.50186
462. Current log-likelihood: -9207103.34748
463. Current log-likelihood: -9207103.19142
464. Current log-likelihood: -9207103.02674
465. Current log-likelihood: -9207102.86883
466. Current log-likelihood: -9207102.71121
467. Current log-likelihood: -9207102.55371
468. Current log-likelihood: -9207102.39633
469. Current log-likelihood: -9207102.23478
470. Current log-likelihood: -9207102.07772
471. Current log-likelihood: -9207101.91917
472. Current log-likelihood: -9207101.75287
473. Current log-likelihood: -9207101.59244
474. Current log-likelihood: -9207101.43231
475. Current log-likelihood: -9207101.27232
476. Current log-likelihood: -9207101.11247
477. Current log-likelihood: -9207100.95273
478. Current log-likelihood: -9207100.78877
479. Current log-likelihood: -9207100.62935
480. Current log-likelihood: -9207100.46013
481. Current log-likelihood: -9207100.29715
482. Current log-likelihood: -9207100.13451
483. Current log-likelihood: -9207099.97203
484. Current log-likelihood: -9207099.80970
485. Current log-likelihood: -9207099.64749
486. Current log-likelihood: -9207099.48112
487. Current log-likelihood: -9207099.31926
488. Current log-likelihood: -9207099.14736
489. Current log-likelihood: -9207098.98176
490. Current log-likelihood: -9207098.81391
491. Current log-likelihood: -9207098.64895
492. Current log-likelihood: -9207098.48412
493. Current log-likelihood: -9207098.31940
494. Current log-likelihood: -9207098.15480
495. Current log-likelihood: -9207097.98616
496. Current log-likelihood: -9207097.81135
497. Current log-likelihood: -9207097.64321
498. Current log-likelihood: -9207097.47533
499. Current log-likelihood: -9207097.30768
500. Current log-likelihood: -9207097.14020
501. Current log-likelihood: -9207096.97288
502. Current log-likelihood: -9207096.77733
503. Current log-likelihood: -9207096.56298
504. Current log-likelihood: -9207096.36088
505. Current log-likelihood: -9207096.15921
506. Current log-likelihood: -9207095.95783
507. Current log-likelihood: -9207095.75223
508. Current log-likelihood: -9207095.55163
509. Current log-likelihood: -9207095.33926
510. Current log-likelihood: -9207095.13405
511. Current log-likelihood: -9207094.92934
512. Current log-likelihood: -9207094.72051
513. Current log-likelihood: -9207094.51663
514. Current log-likelihood: -9207094.30840
515. Current log-likelihood: -9207094.09351
516. Current log-likelihood: -9207093.88534
517. Current log-likelihood: -9207093.67758
518. Current log-likelihood: -9207093.46585
519. Current log-likelihood: -9207093.25895
520. Current log-likelihood: -9207093.05056
521. Current log-likelihood: -9207092.83194
522. Current log-likelihood: -9207092.62054
523. Current log-likelihood: -9207092.40655
524. Current log-likelihood: -9207092.19622
525. Current log-likelihood: -9207091.98179
526. Current log-likelihood: -9207091.77215
527. Current log-likelihood: -9207091.54951
528. Current log-likelihood: -9207091.33496
529. Current log-likelihood: -9207091.12092
530. Current log-likelihood: -9207090.90444
531. Current log-likelihood: -9207090.69121
532. Current log-likelihood: -9207090.47379
533. Current log-likelihood: -9207090.24833
534. Current log-likelihood: -9207090.03051
535. Current log-likelihood: -9207089.81024
536. Current log-likelihood: -9207089.59355
537. Current log-likelihood: -9207089.37717
538. Current log-likelihood: -9207089.14495
539. Current log-likelihood: -9207088.92404
540. Current log-likelihood: -9207088.70381
541. Current log-likelihood: -9207088.48402
542. Current log-likelihood: -9207088.26044
543. Current log-likelihood: -9207088.03099
544. Current log-likelihood: -9207087.80714
545. Current log-likelihood: -9207087.58397
546. Current log-likelihood: -9207087.36131
547. Current log-likelihood: -9207087.13473
548. Current log-likelihood: -9207086.90027
549. Current log-likelihood: -9207086.67367
550. Current log-likelihood: -9207086.44768
551. Current log-likelihood: -9207086.22219
552. Current log-likelihood: -9207085.99287
553. Current log-likelihood: -9207085.75524
554. Current log-likelihood: -9207085.52539
555. Current log-likelihood: -9207085.29660
556. Current log-likelihood: -9207085.06820
557. Current log-likelihood: -9207084.84031
558. Current log-likelihood: -9207084.59593
559. Current log-likelihood: -9207084.36244
560. Current log-likelihood: -9207084.13055
561. Current log-likelihood: -9207083.89916
562. Current log-likelihood: -9207083.66831
563. Current log-likelihood: -9207083.42239
564. Current log-likelihood: -9207083.18634
565. Current log-likelihood: -9207082.95150
566. Current log-likelihood: -9207082.71710
567. Current log-likelihood: -9207082.48326
568. Current log-likelihood: -9207082.23253
569. Current log-likelihood: -9207081.99273
570. Current log-likelihood: -9207081.75471
571. Current log-likelihood: -9207081.51725
572. Current log-likelihood: -9207081.28039
573. Current log-likelihood: -9207081.02583
574. Current log-likelihood: -9207080.78345
575. Current log-likelihood: -9207080.54236
576. Current log-likelihood: -9207080.30178
577. Current log-likelihood: -9207080.06181
578. Current log-likelihood: -9207079.80385
579. Current log-likelihood: -9207079.55829
580. Current log-likelihood: -9207079.31405
581. Current log-likelihood: -9207079.07036
582. Current log-likelihood: -9207078.82730
583. Current log-likelihood: -9207078.56573
584. Current log-likelihood: -9207078.31689
585. Current log-likelihood: -9207078.06945
586. Current log-likelihood: -9207077.82260
587. Current log-likelihood: -9207077.56350
588. Current log-likelihood: -9207077.30618
589. Current log-likelihood: -9207077.05515
590. Current log-likelihood: -9207076.80531
591. Current log-likelihood: -9207076.55619
592. Current log-likelihood: -9207076.29326
593. Current log-likelihood: -9207076.03405
594. Current log-likelihood: -9207075.78049
595. Current log-likelihood: -9207075.52772
596. Current log-likelihood: -9207075.26393
597. Current log-likelihood: -9207075.00170
598. Current log-likelihood: -9207074.74494
599. Current log-likelihood: -9207074.48940
600. Current log-likelihood: -9207074.22089
601. Current log-likelihood: -9207073.95436
602. Current log-likelihood: -9207073.65869
603. Current log-likelihood: -9207073.36117
604. Current log-likelihood: -9207073.04550
605. Current log-likelihood: -9207072.74197
606. Current log-likelihood: -9207072.44020
607. Current log-likelihood: -9207072.13498
608. Current log-likelihood: -9207071.81984
609. Current log-likelihood: -9207071.51251
610. Current log-likelihood: -9207071.20116
611. Current log-likelihood: -9207070.89711
612. Current log-likelihood: -9207070.57265
613. Current log-likelihood: -9207070.26160
614. Current log-likelihood: -9207069.95258
615. Current log-likelihood: -9207069.64019
616. Current log-likelihood: -9207069.31649
617. Current log-likelihood: -9207068.99709
618. Current log-likelihood: -9207068.68425
619. Current log-likelihood: -9207068.37267
620. Current log-likelihood: -9207068.04054
621. Current log-likelihood: -9207067.72167
622. Current log-likelihood: -9207067.40530
623. Current log-likelihood: -9207067.07291
624. Current log-likelihood: -9207066.75072
625. Current log-likelihood: -9207066.43067
626. Current log-likelihood: -9207066.10535
627. Current log-likelihood: -9207065.77123
628. Current log-likelihood: -9207065.44561
629. Current log-likelihood: -9207065.12215
630. Current log-likelihood: -9207064.79700
631. Current log-likelihood: -9207064.45393
632. Current log-likelihood: -9207064.12455
633. Current log-likelihood: -9207063.79744
634. Current log-likelihood: -9207063.45365
635. Current log-likelihood: -9207063.12070
636. Current log-likelihood: -9207062.79010
637. Current log-likelihood: -9207062.45443
638. Current log-likelihood: -9207062.10823
639. Current log-likelihood: -9207061.77202
640. Current log-likelihood: -9207061.43201
641. Current log-likelihood: -9207061.08518
642. Current log-likelihood: -9207060.74048
643. Current log-likelihood: -9207060.40288
644. Current log-likelihood: -9207060.05259
645. Current log-likelihood: -9207059.70454
646. Current log-likelihood: -9207059.36381
647. Current log-likelihood: -9207059.00658
648. Current log-likelihood: -9207058.66047
649. Current log-likelihood: -9207058.31653
650. Current log-likelihood: -9207057.95544
651. Current log-likelihood: -9207057.60599
652. Current log-likelihood: -9207057.25888
653. Current log-likelihood: -9207056.89540
654. Current log-likelihood: -9207056.54268
655. Current log-likelihood: -9207056.19258
656. Current log-likelihood: -9207055.82582
657. Current log-likelihood: -9207055.46997
658. Current log-likelihood: -9207055.11680
659. Current log-likelihood: -9207054.74668
660. Current log-likelihood: -9207054.38765
661. Current log-likelihood: -9207054.03138
662. Current log-likelihood: -9207053.65791
663. Current log-likelihood: -9207053.29577
664. Current log-likelihood: -9207052.93640
665. Current log-likelihood: -9207052.56011
666. Current log-likelihood: -9207052.19241
667. Current log-likelihood: -9207051.83010
668. Current log-likelihood: -9207051.45081
669. Current log-likelihood: -9207051.08232
670. Current log-likelihood: -9207050.71671
671. Current log-likelihood: -9207050.33316
672. Current log-likelihood: -9207049.96133
673. Current log-likelihood: -9207049.59253
674. Current log-likelihood: -9207049.20620
675. Current log-likelihood: -9207048.82883
676. Current log-likelihood: -9207048.45705
677. Current log-likelihood: -9207048.06755
678. Current log-likelihood: -9207047.68946
679. Current log-likelihood: -9207047.31438
680. Current log-likelihood: -9207046.92111
681. Current log-likelihood: -9207046.53729
682. Current log-likelihood: -9207046.15915
683. Current log-likelihood: -9207045.76275
684. Current log-likelihood: -9207045.37809
685. Current log-likelihood: -9207044.99660
686. Current log-likelihood: -9207044.59646
687. Current log-likelihood: -9207044.20613
688. Current log-likelihood: -9207043.82159
689. Current log-likelihood: -9207043.41826
690. Current log-likelihood: -9207043.02707
691. Current log-likelihood: -9207042.63919
692. Current log-likelihood: -9207042.23207
693. Current log-likelihood: -9207041.83597
694. Current log-likelihood: -9207041.44487
695. Current log-likelihood: -9207041.03484
696. Current log-likelihood: -9207040.63472
697. Current log-likelihood: -9207040.24049
698. Current log-likelihood: -9207039.82681
699. Current log-likelihood: -9207039.42575
700. Current log-likelihood: -9207039.02821
701. Current log-likelihood: -9207038.61035
702. Current log-likelihood: -9207038.15787
703. Current log-likelihood: -9207037.70556
704. Current log-likelihood: -9207037.22896
705. Current log-likelihood: -9207036.76693
706. Current log-likelihood: -9207036.30829
707. Current log-likelihood: -9207035.82735
708. Current log-likelihood: -9207035.36010
709. Current log-likelihood: -9207034.87337
710. Current log-likelihood: -9207034.40329
711. Current log-likelihood: -9207033.93684
712. Current log-likelihood: -9207033.45017
713. Current log-likelihood: -9207032.97569
714. Current log-likelihood: -9207032.49043
715. Current log-likelihood: -9207032.01290
716. Current log-likelihood: -9207031.53956
717. Current log-likelihood: -9207031.04445
718. Current log-likelihood: -9207030.56275
719. Current log-likelihood: -9207030.07014
720. Current log-likelihood: -9207029.58545
721. Current log-likelihood: -9207029.10514
722. Current log-likelihood: -9207028.60245
723. Current log-likelihood: -9207028.11383
724. Current log-likelihood: -9207027.61409
725. Current log-likelihood: -9207027.12223
726. Current log-likelihood: -9207026.63492
727. Current log-likelihood: -9207026.12495
728. Current log-likelihood: -9207025.62907
729. Current log-likelihood: -9207025.12185
730. Current log-likelihood: -9207024.62294
731. Current log-likelihood: -9207024.12660
732. Current log-likelihood: -9207023.61057
733. Current log-likelihood: -9207023.10882
734. Current log-likelihood: -9207022.59254
735. Current log-likelihood: -9207022.08653
736. Current log-likelihood: -9207021.56916
737. Current log-likelihood: -9207021.05998
738. Current log-likelihood: -9207020.55370
739. Current log-likelihood: -9207020.02724
740. Current log-likelihood: -9207019.51556
741. Current log-likelihood: -9207018.98919
742. Current log-likelihood: -9207018.47311
743. Current log-likelihood: -9207017.94531
744. Current log-likelihood: -9207017.42616
745. Current log-likelihood: -9207016.89460
746. Current log-likelihood: -9207016.37221
747. Current log-likelihood: -9207015.83872
748. Current log-likelihood: -9207015.31375
749. Current log-likelihood: -9207014.77631
750. Current log-likelihood: -9207014.24814
751. Current log-likelihood: -9207013.70874
752. Current log-likelihood: -9207013.17847
753. Current log-likelihood: -9207012.63491
754. Current log-likelihood: -9207012.10110
755. Current log-likelihood: -9207011.55578
756. Current log-likelihood: -9207011.01982
757. Current log-likelihood: -9207010.47035
758. Current log-likelihood: -9207009.93079
759. Current log-likelihood: -9207009.37959
760. Current log-likelihood: -9207008.83805
761. Current log-likelihood: -9207008.28269
762. Current log-likelihood: -9207007.73936
763. Current log-likelihood: -9207007.18151
764. Current log-likelihood: -9207006.63423
765. Current log-likelihood: -9207006.07304
766. Current log-likelihood: -9207005.52425
767. Current log-likelihood: -9207004.96053
768. Current log-likelihood: -9207004.40767
769. Current log-likelihood: -9207003.84065
770. Current log-likelihood: -9207003.28628
771. Current log-likelihood: -9207002.71673
772. Current log-likelihood: -9207002.15668
773. Current log-likelihood: -9207001.58532
774. Current log-likelihood: -9207001.02411
775. Current log-likelihood: -9207000.44851
776. Current log-likelihood: -9206999.88641
777. Current log-likelihood: -9206999.30802
778. Current log-likelihood: -9206998.74178
779. Current log-likelihood: -9206998.16074
780. Current log-likelihood: -9206997.59302
781. Current log-likelihood: -9206997.00889
782. Current log-likelihood: -9206996.43557
783. Current log-likelihood: -9206995.84980
784. Current log-likelihood: -9206995.27523
785. Current log-likelihood: -9206994.68577
786. Current log-likelihood: -9206994.10836
787. Current log-likelihood: -9206993.51694
788. Current log-likelihood: -9206992.93701
789. Current log-likelihood: -9206992.34178
790. Current log-likelihood: -9206991.75907
791. Current log-likelihood: -9206991.16198
792. Current log-likelihood: -9206990.57520
793. Current log-likelihood: -9206989.97532
794. Current log-likelihood: -9206989.38751
795. Current log-likelihood: -9206988.78401
796. Current log-likelihood: -9206988.19343
797. Current log-likelihood: -9206987.58804
798. Current log-likelihood: -9206986.99511
799. Current log-likelihood: -9206986.38594
800. Current log-likelihood: -9206985.79057
801. Current log-likelihood: -9206985.17979
802. Current log-likelihood: -9206984.52478
803. Current log-likelihood: -9206983.83968
804. Current log-likelihood: -9206983.17397
805. Current log-likelihood: -9206982.48365
806. Current log-likelihood: -9206981.81532
807. Current log-likelihood: -9206981.12224
808. Current log-likelihood: -9206980.45038
809. Current log-likelihood: -9206979.75630
810. Current log-likelihood: -9206979.07834
811. Current log-likelihood: -9206978.37946
812. Current log-likelihood: -9206977.70143
813. Current log-likelihood: -9206977.00101
814. Current log-likelihood: -9206976.31882
815. Current log-likelihood: -9206975.61286
816. Current log-likelihood: -9206974.92911
817. Current log-likelihood: -9206974.21969
818. Current log-likelihood: -9206973.53314
819. Current log-likelihood: -9206972.82050
820. Current log-likelihood: -9206972.13096
821. Current log-likelihood: -9206971.41517
822. Current log-likelihood: -9206970.72284
823. Current log-likelihood: -9206970.00392
824. Current log-likelihood: -9206969.30863
825. Current log-likelihood: -9206968.58675
826. Current log-likelihood: -9206967.88989
827. Current log-likelihood: -9206967.16468
828. Current log-likelihood: -9206966.46376
829. Current log-likelihood: -9206965.73570
830. Current log-likelihood: -9206965.03329
831. Current log-likelihood: -9206964.30207
832. Current log-likelihood: -9206963.59567
833. Current log-likelihood: -9206962.86245
834. Current log-likelihood: -9206962.15326
835. Current log-likelihood: -9206961.41755
836. Current log-likelihood: -9206960.70655
837. Current log-likelihood: -9206959.96623
838. Current log-likelihood: -9206959.25150
839. Current log-likelihood: -9206958.51017
840. Current log-likelihood: -9206957.79421
841. Current log-likelihood: -9206957.04815
842. Current log-likelihood: -9206956.32848
843. Current log-likelihood: -9206955.58397
844. Current log-likelihood: -9206954.86079
845. Current log-likelihood: -9206954.11108
846. Current log-likelihood: -9206953.38674
847. Current log-likelihood: -9206952.63423
848. Current log-likelihood: -9206951.90930
849. Current log-likelihood: -9206951.15165
850. Current log-likelihood: -9206950.42221
851. Current log-likelihood: -9206949.66476
852. Current log-likelihood: -9206948.93556
853. Current log-likelihood: -9206948.17250
854. Current log-likelihood: -9206947.44090
855. Current log-likelihood: -9206946.67549
856. Current log-likelihood: -9206945.94150
857. Current log-likelihood: -9206945.17711
858. Current log-likelihood: -9206944.43673
859. Current log-likelihood: -9206943.67172
860. Current log-likelihood: -9206942.93245
861. Current log-likelihood: -9206942.16197
862. Current log-likelihood: -9206941.42063
863. Current log-likelihood: -9206940.64798
864. Current log-likelihood: -9206939.90428
865. Current log-likelihood: -9206939.12939
866. Current log-likelihood: -9206938.38504
867. Current log-likelihood: -9206937.60639
868. Current log-likelihood: -9206936.86013
869. Current log-likelihood: -9206936.08158
870. Current log-likelihood: -9206935.32871
871. Current log-likelihood: -9206934.54966
872. Current log-likelihood: -9206933.79611
873. Current log-likelihood: -9206933.01342
874. Current log-likelihood: -9206932.25832
875. Current log-likelihood: -9206931.47496
876. Current log-likelihood: -9206930.71763
877. Current log-likelihood: -9206929.93080
878. Current log-likelihood: -9206929.17211
879. Current log-likelihood: -9206928.38470
880. Current log-likelihood: -9206927.62388
881. Current log-likelihood: -9206926.83311
882. Current log-likelihood: -9206926.07126
883. Current log-likelihood: -9206925.27972
884. Current log-likelihood: -9206924.51651
885. Current log-likelihood: -9206923.72203
886. Current log-likelihood: -9206922.96010
887. Current log-likelihood: -9206922.16465
888. Current log-likelihood: -9206921.39747
889. Current log-likelihood: -9206920.59940
890. Current log-likelihood: -9206919.83430
891. Current log-likelihood: -9206919.03370
892. Current log-likelihood: -9206918.26721
893. Current log-likelihood: -9206917.46491
894. Current log-likelihood: -9206916.69581
895. Current log-likelihood: -9206915.89255
896. Current log-likelihood: -9206915.12173
897. Current log-likelihood: -9206914.31740
898. Current log-likelihood: -9206913.54404
899. Current log-likelihood: -9206912.73770
900. Current log-likelihood: -9206911.94004
901. Current log-likelihood: -9206911.16320
902. Current log-likelihood: -9206910.29725
903. Current log-likelihood: -9206909.41936
904. Current log-likelihood: -9206908.56770
905. Current log-likelihood: -9206907.68267
906. Current log-likelihood: -9206906.80120
907. Current log-likelihood: -9206905.94777
908. Current log-likelihood: -9206905.06126
909. Current log-likelihood: -9206904.17750
910. Current log-likelihood: -9206903.32430
911. Current log-likelihood: -9206902.43297
912. Current log-likelihood: -9206901.55059
913. Current log-likelihood: -9206900.69571
914. Current log-likelihood: -9206899.80097
915. Current log-likelihood: -9206898.91734
916. Current log-likelihood: -9206898.06112
917. Current log-likelihood: -9206897.16559
918. Current log-likelihood: -9206896.27702
919. Current log-likelihood: -9206895.41815
920. Current log-likelihood: -9206894.52276
921. Current log-likelihood: -9206893.63658
922. Current log-likelihood: -9206892.77706
923. Current log-likelihood: -9206891.88023
924. Current log-likelihood: -9206890.98872
925. Current log-likelihood: -9206890.13079
926. Current log-likelihood: -9206889.23297
927. Current log-likelihood: -9206888.34044
928. Current log-likelihood: -9206887.48217
929. Current log-likelihood: -9206886.58346
930. Current log-likelihood: -9206885.69101
931. Current log-likelihood: -9206884.83097
932. Current log-likelihood: -9206883.93088
933. Current log-likelihood: -9206883.03842
934. Current log-likelihood: -9206882.17835
935. Current log-likelihood: -9206881.27905
936. Current log-likelihood: -9206880.38614
937. Current log-likelihood: -9206879.49759
938. Current log-likelihood: -9206878.63530
939. Current log-likelihood: -9206877.73622
940. Current log-likelihood: -9206876.84398
941. Current log-likelihood: -9206875.98392
942. Current log-likelihood: -9206875.08440
943. Current log-likelihood: -9206874.19130
944. Current log-likelihood: -9206873.33174
945. Current log-likelihood: -9206872.43225
946. Current log-likelihood: -9206871.53917
947. Current log-likelihood: -9206870.68020
948. Current log-likelihood: -9206869.78169
949. Current log-likelihood: -9206868.88960
950. Current log-likelihood: -9206868.03168
951. Current log-likelihood: -9206867.13339
952. Current log-likelihood: -9206866.24170
953. Current log-likelihood: -9206865.35224
954. Current log-likelihood: -9206864.49467
955. Current log-likelihood: -9206863.59958
956. Current log-likelihood: -9206862.71046
957. Current log-likelihood: -9206861.82317
958. Current log-likelihood: -9206860.96723
959. Current log-likelihood: -9206860.07352
960. Current log-likelihood: -9206859.18616
961. Current log-likelihood: -9206858.30112
962. Current log-likelihood: -9206857.44800
963. Current log-likelihood: -9206856.55579
964. Current log-likelihood: -9206855.67024
965. Current log-likelihood: -9206854.78737
966. Current log-likelihood: -9206853.93662
967. Current log-likelihood: -9206853.04625
968. Current log-likelihood: -9206852.16236
969. Current log-likelihood: -9206851.28318
970. Current log-likelihood: -9206850.43505
971. Current log-likelihood: -9206849.54777
972. Current log-likelihood: -9206848.66667
973. Current log-likelihood: -9206847.79085
974. Current log-likelihood: -9206846.94614
975. Current log-likelihood: -9206846.06162
976. Current log-likelihood: -9206845.18811
977. Current log-likelihood: -9206844.31398
978. Current log-likelihood: -9206843.47197
979. Current log-likelihood: -9206842.59127
980. Current log-likelihood: -9206841.72164
981. Current log-likelihood: -9206840.85046
982. Current log-likelihood: -9206839.98109
983. Current log-likelihood: -9206839.14469
984. Current log-likelihood: -9206838.26879
985. Current log-likelihood: -9206837.40465
986. Current log-likelihood: -9206836.53902
987. Current log-likelihood: -9206835.67568
988. Current log-likelihood: -9206834.84322
989. Current log-likelihood: -9206833.97391
990. Current log-likelihood: -9206833.11484
991. Current log-likelihood: -9206832.25454
992. Current log-likelihood: -9206831.39657
993. Current log-likelihood: -9206830.57159
994. Current log-likelihood: -9206829.70787
995. Current log-likelihood: -9206828.85484
996. Current log-likelihood: -9206828.00064
997. Current log-likelihood: -9206827.18124
998. Current log-likelihood: -9206826.32262
999. Current log-likelihood: -9206825.47495
1000. Current log-likelihood: -9206824.62881
1001. Current log-likelihood: -9206823.78434
1002. Current log-likelihood: -9206822.92401
1003. Current log-likelihood: -9206822.00529
1004. Current log-likelihood: -9206821.09547
1005. Current log-likelihood: -9206820.18993
1006. Current log-likelihood: -9206819.28611
1007. Current log-likelihood: -9206818.38358
1008. Current log-likelihood: -9206817.48326
1009. Current log-likelihood: -9206816.58499
1010. Current log-likelihood: -9206815.68703
1011. Current log-likelihood: -9206814.79239
1012. Current log-likelihood: -9206813.89933
1013. Current log-likelihood: -9206813.00885
1014. Current log-likelihood: -9206812.11977
1015. Current log-likelihood: -9206811.23360
1016. Current log-likelihood: -9206810.34876
1017. Current log-likelihood: -9206809.46581
1018. Current log-likelihood: -9206808.58589
1019. Current log-likelihood: -9206807.70764
1020. Current log-likelihood: -9206806.83122
1021. Current log-likelihood: -9206805.95798
1022. Current log-likelihood: -9206805.08642
1023. Current log-likelihood: -9206804.21742
1024. Current log-likelihood: -9206803.35032
1025. Current log-likelihood: -9206802.48512
1026. Current log-likelihood: -9206801.62327
1027. Current log-likelihood: -9206800.76312
1028. Current log-likelihood: -9206799.90460
1029. Current log-likelihood: -9206799.04953
1030. Current log-likelihood: -9206798.19582
1031. Current log-likelihood: -9206797.34566
1032. Current log-likelihood: -9206796.49672
1033. Current log-likelihood: -9206795.65213
1034. Current log-likelihood: -9206794.80925
1035. Current log-likelihood: -9206793.96802
1036. Current log-likelihood: -9206793.13051
1037. Current log-likelihood: -9206792.29443
1038. Current log-likelihood: -9206791.46261
1039. Current log-likelihood: -9206790.63259
1040. Current log-likelihood: -9206789.80429
1041. Current log-likelihood: -9206788.98047
1042. Current log-likelihood: -9206788.15896
1043. Current log-likelihood: -9206787.34019
1044. Current log-likelihood: -9206786.55455
1045. Current log-likelihood: -9206785.72789
1046. Current log-likelihood: -9206784.91705
1047. Current log-likelihood: -9206784.11004
1048. Current log-likelihood: -9206783.30517
1049. Current log-likelihood: -9206782.50196
1050. Current log-likelihood: -9206781.70339
1051. Current log-likelihood: -9206780.90715
1052. Current log-likelihood: -9206780.11249
1053. Current log-likelihood: -9206779.32248
1054. Current log-likelihood: -9206778.53411
1055. Current log-likelihood: -9206777.74998
1056. Current log-likelihood: -9206776.96741
1057. Current log-likelihood: -9206776.18916
1058. Current log-likelihood: -9206775.41251
1059. Current log-likelihood: -9206774.64013
1060. Current log-likelihood: -9206773.86948
1061. Current log-likelihood: -9206773.10315
1062. Current log-likelihood: -9206772.33860
1063. Current log-likelihood: -9206771.57836
1064. Current log-likelihood: -9206770.82053
1065. Current log-likelihood: -9206770.06609
1066. Current log-likelihood: -9206769.31421
1067. Current log-likelihood: -9206768.56584
1068. Current log-likelihood: -9206767.82120
1069. Current log-likelihood: -9206767.07863
1070. Current log-likelihood: -9206766.33966
1071. Current log-likelihood: -9206765.60449
1072. Current log-likelihood: -9206764.87146
1073. Current log-likelihood: -9206764.14198
1074. Current log-likelihood: -9206763.41640
1075. Current log-likelihood: -9206762.69296
1076. Current log-likelihood: -9206761.97310
1077. Current log-likelihood: -9206761.25703
1078. Current log-likelihood: -9206760.54385
1079. Current log-likelihood: -9206759.83399
1080. Current log-likelihood: -9206759.12776
1081. Current log-likelihood: -9206758.42400
1082. Current log-likelihood: -9206757.75345
1083. Current log-likelihood: -9206757.04545
1084. Current log-likelihood: -9206756.35209
1085. Current log-likelihood: -9206755.66228
1086. Current log-likelihood: -9206754.97554
1087. Current log-likelihood: -9206754.29217
1088. Current log-likelihood: -9206753.61206
1089. Current log-likelihood: -9206752.93593
1090. Current log-likelihood: -9206752.28956
1091. Current log-likelihood: -9206751.61187
1092. Current log-likelihood: -9206750.94511
1093. Current log-likelihood: -9206750.28199
1094. Current log-likelihood: -9206749.62217
1095. Current log-likelihood: -9206748.96573
1096. Current log-likelihood: -9206748.31289
1097. Current log-likelihood: -9206747.66329
1098. Current log-likelihood: -9206747.01729
1099. Current log-likelihood: -9206746.40324
1100. Current log-likelihood: -9206745.75610
1101. Current log-likelihood: -9206745.11967
1102. Current log-likelihood: -9206744.46196
1103. Current log-likelihood: -9206743.79132
1104. Current log-likelihood: -9206743.12471
1105. Current log-likelihood: -9206742.46179
1106. Current log-likelihood: -9206741.80281
1107. Current log-likelihood: -9206741.14808
1108. Current log-likelihood: -9206740.49704
1109. Current log-likelihood: -9206739.84991
1110. Current log-likelihood: -9206739.20701
1111. Current log-likelihood: -9206738.56803
1112. Current log-likelihood: -9206737.93298
1113. Current log-likelihood: -9206737.30159
1114. Current log-likelihood: -9206736.67424
1115. Current log-likelihood: -9206736.05107
1116. Current log-likelihood: -9206735.43187
1117. Current log-likelihood: -9206734.81669
1118. Current log-likelihood: -9206734.20540
1119. Current log-likelihood: -9206733.59813
1120. Current log-likelihood: -9206732.99422
1121. Current log-likelihood: -9206732.39466
1122. Current log-likelihood: -9206731.79917
1123. Current log-likelihood: -9206731.20762
1124. Current log-likelihood: -9206730.62001
1125. Current log-likelihood: -9206730.03631
1126. Current log-likelihood: -9206729.45657
1127. Current log-likelihood: -9206728.88070
1128. Current log-likelihood: -9206728.30878
1129. Current log-likelihood: -9206727.74073
1130. Current log-likelihood: -9206727.17700
1131. Current log-likelihood: -9206726.61639
1132. Current log-likelihood: -9206726.06001
1133. Current log-likelihood: -9206725.50751
1134. Current log-likelihood: -9206724.95886
1135. Current log-likelihood: -9206724.41412
1136. Current log-likelihood: -9206723.87318
1137. Current log-likelihood: -9206723.33613
1138. Current log-likelihood: -9206713.60675
1139. Current log-likelihood: -9206706.15415
1140. Current log-likelihood: -9206704.04215
1141. Current log-likelihood: -9206702.50188
1142. Current log-likelihood: -9206700.98126
1143. Current log-likelihood: -9206699.53547
1144. Current log-likelihood: -9206698.14090
1145. Current log-likelihood: -9206696.82805
1146. Current log-likelihood: -9206695.59070
1147. Current log-likelihood: -9206694.42065
1148. Current log-likelihood: -9206693.31323
1149. Current log-likelihood: -9206692.26416
1150. Current log-likelihood: -9206691.26682
1151. Current log-likelihood: -9206690.32057
1152. Current log-likelihood: -9206689.41841
1153. Current log-likelihood: -9206688.55610
1154. Current log-likelihood: -9206687.73215
1155. Current log-likelihood: -9206686.94175
1156. Current log-likelihood: -9206686.18370
1157. Current log-likelihood: -9206685.44372
1158. Current log-likelihood: -9206684.74012
1159. Current log-likelihood: -9206684.06104
1160. Current log-likelihood: -9206683.40507
1161. Current log-likelihood: -9206682.76948
1162. Current log-likelihood: -9206682.15271
1163. Current log-likelihood: -9206681.55244
1164. Current log-likelihood: -9206680.96869
1165. Current log-likelihood: -9206680.40014
1166. Current log-likelihood: -9206679.84540
1167. Current log-likelihood: -9206679.30345
1168. Current log-likelihood: -9206678.77340
1169. Current log-likelihood: -9206678.25452
1170. Current log-likelihood: -9206677.74599
1171. Current log-likelihood: -9206677.24713
1172. Current log-likelihood: -9206676.75881
1173. Current log-likelihood: -9206676.27784
1174. Current log-likelihood: -9206675.80575
1175. Current log-likelihood: -9206675.34003
1176. Current log-likelihood: -9206674.88148
1177. Current log-likelihood: -9206674.43134
1178. Current log-likelihood: -9206673.98611
1179. Current log-likelihood: -9206673.54705
1180. Current log-likelihood: -9206673.11533
1181. Current log-likelihood: -9206672.68735
1182. Current log-likelihood: -9206672.26632
1183. Current log-likelihood: -9206671.84904
1184. Current log-likelihood: -9206671.43833
1185. Current log-likelihood: -9206671.03099
1186. Current log-likelihood: -9206670.64363
1187. Current log-likelihood: -9206670.24524
1188. Current log-likelihood: -9206669.85258
1189. Current log-likelihood: -9206669.46376
1190. Current log-likelihood: -9206669.07963
1191. Current log-likelihood: -9206668.69923
1192. Current log-likelihood: -9206668.32274
1193. Current log-likelihood: -9206667.95039
1194. Current log-likelihood: -9206667.58197
1195. Current log-likelihood: -9206667.21769
1196. Current log-likelihood: -9206666.86758
1197. Current log-likelihood: -9206666.50939
1198. Current log-likelihood: -9206666.15699
1199. Current log-likelihood: -9206665.80559
1200. Current log-likelihood: -9206665.45821
1201. Current log-likelihood: -9206665.11435
1202. Current log-likelihood: -9206664.76669
1203. Current log-likelihood: -9206664.41306
1204. Current log-likelihood: -9206664.06274
1205. Current log-likelihood: -9206663.71684
1206. Current log-likelihood: -9206663.37376
1207. Current log-likelihood: -9206663.03562
1208. Current log-likelihood: -9206662.69861
1209. Current log-likelihood: -9206662.36484
1210. Current log-likelihood: -9206662.03526
1211. Current log-likelihood: -9206661.70895
1212. Current log-likelihood: -9206661.38503
1213. Current log-likelihood: -9206661.06581
1214. Current log-likelihood: -9206660.74839
1215. Current log-likelihood: -9206660.43365
1216. Current log-likelihood: -9206660.12227
1217. Current log-likelihood: -9206659.81391
1218. Current log-likelihood: -9206659.50967
1219. Current log-likelihood: -9206659.20674
1220. Current log-likelihood: -9206658.90697
1221. Current log-likelihood: -9206658.60951
1222. Current log-likelihood: -9206658.31553
1223. Current log-likelihood: -9206658.02552
1224. Current log-likelihood: -9206657.73680
1225. Current log-likelihood: -9206657.45117
1226. Current log-likelihood: -9206657.16807
1227. Current log-likelihood: -9206656.88905
1228. Current log-likelihood: -9206656.61120
1229. Current log-likelihood: -9206656.33568
1230. Current log-likelihood: -9206656.06335
1231. Current log-likelihood: -9206655.79478
1232. Current log-likelihood: -9206655.52741
1233. Current log-likelihood: -9206655.26279
1234. Current log-likelihood: -9206655.00234
1235. Current log-likelihood: -9206654.74211
1236. Current log-likelihood: -9206654.48538
1237. Current log-likelihood: -9206654.25449
1238. Current log-likelihood: -9206653.99820
1239. Current log-likelihood: -9206653.74842
1240. Current log-likelihood: -9206653.50208
1241. Current log-likelihood: -9206653.25673
1242. Current log-likelihood: -9206653.01410
1243. Current log-likelihood: -9206652.77533
1244. Current log-likelihood: -9206652.53726
1245. Current log-likelihood: -9206652.30190
1246. Current log-likelihood: -9206652.06973
1247. Current log-likelihood: -9206651.83847
1248. Current log-likelihood: -9206651.63252
1249. Current log-likelihood: -9206651.40194
1250. Current log-likelihood: -9206651.17739
1251. Current log-likelihood: -9206650.95645
1252. Current log-likelihood: -9206650.75744
1253. Current log-likelihood: -9206650.53714
1254. Current log-likelihood: -9206650.32092
1255. Current log-likelihood: -9206650.10691
1256. Current log-likelihood: -9206649.89643
1257. Current log-likelihood: -9206649.70725
1258. Current log-likelihood: -9206649.49748
1259. Current log-likelihood: -9206649.29133
1260. Current log-likelihood: -9206649.10976
1261. Current log-likelihood: -9206648.90406
1262. Current log-likelihood: -9206648.70388
1263. Current log-likelihood: -9206648.50673
1264. Current log-likelihood: -9206648.33098
1265. Current log-likelihood: -9206648.13488
1266. Current log-likelihood: -9206647.94227
1267. Current log-likelihood: -9206647.77321
1268. Current log-likelihood: -9206647.58106
1269. Current log-likelihood: -9206647.39535
1270. Current log-likelihood: -9206647.23068
1271. Current log-likelihood: -9206647.04560
1272. Current log-likelihood: -9206646.86358
1273. Current log-likelihood: -9206646.68502
1274. Current log-likelihood: -9206646.52668
1275. Current log-likelihood: -9206646.34871
1276. Current log-likelihood: -9206646.17359
1277. Current log-likelihood: -9206646.00228
1278. Current log-likelihood: -9206645.85009
1279. Current log-likelihood: -9206645.67933
1280. Current log-likelihood: -9206645.51135
1281. Current log-likelihood: -9206645.36544
1282. Current log-likelihood: -9206645.19776
1283. Current log-likelihood: -9206645.03633
1284. Current log-likelihood: -9206644.89347
1285. Current log-likelihood: -9206644.73187
1286. Current log-likelihood: -9206644.57282
1287. Current log-likelihood: -9206644.43688
1288. Current log-likelihood: -9206644.27788
1289. Current log-likelihood: -9206644.12567
1290. Current log-likelihood: -9206643.99153
1291. Current log-likelihood: -9206643.83899
1292. Current log-likelihood: -9206643.66491
1293. Current log-likelihood: -9206643.53756
1294. Current log-likelihood: -9206643.38885
1295. Current log-likelihood: -9206643.24465
1296. Current log-likelihood: -9206643.12038
1297. Current log-likelihood: -9206642.97570
1298. Current log-likelihood: -9206642.83539
1299. Current log-likelihood: -9206642.71473
1300. Current log-likelihood: -9206642.57532
1301. Current log-likelihood: -9206642.45758
1302. Current log-likelihood: -9206642.31834
1303. Current log-likelihood: -9206642.17784
1304. Current log-likelihood: -9206642.06069
1305. Current log-likelihood: -9206641.92111
1306. Current log-likelihood: -9206641.78672
1307. Current log-likelihood: -9206641.65219
1308. Current log-likelihood: -9206641.53985
1309. Current log-likelihood: -9206641.40558
1310. Current log-likelihood: -9206641.27601
1311. Current log-likelihood: -9206641.16753
1312. Current log-likelihood: -9206641.03703
1313. Current log-likelihood: -9206640.93094
1314. Current log-likelihood: -9206640.80280
1315. Current log-likelihood: -9206640.65857
1316. Current log-likelihood: -9206640.55544
1317. Current log-likelihood: -9206640.43258
1318. Current log-likelihood: -9206640.29363
1319. Current log-likelihood: -9206640.19224
1320. Current log-likelihood: -9206640.07487
1321. Current log-likelihood: -9206639.93838
1322. Current log-likelihood: -9206639.84117
1323. Current log-likelihood: -9206639.72503
1324. Current log-likelihood: -9206639.61355
1325. Current log-likelihood: -9206639.52166
1326. Current log-likelihood: -9206639.40860
1327. Current log-likelihood: -9206639.31913
1328. Current log-likelihood: -9206639.20820
1329. Current log-likelihood: -9206639.08277
1330. Current log-likelihood: -9206638.99468
1331. Current log-likelihood: -9206638.88802
1332. Current log-likelihood: -9206638.80394
1333. Current log-likelihood: -9206638.69831
1334. Current log-likelihood: -9206638.57912
1335. Current log-likelihood: -9206638.49576
1336. Current log-likelihood: -9206638.39433
1337. Current log-likelihood: -9206638.31460
1338. Current log-likelihood: -9206638.21352
1339. Current log-likelihood: -9206638.11688
1340. Current log-likelihood: -9206638.03928
1341. Current log-likelihood: -9206637.94177
1342. Current log-likelihood: -9206637.86695
1343. Current log-likelihood: -9206637.77308
1344. Current log-likelihood: -9206637.69729
1345. Current log-likelihood: -9206637.60461
1346. Current log-likelihood: -9206637.53276
1347. Current log-likelihood: -9206637.43982
1348. Current log-likelihood: -9206637.36981
1349. Current log-likelihood: -9206637.28008
1350. Current log-likelihood: -9206637.20998
1351. Current log-likelihood: -9206637.12195
1352. Current log-likelihood: -9206637.05462
1353. Current log-likelihood: -9206636.96675
1354. Current log-likelihood: -9206636.90112
1355. Current log-likelihood: -9206636.81671
1356. Current log-likelihood: -9206636.75080
1357. Current log-likelihood: -9206636.66765
1358. Current log-likelihood: -9206636.60399
1359. Current log-likelihood: -9206636.52227
1360. Current log-likelihood: -9206636.45973
1361. Current log-likelihood: -9206636.38021
1362. Current log-likelihood: -9206636.31792
1363. Current log-likelihood: -9206636.23938
1364. Current log-likelihood: -9206636.17969
1365. Current log-likelihood: -9206636.10194
1366. Current log-likelihood: -9206636.04292
1367. Current log-likelihood: -9206635.96844
1368. Current log-likelihood: -9206635.91073
1369. Current log-likelihood: -9206635.83588
1370. Current log-likelihood: -9206635.77922
1371. Current log-likelihood: -9206635.70757
1372. Current log-likelihood: -9206635.65031
1373. Current log-likelihood: -9206635.57913
1374. Current log-likelihood: -9206635.52570
1375. Current log-likelihood: -9206635.45356
1376. Current log-likelihood: -9206635.40177
1377. Current log-likelihood: -9206635.33220
1378. Current log-likelihood: -9206635.28098
1379. Current log-likelihood: -9206635.21248
1380. Current log-likelihood: -9206635.16132
1381. Current log-likelihood: -9206635.09618
1382. Current log-likelihood: -9206635.04422
1383. Current log-likelihood: -9206634.97996
1384. Current log-likelihood: -9206634.93038
1385. Current log-likelihood: -9206634.86505
1386. Current log-likelihood: -9206634.81801
1387. Current log-likelihood: -9206634.75507
1388. Current log-likelihood: -9206634.70769
1389. Current log-likelihood: -9206634.64533
1390. Current log-likelihood: -9206634.59947
1391. Current log-likelihood: -9206634.53945
1392. Current log-likelihood: -9206634.49404
1393. Current log-likelihood: -9206634.43340
1394. Current log-likelihood: -9206634.38948
1395. Current log-likelihood: -9206634.33193
1396. Current log-likelihood: -9206634.28838
1397. Current log-likelihood: -9206634.23105
1398. Current log-likelihood: -9206634.18707
1399. Current log-likelihood: -9206634.13135
1400. Current log-likelihood: -9206634.09000
1401. Current log-likelihood: -9206634.03364
1402. Current log-likelihood: -9206633.99179
1403. Current log-likelihood: -9206633.93759
1404. Current log-likelihood: -9206633.89600
1405. Current log-likelihood: -9206633.84050
1406. Current log-likelihood: -9206633.79990
1407. Current log-likelihood: -9206633.74731
1408. Current log-likelihood: -9206633.70749
1409. Current log-likelihood: -9206633.65493
1410. Current log-likelihood: -9206633.61466
1411. Current log-likelihood: -9206633.56424
1412. Current log-likelihood: -9206633.52592
1413. Current log-likelihood: -9206633.47533
1414. Current log-likelihood: -9206633.43703
1415. Current log-likelihood: -9206633.38853
1416. Current log-likelihood: -9206633.35174
1417. Current log-likelihood: -9206633.30310
1418. Current log-likelihood: -9206633.26593
1419. Current log-likelihood: -9206633.21913
1420. Current log-likelihood: -9206633.18374
1421. Current log-likelihood: -9206633.13687
1422. Current log-likelihood: -9206633.10108
1423. Current log-likelihood: -9206633.05601
1424. Current log-likelihood: -9206633.02202
1425. Current log-likelihood: -9206632.97758
1426. Current log-likelihood: -9206632.94342
1427. Current log-likelihood: -9206632.90006
1428. Current log-likelihood: -9206632.86728
1429. Current log-likelihood: -9206632.82346
1430. Current log-likelihood: -9206632.79064
1431. Current log-likelihood: -9206632.74843
1432. Current log-likelihood: -9206632.71647
1433. Current log-likelihood: -9206632.67640
1434. Current log-likelihood: -9206632.64313
1435. Current log-likelihood: -9206632.61613
1436. Current log-likelihood: -9206632.57388
1437. Current log-likelihood: -9206632.54398
1438. Current log-likelihood: -9206632.50550
1439. Current log-likelihood: -9206632.47377
1440. Current log-likelihood: -9206632.44824
1441. Current log-likelihood: -9206632.40778
1442. Current log-likelihood: -9206632.37938
1443. Current log-likelihood: -9206632.34162
1444. Current log-likelihood: -9206632.31202
1445. Current log-likelihood: -9206632.28808
1446. Current log-likelihood: -9206632.25005
1447. Current log-likelihood: -9206632.22270
1448. Current log-likelihood: -9206632.19953
1449. Current log-likelihood: -9206632.16043
1450. Current log-likelihood: -9206632.13440
1451. Current log-likelihood: -9206632.09963
1452. Current log-likelihood: -9206632.07306
1453. Current log-likelihood: -9206632.05062
1454. Current log-likelihood: -9206632.01301
1455. Current log-likelihood: -9206631.98843
1456. Current log-likelihood: -9206631.95497
1457. Current log-likelihood: -9206631.92958
1458. Current log-likelihood: -9206631.90824
1459. Current log-likelihood: -9206631.87382
1460. Current log-likelihood: -9206631.84847
1461. Current log-likelihood: -9206631.82815
1462. Current log-likelihood: -9206631.79497
1463. Current log-likelihood: -9206631.77128
1464. Current log-likelihood: -9206631.75139
1465. Current log-likelihood: -9206631.71852
1466. Current log-likelihood: -9206631.69438
1467. Current log-likelihood: -9206631.67524
1468. Current log-likelihood: -9206631.64267
1469. Current log-likelihood: -9206631.62068
1470. Current log-likelihood: -9206631.60215
1471. Current log-likelihood: -9206631.57146
1472. Current log-likelihood: -9206631.54783
1473. Current log-likelihood: -9206631.52934
1474. Current log-likelihood: -9206631.49843
1475. Current log-likelihood: -9206631.47748
1476. Current log-likelihood: -9206631.45946
1477. Current log-likelihood: -9206631.43006
1478. Current log-likelihood: -9206631.40723
1479. Current log-likelihood: -9206631.38985
1480. Current log-likelihood: -9206631.36006
1481. Current log-likelihood: -9206631.33958
1482. Current log-likelihood: -9206631.32286
1483. Current log-likelihood: -9206631.29473
1484. Current log-likelihood: -9206631.27475
1485. Current log-likelihood: -9206631.25620
1486. Current log-likelihood: -9206631.22765
1487. Current log-likelihood: -9206631.20801
1488. Current log-likelihood: -9206631.19201
1489. Current log-likelihood: -9206631.16507
1490. Current log-likelihood: -9206631.14572
1491. Current log-likelihood: -9206631.12818
1492. Current log-likelihood: -9206631.10016
1493. Current log-likelihood: -9206631.08211
1494. Current log-likelihood: -9206631.06582
1495. Current log-likelihood: -9206631.03972
1496. Current log-likelihood: -9206631.02120
1497. Current log-likelihood: -9206631.00620
1498. Current log-likelihood: -9206630.97870
1499. Current log-likelihood: -9206630.96080
1500. Current log-likelihood: -9206630.94520
1501. Current log-likelihood: -9206630.91995
1502. Current log-likelihood: -9206630.90197
1503. Current log-likelihood: -9206630.88760
1504. Current log-likelihood: -9206630.87498
1505. Current log-likelihood: -9206630.84746
1506. Current log-likelihood: -9206630.83056
1507. Current log-likelihood: -9206630.81622
1508. Current log-likelihood: -9206630.79108
1509. Current log-likelihood: -9206630.77390
1510. Current log-likelihood: -9206630.76065
1511. Current log-likelihood: -9206630.74825
1512. Current log-likelihood: -9206630.72164
1513. Current log-likelihood: -9206630.70577
1514. Current log-likelihood: -9206630.69281
1515. Current log-likelihood: -9206630.66793
1516. Current log-likelihood: -9206630.65168
1517. Current log-likelihood: -9206630.63881
1518. Current log-likelihood: -9206630.62683
1519. Current log-likelihood: -9206630.60301
1520. Current log-likelihood: -9206630.58526
1521. Current log-likelihood: -9206630.57183
1522. Current log-likelihood: -9206630.56041
1523. Current log-likelihood: -9206630.53541
1524. Current log-likelihood: -9206630.51979
1525. Current log-likelihood: -9206630.50734
1526. Current log-likelihood: -9206630.49531
1527. Current log-likelihood: -9206630.47120
1528. Current log-likelihood: -9206630.45597
1529. Current log-likelihood: -9206630.44047
1530. Current log-likelihood: -9206630.42816
1531. Current log-likelihood: -9206630.40444
1532. Current log-likelihood: -9206630.38798
1533. Current log-likelihood: -9206630.37433
1534. Current log-likelihood: -9206630.36167
1535. Current log-likelihood: -9206630.34974
1536. Current log-likelihood: -9206630.32421
1537. Current log-likelihood: -9206630.30792
1538. Current log-likelihood: -9206630.29316
1539. Current log-likelihood: -9206630.27941
1540. Current log-likelihood: -9206630.26394
1541. Current log-likelihood: -9206630.23746
1542. Current log-likelihood: -9206630.22026
1543. Current log-likelihood: -9206630.20459
1544. Current log-likelihood: -9206630.18961
1545. Current log-likelihood: -9206630.17494
1546. Current log-likelihood: -9206630.14700
1547. Current log-likelihood: -9206630.12796
1548. Current log-likelihood: -9206630.11075
1549. Current log-likelihood: -9206630.09423
1550. Current log-likelihood: -9206630.07780
1551. Current log-likelihood: -9206630.06115
1552. Current log-likelihood: -9206630.02974
1553. Current log-likelihood: -9206630.00817
1554. Current log-likelihood: -9206629.98746
1555. Current log-likelihood: -9206629.96628
1556. Current log-likelihood: -9206629.94579
1557. Current log-likelihood: -9206629.92382
1558. Current log-likelihood: -9206629.90055
1559. Current log-likelihood: -9206629.87694
1560. Current log-likelihood: -9206629.85187
1561. Current log-likelihood: -9206629.82658
1562. Current log-likelihood: -9206629.79849
1563. Current log-likelihood: -9206629.76870
1564. Current log-likelihood: -9206629.73773
1565. Current log-likelihood: -9206629.70469
1566. Current log-likelihood: -9206629.66837
1567. Current log-likelihood: -9206629.62975
1568. Current log-likelihood: -9206629.58796
1569. Current log-likelihood: -9206629.54425
1570. Current log-likelihood: -9206629.49780
1571. Current log-likelihood: -9206629.44248
1572. Current log-likelihood: -9206629.38673
1573. Current log-likelihood: -9206629.32780
1574. Current log-likelihood: -9206629.26469
1575. Current log-likelihood: -9206629.19640
1576. Current log-likelihood: -9206629.12128
1577. Current log-likelihood: -9206629.04058
1578. Current log-likelihood: -9206628.95341
1579. Current log-likelihood: -9206628.86069
1580. Current log-likelihood: -9206628.76076
1581. Current log-likelihood: -9206628.65156
1582. Current log-likelihood: -9206628.53557
1583. Current log-likelihood: -9206628.41077
1584. Current log-likelihood: -9206628.27761
1585. Current log-likelihood: -9206628.13424
1586. Current log-likelihood: -9206627.97439
1587. Current log-likelihood: -9206627.80343
1588. Current log-likelihood: -9206627.61928
1589. Current log-likelihood: -9206627.42307
1590. Current log-likelihood: -9206627.21444
1591. Current log-likelihood: -9206626.99017
1592. Current log-likelihood: -9206626.75128
1593. Current log-likelihood: -9206626.48765
1594. Current log-likelihood: -9206626.20458
1595. Current log-likelihood: -9206625.89998
1596. Current log-likelihood: -9206625.57090
1597. Current log-likelihood: -9206625.20971
1598. Current log-likelihood: -9206624.93572
1599. Current log-likelihood: -9206624.87851
1600. Current log-likelihood: -9206624.86429
1601. Current log-likelihood: -9206624.86026
1602. Current log-likelihood: -9206624.85945
Final estimation on weights:
0.41585,0.00210,0.58205
Wrote distance file to... 
BEST SCORE FOUND : -9206624.85945
Total tree lengths: 0.47056 10.83224 0.07517

Total number of iterations: 1600
CPU time used for tree search: 0.00002 sec (0h:0m:0s)
Wall-clock time used for tree search: 0.00001 sec (0h:0m:0s)
Total CPU time used: 443027.92011 sec (123h:3m:47s)
Total wall-clock time used: 15383.73691 sec (4h:16m:23s)

Analysis results written to: 
  IQ-TREE report:                mast_all_occ80_JU3200_quartet_06.submodel6.iqtree
  Maximum-likelihood tree:       mast_all_occ80_JU3200_quartet_06.submodel6.treefile
  Screen log file:               mast_all_occ80_JU3200_quartet_06.submodel6.log

Date and Time: Thu Jul  9 03:38:43 2026
