IQ-TREE version 3.0.1 for Linux x86 64-bit built Jul  9 2025
Developed by Bui Quang Minh, Thomas Wong, Nhan Ly-Trong, Huaiyan Ren
Contributed by Lam-Tung Nguyen, Dominik Schrempf, Chris Bielow,
Olga Chernomor, Michael Woodhams, Diep Thi Hoang, Heiko Schmidt

Host:    c137 (AVX512, FMA3, 188 GB RAM)
Command: iqtree3 -s /vast/eande106/projects/Nicolas/github/CB_PopGen_HDR_MS/processed_data/tree_topology/mast/mast_hdr/occ80_JU3200_quartet_01_supermatrix.clean.fas -m TMIX{LG+FO+G,LG+FO+G,LG+FO+G}+T -te /vast/eande106/projects/Nicolas/github/CB_PopGen_HDR_MS/processed_data/tree_topology/mast/quartet_topologies/quartet_01_ECA2852_JU3200_topologies.tre --prefix mast_hdr_occ80_JU3200_quartet_01.submodel1 -T 48
Seed:    341275 (Using SPRNG - Scalable Parallel Random Number Generator)
Time:    Thu Jul  9 00:04:11 2026
Kernel:  AVX+FMA - 48 threads (48 CPU cores detected)

Reading alignment file /vast/eande106/projects/Nicolas/github/CB_PopGen_HDR_MS/processed_data/tree_topology/mast/mast_hdr/occ80_JU3200_quartet_01_supermatrix.clean.fas ... Fasta format detected
Reading fasta file: done in 0.0342541 secs using 20.02% CPU
Alignment most likely contains protein sequences
Constructing alignment: done in 0.170151 secs using 133.1% CPU
Alignment has 4 sequences with 163784 columns, 3891 distinct patterns
1190 parsimony-informative, 27240 singleton sites, 135354 constant sites
         Gap/Ambiguity  Composition  p-value
Analyzing sequences: done in 0.000135587 secs using 76.7% CPU
   1  PX506      4.62%    passed     49.42%
   2  QX1410     1.98%    passed    100.00%
   3  ECA2852    3.22%    passed     99.97%
   4  JU3200     2.86%    passed    100.00%
****  TOTAL      3.17%  0 sequences failed composition chi2 test (p-value<5%; df=19)
Number of input trees: 3
Minimum branch length is set to 0.0000010
Checking for duplicate sequences: done in 0.0001337 secs using 81.53% CPU

NOTE: 29 MB RAM (0 GB) is required!
According to the parsimony scores along the sites, the tree weights are initialized to:
0.9277311,0.0285714,0.0436975
Estimate model parameters (epsilon = 0.00100)
1. Initial log-likelihood: -648095.39956
2. Current log-likelihood: -647952.85077
3. Current log-likelihood: -647637.73875
4. Current log-likelihood: -647584.45376
5. Current log-likelihood: -647577.39748
6. Current log-likelihood: -647572.08371
7. Current log-likelihood: -647567.00009
8. Current log-likelihood: -647562.13499
9. Current log-likelihood: -647557.59380
10. Current log-likelihood: -647553.46390
11. Current log-likelihood: -647549.84552
12. Current log-likelihood: -647546.78905
13. Current log-likelihood: -647544.27844
14. Current log-likelihood: -647542.26222
15. Current log-likelihood: -647540.65738
16. Current log-likelihood: -647539.38737
17. Current log-likelihood: -647538.37321
18. Current log-likelihood: -647537.55677
19. Current log-likelihood: -647536.90069
20. Current log-likelihood: -647536.37892
21. Current log-likelihood: -647535.54745
22. Current log-likelihood: -647534.28928
23. Current log-likelihood: -647533.78095
24. Current log-likelihood: -647533.35090
25. Current log-likelihood: -647532.98587
26. Current log-likelihood: -647532.67942
27. Current log-likelihood: -647532.42206
28. Current log-likelihood: -647532.20575
29. Current log-likelihood: -647532.02368
30. Current log-likelihood: -647531.87163
31. Current log-likelihood: -647531.74330
32. Current log-likelihood: -647531.63624
33. Current log-likelihood: -647531.54666
34. Current log-likelihood: -647531.47044
35. Current log-likelihood: -647531.40565
36. Current log-likelihood: -647531.35046
37. Current log-likelihood: -647531.30277
38. Current log-likelihood: -647531.26203
39. Current log-likelihood: -647531.22747
40. Current log-likelihood: -647531.19694
41. Current log-likelihood: -647531.17080
42. Current log-likelihood: -647531.14775
43. Current log-likelihood: -647531.13296
44. Current log-likelihood: -647531.11154
45. Current log-likelihood: -647531.09887
46. Current log-likelihood: -647531.08158
47. Current log-likelihood: -647531.07049
48. Current log-likelihood: -647531.05580
49. Current log-likelihood: -647531.04578
50. Current log-likelihood: -647531.03350
51. Current log-likelihood: -647531.02431
52. Current log-likelihood: -647531.01308
53. Current log-likelihood: -647531.00446
54. Current log-likelihood: -647530.99457
55. Current log-likelihood: -647530.98642
56. Current log-likelihood: -647530.97689
57. Current log-likelihood: -647530.96908
58. Current log-likelihood: -647530.96168
59. Current log-likelihood: -647530.95270
60. Current log-likelihood: -647530.94521
61. Current log-likelihood: -647530.93775
62. Current log-likelihood: -647530.93072
63. Current log-likelihood: -647530.92221
64. Current log-likelihood: -647530.91505
65. Current log-likelihood: -647530.90831
66. Current log-likelihood: -647530.90050
67. Current log-likelihood: -647530.89346
68. Current log-likelihood: -647530.88642
69. Current log-likelihood: -647530.87985
70. Current log-likelihood: -647530.87202
71. Current log-likelihood: -647530.86521
72. Current log-likelihood: -647530.85884
73. Current log-likelihood: -647530.85153
74. Current log-likelihood: -647530.84479
75. Current log-likelihood: -647530.83851
76. Current log-likelihood: -647530.83129
77. Current log-likelihood: -647530.82472
78. Current log-likelihood: -647530.81851
79. Current log-likelihood: -647530.81145
80. Current log-likelihood: -647530.80502
81. Current log-likelihood: -647530.79889
82. Current log-likelihood: -647530.79197
83. Current log-likelihood: -647530.78563
84. Current log-likelihood: -647530.77960
85. Current log-likelihood: -647530.77316
86. Current log-likelihood: -647530.76724
87. Current log-likelihood: -647530.76048
88. Current log-likelihood: -647530.75431
89. Current log-likelihood: -647530.74849
90. Current log-likelihood: -647530.74222
91. Current log-likelihood: -647530.73645
92. Current log-likelihood: -647530.73023
93. Current log-likelihood: -647530.72441
94. Current log-likelihood: -647530.71829
95. Current log-likelihood: -647530.71222
96. Current log-likelihood: -647530.70659
97. Current log-likelihood: -647530.70049
98. Current log-likelihood: -647530.69494
99. Current log-likelihood: -647530.68893
100. Current log-likelihood: -647530.68343
101. Current log-likelihood: -647530.67745
102. Current log-likelihood: -647530.66871
103. Current log-likelihood: -647530.65739
104. Current log-likelihood: -647530.64643
105. Current log-likelihood: -647530.63574
106. Current log-likelihood: -647530.62517
107. Current log-likelihood: -647530.61482
108. Current log-likelihood: -647530.60451
109. Current log-likelihood: -647530.59421
110. Current log-likelihood: -647530.58414
111. Current log-likelihood: -647530.57421
112. Current log-likelihood: -647530.56432
113. Current log-likelihood: -647530.55445
114. Current log-likelihood: -647530.54496
115. Current log-likelihood: -647530.53526
116. Current log-likelihood: -647530.52596
117. Current log-likelihood: -647530.51648
118. Current log-likelihood: -647530.50741
119. Current log-likelihood: -647530.49800
120. Current log-likelihood: -647530.48885
121. Current log-likelihood: -647530.47980
122. Current log-likelihood: -647530.47083
123. Current log-likelihood: -647530.46215
124. Current log-likelihood: -647530.45332
125. Current log-likelihood: -647530.44462
126. Current log-likelihood: -647530.43617
127. Current log-likelihood: -647530.42763
128. Current log-likelihood: -647530.41922
129. Current log-likelihood: -647530.41104
130. Current log-likelihood: -647530.40273
131. Current log-likelihood: -647530.39472
132. Current log-likelihood: -647530.38657
133. Current log-likelihood: -647530.37856
134. Current log-likelihood: -647530.37080
135. Current log-likelihood: -647530.36310
136. Current log-likelihood: -647530.35535
137. Current log-likelihood: -647530.34786
138. Current log-likelihood: -647530.34021
139. Current log-likelihood: -647530.33287
140. Current log-likelihood: -647530.32542
141. Current log-likelihood: -647530.31825
142. Current log-likelihood: -647530.31100
143. Current log-likelihood: -647530.30396
144. Current log-likelihood: -647530.29684
145. Current log-likelihood: -647530.29010
146. Current log-likelihood: -647530.28302
147. Current log-likelihood: -647530.27652
148. Current log-likelihood: -647530.26957
149. Current log-likelihood: -647530.26322
150. Current log-likelihood: -647530.25658
151. Current log-likelihood: -647530.25032
152. Current log-likelihood: -647530.24334
153. Current log-likelihood: -647530.23652
154. Current log-likelihood: -647530.22977
155. Current log-likelihood: -647530.22304
156. Current log-likelihood: -647530.21639
157. Current log-likelihood: -647530.20989
158. Current log-likelihood: -647530.20314
159. Current log-likelihood: -647530.19662
160. Current log-likelihood: -647530.19025
161. Current log-likelihood: -647530.18386
162. Current log-likelihood: -647530.17710
163. Current log-likelihood: -647530.17078
164. Current log-likelihood: -647530.16417
165. Current log-likelihood: -647530.15791
166. Current log-likelihood: -647530.15137
167. Current log-likelihood: -647530.14534
168. Current log-likelihood: -647530.13879
169. Current log-likelihood: -647530.13266
170. Current log-likelihood: -647530.12548
171. Current log-likelihood: -647530.11895
172. Current log-likelihood: -647530.11207
173. Current log-likelihood: -647530.10516
174. Current log-likelihood: -647530.09868
175. Current log-likelihood: -647530.09187
176. Current log-likelihood: -647530.08539
177. Current log-likelihood: -647530.07859
178. Current log-likelihood: -647530.07214
179. Current log-likelihood: -647530.06534
180. Current log-likelihood: -647530.05894
181. Current log-likelihood: -647530.05139
182. Current log-likelihood: -647530.04401
183. Current log-likelihood: -647530.03688
184. Current log-likelihood: -647530.02970
185. Current log-likelihood: -647530.02235
186. Current log-likelihood: -647530.01554
187. Current log-likelihood: -647530.00819
188. Current log-likelihood: -647530.00106
189. Current log-likelihood: -647529.99392
190. Current log-likelihood: -647529.98659
191. Current log-likelihood: -647529.97958
192. Current log-likelihood: -647529.97245
193. Current log-likelihood: -647529.96533
194. Current log-likelihood: -647529.95776
195. Current log-likelihood: -647529.95032
196. Current log-likelihood: -647529.94309
197. Current log-likelihood: -647529.93565
198. Current log-likelihood: -647529.92845
199. Current log-likelihood: -647529.92102
200. Current log-likelihood: -647529.91358
201. Current log-likelihood: -647529.90643
202. Current log-likelihood: -647529.89769
203. Current log-likelihood: -647529.88822
204. Current log-likelihood: -647529.87885
205. Current log-likelihood: -647529.86917
206. Current log-likelihood: -647529.85962
207. Current log-likelihood: -647529.85010
208. Current log-likelihood: -647529.84060
209. Current log-likelihood: -647529.83117
210. Current log-likelihood: -647529.82172
211. Current log-likelihood: -647529.81227
212. Current log-likelihood: -647529.80294
213. Current log-likelihood: -647529.79312
214. Current log-likelihood: -647529.78348
215. Current log-likelihood: -647529.77390
216. Current log-likelihood: -647529.76431
217. Current log-likelihood: -647529.75482
218. Current log-likelihood: -647529.74515
219. Current log-likelihood: -647529.73569
220. Current log-likelihood: -647529.72627
221. Current log-likelihood: -647529.71687
222. Current log-likelihood: -647529.70739
223. Current log-likelihood: -647529.69766
224. Current log-likelihood: -647529.68799
225. Current log-likelihood: -647529.67843
226. Current log-likelihood: -647529.66889
227. Current log-likelihood: -647529.65936
228. Current log-likelihood: -647529.64791
229. Current log-likelihood: -647529.63847
230. Current log-likelihood: -647529.62901
231. Current log-likelihood: -647529.61962
232. Current log-likelihood: -647529.60980
233. Current log-likelihood: -647529.60011
234. Current log-likelihood: -647529.59038
235. Current log-likelihood: -647529.58083
236. Current log-likelihood: -647529.57108
237. Current log-likelihood: -647529.56153
238. Current log-likelihood: -647529.55211
239. Current log-likelihood: -647529.54241
240. Current log-likelihood: -647529.53249
241. Current log-likelihood: -647529.52271
242. Current log-likelihood: -647529.51300
243. Current log-likelihood: -647529.50340
244. Current log-likelihood: -647529.49376
245. Current log-likelihood: -647529.48418
246. Current log-likelihood: -647529.47451
247. Current log-likelihood: -647529.46498
248. Current log-likelihood: -647529.45538
249. Current log-likelihood: -647529.44552
250. Current log-likelihood: -647529.43573
251. Current log-likelihood: -647529.42600
252. Current log-likelihood: -647529.41615
253. Current log-likelihood: -647529.40614
254. Current log-likelihood: -647529.39656
255. Current log-likelihood: -647529.38703
256. Current log-likelihood: -647529.37751
257. Current log-likelihood: -647529.36802
258. Current log-likelihood: -647529.35805
259. Current log-likelihood: -647529.34829
260. Current log-likelihood: -647529.33864
261. Current log-likelihood: -647529.32885
262. Current log-likelihood: -647529.31912
263. Current log-likelihood: -647529.30933
264. Current log-likelihood: -647529.29969
265. Current log-likelihood: -647529.28959
266. Current log-likelihood: -647529.27992
267. Current log-likelihood: -647529.27013
268. Current log-likelihood: -647529.26041
269. Current log-likelihood: -647529.25073
270. Current log-likelihood: -647529.24105
271. Current log-likelihood: -647529.23131
272. Current log-likelihood: -647529.22162
273. Current log-likelihood: -647529.21197
274. Current log-likelihood: -647529.20197
275. Current log-likelihood: -647529.19212
276. Current log-likelihood: -647529.18232
277. Current log-likelihood: -647529.17242
278. Current log-likelihood: -647529.16270
279. Current log-likelihood: -647529.15291
280. Current log-likelihood: -647529.14319
281. Current log-likelihood: -647529.13352
282. Current log-likelihood: -647529.12359
283. Current log-likelihood: -647529.11384
284. Current log-likelihood: -647529.10386
285. Current log-likelihood: -647529.09398
286. Current log-likelihood: -647529.08414
287. Current log-likelihood: -647529.07384
288. Current log-likelihood: -647529.06407
289. Current log-likelihood: -647529.05436
290. Current log-likelihood: -647529.04444
291. Current log-likelihood: -647529.03458
292. Current log-likelihood: -647529.02413
293. Current log-likelihood: -647529.01429
294. Current log-likelihood: -647529.00478
295. Current log-likelihood: -647528.99492
296. Current log-likelihood: -647528.98502
297. Current log-likelihood: -647528.97481
298. Current log-likelihood: -647528.96463
299. Current log-likelihood: -647528.95487
300. Current log-likelihood: -647528.94516
301. Current log-likelihood: -647528.93515
302. Current log-likelihood: -647528.92412
303. Current log-likelihood: -647528.91180
304. Current log-likelihood: -647528.90009
305. Current log-likelihood: -647528.88811
306. Current log-likelihood: -647528.87571
307. Current log-likelihood: -647528.86371
308. Current log-likelihood: -647528.85125
309. Current log-likelihood: -647528.83935
310. Current log-likelihood: -647528.82715
311. Current log-likelihood: -647528.81520
312. Current log-likelihood: -647528.80239
313. Current log-likelihood: -647528.79023
314. Current log-likelihood: -647528.77794
315. Current log-likelihood: -647528.76564
316. Current log-likelihood: -647528.75358
317. Current log-likelihood: -647528.74092
318. Current log-likelihood: -647528.72870
319. Current log-likelihood: -647528.71637
320. Current log-likelihood: -647528.70373
321. Current log-likelihood: -647528.69091
322. Current log-likelihood: -647528.67831
323. Current log-likelihood: -647528.66625
324. Current log-likelihood: -647528.65376
325. Current log-likelihood: -647528.63988
326. Current log-likelihood: -647528.62706
327. Current log-likelihood: -647528.61432
328. Current log-likelihood: -647528.60197
329. Current log-likelihood: -647528.58934
330. Current log-likelihood: -647528.57657
331. Current log-likelihood: -647528.56357
332. Current log-likelihood: -647528.55040
333. Current log-likelihood: -647528.53743
334. Current log-likelihood: -647528.52435
335. Current log-likelihood: -647528.51164
336. Current log-likelihood: -647528.49841
337. Current log-likelihood: -647528.48557
338. Current log-likelihood: -647528.47248
339. Current log-likelihood: -647528.45923
340. Current log-likelihood: -647528.44591
341. Current log-likelihood: -647528.43281
342. Current log-likelihood: -647528.41933
343. Current log-likelihood: -647528.40607
344. Current log-likelihood: -647528.39282
345. Current log-likelihood: -647528.37886
346. Current log-likelihood: -647528.36572
347. Current log-likelihood: -647528.35197
348. Current log-likelihood: -647528.33877
349. Current log-likelihood: -647528.32366
350. Current log-likelihood: -647528.31007
351. Current log-likelihood: -647528.29629
352. Current log-likelihood: -647528.28207
353. Current log-likelihood: -647528.26825
354. Current log-likelihood: -647528.25481
355. Current log-likelihood: -647528.24032
356. Current log-likelihood: -647528.22634
357. Current log-likelihood: -647528.21202
358. Current log-likelihood: -647528.19822
359. Current log-likelihood: -647528.18370
360. Current log-likelihood: -647528.16952
361. Current log-likelihood: -647528.15467
362. Current log-likelihood: -647528.14031
363. Current log-likelihood: -647528.12565
364. Current log-likelihood: -647528.11096
365. Current log-likelihood: -647528.09682
366. Current log-likelihood: -647528.08230
367. Current log-likelihood: -647528.06760
368. Current log-likelihood: -647528.05235
369. Current log-likelihood: -647528.03736
370. Current log-likelihood: -647528.02204
371. Current log-likelihood: -647528.00685
372. Current log-likelihood: -647527.99192
373. Current log-likelihood: -647527.97572
374. Current log-likelihood: -647527.96043
375. Current log-likelihood: -647527.94467
376. Current log-likelihood: -647527.92888
377. Current log-likelihood: -647527.91336
378. Current log-likelihood: -647527.89794
379. Current log-likelihood: -647527.88199
380. Current log-likelihood: -647527.86609
381. Current log-likelihood: -647527.85021
382. Current log-likelihood: -647527.83405
383. Current log-likelihood: -647527.81855
384. Current log-likelihood: -647527.80120
385. Current log-likelihood: -647527.78449
386. Current log-likelihood: -647527.76813
387. Current log-likelihood: -647527.75192
388. Current log-likelihood: -647527.73506
389. Current log-likelihood: -647527.71824
390. Current log-likelihood: -647527.70067
391. Current log-likelihood: -647527.68346
392. Current log-likelihood: -647527.66599
393. Current log-likelihood: -647527.64845
394. Current log-likelihood: -647527.63122
395. Current log-likelihood: -647527.61338
396. Current log-likelihood: -647527.59516
397. Current log-likelihood: -647527.57814
398. Current log-likelihood: -647527.56045
399. Current log-likelihood: -647527.54239
400. Current log-likelihood: -647527.52396
401. Current log-likelihood: -647527.50558
402. Current log-likelihood: -647527.48602
403. Current log-likelihood: -647527.46500
404. Current log-likelihood: -647527.44318
405. Current log-likelihood: -647527.42174
406. Current log-likelihood: -647527.40016
407. Current log-likelihood: -647527.37824
408. Current log-likelihood: -647527.35578
409. Current log-likelihood: -647527.33354
410. Current log-likelihood: -647527.31114
411. Current log-likelihood: -647527.28883
412. Current log-likelihood: -647527.26605
413. Current log-likelihood: -647527.24311
414. Current log-likelihood: -647527.22017
415. Current log-likelihood: -647527.19700
416. Current log-likelihood: -647527.17355
417. Current log-likelihood: -647527.14991
418. Current log-likelihood: -647527.12634
419. Current log-likelihood: -647527.10246
420. Current log-likelihood: -647527.07832
421. Current log-likelihood: -647527.05402
422. Current log-likelihood: -647527.02972
423. Current log-likelihood: -647527.00519
424. Current log-likelihood: -647526.98031
425. Current log-likelihood: -647526.95533
426. Current log-likelihood: -647526.93035
427. Current log-likelihood: -647526.90515
428. Current log-likelihood: -647526.87956
429. Current log-likelihood: -647526.85390
430. Current log-likelihood: -647526.82827
431. Current log-likelihood: -647526.80262
432. Current log-likelihood: -647526.77632
433. Current log-likelihood: -647526.75001
434. Current log-likelihood: -647526.72371
435. Current log-likelihood: -647526.69765
436. Current log-likelihood: -647526.67065
437. Current log-likelihood: -647526.64378
438. Current log-likelihood: -647526.61691
439. Current log-likelihood: -647526.59029
440. Current log-likelihood: -647526.56283
441. Current log-likelihood: -647526.53588
442. Current log-likelihood: -647526.50867
443. Current log-likelihood: -647526.48166
444. Current log-likelihood: -647526.45384
445. Current log-likelihood: -647526.42617
446. Current log-likelihood: -647526.39863
447. Current log-likelihood: -647526.37130
448. Current log-likelihood: -647526.34350
449. Current log-likelihood: -647526.31554
450. Current log-likelihood: -647526.28784
451. Current log-likelihood: -647526.26023
452. Current log-likelihood: -647526.23188
453. Current log-likelihood: -647526.20370
454. Current log-likelihood: -647526.17580
455. Current log-likelihood: -647526.14801
456. Current log-likelihood: -647526.11954
457. Current log-likelihood: -647526.09128
458. Current log-likelihood: -647526.06332
459. Current log-likelihood: -647526.03597
460. Current log-likelihood: -647526.00741
461. Current log-likelihood: -647525.97929
462. Current log-likelihood: -647525.95136
463. Current log-likelihood: -647525.92412
464. Current log-likelihood: -647525.89570
465. Current log-likelihood: -647525.86768
466. Current log-likelihood: -647525.84052
467. Current log-likelihood: -647525.81252
468. Current log-likelihood: -647525.78454
469. Current log-likelihood: -647525.75757
470. Current log-likelihood: -647525.72967
471. Current log-likelihood: -647525.70272
472. Current log-likelihood: -647525.67587
473. Current log-likelihood: -647525.64832
474. Current log-likelihood: -647525.62123
475. Current log-likelihood: -647525.59548
476. Current log-likelihood: -647525.56892
477. Current log-likelihood: -647525.54314
478. Current log-likelihood: -647525.51670
479. Current log-likelihood: -647525.49149
480. Current log-likelihood: -647525.46584
481. Current log-likelihood: -647525.44098
482. Current log-likelihood: -647525.41530
483. Current log-likelihood: -647525.39034
484. Current log-likelihood: -647525.36636
485. Current log-likelihood: -647525.34211
486. Current log-likelihood: -647525.31833
487. Current log-likelihood: -647525.29447
488. Current log-likelihood: -647525.27169
489. Current log-likelihood: -647525.24872
490. Current log-likelihood: -647525.22626
491. Current log-likelihood: -647525.20346
492. Current log-likelihood: -647525.18199
493. Current log-likelihood: -647525.16025
494. Current log-likelihood: -647525.13998
495. Current log-likelihood: -647525.11860
496. Current log-likelihood: -647525.09840
497. Current log-likelihood: -647525.07805
498. Current log-likelihood: -647525.05869
499. Current log-likelihood: -647525.03943
500. Current log-likelihood: -647525.02088
501. Current log-likelihood: -647525.00183
502. Current log-likelihood: -647524.98251
503. Current log-likelihood: -647524.96297
504. Current log-likelihood: -647524.94438
505. Current log-likelihood: -647524.92561
506. Current log-likelihood: -647524.90696
507. Current log-likelihood: -647524.88961
508. Current log-likelihood: -647524.87234
509. Current log-likelihood: -647524.85610
510. Current log-likelihood: -647524.83982
511. Current log-likelihood: -647524.82449
512. Current log-likelihood: -647524.80863
513. Current log-likelihood: -647524.79397
514. Current log-likelihood: -647524.77933
515. Current log-likelihood: -647524.76590
516. Current log-likelihood: -647524.75263
517. Current log-likelihood: -647524.73906
518. Current log-likelihood: -647524.72714
519. Current log-likelihood: -647524.71501
520. Current log-likelihood: -647524.70398
521. Current log-likelihood: -647524.69275
522. Current log-likelihood: -647524.68246
523. Current log-likelihood: -647524.67271
524. Current log-likelihood: -647524.66250
525. Current log-likelihood: -647524.65316
526. Current log-likelihood: -647524.64417
527. Current log-likelihood: -647524.63495
528. Current log-likelihood: -647524.62664
529. Current log-likelihood: -647524.61866
530. Current log-likelihood: -647524.61095
531. Current log-likelihood: -647524.60285
532. Current log-likelihood: -647524.59590
533. Current log-likelihood: -647524.58877
534. Current log-likelihood: -647524.58195
535. Current log-likelihood: -647524.57459
536. Current log-likelihood: -647524.56846
537. Current log-likelihood: -647524.56259
538. Current log-likelihood: -647524.55692
539. Current log-likelihood: -647524.55142
540. Current log-likelihood: -647524.54624
541. Current log-likelihood: -647524.54114
542. Current log-likelihood: -647524.53555
543. Current log-likelihood: -647524.53102
544. Current log-likelihood: -647524.52639
545. Current log-likelihood: -647524.52204
546. Current log-likelihood: -647524.51789
547. Current log-likelihood: -647524.51392
548. Current log-likelihood: -647524.51007
549. Current log-likelihood: -647524.50643
550. Current log-likelihood: -647524.50243
551. Current log-likelihood: -647524.49967
552. Current log-likelihood: -647524.49770
553. Current log-likelihood: -647524.49472
554. Current log-likelihood: -647524.49282
555. Current log-likelihood: -647524.49107
556. Current log-likelihood: -647524.48941
557. Current log-likelihood: -647524.48795
558. Current log-likelihood: -647524.48452
559. Current log-likelihood: -647524.48311
560. Current log-likelihood: -647524.48158
561. Current log-likelihood: -647524.48021
562. Current log-likelihood: -647524.47872
563. Current log-likelihood: -647524.47733
564. Current log-likelihood: -647524.47614
565. Current log-likelihood: -647524.47483
566. Current log-likelihood: -647524.47372
567. Current log-likelihood: -647524.47244
568. Current log-likelihood: -647524.47133
569. Current log-likelihood: -647524.47010
570. Current log-likelihood: -647524.46914
Final estimation on weights:
0.94334,0.04695,0.00971
Wrote distance file to... 
BEST SCORE FOUND : -647524.46914
Total tree lengths: 0.29569 0.00892 0.87163

Total number of iterations: 568
CPU time used for tree search: 0.00003 sec (0h:0m:0s)
Wall-clock time used for tree search: 0.00003 sec (0h:0m:0s)
Total CPU time used: 30749.92351 sec (8h:32m:29s)
Total wall-clock time used: 1575.68540 sec (0h:26m:15s)

Analysis results written to: 
  IQ-TREE report:                mast_hdr_occ80_JU3200_quartet_01.submodel1.iqtree
  Maximum-likelihood tree:       mast_hdr_occ80_JU3200_quartet_01.submodel1.treefile
  Screen log file:               mast_hdr_occ80_JU3200_quartet_01.submodel1.log

Date and Time: Thu Jul  9 00:30:27 2026
