IQ-TREE version 3.0.1 for Linux x86 64-bit built Jul  9 2025
Developed by Bui Quang Minh, Thomas Wong, Nhan Ly-Trong, Huaiyan Ren
Contributed by Lam-Tung Nguyen, Dominik Schrempf, Chris Bielow,
Olga Chernomor, Michael Woodhams, Diep Thi Hoang, Heiko Schmidt

Host:    c361 (AVX512, FMA3, 188 GB RAM)
Command: iqtree3 -s /vast/eande106/projects/Nicolas/github/CB_PopGen_HDR_MS/processed_data/tree_topology/mast/mast_all/occ80_JU3237_quartet_12_supermatrix.clean.fas -m TMIX{LG+FO+G,LG+FO+G,LG+FO+G}+T -te /vast/eande106/projects/Nicolas/github/CB_PopGen_HDR_MS/processed_data/tree_topology/mast/quartet_topologies/quartet_12_NIC2152_JU3237_topologies.tre --prefix mast_all_occ80_JU3237_quartet_12.submodel1 -T 48
Seed:    572085 (Using SPRNG - Scalable Parallel Random Number Generator)
Time:    Wed Jul  8 23:20:48 2026
Kernel:  AVX+FMA - 48 threads (48 CPU cores detected)

Reading alignment file /vast/eande106/projects/Nicolas/github/CB_PopGen_HDR_MS/processed_data/tree_topology/mast/mast_all/occ80_JU3237_quartet_12_supermatrix.clean.fas ... Fasta format detected
Reading fasta file: done in 0.213954 secs using 49.28% CPU
Alignment most likely contains protein sequences
Constructing alignment: done in 3.43087 secs using 12.64% CPU
WARNING: 1 sites contain only gaps or ambiguous characters.
Alignment has 4 sequences with 2750345 columns, 12401 distinct patterns
21371 parsimony-informative, 425548 singleton sites, 2303426 constant sites
         Gap/Ambiguity  Composition  p-value
Analyzing sequences: done in 0.00036725 secs using 98.84% CPU
   1  PX506      4.81%    failed      0.00%
   2  NIC2152    2.97%    passed      9.84%
   3  JU3237     2.06%    passed     77.70%
   4  QX1410     2.06%    passed     96.26%
****  TOTAL      2.97%  1 sequences failed composition chi2 test (p-value<5%; df=19)
Number of input trees: 3
Minimum branch length is set to 0.0000010
Checking for duplicate sequences: done in 0.000528263 secs using 808.3% CPU

NOTE: 92 MB RAM (0 GB) is required!
According to the parsimony scores along the sites, the tree weights are initialized to:
0.9690702,0.0118385,0.0190913
Estimate model parameters (epsilon = 0.00100)
1. Initial log-likelihood: -10629101.95443
2. Current log-likelihood: -10627924.58108
3. Current log-likelihood: -10624183.29780
4. Current log-likelihood: -10623648.90626
5. Current log-likelihood: -10623589.37598
6. Current log-likelihood: -10623538.77271
7. Current log-likelihood: -10623492.90476
8. Current log-likelihood: -10623452.90432
9. Current log-likelihood: -10623418.34411
10. Current log-likelihood: -10623385.97000
11. Current log-likelihood: -10623359.59237
12. Current log-likelihood: -10623336.92854
13. Current log-likelihood: -10623317.57759
14. Current log-likelihood: -10623301.12388
15. Current log-likelihood: -10623287.20848
16. Current log-likelihood: -10623275.46417
17. Current log-likelihood: -10623265.57472
18. Current log-likelihood: -10623257.27352
19. Current log-likelihood: -10623250.34878
20. Current log-likelihood: -10623244.57875
21. Current log-likelihood: -10623239.77006
22. Current log-likelihood: -10623235.77397
23. Current log-likelihood: -10623232.45426
24. Current log-likelihood: -10623229.70563
25. Current log-likelihood: -10623227.42638
26. Current log-likelihood: -10623225.52111
27. Current log-likelihood: -10623223.93780
28. Current log-likelihood: -10623222.62661
29. Current log-likelihood: -10623221.52417
30. Current log-likelihood: -10623220.59251
31. Current log-likelihood: -10623219.81325
32. Current log-likelihood: -10623219.14840
33. Current log-likelihood: -10623218.58137
34. Current log-likelihood: -10623218.10413
35. Current log-likelihood: -10623217.68185
36. Current log-likelihood: -10623217.32013
37. Current log-likelihood: -10623216.99618
38. Current log-likelihood: -10623216.77486
39. Current log-likelihood: -10623216.47437
40. Current log-likelihood: -10623216.22822
41. Current log-likelihood: -10623216.04506
42. Current log-likelihood: -10623215.81529
43. Current log-likelihood: -10623215.64620
44. Current log-likelihood: -10623215.44856
45. Current log-likelihood: -10623215.27175
46. Current log-likelihood: -10623215.11843
47. Current log-likelihood: -10623214.94695
48. Current log-likelihood: -10623214.79932
49. Current log-likelihood: -10623214.63811
50. Current log-likelihood: -10623214.48690
51. Current log-likelihood: -10623214.34558
52. Current log-likelihood: -10623214.19530
53. Current log-likelihood: -10623214.05570
54. Current log-likelihood: -10623213.91176
55. Current log-likelihood: -10623213.77434
56. Current log-likelihood: -10623213.63260
57. Current log-likelihood: -10623213.49640
58. Current log-likelihood: -10623213.35614
59. Current log-likelihood: -10623213.22092
60. Current log-likelihood: -10623213.08300
61. Current log-likelihood: -10623212.94893
62. Current log-likelihood: -10623212.81253
63. Current log-likelihood: -10623212.67910
64. Current log-likelihood: -10623212.54526
65. Current log-likelihood: -10623212.41183
66. Current log-likelihood: -10623212.27853
67. Current log-likelihood: -10623212.14566
68. Current log-likelihood: -10623212.01075
69. Current log-likelihood: -10623211.87865
70. Current log-likelihood: -10623211.74646
71. Current log-likelihood: -10623211.61464
72. Current log-likelihood: -10623211.48284
73. Current log-likelihood: -10623211.35139
74. Current log-likelihood: -10623211.21875
75. Current log-likelihood: -10623211.08798
76. Current log-likelihood: -10623210.95698
77. Current log-likelihood: -10623210.82627
78. Current log-likelihood: -10623210.69569
79. Current log-likelihood: -10623210.56525
80. Current log-likelihood: -10623210.43484
81. Current log-likelihood: -10623210.30510
82. Current log-likelihood: -10623210.17281
83. Current log-likelihood: -10623210.04323
84. Current log-likelihood: -10623209.91381
85. Current log-likelihood: -10623209.78440
86. Current log-likelihood: -10623209.65395
87. Current log-likelihood: -10623209.52518
88. Current log-likelihood: -10623209.39611
89. Current log-likelihood: -10623209.26761
90. Current log-likelihood: -10623209.13747
91. Current log-likelihood: -10623209.00915
92. Current log-likelihood: -10623208.88095
93. Current log-likelihood: -10623208.75280
94. Current log-likelihood: -10623208.62471
95. Current log-likelihood: -10623208.49682
96. Current log-likelihood: -10623208.36904
97. Current log-likelihood: -10623208.24187
98. Current log-likelihood: -10623208.11292
99. Current log-likelihood: -10623207.98585
100. Current log-likelihood: -10623207.85889
101. Current log-likelihood: -10623207.73191
102. Current log-likelihood: -10623207.47985
103. Current log-likelihood: -10623207.22590
104. Current log-likelihood: -10623206.97555
105. Current log-likelihood: -10623206.72175
106. Current log-likelihood: -10623206.47254
107. Current log-likelihood: -10623206.22063
108. Current log-likelihood: -10623205.97006
109. Current log-likelihood: -10623205.72291
110. Current log-likelihood: -10623205.47160
111. Current log-likelihood: -10623205.22570
112. Current log-likelihood: -10623204.97660
113. Current log-likelihood: -10623204.73196
114. Current log-likelihood: -10623204.48393
115. Current log-likelihood: -10623204.24051
116. Current log-likelihood: -10623203.99362
117. Current log-likelihood: -10623203.75140
118. Current log-likelihood: -10623203.50580
119. Current log-likelihood: -10623203.26470
120. Current log-likelihood: -10623203.02044
121. Current log-likelihood: -10623202.78078
122. Current log-likelihood: -10623202.53770
123. Current log-likelihood: -10623202.29908
124. Current log-likelihood: -10623202.05727
125. Current log-likelihood: -10623201.81987
126. Current log-likelihood: -10623201.57866
127. Current log-likelihood: -10623201.34242
128. Current log-likelihood: -10623201.10301
129. Current log-likelihood: -10623200.86798
130. Current log-likelihood: -10623200.62963
131. Current log-likelihood: -10623200.39593
132. Current log-likelihood: -10623200.15898
133. Current log-likelihood: -10623199.92632
134. Current log-likelihood: -10623199.69064
135. Current log-likelihood: -10623199.45913
136. Current log-likelihood: -10623199.22482
137. Current log-likelihood: -10623198.99453
138. Current log-likelihood: -10623198.76130
139. Current log-likelihood: -10623198.53225
140. Current log-likelihood: -10623198.30027
141. Current log-likelihood: -10623198.07249
142. Current log-likelihood: -10623197.84088
143. Current log-likelihood: -10623197.61421
144. Current log-likelihood: -10623197.38468
145. Current log-likelihood: -10623197.15929
146. Current log-likelihood: -10623196.93093
147. Current log-likelihood: -10623196.70641
148. Current log-likelihood: -10623196.47956
149. Current log-likelihood: -10623196.25640
150. Current log-likelihood: -10623196.03076
151. Current log-likelihood: -10623195.80862
152. Current log-likelihood: -10623195.58417
153. Current log-likelihood: -10623195.36336
154. Current log-likelihood: -10623195.13995
155. Current log-likelihood: -10623194.92039
156. Current log-likelihood: -10623194.69814
157. Current log-likelihood: -10623194.47992
158. Current log-likelihood: -10623194.25892
159. Current log-likelihood: -10623194.04175
160. Current log-likelihood: -10623193.82083
161. Current log-likelihood: -10623193.60467
162. Current log-likelihood: -10623193.38611
163. Current log-likelihood: -10623193.17117
164. Current log-likelihood: -10623192.95416
165. Current log-likelihood: -10623192.74026
166. Current log-likelihood: -10623192.52464
167. Current log-likelihood: -10623192.31190
168. Current log-likelihood: -10623192.09690
169. Current log-likelihood: -10623191.88572
170. Current log-likelihood: -10623191.67208
171. Current log-likelihood: -10623191.46194
172. Current log-likelihood: -10623191.24958
173. Current log-likelihood: -10623191.04038
174. Current log-likelihood: -10623190.82933
175. Current log-likelihood: -10623190.62148
176. Current log-likelihood: -10623190.41161
177. Current log-likelihood: -10623190.20477
178. Current log-likelihood: -10623189.99610
179. Current log-likelihood: -10623189.79060
180. Current log-likelihood: -10623189.58287
181. Current log-likelihood: -10623189.37871
182. Current log-likelihood: -10623189.17219
183. Current log-likelihood: -10623188.96887
184. Current log-likelihood: -10623188.76381
185. Current log-likelihood: -10623188.56157
186. Current log-likelihood: -10623188.35746
187. Current log-likelihood: -10623188.15674
188. Current log-likelihood: -10623187.95378
189. Current log-likelihood: -10623187.75426
190. Current log-likelihood: -10623187.55255
191. Current log-likelihood: -10623187.35374
192. Current log-likelihood: -10623187.15345
193. Current log-likelihood: -10623186.95582
194. Current log-likelihood: -10623186.75666
195. Current log-likelihood: -10623186.56034
196. Current log-likelihood: -10623186.36162
197. Current log-likelihood: -10623186.16639
198. Current log-likelihood: -10623185.96935
199. Current log-likelihood: -10623185.77513
200. Current log-likelihood: -10623185.57941
201. Current log-likelihood: -10623185.38648
202. Current log-likelihood: -10623185.09618
203. Current log-likelihood: -10623184.80706
204. Current log-likelihood: -10623184.51869
205. Current log-likelihood: -10623184.23229
206. Current log-likelihood: -10623183.95006
207. Current log-likelihood: -10623183.66389
208. Current log-likelihood: -10623183.38392
209. Current log-likelihood: -10623183.10166
210. Current log-likelihood: -10623182.82138
211. Current log-likelihood: -10623182.54260
212. Current log-likelihood: -10623182.26497
213. Current log-likelihood: -10623181.99141
214. Current log-likelihood: -10623181.71435
215. Current log-likelihood: -10623181.44097
216. Current log-likelihood: -10623181.16818
217. Current log-likelihood: -10623180.89954
218. Current log-likelihood: -10623180.62721
219. Current log-likelihood: -10623180.36070
220. Current log-likelihood: -10623180.09168
221. Current log-likelihood: -10623179.82509
222. Current log-likelihood: -10623179.56240
223. Current log-likelihood: -10623179.29677
224. Current log-likelihood: -10623179.03453
225. Current log-likelihood: -10623178.77256
226. Current log-likelihood: -10623178.51468
227. Current log-likelihood: -10623178.25404
228. Current log-likelihood: -10623177.99646
229. Current log-likelihood: -10623177.74247
230. Current log-likelihood: -10623177.48420
231. Current log-likelihood: -10623177.23194
232. Current log-likelihood: -10623176.97773
233. Current log-likelihood: -10623176.72809
234. Current log-likelihood: -10623176.47584
235. Current log-likelihood: -10623176.22646
236. Current log-likelihood: -10623175.97759
237. Current log-likelihood: -10623175.73267
238. Current log-likelihood: -10623175.48462
239. Current log-likelihood: -10623175.24134
240. Current log-likelihood: -10623174.99642
241. Current log-likelihood: -10623174.75232
242. Current log-likelihood: -10623174.51280
243. Current log-likelihood: -10623174.27056
244. Current log-likelihood: -10623174.03276
245. Current log-likelihood: -10623173.79015
246. Current log-likelihood: -10623173.55502
247. Current log-likelihood: -10623173.31754
248. Current log-likelihood: -10623173.08436
249. Current log-likelihood: -10623172.84956
250. Current log-likelihood: -10623172.61883
251. Current log-likelihood: -10623172.38438
252. Current log-likelihood: -10623172.15542
253. Current log-likelihood: -10623171.92537
254. Current log-likelihood: -10623171.69908
255. Current log-likelihood: -10623171.47038
256. Current log-likelihood: -10623171.24564
257. Current log-likelihood: -10623171.01997
258. Current log-likelihood: -10623170.79779
259. Current log-likelihood: -10623170.57355
260. Current log-likelihood: -10623170.35207
261. Current log-likelihood: -10623170.13336
262. Current log-likelihood: -10623169.91179
263. Current log-likelihood: -10623169.69436
264. Current log-likelihood: -10623169.47611
265. Current log-likelihood: -10623169.26120
266. Current log-likelihood: -10623169.04449
267. Current log-likelihood: -10623168.83123
268. Current log-likelihood: -10623168.61702
269. Current log-likelihood: -10623168.40635
270. Current log-likelihood: -10623168.19369
271. Current log-likelihood: -10623167.98470
272. Current log-likelihood: -10623167.77468
273. Current log-likelihood: -10623167.56811
274. Current log-likelihood: -10623167.35904
275. Current log-likelihood: -10623167.15402
276. Current log-likelihood: -10623166.94818
277. Current log-likelihood: -10623166.74554
278. Current log-likelihood: -10623166.54073
279. Current log-likelihood: -10623166.33956
280. Current log-likelihood: -10623166.13769
281. Current log-likelihood: -10623165.93893
282. Current log-likelihood: -10623165.73808
283. Current log-likelihood: -10623165.54084
284. Current log-likelihood: -10623165.34510
285. Current log-likelihood: -10623165.14687
286. Current log-likelihood: -10623164.95232
287. Current log-likelihood: -10623164.75956
288. Current log-likelihood: -10623164.56408
289. Current log-likelihood: -10623164.37255
290. Current log-likelihood: -10623164.18010
291. Current log-likelihood: -10623163.99079
292. Current log-likelihood: -10623163.80014
293. Current log-likelihood: -10623163.61279
294. Current log-likelihood: -10623163.42352
295. Current log-likelihood: -10623163.23750
296. Current log-likelihood: -10623163.05279
297. Current log-likelihood: -10623162.86601
298. Current log-likelihood: -10623162.68245
299. Current log-likelihood: -10623162.50069
300. Current log-likelihood: -10623162.31653
301. Current log-likelihood: -10623162.13591
302. Current log-likelihood: -10623161.89782
303. Current log-likelihood: -10623161.65675
304. Current log-likelihood: -10623161.41947
305. Current log-likelihood: -10623161.18617
306. Current log-likelihood: -10623160.95002
307. Current log-likelihood: -10623160.71905
308. Current log-likelihood: -10623160.48719
309. Current log-likelihood: -10623160.25741
310. Current log-likelihood: -10623160.03168
311. Current log-likelihood: -10623159.80318
312. Current log-likelihood: -10623159.57986
313. Current log-likelihood: -10623159.35487
314. Current log-likelihood: -10623159.13461
315. Current log-likelihood: -10623158.91248
316. Current log-likelihood: -10623158.69472
317. Current log-likelihood: -10623158.47643
318. Current log-likelihood: -10623158.25988
319. Current log-likelihood: -10623158.04711
320. Current log-likelihood: -10623157.83198
321. Current log-likelihood: -10623157.62149
322. Current log-likelihood: -10623157.41006
323. Current log-likelihood: -10623157.20275
324. Current log-likelihood: -10623156.99338
325. Current log-likelihood: -10623156.78835
326. Current log-likelihood: -10623156.58248
327. Current log-likelihood: -10623156.38057
328. Current log-likelihood: -10623156.17580
329. Current log-likelihood: -10623155.97598
330. Current log-likelihood: -10623155.77556
331. Current log-likelihood: -10623155.57886
332. Current log-likelihood: -10623155.38051
333. Current log-likelihood: -10623155.18602
334. Current log-likelihood: -10623154.99081
335. Current log-likelihood: -10623154.79929
336. Current log-likelihood: -10623154.60603
337. Current log-likelihood: -10623154.41680
338. Current log-likelihood: -10623154.22922
339. Current log-likelihood: -10623154.03942
340. Current log-likelihood: -10623153.85361
341. Current log-likelihood: -10623153.66994
342. Current log-likelihood: -10623153.48366
343. Current log-likelihood: -10623153.30171
344. Current log-likelihood: -10623153.12162
345. Current log-likelihood: -10623152.93907
346. Current log-likelihood: -10623152.76069
347. Current log-likelihood: -10623152.58417
348. Current log-likelihood: -10623152.40553
349. Current log-likelihood: -10623152.23048
350. Current log-likelihood: -10623152.05748
351. Current log-likelihood: -10623151.88239
352. Current log-likelihood: -10623151.71103
353. Current log-likelihood: -10623151.53915
354. Current log-likelihood: -10623151.37039
355. Current log-likelihood: -10623151.20291
356. Current log-likelihood: -10623151.03357
357. Current log-likelihood: -10623150.86786
358. Current log-likelihood: -10623150.70364
359. Current log-likelihood: -10623150.53769
360. Current log-likelihood: -10623150.37540
361. Current log-likelihood: -10623150.21434
362. Current log-likelihood: -10623150.05189
363. Current log-likelihood: -10623149.89249
364. Current log-likelihood: -10623149.73501
365. Current log-likelihood: -10623149.57574
366. Current log-likelihood: -10623149.41944
367. Current log-likelihood: -10623149.26508
368. Current log-likelihood: -10623149.10890
369. Current log-likelihood: -10623148.95591
370. Current log-likelihood: -10623148.80464
371. Current log-likelihood: -10623148.65168
372. Current log-likelihood: -10623148.50174
373. Current log-likelihood: -10623148.35347
374. Current log-likelihood: -10623148.20340
375. Current log-likelihood: -10623148.05643
376. Current log-likelihood: -10623147.91111
377. Current log-likelihood: -10623147.76465
378. Current log-likelihood: -10623147.62102
379. Current log-likelihood: -10623147.47665
380. Current log-likelihood: -10623147.33490
381. Current log-likelihood: -10623147.19384
382. Current log-likelihood: -10623147.05386
383. Current log-likelihood: -10623146.91312
384. Current log-likelihood: -10623146.77515
385. Current log-likelihood: -10623146.63805
386. Current log-likelihood: -10623146.50012
387. Current log-likelihood: -10623146.36493
388. Current log-likelihood: -10623146.23051
389. Current log-likelihood: -10623146.09528
390. Current log-likelihood: -10623145.96291
391. Current log-likelihood: -10623145.83101
392. Current log-likelihood: -10623145.69798
393. Current log-likelihood: -10623145.56824
394. Current log-likelihood: -10623145.43896
395. Current log-likelihood: -10623145.30927
396. Current log-likelihood: -10623145.18194
397. Current log-likelihood: -10623145.05515
398. Current log-likelihood: -10623144.92927
399. Current log-likelihood: -10623144.80303
400. Current log-likelihood: -10623144.67922
401. Current log-likelihood: -10623144.55457
402. Current log-likelihood: -10623144.40216
403. Current log-likelihood: -10623144.25078
404. Current log-likelihood: -10623144.09840
405. Current log-likelihood: -10623143.94994
406. Current log-likelihood: -10623143.80033
407. Current log-likelihood: -10623143.65351
408. Current log-likelihood: -10623143.50877
409. Current log-likelihood: -10623143.36277
410. Current log-likelihood: -10623143.21975
411. Current log-likelihood: -10623143.07842
412. Current log-likelihood: -10623142.93608
413. Current log-likelihood: -10623142.79653
414. Current log-likelihood: -10623142.65868
415. Current log-likelihood: -10623142.52198
416. Current log-likelihood: -10623142.38433
417. Current log-likelihood: -10623142.24987
418. Current log-likelihood: -10623142.11648
419. Current log-likelihood: -10623141.98222
420. Current log-likelihood: -10623141.85110
421. Current log-likelihood: -10623141.72096
422. Current log-likelihood: -10623141.59011
423. Current log-likelihood: -10623141.46237
424. Current log-likelihood: -10623141.33541
425. Current log-likelihood: -10623141.20797
426. Current log-likelihood: -10623141.08321
427. Current log-likelihood: -10623140.95943
428. Current log-likelihood: -10623140.83512
429. Current log-likelihood: -10623140.71324
430. Current log-likelihood: -10623140.59260
431. Current log-likelihood: -10623140.47282
432. Current log-likelihood: -10623140.35240
433. Current log-likelihood: -10623140.23471
434. Current log-likelihood: -10623140.11804
435. Current log-likelihood: -10623140.00220
436. Current log-likelihood: -10623139.88569
437. Current log-likelihood: -10623139.77201
438. Current log-likelihood: -10623139.65894
439. Current log-likelihood: -10623139.54533
440. Current log-likelihood: -10623139.43440
441. Current log-likelihood: -10623139.32408
442. Current log-likelihood: -10623139.21488
443. Current log-likelihood: -10623139.10499
444. Current log-likelihood: -10623138.99769
445. Current log-likelihood: -10623138.89100
446. Current log-likelihood: -10623138.78527
447. Current log-likelihood: -10623138.68026
448. Current log-likelihood: -10623138.57426
449. Current log-likelihood: -10623138.47131
450. Current log-likelihood: -10623138.36891
451. Current log-likelihood: -10623138.26736
452. Current log-likelihood: -10623138.16679
453. Current log-likelihood: -10623138.06688
454. Current log-likelihood: -10623137.96808
455. Current log-likelihood: -10623137.86839
456. Current log-likelihood: -10623137.77123
457. Current log-likelihood: -10623137.67469
458. Current log-likelihood: -10623137.57890
459. Current log-likelihood: -10623137.48403
460. Current log-likelihood: -10623137.38849
461. Current log-likelihood: -10623137.29534
462. Current log-likelihood: -10623137.20269
463. Current log-likelihood: -10623137.11083
464. Current log-likelihood: -10623137.01959
465. Current log-likelihood: -10623136.92919
466. Current log-likelihood: -10623136.83954
467. Current log-likelihood: -10623136.75062
468. Current log-likelihood: -10623136.66259
469. Current log-likelihood: -10623136.57370
470. Current log-likelihood: -10623136.48719
471. Current log-likelihood: -10623136.40123
472. Current log-likelihood: -10623136.31590
473. Current log-likelihood: -10623136.23157
474. Current log-likelihood: -10623136.14752
475. Current log-likelihood: -10623136.06411
476. Current log-likelihood: -10623135.98182
477. Current log-likelihood: -10623135.90003
478. Current log-likelihood: -10623135.81875
479. Current log-likelihood: -10623135.73811
480. Current log-likelihood: -10623135.65831
481. Current log-likelihood: -10623135.57897
482. Current log-likelihood: -10623135.50063
483. Current log-likelihood: -10623135.42267
484. Current log-likelihood: -10623135.34420
485. Current log-likelihood: -10623135.26769
486. Current log-likelihood: -10623135.19173
487. Current log-likelihood: -10623135.11622
488. Current log-likelihood: -10623135.04164
489. Current log-likelihood: -10623134.96746
490. Current log-likelihood: -10623134.89368
491. Current log-likelihood: -10623134.82080
492. Current log-likelihood: -10623134.74848
493. Current log-likelihood: -10623134.67675
494. Current log-likelihood: -10623134.60558
495. Current log-likelihood: -10623134.53487
496. Current log-likelihood: -10623134.46459
497. Current log-likelihood: -10623134.39519
498. Current log-likelihood: -10623134.32632
499. Current log-likelihood: -10623134.25802
500. Current log-likelihood: -10623134.19027
501. Current log-likelihood: -10623134.12306
502. Current log-likelihood: -10623134.04312
503. Current log-likelihood: -10623133.96412
504. Current log-likelihood: -10623133.88591
505. Current log-likelihood: -10623133.80837
506. Current log-likelihood: -10623133.73168
507. Current log-likelihood: -10623133.65428
508. Current log-likelihood: -10623133.57907
509. Current log-likelihood: -10623133.50449
510. Current log-likelihood: -10623133.43072
511. Current log-likelihood: -10623133.35769
512. Current log-likelihood: -10623133.28535
513. Current log-likelihood: -10623133.21364
514. Current log-likelihood: -10623133.14257
515. Current log-likelihood: -10623133.07236
516. Current log-likelihood: -10623133.00133
517. Current log-likelihood: -10623132.93252
518. Current log-likelihood: -10623132.86445
519. Current log-likelihood: -10623132.79674
520. Current log-likelihood: -10623132.72963
521. Current log-likelihood: -10623132.66352
522. Current log-likelihood: -10623132.59786
523. Current log-likelihood: -10623132.53098
524. Current log-likelihood: -10623132.46676
525. Current log-likelihood: -10623132.40280
526. Current log-likelihood: -10623132.33949
527. Current log-likelihood: -10623132.27710
528. Current log-likelihood: -10623132.21516
529. Current log-likelihood: -10623132.15378
530. Current log-likelihood: -10623132.09303
531. Current log-likelihood: -10623132.03284
532. Current log-likelihood: -10623131.97194
533. Current log-likelihood: -10623131.91307
534. Current log-likelihood: -10623131.85443
535. Current log-likelihood: -10623131.79661
536. Current log-likelihood: -10623131.73927
537. Current log-likelihood: -10623131.68239
538. Current log-likelihood: -10623131.62623
539. Current log-likelihood: -10623131.57050
540. Current log-likelihood: -10623131.51519
541. Current log-likelihood: -10623131.46069
542. Current log-likelihood: -10623131.40513
543. Current log-likelihood: -10623131.35169
544. Current log-likelihood: -10623131.29851
545. Current log-likelihood: -10623131.24608
546. Current log-likelihood: -10623131.19392
547. Current log-likelihood: -10623131.14229
548. Current log-likelihood: -10623131.09105
549. Current log-likelihood: -10623131.04056
550. Current log-likelihood: -10623130.99030
551. Current log-likelihood: -10623130.94059
552. Current log-likelihood: -10623130.89145
553. Current log-likelihood: -10623130.84266
554. Current log-likelihood: -10623130.79447
555. Current log-likelihood: -10623130.74670
556. Current log-likelihood: -10623130.69919
557. Current log-likelihood: -10623130.65093
558. Current log-likelihood: -10623130.60460
559. Current log-likelihood: -10623130.55846
560. Current log-likelihood: -10623130.51301
561. Current log-likelihood: -10623130.46766
562. Current log-likelihood: -10623130.42298
563. Current log-likelihood: -10623130.37862
564. Current log-likelihood: -10623130.33483
565. Current log-likelihood: -10623130.29138
566. Current log-likelihood: -10623130.24828
567. Current log-likelihood: -10623130.20417
568. Current log-likelihood: -10623130.16193
569. Current log-likelihood: -10623130.12000
570. Current log-likelihood: -10623130.07863
571. Current log-likelihood: -10623130.03750
572. Current log-likelihood: -10623129.99674
573. Current log-likelihood: -10623129.95633
574. Current log-likelihood: -10623129.91640
575. Current log-likelihood: -10623129.87681
576. Current log-likelihood: -10623129.83755
577. Current log-likelihood: -10623129.79855
578. Current log-likelihood: -10623129.76004
579. Current log-likelihood: -10623129.72174
580. Current log-likelihood: -10623129.68392
581. Current log-likelihood: -10623129.64645
582. Current log-likelihood: -10623129.60935
583. Current log-likelihood: -10623129.57265
584. Current log-likelihood: -10623129.53620
585. Current log-likelihood: -10623129.49871
586. Current log-likelihood: -10623129.46303
587. Current log-likelihood: -10623129.42768
588. Current log-likelihood: -10623129.39250
589. Current log-likelihood: -10623129.35757
590. Current log-likelihood: -10623129.32315
591. Current log-likelihood: -10623129.28881
592. Current log-likelihood: -10623129.25500
593. Current log-likelihood: -10623129.22141
594. Current log-likelihood: -10623129.18814
595. Current log-likelihood: -10623129.15522
596. Current log-likelihood: -10623129.12262
597. Current log-likelihood: -10623129.09017
598. Current log-likelihood: -10623129.05797
599. Current log-likelihood: -10623129.02622
600. Current log-likelihood: -10623128.99471
601. Current log-likelihood: -10623128.96353
602. Current log-likelihood: -10623128.92761
603. Current log-likelihood: -10623128.89054
604. Current log-likelihood: -10623128.85535
605. Current log-likelihood: -10623128.82045
606. Current log-likelihood: -10623128.78593
607. Current log-likelihood: -10623128.75183
608. Current log-likelihood: -10623128.71813
609. Current log-likelihood: -10623128.68477
610. Current log-likelihood: -10623128.65014
611. Current log-likelihood: -10623128.61747
612. Current log-likelihood: -10623128.58515
613. Current log-likelihood: -10623128.55293
614. Current log-likelihood: -10623128.52124
615. Current log-likelihood: -10623128.48978
616. Current log-likelihood: -10623128.45706
617. Current log-likelihood: -10623128.42625
618. Current log-likelihood: -10623128.39582
619. Current log-likelihood: -10623128.36561
620. Current log-likelihood: -10623128.33571
621. Current log-likelihood: -10623128.30459
622. Current log-likelihood: -10623128.27532
623. Current log-likelihood: -10623128.24638
624. Current log-likelihood: -10623128.21757
625. Current log-likelihood: -10623128.18916
626. Current log-likelihood: -10623128.16102
627. Current log-likelihood: -10623128.13309
628. Current log-likelihood: -10623128.10548
629. Current log-likelihood: -10623128.07635
630. Current log-likelihood: -10623128.04928
631. Current log-likelihood: -10623128.02228
632. Current log-likelihood: -10623127.99565
633. Current log-likelihood: -10623127.96933
634. Current log-likelihood: -10623127.94326
635. Current log-likelihood: -10623127.91573
636. Current log-likelihood: -10623127.89012
637. Current log-likelihood: -10623127.86478
638. Current log-likelihood: -10623127.83966
639. Current log-likelihood: -10623127.81310
640. Current log-likelihood: -10623127.78833
641. Current log-likelihood: -10623127.76389
642. Current log-likelihood: -10623127.73965
643. Current log-likelihood: -10623127.71562
644. Current log-likelihood: -10623127.69022
645. Current log-likelihood: -10623127.66651
646. Current log-likelihood: -10623127.64312
647. Current log-likelihood: -10623127.61992
648. Current log-likelihood: -10623127.59690
649. Current log-likelihood: -10623127.57204
650. Current log-likelihood: -10623127.54938
651. Current log-likelihood: -10623127.52694
652. Current log-likelihood: -10623127.50460
653. Current log-likelihood: -10623127.48248
654. Current log-likelihood: -10623127.45887
655. Current log-likelihood: -10623127.43710
656. Current log-likelihood: -10623127.41554
657. Current log-likelihood: -10623127.39414
658. Current log-likelihood: -10623127.37287
659. Current log-likelihood: -10623127.34995
660. Current log-likelihood: -10623127.32898
661. Current log-likelihood: -10623127.30806
662. Current log-likelihood: -10623127.28741
663. Current log-likelihood: -10623127.26522
664. Current log-likelihood: -10623127.24483
665. Current log-likelihood: -10623127.22454
666. Current log-likelihood: -10623127.20446
667. Current log-likelihood: -10623127.18281
668. Current log-likelihood: -10623127.16290
669. Current log-likelihood: -10623127.14321
670. Current log-likelihood: -10623127.12361
671. Current log-likelihood: -10623127.10214
672. Current log-likelihood: -10623127.08275
673. Current log-likelihood: -10623127.06349
674. Current log-likelihood: -10623127.04247
675. Current log-likelihood: -10623127.02337
676. Current log-likelihood: -10623127.00440
677. Current log-likelihood: -10623126.98555
678. Current log-likelihood: -10623126.96482
679. Current log-likelihood: -10623126.94608
680. Current log-likelihood: -10623126.92741
681. Current log-likelihood: -10623126.90707
682. Current log-likelihood: -10623126.88854
683. Current log-likelihood: -10623126.87013
684. Current log-likelihood: -10623126.84994
685. Current log-likelihood: -10623126.83161
686. Current log-likelihood: -10623126.81158
687. Current log-likelihood: -10623126.79330
688. Current log-likelihood: -10623126.77515
689. Current log-likelihood: -10623126.75490
690. Current log-likelihood: -10623126.73674
691. Current log-likelihood: -10623126.71681
692. Current log-likelihood: -10623126.69867
693. Current log-likelihood: -10623126.67872
694. Current log-likelihood: -10623126.66056
695. Current log-likelihood: -10623126.64252
696. Current log-likelihood: -10623126.62221
697. Current log-likelihood: -10623126.60398
698. Current log-likelihood: -10623126.58361
699. Current log-likelihood: -10623126.56534
700. Current log-likelihood: -10623126.54486
701. Current log-likelihood: -10623126.52631
702. Current log-likelihood: -10623126.50323
703. Current log-likelihood: -10623126.48229
704. Current log-likelihood: -10623126.45855
705. Current log-likelihood: -10623126.43506
706. Current log-likelihood: -10623126.41372
707. Current log-likelihood: -10623126.38926
708. Current log-likelihood: -10623126.36496
709. Current log-likelihood: -10623126.34050
710. Current log-likelihood: -10623126.31821
711. Current log-likelihood: -10623126.29221
712. Current log-likelihood: -10623126.26631
713. Current log-likelihood: -10623126.23996
714. Current log-likelihood: -10623126.21295
715. Current log-likelihood: -10623126.18537
716. Current log-likelihood: -10623126.15707
717. Current log-likelihood: -10623126.12786
718. Current log-likelihood: -10623126.09770
719. Current log-likelihood: -10623126.06637
720. Current log-likelihood: -10623126.03240
721. Current log-likelihood: -10623125.99853
722. Current log-likelihood: -10623125.96114
723. Current log-likelihood: -10623125.92181
724. Current log-likelihood: -10623125.87971
725. Current log-likelihood: -10623125.83435
726. Current log-likelihood: -10623125.78514
727. Current log-likelihood: -10623125.72865
728. Current log-likelihood: -10623125.66522
729. Current log-likelihood: -10623125.58549
730. Current log-likelihood: -10623078.85968
731. Current log-likelihood: -10623069.62064
732. Current log-likelihood: -10623063.56660
733. Current log-likelihood: -10623059.48776
734. Current log-likelihood: -10623057.40975
735. Current log-likelihood: -10623056.79670
736. Current log-likelihood: -10623056.65933
737. Current log-likelihood: -10623056.62192
738. Current log-likelihood: -10623056.60776
739. Current log-likelihood: -10623056.60675
740. Current log-likelihood: -10623056.60646
Final estimation on weights:
0.95293,0.00043,0.04664
Wrote distance file to... 
BEST SCORE FOUND : -10623056.60646
Total tree lengths: 0.26883 6.97916 0.01207

Total number of iterations: 738
CPU time used for tree search: 0.00003 sec (0h:0m:0s)
Wall-clock time used for tree search: 0.00003 sec (0h:0m:0s)
Total CPU time used: 22755.59438 sec (6h:19m:15s)
Total wall-clock time used: 992.05150 sec (0h:16m:32s)

Analysis results written to: 
  IQ-TREE report:                mast_all_occ80_JU3237_quartet_12.submodel1.iqtree
  Maximum-likelihood tree:       mast_all_occ80_JU3237_quartet_12.submodel1.treefile
  Screen log file:               mast_all_occ80_JU3237_quartet_12.submodel1.log

Date and Time: Wed Jul  8 23:37:24 2026
