****                   ADMIXTURE Version 1.3.0                  ****
****                    Copyright 2008-2015                     ****
****           David Alexander, Suyash Shringarpure,            ****
****                John  Novembre, Ken Lange                   ****
****                                                            ****
****                 Please cite our paper!                     ****
****   Information at www.genetics.ucla.edu/software/admixture  ****

Cross-validation will be performed.  Folds=10.
Parallel execution requested.  Will use 24 threads.
Random seed: 1468
Point estimation method: Block relaxation algorithm
Convergence acceleration algorithm: QuasiNewton, 3 secant conditions
Point estimation will terminate when objective function delta < 0.0001
Estimation of standard errors disabled; will compute point estimates only.
Size of G: 713x578311
Performing five EM steps to prime main algorithm
1 (EM) 	Elapsed: 303.209	Loglikelihood: -5.27836e+07	(delta): 5.31904e+08
2 (EM) 	Elapsed: 294.57	Loglikelihood: -4.56658e+07	(delta): 7.11776e+06
3 (EM) 	Elapsed: 294.424	Loglikelihood: -4.49165e+07	(delta): 749312
4 (EM) 	Elapsed: 289.211	Loglikelihood: -4.44869e+07	(delta): 429624
5 (EM) 	Elapsed: 296.845	Loglikelihood: -4.41112e+07	(delta): 375668
Initial loglikelihood: -4.41112e+07
Starting main algorithm
1 (QN/Block) 	Elapsed: 449.223	Loglikelihood: -2.42819e+07	(delta): 1.98293e+07
2 (QN/Block) 	Elapsed: 446.912	Loglikelihood: -1.67851e+07	(delta): 7.49679e+06
3 (QN/Block) 	Elapsed: 445.799	Loglikelihood: -1.48545e+07	(delta): 1.93069e+06
4 (QN/Block) 	Elapsed: 447.868	Loglikelihood: -1.37438e+07	(delta): 1.11066e+06
5 (QN/Block) 	Elapsed: 451.222	Loglikelihood: -1.3246e+07	(delta): 497798
6 (QN/Block) 	Elapsed: 455.597	Loglikelihood: -1.30635e+07	(delta): 182494
7 (QN/Block) 	Elapsed: 451.488	Loglikelihood: -1.30147e+07	(delta): 48784.7
8 (QN/Block) 	Elapsed: 455.265	Loglikelihood: -1.30009e+07	(delta): 13801.8
9 (QN/Block) 	Elapsed: 447.677	Loglikelihood: -1.29953e+07	(delta): 5622.51
10 (QN/Block) 	Elapsed: 444.641	Loglikelihood: -1.29934e+07	(delta): 1915.63
11 (QN/Block) 	Elapsed: 447.031	Loglikelihood: -1.29919e+07	(delta): 1430.26
12 (QN/Block) 	Elapsed: 454.123	Loglikelihood: -1.29915e+07	(delta): 401.08
13 (QN/Block) 	Elapsed: 456.613	Loglikelihood: -1.29913e+07	(delta): 211.322
14 (QN/Block) 	Elapsed: 458.894	Loglikelihood: -1.29911e+07	(delta): 223.253
15 (QN/Block) 	Elapsed: 445.635	Loglikelihood: -1.29906e+07	(delta): 485.846
16 (QN/Block) 	Elapsed: 451.623	Loglikelihood: -1.29905e+07	(delta): 81.4789
17 (QN/Block) 	Elapsed: 444.778	Loglikelihood: -1.29905e+07	(delta): 62.0665
18 (QN/Block) 	Elapsed: 450.352	Loglikelihood: -1.29904e+07	(delta): 42.0487
19 (QN/Block) 	Elapsed: 459.429	Loglikelihood: -1.29904e+07	(delta): 16.2314
20 (QN/Block) 	Elapsed: 456.449	Loglikelihood: -1.29904e+07	(delta): 3.0404
21 (QN/Block) 	Elapsed: 449.752	Loglikelihood: -1.29904e+07	(delta): 1.39231
22 (QN/Block) 	Elapsed: 456.867	Loglikelihood: -1.29904e+07	(delta): 0.379384
23 (QN/Block) 	Elapsed: 452.735	Loglikelihood: -1.29904e+07	(delta): 0.220695
24 (QN/Block) 	Elapsed: 453.247	Loglikelihood: -1.29904e+07	(delta): 0.0488781
25 (QN/Block) 	Elapsed: 455.422	Loglikelihood: -1.29904e+07	(delta): 0.00553414
26 (QN/Block) 	Elapsed: 452.376	Loglikelihood: -1.29904e+07	(delta): 0.000652954
27 (QN/Block) 	Elapsed: 457.033	Loglikelihood: -1.29904e+07	(delta): 0.000138488
28 (QN/Block) 	Elapsed: 445.427	Loglikelihood: -1.29904e+07	(delta): 2.79769e-05
Summary: 
Converged in 28 iterations (14140.6 sec)
Loglikelihood: -12990416.263286
Fst divergences between estimated populations: 
	Pop0	Pop1	Pop2	Pop3	Pop4	Pop5	Pop6	Pop7	Pop8	Pop9	Pop10	Pop11	Pop12	Pop13	Pop14	Pop15	Pop16	Pop17	Pop18	Pop19	
Pop0	
Pop1	0.754	
Pop2	0.590	0.737	
Pop3	0.711	0.808	0.693	
Pop4	0.580	0.733	0.579	0.682	
Pop5	0.459	0.630	0.473	0.524	0.461	
Pop6	0.398	0.742	0.561	0.683	0.548	0.428	
Pop7	0.461	0.799	0.627	0.784	0.615	0.468	0.302	
Pop8	0.765	0.667	0.746	0.820	0.742	0.637	0.753	0.812	
Pop9	0.451	0.798	0.623	0.781	0.612	0.462	0.286	0.160	0.811	
Pop10	0.442	0.801	0.644	0.790	0.632	0.490	0.421	0.495	0.814	0.472	
Pop11	0.531	0.769	0.580	0.732	0.573	0.441	0.465	0.554	0.781	0.543	0.603	
Pop12	0.537	0.769	0.583	0.732	0.577	0.446	0.473	0.562	0.781	0.552	0.608	0.161	
Pop13	0.401	0.767	0.595	0.727	0.582	0.452	0.304	0.305	0.779	0.299	0.362	0.516	0.523	
Pop14	0.577	0.698	0.579	0.640	0.563	0.448	0.551	0.605	0.705	0.601	0.620	0.577	0.580	0.578	
Pop15	0.433	0.788	0.612	0.763	0.601	0.457	0.278	0.180	0.801	0.177	0.457	0.531	0.540	0.300	0.593	
Pop16	0.412	0.784	0.639	0.764	0.628	0.501	0.491	0.581	0.795	0.572	0.564	0.610	0.614	0.514	0.615	0.554	
Pop17	0.420	0.774	0.597	0.738	0.585	0.448	0.264	0.198	0.786	0.155	0.423	0.510	0.519	0.229	0.579	0.202	0.529	
Pop18	0.404	0.771	0.599	0.734	0.586	0.453	0.311	0.315	0.783	0.305	0.336	0.523	0.530	0.159	0.580	0.305	0.517	0.233	
Pop19	0.462	0.815	0.669	0.817	0.659	0.515	0.488	0.599	0.828	0.581	0.425	0.651	0.654	0.462	0.641	0.557	0.602	0.522	0.442	
Pop20	0.685	0.783	0.672	0.775	0.667	0.542	0.664	0.739	0.794	0.736	0.747	0.696	0.697	0.698	0.642	0.723	0.729	0.705	0.703	0.769	
CV error (K=21): 0.04868
Writing output files.
