****                   ADMIXTURE Version 1.3.0                  ****
****                    Copyright 2008-2015                     ****
****           David Alexander, Suyash Shringarpure,            ****
****                John  Novembre, Ken Lange                   ****
****                                                            ****
****                 Please cite our paper!                     ****
****   Information at www.genetics.ucla.edu/software/admixture  ****

Cross-validation will be performed.  Folds=10.
Parallel execution requested.  Will use 24 threads.
Random seed: 1853
Point estimation method: Block relaxation algorithm
Convergence acceleration algorithm: QuasiNewton, 3 secant conditions
Point estimation will terminate when objective function delta < 0.0001
Estimation of standard errors disabled; will compute point estimates only.
Size of G: 713x578311
Performing five EM steps to prime main algorithm
1 (EM) 	Elapsed: 123.199	Loglikelihood: -5.28329e+07	(delta): 5.38586e+08
2 (EM) 	Elapsed: 128.235	Loglikelihood: -4.5912e+07	(delta): 6.92084e+06
3 (EM) 	Elapsed: 128.87	Loglikelihood: -4.52029e+07	(delta): 709181
4 (EM) 	Elapsed: 125.431	Loglikelihood: -4.4829e+07	(delta): 373854
5 (EM) 	Elapsed: 124.968	Loglikelihood: -4.45328e+07	(delta): 296189
Initial loglikelihood: -4.45328e+07
Starting main algorithm
1 (QN/Block) 	Elapsed: 270.906	Loglikelihood: -2.74077e+07	(delta): 1.71251e+07
2 (QN/Block) 	Elapsed: 267.115	Loglikelihood: -1.90943e+07	(delta): 8.31338e+06
3 (QN/Block) 	Elapsed: 270.335	Loglikelihood: -1.69146e+07	(delta): 2.1797e+06
4 (QN/Block) 	Elapsed: 273.017	Loglikelihood: -1.56858e+07	(delta): 1.22886e+06
5 (QN/Block) 	Elapsed: 271.025	Loglikelihood: -1.5033e+07	(delta): 652732
6 (QN/Block) 	Elapsed: 272.225	Loglikelihood: -1.47462e+07	(delta): 286780
7 (QN/Block) 	Elapsed: 272.468	Loglikelihood: -1.4637e+07	(delta): 109270
8 (QN/Block) 	Elapsed: 273.348	Loglikelihood: -1.46074e+07	(delta): 29521.3
9 (QN/Block) 	Elapsed: 270.558	Loglikelihood: -1.45997e+07	(delta): 7698.09
10 (QN/Block) 	Elapsed: 271.952	Loglikelihood: -1.45966e+07	(delta): 3114.04
11 (QN/Block) 	Elapsed: 274.791	Loglikelihood: -1.45954e+07	(delta): 1201.98
12 (QN/Block) 	Elapsed: 283.754	Loglikelihood: -1.45946e+07	(delta): 819.24
13 (QN/Block) 	Elapsed: 280.766	Loglikelihood: -1.4593e+07	(delta): 1654.43
14 (QN/Block) 	Elapsed: 280.162	Loglikelihood: -1.4592e+07	(delta): 921.133
15 (QN/Block) 	Elapsed: 280.061	Loglikelihood: -1.45918e+07	(delta): 253.741
16 (QN/Block) 	Elapsed: 289.245	Loglikelihood: -1.45912e+07	(delta): 544.457
17 (QN/Block) 	Elapsed: 286.438	Loglikelihood: -1.4591e+07	(delta): 223.151
18 (QN/Block) 	Elapsed: 289.194	Loglikelihood: -1.45894e+07	(delta): 1651.21
19 (QN/Block) 	Elapsed: 285.488	Loglikelihood: -1.45864e+07	(delta): 2987.7
20 (QN/Block) 	Elapsed: 278.768	Loglikelihood: -1.45861e+07	(delta): 316.202
21 (QN/Block) 	Elapsed: 286.575	Loglikelihood: -1.4586e+07	(delta): 14.9095
22 (QN/Block) 	Elapsed: 286.327	Loglikelihood: -1.4586e+07	(delta): 22.8487
23 (QN/Block) 	Elapsed: 284.009	Loglikelihood: -1.4586e+07	(delta): 11.2357
24 (QN/Block) 	Elapsed: 285.199	Loglikelihood: -1.4586e+07	(delta): 6.61203
25 (QN/Block) 	Elapsed: 282.869	Loglikelihood: -1.4586e+07	(delta): 0.947639
26 (QN/Block) 	Elapsed: 276.41	Loglikelihood: -1.4586e+07	(delta): 0.124138
27 (QN/Block) 	Elapsed: 279.599	Loglikelihood: -1.4586e+07	(delta): 0.0976986
28 (QN/Block) 	Elapsed: 285.459	Loglikelihood: -1.4586e+07	(delta): 0.0198238
29 (QN/Block) 	Elapsed: 285.493	Loglikelihood: -1.4586e+07	(delta): 0.119527
30 (QN/Block) 	Elapsed: 286.453	Loglikelihood: -1.4586e+07	(delta): 0.387381
31 (QN/Block) 	Elapsed: 282.253	Loglikelihood: -1.4586e+07	(delta): 0.18331
32 (QN/Block) 	Elapsed: 279.959	Loglikelihood: -1.4586e+07	(delta): 0.198474
33 (QN/Block) 	Elapsed: 287.983	Loglikelihood: -1.4586e+07	(delta): 0.209382
34 (QN/Block) 	Elapsed: 286.315	Loglikelihood: -1.4586e+07	(delta): 0.131895
35 (QN/Block) 	Elapsed: 283.486	Loglikelihood: -1.4586e+07	(delta): 0.0435506
36 (QN/Block) 	Elapsed: 286.969	Loglikelihood: -1.4586e+07	(delta): 0.0324781
37 (QN/Block) 	Elapsed: 283.179	Loglikelihood: -1.4586e+07	(delta): 0.000156632
38 (QN/Block) 	Elapsed: 285.271	Loglikelihood: -1.4586e+07	(delta): 2.09846e-05
Summary: 
Converged in 38 iterations (11304.6 sec)
Loglikelihood: -14586004.054180
Fst divergences between estimated populations: 
	Pop0	Pop1	Pop2	Pop3	Pop4	Pop5	Pop6	Pop7	Pop8	Pop9	Pop10	Pop11	Pop12	
Pop0	
Pop1	0.572	
Pop2	0.584	0.579	
Pop3	0.735	0.710	0.714	
Pop4	0.235	0.536	0.550	0.707	
Pop5	0.461	0.653	0.663	0.782	0.456	
Pop6	0.752	0.712	0.714	0.798	0.703	0.835	
Pop7	0.345	0.550	0.561	0.707	0.341	0.401	0.702	
Pop8	0.346	0.379	0.396	0.535	0.334	0.410	0.468	0.353	
Pop9	0.707	0.674	0.685	0.774	0.658	0.797	0.829	0.664	0.424	
Pop10	0.783	0.750	0.753	0.646	0.752	0.832	0.845	0.749	0.563	0.821	
Pop11	0.347	0.622	0.635	0.766	0.381	0.382	0.807	0.373	0.385	0.766	0.815	
Pop12	0.165	0.601	0.613	0.760	0.244	0.545	0.799	0.380	0.356	0.754	0.812	0.426	
Pop13	0.472	0.561	0.567	0.732	0.430	0.619	0.742	0.472	0.344	0.703	0.780	0.565	0.503	
CV error (K=14): 0.05055
Writing output files.
