****                   ADMIXTURE Version 1.3.0                  ****
****                    Copyright 2008-2015                     ****
****           David Alexander, Suyash Shringarpure,            ****
****                John  Novembre, Ken Lange                   ****
****                                                            ****
****                 Please cite our paper!                     ****
****   Information at www.genetics.ucla.edu/software/admixture  ****

Cross-validation will be performed.  Folds=10.
Parallel execution requested.  Will use 24 threads.
Random seed: 1230
Point estimation method: Block relaxation algorithm
Convergence acceleration algorithm: QuasiNewton, 3 secant conditions
Point estimation will terminate when objective function delta < 0.0001
Estimation of standard errors disabled; will compute point estimates only.
Size of G: 713x578311
Performing five EM steps to prime main algorithm
1 (EM) 	Elapsed: 74.697	Loglikelihood: -5.25854e+07	(delta): 5.52888e+08
2 (EM) 	Elapsed: 70.576	Loglikelihood: -4.61342e+07	(delta): 6.45121e+06
3 (EM) 	Elapsed: 73.375	Loglikelihood: -4.54678e+07	(delta): 666368
4 (EM) 	Elapsed: 74.429	Loglikelihood: -4.50966e+07	(delta): 371176
5 (EM) 	Elapsed: 80.942	Loglikelihood: -4.47835e+07	(delta): 313150
Initial loglikelihood: -4.47835e+07
Starting main algorithm
1 (QN/Block) 	Elapsed: 179.157	Loglikelihood: -2.95736e+07	(delta): 1.52099e+07
2 (QN/Block) 	Elapsed: 179.555	Loglikelihood: -2.39347e+07	(delta): 5.63887e+06
3 (QN/Block) 	Elapsed: 180.965	Loglikelihood: -2.16416e+07	(delta): 2.29309e+06
4 (QN/Block) 	Elapsed: 174.057	Loglikelihood: -2.01667e+07	(delta): 1.47493e+06
5 (QN/Block) 	Elapsed: 167.34	Loglikelihood: -1.92952e+07	(delta): 871407
6 (QN/Block) 	Elapsed: 165.339	Loglikelihood: -1.8904e+07	(delta): 391198
7 (QN/Block) 	Elapsed: 167.701	Loglikelihood: -1.87986e+07	(delta): 105490
8 (QN/Block) 	Elapsed: 166.518	Loglikelihood: -1.87578e+07	(delta): 40744.2
9 (QN/Block) 	Elapsed: 167.009	Loglikelihood: -1.87333e+07	(delta): 24500.4
10 (QN/Block) 	Elapsed: 167.501	Loglikelihood: -1.87254e+07	(delta): 7916.62
11 (QN/Block) 	Elapsed: 167.929	Loglikelihood: -1.87215e+07	(delta): 3900.46
12 (QN/Block) 	Elapsed: 168.062	Loglikelihood: -1.87192e+07	(delta): 2249.64
13 (QN/Block) 	Elapsed: 164.975	Loglikelihood: -1.87172e+07	(delta): 2035.48
14 (QN/Block) 	Elapsed: 166.493	Loglikelihood: -1.87135e+07	(delta): 3682.93
15 (QN/Block) 	Elapsed: 167.752	Loglikelihood: -1.87123e+07	(delta): 1228.01
16 (QN/Block) 	Elapsed: 166.079	Loglikelihood: -1.87119e+07	(delta): 417.319
17 (QN/Block) 	Elapsed: 163.708	Loglikelihood: -1.87118e+07	(delta): 126.884
18 (QN/Block) 	Elapsed: 166.696	Loglikelihood: -1.87117e+07	(delta): 25.5599
19 (QN/Block) 	Elapsed: 166.565	Loglikelihood: -1.87117e+07	(delta): 20.9529
20 (QN/Block) 	Elapsed: 166.592	Loglikelihood: -1.87117e+07	(delta): 9.59212
21 (QN/Block) 	Elapsed: 166.296	Loglikelihood: -1.87117e+07	(delta): 3.46533
22 (QN/Block) 	Elapsed: 166.754	Loglikelihood: -1.87117e+07	(delta): 0.146733
23 (QN/Block) 	Elapsed: 167.74	Loglikelihood: -1.87117e+07	(delta): 0.00665474
24 (QN/Block) 	Elapsed: 167.632	Loglikelihood: -1.87117e+07	(delta): 0.00528636
25 (QN/Block) 	Elapsed: 163.857	Loglikelihood: -1.87117e+07	(delta): 0.0011383
26 (QN/Block) 	Elapsed: 162.511	Loglikelihood: -1.87117e+07	(delta): 0.000269115
27 (QN/Block) 	Elapsed: 163.985	Loglikelihood: -1.87117e+07	(delta): 0.000138801
28 (QN/Block) 	Elapsed: 164.196	Loglikelihood: -1.87117e+07	(delta): 2.58088e-05
Summary: 
Converged in 28 iterations (5084.92 sec)
Loglikelihood: -18711696.887305
Fst divergences between estimated populations: 
	Pop0	Pop1	Pop2	Pop3	Pop4	Pop5	Pop6	
Pop0	
Pop1	0.617	
Pop2	0.588	0.645	
Pop3	0.445	0.563	0.514	
Pop4	0.347	0.656	0.647	0.468	
Pop5	0.323	0.618	0.584	0.433	0.219	
Pop6	0.304	0.652	0.643	0.478	0.345	0.335	
Pop7	0.458	0.642	0.625	0.450	0.485	0.424	0.518	
CV error (K=8): 0.05874
Writing output files.
