****                   ADMIXTURE Version 1.3.0                  ****
****                    Copyright 2008-2015                     ****
****           David Alexander, Suyash Shringarpure,            ****
****                John  Novembre, Ken Lange                   ****
****                                                            ****
****                 Please cite our paper!                     ****
****   Information at www.genetics.ucla.edu/software/admixture  ****

Cross-validation will be performed.  Folds=10.
Parallel execution requested.  Will use 24 threads.
Random seed: 1322
Point estimation method: Block relaxation algorithm
Convergence acceleration algorithm: QuasiNewton, 3 secant conditions
Point estimation will terminate when objective function delta < 0.0001
Estimation of standard errors disabled; will compute point estimates only.
Size of G: 713x578311
Performing five EM steps to prime main algorithm
1 (EM) 	Elapsed: 8.419	Loglikelihood: -4.83853e+07	(delta): 6.55874e+08
2 (EM) 	Elapsed: 8.355	Loglikelihood: -4.60443e+07	(delta): 2.34101e+06
3 (EM) 	Elapsed: 8.213	Loglikelihood: -4.57441e+07	(delta): 300188
4 (EM) 	Elapsed: 8.255	Loglikelihood: -4.55955e+07	(delta): 148520
5 (EM) 	Elapsed: 8.202	Loglikelihood: -4.55181e+07	(delta): 77439.5
Initial loglikelihood: -4.55181e+07
Starting main algorithm
1 (QN/Block) 	Elapsed: 41.154	Loglikelihood: -4.39944e+07	(delta): 1.52373e+06
2 (QN/Block) 	Elapsed: 42.269	Loglikelihood: -4.30063e+07	(delta): 988076
3 (QN/Block) 	Elapsed: 44.568	Loglikelihood: -4.21461e+07	(delta): 860203
4 (QN/Block) 	Elapsed: 44.442	Loglikelihood: -4.13703e+07	(delta): 775820
5 (QN/Block) 	Elapsed: 45.333	Loglikelihood: -4.08061e+07	(delta): 564176
6 (QN/Block) 	Elapsed: 44.105	Loglikelihood: -4.06946e+07	(delta): 111520
7 (QN/Block) 	Elapsed: 44.418	Loglikelihood: -4.05343e+07	(delta): 160271
8 (QN/Block) 	Elapsed: 45.182	Loglikelihood: -4.05142e+07	(delta): 20078.9
9 (QN/Block) 	Elapsed: 45.417	Loglikelihood: -4.04972e+07	(delta): 17004.8
10 (QN/Block) 	Elapsed: 44.484	Loglikelihood: -4.0482e+07	(delta): 15187.3
11 (QN/Block) 	Elapsed: 44.282	Loglikelihood: -4.04768e+07	(delta): 5262.58
12 (QN/Block) 	Elapsed: 45.486	Loglikelihood: -4.04751e+07	(delta): 1631
13 (QN/Block) 	Elapsed: 44.662	Loglikelihood: -4.04748e+07	(delta): 352.989
14 (QN/Block) 	Elapsed: 45.258	Loglikelihood: -4.04741e+07	(delta): 645.861
15 (QN/Block) 	Elapsed: 45.343	Loglikelihood: -4.04738e+07	(delta): 352.306
16 (QN/Block) 	Elapsed: 45.744	Loglikelihood: -4.0473e+07	(delta): 808.024
17 (QN/Block) 	Elapsed: 44.714	Loglikelihood: -4.04701e+07	(delta): 2918.1
18 (QN/Block) 	Elapsed: 44.96	Loglikelihood: -4.0468e+07	(delta): 2050.14
19 (QN/Block) 	Elapsed: 44.942	Loglikelihood: -4.04621e+07	(delta): 5926.14
20 (QN/Block) 	Elapsed: 45.603	Loglikelihood: -4.04568e+07	(delta): 5298.93
21 (QN/Block) 	Elapsed: 44.696	Loglikelihood: -4.04356e+07	(delta): 21163
22 (QN/Block) 	Elapsed: 43.718	Loglikelihood: -4.03926e+07	(delta): 43020.4
23 (QN/Block) 	Elapsed: 41.661	Loglikelihood: -4.03241e+07	(delta): 68517.4
24 (QN/Block) 	Elapsed: 42.517	Loglikelihood: -4.02256e+07	(delta): 98463.5
25 (QN/Block) 	Elapsed: 41.825	Loglikelihood: -4.00167e+07	(delta): 208932
26 (QN/Block) 	Elapsed: 41.185	Loglikelihood: -3.97491e+07	(delta): 267572
27 (QN/Block) 	Elapsed: 41.83	Loglikelihood: -3.51502e+07	(delta): 4.59889e+06
28 (QN/Block) 	Elapsed: 41.277	Loglikelihood: -3.40968e+07	(delta): 1.05341e+06
29 (QN/Block) 	Elapsed: 41.762	Loglikelihood: -3.37362e+07	(delta): 360625
30 (QN/Block) 	Elapsed: 40.978	Loglikelihood: -3.35481e+07	(delta): 188107
31 (QN/Block) 	Elapsed: 41.652	Loglikelihood: -3.35125e+07	(delta): 35586.9
32 (QN/Block) 	Elapsed: 41.702	Loglikelihood: -3.35019e+07	(delta): 10575.5
33 (QN/Block) 	Elapsed: 41.816	Loglikelihood: -3.35007e+07	(delta): 1261.99
34 (QN/Block) 	Elapsed: 41.457	Loglikelihood: -3.35006e+07	(delta): 88.2976
35 (QN/Block) 	Elapsed: 41.752	Loglikelihood: -3.35006e+07	(delta): 5.35325
36 (QN/Block) 	Elapsed: 42.177	Loglikelihood: -3.35006e+07	(delta): 0.0120135
37 (QN/Block) 	Elapsed: 41.233	Loglikelihood: -3.35006e+07	(delta): 0.00139115
38 (QN/Block) 	Elapsed: 42.6	Loglikelihood: -3.35006e+07	(delta): 3.20375e-07
Summary: 
Converged in 38 iterations (1697.14 sec)
Loglikelihood: -33500571.641723
Fst divergences between estimated populations: 
	Pop0	
Pop0	
Pop1	0.452	
CV error (K=2): 0.09171
Writing output files.
