****                   ADMIXTURE Version 1.3.0                  ****
****                    Copyright 2008-2015                     ****
****           David Alexander, Suyash Shringarpure,            ****
****                John  Novembre, Ken Lange                   ****
****                                                            ****
****                 Please cite our paper!                     ****
****   Information at www.genetics.ucla.edu/software/admixture  ****

Cross-validation will be performed.  Folds=10.
Parallel execution requested.  Will use 24 threads.
Random seed: 1807
Point estimation method: Block relaxation algorithm
Convergence acceleration algorithm: QuasiNewton, 3 secant conditions
Point estimation will terminate when objective function delta < 0.0001
Estimation of standard errors disabled; will compute point estimates only.
Size of G: 713x578311
Performing five EM steps to prime main algorithm
1 (EM) 	Elapsed: 282.787	Loglikelihood: -5.28395e+07	(delta): 5.31908e+08
2 (EM) 	Elapsed: 284.264	Loglikelihood: -4.57048e+07	(delta): 7.13469e+06
3 (EM) 	Elapsed: 284.84	Loglikelihood: -4.49693e+07	(delta): 735454
4 (EM) 	Elapsed: 280.615	Loglikelihood: -4.45624e+07	(delta): 406927
5 (EM) 	Elapsed: 279.346	Loglikelihood: -4.42227e+07	(delta): 339744
Initial loglikelihood: -4.42227e+07
Starting main algorithm
1 (QN/Block) 	Elapsed: 419.268	Loglikelihood: -2.53416e+07	(delta): 1.88811e+07
2 (QN/Block) 	Elapsed: 406.696	Loglikelihood: -1.79838e+07	(delta): 7.35783e+06
3 (QN/Block) 	Elapsed: 409.424	Loglikelihood: -1.59981e+07	(delta): 1.98565e+06
4 (QN/Block) 	Elapsed: 406.954	Loglikelihood: -1.44975e+07	(delta): 1.50062e+06
5 (QN/Block) 	Elapsed: 403.157	Loglikelihood: -1.36172e+07	(delta): 880266
6 (QN/Block) 	Elapsed: 399.836	Loglikelihood: -1.32634e+07	(delta): 353838
7 (QN/Block) 	Elapsed: 404.031	Loglikelihood: -1.311e+07	(delta): 153410
8 (QN/Block) 	Elapsed: 401.299	Loglikelihood: -1.30524e+07	(delta): 57560.4
9 (QN/Block) 	Elapsed: 404.337	Loglikelihood: -1.30294e+07	(delta): 23046
10 (QN/Block) 	Elapsed: 414.568	Loglikelihood: -1.30216e+07	(delta): 7785.27
11 (QN/Block) 	Elapsed: 431.556	Loglikelihood: -1.30187e+07	(delta): 2876.57
12 (QN/Block) 	Elapsed: 430.021	Loglikelihood: -1.30173e+07	(delta): 1395.73
13 (QN/Block) 	Elapsed: 402.305	Loglikelihood: -1.30168e+07	(delta): 503.291
14 (QN/Block) 	Elapsed: 405.687	Loglikelihood: -1.30167e+07	(delta): 155.412
15 (QN/Block) 	Elapsed: 403.129	Loglikelihood: -1.30167e+07	(delta): 15.7803
16 (QN/Block) 	Elapsed: 405.051	Loglikelihood: -1.30167e+07	(delta): 3.85731
17 (QN/Block) 	Elapsed: 417.226	Loglikelihood: -1.30167e+07	(delta): 1.36628
18 (QN/Block) 	Elapsed: 436.548	Loglikelihood: -1.30167e+07	(delta): 0.536987
19 (QN/Block) 	Elapsed: 440.103	Loglikelihood: -1.30167e+07	(delta): 0.285387
20 (QN/Block) 	Elapsed: 442.794	Loglikelihood: -1.30167e+07	(delta): 0.0537316
21 (QN/Block) 	Elapsed: 440.039	Loglikelihood: -1.30167e+07	(delta): 0.00644439
22 (QN/Block) 	Elapsed: 441.657	Loglikelihood: -1.30167e+07	(delta): 0.00124096
23 (QN/Block) 	Elapsed: 442.508	Loglikelihood: -1.30167e+07	(delta): 0.000335123
24 (QN/Block) 	Elapsed: 411.617	Loglikelihood: -1.30167e+07	(delta): 0.000143278
25 (QN/Block) 	Elapsed: 411.923	Loglikelihood: -1.30167e+07	(delta): 1.66744e-05
Summary: 
Converged in 25 iterations (11859.1 sec)
Loglikelihood: -13016655.375775
Fst divergences between estimated populations: 
	Pop0	Pop1	Pop2	Pop3	Pop4	Pop5	Pop6	Pop7	Pop8	Pop9	Pop10	Pop11	Pop12	Pop13	Pop14	Pop15	Pop16	Pop17	Pop18	Pop19	
Pop0	
Pop1	0.679	
Pop2	0.497	0.463	
Pop3	0.637	0.557	0.447	
Pop4	0.628	0.237	0.440	0.502	
Pop5	0.494	0.737	0.536	0.691	0.681	
Pop6	0.623	0.624	0.473	0.584	0.582	0.664	
Pop7	0.652	0.317	0.458	0.542	0.278	0.704	0.605	
Pop8	0.617	0.319	0.438	0.497	0.278	0.669	0.575	0.340	
Pop9	0.656	0.159	0.455	0.535	0.228	0.712	0.607	0.276	0.303	
Pop10	0.785	0.821	0.644	0.790	0.781	0.811	0.753	0.796	0.773	0.803	
Pop11	0.664	0.344	0.469	0.559	0.307	0.715	0.616	0.344	0.347	0.313	0.802	
Pop12	0.667	0.277	0.465	0.555	0.279	0.721	0.617	0.270	0.345	0.232	0.808	0.364	
Pop13	0.743	0.768	0.611	0.742	0.733	0.768	0.714	0.748	0.726	0.752	0.646	0.754	0.758	
Pop14	0.632	0.544	0.440	0.162	0.490	0.688	0.579	0.531	0.486	0.522	0.789	0.548	0.543	0.740	
Pop15	0.465	0.427	0.327	0.419	0.410	0.501	0.447	0.424	0.409	0.420	0.604	0.436	0.430	0.574	0.413	
Pop16	0.735	0.781	0.522	0.732	0.714	0.779	0.692	0.740	0.700	0.750	0.827	0.752	0.761	0.779	0.728	0.490	
Pop17	0.600	0.397	0.437	0.497	0.335	0.646	0.562	0.367	0.375	0.382	0.750	0.425	0.393	0.708	0.488	0.410	0.673	
Pop18	0.719	0.582	0.514	0.656	0.489	0.770	0.668	0.465	0.513	0.542	0.835	0.573	0.546	0.785	0.648	0.476	0.813	0.410	
Pop19	0.678	0.140	0.465	0.560	0.217	0.736	0.625	0.317	0.322	0.197	0.820	0.346	0.267	0.767	0.547	0.430	0.779	0.401	0.588	
Pop20	0.693	0.476	0.490	0.610	0.402	0.746	0.644	0.357	0.447	0.440	0.822	0.503	0.447	0.772	0.601	0.454	0.788	0.390	0.421	0.484	
CV error (K=21): 0.04842
Writing output files.
