****                   ADMIXTURE Version 1.3.0                  ****
****                    Copyright 2008-2015                     ****
****           David Alexander, Suyash Shringarpure,            ****
****                John  Novembre, Ken Lange                   ****
****                                                            ****
****                 Please cite our paper!                     ****
****   Information at www.genetics.ucla.edu/software/admixture  ****

Cross-validation will be performed.  Folds=10.
Parallel execution requested.  Will use 24 threads.
Random seed: 1230
Point estimation method: Block relaxation algorithm
Convergence acceleration algorithm: QuasiNewton, 3 secant conditions
Point estimation will terminate when objective function delta < 0.0001
Estimation of standard errors disabled; will compute point estimates only.
Size of G: 713x578311
Performing five EM steps to prime main algorithm
1 (EM) 	Elapsed: 28.101	Loglikelihood: -5.19965e+07	(delta): 5.73589e+08
2 (EM) 	Elapsed: 28.468	Loglikelihood: -4.62998e+07	(delta): 5.69672e+06
3 (EM) 	Elapsed: 28.879	Loglikelihood: -4.57284e+07	(delta): 571328
4 (EM) 	Elapsed: 29.481	Loglikelihood: -4.54451e+07	(delta): 283299
5 (EM) 	Elapsed: 29.385	Loglikelihood: -4.52492e+07	(delta): 195888
Initial loglikelihood: -4.52492e+07
Starting main algorithm
1 (QN/Block) 	Elapsed: 99.127	Loglikelihood: -3.41909e+07	(delta): 1.10583e+07
2 (QN/Block) 	Elapsed: 98.025	Loglikelihood: -2.75075e+07	(delta): 6.68336e+06
3 (QN/Block) 	Elapsed: 100.119	Loglikelihood: -2.56578e+07	(delta): 1.84971e+06
4 (QN/Block) 	Elapsed: 100.299	Loglikelihood: -2.43205e+07	(delta): 1.33738e+06
5 (QN/Block) 	Elapsed: 101.685	Loglikelihood: -2.35576e+07	(delta): 762805
6 (QN/Block) 	Elapsed: 100.664	Loglikelihood: -2.32664e+07	(delta): 291251
7 (QN/Block) 	Elapsed: 100.251	Loglikelihood: -2.31988e+07	(delta): 67635.1
8 (QN/Block) 	Elapsed: 100.151	Loglikelihood: -2.31742e+07	(delta): 24592.3
9 (QN/Block) 	Elapsed: 100.55	Loglikelihood: -2.31424e+07	(delta): 31724.1
10 (QN/Block) 	Elapsed: 101.19	Loglikelihood: -2.31294e+07	(delta): 13067.6
11 (QN/Block) 	Elapsed: 100.329	Loglikelihood: -2.31096e+07	(delta): 19807.4
12 (QN/Block) 	Elapsed: 101.484	Loglikelihood: -2.31061e+07	(delta): 3453.7
13 (QN/Block) 	Elapsed: 101.845	Loglikelihood: -2.31057e+07	(delta): 398.688
14 (QN/Block) 	Elapsed: 99.763	Loglikelihood: -2.31057e+07	(delta): 55.9035
15 (QN/Block) 	Elapsed: 100.042	Loglikelihood: -2.31056e+07	(delta): 25.6631
16 (QN/Block) 	Elapsed: 100.636	Loglikelihood: -2.31056e+07	(delta): 4.43897
17 (QN/Block) 	Elapsed: 101.29	Loglikelihood: -2.31056e+07	(delta): 0.0339973
18 (QN/Block) 	Elapsed: 101.703	Loglikelihood: -2.31056e+07	(delta): 0.000102147
19 (QN/Block) 	Elapsed: 99.982	Loglikelihood: -2.31056e+07	(delta): 2.76044e-05
Summary: 
Converged in 19 iterations (2060.51 sec)
Loglikelihood: -23105633.179779
Fst divergences between estimated populations: 
	Pop0	Pop1	Pop2	Pop3	
Pop0	
Pop1	0.641	
Pop2	0.246	0.438	
Pop3	0.429	0.630	0.231	
Pop4	0.423	0.546	0.223	0.407	
CV error (K=5): 0.06878
Writing output files.
