****                   ADMIXTURE Version 1.3.0                  ****
****                    Copyright 2008-2015                     ****
****           David Alexander, Suyash Shringarpure,            ****
****                John  Novembre, Ken Lange                   ****
****                                                            ****
****                 Please cite our paper!                     ****
****   Information at www.genetics.ucla.edu/software/admixture  ****

Cross-validation will be performed.  Folds=10.
Parallel execution requested.  Will use 24 threads.
Random seed: 1230
Point estimation method: Block relaxation algorithm
Convergence acceleration algorithm: QuasiNewton, 3 secant conditions
Point estimation will terminate when objective function delta < 0.0001
Estimation of standard errors disabled; will compute point estimates only.
Size of G: 713x578311
Performing five EM steps to prime main algorithm
1 (EM) 	Elapsed: 170.123	Loglikelihood: -5.28991e+07	(delta): 5.36024e+08
2 (EM) 	Elapsed: 167.264	Loglikelihood: -4.58927e+07	(delta): 7.00648e+06
3 (EM) 	Elapsed: 165.002	Loglikelihood: -4.51919e+07	(delta): 700726
4 (EM) 	Elapsed: 161.752	Loglikelihood: -4.48178e+07	(delta): 374099
5 (EM) 	Elapsed: 165.296	Loglikelihood: -4.45108e+07	(delta): 307003
Initial loglikelihood: -4.45108e+07
Starting main algorithm
1 (QN/Block) 	Elapsed: 326.37	Loglikelihood: -2.65062e+07	(delta): 1.80046e+07
2 (QN/Block) 	Elapsed: 320.647	Loglikelihood: -1.89448e+07	(delta): 7.56144e+06
3 (QN/Block) 	Elapsed: 328.233	Loglikelihood: -1.6841e+07	(delta): 2.10382e+06
4 (QN/Block) 	Elapsed: 326.96	Loglikelihood: -1.55026e+07	(delta): 1.33834e+06
5 (QN/Block) 	Elapsed: 322.39	Loglikelihood: -1.47225e+07	(delta): 780183
6 (QN/Block) 	Elapsed: 327.444	Loglikelihood: -1.43225e+07	(delta): 399952
7 (QN/Block) 	Elapsed: 320.283	Loglikelihood: -1.42063e+07	(delta): 116211
8 (QN/Block) 	Elapsed: 326.877	Loglikelihood: -1.41651e+07	(delta): 41179.9
9 (QN/Block) 	Elapsed: 319.88	Loglikelihood: -1.41481e+07	(delta): 17011.9
10 (QN/Block) 	Elapsed: 324.997	Loglikelihood: -1.41391e+07	(delta): 8985.57
11 (QN/Block) 	Elapsed: 321.822	Loglikelihood: -1.41345e+07	(delta): 4592.62
12 (QN/Block) 	Elapsed: 324.331	Loglikelihood: -1.4132e+07	(delta): 2483.36
13 (QN/Block) 	Elapsed: 323.948	Loglikelihood: -1.41303e+07	(delta): 1722.2
14 (QN/Block) 	Elapsed: 321.587	Loglikelihood: -1.41283e+07	(delta): 2064.59
15 (QN/Block) 	Elapsed: 323.736	Loglikelihood: -1.41238e+07	(delta): 4447.29
16 (QN/Block) 	Elapsed: 321.528	Loglikelihood: -1.41216e+07	(delta): 2184.06
17 (QN/Block) 	Elapsed: 321.022	Loglikelihood: -1.41213e+07	(delta): 355.484
18 (QN/Block) 	Elapsed: 319.822	Loglikelihood: -1.4121e+07	(delta): 244.751
19 (QN/Block) 	Elapsed: 324.811	Loglikelihood: -1.41203e+07	(delta): 773.956
20 (QN/Block) 	Elapsed: 323.173	Loglikelihood: -1.41201e+07	(delta): 130.777
21 (QN/Block) 	Elapsed: 316.534	Loglikelihood: -1.41201e+07	(delta): 25.3753
22 (QN/Block) 	Elapsed: 304.933	Loglikelihood: -1.41201e+07	(delta): 3.57883
23 (QN/Block) 	Elapsed: 304.384	Loglikelihood: -1.41201e+07	(delta): 1.63623
24 (QN/Block) 	Elapsed: 305.09	Loglikelihood: -1.41201e+07	(delta): 0.617437
25 (QN/Block) 	Elapsed: 305.076	Loglikelihood: -1.41201e+07	(delta): 0.396996
26 (QN/Block) 	Elapsed: 307.115	Loglikelihood: -1.41201e+07	(delta): 0.352537
27 (QN/Block) 	Elapsed: 304.063	Loglikelihood: -1.41201e+07	(delta): 0.0514097
28 (QN/Block) 	Elapsed: 303.185	Loglikelihood: -1.41201e+07	(delta): 0.0230276
29 (QN/Block) 	Elapsed: 303.236	Loglikelihood: -1.41201e+07	(delta): 0.0219516
30 (QN/Block) 	Elapsed: 303.836	Loglikelihood: -1.41201e+07	(delta): 0.0167334
31 (QN/Block) 	Elapsed: 304.242	Loglikelihood: -1.41201e+07	(delta): 0.0322707
32 (QN/Block) 	Elapsed: 303.183	Loglikelihood: -1.41201e+07	(delta): 0.0223047
33 (QN/Block) 	Elapsed: 303.777	Loglikelihood: -1.41201e+07	(delta): 0.00695918
34 (QN/Block) 	Elapsed: 303.414	Loglikelihood: -1.41201e+07	(delta): 0.000150131
35 (QN/Block) 	Elapsed: 303.191	Loglikelihood: -1.41201e+07	(delta): 0.000355119
36 (QN/Block) 	Elapsed: 305.265	Loglikelihood: -1.41201e+07	(delta): 2.66433e-05
Summary: 
Converged in 36 iterations (12193.1 sec)
Loglikelihood: -14120091.396159
Fst divergences between estimated populations: 
	Pop0	Pop1	Pop2	Pop3	Pop4	Pop5	Pop6	Pop7	Pop8	Pop9	Pop10	Pop11	Pop12	Pop13	Pop14	
Pop0	
Pop1	0.427	
Pop2	0.433	0.612	
Pop3	0.419	0.557	0.579	
Pop4	0.423	0.128	0.600	0.540	
Pop5	0.410	0.396	0.551	0.498	0.382	
Pop6	0.419	0.291	0.584	0.528	0.276	0.354	
Pop7	0.598	0.811	0.742	0.781	0.800	0.742	0.780	
Pop8	0.621	0.849	0.771	0.817	0.837	0.773	0.815	0.719	
Pop9	0.486	0.769	0.674	0.723	0.750	0.666	0.719	0.813	0.847	
Pop10	0.395	0.270	0.539	0.463	0.258	0.347	0.288	0.746	0.779	0.662	
Pop11	0.414	0.142	0.585	0.520	0.163	0.368	0.224	0.785	0.822	0.726	0.245	
Pop12	0.567	0.761	0.704	0.735	0.751	0.701	0.734	0.619	0.493	0.767	0.703	0.738	
Pop13	0.413	0.542	0.572	0.163	0.525	0.487	0.516	0.780	0.815	0.719	0.451	0.505	0.733	
Pop14	0.323	0.422	0.427	0.400	0.416	0.403	0.415	0.615	0.639	0.503	0.387	0.409	0.584	0.393	
Pop15	0.442	0.434	0.610	0.578	0.419	0.340	0.306	0.795	0.830	0.748	0.378	0.390	0.749	0.567	0.438	
CV error (K=16): 0.05025
Writing output files.
