****                   ADMIXTURE Version 1.3.0                  ****
****                    Copyright 2008-2015                     ****
****           David Alexander, Suyash Shringarpure,            ****
****                John  Novembre, Ken Lange                   ****
****                                                            ****
****                 Please cite our paper!                     ****
****   Information at www.genetics.ucla.edu/software/admixture  ****

Cross-validation will be performed.  Folds=10.
Parallel execution requested.  Will use 24 threads.
Random seed: 1553
Point estimation method: Block relaxation algorithm
Convergence acceleration algorithm: QuasiNewton, 3 secant conditions
Point estimation will terminate when objective function delta < 0.0001
Estimation of standard errors disabled; will compute point estimates only.
Size of G: 713x578311
Performing five EM steps to prime main algorithm
1 (EM) 	Elapsed: 26.01	Loglikelihood: -5.17556e+07	(delta): 5.76176e+08
2 (EM) 	Elapsed: 27.32	Loglikelihood: -4.61948e+07	(delta): 5.56086e+06
3 (EM) 	Elapsed: 26.018	Loglikelihood: -4.55754e+07	(delta): 619334
4 (EM) 	Elapsed: 27.17	Loglikelihood: -4.52475e+07	(delta): 327924
5 (EM) 	Elapsed: 26.82	Loglikelihood: -4.50103e+07	(delta): 237212
Initial loglikelihood: -4.50103e+07
Starting main algorithm
1 (QN/Block) 	Elapsed: 98.831	Loglikelihood: -3.39522e+07	(delta): 1.10581e+07
2 (QN/Block) 	Elapsed: 98.185	Loglikelihood: -2.79794e+07	(delta): 5.97278e+06
3 (QN/Block) 	Elapsed: 99.698	Loglikelihood: -2.62389e+07	(delta): 1.74051e+06
4 (QN/Block) 	Elapsed: 99.807	Loglikelihood: -2.4666e+07	(delta): 1.57297e+06
5 (QN/Block) 	Elapsed: 101.672	Loglikelihood: -2.37659e+07	(delta): 900081
6 (QN/Block) 	Elapsed: 100.805	Loglikelihood: -2.33025e+07	(delta): 463343
7 (QN/Block) 	Elapsed: 99.48	Loglikelihood: -2.31458e+07	(delta): 156724
8 (QN/Block) 	Elapsed: 99.664	Loglikelihood: -2.31102e+07	(delta): 35626.7
9 (QN/Block) 	Elapsed: 98.537	Loglikelihood: -2.30994e+07	(delta): 10766.8
10 (QN/Block) 	Elapsed: 102.057	Loglikelihood: -2.30953e+07	(delta): 4150.98
11 (QN/Block) 	Elapsed: 101.951	Loglikelihood: -2.30946e+07	(delta): 693.456
12 (QN/Block) 	Elapsed: 103.287	Loglikelihood: -2.30945e+07	(delta): 84.484
13 (QN/Block) 	Elapsed: 101.259	Loglikelihood: -2.30945e+07	(delta): 17.5565
14 (QN/Block) 	Elapsed: 104.628	Loglikelihood: -2.30945e+07	(delta): 1.21743
15 (QN/Block) 	Elapsed: 104.13	Loglikelihood: -2.30945e+07	(delta): 0.000717741
16 (QN/Block) 	Elapsed: 104.393	Loglikelihood: -2.30945e+07	(delta): 0.000461727
17 (QN/Block) 	Elapsed: 103.927	Loglikelihood: -2.30945e+07	(delta): 0.000183113
18 (QN/Block) 	Elapsed: 102.915	Loglikelihood: -2.30945e+07	(delta): 1.6503e-05
Summary: 
Converged in 18 iterations (1965.2 sec)
Loglikelihood: -23094469.621889
Fst divergences between estimated populations: 
	Pop0	Pop1	Pop2	Pop3	
Pop0	
Pop1	0.444	
Pop2	0.652	0.551	
Pop3	0.260	0.424	0.620	
Pop4	0.344	0.362	0.569	0.343	
CV error (K=5): 0.06834
Writing output files.
