****                   ADMIXTURE Version 1.3.0                  ****
****                    Copyright 2008-2015                     ****
****           David Alexander, Suyash Shringarpure,            ****
****                John  Novembre, Ken Lange                   ****
****                                                            ****
****                 Please cite our paper!                     ****
****   Information at www.genetics.ucla.edu/software/admixture  ****

Cross-validation will be performed.  Folds=10.
Parallel execution requested.  Will use 24 threads.
Random seed: 1807
Point estimation method: Block relaxation algorithm
Convergence acceleration algorithm: QuasiNewton, 3 secant conditions
Point estimation will terminate when objective function delta < 0.0001
Estimation of standard errors disabled; will compute point estimates only.
Size of G: 713x578311
Performing five EM steps to prime main algorithm
1 (EM) 	Elapsed: 298.073	Loglikelihood: -5.28293e+07	(delta): 5.3077e+08
2 (EM) 	Elapsed: 297.959	Loglikelihood: -4.56544e+07	(delta): 7.1749e+06
3 (EM) 	Elapsed: 297.975	Loglikelihood: -4.48977e+07	(delta): 756665
4 (EM) 	Elapsed: 298.413	Loglikelihood: -4.44605e+07	(delta): 437205
5 (EM) 	Elapsed: 297.861	Loglikelihood: -4.40704e+07	(delta): 390062
Initial loglikelihood: -4.40704e+07
Starting main algorithm
1 (QN/Block) 	Elapsed: 443.806	Loglikelihood: -2.42957e+07	(delta): 1.97748e+07
2 (QN/Block) 	Elapsed: 454.485	Loglikelihood: -1.69786e+07	(delta): 7.31702e+06
3 (QN/Block) 	Elapsed: 457.913	Loglikelihood: -1.5316e+07	(delta): 1.6626e+06
4 (QN/Block) 	Elapsed: 457.161	Loglikelihood: -1.42735e+07	(delta): 1.04253e+06
5 (QN/Block) 	Elapsed: 456.875	Loglikelihood: -1.36613e+07	(delta): 612157
6 (QN/Block) 	Elapsed: 461.179	Loglikelihood: -1.34003e+07	(delta): 261035
7 (QN/Block) 	Elapsed: 455.979	Loglikelihood: -1.32844e+07	(delta): 115903
8 (QN/Block) 	Elapsed: 458.387	Loglikelihood: -1.32371e+07	(delta): 47257.3
9 (QN/Block) 	Elapsed: 457.785	Loglikelihood: -1.32157e+07	(delta): 21441
10 (QN/Block) 	Elapsed: 457.413	Loglikelihood: -1.3201e+07	(delta): 14692.7
11 (QN/Block) 	Elapsed: 438.709	Loglikelihood: -1.31915e+07	(delta): 9495.86
12 (QN/Block) 	Elapsed: 426.939	Loglikelihood: -1.31822e+07	(delta): 9308.74
13 (QN/Block) 	Elapsed: 425.728	Loglikelihood: -1.3174e+07	(delta): 8198.36
14 (QN/Block) 	Elapsed: 428.753	Loglikelihood: -1.31708e+07	(delta): 3248.62
15 (QN/Block) 	Elapsed: 431.343	Loglikelihood: -1.31535e+07	(delta): 17288.5
16 (QN/Block) 	Elapsed: 422.606	Loglikelihood: -1.31516e+07	(delta): 1916.37
17 (QN/Block) 	Elapsed: 425.042	Loglikelihood: -1.31512e+07	(delta): 351.732
18 (QN/Block) 	Elapsed: 423.73	Loglikelihood: -1.31511e+07	(delta): 130.721
19 (QN/Block) 	Elapsed: 424.139	Loglikelihood: -1.3151e+07	(delta): 30.7308
20 (QN/Block) 	Elapsed: 424.176	Loglikelihood: -1.3151e+07	(delta): 2.18316
21 (QN/Block) 	Elapsed: 423.568	Loglikelihood: -1.3151e+07	(delta): 1.44992
22 (QN/Block) 	Elapsed: 428.792	Loglikelihood: -1.3151e+07	(delta): 3.02933
23 (QN/Block) 	Elapsed: 425.533	Loglikelihood: -1.3151e+07	(delta): 3.68688
24 (QN/Block) 	Elapsed: 426.533	Loglikelihood: -1.3151e+07	(delta): 0.434611
25 (QN/Block) 	Elapsed: 426.649	Loglikelihood: -1.3151e+07	(delta): 0.0169994
26 (QN/Block) 	Elapsed: 423.315	Loglikelihood: -1.3151e+07	(delta): 0.00466693
27 (QN/Block) 	Elapsed: 424.736	Loglikelihood: -1.3151e+07	(delta): 0.000295026
28 (QN/Block) 	Elapsed: 426.171	Loglikelihood: -1.3151e+07	(delta): 3.12775e-05
Summary: 
Converged in 28 iterations (13747.6 sec)
Loglikelihood: -13151029.884562
Fst divergences between estimated populations: 
	Pop0	Pop1	Pop2	Pop3	Pop4	Pop5	Pop6	Pop7	Pop8	Pop9	Pop10	Pop11	Pop12	Pop13	Pop14	Pop15	Pop16	Pop17	Pop18	Pop19	Pop20	Pop21	
Pop0	
Pop1	0.760	
Pop2	0.587	0.739	
Pop3	0.303	0.723	0.516	
Pop4	0.371	0.551	0.348	0.352	
Pop5	0.743	0.751	0.708	0.688	0.471	
Pop6	0.586	0.735	0.198	0.518	0.352	0.704	
Pop7	0.227	0.745	0.549	0.261	0.359	0.721	0.551	
Pop8	0.621	0.702	0.585	0.574	0.383	0.667	0.584	0.599	
Pop9	0.803	0.619	0.780	0.762	0.575	0.784	0.775	0.787	0.735	
Pop10	0.371	0.735	0.550	0.306	0.363	0.708	0.550	0.312	0.591	0.775	
Pop11	0.898	0.706	0.870	0.848	0.629	0.857	0.863	0.879	0.806	0.372	0.863	
Pop12	0.346	0.742	0.562	0.300	0.367	0.716	0.562	0.296	0.600	0.783	0.290	0.872	
Pop13	0.250	0.738	0.541	0.270	0.357	0.710	0.542	0.168	0.592	0.779	0.283	0.869	0.269	
Pop14	0.360	0.739	0.559	0.315	0.368	0.713	0.559	0.314	0.598	0.779	0.210	0.867	0.263	0.238	
Pop15	0.224	0.759	0.576	0.287	0.363	0.742	0.575	0.154	0.617	0.803	0.335	0.899	0.332	0.220	0.341	
Pop16	0.322	0.707	0.482	0.272	0.340	0.665	0.485	0.280	0.549	0.744	0.330	0.827	0.308	0.291	0.331	0.299	
Pop17	0.775	0.763	0.736	0.705	0.447	0.766	0.729	0.747	0.674	0.803	0.728	0.889	0.740	0.733	0.735	0.775	0.674	
Pop18	0.531	0.766	0.638	0.430	0.398	0.755	0.633	0.469	0.640	0.808	0.326	0.900	0.461	0.446	0.406	0.508	0.437	0.788	
Pop19	0.615	0.776	0.674	0.501	0.420	0.770	0.668	0.558	0.661	0.817	0.408	0.908	0.532	0.529	0.484	0.598	0.493	0.806	0.450	
Pop20	0.589	0.737	0.175	0.520	0.351	0.706	0.225	0.552	0.586	0.777	0.553	0.866	0.565	0.544	0.561	0.578	0.487	0.732	0.637	0.672	
Pop21	0.198	0.758	0.578	0.261	0.366	0.741	0.578	0.204	0.617	0.802	0.355	0.897	0.330	0.245	0.347	0.176	0.296	0.773	0.514	0.601	0.580	
Pop22	0.417	0.699	0.501	0.337	0.353	0.656	0.504	0.387	0.551	0.734	0.350	0.811	0.397	0.377	0.374	0.402	0.360	0.665	0.402	0.414	0.506	0.406	
CV error (K=23): 0.04892
Writing output files.
