****                   ADMIXTURE Version 1.3.0                  ****
****                    Copyright 2008-2015                     ****
****           David Alexander, Suyash Shringarpure,            ****
****                John  Novembre, Ken Lange                   ****
****                                                            ****
****                 Please cite our paper!                     ****
****   Information at www.genetics.ucla.edu/software/admixture  ****

Cross-validation will be performed.  Folds=10.
Parallel execution requested.  Will use 24 threads.
Random seed: 1807
Point estimation method: Block relaxation algorithm
Convergence acceleration algorithm: QuasiNewton, 3 secant conditions
Point estimation will terminate when objective function delta < 0.0001
Estimation of standard errors disabled; will compute point estimates only.
Size of G: 713x578311
Performing five EM steps to prime main algorithm
1 (EM) 	Elapsed: 361.753	Loglikelihood: -5.28012e+07	(delta): 5.28676e+08
2 (EM) 	Elapsed: 356.053	Loglikelihood: -4.55725e+07	(delta): 7.22871e+06
3 (EM) 	Elapsed: 355.911	Loglikelihood: -4.48325e+07	(delta): 739992
4 (EM) 	Elapsed: 364.949	Loglikelihood: -4.44129e+07	(delta): 419603
5 (EM) 	Elapsed: 386.31	Loglikelihood: -4.40421e+07	(delta): 370772
Initial loglikelihood: -4.40421e+07
Starting main algorithm
1 (QN/Block) 	Elapsed: 499.647	Loglikelihood: -2.3571e+07	(delta): 2.04711e+07
2 (QN/Block) 	Elapsed: 502.349	Loglikelihood: -1.647e+07	(delta): 7.10106e+06
3 (QN/Block) 	Elapsed: 507.153	Loglikelihood: -1.43343e+07	(delta): 2.13569e+06
4 (QN/Block) 	Elapsed: 505.952	Loglikelihood: -1.30068e+07	(delta): 1.32745e+06
5 (QN/Block) 	Elapsed: 507.047	Loglikelihood: -1.23206e+07	(delta): 686213
6 (QN/Block) 	Elapsed: 507.899	Loglikelihood: -1.20068e+07	(delta): 313807
7 (QN/Block) 	Elapsed: 505.51	Loglikelihood: -1.1903e+07	(delta): 103837
8 (QN/Block) 	Elapsed: 524.458	Loglikelihood: -1.18697e+07	(delta): 33290.6
9 (QN/Block) 	Elapsed: 516.145	Loglikelihood: -1.18538e+07	(delta): 15891.3
10 (QN/Block) 	Elapsed: 511.585	Loglikelihood: -1.18397e+07	(delta): 14055.4
11 (QN/Block) 	Elapsed: 507.081	Loglikelihood: -1.18235e+07	(delta): 16276.7
12 (QN/Block) 	Elapsed: 517.884	Loglikelihood: -1.18082e+07	(delta): 15245
13 (QN/Block) 	Elapsed: 509.986	Loglikelihood: -1.17997e+07	(delta): 8553.64
14 (QN/Block) 	Elapsed: 510.066	Loglikelihood: -1.17951e+07	(delta): 4566.56
15 (QN/Block) 	Elapsed: 506.463	Loglikelihood: -1.17938e+07	(delta): 1259.74
16 (QN/Block) 	Elapsed: 505.872	Loglikelihood: -1.17932e+07	(delta): 603.5
17 (QN/Block) 	Elapsed: 507.411	Loglikelihood: -1.17927e+07	(delta): 473.874
18 (QN/Block) 	Elapsed: 508.793	Loglikelihood: -1.17923e+07	(delta): 405.398
19 (QN/Block) 	Elapsed: 509.941	Loglikelihood: -1.1792e+07	(delta): 358.805
20 (QN/Block) 	Elapsed: 508.489	Loglikelihood: -1.17919e+07	(delta): 49.7119
21 (QN/Block) 	Elapsed: 507.237	Loglikelihood: -1.17919e+07	(delta): 30.0337
22 (QN/Block) 	Elapsed: 506.253	Loglikelihood: -1.17919e+07	(delta): 33.9289
23 (QN/Block) 	Elapsed: 507.561	Loglikelihood: -1.17918e+07	(delta): 30.7268
24 (QN/Block) 	Elapsed: 509.252	Loglikelihood: -1.17918e+07	(delta): 10.0806
25 (QN/Block) 	Elapsed: 509.933	Loglikelihood: -1.17918e+07	(delta): 15.994
26 (QN/Block) 	Elapsed: 513.361	Loglikelihood: -1.17918e+07	(delta): 3.39733
27 (QN/Block) 	Elapsed: 505.824	Loglikelihood: -1.17918e+07	(delta): 2.41092
28 (QN/Block) 	Elapsed: 503.314	Loglikelihood: -1.17918e+07	(delta): 0.995731
29 (QN/Block) 	Elapsed: 507.749	Loglikelihood: -1.17918e+07	(delta): 0.216364
30 (QN/Block) 	Elapsed: 508.814	Loglikelihood: -1.17918e+07	(delta): 0.0142258
31 (QN/Block) 	Elapsed: 516.095	Loglikelihood: -1.17918e+07	(delta): 0.00372993
32 (QN/Block) 	Elapsed: 523.467	Loglikelihood: -1.17918e+07	(delta): 0.00176232
33 (QN/Block) 	Elapsed: 522.661	Loglikelihood: -1.17918e+07	(delta): 0.00185907
34 (QN/Block) 	Elapsed: 541.435	Loglikelihood: -1.17918e+07	(delta): 0.000355281
35 (QN/Block) 	Elapsed: 544.781	Loglikelihood: -1.17918e+07	(delta): 8.65273e-05
Summary: 
Converged in 35 iterations (19762 sec)
Loglikelihood: -11791807.159410
Fst divergences between estimated populations: 
	Pop0	Pop1	Pop2	Pop3	Pop4	Pop5	Pop6	Pop7	Pop8	Pop9	Pop10	Pop11	Pop12	Pop13	Pop14	Pop15	Pop16	Pop17	Pop18	Pop19	Pop20	Pop21	Pop22	Pop23	Pop24	Pop25	Pop26	
Pop0	
Pop1	0.618	
Pop2	0.597	0.644	
Pop3	0.551	0.419	0.505	
Pop4	0.618	0.703	0.678	0.629	
Pop5	0.589	0.439	0.573	0.274	0.677	
Pop6	0.597	0.523	0.611	0.463	0.671	0.509	
Pop7	0.640	0.417	0.691	0.488	0.724	0.547	0.560	
Pop8	0.590	0.630	0.250	0.486	0.673	0.554	0.600	0.680	
Pop9	0.582	0.449	0.576	0.407	0.655	0.446	0.394	0.472	0.563	
Pop10	0.579	0.643	0.604	0.562	0.644	0.609	0.618	0.669	0.596	0.596	
Pop11	0.594	0.455	0.579	0.278	0.681	0.171	0.517	0.561	0.560	0.447	0.613	
Pop12	0.750	0.871	0.854	0.807	0.810	0.856	0.829	0.884	0.852	0.822	0.792	0.861	
Pop13	0.704	0.812	0.795	0.753	0.766	0.796	0.777	0.827	0.793	0.769	0.746	0.800	0.745	
Pop14	0.590	0.628	0.198	0.490	0.671	0.556	0.599	0.677	0.190	0.564	0.595	0.561	0.849	0.791	
Pop15	0.582	0.354	0.566	0.302	0.665	0.276	0.488	0.463	0.550	0.422	0.600	0.286	0.840	0.783	0.551	
Pop16	0.684	0.830	0.798	0.729	0.757	0.802	0.771	0.855	0.794	0.756	0.722	0.810	0.898	0.844	0.789	0.779	
Pop17	0.587	0.699	0.675	0.623	0.677	0.672	0.669	0.722	0.669	0.652	0.635	0.677	0.809	0.761	0.667	0.660	0.759	
Pop18	0.767	0.895	0.878	0.829	0.827	0.880	0.850	0.909	0.877	0.843	0.810	0.886	0.515	0.772	0.872	0.863	0.920	0.828	
Pop19	0.592	0.633	0.239	0.493	0.674	0.560	0.603	0.682	0.188	0.566	0.598	0.566	0.852	0.793	0.208	0.555	0.794	0.670	0.876	
Pop20	0.665	0.792	0.760	0.692	0.743	0.762	0.740	0.817	0.755	0.723	0.695	0.769	0.881	0.829	0.751	0.741	0.856	0.733	0.902	0.755	
Pop21	0.633	0.776	0.748	0.675	0.728	0.744	0.727	0.804	0.742	0.710	0.686	0.752	0.868	0.812	0.739	0.725	0.840	0.695	0.890	0.744	0.812	
Pop22	0.587	0.668	0.636	0.582	0.663	0.635	0.638	0.696	0.627	0.619	0.606	0.640	0.812	0.763	0.627	0.624	0.752	0.646	0.831	0.630	0.507	0.708	
Pop23	0.605	0.659	0.331	0.519	0.686	0.591	0.622	0.705	0.263	0.588	0.614	0.597	0.859	0.801	0.299	0.582	0.807	0.683	0.883	0.300	0.769	0.758	0.646	
Pop24	0.600	0.466	0.593	0.281	0.690	0.129	0.529	0.577	0.574	0.461	0.622	0.123	0.871	0.809	0.574	0.297	0.827	0.687	0.897	0.579	0.785	0.767	0.651	0.612	
Pop25	0.670	0.766	0.750	0.711	0.730	0.749	0.737	0.781	0.747	0.728	0.709	0.753	0.538	0.620	0.745	0.738	0.800	0.724	0.562	0.748	0.788	0.768	0.725	0.755	0.761	
Pop26	0.581	0.414	0.562	0.284	0.667	0.165	0.496	0.516	0.544	0.430	0.600	0.208	0.845	0.787	0.546	0.213	0.786	0.663	0.869	0.550	0.748	0.731	0.626	0.579	0.200	0.742	
Pop27	0.654	0.811	0.782	0.704	0.750	0.780	0.754	0.838	0.777	0.738	0.709	0.788	0.888	0.831	0.772	0.757	0.871	0.720	0.912	0.778	0.841	0.308	0.732	0.792	0.805	0.786	0.764	
CV error (K=28): 0.04715
Writing output files.
