****                   ADMIXTURE Version 1.3.0                  ****
****                    Copyright 2008-2015                     ****
****           David Alexander, Suyash Shringarpure,            ****
****                John  Novembre, Ken Lange                   ****
****                                                            ****
****                 Please cite our paper!                     ****
****   Information at www.genetics.ucla.edu/software/admixture  ****

Cross-validation will be performed.  Folds=10.
Parallel execution requested.  Will use 24 threads.
Random seed: 1432
Point estimation method: Block relaxation algorithm
Convergence acceleration algorithm: QuasiNewton, 3 secant conditions
Point estimation will terminate when objective function delta < 0.0001
Estimation of standard errors disabled; will compute point estimates only.
Size of G: 713x578311
Performing five EM steps to prime main algorithm
1 (EM) 	Elapsed: 299.675	Loglikelihood: -5.28327e+07	(delta): 5.30319e+08
2 (EM) 	Elapsed: 299.975	Loglikelihood: -4.56701e+07	(delta): 7.16265e+06
3 (EM) 	Elapsed: 304.381	Loglikelihood: -4.49447e+07	(delta): 725336
4 (EM) 	Elapsed: 300.855	Loglikelihood: -4.45473e+07	(delta): 397424
5 (EM) 	Elapsed: 300.969	Loglikelihood: -4.4213e+07	(delta): 334276
Initial loglikelihood: -4.4213e+07
Starting main algorithm
1 (QN/Block) 	Elapsed: 443.056	Loglikelihood: -2.44908e+07	(delta): 1.97223e+07
2 (QN/Block) 	Elapsed: 443.909	Loglikelihood: -1.6765e+07	(delta): 7.72572e+06
3 (QN/Block) 	Elapsed: 442.24	Loglikelihood: -1.47079e+07	(delta): 2.05711e+06
4 (QN/Block) 	Elapsed: 450.085	Loglikelihood: -1.35362e+07	(delta): 1.17174e+06
5 (QN/Block) 	Elapsed: 450.651	Loglikelihood: -1.29475e+07	(delta): 588731
6 (QN/Block) 	Elapsed: 450.662	Loglikelihood: -1.26883e+07	(delta): 259191
7 (QN/Block) 	Elapsed: 450.389	Loglikelihood: -1.25822e+07	(delta): 106049
8 (QN/Block) 	Elapsed: 449.926	Loglikelihood: -1.25291e+07	(delta): 53145.7
9 (QN/Block) 	Elapsed: 449.838	Loglikelihood: -1.25066e+07	(delta): 22519.9
10 (QN/Block) 	Elapsed: 449.029	Loglikelihood: -1.24991e+07	(delta): 7455.32
11 (QN/Block) 	Elapsed: 452.599	Loglikelihood: -1.24932e+07	(delta): 5905.81
12 (QN/Block) 	Elapsed: 447.935	Loglikelihood: -1.24502e+07	(delta): 43002.5
13 (QN/Block) 	Elapsed: 445.563	Loglikelihood: -1.24411e+07	(delta): 9122.36
14 (QN/Block) 	Elapsed: 445.519	Loglikelihood: -1.24335e+07	(delta): 7607.66
15 (QN/Block) 	Elapsed: 446.07	Loglikelihood: -1.24193e+07	(delta): 14196.5
16 (QN/Block) 	Elapsed: 446.77	Loglikelihood: -1.24116e+07	(delta): 7713.65
17 (QN/Block) 	Elapsed: 445.487	Loglikelihood: -1.24099e+07	(delta): 1673.94
18 (QN/Block) 	Elapsed: 446.039	Loglikelihood: -1.24091e+07	(delta): 766.062
19 (QN/Block) 	Elapsed: 447.009	Loglikelihood: -1.24083e+07	(delta): 794.205
20 (QN/Block) 	Elapsed: 445.564	Loglikelihood: -1.24081e+07	(delta): 185.375
21 (QN/Block) 	Elapsed: 445.96	Loglikelihood: -1.2408e+07	(delta): 82.5508
22 (QN/Block) 	Elapsed: 446.575	Loglikelihood: -1.24079e+07	(delta): 144.854
23 (QN/Block) 	Elapsed: 448.02	Loglikelihood: -1.24074e+07	(delta): 457.444
24 (QN/Block) 	Elapsed: 449.957	Loglikelihood: -1.24073e+07	(delta): 148.167
25 (QN/Block) 	Elapsed: 448.968	Loglikelihood: -1.24073e+07	(delta): 33.0228
26 (QN/Block) 	Elapsed: 445.829	Loglikelihood: -1.24073e+07	(delta): 3.37705
27 (QN/Block) 	Elapsed: 441.9	Loglikelihood: -1.24073e+07	(delta): 0.586622
28 (QN/Block) 	Elapsed: 447.504	Loglikelihood: -1.24073e+07	(delta): 0.0335976
29 (QN/Block) 	Elapsed: 446.162	Loglikelihood: -1.24073e+07	(delta): 0.00798681
30 (QN/Block) 	Elapsed: 446.883	Loglikelihood: -1.24073e+07	(delta): 0.00425619
31 (QN/Block) 	Elapsed: 448.561	Loglikelihood: -1.24073e+07	(delta): 0.00136178
32 (QN/Block) 	Elapsed: 445.798	Loglikelihood: -1.24073e+07	(delta): 0.000591913
33 (QN/Block) 	Elapsed: 445.73	Loglikelihood: -1.24073e+07	(delta): 0.000354443
34 (QN/Block) 	Elapsed: 445.687	Loglikelihood: -1.24073e+07	(delta): 0.000197938
35 (QN/Block) 	Elapsed: 447.868	Loglikelihood: -1.24073e+07	(delta): 2.41995e-05
Summary: 
Converged in 35 iterations (17181.8 sec)
Loglikelihood: -12407262.385553
Fst divergences between estimated populations: 
	Pop0	Pop1	Pop2	Pop3	Pop4	Pop5	Pop6	Pop7	Pop8	Pop9	Pop10	Pop11	Pop12	Pop13	Pop14	Pop15	Pop16	Pop17	Pop18	Pop19	Pop20	Pop21	Pop22	
Pop0	
Pop1	0.594	
Pop2	0.489	0.443	
Pop3	0.471	0.572	0.477	
Pop4	0.491	0.566	0.471	0.446	
Pop5	0.524	0.535	0.455	0.470	0.409	
Pop6	0.635	0.601	0.479	0.625	0.627	0.623	
Pop7	0.505	0.520	0.449	0.449	0.382	0.159	0.610	
Pop8	0.668	0.638	0.501	0.659	0.663	0.663	0.311	0.648	
Pop9	0.434	0.577	0.477	0.372	0.440	0.490	0.627	0.467	0.662	
Pop10	0.783	0.781	0.632	0.781	0.789	0.797	0.755	0.785	0.777	0.783	
Pop11	0.738	0.724	0.532	0.731	0.741	0.748	0.696	0.729	0.731	0.735	0.814	
Pop12	0.513	0.517	0.449	0.465	0.427	0.315	0.600	0.315	0.636	0.481	0.774	0.711	
Pop13	0.533	0.540	0.456	0.470	0.419	0.174	0.628	0.202	0.669	0.494	0.802	0.756	0.319	
Pop14	0.472	0.470	0.428	0.420	0.388	0.286	0.567	0.288	0.601	0.437	0.750	0.671	0.182	0.288	
Pop15	0.547	0.618	0.491	0.504	0.276	0.459	0.663	0.426	0.702	0.507	0.818	0.788	0.478	0.474	0.434	
Pop16	0.569	0.522	0.434	0.558	0.556	0.545	0.546	0.536	0.571	0.558	0.702	0.626	0.532	0.548	0.506	0.583	
Pop17	0.547	0.552	0.461	0.493	0.432	0.132	0.639	0.187	0.681	0.509	0.811	0.771	0.334	0.124	0.295	0.489	0.555	
Pop18	0.729	0.721	0.590	0.725	0.731	0.734	0.705	0.725	0.726	0.727	0.605	0.755	0.716	0.738	0.694	0.755	0.657	0.746	
Pop19	0.607	0.684	0.523	0.565	0.378	0.592	0.701	0.550	0.742	0.553	0.840	0.830	0.568	0.608	0.517	0.482	0.617	0.630	0.777	
Pop20	0.821	0.821	0.659	0.819	0.829	0.839	0.789	0.826	0.812	0.821	0.724	0.853	0.813	0.845	0.787	0.859	0.731	0.855	0.480	0.882	
Pop21	0.510	0.543	0.459	0.462	0.338	0.297	0.620	0.224	0.657	0.468	0.789	0.737	0.349	0.304	0.325	0.377	0.546	0.316	0.729	0.509	0.830	
Pop22	0.603	0.579	0.456	0.597	0.594	0.590	0.578	0.578	0.603	0.598	0.705	0.634	0.574	0.594	0.548	0.624	0.535	0.601	0.659	0.656	0.737	0.588	
Pop23	0.591	0.162	0.439	0.569	0.562	0.529	0.599	0.515	0.636	0.573	0.780	0.722	0.513	0.534	0.465	0.614	0.519	0.546	0.720	0.681	0.821	0.538	0.577	
CV error (K=24): 0.04773
Writing output files.
