****                   ADMIXTURE Version 1.3.0                  ****
****                    Copyright 2008-2015                     ****
****           David Alexander, Suyash Shringarpure,            ****
****                John  Novembre, Ken Lange                   ****
****                                                            ****
****                 Please cite our paper!                     ****
****   Information at www.genetics.ucla.edu/software/admixture  ****

Cross-validation will be performed.  Folds=10.
Parallel execution requested.  Will use 24 threads.
Random seed: 1807
Point estimation method: Block relaxation algorithm
Convergence acceleration algorithm: QuasiNewton, 3 secant conditions
Point estimation will terminate when objective function delta < 0.0001
Estimation of standard errors disabled; will compute point estimates only.
Size of G: 713x578311
Performing five EM steps to prime main algorithm
1 (EM) 	Elapsed: 84.408	Loglikelihood: -5.26323e+07	(delta): 5.46675e+08
2 (EM) 	Elapsed: 85.691	Loglikelihood: -4.6016e+07	(delta): 6.61632e+06
3 (EM) 	Elapsed: 85.428	Loglikelihood: -4.53146e+07	(delta): 701415
4 (EM) 	Elapsed: 85.166	Loglikelihood: -4.49419e+07	(delta): 372663
5 (EM) 	Elapsed: 85.064	Loglikelihood: -4.46577e+07	(delta): 284201
Initial loglikelihood: -4.46577e+07
Starting main algorithm
1 (QN/Block) 	Elapsed: 218.358	Loglikelihood: -2.96644e+07	(delta): 1.49933e+07
2 (QN/Block) 	Elapsed: 206.059	Loglikelihood: -2.19992e+07	(delta): 7.66517e+06
3 (QN/Block) 	Elapsed: 204.857	Loglikelihood: -2.04867e+07	(delta): 1.51254e+06
4 (QN/Block) 	Elapsed: 204.234	Loglikelihood: -1.92019e+07	(delta): 1.28478e+06
5 (QN/Block) 	Elapsed: 203.046	Loglikelihood: -1.86004e+07	(delta): 601524
6 (QN/Block) 	Elapsed: 204.335	Loglikelihood: -1.82914e+07	(delta): 308992
7 (QN/Block) 	Elapsed: 203.329	Loglikelihood: -1.81261e+07	(delta): 165275
8 (QN/Block) 	Elapsed: 204.873	Loglikelihood: -1.80453e+07	(delta): 80816.7
9 (QN/Block) 	Elapsed: 200.533	Loglikelihood: -1.79909e+07	(delta): 54429.2
10 (QN/Block) 	Elapsed: 205.389	Loglikelihood: -1.78789e+07	(delta): 112031
11 (QN/Block) 	Elapsed: 204.182	Loglikelihood: -1.78347e+07	(delta): 44138.4
12 (QN/Block) 	Elapsed: 198.79	Loglikelihood: -1.78151e+07	(delta): 19610.8
13 (QN/Block) 	Elapsed: 197.965	Loglikelihood: -1.78061e+07	(delta): 9026.85
14 (QN/Block) 	Elapsed: 201.621	Loglikelihood: -1.78022e+07	(delta): 3839.64
15 (QN/Block) 	Elapsed: 193.531	Loglikelihood: -1.77949e+07	(delta): 7341.68
16 (QN/Block) 	Elapsed: 201.373	Loglikelihood: -1.77913e+07	(delta): 3638.99
17 (QN/Block) 	Elapsed: 200.721	Loglikelihood: -1.77904e+07	(delta): 814.923
18 (QN/Block) 	Elapsed: 199.609	Loglikelihood: -1.77901e+07	(delta): 306.856
19 (QN/Block) 	Elapsed: 201.421	Loglikelihood: -1.779e+07	(delta): 142.157
20 (QN/Block) 	Elapsed: 203.123	Loglikelihood: -1.77901e+07	(delta): -84.5676
21 (QN/Block) 	Elapsed: 202.324	Loglikelihood: -1.779e+07	(delta): 53.5458
22 (QN/Block) 	Elapsed: 201.445	Loglikelihood: -1.779e+07	(delta): 48.8899
23 (QN/Block) 	Elapsed: 202.276	Loglikelihood: -1.77899e+07	(delta): 26.8614
24 (QN/Block) 	Elapsed: 202.521	Loglikelihood: -1.77899e+07	(delta): 9.37363
25 (QN/Block) 	Elapsed: 202.056	Loglikelihood: -1.77899e+07	(delta): 0.47271
26 (QN/Block) 	Elapsed: 201.953	Loglikelihood: -1.77899e+07	(delta): 0.00320677
27 (QN/Block) 	Elapsed: 200.721	Loglikelihood: -1.77899e+07	(delta): 0.00416037
28 (QN/Block) 	Elapsed: 201.781	Loglikelihood: -1.77899e+07	(delta): 0.00044293
29 (QN/Block) 	Elapsed: 201.161	Loglikelihood: -1.77899e+07	(delta): 4.71696e-05
Summary: 
Converged in 29 iterations (6311.31 sec)
Loglikelihood: -17789938.902158
Fst divergences between estimated populations: 
	Pop0	Pop1	Pop2	Pop3	Pop4	Pop5	Pop6	Pop7	Pop8	
Pop0	
Pop1	0.485	
Pop2	0.339	0.446	
Pop3	0.570	0.450	0.488	
Pop4	0.659	0.502	0.594	0.631	
Pop5	0.357	0.420	0.329	0.429	0.569	
Pop6	0.577	0.456	0.496	0.162	0.634	0.440	
Pop7	0.317	0.452	0.341	0.495	0.619	0.241	0.506	
Pop8	0.666	0.557	0.625	0.649	0.641	0.612	0.651	0.644	
Pop9	0.402	0.463	0.372	0.516	0.646	0.226	0.528	0.190	0.660	
CV error (K=10): 0.05726
Writing output files.
