****                   ADMIXTURE Version 1.3.0                  ****
****                    Copyright 2008-2015                     ****
****           David Alexander, Suyash Shringarpure,            ****
****                John  Novembre, Ken Lange                   ****
****                                                            ****
****                 Please cite our paper!                     ****
****   Information at www.genetics.ucla.edu/software/admixture  ****

Cross-validation will be performed.  Folds=10.
Parallel execution requested.  Will use 24 threads.
Random seed: 1432
Point estimation method: Block relaxation algorithm
Convergence acceleration algorithm: QuasiNewton, 3 secant conditions
Point estimation will terminate when objective function delta < 0.0001
Estimation of standard errors disabled; will compute point estimates only.
Size of G: 713x578311
Performing five EM steps to prime main algorithm
1 (EM) 	Elapsed: 26.986	Loglikelihood: -5.19173e+07	(delta): 5.74804e+08
2 (EM) 	Elapsed: 27.492	Loglikelihood: -4.6236e+07	(delta): 5.68135e+06
3 (EM) 	Elapsed: 27.024	Loglikelihood: -4.56108e+07	(delta): 625228
4 (EM) 	Elapsed: 26.694	Loglikelihood: -4.52794e+07	(delta): 331406
5 (EM) 	Elapsed: 26.903	Loglikelihood: -4.50392e+07	(delta): 240129
Initial loglikelihood: -4.50392e+07
Starting main algorithm
1 (QN/Block) 	Elapsed: 100.675	Loglikelihood: -3.36897e+07	(delta): 1.13495e+07
2 (QN/Block) 	Elapsed: 103.853	Loglikelihood: -2.71127e+07	(delta): 6.57699e+06
3 (QN/Block) 	Elapsed: 108.852	Loglikelihood: -2.56716e+07	(delta): 1.44113e+06
4 (QN/Block) 	Elapsed: 103.65	Loglikelihood: -2.45317e+07	(delta): 1.1399e+06
5 (QN/Block) 	Elapsed: 102.208	Loglikelihood: -2.36963e+07	(delta): 835464
6 (QN/Block) 	Elapsed: 100.935	Loglikelihood: -2.34473e+07	(delta): 248957
7 (QN/Block) 	Elapsed: 101.45	Loglikelihood: -2.33767e+07	(delta): 70609.5
8 (QN/Block) 	Elapsed: 101.59	Loglikelihood: -2.33638e+07	(delta): 12898.6
9 (QN/Block) 	Elapsed: 101.551	Loglikelihood: -2.33471e+07	(delta): 16715
10 (QN/Block) 	Elapsed: 98.973	Loglikelihood: -2.33296e+07	(delta): 17468.6
11 (QN/Block) 	Elapsed: 99.658	Loglikelihood: -2.33257e+07	(delta): 3904.61
12 (QN/Block) 	Elapsed: 100.623	Loglikelihood: -2.3322e+07	(delta): 3682.7
13 (QN/Block) 	Elapsed: 102.097	Loglikelihood: -2.33097e+07	(delta): 12303
14 (QN/Block) 	Elapsed: 101.921	Loglikelihood: -2.32997e+07	(delta): 10035.6
15 (QN/Block) 	Elapsed: 99.182	Loglikelihood: -2.32949e+07	(delta): 4734.13
16 (QN/Block) 	Elapsed: 102.29	Loglikelihood: -2.32924e+07	(delta): 2510.5
17 (QN/Block) 	Elapsed: 102.546	Loglikelihood: -2.32901e+07	(delta): 2301.49
18 (QN/Block) 	Elapsed: 100.64	Loglikelihood: -2.32896e+07	(delta): 531.574
19 (QN/Block) 	Elapsed: 100.292	Loglikelihood: -2.32893e+07	(delta): 304.948
20 (QN/Block) 	Elapsed: 101.832	Loglikelihood: -2.32892e+07	(delta): 147.809
21 (QN/Block) 	Elapsed: 103.473	Loglikelihood: -2.32891e+07	(delta): 15.5218
22 (QN/Block) 	Elapsed: 107.023	Loglikelihood: -2.32891e+07	(delta): 0.334249
23 (QN/Block) 	Elapsed: 101.092	Loglikelihood: -2.32891e+07	(delta): 0.0134545
24 (QN/Block) 	Elapsed: 103.552	Loglikelihood: -2.32891e+07	(delta): 0.00180706
25 (QN/Block) 	Elapsed: 102.584	Loglikelihood: -2.32891e+07	(delta): 0.000119731
26 (QN/Block) 	Elapsed: 108.067	Loglikelihood: -2.32891e+07	(delta): 2.93925e-06
Summary: 
Converged in 26 iterations (2803.24 sec)
Loglikelihood: -23289137.285147
Fst divergences between estimated populations: 
	Pop0	Pop1	Pop2	Pop3	
Pop0	
Pop1	0.520	
Pop2	0.503	0.586	
Pop3	0.611	0.741	0.336	
Pop4	0.619	0.750	0.349	0.412	
CV error (K=5): 0.06862
Writing output files.
