****                   ADMIXTURE Version 1.3.0                  ****
****                    Copyright 2008-2015                     ****
****           David Alexander, Suyash Shringarpure,            ****
****                John  Novembre, Ken Lange                   ****
****                                                            ****
****                 Please cite our paper!                     ****
****   Information at www.genetics.ucla.edu/software/admixture  ****

Cross-validation will be performed.  Folds=10.
Parallel execution requested.  Will use 24 threads.
Random seed: 1830
Point estimation method: Block relaxation algorithm
Convergence acceleration algorithm: QuasiNewton, 3 secant conditions
Point estimation will terminate when objective function delta < 0.0001
Estimation of standard errors disabled; will compute point estimates only.
Size of G: 713x578311
Performing five EM steps to prime main algorithm
1 (EM) 	Elapsed: 90.487	Loglikelihood: -5.27637e+07	(delta): 5.43621e+08
2 (EM) 	Elapsed: 92.3	Loglikelihood: -4.60479e+07	(delta): 6.71578e+06
3 (EM) 	Elapsed: 92.808	Loglikelihood: -4.53765e+07	(delta): 671413
4 (EM) 	Elapsed: 93.589	Loglikelihood: -4.50254e+07	(delta): 351094
5 (EM) 	Elapsed: 96.201	Loglikelihood: -4.47503e+07	(delta): 275046
Initial loglikelihood: -4.47503e+07
Starting main algorithm
1 (QN/Block) 	Elapsed: 216.091	Loglikelihood: -2.8178e+07	(delta): 1.65723e+07
2 (QN/Block) 	Elapsed: 215.752	Loglikelihood: -2.13515e+07	(delta): 6.82652e+06
3 (QN/Block) 	Elapsed: 218.544	Loglikelihood: -1.92167e+07	(delta): 2.13479e+06
4 (QN/Block) 	Elapsed: 218.063	Loglikelihood: -1.75066e+07	(delta): 1.71017e+06
5 (QN/Block) 	Elapsed: 216.514	Loglikelihood: -1.67143e+07	(delta): 792267
6 (QN/Block) 	Elapsed: 218.168	Loglikelihood: -1.64172e+07	(delta): 297063
7 (QN/Block) 	Elapsed: 217.025	Loglikelihood: -1.62555e+07	(delta): 161728
8 (QN/Block) 	Elapsed: 218.179	Loglikelihood: -1.6116e+07	(delta): 139496
9 (QN/Block) 	Elapsed: 217.098	Loglikelihood: -1.60408e+07	(delta): 75161.2
10 (QN/Block) 	Elapsed: 218.75	Loglikelihood: -1.60125e+07	(delta): 28341.2
11 (QN/Block) 	Elapsed: 216.651	Loglikelihood: -1.59209e+07	(delta): 91618.4
12 (QN/Block) 	Elapsed: 217.242	Loglikelihood: -1.5865e+07	(delta): 55918.2
13 (QN/Block) 	Elapsed: 215.812	Loglikelihood: -1.58406e+07	(delta): 24354.7
14 (QN/Block) 	Elapsed: 223.093	Loglikelihood: -1.58332e+07	(delta): 7357.08
15 (QN/Block) 	Elapsed: 264.644	Loglikelihood: -1.58311e+07	(delta): 2183.12
16 (QN/Block) 	Elapsed: 277.655	Loglikelihood: -1.58309e+07	(delta): 200.002
17 (QN/Block) 	Elapsed: 287.456	Loglikelihood: -1.58308e+07	(delta): 42.6336
18 (QN/Block) 	Elapsed: 287.123	Loglikelihood: -1.58308e+07	(delta): 12.5663
19 (QN/Block) 	Elapsed: 283.677	Loglikelihood: -1.58308e+07	(delta): 1.98913
20 (QN/Block) 	Elapsed: 278.234	Loglikelihood: -1.58308e+07	(delta): 1.18083
21 (QN/Block) 	Elapsed: 264.126	Loglikelihood: -1.58308e+07	(delta): 0.595473
22 (QN/Block) 	Elapsed: 253.937	Loglikelihood: -1.58308e+07	(delta): 0.959374
23 (QN/Block) 	Elapsed: 246.576	Loglikelihood: -1.58308e+07	(delta): 0.0162543
24 (QN/Block) 	Elapsed: 239.492	Loglikelihood: -1.58308e+07	(delta): 0.00034295
25 (QN/Block) 	Elapsed: 244.67	Loglikelihood: -1.58308e+07	(delta): 1.72853e-06
Summary: 
Converged in 25 iterations (6451.67 sec)
Loglikelihood: -15830802.698541
Fst divergences between estimated populations: 
	Pop0	Pop1	Pop2	Pop3	Pop4	Pop5	Pop6	Pop7	Pop8	Pop9	
Pop0	
Pop1	0.701	
Pop2	0.743	0.646	
Pop3	0.362	0.757	0.808	
Pop4	0.654	0.774	0.821	0.746	
Pop5	0.331	0.545	0.573	0.332	0.436	
Pop6	0.339	0.712	0.757	0.249	0.665	0.317	
Pop7	0.462	0.732	0.780	0.496	0.703	0.313	0.439	
Pop8	0.327	0.756	0.805	0.405	0.748	0.363	0.382	0.549	
Pop9	0.332	0.735	0.782	0.199	0.706	0.330	0.261	0.478	0.318	
Pop10	0.503	0.679	0.716	0.544	0.626	0.352	0.499	0.514	0.561	0.525	
CV error (K=11): 0.05282
Writing output files.
