****                   ADMIXTURE Version 1.3.0                  ****
****                    Copyright 2008-2015                     ****
****           David Alexander, Suyash Shringarpure,            ****
****                John  Novembre, Ken Lange                   ****
****                                                            ****
****                 Please cite our paper!                     ****
****   Information at www.genetics.ucla.edu/software/admixture  ****

Cross-validation will be performed.  Folds=10.
Parallel execution requested.  Will use 24 threads.
Random seed: 1706
Point estimation method: Block relaxation algorithm
Convergence acceleration algorithm: QuasiNewton, 3 secant conditions
Point estimation will terminate when objective function delta < 0.0001
Estimation of standard errors disabled; will compute point estimates only.
Size of G: 713x578311
Performing five EM steps to prime main algorithm
1 (EM) 	Elapsed: 9.014	Loglikelihood: -4.85615e+07	(delta): 6.55508e+08
2 (EM) 	Elapsed: 8.714	Loglikelihood: -4.61101e+07	(delta): 2.45138e+06
3 (EM) 	Elapsed: 8.703	Loglikelihood: -4.58203e+07	(delta): 289794
4 (EM) 	Elapsed: 8.739	Loglikelihood: -4.56728e+07	(delta): 147531
5 (EM) 	Elapsed: 8.786	Loglikelihood: -4.55914e+07	(delta): 81390.4
Initial loglikelihood: -4.55914e+07
Starting main algorithm
1 (QN/Block) 	Elapsed: 43.124	Loglikelihood: -4.34494e+07	(delta): 2.14196e+06
2 (QN/Block) 	Elapsed: 42.697	Loglikelihood: -4.1638e+07	(delta): 1.81145e+06
3 (QN/Block) 	Elapsed: 43.924	Loglikelihood: -3.94228e+07	(delta): 2.21522e+06
4 (QN/Block) 	Elapsed: 41.964	Loglikelihood: -3.60337e+07	(delta): 3.38906e+06
5 (QN/Block) 	Elapsed: 43.303	Loglikelihood: -3.46225e+07	(delta): 1.41122e+06
6 (QN/Block) 	Elapsed: 42.042	Loglikelihood: -3.41878e+07	(delta): 434713
7 (QN/Block) 	Elapsed: 44.235	Loglikelihood: -3.40621e+07	(delta): 125727
8 (QN/Block) 	Elapsed: 43.492	Loglikelihood: -3.39977e+07	(delta): 64310.9
9 (QN/Block) 	Elapsed: 43.144	Loglikelihood: -3.39809e+07	(delta): 16840.3
10 (QN/Block) 	Elapsed: 44.466	Loglikelihood: -3.39779e+07	(delta): 3005.05
11 (QN/Block) 	Elapsed: 42.805	Loglikelihood: -3.39776e+07	(delta): 332.019
12 (QN/Block) 	Elapsed: 43.622	Loglikelihood: -3.39775e+07	(delta): 27.7441
13 (QN/Block) 	Elapsed: 43.938	Loglikelihood: -3.39775e+07	(delta): 9.45788
14 (QN/Block) 	Elapsed: 43.497	Loglikelihood: -3.39775e+07	(delta): 5.47784
15 (QN/Block) 	Elapsed: 43.609	Loglikelihood: -3.39775e+07	(delta): 0.560631
16 (QN/Block) 	Elapsed: 42.837	Loglikelihood: -3.39775e+07	(delta): 0.129287
17 (QN/Block) 	Elapsed: 44.284	Loglikelihood: -3.39775e+07	(delta): 0.00259531
18 (QN/Block) 	Elapsed: 41.396	Loglikelihood: -3.39775e+07	(delta): 0.00207653
19 (QN/Block) 	Elapsed: 41.458	Loglikelihood: -3.39775e+07	(delta): 0.000527225
20 (QN/Block) 	Elapsed: 43.64	Loglikelihood: -3.39775e+07	(delta): 1.04457e-05
Summary: 
Converged in 20 iterations (911.878 sec)
Loglikelihood: -33977520.879353
Fst divergences between estimated populations: 
	Pop0	
Pop0	
Pop1	0.335	
CV error (K=2): 0.09293
Writing output files.
