****                   ADMIXTURE Version 1.3.0                  ****
****                    Copyright 2008-2015                     ****
****           David Alexander, Suyash Shringarpure,            ****
****                John  Novembre, Ken Lange                   ****
****                                                            ****
****                 Please cite our paper!                     ****
****   Information at www.genetics.ucla.edu/software/admixture  ****

Cross-validation will be performed.  Folds=10.
Parallel execution requested.  Will use 24 threads.
Random seed: 1553
Point estimation method: Block relaxation algorithm
Convergence acceleration algorithm: QuasiNewton, 3 secant conditions
Point estimation will terminate when objective function delta < 0.0001
Estimation of standard errors disabled; will compute point estimates only.
Size of G: 713x578311
Performing five EM steps to prime main algorithm
1 (EM) 	Elapsed: 362.386	Loglikelihood: -5.2804e+07	(delta): 5.28974e+08
2 (EM) 	Elapsed: 362.543	Loglikelihood: -4.55947e+07	(delta): 7.20928e+06
3 (EM) 	Elapsed: 361.731	Loglikelihood: -4.48482e+07	(delta): 746434
4 (EM) 	Elapsed: 358.097	Loglikelihood: -4.44307e+07	(delta): 417581
5 (EM) 	Elapsed: 358.671	Loglikelihood: -4.40726e+07	(delta): 358029
Initial loglikelihood: -4.40726e+07
Starting main algorithm
1 (QN/Block) 	Elapsed: 491.981	Loglikelihood: -2.40477e+07	(delta): 2.00249e+07
2 (QN/Block) 	Elapsed: 491.616	Loglikelihood: -1.64896e+07	(delta): 7.55811e+06
3 (QN/Block) 	Elapsed: 494.066	Loglikelihood: -1.455e+07	(delta): 1.93957e+06
4 (QN/Block) 	Elapsed: 494.613	Loglikelihood: -1.33124e+07	(delta): 1.23758e+06
5 (QN/Block) 	Elapsed: 493.678	Loglikelihood: -1.2639e+07	(delta): 673470
6 (QN/Block) 	Elapsed: 496.622	Loglikelihood: -1.22798e+07	(delta): 359154
7 (QN/Block) 	Elapsed: 494.344	Loglikelihood: -1.20973e+07	(delta): 182469
8 (QN/Block) 	Elapsed: 495.926	Loglikelihood: -1.20118e+07	(delta): 85568
9 (QN/Block) 	Elapsed: 495.023	Loglikelihood: -1.19646e+07	(delta): 47209.1
10 (QN/Block) 	Elapsed: 495.128	Loglikelihood: -1.19156e+07	(delta): 48931.1
11 (QN/Block) 	Elapsed: 497.058	Loglikelihood: -1.18938e+07	(delta): 21780
12 (QN/Block) 	Elapsed: 493.429	Loglikelihood: -1.18755e+07	(delta): 18298.9
13 (QN/Block) 	Elapsed: 498.109	Loglikelihood: -1.18566e+07	(delta): 18961.1
14 (QN/Block) 	Elapsed: 519.453	Loglikelihood: -1.1852e+07	(delta): 4551.59
15 (QN/Block) 	Elapsed: 520.757	Loglikelihood: -1.18036e+07	(delta): 48467.5
16 (QN/Block) 	Elapsed: 509.45	Loglikelihood: -1.17931e+07	(delta): 10491.9
17 (QN/Block) 	Elapsed: 503.617	Loglikelihood: -1.17912e+07	(delta): 1850.99
18 (QN/Block) 	Elapsed: 514.905	Loglikelihood: -1.17905e+07	(delta): 728.061
19 (QN/Block) 	Elapsed: 518.67	Loglikelihood: -1.179e+07	(delta): 459.041
20 (QN/Block) 	Elapsed: 510.674	Loglikelihood: -1.17895e+07	(delta): 510.327
21 (QN/Block) 	Elapsed: 503	Loglikelihood: -1.17881e+07	(delta): 1465.3
22 (QN/Block) 	Elapsed: 510.283	Loglikelihood: -1.17865e+07	(delta): 1579.08
23 (QN/Block) 	Elapsed: 515.214	Loglikelihood: -1.17863e+07	(delta): 216.714
24 (QN/Block) 	Elapsed: 507.034	Loglikelihood: -1.17855e+07	(delta): 732.477
25 (QN/Block) 	Elapsed: 498.087	Loglikelihood: -1.17854e+07	(delta): 156.351
26 (QN/Block) 	Elapsed: 513.015	Loglikelihood: -1.17852e+07	(delta): 151.531
27 (QN/Block) 	Elapsed: 517.217	Loglikelihood: -1.17849e+07	(delta): 343.144
28 (QN/Block) 	Elapsed: 517.158	Loglikelihood: -1.17848e+07	(delta): 87.5966
29 (QN/Block) 	Elapsed: 511.884	Loglikelihood: -1.17848e+07	(delta): 13.6794
30 (QN/Block) 	Elapsed: 515.122	Loglikelihood: -1.17848e+07	(delta): 9.74703
31 (QN/Block) 	Elapsed: 523.166	Loglikelihood: -1.17848e+07	(delta): 2.54556
32 (QN/Block) 	Elapsed: 528.11	Loglikelihood: -1.17848e+07	(delta): 0.0968827
33 (QN/Block) 	Elapsed: 523.57	Loglikelihood: -1.17848e+07	(delta): 0.0203358
34 (QN/Block) 	Elapsed: 529.544	Loglikelihood: -1.17848e+07	(delta): 0.00682629
35 (QN/Block) 	Elapsed: 528.492	Loglikelihood: -1.17848e+07	(delta): 0.0025485
36 (QN/Block) 	Elapsed: 521.195	Loglikelihood: -1.17848e+07	(delta): 0.0034841
37 (QN/Block) 	Elapsed: 531.655	Loglikelihood: -1.17848e+07	(delta): 6.36857e-05
Summary: 
Converged in 37 iterations (20651.3 sec)
Loglikelihood: -11784765.066971
Fst divergences between estimated populations: 
	Pop0	Pop1	Pop2	Pop3	Pop4	Pop5	Pop6	Pop7	Pop8	Pop9	Pop10	Pop11	Pop12	Pop13	Pop14	Pop15	Pop16	Pop17	Pop18	Pop19	Pop20	Pop21	Pop22	Pop23	Pop24	Pop25	
Pop0	
Pop1	0.767	
Pop2	0.891	0.813	
Pop3	0.748	0.690	0.599	
Pop4	0.892	0.810	0.485	0.582	
Pop5	0.858	0.782	0.401	0.559	0.233	
Pop6	0.916	0.844	0.832	0.664	0.827	0.777	
Pop7	0.864	0.786	0.427	0.561	0.232	0.204	0.786	
Pop8	0.877	0.797	0.447	0.570	0.184	0.228	0.804	0.159	
Pop9	0.874	0.795	0.636	0.572	0.584	0.536	0.798	0.548	0.560	
Pop10	0.804	0.742	0.632	0.548	0.613	0.583	0.720	0.589	0.599	0.592	
Pop11	0.856	0.793	0.747	0.626	0.737	0.701	0.798	0.708	0.720	0.716	0.667	
Pop12	0.855	0.779	0.606	0.559	0.554	0.514	0.768	0.526	0.535	0.147	0.574	0.695	
Pop13	0.855	0.784	0.501	0.581	0.514	0.458	0.780	0.475	0.494	0.598	0.607	0.712	0.576	
Pop14	0.807	0.746	0.644	0.563	0.624	0.594	0.722	0.601	0.611	0.598	0.579	0.672	0.581	0.616	
Pop15	0.560	0.768	0.893	0.749	0.894	0.860	0.918	0.866	0.879	0.877	0.806	0.857	0.857	0.857	0.808	
Pop16	0.824	0.752	0.420	0.533	0.291	0.274	0.727	0.289	0.276	0.487	0.547	0.663	0.470	0.440	0.561	0.826	
Pop17	0.894	0.819	0.790	0.620	0.781	0.733	0.852	0.741	0.759	0.758	0.682	0.775	0.730	0.743	0.693	0.896	0.683	
Pop18	0.903	0.826	0.421	0.619	0.588	0.498	0.854	0.523	0.552	0.683	0.658	0.768	0.651	0.519	0.668	0.906	0.486	0.815	
Pop19	0.895	0.813	0.480	0.582	0.147	0.253	0.833	0.211	0.148	0.586	0.615	0.740	0.555	0.516	0.626	0.898	0.292	0.786	0.587	
Pop20	0.864	0.787	0.436	0.563	0.195	0.248	0.785	0.241	0.210	0.547	0.589	0.707	0.524	0.472	0.600	0.866	0.272	0.741	0.525	0.229	
Pop21	0.534	0.606	0.752	0.647	0.747	0.723	0.786	0.727	0.736	0.735	0.694	0.742	0.720	0.729	0.698	0.540	0.697	0.761	0.766	0.749	0.727	
Pop22	0.863	0.787	0.352	0.566	0.319	0.262	0.785	0.228	0.295	0.560	0.593	0.709	0.537	0.464	0.605	0.865	0.315	0.742	0.461	0.322	0.275	0.728	
Pop23	0.824	0.761	0.700	0.570	0.689	0.657	0.759	0.662	0.674	0.671	0.619	0.706	0.653	0.671	0.635	0.826	0.622	0.703	0.722	0.691	0.662	0.712	0.664	
Pop24	0.820	0.752	0.421	0.548	0.433	0.382	0.730	0.404	0.415	0.533	0.566	0.671	0.516	0.284	0.577	0.822	0.384	0.693	0.451	0.433	0.398	0.700	0.398	0.633	
Pop25	0.866	0.789	0.628	0.569	0.580	0.535	0.786	0.547	0.557	0.193	0.588	0.710	0.194	0.595	0.594	0.869	0.488	0.748	0.674	0.581	0.545	0.730	0.558	0.666	0.533	
Pop26	0.885	0.807	0.675	0.591	0.634	0.580	0.818	0.593	0.608	0.307	0.616	0.735	0.265	0.632	0.622	0.888	0.528	0.780	0.719	0.637	0.592	0.746	0.602	0.690	0.567	0.316	
CV error (K=27): 0.04689
Writing output files.
