****                   ADMIXTURE Version 1.3.0                  ****
****                    Copyright 2008-2015                     ****
****           David Alexander, Suyash Shringarpure,            ****
****                John  Novembre, Ken Lange                   ****
****                                                            ****
****                 Please cite our paper!                     ****
****   Information at www.genetics.ucla.edu/software/admixture  ****

Cross-validation will be performed.  Folds=10.
Parallel execution requested.  Will use 24 threads.
Random seed: 1807
Point estimation method: Block relaxation algorithm
Convergence acceleration algorithm: QuasiNewton, 3 secant conditions
Point estimation will terminate when objective function delta < 0.0001
Estimation of standard errors disabled; will compute point estimates only.
Size of G: 713x578311
Performing five EM steps to prime main algorithm
1 (EM) 	Elapsed: 294.685	Loglikelihood: -5.28028e+07	(delta): 5.3139e+08
2 (EM) 	Elapsed: 285.547	Loglikelihood: -4.56273e+07	(delta): 7.17555e+06
3 (EM) 	Elapsed: 282.095	Loglikelihood: -4.48425e+07	(delta): 784765
4 (EM) 	Elapsed: 269.229	Loglikelihood: -4.43684e+07	(delta): 474094
5 (EM) 	Elapsed: 275.036	Loglikelihood: -4.39309e+07	(delta): 437561
Initial loglikelihood: -4.39309e+07
Starting main algorithm
1 (QN/Block) 	Elapsed: 424.483	Loglikelihood: -2.39954e+07	(delta): 1.99355e+07
2 (QN/Block) 	Elapsed: 421.325	Loglikelihood: -1.73803e+07	(delta): 6.61505e+06
3 (QN/Block) 	Elapsed: 419.689	Loglikelihood: -1.53571e+07	(delta): 2.02327e+06
4 (QN/Block) 	Elapsed: 423.54	Loglikelihood: -1.41341e+07	(delta): 1.22299e+06
5 (QN/Block) 	Elapsed: 422.016	Loglikelihood: -1.34444e+07	(delta): 689712
6 (QN/Block) 	Elapsed: 424.863	Loglikelihood: -1.30521e+07	(delta): 392227
7 (QN/Block) 	Elapsed: 436.969	Loglikelihood: -1.29164e+07	(delta): 135770
8 (QN/Block) 	Elapsed: 440.347	Loglikelihood: -1.28748e+07	(delta): 41622.8
9 (QN/Block) 	Elapsed: 440.798	Loglikelihood: -1.28542e+07	(delta): 20562
10 (QN/Block) 	Elapsed: 441.738	Loglikelihood: -1.28408e+07	(delta): 13434.1
11 (QN/Block) 	Elapsed: 438.943	Loglikelihood: -1.28292e+07	(delta): 11566.3
12 (QN/Block) 	Elapsed: 437.11	Loglikelihood: -1.2787e+07	(delta): 42229.2
13 (QN/Block) 	Elapsed: 438.613	Loglikelihood: -1.27813e+07	(delta): 5621.74
14 (QN/Block) 	Elapsed: 438.853	Loglikelihood: -1.27783e+07	(delta): 3019.8
15 (QN/Block) 	Elapsed: 438.763	Loglikelihood: -1.27748e+07	(delta): 3532.8
16 (QN/Block) 	Elapsed: 443.399	Loglikelihood: -1.27737e+07	(delta): 1073.61
17 (QN/Block) 	Elapsed: 439.495	Loglikelihood: -1.27735e+07	(delta): 168.067
18 (QN/Block) 	Elapsed: 428.084	Loglikelihood: -1.27729e+07	(delta): 662.302
19 (QN/Block) 	Elapsed: 421.128	Loglikelihood: -1.2771e+07	(delta): 1867.1
20 (QN/Block) 	Elapsed: 421.661	Loglikelihood: -1.2767e+07	(delta): 4006.21
21 (QN/Block) 	Elapsed: 422.902	Loglikelihood: -1.27651e+07	(delta): 1870.04
22 (QN/Block) 	Elapsed: 420.285	Loglikelihood: -1.27564e+07	(delta): 8693.23
23 (QN/Block) 	Elapsed: 421.143	Loglikelihood: -1.27512e+07	(delta): 5224.91
24 (QN/Block) 	Elapsed: 421.94	Loglikelihood: -1.27504e+07	(delta): 817.765
25 (QN/Block) 	Elapsed: 421.183	Loglikelihood: -1.27501e+07	(delta): 278.868
26 (QN/Block) 	Elapsed: 421.185	Loglikelihood: -1.27499e+07	(delta): 258.08
27 (QN/Block) 	Elapsed: 462.953	Loglikelihood: -1.27498e+07	(delta): 92.0391
28 (QN/Block) 	Elapsed: 435.384	Loglikelihood: -1.27498e+07	(delta): 4.72478
29 (QN/Block) 	Elapsed: 424.597	Loglikelihood: -1.27498e+07	(delta): 1.41915
30 (QN/Block) 	Elapsed: 438.046	Loglikelihood: -1.27498e+07	(delta): 0.091876
31 (QN/Block) 	Elapsed: 437.117	Loglikelihood: -1.27498e+07	(delta): 0.011546
32 (QN/Block) 	Elapsed: 427.592	Loglikelihood: -1.27498e+07	(delta): 0.00230122
33 (QN/Block) 	Elapsed: 419.875	Loglikelihood: -1.27498e+07	(delta): 9.60138e-05
Summary: 
Converged in 33 iterations (15642.3 sec)
Loglikelihood: -12749770.501312
Fst divergences between estimated populations: 
	Pop0	Pop1	Pop2	Pop3	Pop4	Pop5	Pop6	Pop7	Pop8	Pop9	Pop10	Pop11	Pop12	Pop13	Pop14	Pop15	Pop16	Pop17	Pop18	Pop19	Pop20	
Pop0	
Pop1	0.792	
Pop2	0.795	0.226	
Pop3	0.764	0.524	0.515	
Pop4	0.842	0.420	0.455	0.609	
Pop5	0.727	0.302	0.274	0.460	0.432	
Pop6	0.547	0.441	0.438	0.431	0.477	0.417	
Pop7	0.795	0.233	0.175	0.509	0.457	0.263	0.438	
Pop8	0.722	0.606	0.605	0.576	0.651	0.561	0.461	0.603	
Pop9	0.817	0.406	0.398	0.572	0.549	0.349	0.466	0.391	0.632	
Pop10	0.882	0.831	0.834	0.817	0.860	0.790	0.634	0.834	0.778	0.846	
Pop11	0.720	0.594	0.593	0.570	0.639	0.547	0.441	0.591	0.579	0.621	0.775	
Pop12	0.789	0.232	0.280	0.534	0.405	0.326	0.447	0.286	0.609	0.433	0.829	0.597	
Pop13	0.712	0.375	0.379	0.485	0.401	0.357	0.426	0.372	0.561	0.413	0.777	0.550	0.373	
Pop14	0.798	0.713	0.713	0.692	0.755	0.663	0.524	0.713	0.672	0.735	0.826	0.667	0.712	0.656	
Pop15	0.844	0.790	0.792	0.777	0.819	0.752	0.606	0.792	0.746	0.805	0.724	0.742	0.789	0.741	0.793	
Pop16	0.785	0.729	0.730	0.717	0.756	0.696	0.567	0.730	0.697	0.744	0.480	0.693	0.729	0.689	0.741	0.605	
Pop17	0.768	0.529	0.521	0.121	0.615	0.464	0.433	0.515	0.579	0.577	0.820	0.573	0.539	0.489	0.694	0.779	0.719	
Pop18	0.831	0.274	0.154	0.540	0.498	0.283	0.448	0.122	0.625	0.437	0.856	0.614	0.333	0.398	0.739	0.812	0.747	0.546	
Pop19	0.782	0.257	0.293	0.525	0.327	0.325	0.442	0.303	0.603	0.423	0.825	0.590	0.212	0.347	0.707	0.784	0.725	0.531	0.326	
Pop20	0.841	0.736	0.737	0.714	0.788	0.672	0.484	0.737	0.685	0.763	0.852	0.674	0.735	0.665	0.767	0.813	0.754	0.718	0.771	0.727	
Pop21	0.858	0.509	0.543	0.646	0.449	0.489	0.495	0.543	0.671	0.611	0.869	0.660	0.487	0.413	0.770	0.828	0.766	0.652	0.591	0.407	0.806	
CV error (K=22): 0.04815
Writing output files.
