****                   ADMIXTURE Version 1.3.0                  ****
****                    Copyright 2008-2015                     ****
****           David Alexander, Suyash Shringarpure,            ****
****                John  Novembre, Ken Lange                   ****
****                                                            ****
****                 Please cite our paper!                     ****
****   Information at www.genetics.ucla.edu/software/admixture  ****

Cross-validation will be performed.  Folds=10.
Parallel execution requested.  Will use 24 threads.
Random seed: 1468
Point estimation method: Block relaxation algorithm
Convergence acceleration algorithm: QuasiNewton, 3 secant conditions
Point estimation will terminate when objective function delta < 0.0001
Estimation of standard errors disabled; will compute point estimates only.
Size of G: 713x578311
Performing five EM steps to prime main algorithm
1 (EM) 	Elapsed: 362.881	Loglikelihood: -5.28482e+07	(delta): 5.28262e+08
2 (EM) 	Elapsed: 362.339	Loglikelihood: -4.56195e+07	(delta): 7.22865e+06
3 (EM) 	Elapsed: 362.638	Loglikelihood: -4.48883e+07	(delta): 731266
4 (EM) 	Elapsed: 361.961	Loglikelihood: -4.4476e+07	(delta): 412236
5 (EM) 	Elapsed: 362.86	Loglikelihood: -4.4111e+07	(delta): 365051
Initial loglikelihood: -4.4111e+07
Starting main algorithm
1 (QN/Block) 	Elapsed: 526.9	Loglikelihood: -2.39719e+07	(delta): 2.01391e+07
2 (QN/Block) 	Elapsed: 520.928	Loglikelihood: -1.67921e+07	(delta): 7.17981e+06
3 (QN/Block) 	Elapsed: 522.918	Loglikelihood: -1.44809e+07	(delta): 2.31113e+06
4 (QN/Block) 	Elapsed: 522.951	Loglikelihood: -1.3261e+07	(delta): 1.21998e+06
5 (QN/Block) 	Elapsed: 525.036	Loglikelihood: -1.24758e+07	(delta): 785203
6 (QN/Block) 	Elapsed: 525.837	Loglikelihood: -1.18813e+07	(delta): 594481
7 (QN/Block) 	Elapsed: 525.094	Loglikelihood: -1.16997e+07	(delta): 181549
8 (QN/Block) 	Elapsed: 522.973	Loglikelihood: -1.16505e+07	(delta): 49252.6
9 (QN/Block) 	Elapsed: 522.552	Loglikelihood: -1.16302e+07	(delta): 20251.3
10 (QN/Block) 	Elapsed: 524.049	Loglikelihood: -1.16194e+07	(delta): 10793.5
11 (QN/Block) 	Elapsed: 519.891	Loglikelihood: -1.16045e+07	(delta): 14984.6
12 (QN/Block) 	Elapsed: 524.313	Loglikelihood: -1.15871e+07	(delta): 17339.9
13 (QN/Block) 	Elapsed: 525.53	Loglikelihood: -1.15665e+07	(delta): 20602.1
14 (QN/Block) 	Elapsed: 525.052	Loglikelihood: -1.1551e+07	(delta): 15472.6
15 (QN/Block) 	Elapsed: 525.043	Loglikelihood: -1.15442e+07	(delta): 6851.81
16 (QN/Block) 	Elapsed: 523.104	Loglikelihood: -1.15389e+07	(delta): 5317.02
17 (QN/Block) 	Elapsed: 522.736	Loglikelihood: -1.15369e+07	(delta): 1926.53
18 (QN/Block) 	Elapsed: 529.798	Loglikelihood: -1.15362e+07	(delta): 769.745
19 (QN/Block) 	Elapsed: 525.466	Loglikelihood: -1.1535e+07	(delta): 1164.51
20 (QN/Block) 	Elapsed: 525.123	Loglikelihood: -1.15348e+07	(delta): 235.553
21 (QN/Block) 	Elapsed: 522.706	Loglikelihood: -1.15346e+07	(delta): 161.329
22 (QN/Block) 	Elapsed: 523.648	Loglikelihood: -1.15341e+07	(delta): 492.884
23 (QN/Block) 	Elapsed: 524.703	Loglikelihood: -1.15334e+07	(delta): 666.919
24 (QN/Block) 	Elapsed: 522.917	Loglikelihood: -1.15328e+07	(delta): 692.14
25 (QN/Block) 	Elapsed: 524.471	Loglikelihood: -1.1532e+07	(delta): 711.998
26 (QN/Block) 	Elapsed: 519.902	Loglikelihood: -1.15317e+07	(delta): 314.8
27 (QN/Block) 	Elapsed: 515.654	Loglikelihood: -1.15314e+07	(delta): 322.903
28 (QN/Block) 	Elapsed: 535.117	Loglikelihood: -1.15309e+07	(delta): 476.164
29 (QN/Block) 	Elapsed: 523.952	Loglikelihood: -1.15308e+07	(delta): 131.721
30 (QN/Block) 	Elapsed: 528.806	Loglikelihood: -1.15307e+07	(delta): 64.085
31 (QN/Block) 	Elapsed: 526.519	Loglikelihood: -1.15307e+07	(delta): 3.86818
32 (QN/Block) 	Elapsed: 524.919	Loglikelihood: -1.15307e+07	(delta): 0.187941
33 (QN/Block) 	Elapsed: 524.063	Loglikelihood: -1.15307e+07	(delta): 0.106061
34 (QN/Block) 	Elapsed: 522.852	Loglikelihood: -1.15307e+07	(delta): 0.126661
35 (QN/Block) 	Elapsed: 523.482	Loglikelihood: -1.15307e+07	(delta): 0.0239801
36 (QN/Block) 	Elapsed: 523.606	Loglikelihood: -1.15307e+07	(delta): 0.00581292
37 (QN/Block) 	Elapsed: 525.062	Loglikelihood: -1.15307e+07	(delta): 0.000533884
38 (QN/Block) 	Elapsed: 524.524	Loglikelihood: -1.15307e+07	(delta): 0.000251697
39 (QN/Block) 	Elapsed: 523.68	Loglikelihood: -1.15307e+07	(delta): 6.66454e-06
Summary: 
Converged in 39 iterations (22291.1 sec)
Loglikelihood: -11530731.252682
Fst divergences between estimated populations: 
	Pop0	Pop1	Pop2	Pop3	Pop4	Pop5	Pop6	Pop7	Pop8	Pop9	Pop10	Pop11	Pop12	Pop13	Pop14	Pop15	Pop16	Pop17	Pop18	Pop19	Pop20	Pop21	Pop22	Pop23	Pop24	Pop25	Pop26	Pop27	
Pop0	
Pop1	0.556	
Pop2	0.880	0.758	
Pop3	0.658	0.577	0.466	
Pop4	0.886	0.760	0.452	0.458	
Pop5	0.855	0.754	0.733	0.524	0.735	
Pop6	0.898	0.788	0.777	0.530	0.782	0.781	
Pop7	0.916	0.800	0.814	0.547	0.822	0.798	0.856	
Pop8	0.866	0.743	0.597	0.441	0.586	0.708	0.747	0.785	
Pop9	0.862	0.741	0.594	0.443	0.584	0.705	0.742	0.780	0.217	
Pop10	0.823	0.709	0.349	0.417	0.335	0.663	0.690	0.727	0.482	0.482	
Pop11	0.876	0.751	0.445	0.450	0.355	0.722	0.766	0.805	0.566	0.565	0.312	
Pop12	0.898	0.773	0.548	0.478	0.493	0.755	0.804	0.843	0.638	0.635	0.434	0.491	
Pop13	0.869	0.747	0.441	0.449	0.329	0.718	0.757	0.795	0.568	0.566	0.332	0.364	0.416	
Pop14	0.865	0.744	0.433	0.447	0.351	0.713	0.751	0.789	0.559	0.559	0.332	0.352	0.331	0.228	
Pop15	0.521	0.546	0.868	0.651	0.874	0.846	0.887	0.904	0.854	0.850	0.812	0.863	0.885	0.857	0.853	
Pop16	0.886	0.769	0.761	0.485	0.766	0.767	0.812	0.841	0.734	0.730	0.672	0.749	0.789	0.741	0.734	0.875	
Pop17	0.856	0.746	0.558	0.477	0.558	0.719	0.754	0.787	0.611	0.609	0.476	0.540	0.559	0.527	0.506	0.845	0.741	
Pop18	0.767	0.620	0.803	0.606	0.807	0.793	0.829	0.844	0.788	0.786	0.752	0.798	0.819	0.793	0.789	0.753	0.813	0.786	
Pop19	0.901	0.769	0.455	0.455	0.334	0.747	0.800	0.842	0.588	0.586	0.296	0.265	0.522	0.365	0.361	0.888	0.782	0.571	0.818	
Pop20	0.837	0.727	0.469	0.450	0.469	0.690	0.721	0.754	0.555	0.554	0.404	0.446	0.464	0.443	0.409	0.827	0.707	0.407	0.768	0.478	
Pop21	0.864	0.742	0.400	0.437	0.244	0.708	0.748	0.786	0.541	0.542	0.290	0.300	0.449	0.254	0.294	0.852	0.730	0.517	0.787	0.232	0.433	
Pop22	0.866	0.743	0.598	0.442	0.587	0.708	0.747	0.786	0.182	0.211	0.483	0.567	0.639	0.569	0.560	0.854	0.735	0.612	0.789	0.589	0.555	0.543	
Pop23	0.869	0.745	0.389	0.439	0.273	0.712	0.754	0.793	0.539	0.540	0.262	0.250	0.456	0.303	0.306	0.857	0.735	0.522	0.791	0.168	0.438	0.159	0.540	
Pop24	0.897	0.767	0.459	0.458	0.313	0.745	0.796	0.838	0.590	0.589	0.316	0.277	0.537	0.368	0.387	0.884	0.779	0.573	0.815	0.195	0.482	0.266	0.592	0.226	
Pop25	0.906	0.782	0.609	0.496	0.577	0.770	0.821	0.858	0.675	0.671	0.490	0.566	0.451	0.500	0.414	0.893	0.807	0.586	0.828	0.613	0.474	0.531	0.675	0.542	0.620	
Pop26	0.892	0.762	0.438	0.448	0.316	0.737	0.787	0.829	0.571	0.570	0.292	0.295	0.501	0.357	0.345	0.879	0.769	0.554	0.810	0.133	0.462	0.218	0.572	0.175	0.217	0.590	
Pop27	0.806	0.709	0.630	0.461	0.627	0.672	0.695	0.722	0.591	0.590	0.561	0.615	0.652	0.614	0.608	0.797	0.685	0.629	0.746	0.633	0.595	0.602	0.592	0.603	0.633	0.671	0.624	
Pop28	0.827	0.725	0.656	0.462	0.655	0.694	0.507	0.752	0.623	0.621	0.580	0.642	0.678	0.638	0.632	0.817	0.707	0.650	0.763	0.663	0.617	0.627	0.623	0.629	0.662	0.698	0.653	0.606	
CV error (K=29): 0.04613
Writing output files.
