****                   ADMIXTURE Version 1.3.0                  ****
****                    Copyright 2008-2015                     ****
****           David Alexander, Suyash Shringarpure,            ****
****                John  Novembre, Ken Lange                   ****
****                                                            ****
****                 Please cite our paper!                     ****
****   Information at www.genetics.ucla.edu/software/admixture  ****

Cross-validation will be performed.  Folds=10.
Parallel execution requested.  Will use 24 threads.
Random seed: 1432
Point estimation method: Block relaxation algorithm
Convergence acceleration algorithm: QuasiNewton, 3 secant conditions
Point estimation will terminate when objective function delta < 0.0001
Estimation of standard errors disabled; will compute point estimates only.
Size of G: 713x578311
Performing five EM steps to prime main algorithm
1 (EM) 	Elapsed: 8.362	Loglikelihood: -4.84735e+07	(delta): 6.58086e+08
2 (EM) 	Elapsed: 8.133	Loglikelihood: -4.60502e+07	(delta): 2.42324e+06
3 (EM) 	Elapsed: 7.998	Loglikelihood: -4.57588e+07	(delta): 291431
4 (EM) 	Elapsed: 8.231	Loglikelihood: -4.56143e+07	(delta): 144542
5 (EM) 	Elapsed: 8.096	Loglikelihood: -4.55353e+07	(delta): 78921.2
Initial loglikelihood: -4.55353e+07
Starting main algorithm
1 (QN/Block) 	Elapsed: 38.799	Loglikelihood: -4.18391e+07	(delta): 3.69625e+06
2 (QN/Block) 	Elapsed: 37.717	Loglikelihood: -3.96617e+07	(delta): 2.17741e+06
3 (QN/Block) 	Elapsed: 39.717	Loglikelihood: -3.84085e+07	(delta): 1.25323e+06
4 (QN/Block) 	Elapsed: 39.101	Loglikelihood: -3.54113e+07	(delta): 2.99719e+06
5 (QN/Block) 	Elapsed: 38.158	Loglikelihood: -3.40883e+07	(delta): 1.32295e+06
6 (QN/Block) 	Elapsed: 38.573	Loglikelihood: -3.37162e+07	(delta): 372137
7 (QN/Block) 	Elapsed: 39.406	Loglikelihood: -3.35511e+07	(delta): 165079
8 (QN/Block) 	Elapsed: 39.269	Loglikelihood: -3.35122e+07	(delta): 38860.6
9 (QN/Block) 	Elapsed: 39.641	Loglikelihood: -3.35019e+07	(delta): 10330.8
10 (QN/Block) 	Elapsed: 38.574	Loglikelihood: -3.35006e+07	(delta): 1268.22
11 (QN/Block) 	Elapsed: 40.226	Loglikelihood: -3.35006e+07	(delta): 72.2924
12 (QN/Block) 	Elapsed: 38.591	Loglikelihood: -3.35006e+07	(delta): 1.27957
13 (QN/Block) 	Elapsed: 38.116	Loglikelihood: -3.35006e+07	(delta): 0.00572399
14 (QN/Block) 	Elapsed: 38.005	Loglikelihood: -3.35006e+07	(delta): 0.000458322
15 (QN/Block) 	Elapsed: 38.33	Loglikelihood: -3.35006e+07	(delta): 4.84288e-08
Summary: 
Converged in 15 iterations (626.627 sec)
Loglikelihood: -33500571.641340
Fst divergences between estimated populations: 
	Pop0	
Pop0	
Pop1	0.452	
CV error (K=2): 0.09173
Writing output files.
