****                   ADMIXTURE Version 1.3.0                  ****
****                    Copyright 2008-2015                     ****
****           David Alexander, Suyash Shringarpure,            ****
****                John  Novembre, Ken Lange                   ****
****                                                            ****
****                 Please cite our paper!                     ****
****   Information at www.genetics.ucla.edu/software/admixture  ****

Cross-validation will be performed.  Folds=10.
Parallel execution requested.  Will use 24 threads.
Random seed: 1553
Point estimation method: Block relaxation algorithm
Convergence acceleration algorithm: QuasiNewton, 3 secant conditions
Point estimation will terminate when objective function delta < 0.0001
Estimation of standard errors disabled; will compute point estimates only.
Size of G: 713x578311
Performing five EM steps to prime main algorithm
1 (EM) 	Elapsed: 222.463	Loglikelihood: -5.28271e+07	(delta): 5.33226e+08
2 (EM) 	Elapsed: 225.982	Loglikelihood: -4.57668e+07	(delta): 7.06038e+06
3 (EM) 	Elapsed: 225.572	Loglikelihood: -4.50448e+07	(delta): 722007
4 (EM) 	Elapsed: 224.583	Loglikelihood: -4.46518e+07	(delta): 392982
5 (EM) 	Elapsed: 225.803	Loglikelihood: -4.43277e+07	(delta): 324033
Initial loglikelihood: -4.43277e+07
Starting main algorithm
1 (QN/Block) 	Elapsed: 373.106	Loglikelihood: -2.47443e+07	(delta): 1.95834e+07
2 (QN/Block) 	Elapsed: 364.54	Loglikelihood: -1.73648e+07	(delta): 7.37958e+06
3 (QN/Block) 	Elapsed: 363.283	Loglikelihood: -1.56354e+07	(delta): 1.72933e+06
4 (QN/Block) 	Elapsed: 363.248	Loglikelihood: -1.46215e+07	(delta): 1.01395e+06
5 (QN/Block) 	Elapsed: 368.983	Loglikelihood: -1.41514e+07	(delta): 470131
6 (QN/Block) 	Elapsed: 370.73	Loglikelihood: -1.39141e+07	(delta): 237245
7 (QN/Block) 	Elapsed: 376.563	Loglikelihood: -1.38485e+07	(delta): 65614.3
8 (QN/Block) 	Elapsed: 373.879	Loglikelihood: -1.38245e+07	(delta): 23968.1
9 (QN/Block) 	Elapsed: 377.431	Loglikelihood: -1.38099e+07	(delta): 14652.7
10 (QN/Block) 	Elapsed: 376.976	Loglikelihood: -1.37995e+07	(delta): 10416.4
11 (QN/Block) 	Elapsed: 379.208	Loglikelihood: -1.37906e+07	(delta): 8873.93
12 (QN/Block) 	Elapsed: 381.122	Loglikelihood: -1.3783e+07	(delta): 7611.96
13 (QN/Block) 	Elapsed: 370.955	Loglikelihood: -1.37774e+07	(delta): 5526.66
14 (QN/Block) 	Elapsed: 365.707	Loglikelihood: -1.37718e+07	(delta): 5601.64
15 (QN/Block) 	Elapsed: 352.555	Loglikelihood: -1.37657e+07	(delta): 6131.95
16 (QN/Block) 	Elapsed: 355.97	Loglikelihood: -1.37607e+07	(delta): 5042.95
17 (QN/Block) 	Elapsed: 355.002	Loglikelihood: -1.3759e+07	(delta): 1703.54
18 (QN/Block) 	Elapsed: 355.008	Loglikelihood: -1.3758e+07	(delta): 913.263
19 (QN/Block) 	Elapsed: 354.599	Loglikelihood: -1.3757e+07	(delta): 1025.58
20 (QN/Block) 	Elapsed: 356.196	Loglikelihood: -1.37566e+07	(delta): 442.856
21 (QN/Block) 	Elapsed: 348.213	Loglikelihood: -1.37563e+07	(delta): 286.114
22 (QN/Block) 	Elapsed: 354.258	Loglikelihood: -1.37562e+07	(delta): 49.6132
23 (QN/Block) 	Elapsed: 353.25	Loglikelihood: -1.37562e+07	(delta): 9.15743
24 (QN/Block) 	Elapsed: 353.953	Loglikelihood: -1.37562e+07	(delta): 3.03396
25 (QN/Block) 	Elapsed: 357.173	Loglikelihood: -1.37562e+07	(delta): 3.25429
26 (QN/Block) 	Elapsed: 355.596	Loglikelihood: -1.37562e+07	(delta): 3.77126
27 (QN/Block) 	Elapsed: 355.108	Loglikelihood: -1.37562e+07	(delta): 6.64097
28 (QN/Block) 	Elapsed: 353.493	Loglikelihood: -1.37562e+07	(delta): 8.94488
29 (QN/Block) 	Elapsed: 356.024	Loglikelihood: -1.37562e+07	(delta): 0.221989
30 (QN/Block) 	Elapsed: 353.238	Loglikelihood: -1.37562e+07	(delta): 0.00693845
31 (QN/Block) 	Elapsed: 353.83	Loglikelihood: -1.37562e+07	(delta): 0.00144743
32 (QN/Block) 	Elapsed: 354.015	Loglikelihood: -1.37562e+07	(delta): 0.00059084
33 (QN/Block) 	Elapsed: 355.13	Loglikelihood: -1.37562e+07	(delta): 0.000103647
34 (QN/Block) 	Elapsed: 354.278	Loglikelihood: -1.37562e+07	(delta): 9.0953e-06
Summary: 
Converged in 34 iterations (13438.9 sec)
Loglikelihood: -13756208.122021
Fst divergences between estimated populations: 
	Pop0	Pop1	Pop2	Pop3	Pop4	Pop5	Pop6	Pop7	Pop8	Pop9	Pop10	Pop11	Pop12	Pop13	Pop14	Pop15	Pop16	Pop17	
Pop0	
Pop1	0.588	
Pop2	0.534	0.579	
Pop3	0.283	0.538	0.459	
Pop4	0.264	0.586	0.521	0.241	
Pop5	0.412	0.604	0.565	0.219	0.380	
Pop6	0.548	0.587	0.176	0.473	0.536	0.579	
Pop7	0.507	0.620	0.606	0.467	0.516	0.563	0.617	
Pop8	0.563	0.597	0.224	0.488	0.553	0.593	0.267	0.628	
Pop9	0.309	0.612	0.582	0.377	0.390	0.499	0.595	0.512	0.609	
Pop10	0.408	0.581	0.541	0.386	0.414	0.484	0.553	0.404	0.565	0.393	
Pop11	0.527	0.516	0.511	0.489	0.523	0.542	0.517	0.560	0.526	0.548	0.525	
Pop12	0.224	0.587	0.523	0.252	0.170	0.384	0.538	0.518	0.555	0.391	0.421	0.524	
Pop13	0.368	0.590	0.539	0.299	0.347	0.420	0.552	0.519	0.567	0.447	0.426	0.531	0.340	
Pop14	0.360	0.379	0.354	0.335	0.353	0.377	0.361	0.404	0.369	0.382	0.374	0.351	0.353	0.370	
Pop15	0.734	0.681	0.737	0.669	0.739	0.752	0.745	0.752	0.753	0.760	0.710	0.609	0.739	0.729	0.428	
Pop16	0.294	0.609	0.551	0.260	0.133	0.411	0.568	0.554	0.587	0.437	0.450	0.539	0.162	0.370	0.360	0.776	
Pop17	0.784	0.742	0.786	0.745	0.788	0.794	0.790	0.789	0.794	0.798	0.766	0.686	0.788	0.780	0.556	0.819	0.810	
Pop18	0.772	0.733	0.774	0.735	0.776	0.782	0.778	0.778	0.782	0.786	0.755	0.679	0.776	0.769	0.552	0.807	0.796	0.667	
CV error (K=19): 0.04974
Writing output files.
