****                   ADMIXTURE Version 1.3.0                  ****
****                    Copyright 2008-2015                     ****
****           David Alexander, Suyash Shringarpure,            ****
****                John  Novembre, Ken Lange                   ****
****                                                            ****
****                 Please cite our paper!                     ****
****   Information at www.genetics.ucla.edu/software/admixture  ****

Cross-validation will be performed.  Folds=10.
Parallel execution requested.  Will use 24 threads.
Random seed: 1830
Point estimation method: Block relaxation algorithm
Convergence acceleration algorithm: QuasiNewton, 3 secant conditions
Point estimation will terminate when objective function delta < 0.0001
Estimation of standard errors disabled; will compute point estimates only.
Size of G: 713x578311
Performing five EM steps to prime main algorithm
1 (EM) 	Elapsed: 67.609	Loglikelihood: -5.26383e+07	(delta): 5.49459e+08
2 (EM) 	Elapsed: 69.238	Loglikelihood: -4.60859e+07	(delta): 6.55236e+06
3 (EM) 	Elapsed: 69.638	Loglikelihood: -4.53933e+07	(delta): 692589
4 (EM) 	Elapsed: 68.867	Loglikelihood: -4.50153e+07	(delta): 377969
5 (EM) 	Elapsed: 70.074	Loglikelihood: -4.47104e+07	(delta): 304907
Initial loglikelihood: -4.47104e+07
Starting main algorithm
1 (QN/Block) 	Elapsed: 175.456	Loglikelihood: -2.99948e+07	(delta): 1.47156e+07
2 (QN/Block) 	Elapsed: 179.106	Loglikelihood: -2.21205e+07	(delta): 7.87429e+06
3 (QN/Block) 	Elapsed: 180.914	Loglikelihood: -2.02417e+07	(delta): 1.87883e+06
4 (QN/Block) 	Elapsed: 177.106	Loglikelihood: -1.8836e+07	(delta): 1.40565e+06
5 (QN/Block) 	Elapsed: 176.269	Loglikelihood: -1.81739e+07	(delta): 662102
6 (QN/Block) 	Elapsed: 181.065	Loglikelihood: -1.78067e+07	(delta): 367214
7 (QN/Block) 	Elapsed: 180.26	Loglikelihood: -1.76407e+07	(delta): 165995
8 (QN/Block) 	Elapsed: 181.134	Loglikelihood: -1.75857e+07	(delta): 55055.2
9 (QN/Block) 	Elapsed: 177.47	Loglikelihood: -1.75564e+07	(delta): 29240.5
10 (QN/Block) 	Elapsed: 178.697	Loglikelihood: -1.7542e+07	(delta): 14423.3
11 (QN/Block) 	Elapsed: 178.108	Loglikelihood: -1.75391e+07	(delta): 2934.49
12 (QN/Block) 	Elapsed: 181.045	Loglikelihood: -1.75301e+07	(delta): 8957.95
13 (QN/Block) 	Elapsed: 180.079	Loglikelihood: -1.75278e+07	(delta): 2266.27
14 (QN/Block) 	Elapsed: 180.581	Loglikelihood: -1.75276e+07	(delta): 288.995
15 (QN/Block) 	Elapsed: 179.813	Loglikelihood: -1.75275e+07	(delta): 67.8344
16 (QN/Block) 	Elapsed: 179.497	Loglikelihood: -1.75275e+07	(delta): 2.31726
17 (QN/Block) 	Elapsed: 174.478	Loglikelihood: -1.75275e+07	(delta): 0.117865
18 (QN/Block) 	Elapsed: 178.321	Loglikelihood: -1.75275e+07	(delta): 0.0415047
19 (QN/Block) 	Elapsed: 179.173	Loglikelihood: -1.75275e+07	(delta): 0.0383984
20 (QN/Block) 	Elapsed: 179.621	Loglikelihood: -1.75275e+07	(delta): 0.0360955
21 (QN/Block) 	Elapsed: 181.403	Loglikelihood: -1.75275e+07	(delta): 0.0338568
22 (QN/Block) 	Elapsed: 180.988	Loglikelihood: -1.75275e+07	(delta): 0.0316807
23 (QN/Block) 	Elapsed: 178.931	Loglikelihood: -1.75275e+07	(delta): 0.0140708
24 (QN/Block) 	Elapsed: 177.977	Loglikelihood: -1.75275e+07	(delta): 0.000187609
25 (QN/Block) 	Elapsed: 180.384	Loglikelihood: -1.75275e+07	(delta): 7.57352e-06
Summary: 
Converged in 25 iterations (4832.83 sec)
Loglikelihood: -17527483.102489
Fst divergences between estimated populations: 
	Pop0	Pop1	Pop2	Pop3	Pop4	Pop5	Pop6	Pop7	
Pop0	
Pop1	0.570	
Pop2	0.519	0.449	
Pop3	0.595	0.418	0.459	
Pop4	0.747	0.743	0.671	0.764	
Pop5	0.737	0.732	0.664	0.753	0.667	
Pop6	0.568	0.323	0.456	0.443	0.728	0.719	
Pop7	0.628	0.343	0.497	0.511	0.784	0.772	0.304	
Pop8	0.624	0.225	0.484	0.469	0.793	0.780	0.342	0.350	
CV error (K=9): 0.05620
Writing output files.
