****                   ADMIXTURE Version 1.3.0                  ****
****                    Copyright 2008-2015                     ****
****           David Alexander, Suyash Shringarpure,            ****
****                John  Novembre, Ken Lange                   ****
****                                                            ****
****                 Please cite our paper!                     ****
****   Information at www.genetics.ucla.edu/software/admixture  ****

Cross-validation will be performed.  Folds=10.
Parallel execution requested.  Will use 24 threads.
Random seed: 1432
Point estimation method: Block relaxation algorithm
Convergence acceleration algorithm: QuasiNewton, 3 secant conditions
Point estimation will terminate when objective function delta < 0.0001
Estimation of standard errors disabled; will compute point estimates only.
Size of G: 713x578311
Performing five EM steps to prime main algorithm
1 (EM) 	Elapsed: 194.462	Loglikelihood: -5.28561e+07	(delta): 5.34167e+08
2 (EM) 	Elapsed: 193.781	Loglikelihood: -4.58194e+07	(delta): 7.03665e+06
3 (EM) 	Elapsed: 194.141	Loglikelihood: -4.5108e+07	(delta): 711391
4 (EM) 	Elapsed: 192.626	Loglikelihood: -4.47278e+07	(delta): 380191
5 (EM) 	Elapsed: 194.849	Loglikelihood: -4.44168e+07	(delta): 311004
Initial loglikelihood: -4.44168e+07
Starting main algorithm
1 (QN/Block) 	Elapsed: 343.818	Loglikelihood: -2.55917e+07	(delta): 1.88251e+07
2 (QN/Block) 	Elapsed: 356.88	Loglikelihood: -1.83502e+07	(delta): 7.24151e+06
3 (QN/Block) 	Elapsed: 351.915	Loglikelihood: -1.65151e+07	(delta): 1.8351e+06
4 (QN/Block) 	Elapsed: 332.499	Loglikelihood: -1.54457e+07	(delta): 1.06943e+06
5 (QN/Block) 	Elapsed: 338.486	Loglikelihood: -1.47215e+07	(delta): 724115
6 (QN/Block) 	Elapsed: 347.813	Loglikelihood: -1.44533e+07	(delta): 268222
7 (QN/Block) 	Elapsed: 347.897	Loglikelihood: -1.43577e+07	(delta): 95636.4
8 (QN/Block) 	Elapsed: 352.689	Loglikelihood: -1.43153e+07	(delta): 42373.8
9 (QN/Block) 	Elapsed: 353.327	Loglikelihood: -1.43008e+07	(delta): 14522.8
10 (QN/Block) 	Elapsed: 342.487	Loglikelihood: -1.42923e+07	(delta): 8520.55
11 (QN/Block) 	Elapsed: 343.959	Loglikelihood: -1.42877e+07	(delta): 4561.76
12 (QN/Block) 	Elapsed: 344.539	Loglikelihood: -1.42851e+07	(delta): 2593.87
13 (QN/Block) 	Elapsed: 347.461	Loglikelihood: -1.42822e+07	(delta): 2876.86
14 (QN/Block) 	Elapsed: 346.592	Loglikelihood: -1.4281e+07	(delta): 1203.1
15 (QN/Block) 	Elapsed: 343.164	Loglikelihood: -1.428e+07	(delta): 1030.06
16 (QN/Block) 	Elapsed: 343.286	Loglikelihood: -1.42799e+07	(delta): 118.414
17 (QN/Block) 	Elapsed: 348.106	Loglikelihood: -1.42798e+07	(delta): 40.7816
18 (QN/Block) 	Elapsed: 344.439	Loglikelihood: -1.42798e+07	(delta): 4.17234
19 (QN/Block) 	Elapsed: 346.031	Loglikelihood: -1.42798e+07	(delta): 2.13738
20 (QN/Block) 	Elapsed: 339.863	Loglikelihood: -1.42798e+07	(delta): 1.7232
21 (QN/Block) 	Elapsed: 368.093	Loglikelihood: -1.42798e+07	(delta): 0.977108
22 (QN/Block) 	Elapsed: 378.092	Loglikelihood: -1.42798e+07	(delta): 0.285533
23 (QN/Block) 	Elapsed: 365.684	Loglikelihood: -1.42798e+07	(delta): 0.02164
24 (QN/Block) 	Elapsed: 347.802	Loglikelihood: -1.42798e+07	(delta): 0.0113201
25 (QN/Block) 	Elapsed: 345.886	Loglikelihood: -1.42798e+07	(delta): 0.000493767
26 (QN/Block) 	Elapsed: 342.601	Loglikelihood: -1.42798e+07	(delta): 0.000254719
27 (QN/Block) 	Elapsed: 360.552	Loglikelihood: -1.42798e+07	(delta): 4.76073e-05
Summary: 
Converged in 27 iterations (10410.7 sec)
Loglikelihood: -14279835.950667
Fst divergences between estimated populations: 
	Pop0	Pop1	Pop2	Pop3	Pop4	Pop5	Pop6	Pop7	Pop8	Pop9	Pop10	Pop11	Pop12	Pop13	Pop14	Pop15	Pop16	
Pop0	
Pop1	0.480	
Pop2	0.236	0.556	
Pop3	0.705	0.826	0.774	
Pop4	0.183	0.489	0.293	0.692	
Pop5	0.495	0.671	0.556	0.757	0.490	
Pop6	0.307	0.354	0.330	0.627	0.319	0.453	
Pop7	0.484	0.658	0.543	0.748	0.480	0.230	0.446	
Pop8	0.555	0.658	0.600	0.691	0.547	0.587	0.509	0.581	
Pop9	0.332	0.411	0.349	0.458	0.333	0.343	0.325	0.340	0.376	
Pop10	0.768	0.835	0.809	0.834	0.759	0.797	0.712	0.792	0.750	0.580	
Pop11	0.649	0.763	0.708	0.267	0.638	0.696	0.585	0.688	0.647	0.427	0.799	
Pop12	0.486	0.672	0.550	0.762	0.482	0.182	0.445	0.190	0.586	0.337	0.800	0.699	
Pop13	0.249	0.580	0.126	0.796	0.301	0.575	0.339	0.561	0.612	0.353	0.821	0.726	0.569	
Pop14	0.277	0.463	0.292	0.754	0.325	0.556	0.318	0.544	0.592	0.356	0.796	0.693	0.551	0.311	
Pop15	0.405	0.419	0.454	0.802	0.426	0.626	0.336	0.613	0.631	0.386	0.822	0.738	0.625	0.473	0.355	
Pop16	0.722	0.785	0.758	0.786	0.714	0.748	0.673	0.743	0.710	0.551	0.646	0.753	0.751	0.768	0.747	0.772	
Pop17	0.228	0.513	0.180	0.749	0.283	0.535	0.319	0.523	0.584	0.345	0.794	0.687	0.528	0.161	0.234	0.415	0.745	
CV error (K=18): 0.05072
Writing output files.
