****                   ADMIXTURE Version 1.3.0                  ****
****                    Copyright 2008-2015                     ****
****           David Alexander, Suyash Shringarpure,            ****
****                John  Novembre, Ken Lange                   ****
****                                                            ****
****                 Please cite our paper!                     ****
****   Information at www.genetics.ucla.edu/software/admixture  ****

Cross-validation will be performed.  Folds=10.
Parallel execution requested.  Will use 24 threads.
Random seed: 1853
Point estimation method: Block relaxation algorithm
Convergence acceleration algorithm: QuasiNewton, 3 secant conditions
Point estimation will terminate when objective function delta < 0.0001
Estimation of standard errors disabled; will compute point estimates only.
Size of G: 713x578311
Performing five EM steps to prime main algorithm
1 (EM) 	Elapsed: 365.922	Loglikelihood: -5.27864e+07	(delta): 5.28353e+08
2 (EM) 	Elapsed: 372.759	Loglikelihood: -4.55083e+07	(delta): 7.27816e+06
3 (EM) 	Elapsed: 367.152	Loglikelihood: -4.47306e+07	(delta): 777686
4 (EM) 	Elapsed: 373.897	Loglikelihood: -4.42779e+07	(delta): 452682
5 (EM) 	Elapsed: 375.639	Loglikelihood: -4.38801e+07	(delta): 397764
Initial loglikelihood: -4.38801e+07
Starting main algorithm
1 (QN/Block) 	Elapsed: 548.761	Loglikelihood: -2.31809e+07	(delta): 2.06992e+07
2 (QN/Block) 	Elapsed: 550.064	Loglikelihood: -1.62457e+07	(delta): 6.93526e+06
3 (QN/Block) 	Elapsed: 552.241	Loglikelihood: -1.40988e+07	(delta): 2.1468e+06
4 (QN/Block) 	Elapsed: 558.129	Loglikelihood: -1.28616e+07	(delta): 1.23724e+06
5 (QN/Block) 	Elapsed: 568.094	Loglikelihood: -1.21533e+07	(delta): 708265
6 (QN/Block) 	Elapsed: 563.537	Loglikelihood: -1.18448e+07	(delta): 308512
7 (QN/Block) 	Elapsed: 553.422	Loglikelihood: -1.17172e+07	(delta): 127664
8 (QN/Block) 	Elapsed: 554.776	Loglikelihood: -1.167e+07	(delta): 47172.8
9 (QN/Block) 	Elapsed: 552.947	Loglikelihood: -1.16536e+07	(delta): 16355.4
10 (QN/Block) 	Elapsed: 552.406	Loglikelihood: -1.16433e+07	(delta): 10322.9
11 (QN/Block) 	Elapsed: 549.88	Loglikelihood: -1.16379e+07	(delta): 5464.21
12 (QN/Block) 	Elapsed: 554.516	Loglikelihood: -1.16362e+07	(delta): 1650.05
13 (QN/Block) 	Elapsed: 534.169	Loglikelihood: -1.16356e+07	(delta): 619.075
14 (QN/Block) 	Elapsed: 554.276	Loglikelihood: -1.16343e+07	(delta): 1246.16
15 (QN/Block) 	Elapsed: 548.783	Loglikelihood: -1.16328e+07	(delta): 1487.58
16 (QN/Block) 	Elapsed: 549.868	Loglikelihood: -1.16285e+07	(delta): 4351.73
17 (QN/Block) 	Elapsed: 552.109	Loglikelihood: -1.16209e+07	(delta): 7568.09
18 (QN/Block) 	Elapsed: 559.341	Loglikelihood: -1.16082e+07	(delta): 12706.3
19 (QN/Block) 	Elapsed: 556.35	Loglikelihood: -1.15996e+07	(delta): 8665.47
20 (QN/Block) 	Elapsed: 554.157	Loglikelihood: -1.15966e+07	(delta): 2990.98
21 (QN/Block) 	Elapsed: 560.099	Loglikelihood: -1.15956e+07	(delta): 925.319
22 (QN/Block) 	Elapsed: 552.231	Loglikelihood: -1.15953e+07	(delta): 330.668
23 (QN/Block) 	Elapsed: 558.333	Loglikelihood: -1.15952e+07	(delta): 69.6266
24 (QN/Block) 	Elapsed: 553.045	Loglikelihood: -1.15952e+07	(delta): 73.267
25 (QN/Block) 	Elapsed: 557.726	Loglikelihood: -1.15952e+07	(delta): 5.64904
26 (QN/Block) 	Elapsed: 553.622	Loglikelihood: -1.15952e+07	(delta): 1.89541
27 (QN/Block) 	Elapsed: 561.606	Loglikelihood: -1.15952e+07	(delta): 0.567097
28 (QN/Block) 	Elapsed: 562.411	Loglikelihood: -1.15952e+07	(delta): 0.191539
29 (QN/Block) 	Elapsed: 553.875	Loglikelihood: -1.15952e+07	(delta): 0.0486089
30 (QN/Block) 	Elapsed: 555.098	Loglikelihood: -1.15952e+07	(delta): 0.0177891
31 (QN/Block) 	Elapsed: 555.642	Loglikelihood: -1.15952e+07	(delta): 0.00277143
32 (QN/Block) 	Elapsed: 557.854	Loglikelihood: -1.15952e+07	(delta): 0.00108258
33 (QN/Block) 	Elapsed: 553.063	Loglikelihood: -1.15952e+07	(delta): 0.000153055
34 (QN/Block) 	Elapsed: 553.579	Loglikelihood: -1.15952e+07	(delta): 0.000168655
35 (QN/Block) 	Elapsed: 548.521	Loglikelihood: -1.15952e+07	(delta): 9.14186e-06
Summary: 
Converged in 35 iterations (21282.6 sec)
Loglikelihood: -11595159.638174
Fst divergences between estimated populations: 
	Pop0	Pop1	Pop2	Pop3	Pop4	Pop5	Pop6	Pop7	Pop8	Pop9	Pop10	Pop11	Pop12	Pop13	Pop14	Pop15	Pop16	Pop17	Pop18	Pop19	Pop20	Pop21	Pop22	Pop23	Pop24	Pop25	Pop26	Pop27	
Pop0	
Pop1	0.549	
Pop2	0.254	0.544	
Pop3	0.284	0.556	0.314	
Pop4	0.540	0.679	0.534	0.410	
Pop5	0.430	0.548	0.428	0.401	0.474	
Pop6	0.540	0.213	0.536	0.548	0.666	0.542	
Pop7	0.851	0.849	0.840	0.843	0.886	0.812	0.842	
Pop8	0.265	0.559	0.300	0.204	0.487	0.426	0.550	0.844	
Pop9	0.713	0.711	0.703	0.708	0.770	0.681	0.703	0.840	0.710	
Pop10	0.270	0.573	0.313	0.334	0.565	0.445	0.563	0.857	0.346	0.723	
Pop11	0.795	0.789	0.779	0.784	0.857	0.742	0.778	0.898	0.785	0.798	0.806	
Pop12	0.671	0.668	0.662	0.666	0.733	0.642	0.660	0.830	0.668	0.720	0.682	0.781	
Pop13	0.474	0.591	0.466	0.445	0.518	0.318	0.583	0.837	0.471	0.711	0.479	0.779	0.673	
Pop14	0.454	0.643	0.466	0.327	0.446	0.462	0.631	0.877	0.399	0.754	0.491	0.841	0.715	0.502	
Pop15	0.792	0.791	0.783	0.785	0.828	0.760	0.784	0.745	0.787	0.793	0.799	0.844	0.781	0.783	0.819	
Pop16	0.760	0.756	0.746	0.750	0.824	0.713	0.745	0.884	0.752	0.784	0.772	0.861	0.581	0.750	0.808	0.832	
Pop17	0.233	0.602	0.321	0.370	0.623	0.478	0.589	0.878	0.357	0.747	0.291	0.840	0.705	0.524	0.538	0.817	0.804	
Pop18	0.691	0.693	0.680	0.685	0.759	0.659	0.684	0.839	0.687	0.733	0.703	0.799	0.703	0.693	0.740	0.786	0.777	0.730	
Pop19	0.166	0.582	0.292	0.325	0.593	0.457	0.570	0.875	0.330	0.740	0.282	0.833	0.698	0.507	0.503	0.813	0.797	0.223	0.722	
Pop20	0.746	0.745	0.738	0.741	0.782	0.720	0.740	0.538	0.742	0.754	0.752	0.800	0.744	0.741	0.772	0.620	0.790	0.768	0.744	0.764	
Pop21	0.605	0.595	0.599	0.604	0.670	0.587	0.589	0.792	0.606	0.672	0.615	0.722	0.637	0.615	0.651	0.746	0.698	0.635	0.654	0.627	0.709	
Pop22	0.783	0.784	0.767	0.772	0.852	0.731	0.771	0.894	0.774	0.798	0.796	0.881	0.770	0.771	0.834	0.837	0.854	0.832	0.305	0.825	0.791	0.715	
Pop23	0.541	0.183	0.537	0.549	0.671	0.543	0.211	0.846	0.552	0.707	0.565	0.784	0.663	0.585	0.635	0.788	0.750	0.592	0.687	0.573	0.742	0.590	0.777	
Pop24	0.656	0.652	0.648	0.652	0.723	0.629	0.644	0.827	0.654	0.712	0.668	0.774	0.360	0.661	0.703	0.777	0.545	0.692	0.694	0.684	0.739	0.625	0.763	0.647	
Pop25	0.514	0.517	0.513	0.516	0.567	0.511	0.514	0.692	0.517	0.580	0.524	0.610	0.550	0.532	0.551	0.650	0.596	0.536	0.534	0.528	0.619	0.520	0.582	0.514	0.538	
Pop26	0.875	0.873	0.863	0.866	0.910	0.832	0.865	0.515	0.867	0.859	0.882	0.920	0.849	0.858	0.902	0.772	0.905	0.904	0.861	0.901	0.562	0.810	0.918	0.870	0.846	0.706	
Pop27	0.280	0.490	0.273	0.327	0.492	0.402	0.484	0.808	0.322	0.666	0.316	0.730	0.621	0.439	0.437	0.754	0.697	0.327	0.636	0.298	0.711	0.563	0.714	0.484	0.605	0.489	0.830	
Pop28	0.222	0.594	0.296	0.356	0.609	0.468	0.582	0.878	0.344	0.745	0.252	0.839	0.703	0.520	0.523	0.816	0.802	0.209	0.727	0.178	0.767	0.632	0.830	0.584	0.689	0.533	0.904	0.301	
CV error (K=29): 0.04642
Writing output files.
