****                   ADMIXTURE Version 1.3.0                  ****
****                    Copyright 2008-2015                     ****
****           David Alexander, Suyash Shringarpure,            ****
****                John  Novembre, Ken Lange                   ****
****                                                            ****
****                 Please cite our paper!                     ****
****   Information at www.genetics.ucla.edu/software/admixture  ****

Cross-validation will be performed.  Folds=10.
Parallel execution requested.  Will use 24 threads.
Random seed: 1884
Point estimation method: Block relaxation algorithm
Convergence acceleration algorithm: QuasiNewton, 3 secant conditions
Point estimation will terminate when objective function delta < 0.0001
Estimation of standard errors disabled; will compute point estimates only.
Size of G: 713x578311
Performing five EM steps to prime main algorithm
1 (EM) 	Elapsed: 286.71	Loglikelihood: -5.28344e+07	(delta): 5.31142e+08
2 (EM) 	Elapsed: 290.302	Loglikelihood: -4.56808e+07	(delta): 7.15363e+06
3 (EM) 	Elapsed: 290.501	Loglikelihood: -4.49324e+07	(delta): 748395
4 (EM) 	Elapsed: 288.227	Loglikelihood: -4.45051e+07	(delta): 427285
5 (EM) 	Elapsed: 284.34	Loglikelihood: -4.41317e+07	(delta): 373414
Initial loglikelihood: -4.41317e+07
Starting main algorithm
1 (QN/Block) 	Elapsed: 410.285	Loglikelihood: -2.50355e+07	(delta): 1.90962e+07
2 (QN/Block) 	Elapsed: 407.129	Loglikelihood: -1.7766e+07	(delta): 7.26951e+06
3 (QN/Block) 	Elapsed: 409.521	Loglikelihood: -1.55952e+07	(delta): 2.17076e+06
4 (QN/Block) 	Elapsed: 414.809	Loglikelihood: -1.4519e+07	(delta): 1.0762e+06
5 (QN/Block) 	Elapsed: 413.093	Loglikelihood: -1.37848e+07	(delta): 734252
6 (QN/Block) 	Elapsed: 410.558	Loglikelihood: -1.34322e+07	(delta): 352569
7 (QN/Block) 	Elapsed: 414.65	Loglikelihood: -1.32542e+07	(delta): 178030
8 (QN/Block) 	Elapsed: 414.509	Loglikelihood: -1.31852e+07	(delta): 68950.3
9 (QN/Block) 	Elapsed: 414.021	Loglikelihood: -1.31437e+07	(delta): 41583.7
10 (QN/Block) 	Elapsed: 412.256	Loglikelihood: -1.31187e+07	(delta): 24921.4
11 (QN/Block) 	Elapsed: 415.515	Loglikelihood: -1.30951e+07	(delta): 23649.1
12 (QN/Block) 	Elapsed: 416.397	Loglikelihood: -1.30833e+07	(delta): 11822.4
13 (QN/Block) 	Elapsed: 412.408	Loglikelihood: -1.30778e+07	(delta): 5469.52
14 (QN/Block) 	Elapsed: 412.782	Loglikelihood: -1.30722e+07	(delta): 5603.17
15 (QN/Block) 	Elapsed: 413.894	Loglikelihood: -1.30695e+07	(delta): 2722.3
16 (QN/Block) 	Elapsed: 413.006	Loglikelihood: -1.30635e+07	(delta): 5936.81
17 (QN/Block) 	Elapsed: 414.505	Loglikelihood: -1.3061e+07	(delta): 2553.41
18 (QN/Block) 	Elapsed: 416.589	Loglikelihood: -1.30595e+07	(delta): 1436.41
19 (QN/Block) 	Elapsed: 411.852	Loglikelihood: -1.30588e+07	(delta): 723.65
20 (QN/Block) 	Elapsed: 412.581	Loglikelihood: -1.30587e+07	(delta): 118.079
21 (QN/Block) 	Elapsed: 413.215	Loglikelihood: -1.30582e+07	(delta): 527.213
22 (QN/Block) 	Elapsed: 412.516	Loglikelihood: -1.30581e+07	(delta): 41.4737
23 (QN/Block) 	Elapsed: 410.105	Loglikelihood: -1.30581e+07	(delta): 4.97422
24 (QN/Block) 	Elapsed: 410.439	Loglikelihood: -1.30581e+07	(delta): 1.4723
25 (QN/Block) 	Elapsed: 409.179	Loglikelihood: -1.30581e+07	(delta): 0.471031
26 (QN/Block) 	Elapsed: 413.318	Loglikelihood: -1.30581e+07	(delta): 0.523271
27 (QN/Block) 	Elapsed: 416.282	Loglikelihood: -1.30581e+07	(delta): 0.0188027
28 (QN/Block) 	Elapsed: 412.375	Loglikelihood: -1.30581e+07	(delta): 0.0129076
29 (QN/Block) 	Elapsed: 416.002	Loglikelihood: -1.30581e+07	(delta): 0.00380534
30 (QN/Block) 	Elapsed: 412.575	Loglikelihood: -1.30581e+07	(delta): 0.000205591
31 (QN/Block) 	Elapsed: 409.484	Loglikelihood: -1.30581e+07	(delta): 9.70438e-06
Summary: 
Converged in 31 iterations (14256.8 sec)
Loglikelihood: -13058120.825479
Fst divergences between estimated populations: 
	Pop0	Pop1	Pop2	Pop3	Pop4	Pop5	Pop6	Pop7	Pop8	Pop9	Pop10	Pop11	Pop12	Pop13	Pop14	Pop15	Pop16	Pop17	Pop18	Pop19	Pop20	
Pop0	
Pop1	0.448	
Pop2	0.646	0.648	
Pop3	0.314	0.498	0.667	
Pop4	0.729	0.724	0.706	0.768	
Pop5	0.591	0.599	0.618	0.613	0.674	
Pop6	0.553	0.581	0.645	0.577	0.734	0.587	
Pop7	0.786	0.778	0.749	0.810	0.813	0.742	0.788	
Pop8	0.256	0.448	0.635	0.202	0.715	0.579	0.528	0.778	
Pop9	0.763	0.757	0.729	0.782	0.787	0.724	0.764	0.664	0.756	
Pop10	0.841	0.829	0.791	0.870	0.867	0.787	0.843	0.739	0.833	0.629	
Pop11	0.352	0.484	0.680	0.482	0.777	0.631	0.625	0.813	0.422	0.785	0.869	
Pop12	0.821	0.811	0.776	0.848	0.847	0.771	0.823	0.718	0.813	0.611	0.605	0.848	
Pop13	0.533	0.405	0.688	0.584	0.784	0.646	0.652	0.814	0.508	0.787	0.868	0.573	0.848	
Pop14	0.300	0.489	0.663	0.139	0.762	0.608	0.566	0.807	0.213	0.779	0.866	0.461	0.844	0.574	
Pop15	0.550	0.578	0.644	0.573	0.735	0.585	0.218	0.788	0.524	0.765	0.845	0.623	0.824	0.651	0.562	
Pop16	0.463	0.504	0.700	0.588	0.804	0.658	0.671	0.827	0.508	0.797	0.883	0.421	0.862	0.608	0.571	0.671	
Pop17	0.324	0.438	0.614	0.303	0.681	0.554	0.497	0.757	0.268	0.739	0.809	0.432	0.790	0.504	0.296	0.493	0.499	
Pop18	0.546	0.575	0.642	0.568	0.732	0.583	0.219	0.787	0.519	0.763	0.843	0.619	0.823	0.648	0.557	0.174	0.667	0.489	
Pop19	0.361	0.386	0.438	0.363	0.446	0.383	0.353	0.577	0.351	0.577	0.612	0.392	0.600	0.414	0.358	0.349	0.417	0.343	0.348	
Pop20	0.228	0.458	0.643	0.201	0.727	0.586	0.538	0.785	0.211	0.762	0.842	0.417	0.821	0.531	0.165	0.534	0.516	0.288	0.529	0.352	
Pop21	0.469	0.397	0.641	0.513	0.709	0.594	0.577	0.765	0.465	0.747	0.814	0.498	0.796	0.487	0.503	0.575	0.534	0.445	0.573	0.395	0.472	
CV error (K=22): 0.04935
Writing output files.
