****                   ADMIXTURE Version 1.3.0                  ****
****                    Copyright 2008-2015                     ****
****           David Alexander, Suyash Shringarpure,            ****
****                John  Novembre, Ken Lange                   ****
****                                                            ****
****                 Please cite our paper!                     ****
****   Information at www.genetics.ucla.edu/software/admixture  ****

Cross-validation will be performed.  Folds=10.
Parallel execution requested.  Will use 24 threads.
Random seed: 1230
Point estimation method: Block relaxation algorithm
Convergence acceleration algorithm: QuasiNewton, 3 secant conditions
Point estimation will terminate when objective function delta < 0.0001
Estimation of standard errors disabled; will compute point estimates only.
Size of G: 713x578311
Performing five EM steps to prime main algorithm
1 (EM) 	Elapsed: 125.477	Loglikelihood: -5.27913e+07	(delta): 5.41558e+08
2 (EM) 	Elapsed: 127.575	Loglikelihood: -4.59439e+07	(delta): 6.84735e+06
3 (EM) 	Elapsed: 128.929	Loglikelihood: -4.52305e+07	(delta): 713428
4 (EM) 	Elapsed: 139.636	Loglikelihood: -4.48408e+07	(delta): 389668
5 (EM) 	Elapsed: 138.68	Loglikelihood: -4.45211e+07	(delta): 319719
Initial loglikelihood: -4.45211e+07
Starting main algorithm
1 (QN/Block) 	Elapsed: 247.78	Loglikelihood: -2.84183e+07	(delta): 1.61028e+07
2 (QN/Block) 	Elapsed: 239.345	Loglikelihood: -2.09106e+07	(delta): 7.50768e+06
3 (QN/Block) 	Elapsed: 234.135	Loglikelihood: -1.88388e+07	(delta): 2.0718e+06
4 (QN/Block) 	Elapsed: 234.52	Loglikelihood: -1.72653e+07	(delta): 1.57344e+06
5 (QN/Block) 	Elapsed: 234.581	Loglikelihood: -1.64484e+07	(delta): 816969
6 (QN/Block) 	Elapsed: 235.248	Loglikelihood: -1.61301e+07	(delta): 318228
7 (QN/Block) 	Elapsed: 231.022	Loglikelihood: -1.59673e+07	(delta): 162791
8 (QN/Block) 	Elapsed: 234.073	Loglikelihood: -1.58937e+07	(delta): 73680.9
9 (QN/Block) 	Elapsed: 232.832	Loglikelihood: -1.58557e+07	(delta): 37936.6
10 (QN/Block) 	Elapsed: 236.35	Loglikelihood: -1.58368e+07	(delta): 18909.7
11 (QN/Block) 	Elapsed: 235.399	Loglikelihood: -1.58255e+07	(delta): 11328.5
12 (QN/Block) 	Elapsed: 235.682	Loglikelihood: -1.58227e+07	(delta): 2833.31
13 (QN/Block) 	Elapsed: 236.989	Loglikelihood: -1.58223e+07	(delta): 364.61
14 (QN/Block) 	Elapsed: 247.636	Loglikelihood: -1.58222e+07	(delta): 108.945
15 (QN/Block) 	Elapsed: 255.832	Loglikelihood: -1.58222e+07	(delta): 18.3495
16 (QN/Block) 	Elapsed: 257.83	Loglikelihood: -1.58222e+07	(delta): 0.946181
17 (QN/Block) 	Elapsed: 258.944	Loglikelihood: -1.58222e+07	(delta): 0.0270863
18 (QN/Block) 	Elapsed: 256.582	Loglikelihood: -1.58222e+07	(delta): 0.00335436
19 (QN/Block) 	Elapsed: 257.399	Loglikelihood: -1.58222e+07	(delta): 0.00145985
20 (QN/Block) 	Elapsed: 260.217	Loglikelihood: -1.58222e+07	(delta): 9.99607e-05
Summary: 
Converged in 20 iterations (5532.62 sec)
Loglikelihood: -15822160.937799
Fst divergences between estimated populations: 
	Pop0	Pop1	Pop2	Pop3	Pop4	Pop5	Pop6	Pop7	Pop8	Pop9	Pop10	
Pop0	
Pop1	0.742	
Pop2	0.783	0.582	
Pop3	0.724	0.775	0.824	
Pop4	0.716	0.508	0.424	0.752	
Pop5	0.740	0.549	0.498	0.776	0.316	
Pop6	0.779	0.571	0.167	0.820	0.408	0.483	
Pop7	0.790	0.586	0.520	0.832	0.210	0.359	0.499	
Pop8	0.813	0.674	0.726	0.852	0.618	0.663	0.717	0.732	
Pop9	0.542	0.638	0.657	0.434	0.608	0.630	0.652	0.659	0.686	
Pop10	0.782	0.594	0.556	0.822	0.319	0.319	0.539	0.347	0.726	0.659	
Pop11	0.578	0.383	0.352	0.605	0.322	0.355	0.341	0.351	0.447	0.501	0.375	
CV error (K=12): 0.05302
Writing output files.
