****                   ADMIXTURE Version 1.3.0                  ****
****                    Copyright 2008-2015                     ****
****           David Alexander, Suyash Shringarpure,            ****
****                John  Novembre, Ken Lange                   ****
****                                                            ****
****                 Please cite our paper!                     ****
****   Information at www.genetics.ucla.edu/software/admixture  ****

Cross-validation will be performed.  Folds=10.
Parallel execution requested.  Will use 24 threads.
Random seed: 1230
Point estimation method: Block relaxation algorithm
Convergence acceleration algorithm: QuasiNewton, 3 secant conditions
Point estimation will terminate when objective function delta < 0.0001
Estimation of standard errors disabled; will compute point estimates only.
Size of G: 713x578311
Performing five EM steps to prime main algorithm
1 (EM) 	Elapsed: 92.676	Loglikelihood: -5.26413e+07	(delta): 5.46415e+08
2 (EM) 	Elapsed: 103.63	Loglikelihood: -4.5963e+07	(delta): 6.67826e+06
3 (EM) 	Elapsed: 94.911	Loglikelihood: -4.52502e+07	(delta): 712795
4 (EM) 	Elapsed: 104.444	Loglikelihood: -4.48566e+07	(delta): 393561
5 (EM) 	Elapsed: 95.784	Loglikelihood: -4.45394e+07	(delta): 317281
Initial loglikelihood: -4.45394e+07
Starting main algorithm
1 (QN/Block) 	Elapsed: 206.83	Loglikelihood: -2.87191e+07	(delta): 1.58202e+07
2 (QN/Block) 	Elapsed: 207.116	Loglikelihood: -2.17298e+07	(delta): 6.98931e+06
3 (QN/Block) 	Elapsed: 209.608	Loglikelihood: -1.9997e+07	(delta): 1.73276e+06
4 (QN/Block) 	Elapsed: 211.075	Loglikelihood: -1.86476e+07	(delta): 1.34944e+06
5 (QN/Block) 	Elapsed: 209.758	Loglikelihood: -1.77939e+07	(delta): 853733
6 (QN/Block) 	Elapsed: 207.96	Loglikelihood: -1.73827e+07	(delta): 411152
7 (QN/Block) 	Elapsed: 206.123	Loglikelihood: -1.72474e+07	(delta): 135315
8 (QN/Block) 	Elapsed: 207.848	Loglikelihood: -1.71974e+07	(delta): 50035.4
9 (QN/Block) 	Elapsed: 208.297	Loglikelihood: -1.71775e+07	(delta): 19837.7
10 (QN/Block) 	Elapsed: 207.348	Loglikelihood: -1.71612e+07	(delta): 16318.5
11 (QN/Block) 	Elapsed: 207.603	Loglikelihood: -1.71579e+07	(delta): 3297.05
12 (QN/Block) 	Elapsed: 208.707	Loglikelihood: -1.71569e+07	(delta): 1003.78
13 (QN/Block) 	Elapsed: 209.267	Loglikelihood: -1.7156e+07	(delta): 898.913
14 (QN/Block) 	Elapsed: 209.062	Loglikelihood: -1.71557e+07	(delta): 313.626
15 (QN/Block) 	Elapsed: 208.211	Loglikelihood: -1.71547e+07	(delta): 974.947
16 (QN/Block) 	Elapsed: 210.116	Loglikelihood: -1.71544e+07	(delta): 347.477
17 (QN/Block) 	Elapsed: 209.514	Loglikelihood: -1.71542e+07	(delta): 208.157
18 (QN/Block) 	Elapsed: 208.92	Loglikelihood: -1.71533e+07	(delta): 857.511
19 (QN/Block) 	Elapsed: 209.939	Loglikelihood: -1.71494e+07	(delta): 3897.05
20 (QN/Block) 	Elapsed: 208.994	Loglikelihood: -1.71481e+07	(delta): 1303.65
21 (QN/Block) 	Elapsed: 207.807	Loglikelihood: -1.71477e+07	(delta): 442.117
22 (QN/Block) 	Elapsed: 208.953	Loglikelihood: -1.71475e+07	(delta): 126.868
23 (QN/Block) 	Elapsed: 208.928	Loglikelihood: -1.71474e+07	(delta): 145.707
24 (QN/Block) 	Elapsed: 209.749	Loglikelihood: -1.71473e+07	(delta): 58.4331
25 (QN/Block) 	Elapsed: 210.066	Loglikelihood: -1.71465e+07	(delta): 793.553
26 (QN/Block) 	Elapsed: 207.06	Loglikelihood: -1.71453e+07	(delta): 1243.56
27 (QN/Block) 	Elapsed: 210.45	Loglikelihood: -1.71449e+07	(delta): 410.288
28 (QN/Block) 	Elapsed: 208.374	Loglikelihood: -1.7144e+07	(delta): 920.58
29 (QN/Block) 	Elapsed: 211.053	Loglikelihood: -1.71351e+07	(delta): 8882.18
30 (QN/Block) 	Elapsed: 209.439	Loglikelihood: -1.71341e+07	(delta): 952.893
31 (QN/Block) 	Elapsed: 207.327	Loglikelihood: -1.71332e+07	(delta): 959.222
32 (QN/Block) 	Elapsed: 208.63	Loglikelihood: -1.71323e+07	(delta): 854.322
33 (QN/Block) 	Elapsed: 208.778	Loglikelihood: -1.71313e+07	(delta): 1025.38
34 (QN/Block) 	Elapsed: 208.542	Loglikelihood: -1.71311e+07	(delta): 220.857
35 (QN/Block) 	Elapsed: 208.659	Loglikelihood: -1.71311e+07	(delta): 16.6852
36 (QN/Block) 	Elapsed: 210.615	Loglikelihood: -1.71311e+07	(delta): 3.72564
37 (QN/Block) 	Elapsed: 209.05	Loglikelihood: -1.71311e+07	(delta): 0.114967
38 (QN/Block) 	Elapsed: 209.148	Loglikelihood: -1.71311e+07	(delta): 0.0225485
39 (QN/Block) 	Elapsed: 209.963	Loglikelihood: -1.71311e+07	(delta): 0.0435966
40 (QN/Block) 	Elapsed: 208.249	Loglikelihood: -1.71311e+07	(delta): 0.000521276
41 (QN/Block) 	Elapsed: 208.755	Loglikelihood: -1.71311e+07	(delta): 1.49123e-05
Summary: 
Converged in 41 iterations (9064.88 sec)
Loglikelihood: -17131050.429438
Fst divergences between estimated populations: 
	Pop0	Pop1	Pop2	Pop3	Pop4	Pop5	Pop6	Pop7	Pop8	
Pop0	
Pop1	0.695	
Pop2	0.447	0.718	
Pop3	0.453	0.707	0.274	
Pop4	0.524	0.790	0.312	0.277	
Pop5	0.513	0.799	0.205	0.307	0.350	
Pop6	0.608	0.570	0.617	0.612	0.673	0.674	
Pop7	0.507	0.788	0.412	0.436	0.551	0.517	0.669	
Pop8	0.502	0.788	0.402	0.427	0.542	0.505	0.668	0.161	
Pop9	0.591	0.809	0.598	0.593	0.710	0.716	0.692	0.704	0.703	
CV error (K=10): 0.05567
Writing output files.
