****                   ADMIXTURE Version 1.3.0                  ****
****                    Copyright 2008-2015                     ****
****           David Alexander, Suyash Shringarpure,            ****
****                John  Novembre, Ken Lange                   ****
****                                                            ****
****                 Please cite our paper!                     ****
****   Information at www.genetics.ucla.edu/software/admixture  ****

Cross-validation will be performed.  Folds=10.
Parallel execution requested.  Will use 24 threads.
Random seed: 1853
Point estimation method: Block relaxation algorithm
Convergence acceleration algorithm: QuasiNewton, 3 secant conditions
Point estimation will terminate when objective function delta < 0.0001
Estimation of standard errors disabled; will compute point estimates only.
Size of G: 713x578311
Performing five EM steps to prime main algorithm
1 (EM) 	Elapsed: 28.123	Loglikelihood: -5.19422e+07	(delta): 5.73657e+08
2 (EM) 	Elapsed: 26.985	Loglikelihood: -4.62057e+07	(delta): 5.73656e+06
3 (EM) 	Elapsed: 27.473	Loglikelihood: -4.55854e+07	(delta): 620297
4 (EM) 	Elapsed: 27.229	Loglikelihood: -4.52471e+07	(delta): 338311
5 (EM) 	Elapsed: 28.5	Loglikelihood: -4.49873e+07	(delta): 259760
Initial loglikelihood: -4.49873e+07
Starting main algorithm
1 (QN/Block) 	Elapsed: 104.949	Loglikelihood: -3.18319e+07	(delta): 1.31554e+07
2 (QN/Block) 	Elapsed: 104.735	Loglikelihood: -2.5364e+07	(delta): 6.46786e+06
3 (QN/Block) 	Elapsed: 104.205	Loglikelihood: -2.41244e+07	(delta): 1.23964e+06
4 (QN/Block) 	Elapsed: 103.855	Loglikelihood: -2.3162e+07	(delta): 962399
5 (QN/Block) 	Elapsed: 104.137	Loglikelihood: -2.25618e+07	(delta): 600167
6 (QN/Block) 	Elapsed: 105.548	Loglikelihood: -2.23512e+07	(delta): 210623
7 (QN/Block) 	Elapsed: 105.985	Loglikelihood: -2.23247e+07	(delta): 26502.7
8 (QN/Block) 	Elapsed: 105.397	Loglikelihood: -2.2319e+07	(delta): 5682.06
9 (QN/Block) 	Elapsed: 107.851	Loglikelihood: -2.23167e+07	(delta): 2336.37
10 (QN/Block) 	Elapsed: 103.261	Loglikelihood: -2.23156e+07	(delta): 1069.4
11 (QN/Block) 	Elapsed: 104.451	Loglikelihood: -2.23154e+07	(delta): 170.502
12 (QN/Block) 	Elapsed: 106.145	Loglikelihood: -2.23154e+07	(delta): 28.3773
13 (QN/Block) 	Elapsed: 103.69	Loglikelihood: -2.23154e+07	(delta): 1.95001
14 (QN/Block) 	Elapsed: 105.375	Loglikelihood: -2.23154e+07	(delta): 0.0484012
15 (QN/Block) 	Elapsed: 106.334	Loglikelihood: -2.23154e+07	(delta): 0.0244365
16 (QN/Block) 	Elapsed: 106.141	Loglikelihood: -2.23154e+07	(delta): 0.00565391
17 (QN/Block) 	Elapsed: 105.267	Loglikelihood: -2.23154e+07	(delta): 0.000166368
18 (QN/Block) 	Elapsed: 102.848	Loglikelihood: -2.23154e+07	(delta): 4.44427e-05
Summary: 
Converged in 18 iterations (2034.09 sec)
Loglikelihood: -22315394.756345
Fst divergences between estimated populations: 
	Pop0	Pop1	Pop2	Pop3	
Pop0	
Pop1	0.344	
Pop2	0.454	0.335	
Pop3	0.266	0.337	0.445	
Pop4	0.630	0.492	0.635	0.645	
CV error (K=5): 0.06648
Writing output files.
