****                   ADMIXTURE Version 1.3.0                  ****
****                    Copyright 2008-2015                     ****
****           David Alexander, Suyash Shringarpure,            ****
****                John  Novembre, Ken Lange                   ****
****                                                            ****
****                 Please cite our paper!                     ****
****   Information at www.genetics.ucla.edu/software/admixture  ****

Cross-validation will be performed.  Folds=10.
Parallel execution requested.  Will use 24 threads.
Random seed: 1830
Point estimation method: Block relaxation algorithm
Convergence acceleration algorithm: QuasiNewton, 3 secant conditions
Point estimation will terminate when objective function delta < 0.0001
Estimation of standard errors disabled; will compute point estimates only.
Size of G: 713x578311
Performing five EM steps to prime main algorithm
1 (EM) 	Elapsed: 129.369	Loglikelihood: -5.28612e+07	(delta): 5.38509e+08
2 (EM) 	Elapsed: 129.641	Loglikelihood: -4.59721e+07	(delta): 6.8891e+06
3 (EM) 	Elapsed: 129.493	Loglikelihood: -4.52843e+07	(delta): 687850
4 (EM) 	Elapsed: 128.787	Loglikelihood: -4.49189e+07	(delta): 365392
5 (EM) 	Elapsed: 129.543	Loglikelihood: -4.4624e+07	(delta): 294850
Initial loglikelihood: -4.4624e+07
Starting main algorithm
1 (QN/Block) 	Elapsed: 275.27	Loglikelihood: -2.74295e+07	(delta): 1.71945e+07
2 (QN/Block) 	Elapsed: 275.204	Loglikelihood: -1.94018e+07	(delta): 8.02775e+06
3 (QN/Block) 	Elapsed: 271.773	Loglikelihood: -1.7651e+07	(delta): 1.75081e+06
4 (QN/Block) 	Elapsed: 266.374	Loglikelihood: -1.63847e+07	(delta): 1.26629e+06
5 (QN/Block) 	Elapsed: 267.465	Loglikelihood: -1.55498e+07	(delta): 834850
6 (QN/Block) 	Elapsed: 266.66	Loglikelihood: -1.51844e+07	(delta): 365398
7 (QN/Block) 	Elapsed: 267.15	Loglikelihood: -1.49976e+07	(delta): 186856
8 (QN/Block) 	Elapsed: 268.284	Loglikelihood: -1.47405e+07	(delta): 257038
9 (QN/Block) 	Elapsed: 268.616	Loglikelihood: -1.46691e+07	(delta): 71475.1
10 (QN/Block) 	Elapsed: 267.455	Loglikelihood: -1.46376e+07	(delta): 31463.2
11 (QN/Block) 	Elapsed: 266.865	Loglikelihood: -1.46263e+07	(delta): 11331.2
12 (QN/Block) 	Elapsed: 267.583	Loglikelihood: -1.46215e+07	(delta): 4750.4
13 (QN/Block) 	Elapsed: 267.257	Loglikelihood: -1.46195e+07	(delta): 2024.87
14 (QN/Block) 	Elapsed: 270.683	Loglikelihood: -1.46189e+07	(delta): 542.516
15 (QN/Block) 	Elapsed: 272.094	Loglikelihood: -1.46186e+07	(delta): 333.163
16 (QN/Block) 	Elapsed: 270.104	Loglikelihood: -1.46184e+07	(delta): 222.436
17 (QN/Block) 	Elapsed: 271.527	Loglikelihood: -1.4618e+07	(delta): 338.245
18 (QN/Block) 	Elapsed: 273.201	Loglikelihood: -1.46179e+07	(delta): 171.178
19 (QN/Block) 	Elapsed: 271.492	Loglikelihood: -1.46178e+07	(delta): 33.0601
20 (QN/Block) 	Elapsed: 273.695	Loglikelihood: -1.46178e+07	(delta): 0.606859
21 (QN/Block) 	Elapsed: 271.52	Loglikelihood: -1.46178e+07	(delta): 0.372477
22 (QN/Block) 	Elapsed: 271.945	Loglikelihood: -1.46178e+07	(delta): 0.0118168
23 (QN/Block) 	Elapsed: 273.662	Loglikelihood: -1.46178e+07	(delta): 0.00196062
24 (QN/Block) 	Elapsed: 272.595	Loglikelihood: -1.46178e+07	(delta): 0.000723563
25 (QN/Block) 	Elapsed: 271.238	Loglikelihood: -1.46178e+07	(delta): 0.000125811
26 (QN/Block) 	Elapsed: 269.732	Loglikelihood: -1.46178e+07	(delta): 1.44709e-05
Summary: 
Converged in 26 iterations (7691.47 sec)
Loglikelihood: -14617843.868967
Fst divergences between estimated populations: 
	Pop0	Pop1	Pop2	Pop3	Pop4	Pop5	Pop6	Pop7	Pop8	Pop9	Pop10	Pop11	Pop12	
Pop0	
Pop1	0.491	
Pop2	0.341	0.573	
Pop3	0.708	0.741	0.757	
Pop4	0.451	0.450	0.492	0.624	
Pop5	0.361	0.359	0.389	0.547	0.322	
Pop6	0.380	0.529	0.416	0.760	0.473	0.364	
Pop7	0.550	0.575	0.611	0.710	0.472	0.388	0.601	
Pop8	0.492	0.160	0.574	0.741	0.452	0.361	0.531	0.576	
Pop9	0.750	0.790	0.805	0.646	0.655	0.577	0.811	0.750	0.789	
Pop10	0.342	0.450	0.373	0.707	0.436	0.341	0.244	0.536	0.452	0.752	
Pop11	0.359	0.529	0.311	0.745	0.473	0.368	0.282	0.589	0.530	0.794	0.287	
Pop12	0.365	0.509	0.384	0.745	0.465	0.358	0.126	0.584	0.511	0.795	0.239	0.229	
Pop13	0.665	0.721	0.749	0.774	0.553	0.430	0.753	0.674	0.720	0.821	0.658	0.726	0.726	
CV error (K=14): 0.05096
Writing output files.
