****                   ADMIXTURE Version 1.3.0                  ****
****                    Copyright 2008-2015                     ****
****           David Alexander, Suyash Shringarpure,            ****
****                John  Novembre, Ken Lange                   ****
****                                                            ****
****                 Please cite our paper!                     ****
****   Information at www.genetics.ucla.edu/software/admixture  ****

Cross-validation will be performed.  Folds=10.
Parallel execution requested.  Will use 24 threads.
Random seed: 1807
Point estimation method: Block relaxation algorithm
Convergence acceleration algorithm: QuasiNewton, 3 secant conditions
Point estimation will terminate when objective function delta < 0.0001
Estimation of standard errors disabled; will compute point estimates only.
Size of G: 713x578311
Performing five EM steps to prime main algorithm
1 (EM) 	Elapsed: 113.263	Loglikelihood: -5.27466e+07	(delta): 5.41831e+08
2 (EM) 	Elapsed: 120.028	Loglikelihood: -4.59326e+07	(delta): 6.814e+06
3 (EM) 	Elapsed: 117.036	Loglikelihood: -4.5197e+07	(delta): 735536
4 (EM) 	Elapsed: 126.031	Loglikelihood: -4.47837e+07	(delta): 413375
5 (EM) 	Elapsed: 119.478	Loglikelihood: -4.44412e+07	(delta): 342494
Initial loglikelihood: -4.44412e+07
Starting main algorithm
1 (QN/Block) 	Elapsed: 236.803	Loglikelihood: -2.78694e+07	(delta): 1.65717e+07
2 (QN/Block) 	Elapsed: 235.535	Loglikelihood: -2.061e+07	(delta): 7.25946e+06
3 (QN/Block) 	Elapsed: 237.451	Loglikelihood: -1.86643e+07	(delta): 1.94567e+06
4 (QN/Block) 	Elapsed: 237.604	Loglikelihood: -1.71898e+07	(delta): 1.47449e+06
5 (QN/Block) 	Elapsed: 237.096	Loglikelihood: -1.64398e+07	(delta): 750043
6 (QN/Block) 	Elapsed: 237.294	Loglikelihood: -1.61192e+07	(delta): 320628
7 (QN/Block) 	Elapsed: 239.033	Loglikelihood: -1.59881e+07	(delta): 131079
8 (QN/Block) 	Elapsed: 235.376	Loglikelihood: -1.58351e+07	(delta): 153001
9 (QN/Block) 	Elapsed: 239.362	Loglikelihood: -1.57493e+07	(delta): 85760.9
10 (QN/Block) 	Elapsed: 239.02	Loglikelihood: -1.57233e+07	(delta): 25995.1
11 (QN/Block) 	Elapsed: 237.604	Loglikelihood: -1.57116e+07	(delta): 11673
12 (QN/Block) 	Elapsed: 238.369	Loglikelihood: -1.56335e+07	(delta): 78168.8
13 (QN/Block) 	Elapsed: 238.897	Loglikelihood: -1.56127e+07	(delta): 20784.2
14 (QN/Block) 	Elapsed: 236.157	Loglikelihood: -1.56029e+07	(delta): 9821.73
15 (QN/Block) 	Elapsed: 238.113	Loglikelihood: -1.55966e+07	(delta): 6320.77
16 (QN/Block) 	Elapsed: 238.426	Loglikelihood: -1.55942e+07	(delta): 2313.79
17 (QN/Block) 	Elapsed: 237.743	Loglikelihood: -1.55938e+07	(delta): 416.895
18 (QN/Block) 	Elapsed: 237.471	Loglikelihood: -1.55937e+07	(delta): 121.414
19 (QN/Block) 	Elapsed: 237.329	Loglikelihood: -1.55937e+07	(delta): 40.2934
20 (QN/Block) 	Elapsed: 238.232	Loglikelihood: -1.55936e+07	(delta): 12.6402
21 (QN/Block) 	Elapsed: 239.564	Loglikelihood: -1.55936e+07	(delta): 0.304409
22 (QN/Block) 	Elapsed: 237.964	Loglikelihood: -1.55936e+07	(delta): 0.0177266
23 (QN/Block) 	Elapsed: 238.46	Loglikelihood: -1.55936e+07	(delta): 0.00446141
24 (QN/Block) 	Elapsed: 235.514	Loglikelihood: -1.55936e+07	(delta): 0.000539456
25 (QN/Block) 	Elapsed: 235.322	Loglikelihood: -1.55936e+07	(delta): 0.000264701
26 (QN/Block) 	Elapsed: 238.641	Loglikelihood: -1.55936e+07	(delta): 2.51401e-05
Summary: 
Converged in 26 iterations (6785.3 sec)
Loglikelihood: -15593647.465899
Fst divergences between estimated populations: 
	Pop0	Pop1	Pop2	Pop3	Pop4	Pop5	Pop6	Pop7	Pop8	Pop9	Pop10	
Pop0	
Pop1	0.283	
Pop2	0.314	0.376	
Pop3	0.782	0.746	0.796	
Pop4	0.770	0.735	0.784	0.667	
Pop5	0.358	0.345	0.339	0.742	0.732	
Pop6	0.500	0.435	0.549	0.772	0.760	0.473	
Pop7	0.220	0.247	0.382	0.787	0.774	0.365	0.486	
Pop8	0.721	0.662	0.748	0.814	0.801	0.665	0.704	0.727	
Pop9	0.273	0.250	0.413	0.802	0.789	0.379	0.502	0.127	0.752	
Pop10	0.513	0.476	0.536	0.689	0.682	0.490	0.491	0.510	0.600	0.521	
Pop11	0.327	0.306	0.350	0.541	0.537	0.326	0.311	0.319	0.402	0.323	0.321	
CV error (K=12): 0.05270
Writing output files.
