****                   ADMIXTURE Version 1.3.0                  ****
****                    Copyright 2008-2015                     ****
****           David Alexander, Suyash Shringarpure,            ****
****                John  Novembre, Ken Lange                   ****
****                                                            ****
****                 Please cite our paper!                     ****
****   Information at www.genetics.ucla.edu/software/admixture  ****

Cross-validation will be performed.  Folds=10.
Parallel execution requested.  Will use 24 threads.
Random seed: 1322
Point estimation method: Block relaxation algorithm
Convergence acceleration algorithm: QuasiNewton, 3 secant conditions
Point estimation will terminate when objective function delta < 0.0001
Estimation of standard errors disabled; will compute point estimates only.
Size of G: 713x578311
Performing five EM steps to prime main algorithm
1 (EM) 	Elapsed: 47.754	Loglikelihood: -5.18884e+07	(delta): 5.73509e+08
2 (EM) 	Elapsed: 54.246	Loglikelihood: -4.61831e+07	(delta): 5.70527e+06
3 (EM) 	Elapsed: 46.162	Loglikelihood: -4.55494e+07	(delta): 633647
4 (EM) 	Elapsed: 57.698	Loglikelihood: -4.52091e+07	(delta): 340320
5 (EM) 	Elapsed: 48.199	Loglikelihood: -4.4956e+07	(delta): 253092
Initial loglikelihood: -4.4956e+07
Starting main algorithm
1 (QN/Block) 	Elapsed: 119.927	Loglikelihood: -3.29807e+07	(delta): 1.19754e+07
2 (QN/Block) 	Elapsed: 116.734	Loglikelihood: -2.70191e+07	(delta): 5.96157e+06
3 (QN/Block) 	Elapsed: 123.11	Loglikelihood: -2.55664e+07	(delta): 1.45273e+06
4 (QN/Block) 	Elapsed: 123.35	Loglikelihood: -2.40478e+07	(delta): 1.51859e+06
5 (QN/Block) 	Elapsed: 122.493	Loglikelihood: -2.35311e+07	(delta): 516623
6 (QN/Block) 	Elapsed: 126.04	Loglikelihood: -2.33977e+07	(delta): 133404
7 (QN/Block) 	Elapsed: 126.474	Loglikelihood: -2.32784e+07	(delta): 119304
8 (QN/Block) 	Elapsed: 126.124	Loglikelihood: -2.32479e+07	(delta): 30500.8
9 (QN/Block) 	Elapsed: 127.719	Loglikelihood: -2.32365e+07	(delta): 11391.2
10 (QN/Block) 	Elapsed: 125.25	Loglikelihood: -2.32202e+07	(delta): 16389.8
11 (QN/Block) 	Elapsed: 126.434	Loglikelihood: -2.32129e+07	(delta): 7254.83
12 (QN/Block) 	Elapsed: 126.114	Loglikelihood: -2.32045e+07	(delta): 8367.17
13 (QN/Block) 	Elapsed: 126.197	Loglikelihood: -2.29429e+07	(delta): 261632
14 (QN/Block) 	Elapsed: 126.668	Loglikelihood: -2.2408e+07	(delta): 534951
15 (QN/Block) 	Elapsed: 126.217	Loglikelihood: -2.23498e+07	(delta): 58161.5
16 (QN/Block) 	Elapsed: 124.606	Loglikelihood: -2.23187e+07	(delta): 31121.2
17 (QN/Block) 	Elapsed: 124.362	Loglikelihood: -2.22968e+07	(delta): 21909.4
18 (QN/Block) 	Elapsed: 123.811	Loglikelihood: -2.22872e+07	(delta): 9590.29
19 (QN/Block) 	Elapsed: 125.171	Loglikelihood: -2.22864e+07	(delta): 786.83
20 (QN/Block) 	Elapsed: 124.33	Loglikelihood: -2.22864e+07	(delta): 8.7706
21 (QN/Block) 	Elapsed: 124.533	Loglikelihood: -2.22864e+07	(delta): 3.12228
22 (QN/Block) 	Elapsed: 123.899	Loglikelihood: -2.22864e+07	(delta): 0.225451
23 (QN/Block) 	Elapsed: 124.015	Loglikelihood: -2.22864e+07	(delta): 0.047075
24 (QN/Block) 	Elapsed: 124.831	Loglikelihood: -2.22864e+07	(delta): 0.00292816
25 (QN/Block) 	Elapsed: 124.181	Loglikelihood: -2.22864e+07	(delta): 0.000148065
26 (QN/Block) 	Elapsed: 121.898	Loglikelihood: -2.22864e+07	(delta): 4.09782e-06
Summary: 
Converged in 26 iterations (3495.91 sec)
Loglikelihood: -22286369.908242
Fst divergences between estimated populations: 
	Pop0	Pop1	Pop2	Pop3	
Pop0	
Pop1	0.645	
Pop2	0.459	0.641	
Pop3	0.267	0.630	0.466	
Pop4	0.327	0.486	0.330	0.335	
CV error (K=5): 0.06640
Writing output files.
