****                   ADMIXTURE Version 1.3.0                  ****
****                    Copyright 2008-2015                     ****
****           David Alexander, Suyash Shringarpure,            ****
****                John  Novembre, Ken Lange                   ****
****                                                            ****
****                 Please cite our paper!                     ****
****   Information at www.genetics.ucla.edu/software/admixture  ****

Cross-validation will be performed.  Folds=10.
Parallel execution requested.  Will use 24 threads.
Random seed: 1230
Point estimation method: Block relaxation algorithm
Convergence acceleration algorithm: QuasiNewton, 3 secant conditions
Point estimation will terminate when objective function delta < 0.0001
Estimation of standard errors disabled; will compute point estimates only.
Size of G: 713x578311
Performing five EM steps to prime main algorithm
1 (EM) 	Elapsed: 36.44	Loglikelihood: -5.14743e+07	(delta): 5.86592e+08
2 (EM) 	Elapsed: 43.67	Loglikelihood: -4.63035e+07	(delta): 5.17087e+06
3 (EM) 	Elapsed: 48.505	Loglikelihood: -4.57825e+07	(delta): 520985
4 (EM) 	Elapsed: 45.722	Loglikelihood: -4.55208e+07	(delta): 261725
5 (EM) 	Elapsed: 44.07	Loglikelihood: -4.53371e+07	(delta): 183671
Initial loglikelihood: -4.53371e+07
Starting main algorithm
1 (QN/Block) 	Elapsed: 113.406	Loglikelihood: -3.61336e+07	(delta): 9.20353e+06
2 (QN/Block) 	Elapsed: 115.51	Loglikelihood: -3.11365e+07	(delta): 4.99705e+06
3 (QN/Block) 	Elapsed: 116.668	Loglikelihood: -2.91646e+07	(delta): 1.97192e+06
4 (QN/Block) 	Elapsed: 116.249	Loglikelihood: -2.70631e+07	(delta): 2.10151e+06
5 (QN/Block) 	Elapsed: 118.676	Loglikelihood: -2.60422e+07	(delta): 1.02092e+06
6 (QN/Block) 	Elapsed: 118.484	Loglikelihood: -2.57143e+07	(delta): 327847
7 (QN/Block) 	Elapsed: 117.195	Loglikelihood: -2.55778e+07	(delta): 136519
8 (QN/Block) 	Elapsed: 114.722	Loglikelihood: -2.54804e+07	(delta): 97372.9
9 (QN/Block) 	Elapsed: 115.893	Loglikelihood: -2.48243e+07	(delta): 656148
10 (QN/Block) 	Elapsed: 120.564	Loglikelihood: -2.47352e+07	(delta): 89067.1
11 (QN/Block) 	Elapsed: 114.696	Loglikelihood: -2.46645e+07	(delta): 70677.9
12 (QN/Block) 	Elapsed: 116.014	Loglikelihood: -2.46147e+07	(delta): 49884.2
13 (QN/Block) 	Elapsed: 116.738	Loglikelihood: -2.4578e+07	(delta): 36682.2
14 (QN/Block) 	Elapsed: 117.672	Loglikelihood: -2.45603e+07	(delta): 17717.2
15 (QN/Block) 	Elapsed: 112.569	Loglikelihood: -2.45548e+07	(delta): 5446.9
16 (QN/Block) 	Elapsed: 113.935	Loglikelihood: -2.45517e+07	(delta): 3058.25
17 (QN/Block) 	Elapsed: 115.743	Loglikelihood: -2.45513e+07	(delta): 403.707
18 (QN/Block) 	Elapsed: 114.683	Loglikelihood: -2.45511e+07	(delta): 291.541
19 (QN/Block) 	Elapsed: 115.481	Loglikelihood: -2.45509e+07	(delta): 126.917
20 (QN/Block) 	Elapsed: 115.269	Loglikelihood: -2.45509e+07	(delta): 47.2931
21 (QN/Block) 	Elapsed: 113.067	Loglikelihood: -2.45509e+07	(delta): 22.7174
22 (QN/Block) 	Elapsed: 114.428	Loglikelihood: -2.45508e+07	(delta): 14.7357
23 (QN/Block) 	Elapsed: 114.763	Loglikelihood: -2.45508e+07	(delta): 0.612571
24 (QN/Block) 	Elapsed: 114.351	Loglikelihood: -2.45508e+07	(delta): 0.044483
25 (QN/Block) 	Elapsed: 112.69	Loglikelihood: -2.45508e+07	(delta): 0.00466035
26 (QN/Block) 	Elapsed: 115.053	Loglikelihood: -2.45508e+07	(delta): 9.6485e-07
Summary: 
Converged in 26 iterations (3229.68 sec)
Loglikelihood: -24550838.112382
Fst divergences between estimated populations: 
	Pop0	Pop1	Pop2	
Pop0	
Pop1	0.320	
Pop2	0.302	0.418	
Pop3	0.481	0.640	0.626	
CV error (K=4): 0.07130
Writing output files.
