****                   ADMIXTURE Version 1.3.0                  ****
****                    Copyright 2008-2015                     ****
****           David Alexander, Suyash Shringarpure,            ****
****                John  Novembre, Ken Lange                   ****
****                                                            ****
****                 Please cite our paper!                     ****
****   Information at www.genetics.ucla.edu/software/admixture  ****

Cross-validation will be performed.  Folds=10.
Parallel execution requested.  Will use 24 threads.
Random seed: 1468
Point estimation method: Block relaxation algorithm
Convergence acceleration algorithm: QuasiNewton, 3 secant conditions
Point estimation will terminate when objective function delta < 0.0001
Estimation of standard errors disabled; will compute point estimates only.
Size of G: 713x578311
Performing five EM steps to prime main algorithm
1 (EM) 	Elapsed: 108.555	Loglikelihood: -5.26871e+07	(delta): 5.4401e+08
2 (EM) 	Elapsed: 119.675	Loglikelihood: -4.59436e+07	(delta): 6.7435e+06
3 (EM) 	Elapsed: 109.63	Loglikelihood: -4.51946e+07	(delta): 748999
4 (EM) 	Elapsed: 119.398	Loglikelihood: -4.4752e+07	(delta): 442606
5 (EM) 	Elapsed: 120.051	Loglikelihood: -4.43738e+07	(delta): 378245
Initial loglikelihood: -4.43738e+07
Starting main algorithm
1 (QN/Block) 	Elapsed: 243.848	Loglikelihood: -2.80682e+07	(delta): 1.63055e+07
2 (QN/Block) 	Elapsed: 249.412	Loglikelihood: -2.10316e+07	(delta): 7.03662e+06
3 (QN/Block) 	Elapsed: 248.011	Loglikelihood: -1.9098e+07	(delta): 1.93366e+06
4 (QN/Block) 	Elapsed: 255.334	Loglikelihood: -1.77561e+07	(delta): 1.34182e+06
5 (QN/Block) 	Elapsed: 252.704	Loglikelihood: -1.71094e+07	(delta): 646742
6 (QN/Block) 	Elapsed: 242.694	Loglikelihood: -1.68847e+07	(delta): 224674
7 (QN/Block) 	Elapsed: 242.031	Loglikelihood: -1.68195e+07	(delta): 65256.8
8 (QN/Block) 	Elapsed: 244.103	Loglikelihood: -1.67825e+07	(delta): 36922.1
9 (QN/Block) 	Elapsed: 245.234	Loglikelihood: -1.67696e+07	(delta): 12942.4
10 (QN/Block) 	Elapsed: 241.933	Loglikelihood: -1.67671e+07	(delta): 2464.01
11 (QN/Block) 	Elapsed: 243.711	Loglikelihood: -1.67664e+07	(delta): 708.115
12 (QN/Block) 	Elapsed: 242.048	Loglikelihood: -1.67661e+07	(delta): 293.845
13 (QN/Block) 	Elapsed: 242.874	Loglikelihood: -1.67661e+07	(delta): 55.3681
14 (QN/Block) 	Elapsed: 250.456	Loglikelihood: -1.67661e+07	(delta): 5.72229
15 (QN/Block) 	Elapsed: 245.391	Loglikelihood: -1.67657e+07	(delta): 352.922
16 (QN/Block) 	Elapsed: 246.816	Loglikelihood: -1.67569e+07	(delta): 8820.47
17 (QN/Block) 	Elapsed: 248.713	Loglikelihood: -1.67545e+07	(delta): 2355.47
18 (QN/Block) 	Elapsed: 248.394	Loglikelihood: -1.67535e+07	(delta): 1034.17
19 (QN/Block) 	Elapsed: 247.852	Loglikelihood: -1.67529e+07	(delta): 619.188
20 (QN/Block) 	Elapsed: 250.769	Loglikelihood: -1.67526e+07	(delta): 311.86
21 (QN/Block) 	Elapsed: 251.067	Loglikelihood: -1.67525e+07	(delta): 86.2857
22 (QN/Block) 	Elapsed: 248.965	Loglikelihood: -1.67525e+07	(delta): 11.9441
23 (QN/Block) 	Elapsed: 243.58	Loglikelihood: -1.67525e+07	(delta): 1.93487
24 (QN/Block) 	Elapsed: 243.49	Loglikelihood: -1.67525e+07	(delta): 0.271724
25 (QN/Block) 	Elapsed: 239.145	Loglikelihood: -1.67525e+07	(delta): 0.340909
26 (QN/Block) 	Elapsed: 244.513	Loglikelihood: -1.67525e+07	(delta): 0.449883
27 (QN/Block) 	Elapsed: 247.19	Loglikelihood: -1.67525e+07	(delta): 0.341957
28 (QN/Block) 	Elapsed: 246.506	Loglikelihood: -1.67525e+07	(delta): 0.382301
29 (QN/Block) 	Elapsed: 249.097	Loglikelihood: -1.67525e+07	(delta): 0.428353
30 (QN/Block) 	Elapsed: 246.678	Loglikelihood: -1.67525e+07	(delta): 0.269884
31 (QN/Block) 	Elapsed: 245.812	Loglikelihood: -1.67525e+07	(delta): 0.0594488
32 (QN/Block) 	Elapsed: 246.161	Loglikelihood: -1.67525e+07	(delta): 0.000428855
33 (QN/Block) 	Elapsed: 250.13	Loglikelihood: -1.67525e+07	(delta): 6.66827e-05
Summary: 
Converged in 33 iterations (8723.73 sec)
Loglikelihood: -16752470.157120
Fst divergences between estimated populations: 
	Pop0	Pop1	Pop2	Pop3	Pop4	Pop5	Pop6	Pop7	Pop8	Pop9	
Pop0	
Pop1	0.711	
Pop2	0.402	0.600	
Pop3	0.691	0.645	0.624	
Pop4	0.386	0.681	0.372	0.674	
Pop5	0.453	0.585	0.336	0.618	0.378	
Pop6	0.622	0.625	0.471	0.641	0.566	0.426	
Pop7	0.421	0.429	0.354	0.495	0.392	0.333	0.334	
Pop8	0.542	0.659	0.375	0.662	0.421	0.240	0.499	0.357	
Pop9	0.462	0.628	0.342	0.644	0.344	0.236	0.472	0.349	0.162	
Pop10	0.655	0.616	0.549	0.633	0.623	0.532	0.561	0.388	0.599	0.571	
CV error (K=11): 0.05485
Writing output files.
