****                   ADMIXTURE Version 1.3.0                  ****
****                    Copyright 2008-2015                     ****
****           David Alexander, Suyash Shringarpure,            ****
****                John  Novembre, Ken Lange                   ****
****                                                            ****
****                 Please cite our paper!                     ****
****   Information at www.genetics.ucla.edu/software/admixture  ****

Cross-validation will be performed.  Folds=10.
Parallel execution requested.  Will use 24 threads.
Random seed: 1807
Point estimation method: Block relaxation algorithm
Convergence acceleration algorithm: QuasiNewton, 3 secant conditions
Point estimation will terminate when objective function delta < 0.0001
Estimation of standard errors disabled; will compute point estimates only.
Size of G: 713x578311
Performing five EM steps to prime main algorithm
1 (EM) 	Elapsed: 155.108	Loglikelihood: -5.28116e+07	(delta): 5.35131e+08
2 (EM) 	Elapsed: 154.844	Loglikelihood: -4.58049e+07	(delta): 7.00667e+06
3 (EM) 	Elapsed: 154.447	Loglikelihood: -4.50815e+07	(delta): 723421
4 (EM) 	Elapsed: 154.336	Loglikelihood: -4.46824e+07	(delta): 399108
5 (EM) 	Elapsed: 154.387	Loglikelihood: -4.43492e+07	(delta): 333130
Initial loglikelihood: -4.43492e+07
Starting main algorithm
1 (QN/Block) 	Elapsed: 328.135	Loglikelihood: -2.53931e+07	(delta): 1.89562e+07
2 (QN/Block) 	Elapsed: 316.349	Loglikelihood: -1.83484e+07	(delta): 7.04464e+06
3 (QN/Block) 	Elapsed: 325.724	Loglikelihood: -1.62784e+07	(delta): 2.06999e+06
4 (QN/Block) 	Elapsed: 325.6	Loglikelihood: -1.49929e+07	(delta): 1.28548e+06
5 (QN/Block) 	Elapsed: 326.201	Loglikelihood: -1.42367e+07	(delta): 756239
6 (QN/Block) 	Elapsed: 323.265	Loglikelihood: -1.39929e+07	(delta): 243823
7 (QN/Block) 	Elapsed: 327.647	Loglikelihood: -1.38843e+07	(delta): 108550
8 (QN/Block) 	Elapsed: 327.224	Loglikelihood: -1.37947e+07	(delta): 89590.4
9 (QN/Block) 	Elapsed: 324.205	Loglikelihood: -1.37521e+07	(delta): 42666.9
10 (QN/Block) 	Elapsed: 324.57	Loglikelihood: -1.37207e+07	(delta): 31391
11 (QN/Block) 	Elapsed: 325.194	Loglikelihood: -1.3712e+07	(delta): 8654.74
12 (QN/Block) 	Elapsed: 325.136	Loglikelihood: -1.3704e+07	(delta): 8000.81
13 (QN/Block) 	Elapsed: 324.512	Loglikelihood: -1.36996e+07	(delta): 4388.84
14 (QN/Block) 	Elapsed: 323.618	Loglikelihood: -1.36966e+07	(delta): 3050.83
15 (QN/Block) 	Elapsed: 325.851	Loglikelihood: -1.36953e+07	(delta): 1300.16
16 (QN/Block) 	Elapsed: 326.585	Loglikelihood: -1.36949e+07	(delta): 420.512
17 (QN/Block) 	Elapsed: 329.091	Loglikelihood: -1.3694e+07	(delta): 824.454
18 (QN/Block) 	Elapsed: 328.909	Loglikelihood: -1.36788e+07	(delta): 15194.2
19 (QN/Block) 	Elapsed: 325.629	Loglikelihood: -1.36754e+07	(delta): 3472.31
20 (QN/Block) 	Elapsed: 324.826	Loglikelihood: -1.36747e+07	(delta): 698.032
21 (QN/Block) 	Elapsed: 327.61	Loglikelihood: -1.36743e+07	(delta): 407.789
22 (QN/Block) 	Elapsed: 323.813	Loglikelihood: -1.3674e+07	(delta): 240.316
23 (QN/Block) 	Elapsed: 326.021	Loglikelihood: -1.3674e+07	(delta): 62.1546
24 (QN/Block) 	Elapsed: 324.512	Loglikelihood: -1.3674e+07	(delta): 2.55162
25 (QN/Block) 	Elapsed: 324.607	Loglikelihood: -1.3674e+07	(delta): 0.0552355
26 (QN/Block) 	Elapsed: 326.375	Loglikelihood: -1.3674e+07	(delta): 0.000604713
27 (QN/Block) 	Elapsed: 327.379	Loglikelihood: -1.3674e+07	(delta): 4.48078e-05
Summary: 
Converged in 27 iterations (9577.26 sec)
Loglikelihood: -13673965.041722
Fst divergences between estimated populations: 
	Pop0	Pop1	Pop2	Pop3	Pop4	Pop5	Pop6	Pop7	Pop8	Pop9	Pop10	Pop11	Pop12	Pop13	Pop14	Pop15	
Pop0	
Pop1	0.572	
Pop2	0.589	0.523	
Pop3	0.704	0.733	0.738	
Pop4	0.632	0.601	0.351	0.766	
Pop5	0.546	0.461	0.305	0.708	0.417	
Pop6	0.582	0.501	0.223	0.737	0.411	0.252	
Pop7	0.600	0.523	0.280	0.752	0.449	0.264	0.122	
Pop8	0.654	0.642	0.451	0.776	0.412	0.478	0.505	0.547	
Pop9	0.742	0.779	0.784	0.619	0.813	0.751	0.784	0.802	0.824	
Pop10	0.667	0.695	0.706	0.753	0.747	0.662	0.703	0.725	0.764	0.793	
Pop11	0.543	0.476	0.351	0.695	0.376	0.346	0.353	0.368	0.393	0.735	0.649	
Pop12	0.579	0.163	0.536	0.735	0.612	0.473	0.516	0.539	0.651	0.781	0.699	0.487	
Pop13	0.771	0.815	0.819	0.493	0.850	0.785	0.820	0.839	0.860	0.719	0.822	0.767	0.817	
Pop14	0.565	0.560	0.583	0.696	0.624	0.544	0.576	0.592	0.645	0.733	0.657	0.540	0.567	0.761	
Pop15	0.388	0.358	0.369	0.541	0.401	0.348	0.358	0.365	0.423	0.570	0.470	0.358	0.366	0.594	0.396	
Pop16	0.681	0.727	0.735	0.772	0.788	0.679	0.733	0.763	0.808	0.818	0.773	0.663	0.732	0.853	0.674	0.435	
CV error (K=17): 0.04930
Writing output files.
