****                   ADMIXTURE Version 1.3.0                  ****
****                    Copyright 2008-2015                     ****
****           David Alexander, Suyash Shringarpure,            ****
****                John  Novembre, Ken Lange                   ****
****                                                            ****
****                 Please cite our paper!                     ****
****   Information at www.genetics.ucla.edu/software/admixture  ****

Cross-validation will be performed.  Folds=10.
Parallel execution requested.  Will use 24 threads.
Random seed: 1432
Point estimation method: Block relaxation algorithm
Convergence acceleration algorithm: QuasiNewton, 3 secant conditions
Point estimation will terminate when objective function delta < 0.0001
Estimation of standard errors disabled; will compute point estimates only.
Size of G: 713x578311
Performing five EM steps to prime main algorithm
1 (EM) 	Elapsed: 113.908	Loglikelihood: -5.27278e+07	(delta): 5.4414e+08
2 (EM) 	Elapsed: 106.635	Loglikelihood: -4.59923e+07	(delta): 6.73541e+06
3 (EM) 	Elapsed: 102.063	Loglikelihood: -4.53005e+07	(delta): 691873
4 (EM) 	Elapsed: 112.237	Loglikelihood: -4.49264e+07	(delta): 374029
5 (EM) 	Elapsed: 107.268	Loglikelihood: -4.46226e+07	(delta): 303802
Initial loglikelihood: -4.46226e+07
Starting main algorithm
1 (QN/Block) 	Elapsed: 251.697	Loglikelihood: -2.64239e+07	(delta): 1.81987e+07
2 (QN/Block) 	Elapsed: 246.929	Loglikelihood: -1.99374e+07	(delta): 6.48654e+06
3 (QN/Block) 	Elapsed: 253.143	Loglikelihood: -1.83769e+07	(delta): 1.56045e+06
4 (QN/Block) 	Elapsed: 250.045	Loglikelihood: -1.74641e+07	(delta): 912767
5 (QN/Block) 	Elapsed: 251.72	Loglikelihood: -1.69164e+07	(delta): 547769
6 (QN/Block) 	Elapsed: 253.288	Loglikelihood: -1.67287e+07	(delta): 187649
7 (QN/Block) 	Elapsed: 250.229	Loglikelihood: -1.66203e+07	(delta): 108454
8 (QN/Block) 	Elapsed: 249.61	Loglikelihood: -1.6552e+07	(delta): 68306.4
9 (QN/Block) 	Elapsed: 248.272	Loglikelihood: -1.64932e+07	(delta): 58751.9
10 (QN/Block) 	Elapsed: 247.136	Loglikelihood: -1.64723e+07	(delta): 20949.4
11 (QN/Block) 	Elapsed: 246.936	Loglikelihood: -1.64683e+07	(delta): 3960.98
12 (QN/Block) 	Elapsed: 249.377	Loglikelihood: -1.64673e+07	(delta): 978.995
13 (QN/Block) 	Elapsed: 247.041	Loglikelihood: -1.6467e+07	(delta): 277.898
14 (QN/Block) 	Elapsed: 248.103	Loglikelihood: -1.6467e+07	(delta): 30.7346
15 (QN/Block) 	Elapsed: 246.386	Loglikelihood: -1.6467e+07	(delta): 3.37774
16 (QN/Block) 	Elapsed: 250.657	Loglikelihood: -1.6467e+07	(delta): 1.36832
17 (QN/Block) 	Elapsed: 252.78	Loglikelihood: -1.6467e+07	(delta): 0.211025
18 (QN/Block) 	Elapsed: 250.067	Loglikelihood: -1.6467e+07	(delta): 0.0363479
19 (QN/Block) 	Elapsed: 247.293	Loglikelihood: -1.6467e+07	(delta): 0.00211213
20 (QN/Block) 	Elapsed: 248.49	Loglikelihood: -1.6467e+07	(delta): 0.000215022
21 (QN/Block) 	Elapsed: 242.625	Loglikelihood: -1.6467e+07	(delta): 3.51351e-05
Summary: 
Converged in 21 iterations (5781.89 sec)
Loglikelihood: -16467005.174275
Fst divergences between estimated populations: 
	Pop0	Pop1	Pop2	Pop3	Pop4	Pop5	Pop6	Pop7	Pop8	Pop9	
Pop0	
Pop1	0.467	
Pop2	0.752	0.547	
Pop3	0.676	0.560	0.696	
Pop4	0.348	0.310	0.429	0.479	
Pop5	0.257	0.437	0.669	0.637	0.332	
Pop6	0.600	0.466	0.674	0.643	0.379	0.544	
Pop7	0.367	0.442	0.655	0.630	0.343	0.342	0.542	
Pop8	0.167	0.450	0.704	0.654	0.340	0.248	0.569	0.330	
Pop9	0.411	0.486	0.747	0.677	0.373	0.384	0.609	0.327	0.326	
Pop10	0.501	0.437	0.703	0.653	0.333	0.442	0.561	0.463	0.469	0.548	
CV error (K=11): 0.05466
Writing output files.
