****                   ADMIXTURE Version 1.3.0                  ****
****                    Copyright 2008-2015                     ****
****           David Alexander, Suyash Shringarpure,            ****
****                John  Novembre, Ken Lange                   ****
****                                                            ****
****                 Please cite our paper!                     ****
****   Information at www.genetics.ucla.edu/software/admixture  ****

Cross-validation will be performed.  Folds=10.
Parallel execution requested.  Will use 24 threads.
Random seed: 1853
Point estimation method: Block relaxation algorithm
Convergence acceleration algorithm: QuasiNewton, 3 secant conditions
Point estimation will terminate when objective function delta < 0.0001
Estimation of standard errors disabled; will compute point estimates only.
Size of G: 713x578311
Performing five EM steps to prime main algorithm
1 (EM) 	Elapsed: 17.196	Loglikelihood: -4.82777e+07	(delta): 6.58306e+08
2 (EM) 	Elapsed: 26.49	Loglikelihood: -4.60346e+07	(delta): 2.24302e+06
3 (EM) 	Elapsed: 29.153	Loglikelihood: -4.57452e+07	(delta): 289417
4 (EM) 	Elapsed: 27.594	Loglikelihood: -4.56e+07	(delta): 145257
5 (EM) 	Elapsed: 29.903	Loglikelihood: -4.55214e+07	(delta): 78597.2
Initial loglikelihood: -4.55214e+07
Starting main algorithm
1 (QN/Block) 	Elapsed: 56.729	Loglikelihood: -4.16397e+07	(delta): 3.88166e+06
2 (QN/Block) 	Elapsed: 56.447	Loglikelihood: -4.00485e+07	(delta): 1.59124e+06
3 (QN/Block) 	Elapsed: 56.905	Loglikelihood: -3.92874e+07	(delta): 761020
4 (QN/Block) 	Elapsed: 58.333	Loglikelihood: -3.86175e+07	(delta): 669960
5 (QN/Block) 	Elapsed: 58.445	Loglikelihood: -3.74745e+07	(delta): 1.14299e+06
6 (QN/Block) 	Elapsed: 58.27	Loglikelihood: -3.45508e+07	(delta): 2.92365e+06
7 (QN/Block) 	Elapsed: 57.847	Loglikelihood: -3.42006e+07	(delta): 350212
8 (QN/Block) 	Elapsed: 57.917	Loglikelihood: -3.40593e+07	(delta): 141287
9 (QN/Block) 	Elapsed: 58.662	Loglikelihood: -3.40059e+07	(delta): 53486.6
10 (QN/Block) 	Elapsed: 56.873	Loglikelihood: -3.39867e+07	(delta): 19200.7
11 (QN/Block) 	Elapsed: 56.815	Loglikelihood: -3.3978e+07	(delta): 8670.34
12 (QN/Block) 	Elapsed: 57.209	Loglikelihood: -3.39776e+07	(delta): 408.742
13 (QN/Block) 	Elapsed: 56.715	Loglikelihood: -3.39775e+07	(delta): 40.1648
14 (QN/Block) 	Elapsed: 57.883	Loglikelihood: -3.39775e+07	(delta): 10.5309
15 (QN/Block) 	Elapsed: 58.333	Loglikelihood: -3.39775e+07	(delta): 6.27088
16 (QN/Block) 	Elapsed: 57.905	Loglikelihood: -3.39775e+07	(delta): 0.905584
17 (QN/Block) 	Elapsed: 57.187	Loglikelihood: -3.39775e+07	(delta): 0.0816251
18 (QN/Block) 	Elapsed: 57.952	Loglikelihood: -3.39775e+07	(delta): 0.000356071
19 (QN/Block) 	Elapsed: 56.755	Loglikelihood: -3.39775e+07	(delta): 1.07139e-05
Summary: 
Converged in 19 iterations (1226.77 sec)
Loglikelihood: -33977520.854139
Fst divergences between estimated populations: 
	Pop0	
Pop0	
Pop1	0.335	
CV error (K=2): 0.09290
Writing output files.
