****                   ADMIXTURE Version 1.3.0                  ****
****                    Copyright 2008-2015                     ****
****           David Alexander, Suyash Shringarpure,            ****
****                John  Novembre, Ken Lange                   ****
****                                                            ****
****                 Please cite our paper!                     ****
****   Information at www.genetics.ucla.edu/software/admixture  ****

Cross-validation will be performed.  Folds=10.
Parallel execution requested.  Will use 24 threads.
Random seed: 1853
Point estimation method: Block relaxation algorithm
Convergence acceleration algorithm: QuasiNewton, 3 secant conditions
Point estimation will terminate when objective function delta < 0.0001
Estimation of standard errors disabled; will compute point estimates only.
Size of G: 713x578311
Performing five EM steps to prime main algorithm
1 (EM) 	Elapsed: 378.173	Loglikelihood: -5.28279e+07	(delta): 5.2976e+08
2 (EM) 	Elapsed: 378.349	Loglikelihood: -4.55818e+07	(delta): 7.24604e+06
3 (EM) 	Elapsed: 381.664	Loglikelihood: -4.47886e+07	(delta): 793290
4 (EM) 	Elapsed: 376.164	Loglikelihood: -4.43036e+07	(delta): 484917
5 (EM) 	Elapsed: 383.414	Loglikelihood: -4.38473e+07	(delta): 456360
Initial loglikelihood: -4.38473e+07
Starting main algorithm
1 (QN/Block) 	Elapsed: 516.063	Loglikelihood: -2.38793e+07	(delta): 1.9968e+07
2 (QN/Block) 	Elapsed: 513.823	Loglikelihood: -1.67773e+07	(delta): 7.10196e+06
3 (QN/Block) 	Elapsed: 514.056	Loglikelihood: -1.46561e+07	(delta): 2.12129e+06
4 (QN/Block) 	Elapsed: 514.599	Loglikelihood: -1.36631e+07	(delta): 992980
5 (QN/Block) 	Elapsed: 511.085	Loglikelihood: -1.30104e+07	(delta): 652723
6 (QN/Block) 	Elapsed: 513.026	Loglikelihood: -1.26669e+07	(delta): 343506
7 (QN/Block) 	Elapsed: 515.626	Loglikelihood: -1.25205e+07	(delta): 146322
8 (QN/Block) 	Elapsed: 516.276	Loglikelihood: -1.24589e+07	(delta): 61601.6
9 (QN/Block) 	Elapsed: 511.487	Loglikelihood: -1.24229e+07	(delta): 36044.2
10 (QN/Block) 	Elapsed: 515.482	Loglikelihood: -1.24016e+07	(delta): 21293
11 (QN/Block) 	Elapsed: 513.243	Loglikelihood: -1.23934e+07	(delta): 8160.27
12 (QN/Block) 	Elapsed: 513.217	Loglikelihood: -1.23913e+07	(delta): 2138.42
13 (QN/Block) 	Elapsed: 516.048	Loglikelihood: -1.23901e+07	(delta): 1191
14 (QN/Block) 	Elapsed: 511.744	Loglikelihood: -1.23867e+07	(delta): 3365.63
15 (QN/Block) 	Elapsed: 506.814	Loglikelihood: -1.23865e+07	(delta): 212.585
16 (QN/Block) 	Elapsed: 487.452	Loglikelihood: -1.23859e+07	(delta): 581.994
17 (QN/Block) 	Elapsed: 464.561	Loglikelihood: -1.23857e+07	(delta): 242.151
18 (QN/Block) 	Elapsed: 460.638	Loglikelihood: -1.23857e+07	(delta): 40.2165
19 (QN/Block) 	Elapsed: 461.06	Loglikelihood: -1.23857e+07	(delta): 3.73715
20 (QN/Block) 	Elapsed: 465.634	Loglikelihood: -1.23856e+07	(delta): 90.8955
21 (QN/Block) 	Elapsed: 468.969	Loglikelihood: -1.23856e+07	(delta): 16.4715
22 (QN/Block) 	Elapsed: 465.828	Loglikelihood: -1.23854e+07	(delta): 109.414
23 (QN/Block) 	Elapsed: 464.607	Loglikelihood: -1.23852e+07	(delta): 230.229
24 (QN/Block) 	Elapsed: 461.098	Loglikelihood: -1.23852e+07	(delta): 4.21625
25 (QN/Block) 	Elapsed: 459.394	Loglikelihood: -1.23852e+07	(delta): 0.31938
26 (QN/Block) 	Elapsed: 460.151	Loglikelihood: -1.23852e+07	(delta): 0.0857393
27 (QN/Block) 	Elapsed: 462.057	Loglikelihood: -1.23852e+07	(delta): 0.0440761
28 (QN/Block) 	Elapsed: 460.652	Loglikelihood: -1.23852e+07	(delta): 0.00649178
29 (QN/Block) 	Elapsed: 461.52	Loglikelihood: -1.23852e+07	(delta): 0.00141156
30 (QN/Block) 	Elapsed: 462.67	Loglikelihood: -1.23852e+07	(delta): 0.000298126
31 (QN/Block) 	Elapsed: 452.158	Loglikelihood: -1.23852e+07	(delta): 1.05798e-05
Summary: 
Converged in 31 iterations (17041.1 sec)
Loglikelihood: -12385206.473959
Fst divergences between estimated populations: 
	Pop0	Pop1	Pop2	Pop3	Pop4	Pop5	Pop6	Pop7	Pop8	Pop9	Pop10	Pop11	Pop12	Pop13	Pop14	Pop15	Pop16	Pop17	Pop18	Pop19	Pop20	Pop21	Pop22	Pop23	
Pop0	
Pop1	0.552	
Pop2	0.370	0.594	
Pop3	0.429	0.595	0.417	
Pop4	0.610	0.611	0.654	0.654	
Pop5	0.391	0.631	0.357	0.517	0.688	
Pop6	0.534	0.607	0.591	0.596	0.670	0.658	
Pop7	0.377	0.562	0.340	0.260	0.625	0.446	0.539	
Pop8	0.388	0.600	0.262	0.417	0.662	0.437	0.596	0.336	
Pop9	0.676	0.682	0.744	0.738	0.692	0.789	0.768	0.702	0.756	
Pop10	0.733	0.733	0.777	0.772	0.745	0.801	0.789	0.753	0.784	0.808	
Pop11	0.397	0.606	0.397	0.441	0.665	0.501	0.609	0.349	0.390	0.756	0.783	
Pop12	0.407	0.615	0.325	0.424	0.679	0.489	0.621	0.323	0.258	0.785	0.800	0.404	
Pop13	0.401	0.614	0.323	0.419	0.678	0.477	0.617	0.319	0.265	0.785	0.799	0.406	0.148	
Pop14	0.658	0.667	0.711	0.707	0.697	0.746	0.725	0.678	0.719	0.775	0.783	0.720	0.740	0.739	
Pop15	0.413	0.659	0.468	0.580	0.710	0.421	0.704	0.514	0.537	0.816	0.815	0.578	0.596	0.587	0.768	
Pop16	0.713	0.720	0.788	0.779	0.747	0.831	0.806	0.746	0.800	0.852	0.832	0.798	0.831	0.831	0.798	0.856	
Pop17	0.466	0.637	0.401	0.486	0.693	0.569	0.662	0.394	0.411	0.799	0.807	0.480	0.422	0.417	0.752	0.646	0.842	
Pop18	0.550	0.567	0.590	0.592	0.615	0.626	0.596	0.561	0.595	0.677	0.726	0.601	0.609	0.607	0.659	0.652	0.706	0.630	
Pop19	0.492	0.575	0.538	0.548	0.644	0.606	0.235	0.488	0.540	0.735	0.772	0.557	0.558	0.552	0.699	0.656	0.775	0.607	0.566	
Pop20	0.743	0.742	0.789	0.783	0.754	0.814	0.801	0.764	0.796	0.820	0.667	0.795	0.813	0.813	0.794	0.828	0.845	0.820	0.735	0.784	
Pop21	0.388	0.597	0.281	0.390	0.659	0.443	0.590	0.306	0.222	0.755	0.783	0.378	0.207	0.166	0.718	0.547	0.800	0.375	0.592	0.531	0.796	
Pop22	0.553	0.563	0.587	0.590	0.580	0.619	0.604	0.563	0.592	0.640	0.698	0.599	0.605	0.603	0.642	0.641	0.684	0.623	0.568	0.579	0.705	0.588	
Pop23	0.495	0.576	0.541	0.551	0.644	0.607	0.264	0.493	0.543	0.734	0.771	0.560	0.561	0.555	0.698	0.655	0.773	0.609	0.566	0.126	0.782	0.535	0.580	
Pop24	0.392	0.606	0.333	0.424	0.667	0.471	0.608	0.335	0.320	0.765	0.788	0.416	0.235	0.266	0.725	0.565	0.810	0.423	0.600	0.550	0.801	0.265	0.598	0.553	
CV error (K=25): 0.04784
Writing output files.
