****                   ADMIXTURE Version 1.3.0                  ****
****                    Copyright 2008-2015                     ****
****           David Alexander, Suyash Shringarpure,            ****
****                John  Novembre, Ken Lange                   ****
****                                                            ****
****                 Please cite our paper!                     ****
****   Information at www.genetics.ucla.edu/software/admixture  ****

Cross-validation will be performed.  Folds=10.
Parallel execution requested.  Will use 24 threads.
Random seed: 1830
Point estimation method: Block relaxation algorithm
Convergence acceleration algorithm: QuasiNewton, 3 secant conditions
Point estimation will terminate when objective function delta < 0.0001
Estimation of standard errors disabled; will compute point estimates only.
Size of G: 713x578311
Performing five EM steps to prime main algorithm
1 (EM) 	Elapsed: 59.316	Loglikelihood: -5.23737e+07	(delta): 5.58607e+08
2 (EM) 	Elapsed: 65.251	Loglikelihood: -4.61104e+07	(delta): 6.2632e+06
3 (EM) 	Elapsed: 57.365	Loglikelihood: -4.54247e+07	(delta): 685716
4 (EM) 	Elapsed: 57.126	Loglikelihood: -4.50456e+07	(delta): 379149
5 (EM) 	Elapsed: 63.937	Loglikelihood: -4.47424e+07	(delta): 303216
Initial loglikelihood: -4.47424e+07
Starting main algorithm
1 (QN/Block) 	Elapsed: 139.644	Loglikelihood: -3.08593e+07	(delta): 1.38831e+07
2 (QN/Block) 	Elapsed: 142.341	Loglikelihood: -2.49965e+07	(delta): 5.86274e+06
3 (QN/Block) 	Elapsed: 141.517	Loglikelihood: -2.35677e+07	(delta): 1.42887e+06
4 (QN/Block) 	Elapsed: 142.261	Loglikelihood: -2.18806e+07	(delta): 1.68707e+06
5 (QN/Block) 	Elapsed: 143.016	Loglikelihood: -2.05457e+07	(delta): 1.33484e+06
6 (QN/Block) 	Elapsed: 148.461	Loglikelihood: -1.98216e+07	(delta): 724168
7 (QN/Block) 	Elapsed: 155.348	Loglikelihood: -1.95529e+07	(delta): 268670
8 (QN/Block) 	Elapsed: 144.608	Loglikelihood: -1.94079e+07	(delta): 145030
9 (QN/Block) 	Elapsed: 152.587	Loglikelihood: -1.93302e+07	(delta): 77684.9
10 (QN/Block) 	Elapsed: 150.925	Loglikelihood: -1.93198e+07	(delta): 10343.6
11 (QN/Block) 	Elapsed: 147.348	Loglikelihood: -1.93156e+07	(delta): 4278.93
12 (QN/Block) 	Elapsed: 146.909	Loglikelihood: -1.93135e+07	(delta): 2089.16
13 (QN/Block) 	Elapsed: 143.515	Loglikelihood: -1.93133e+07	(delta): 155.21
14 (QN/Block) 	Elapsed: 149.956	Loglikelihood: -1.93133e+07	(delta): 8.09058
15 (QN/Block) 	Elapsed: 144.03	Loglikelihood: -1.93133e+07	(delta): 0.398364
16 (QN/Block) 	Elapsed: 150.776	Loglikelihood: -1.93133e+07	(delta): 0.0066921
17 (QN/Block) 	Elapsed: 145.594	Loglikelihood: -1.93133e+07	(delta): 0.00137042
18 (QN/Block) 	Elapsed: 151.962	Loglikelihood: -1.93133e+07	(delta): 0.000220697
19 (QN/Block) 	Elapsed: 151.448	Loglikelihood: -1.93133e+07	(delta): 0.000100441
20 (QN/Block) 	Elapsed: 142.127	Loglikelihood: -1.93133e+07	(delta): 1.21817e-06
Summary: 
Converged in 20 iterations (3243.3 sec)
Loglikelihood: -19313313.984171
Fst divergences between estimated populations: 
	Pop0	Pop1	Pop2	Pop3	Pop4	Pop5	
Pop0	
Pop1	0.634	
Pop2	0.555	0.497	
Pop3	0.642	0.563	0.482	
Pop4	0.655	0.595	0.503	0.524	
Pop5	0.584	0.487	0.427	0.386	0.248	
Pop6	0.655	0.588	0.490	0.483	0.347	0.251	
CV error (K=7): 0.05989
Writing output files.
