****                   ADMIXTURE Version 1.3.0                  ****
****                    Copyright 2008-2015                     ****
****           David Alexander, Suyash Shringarpure,            ****
****                John  Novembre, Ken Lange                   ****
****                                                            ****
****                 Please cite our paper!                     ****
****   Information at www.genetics.ucla.edu/software/admixture  ****

Cross-validation will be performed.  Folds=10.
Parallel execution requested.  Will use 24 threads.
Random seed: 1830
Point estimation method: Block relaxation algorithm
Convergence acceleration algorithm: QuasiNewton, 3 secant conditions
Point estimation will terminate when objective function delta < 0.0001
Estimation of standard errors disabled; will compute point estimates only.
Size of G: 713x578311
Performing five EM steps to prime main algorithm
1 (EM) 	Elapsed: 127.739	Loglikelihood: -5.28133e+07	(delta): 5.39985e+08
2 (EM) 	Elapsed: 124.801	Loglikelihood: -4.59747e+07	(delta): 6.83859e+06
3 (EM) 	Elapsed: 122.389	Loglikelihood: -4.52811e+07	(delta): 693536
4 (EM) 	Elapsed: 122.758	Loglikelihood: -4.49055e+07	(delta): 375602
5 (EM) 	Elapsed: 123.637	Loglikelihood: -4.45975e+07	(delta): 308083
Initial loglikelihood: -4.45975e+07
Starting main algorithm
1 (QN/Block) 	Elapsed: 255.168	Loglikelihood: -2.66899e+07	(delta): 1.79075e+07
2 (QN/Block) 	Elapsed: 259.287	Loglikelihood: -1.93149e+07	(delta): 7.37501e+06
3 (QN/Block) 	Elapsed: 265.6	Loglikelihood: -1.77603e+07	(delta): 1.55458e+06
4 (QN/Block) 	Elapsed: 265.862	Loglikelihood: -1.66996e+07	(delta): 1.06069e+06
5 (QN/Block) 	Elapsed: 264.87	Loglikelihood: -1.60307e+07	(delta): 668898
6 (QN/Block) 	Elapsed: 265.79	Loglikelihood: -1.5785e+07	(delta): 245752
7 (QN/Block) 	Elapsed: 265.6	Loglikelihood: -1.57268e+07	(delta): 58169.9
8 (QN/Block) 	Elapsed: 270.803	Loglikelihood: -1.568e+07	(delta): 46795.1
9 (QN/Block) 	Elapsed: 268.551	Loglikelihood: -1.55504e+07	(delta): 129639
10 (QN/Block) 	Elapsed: 266.295	Loglikelihood: -1.54808e+07	(delta): 69560.9
11 (QN/Block) 	Elapsed: 271.975	Loglikelihood: -1.53974e+07	(delta): 83395.3
12 (QN/Block) 	Elapsed: 272.511	Loglikelihood: -1.5357e+07	(delta): 40462.4
13 (QN/Block) 	Elapsed: 268.616	Loglikelihood: -1.53391e+07	(delta): 17903.9
14 (QN/Block) 	Elapsed: 277.394	Loglikelihood: -1.53286e+07	(delta): 10458.5
15 (QN/Block) 	Elapsed: 284.815	Loglikelihood: -1.53248e+07	(delta): 3826.53
16 (QN/Block) 	Elapsed: 286.538	Loglikelihood: -1.53232e+07	(delta): 1594.27
17 (QN/Block) 	Elapsed: 280.402	Loglikelihood: -1.53226e+07	(delta): 537.954
18 (QN/Block) 	Elapsed: 266.502	Loglikelihood: -1.53225e+07	(delta): 93.8356
19 (QN/Block) 	Elapsed: 268.441	Loglikelihood: -1.53225e+07	(delta): 30.321
20 (QN/Block) 	Elapsed: 276.092	Loglikelihood: -1.53225e+07	(delta): 10.0661
21 (QN/Block) 	Elapsed: 272.914	Loglikelihood: -1.53225e+07	(delta): 0.357817
22 (QN/Block) 	Elapsed: 274.796	Loglikelihood: -1.53225e+07	(delta): 0.184949
23 (QN/Block) 	Elapsed: 274.761	Loglikelihood: -1.53225e+07	(delta): 0.0506683
24 (QN/Block) 	Elapsed: 272.355	Loglikelihood: -1.53225e+07	(delta): 0.00126174
25 (QN/Block) 	Elapsed: 271.034	Loglikelihood: -1.53225e+07	(delta): 9.80627e-05
Summary: 
Converged in 25 iterations (7397.69 sec)
Loglikelihood: -15322499.250937
Fst divergences between estimated populations: 
	Pop0	Pop1	Pop2	Pop3	Pop4	Pop5	Pop6	Pop7	Pop8	Pop9	Pop10	Pop11	
Pop0	
Pop1	0.811	
Pop2	0.576	0.771	
Pop3	0.629	0.742	0.562	
Pop4	0.356	0.541	0.309	0.355	
Pop5	0.847	0.719	0.806	0.772	0.564	
Pop6	0.400	0.823	0.622	0.655	0.380	0.859	
Pop7	0.665	0.747	0.606	0.601	0.359	0.777	0.688	
Pop8	0.344	0.774	0.480	0.574	0.316	0.809	0.450	0.611	
Pop9	0.392	0.743	0.430	0.536	0.302	0.776	0.457	0.573	0.250	
Pop10	0.382	0.741	0.473	0.550	0.324	0.773	0.403	0.585	0.345	0.341	
Pop11	0.764	0.619	0.725	0.704	0.513	0.493	0.776	0.707	0.729	0.700	0.700	
Pop12	0.431	0.798	0.496	0.597	0.319	0.836	0.536	0.634	0.195	0.237	0.374	0.749	
CV error (K=13): 0.05217
Writing output files.
