****                   ADMIXTURE Version 1.3.0                  ****
****                    Copyright 2008-2015                     ****
****           David Alexander, Suyash Shringarpure,            ****
****                John  Novembre, Ken Lange                   ****
****                                                            ****
****                 Please cite our paper!                     ****
****   Information at www.genetics.ucla.edu/software/admixture  ****

Cross-validation will be performed.  Folds=10.
Parallel execution requested.  Will use 24 threads.
Random seed: 1230
Point estimation method: Block relaxation algorithm
Convergence acceleration algorithm: QuasiNewton, 3 secant conditions
Point estimation will terminate when objective function delta < 0.0001
Estimation of standard errors disabled; will compute point estimates only.
Size of G: 713x578311
Performing five EM steps to prime main algorithm
1 (EM) 	Elapsed: 140.066	Loglikelihood: -5.28466e+07	(delta): 5.38288e+08
2 (EM) 	Elapsed: 139.97	Loglikelihood: -4.58807e+07	(delta): 6.9659e+06
3 (EM) 	Elapsed: 141.988	Loglikelihood: -4.51399e+07	(delta): 740803
4 (EM) 	Elapsed: 137.991	Loglikelihood: -4.47016e+07	(delta): 438334
5 (EM) 	Elapsed: 142.878	Loglikelihood: -4.42992e+07	(delta): 402441
Initial loglikelihood: -4.42992e+07
Starting main algorithm
1 (QN/Block) 	Elapsed: 298.942	Loglikelihood: -2.63408e+07	(delta): 1.79584e+07
2 (QN/Block) 	Elapsed: 285.459	Loglikelihood: -1.93139e+07	(delta): 7.02686e+06
3 (QN/Block) 	Elapsed: 289.043	Loglikelihood: -1.73859e+07	(delta): 1.92804e+06
4 (QN/Block) 	Elapsed: 289.935	Loglikelihood: -1.59771e+07	(delta): 1.40877e+06
5 (QN/Block) 	Elapsed: 293.042	Loglikelihood: -1.52562e+07	(delta): 720953
6 (QN/Block) 	Elapsed: 290.409	Loglikelihood: -1.49176e+07	(delta): 338611
7 (QN/Block) 	Elapsed: 299.168	Loglikelihood: -1.4748e+07	(delta): 169539
8 (QN/Block) 	Elapsed: 308.592	Loglikelihood: -1.46454e+07	(delta): 102656
9 (QN/Block) 	Elapsed: 315.372	Loglikelihood: -1.45899e+07	(delta): 55444.4
10 (QN/Block) 	Elapsed: 312.796	Loglikelihood: -1.45584e+07	(delta): 31561.3
11 (QN/Block) 	Elapsed: 311.36	Loglikelihood: -1.45407e+07	(delta): 17629.6
12 (QN/Block) 	Elapsed: 308.311	Loglikelihood: -1.45297e+07	(delta): 11007.6
13 (QN/Block) 	Elapsed: 308.612	Loglikelihood: -1.45248e+07	(delta): 4900.04
14 (QN/Block) 	Elapsed: 312.103	Loglikelihood: -1.4523e+07	(delta): 1790.15
15 (QN/Block) 	Elapsed: 309.462	Loglikelihood: -1.45199e+07	(delta): 3164.29
16 (QN/Block) 	Elapsed: 307.449	Loglikelihood: -1.45187e+07	(delta): 1116.37
17 (QN/Block) 	Elapsed: 306.882	Loglikelihood: -1.4518e+07	(delta): 779.222
18 (QN/Block) 	Elapsed: 310.694	Loglikelihood: -1.45178e+07	(delta): 127.434
19 (QN/Block) 	Elapsed: 315.915	Loglikelihood: -1.45178e+07	(delta): 11.5194
20 (QN/Block) 	Elapsed: 314.004	Loglikelihood: -1.45178e+07	(delta): 1.91584
21 (QN/Block) 	Elapsed: 309.452	Loglikelihood: -1.45178e+07	(delta): 0.257228
22 (QN/Block) 	Elapsed: 315.025	Loglikelihood: -1.45178e+07	(delta): 0.0684141
23 (QN/Block) 	Elapsed: 312.142	Loglikelihood: -1.45178e+07	(delta): 0.000805937
24 (QN/Block) 	Elapsed: 295.742	Loglikelihood: -1.45178e+07	(delta): 1.99266e-05
Summary: 
Converged in 24 iterations (8033.87 sec)
Loglikelihood: -14517827.813648
Fst divergences between estimated populations: 
	Pop0	Pop1	Pop2	Pop3	Pop4	Pop5	Pop6	Pop7	Pop8	Pop9	Pop10	Pop11	Pop12	
Pop0	
Pop1	0.607	
Pop2	0.406	0.621	
Pop3	0.842	0.777	0.836	
Pop4	0.199	0.583	0.318	0.813	
Pop5	0.747	0.684	0.748	0.852	0.706	
Pop6	0.497	0.565	0.549	0.811	0.478	0.703	
Pop7	0.363	0.552	0.328	0.770	0.332	0.655	0.462	
Pop8	0.597	0.577	0.611	0.775	0.572	0.674	0.561	0.542	
Pop9	0.735	0.696	0.736	0.480	0.714	0.754	0.711	0.683	0.693	
Pop10	0.247	0.552	0.379	0.784	0.259	0.664	0.437	0.338	0.540	0.691	
Pop11	0.486	0.497	0.507	0.684	0.473	0.564	0.462	0.459	0.492	0.613	0.453	
Pop12	0.799	0.744	0.796	0.724	0.773	0.813	0.770	0.735	0.742	0.605	0.746	0.655	
Pop13	0.435	0.457	0.456	0.633	0.424	0.481	0.421	0.417	0.438	0.566	0.408	0.371	0.605	
CV error (K=14): 0.05061
Writing output files.
