****                   ADMIXTURE Version 1.3.0                  ****
****                    Copyright 2008-2015                     ****
****           David Alexander, Suyash Shringarpure,            ****
****                John  Novembre, Ken Lange                   ****
****                                                            ****
****                 Please cite our paper!                     ****
****   Information at www.genetics.ucla.edu/software/admixture  ****

Cross-validation will be performed.  Folds=10.
Parallel execution requested.  Will use 24 threads.
Random seed: 1853
Point estimation method: Block relaxation algorithm
Convergence acceleration algorithm: QuasiNewton, 3 secant conditions
Point estimation will terminate when objective function delta < 0.0001
Estimation of standard errors disabled; will compute point estimates only.
Size of G: 713x578311
Performing five EM steps to prime main algorithm
1 (EM) 	Elapsed: 369.096	Loglikelihood: -5.28545e+07	(delta): 5.29315e+08
2 (EM) 	Elapsed: 360.867	Loglikelihood: -4.56277e+07	(delta): 7.2268e+06
3 (EM) 	Elapsed: 366.909	Loglikelihood: -4.48862e+07	(delta): 741509
4 (EM) 	Elapsed: 367.613	Loglikelihood: -4.44647e+07	(delta): 421470
5 (EM) 	Elapsed: 373.191	Loglikelihood: -4.40918e+07	(delta): 372904
Initial loglikelihood: -4.40918e+07
Starting main algorithm
1 (QN/Block) 	Elapsed: 502.007	Loglikelihood: -2.42535e+07	(delta): 1.98384e+07
2 (QN/Block) 	Elapsed: 490.765	Loglikelihood: -1.70339e+07	(delta): 7.21957e+06
3 (QN/Block) 	Elapsed: 490.46	Loglikelihood: -1.43787e+07	(delta): 2.6552e+06
4 (QN/Block) 	Elapsed: 509.819	Loglikelihood: -1.31998e+07	(delta): 1.17894e+06
5 (QN/Block) 	Elapsed: 530.149	Loglikelihood: -1.24718e+07	(delta): 727977
6 (QN/Block) 	Elapsed: 537.105	Loglikelihood: -1.2162e+07	(delta): 309844
7 (QN/Block) 	Elapsed: 547.467	Loglikelihood: -1.20611e+07	(delta): 100875
8 (QN/Block) 	Elapsed: 526.657	Loglikelihood: -1.20351e+07	(delta): 25972
9 (QN/Block) 	Elapsed: 515.816	Loglikelihood: -1.20204e+07	(delta): 14691.9
10 (QN/Block) 	Elapsed: 483.634	Loglikelihood: -1.20106e+07	(delta): 9860.71
11 (QN/Block) 	Elapsed: 482.959	Loglikelihood: -1.2008e+07	(delta): 2577.67
12 (QN/Block) 	Elapsed: 484.437	Loglikelihood: -1.20063e+07	(delta): 1636.76
13 (QN/Block) 	Elapsed: 482.73	Loglikelihood: -1.20061e+07	(delta): 268.342
14 (QN/Block) 	Elapsed: 482.85	Loglikelihood: -1.2006e+07	(delta): 58.8531
15 (QN/Block) 	Elapsed: 481.499	Loglikelihood: -1.2006e+07	(delta): 22.8826
16 (QN/Block) 	Elapsed: 483.791	Loglikelihood: -1.2006e+07	(delta): 2.22875
17 (QN/Block) 	Elapsed: 481.19	Loglikelihood: -1.2006e+07	(delta): 2.134
18 (QN/Block) 	Elapsed: 483.247	Loglikelihood: -1.20056e+07	(delta): 384.373
19 (QN/Block) 	Elapsed: 488.584	Loglikelihood: -1.20054e+07	(delta): 221.155
20 (QN/Block) 	Elapsed: 484.711	Loglikelihood: -1.20053e+07	(delta): 74.9803
21 (QN/Block) 	Elapsed: 484.559	Loglikelihood: -1.20053e+07	(delta): 7.31209
22 (QN/Block) 	Elapsed: 484.465	Loglikelihood: -1.20053e+07	(delta): 0.51576
23 (QN/Block) 	Elapsed: 485.148	Loglikelihood: -1.20053e+07	(delta): 0.306355
24 (QN/Block) 	Elapsed: 486.327	Loglikelihood: -1.20053e+07	(delta): 0.0269323
25 (QN/Block) 	Elapsed: 485.512	Loglikelihood: -1.20053e+07	(delta): 0.00480454
26 (QN/Block) 	Elapsed: 486.651	Loglikelihood: -1.20053e+07	(delta): 0.000844475
27 (QN/Block) 	Elapsed: 482.312	Loglikelihood: -1.20053e+07	(delta): 0.000296429
28 (QN/Block) 	Elapsed: 482.558	Loglikelihood: -1.20053e+07	(delta): 9.46075e-05
Summary: 
Converged in 28 iterations (15703.7 sec)
Loglikelihood: -12005296.189660
Fst divergences between estimated populations: 
	Pop0	Pop1	Pop2	Pop3	Pop4	Pop5	Pop6	Pop7	Pop8	Pop9	Pop10	Pop11	Pop12	Pop13	Pop14	Pop15	Pop16	Pop17	Pop18	Pop19	Pop20	Pop21	Pop22	Pop23	Pop24	
Pop0	
Pop1	0.660	
Pop2	0.835	0.805	
Pop3	0.700	0.428	0.829	
Pop4	0.763	0.487	0.883	0.503	
Pop5	0.708	0.282	0.847	0.468	0.533	
Pop6	0.790	0.752	0.739	0.778	0.827	0.790	
Pop7	0.729	0.282	0.869	0.490	0.577	0.186	0.809	
Pop8	0.842	0.813	0.692	0.837	0.891	0.856	0.752	0.878	
Pop9	0.856	0.828	0.705	0.852	0.909	0.873	0.772	0.896	0.532	
Pop10	0.828	0.798	0.714	0.821	0.872	0.838	0.731	0.857	0.734	0.760	
Pop11	0.744	0.424	0.872	0.487	0.430	0.441	0.815	0.474	0.880	0.897	0.861	
Pop12	0.709	0.472	0.832	0.420	0.572	0.515	0.782	0.541	0.840	0.855	0.825	0.540	
Pop13	0.701	0.483	0.842	0.576	0.668	0.544	0.786	0.564	0.851	0.867	0.833	0.625	0.602	
Pop14	0.699	0.482	0.840	0.574	0.664	0.542	0.784	0.562	0.848	0.865	0.831	0.622	0.600	0.221	
Pop15	0.714	0.332	0.849	0.462	0.475	0.288	0.793	0.343	0.858	0.874	0.840	0.372	0.514	0.567	0.565	
Pop16	0.726	0.280	0.865	0.487	0.574	0.203	0.805	0.124	0.874	0.891	0.854	0.475	0.538	0.561	0.559	0.333	
Pop17	0.681	0.570	0.801	0.619	0.682	0.617	0.755	0.636	0.808	0.822	0.795	0.659	0.633	0.609	0.607	0.625	0.633	
Pop18	0.578	0.488	0.689	0.527	0.566	0.514	0.651	0.524	0.696	0.707	0.689	0.548	0.538	0.515	0.515	0.522	0.524	0.516	
Pop19	0.764	0.675	0.868	0.725	0.806	0.738	0.814	0.768	0.876	0.892	0.858	0.783	0.736	0.733	0.730	0.744	0.762	0.696	0.560	
Pop20	0.736	0.663	0.845	0.703	0.772	0.713	0.797	0.737	0.852	0.866	0.837	0.752	0.714	0.704	0.701	0.719	0.733	0.685	0.572	0.769	
Pop21	0.669	0.562	0.790	0.608	0.669	0.605	0.746	0.621	0.797	0.810	0.785	0.646	0.624	0.590	0.589	0.614	0.618	0.597	0.520	0.687	0.670	
Pop22	0.682	0.384	0.813	0.344	0.491	0.416	0.763	0.439	0.821	0.835	0.806	0.460	0.447	0.549	0.547	0.425	0.430	0.602	0.516	0.702	0.684	0.592	
Pop23	0.709	0.604	0.825	0.654	0.721	0.656	0.777	0.678	0.832	0.846	0.818	0.698	0.666	0.646	0.644	0.663	0.674	0.311	0.538	0.731	0.715	0.625	0.635	
Pop24	0.706	0.482	0.848	0.578	0.675	0.545	0.791	0.567	0.857	0.874	0.839	0.630	0.605	0.176	0.201	0.569	0.564	0.612	0.516	0.740	0.709	0.593	0.550	0.651	
Pop25	0.701	0.316	0.838	0.443	0.463	0.243	0.783	0.307	0.847	0.863	0.830	0.373	0.502	0.546	0.545	0.195	0.304	0.613	0.515	0.727	0.705	0.602	0.407	0.649	0.548	
CV error (K=26): 0.04727
Writing output files.
