****                   ADMIXTURE Version 1.3.0                  ****
****                    Copyright 2008-2015                     ****
****           David Alexander, Suyash Shringarpure,            ****
****                John  Novembre, Ken Lange                   ****
****                                                            ****
****                 Please cite our paper!                     ****
****   Information at www.genetics.ucla.edu/software/admixture  ****

Cross-validation will be performed.  Folds=10.
Parallel execution requested.  Will use 24 threads.
Random seed: 1830
Point estimation method: Block relaxation algorithm
Convergence acceleration algorithm: QuasiNewton, 3 secant conditions
Point estimation will terminate when objective function delta < 0.0001
Estimation of standard errors disabled; will compute point estimates only.
Size of G: 713x578311
Performing five EM steps to prime main algorithm
1 (EM) 	Elapsed: 363.557	Loglikelihood: -5.27948e+07	(delta): 5.28626e+08
2 (EM) 	Elapsed: 365.171	Loglikelihood: -4.55597e+07	(delta): 7.23516e+06
3 (EM) 	Elapsed: 368.073	Loglikelihood: -4.48006e+07	(delta): 759073
4 (EM) 	Elapsed: 365.375	Loglikelihood: -4.4367e+07	(delta): 433554
5 (EM) 	Elapsed: 376.237	Loglikelihood: -4.39845e+07	(delta): 382501
Initial loglikelihood: -4.39845e+07
Starting main algorithm
1 (QN/Block) 	Elapsed: 515.868	Loglikelihood: -2.35915e+07	(delta): 2.0393e+07
2 (QN/Block) 	Elapsed: 512.802	Loglikelihood: -1.62637e+07	(delta): 7.32778e+06
3 (QN/Block) 	Elapsed: 518.697	Loglikelihood: -1.42677e+07	(delta): 1.99606e+06
4 (QN/Block) 	Elapsed: 514.831	Loglikelihood: -1.29964e+07	(delta): 1.27122e+06
5 (QN/Block) 	Elapsed: 520.373	Loglikelihood: -1.2298e+07	(delta): 698434
6 (QN/Block) 	Elapsed: 518.239	Loglikelihood: -1.1965e+07	(delta): 333001
7 (QN/Block) 	Elapsed: 533.891	Loglikelihood: -1.1847e+07	(delta): 117981
8 (QN/Block) 	Elapsed: 536.386	Loglikelihood: -1.17975e+07	(delta): 49512.4
9 (QN/Block) 	Elapsed: 542.671	Loglikelihood: -1.1781e+07	(delta): 16492.5
10 (QN/Block) 	Elapsed: 522.481	Loglikelihood: -1.17714e+07	(delta): 9604.39
11 (QN/Block) 	Elapsed: 505.532	Loglikelihood: -1.17677e+07	(delta): 3696.94
12 (QN/Block) 	Elapsed: 504.775	Loglikelihood: -1.17648e+07	(delta): 2875.1
13 (QN/Block) 	Elapsed: 500.48	Loglikelihood: -1.17639e+07	(delta): 887.641
14 (QN/Block) 	Elapsed: 503.889	Loglikelihood: -1.17637e+07	(delta): 259.915
15 (QN/Block) 	Elapsed: 505.534	Loglikelihood: -1.17635e+07	(delta): 139.984
16 (QN/Block) 	Elapsed: 506.291	Loglikelihood: -1.17635e+07	(delta): 31.9605
17 (QN/Block) 	Elapsed: 498.466	Loglikelihood: -1.17635e+07	(delta): 14.6666
18 (QN/Block) 	Elapsed: 504.871	Loglikelihood: -1.17635e+07	(delta): 16.7054
19 (QN/Block) 	Elapsed: 513.062	Loglikelihood: -1.17635e+07	(delta): 19.1871
20 (QN/Block) 	Elapsed: 506.092	Loglikelihood: -1.17635e+07	(delta): 1.58131
21 (QN/Block) 	Elapsed: 511.143	Loglikelihood: -1.17635e+07	(delta): 0.77154
22 (QN/Block) 	Elapsed: 512.449	Loglikelihood: -1.17635e+07	(delta): 0.242908
23 (QN/Block) 	Elapsed: 508.436	Loglikelihood: -1.17635e+07	(delta): 0.0764025
24 (QN/Block) 	Elapsed: 504.204	Loglikelihood: -1.17635e+07	(delta): 0.022329
25 (QN/Block) 	Elapsed: 508.934	Loglikelihood: -1.17635e+07	(delta): 0.0192949
26 (QN/Block) 	Elapsed: 514.972	Loglikelihood: -1.17635e+07	(delta): 0.0207316
27 (QN/Block) 	Elapsed: 516.257	Loglikelihood: -1.17635e+07	(delta): 0.0251549
28 (QN/Block) 	Elapsed: 518.166	Loglikelihood: -1.17635e+07	(delta): 0.0327001
29 (QN/Block) 	Elapsed: 515.028	Loglikelihood: -1.17635e+07	(delta): 0.0441432
30 (QN/Block) 	Elapsed: 513.362	Loglikelihood: -1.17635e+07	(delta): 0.0574171
31 (QN/Block) 	Elapsed: 514.046	Loglikelihood: -1.17635e+07	(delta): 0.0765063
32 (QN/Block) 	Elapsed: 513.595	Loglikelihood: -1.17635e+07	(delta): 0.105991
33 (QN/Block) 	Elapsed: 512.666	Loglikelihood: -1.17635e+07	(delta): 0.0730321
34 (QN/Block) 	Elapsed: 512.183	Loglikelihood: -1.17635e+07	(delta): 0.00671442
35 (QN/Block) 	Elapsed: 509.223	Loglikelihood: -1.17635e+07	(delta): 0.00470348
36 (QN/Block) 	Elapsed: 510.795	Loglikelihood: -1.17635e+07	(delta): 0.00106392
37 (QN/Block) 	Elapsed: 507.644	Loglikelihood: -1.17635e+07	(delta): 0.0110077
38 (QN/Block) 	Elapsed: 514.358	Loglikelihood: -1.17635e+07	(delta): 0.314585
39 (QN/Block) 	Elapsed: 507.226	Loglikelihood: -1.17635e+07	(delta): 2.35969
40 (QN/Block) 	Elapsed: 514.404	Loglikelihood: -1.17635e+07	(delta): 0.549034
41 (QN/Block) 	Elapsed: 514.194	Loglikelihood: -1.17635e+07	(delta): 0.317217
42 (QN/Block) 	Elapsed: 518.051	Loglikelihood: -1.17635e+07	(delta): 0.0810389
43 (QN/Block) 	Elapsed: 511.164	Loglikelihood: -1.17635e+07	(delta): 0.0116247
44 (QN/Block) 	Elapsed: 505.509	Loglikelihood: -1.17635e+07	(delta): 0.0116272
45 (QN/Block) 	Elapsed: 508.749	Loglikelihood: -1.17635e+07	(delta): 0.00281825
46 (QN/Block) 	Elapsed: 507.056	Loglikelihood: -1.17635e+07	(delta): 0.000821004
47 (QN/Block) 	Elapsed: 508.357	Loglikelihood: -1.17635e+07	(delta): 0.00018823
48 (QN/Block) 	Elapsed: 505.569	Loglikelihood: -1.17635e+07	(delta): 0.000109585
49 (QN/Block) 	Elapsed: 513.493	Loglikelihood: -1.17635e+07	(delta): 6.08154e-06
Summary: 
Converged in 49 iterations (26985.8 sec)
Loglikelihood: -11763460.333599
Fst divergences between estimated populations: 
	Pop0	Pop1	Pop2	Pop3	Pop4	Pop5	Pop6	Pop7	Pop8	Pop9	Pop10	Pop11	Pop12	Pop13	Pop14	Pop15	Pop16	Pop17	Pop18	Pop19	Pop20	Pop21	Pop22	Pop23	Pop24	Pop25	Pop26	
Pop0	
Pop1	0.740	
Pop2	0.779	0.796	
Pop3	0.667	0.615	0.701	
Pop4	0.754	0.764	0.779	0.705	
Pop5	0.855	0.895	0.884	0.804	0.556	
Pop6	0.722	0.360	0.773	0.606	0.751	0.873	
Pop7	0.672	0.626	0.712	0.579	0.709	0.806	0.618	
Pop8	0.714	0.588	0.770	0.592	0.748	0.872	0.586	0.598	
Pop9	0.710	0.338	0.761	0.593	0.742	0.863	0.233	0.606	0.567	
Pop10	0.703	0.531	0.747	0.603	0.734	0.841	0.511	0.614	0.598	0.481	
Pop11	0.709	0.209	0.761	0.590	0.742	0.865	0.256	0.602	0.554	0.290	0.495	
Pop12	0.715	0.140	0.769	0.594	0.747	0.872	0.306	0.605	0.554	0.301	0.500	0.132	
Pop13	0.755	0.502	0.806	0.639	0.772	0.897	0.425	0.651	0.650	0.330	0.532	0.448	0.451	
Pop14	0.846	0.882	0.874	0.795	0.546	0.521	0.861	0.797	0.859	0.851	0.831	0.853	0.860	0.885	
Pop15	0.642	0.604	0.662	0.563	0.670	0.764	0.597	0.579	0.592	0.587	0.595	0.582	0.587	0.626	0.755	
Pop16	0.793	0.813	0.818	0.742	0.620	0.767	0.796	0.746	0.794	0.787	0.774	0.787	0.793	0.819	0.753	0.705	
Pop17	0.664	0.292	0.713	0.548	0.711	0.825	0.338	0.562	0.493	0.330	0.460	0.290	0.269	0.435	0.814	0.552	0.753	
Pop18	0.687	0.458	0.733	0.581	0.724	0.834	0.443	0.591	0.558	0.401	0.385	0.426	0.431	0.455	0.824	0.578	0.765	0.400	
Pop19	0.705	0.565	0.760	0.581	0.741	0.864	0.567	0.588	0.173	0.548	0.583	0.534	0.533	0.630	0.852	0.583	0.787	0.475	0.543	
Pop20	0.732	0.631	0.787	0.614	0.759	0.882	0.621	0.619	0.311	0.601	0.623	0.591	0.594	0.684	0.870	0.609	0.805	0.526	0.587	0.258	
Pop21	0.727	0.165	0.782	0.604	0.755	0.883	0.344	0.615	0.571	0.335	0.516	0.236	0.171	0.481	0.870	0.596	0.803	0.277	0.441	0.549	0.612	
Pop22	0.741	0.204	0.796	0.618	0.764	0.894	0.380	0.630	0.598	0.371	0.540	0.257	0.192	0.524	0.881	0.607	0.812	0.315	0.469	0.575	0.639	0.182	
Pop23	0.779	0.796	0.794	0.687	0.780	0.892	0.769	0.702	0.765	0.755	0.741	0.755	0.764	0.807	0.881	0.649	0.822	0.701	0.724	0.753	0.784	0.779	0.795	
Pop24	0.770	0.595	0.821	0.661	0.782	0.906	0.512	0.671	0.687	0.412	0.559	0.532	0.543	0.449	0.894	0.642	0.828	0.492	0.467	0.669	0.719	0.570	0.611	0.824	
Pop25	0.786	0.805	0.804	0.694	0.783	0.904	0.775	0.704	0.772	0.759	0.744	0.759	0.769	0.818	0.892	0.650	0.828	0.699	0.726	0.759	0.793	0.786	0.804	0.814	0.836	
Pop26	0.708	0.579	0.762	0.587	0.743	0.864	0.579	0.593	0.212	0.560	0.592	0.547	0.547	0.640	0.852	0.588	0.788	0.490	0.553	0.195	0.318	0.563	0.588	0.756	0.676	0.761	
Pop27	0.760	0.771	0.804	0.687	0.772	0.879	0.749	0.690	0.741	0.734	0.723	0.735	0.743	0.784	0.868	0.657	0.812	0.685	0.704	0.731	0.759	0.756	0.772	0.804	0.800	0.814	0.733	
CV error (K=28): 0.04790
Writing output files.
