****                   ADMIXTURE Version 1.3.0                  ****
****                    Copyright 2008-2015                     ****
****           David Alexander, Suyash Shringarpure,            ****
****                John  Novembre, Ken Lange                   ****
****                                                            ****
****                 Please cite our paper!                     ****
****   Information at www.genetics.ucla.edu/software/admixture  ****

Cross-validation will be performed.  Folds=10.
Parallel execution requested.  Will use 24 threads.
Random seed: 1853
Point estimation method: Block relaxation algorithm
Convergence acceleration algorithm: QuasiNewton, 3 secant conditions
Point estimation will terminate when objective function delta < 0.0001
Estimation of standard errors disabled; will compute point estimates only.
Size of G: 713x578311
Performing five EM steps to prime main algorithm
1 (EM) 	Elapsed: 158.671	Loglikelihood: -5.2853e+07	(delta): 5.35925e+08
2 (EM) 	Elapsed: 159.043	Loglikelihood: -4.58418e+07	(delta): 7.01117e+06
3 (EM) 	Elapsed: 159.631	Loglikelihood: -4.51171e+07	(delta): 724680
4 (EM) 	Elapsed: 160.747	Loglikelihood: -4.4725e+07	(delta): 392082
5 (EM) 	Elapsed: 159.039	Loglikelihood: -4.44045e+07	(delta): 320542
Initial loglikelihood: -4.44045e+07
Starting main algorithm
1 (QN/Block) 	Elapsed: 332.694	Loglikelihood: -2.66676e+07	(delta): 1.77369e+07
2 (QN/Block) 	Elapsed: 332.627	Loglikelihood: -1.94816e+07	(delta): 7.18597e+06
3 (QN/Block) 	Elapsed: 332.98	Loglikelihood: -1.71997e+07	(delta): 2.28192e+06
4 (QN/Block) 	Elapsed: 333.388	Loglikelihood: -1.59423e+07	(delta): 1.25735e+06
5 (QN/Block) 	Elapsed: 335.131	Loglikelihood: -1.5133e+07	(delta): 809384
6 (QN/Block) 	Elapsed: 335.805	Loglikelihood: -1.4815e+07	(delta): 317915
7 (QN/Block) 	Elapsed: 336.29	Loglikelihood: -1.46531e+07	(delta): 161905
8 (QN/Block) 	Elapsed: 337.097	Loglikelihood: -1.45998e+07	(delta): 53366.2
9 (QN/Block) 	Elapsed: 336	Loglikelihood: -1.45664e+07	(delta): 33365.4
10 (QN/Block) 	Elapsed: 334.337	Loglikelihood: -1.45477e+07	(delta): 18711
11 (QN/Block) 	Elapsed: 338.502	Loglikelihood: -1.45229e+07	(delta): 24791.7
12 (QN/Block) 	Elapsed: 332.622	Loglikelihood: -1.44484e+07	(delta): 74509.4
13 (QN/Block) 	Elapsed: 336.332	Loglikelihood: -1.44336e+07	(delta): 14825.9
14 (QN/Block) 	Elapsed: 333.42	Loglikelihood: -1.43947e+07	(delta): 38849.3
15 (QN/Block) 	Elapsed: 337.861	Loglikelihood: -1.43892e+07	(delta): 5504.61
16 (QN/Block) 	Elapsed: 329.774	Loglikelihood: -1.43852e+07	(delta): 4020.55
17 (QN/Block) 	Elapsed: 337.161	Loglikelihood: -1.43818e+07	(delta): 3367.9
18 (QN/Block) 	Elapsed: 334.696	Loglikelihood: -1.43782e+07	(delta): 3601.64
19 (QN/Block) 	Elapsed: 335.092	Loglikelihood: -1.43743e+07	(delta): 3975.26
20 (QN/Block) 	Elapsed: 331.652	Loglikelihood: -1.4374e+07	(delta): 291.017
21 (QN/Block) 	Elapsed: 333.311	Loglikelihood: -1.43739e+07	(delta): 76.0837
22 (QN/Block) 	Elapsed: 336.517	Loglikelihood: -1.43738e+07	(delta): 56.0689
23 (QN/Block) 	Elapsed: 338.535	Loglikelihood: -1.43738e+07	(delta): 18.5162
24 (QN/Block) 	Elapsed: 337.895	Loglikelihood: -1.43738e+07	(delta): 9.86343
25 (QN/Block) 	Elapsed: 329.821	Loglikelihood: -1.43738e+07	(delta): 6.48178
26 (QN/Block) 	Elapsed: 339.318	Loglikelihood: -1.43738e+07	(delta): 0.781565
27 (QN/Block) 	Elapsed: 333.232	Loglikelihood: -1.43738e+07	(delta): 0.00298283
28 (QN/Block) 	Elapsed: 336.989	Loglikelihood: -1.43738e+07	(delta): 0.00170471
29 (QN/Block) 	Elapsed: 340.24	Loglikelihood: -1.43738e+07	(delta): 7.82013e-05
Summary: 
Converged in 29 iterations (10534 sec)
Loglikelihood: -14373793.917854
Fst divergences between estimated populations: 
	Pop0	Pop1	Pop2	Pop3	Pop4	Pop5	Pop6	Pop7	Pop8	Pop9	Pop10	Pop11	Pop12	Pop13	Pop14	
Pop0	
Pop1	0.682	
Pop2	0.720	0.583	
Pop3	0.725	0.633	0.666	
Pop4	0.540	0.401	0.340	0.431	
Pop5	0.723	0.593	0.520	0.671	0.359	
Pop6	0.763	0.650	0.644	0.743	0.417	0.458	
Pop7	0.605	0.727	0.780	0.780	0.578	0.782	0.825	
Pop8	0.683	0.555	0.476	0.615	0.348	0.351	0.393	0.735	
Pop9	0.480	0.757	0.821	0.817	0.604	0.823	0.866	0.724	0.771	
Pop10	0.722	0.588	0.165	0.671	0.349	0.533	0.653	0.782	0.487	0.822	
Pop11	0.751	0.629	0.599	0.719	0.392	0.353	0.412	0.812	0.374	0.854	0.610	
Pop12	0.710	0.397	0.604	0.663	0.401	0.618	0.688	0.760	0.569	0.795	0.611	0.663	
Pop13	0.697	0.562	0.464	0.628	0.339	0.300	0.484	0.753	0.348	0.791	0.477	0.418	0.577	
Pop14	0.725	0.592	0.504	0.672	0.350	0.224	0.510	0.786	0.353	0.827	0.519	0.409	0.617	0.263	
Pop15	0.738	0.606	0.524	0.693	0.355	0.276	0.551	0.802	0.368	0.845	0.540	0.446	0.635	0.267	0.125	
CV error (K=16): 0.05058
Writing output files.
