****                   ADMIXTURE Version 1.3.0                  ****
****                    Copyright 2008-2015                     ****
****           David Alexander, Suyash Shringarpure,            ****
****                John  Novembre, Ken Lange                   ****
****                                                            ****
****                 Please cite our paper!                     ****
****   Information at www.genetics.ucla.edu/software/admixture  ****

Cross-validation will be performed.  Folds=10.
Parallel execution requested.  Will use 24 threads.
Random seed: 1853
Point estimation method: Block relaxation algorithm
Convergence acceleration algorithm: QuasiNewton, 3 secant conditions
Point estimation will terminate when objective function delta < 0.0001
Estimation of standard errors disabled; will compute point estimates only.
Size of G: 713x578311
Performing five EM steps to prime main algorithm
1 (EM) 	Elapsed: 274.995	Loglikelihood: -5.28325e+07	(delta): 5.31854e+08
2 (EM) 	Elapsed: 273.319	Loglikelihood: -4.56802e+07	(delta): 7.15232e+06
3 (EM) 	Elapsed: 266.36	Loglikelihood: -4.49222e+07	(delta): 757962
4 (EM) 	Elapsed: 272.498	Loglikelihood: -4.44889e+07	(delta): 433346
5 (EM) 	Elapsed: 269.529	Loglikelihood: -4.41083e+07	(delta): 380607
Initial loglikelihood: -4.41083e+07
Starting main algorithm
1 (QN/Block) 	Elapsed: 414.162	Loglikelihood: -2.44873e+07	(delta): 1.9621e+07
2 (QN/Block) 	Elapsed: 383.46	Loglikelihood: -1.75622e+07	(delta): 6.92509e+06
3 (QN/Block) 	Elapsed: 391.179	Loglikelihood: -1.56294e+07	(delta): 1.93281e+06
4 (QN/Block) 	Elapsed: 391.764	Loglikelihood: -1.45139e+07	(delta): 1.11544e+06
5 (QN/Block) 	Elapsed: 395.221	Loglikelihood: -1.38647e+07	(delta): 649278
6 (QN/Block) 	Elapsed: 385.878	Loglikelihood: -1.35143e+07	(delta): 350329
7 (QN/Block) 	Elapsed: 392.961	Loglikelihood: -1.33662e+07	(delta): 148149
8 (QN/Block) 	Elapsed: 399.709	Loglikelihood: -1.32806e+07	(delta): 85539.5
9 (QN/Block) 	Elapsed: 396.467	Loglikelihood: -1.32193e+07	(delta): 61328.1
10 (QN/Block) 	Elapsed: 396.144	Loglikelihood: -1.31743e+07	(delta): 45023
11 (QN/Block) 	Elapsed: 400.347	Loglikelihood: -1.31539e+07	(delta): 20403.8
12 (QN/Block) 	Elapsed: 398.825	Loglikelihood: -1.31421e+07	(delta): 11773.3
13 (QN/Block) 	Elapsed: 391.448	Loglikelihood: -1.31357e+07	(delta): 6440.59
14 (QN/Block) 	Elapsed: 397.751	Loglikelihood: -1.31312e+07	(delta): 4500.81
15 (QN/Block) 	Elapsed: 396.604	Loglikelihood: -1.31298e+07	(delta): 1396.22
16 (QN/Block) 	Elapsed: 395.233	Loglikelihood: -1.31292e+07	(delta): 589.833
17 (QN/Block) 	Elapsed: 399.807	Loglikelihood: -1.31279e+07	(delta): 1268.55
18 (QN/Block) 	Elapsed: 398.679	Loglikelihood: -1.31259e+07	(delta): 2040.5
19 (QN/Block) 	Elapsed: 391.182	Loglikelihood: -1.31248e+07	(delta): 1088.96
20 (QN/Block) 	Elapsed: 399.59	Loglikelihood: -1.31241e+07	(delta): 650.615
21 (QN/Block) 	Elapsed: 399.772	Loglikelihood: -1.31241e+07	(delta): 45.1025
22 (QN/Block) 	Elapsed: 399.024	Loglikelihood: -1.31241e+07	(delta): 19.0231
23 (QN/Block) 	Elapsed: 395.827	Loglikelihood: -1.31241e+07	(delta): 7.1424
24 (QN/Block) 	Elapsed: 392.442	Loglikelihood: -1.31241e+07	(delta): 1.17108
25 (QN/Block) 	Elapsed: 390.36	Loglikelihood: -1.31241e+07	(delta): 0.237184
26 (QN/Block) 	Elapsed: 392.153	Loglikelihood: -1.31241e+07	(delta): 0.193931
27 (QN/Block) 	Elapsed: 405.269	Loglikelihood: -1.31241e+07	(delta): 0.0533878
28 (QN/Block) 	Elapsed: 406.735	Loglikelihood: -1.31241e+07	(delta): 0.112501
29 (QN/Block) 	Elapsed: 398.28	Loglikelihood: -1.31241e+07	(delta): 0.0379901
30 (QN/Block) 	Elapsed: 397.754	Loglikelihood: -1.31241e+07	(delta): 0.0161268
31 (QN/Block) 	Elapsed: 397.177	Loglikelihood: -1.31241e+07	(delta): 0.00406776
32 (QN/Block) 	Elapsed: 397.972	Loglikelihood: -1.31241e+07	(delta): 0.00505641
33 (QN/Block) 	Elapsed: 400.905	Loglikelihood: -1.31241e+07	(delta): 0.0077913
34 (QN/Block) 	Elapsed: 399.358	Loglikelihood: -1.31241e+07	(delta): 0.00156214
35 (QN/Block) 	Elapsed: 396.429	Loglikelihood: -1.31241e+07	(delta): 5.07645e-05
Summary: 
Converged in 35 iterations (15261.2 sec)
Loglikelihood: -13124058.154194
Fst divergences between estimated populations: 
	Pop0	Pop1	Pop2	Pop3	Pop4	Pop5	Pop6	Pop7	Pop8	Pop9	Pop10	Pop11	Pop12	Pop13	Pop14	Pop15	Pop16	Pop17	Pop18	Pop19	
Pop0	
Pop1	0.567	
Pop2	0.409	0.441	
Pop3	0.628	0.563	0.544	
Pop4	0.484	0.224	0.361	0.497	
Pop5	0.756	0.764	0.699	0.737	0.692	
Pop6	0.623	0.558	0.541	0.208	0.495	0.730	
Pop7	0.421	0.366	0.377	0.354	0.348	0.463	0.355	
Pop8	0.753	0.758	0.721	0.743	0.719	0.770	0.740	0.556	
Pop9	0.527	0.301	0.409	0.552	0.262	0.732	0.548	0.370	0.741	
Pop10	0.795	0.807	0.762	0.789	0.763	0.814	0.784	0.586	0.620	0.786	
Pop11	0.858	0.880	0.824	0.859	0.829	0.880	0.853	0.631	0.547	0.855	0.758	
Pop12	0.549	0.523	0.512	0.516	0.495	0.560	0.515	0.360	0.619	0.516	0.651	0.699	
Pop13	0.628	0.608	0.577	0.586	0.560	0.676	0.583	0.392	0.705	0.592	0.742	0.798	0.502	
Pop14	0.605	0.574	0.459	0.675	0.472	0.808	0.667	0.426	0.782	0.465	0.828	0.897	0.567	0.660	
Pop15	0.524	0.158	0.408	0.527	0.209	0.723	0.524	0.358	0.737	0.215	0.782	0.851	0.507	0.582	0.510	
Pop16	0.490	0.279	0.393	0.482	0.244	0.673	0.480	0.345	0.709	0.312	0.751	0.816	0.487	0.546	0.487	0.266	
Pop17	0.570	0.130	0.444	0.567	0.213	0.765	0.562	0.368	0.759	0.308	0.807	0.880	0.525	0.609	0.582	0.190	0.283	
Pop18	0.868	0.891	0.833	0.869	0.838	0.890	0.863	0.636	0.563	0.865	0.768	0.539	0.705	0.806	0.908	0.861	0.825	0.891	
Pop19	0.563	0.459	0.435	0.623	0.381	0.778	0.616	0.399	0.766	0.350	0.812	0.882	0.545	0.630	0.422	0.407	0.416	0.471	0.892	
Pop20	0.629	0.564	0.546	0.184	0.498	0.738	0.217	0.355	0.744	0.553	0.789	0.859	0.517	0.587	0.676	0.528	0.483	0.568	0.869	0.624	
CV error (K=21): 0.04862
Writing output files.
