****                   ADMIXTURE Version 1.3.0                  ****
****                    Copyright 2008-2015                     ****
****           David Alexander, Suyash Shringarpure,            ****
****                John  Novembre, Ken Lange                   ****
****                                                            ****
****                 Please cite our paper!                     ****
****   Information at www.genetics.ucla.edu/software/admixture  ****

Cross-validation will be performed.  Folds=10.
Parallel execution requested.  Will use 24 threads.
Random seed: 1884
Point estimation method: Block relaxation algorithm
Convergence acceleration algorithm: QuasiNewton, 3 secant conditions
Point estimation will terminate when objective function delta < 0.0001
Estimation of standard errors disabled; will compute point estimates only.
Size of G: 713x578311
Performing five EM steps to prime main algorithm
1 (EM) 	Elapsed: 122.682	Loglikelihood: -5.27628e+07	(delta): 5.39744e+08
2 (EM) 	Elapsed: 124.377	Loglikelihood: -4.59072e+07	(delta): 6.85559e+06
3 (EM) 	Elapsed: 123.285	Loglikelihood: -4.51777e+07	(delta): 729506
4 (EM) 	Elapsed: 119.659	Loglikelihood: -4.47781e+07	(delta): 399552
5 (EM) 	Elapsed: 126.316	Loglikelihood: -4.44585e+07	(delta): 319605
Initial loglikelihood: -4.44585e+07
Starting main algorithm
1 (QN/Block) 	Elapsed: 260.737	Loglikelihood: -2.68001e+07	(delta): 1.76584e+07
2 (QN/Block) 	Elapsed: 254.898	Loglikelihood: -1.94485e+07	(delta): 7.35163e+06
3 (QN/Block) 	Elapsed: 265.894	Loglikelihood: -1.73654e+07	(delta): 2.08306e+06
4 (QN/Block) 	Elapsed: 256.112	Loglikelihood: -1.61273e+07	(delta): 1.23815e+06
5 (QN/Block) 	Elapsed: 259.271	Loglikelihood: -1.54462e+07	(delta): 681069
6 (QN/Block) 	Elapsed: 253.834	Loglikelihood: -1.52002e+07	(delta): 246071
7 (QN/Block) 	Elapsed: 257.227	Loglikelihood: -1.50866e+07	(delta): 113527
8 (QN/Block) 	Elapsed: 252.71	Loglikelihood: -1.50626e+07	(delta): 24007.1
9 (QN/Block) 	Elapsed: 264.305	Loglikelihood: -1.5055e+07	(delta): 7666.02
10 (QN/Block) 	Elapsed: 266.074	Loglikelihood: -1.50536e+07	(delta): 1373.94
11 (QN/Block) 	Elapsed: 265.738	Loglikelihood: -1.50531e+07	(delta): 503.295
12 (QN/Block) 	Elapsed: 267.232	Loglikelihood: -1.50529e+07	(delta): 224.647
13 (QN/Block) 	Elapsed: 262.868	Loglikelihood: -1.50528e+07	(delta): 70.5681
14 (QN/Block) 	Elapsed: 257.762	Loglikelihood: -1.50528e+07	(delta): 3.36543
15 (QN/Block) 	Elapsed: 252.752	Loglikelihood: -1.50528e+07	(delta): 0.70642
16 (QN/Block) 	Elapsed: 257.504	Loglikelihood: -1.50528e+07	(delta): 0.0403838
17 (QN/Block) 	Elapsed: 259.434	Loglikelihood: -1.50528e+07	(delta): 0.0143702
18 (QN/Block) 	Elapsed: 262.843	Loglikelihood: -1.50528e+07	(delta): 0.00133574
19 (QN/Block) 	Elapsed: 261.205	Loglikelihood: -1.50528e+07	(delta): 3.84487e-05
Summary: 
Converged in 19 iterations (5563.71 sec)
Loglikelihood: -15052783.371358
Fst divergences between estimated populations: 
	Pop0	Pop1	Pop2	Pop3	Pop4	Pop5	Pop6	Pop7	Pop8	Pop9	Pop10	Pop11	
Pop0	
Pop1	0.414	
Pop2	0.803	0.796	
Pop3	0.127	0.381	0.786	
Pop4	0.368	0.329	0.736	0.353	
Pop5	0.265	0.391	0.753	0.260	0.346	
Pop6	0.601	0.610	0.743	0.583	0.543	0.547	
Pop7	0.437	0.455	0.605	0.428	0.417	0.412	0.437	
Pop8	0.533	0.547	0.687	0.522	0.494	0.496	0.516	0.408	
Pop9	0.685	0.688	0.777	0.664	0.610	0.620	0.632	0.459	0.572	
Pop10	0.503	0.549	0.771	0.485	0.463	0.447	0.561	0.420	0.496	0.646	
Pop11	0.790	0.784	0.667	0.774	0.726	0.742	0.733	0.600	0.679	0.766	0.760	
Pop12	0.272	0.312	0.781	0.217	0.346	0.296	0.584	0.433	0.524	0.661	0.499	0.769	
CV error (K=13): 0.05133
Writing output files.
