****                   ADMIXTURE Version 1.3.0                  ****
****                    Copyright 2008-2015                     ****
****           David Alexander, Suyash Shringarpure,            ****
****                John  Novembre, Ken Lange                   ****
****                                                            ****
****                 Please cite our paper!                     ****
****   Information at www.genetics.ucla.edu/software/admixture  ****

Cross-validation will be performed.  Folds=10.
Parallel execution requested.  Will use 24 threads.
Random seed: 1830
Point estimation method: Block relaxation algorithm
Convergence acceleration algorithm: QuasiNewton, 3 secant conditions
Point estimation will terminate when objective function delta < 0.0001
Estimation of standard errors disabled; will compute point estimates only.
Size of G: 713x578311
Performing five EM steps to prime main algorithm
1 (EM) 	Elapsed: 246.405	Loglikelihood: -5.28539e+07	(delta): 5.33281e+08
2 (EM) 	Elapsed: 243.596	Loglikelihood: -4.57719e+07	(delta): 7.08192e+06
3 (EM) 	Elapsed: 243.733	Loglikelihood: -4.50273e+07	(delta): 744680
4 (EM) 	Elapsed: 251.689	Loglikelihood: -4.4582e+07	(delta): 445213
5 (EM) 	Elapsed: 246.262	Loglikelihood: -4.41555e+07	(delta): 426557
Initial loglikelihood: -4.41555e+07
Starting main algorithm
1 (QN/Block) 	Elapsed: 379.582	Loglikelihood: -2.49057e+07	(delta): 1.92498e+07
2 (QN/Block) 	Elapsed: 369.537	Loglikelihood: -1.78423e+07	(delta): 7.06338e+06
3 (QN/Block) 	Elapsed: 370.386	Loglikelihood: -1.5989e+07	(delta): 1.85323e+06
4 (QN/Block) 	Elapsed: 374.433	Loglikelihood: -1.48195e+07	(delta): 1.16953e+06
5 (QN/Block) 	Elapsed: 370.447	Loglikelihood: -1.41667e+07	(delta): 652819
6 (QN/Block) 	Elapsed: 370	Loglikelihood: -1.38332e+07	(delta): 333450
7 (QN/Block) 	Elapsed: 378.14	Loglikelihood: -1.37118e+07	(delta): 121488
8 (QN/Block) 	Elapsed: 374.289	Loglikelihood: -1.36748e+07	(delta): 36922.9
9 (QN/Block) 	Elapsed: 367.045	Loglikelihood: -1.3648e+07	(delta): 26838.6
10 (QN/Block) 	Elapsed: 380.791	Loglikelihood: -1.36418e+07	(delta): 6234.24
11 (QN/Block) 	Elapsed: 381.891	Loglikelihood: -1.36391e+07	(delta): 2646.94
12 (QN/Block) 	Elapsed: 377.397	Loglikelihood: -1.36384e+07	(delta): 720.2
13 (QN/Block) 	Elapsed: 380.551	Loglikelihood: -1.3638e+07	(delta): 360.659
14 (QN/Block) 	Elapsed: 381.989	Loglikelihood: -1.36377e+07	(delta): 359.94
15 (QN/Block) 	Elapsed: 383.66	Loglikelihood: -1.36376e+07	(delta): 76.2105
16 (QN/Block) 	Elapsed: 381.224	Loglikelihood: -1.36376e+07	(delta): 16.3333
17 (QN/Block) 	Elapsed: 380.663	Loglikelihood: -1.36376e+07	(delta): 11.0443
18 (QN/Block) 	Elapsed: 387.696	Loglikelihood: -1.36376e+07	(delta): 6.21892
19 (QN/Block) 	Elapsed: 394.812	Loglikelihood: -1.36376e+07	(delta): 3.94326
20 (QN/Block) 	Elapsed: 377.388	Loglikelihood: -1.36376e+07	(delta): 3.12043
21 (QN/Block) 	Elapsed: 364.084	Loglikelihood: -1.36376e+07	(delta): 2.18269
22 (QN/Block) 	Elapsed: 359.532	Loglikelihood: -1.36376e+07	(delta): 3.92459
23 (QN/Block) 	Elapsed: 373.278	Loglikelihood: -1.36376e+07	(delta): 0.999953
24 (QN/Block) 	Elapsed: 377.254	Loglikelihood: -1.36376e+07	(delta): 0.358533
25 (QN/Block) 	Elapsed: 375.159	Loglikelihood: -1.36376e+07	(delta): 0.248766
26 (QN/Block) 	Elapsed: 372.506	Loglikelihood: -1.36376e+07	(delta): 0.0791702
27 (QN/Block) 	Elapsed: 367.511	Loglikelihood: -1.36376e+07	(delta): 0.0415859
28 (QN/Block) 	Elapsed: 355.992	Loglikelihood: -1.36376e+07	(delta): 0.0211717
29 (QN/Block) 	Elapsed: 358.991	Loglikelihood: -1.36376e+07	(delta): 0.024044
30 (QN/Block) 	Elapsed: 359.416	Loglikelihood: -1.36376e+07	(delta): 0.012921
31 (QN/Block) 	Elapsed: 357.564	Loglikelihood: -1.36376e+07	(delta): 0.000708083
32 (QN/Block) 	Elapsed: 359.288	Loglikelihood: -1.36376e+07	(delta): 0.000440281
33 (QN/Block) 	Elapsed: 360.174	Loglikelihood: -1.36376e+07	(delta): 6.24005e-05
Summary: 
Converged in 33 iterations (13551.8 sec)
Loglikelihood: -13637553.451215
Fst divergences between estimated populations: 
	Pop0	Pop1	Pop2	Pop3	Pop4	Pop5	Pop6	Pop7	Pop8	Pop9	Pop10	Pop11	Pop12	Pop13	Pop14	Pop15	Pop16	Pop17	
Pop0	
Pop1	0.588	
Pop2	0.143	0.593	
Pop3	0.408	0.603	0.410	
Pop4	0.247	0.585	0.270	0.427	
Pop5	0.536	0.580	0.537	0.574	0.537	
Pop6	0.795	0.705	0.802	0.797	0.787	0.781	
Pop7	0.596	0.563	0.601	0.611	0.592	0.578	0.742	
Pop8	0.547	0.641	0.556	0.611	0.502	0.656	0.827	0.659	
Pop9	0.525	0.577	0.525	0.567	0.527	0.161	0.780	0.573	0.651	
Pop10	0.300	0.588	0.310	0.443	0.235	0.546	0.789	0.595	0.441	0.537	
Pop11	0.414	0.435	0.412	0.436	0.417	0.398	0.614	0.426	0.473	0.391	0.420	
Pop12	0.838	0.737	0.846	0.839	0.828	0.822	0.725	0.776	0.869	0.822	0.830	0.641	
Pop13	0.682	0.622	0.686	0.687	0.678	0.674	0.582	0.650	0.708	0.673	0.680	0.552	0.535	
Pop14	0.383	0.552	0.380	0.445	0.373	0.496	0.742	0.550	0.411	0.488	0.363	0.401	0.778	0.651	
Pop15	0.745	0.634	0.756	0.753	0.733	0.724	0.814	0.676	0.807	0.722	0.736	0.503	0.854	0.696	0.667	
Pop16	0.239	0.536	0.232	0.233	0.268	0.447	0.738	0.530	0.450	0.436	0.282	0.378	0.776	0.646	0.329	0.652	
Pop17	0.457	0.625	0.463	0.559	0.409	0.619	0.818	0.638	0.441	0.613	0.351	0.452	0.860	0.700	0.399	0.788	0.393	
Pop18	0.181	0.601	0.107	0.437	0.281	0.555	0.808	0.610	0.584	0.544	0.332	0.421	0.852	0.690	0.398	0.767	0.251	0.494	
CV error (K=19): 0.04956
Writing output files.
