****                   ADMIXTURE Version 1.3.0                  ****
****                    Copyright 2008-2015                     ****
****           David Alexander, Suyash Shringarpure,            ****
****                John  Novembre, Ken Lange                   ****
****                                                            ****
****                 Please cite our paper!                     ****
****   Information at www.genetics.ucla.edu/software/admixture  ****

Cross-validation will be performed.  Folds=10.
Parallel execution requested.  Will use 24 threads.
Random seed: 1230
Point estimation method: Block relaxation algorithm
Convergence acceleration algorithm: QuasiNewton, 3 secant conditions
Point estimation will terminate when objective function delta < 0.0001
Estimation of standard errors disabled; will compute point estimates only.
Size of G: 713x578311
Performing five EM steps to prime main algorithm
1 (EM) 	Elapsed: 247.041	Loglikelihood: -5.28221e+07	(delta): 5.33508e+08
2 (EM) 	Elapsed: 239.882	Loglikelihood: -4.57104e+07	(delta): 7.11168e+06
3 (EM) 	Elapsed: 243.271	Loglikelihood: -4.49604e+07	(delta): 750079
4 (EM) 	Elapsed: 238.482	Loglikelihood: -4.45333e+07	(delta): 427040
5 (EM) 	Elapsed: 242.291	Loglikelihood: -4.4162e+07	(delta): 371286
Initial loglikelihood: -4.4162e+07
Starting main algorithm
1 (QN/Block) 	Elapsed: 371.393	Loglikelihood: -2.49108e+07	(delta): 1.92512e+07
2 (QN/Block) 	Elapsed: 369.07	Loglikelihood: -1.84082e+07	(delta): 6.50265e+06
3 (QN/Block) 	Elapsed: 368.57	Loglikelihood: -1.64076e+07	(delta): 2.00062e+06
4 (QN/Block) 	Elapsed: 371.287	Loglikelihood: -1.50801e+07	(delta): 1.32744e+06
5 (QN/Block) 	Elapsed: 370.871	Loglikelihood: -1.42896e+07	(delta): 790468
6 (QN/Block) 	Elapsed: 371.616	Loglikelihood: -1.38472e+07	(delta): 442396
7 (QN/Block) 	Elapsed: 371.156	Loglikelihood: -1.36031e+07	(delta): 244188
8 (QN/Block) 	Elapsed: 373.486	Loglikelihood: -1.34118e+07	(delta): 191216
9 (QN/Block) 	Elapsed: 371.439	Loglikelihood: -1.33346e+07	(delta): 77205.4
10 (QN/Block) 	Elapsed: 369.919	Loglikelihood: -1.33099e+07	(delta): 24710.6
11 (QN/Block) 	Elapsed: 371.004	Loglikelihood: -1.33018e+07	(delta): 8147.29
12 (QN/Block) 	Elapsed: 372.143	Loglikelihood: -1.3298e+07	(delta): 3791.16
13 (QN/Block) 	Elapsed: 371.35	Loglikelihood: -1.32976e+07	(delta): 357.853
14 (QN/Block) 	Elapsed: 366.157	Loglikelihood: -1.32975e+07	(delta): 129.952
15 (QN/Block) 	Elapsed: 368.48	Loglikelihood: -1.32975e+07	(delta): 34.6335
16 (QN/Block) 	Elapsed: 371.191	Loglikelihood: -1.32975e+07	(delta): 8.33279
17 (QN/Block) 	Elapsed: 374.003	Loglikelihood: -1.32975e+07	(delta): 0.615666
18 (QN/Block) 	Elapsed: 381.02	Loglikelihood: -1.32975e+07	(delta): 0.313348
19 (QN/Block) 	Elapsed: 384.168	Loglikelihood: -1.32975e+07	(delta): 0.303375
20 (QN/Block) 	Elapsed: 382.456	Loglikelihood: -1.32975e+07	(delta): 0.20318
21 (QN/Block) 	Elapsed: 382.085	Loglikelihood: -1.32975e+07	(delta): 0.227501
22 (QN/Block) 	Elapsed: 373.939	Loglikelihood: -1.32975e+07	(delta): 0.22323
23 (QN/Block) 	Elapsed: 378.051	Loglikelihood: -1.32975e+07	(delta): 0.235185
24 (QN/Block) 	Elapsed: 378.868	Loglikelihood: -1.32975e+07	(delta): 0.171215
25 (QN/Block) 	Elapsed: 375.075	Loglikelihood: -1.32975e+07	(delta): 0.0538014
26 (QN/Block) 	Elapsed: 368.343	Loglikelihood: -1.32975e+07	(delta): 0.0280695
27 (QN/Block) 	Elapsed: 372.232	Loglikelihood: -1.32975e+07	(delta): 0.0351427
28 (QN/Block) 	Elapsed: 371.091	Loglikelihood: -1.32975e+07	(delta): 0.0161902
29 (QN/Block) 	Elapsed: 372.15	Loglikelihood: -1.32975e+07	(delta): 0.0331318
30 (QN/Block) 	Elapsed: 374.186	Loglikelihood: -1.32975e+07	(delta): 0.0066559
31 (QN/Block) 	Elapsed: 374.716	Loglikelihood: -1.32975e+07	(delta): 0.00129769
32 (QN/Block) 	Elapsed: 376.486	Loglikelihood: -1.32975e+07	(delta): 0.0011738
33 (QN/Block) 	Elapsed: 376.462	Loglikelihood: -1.32975e+07	(delta): 0.001137
34 (QN/Block) 	Elapsed: 378.143	Loglikelihood: -1.32975e+07	(delta): 0.000158768
35 (QN/Block) 	Elapsed: 369.439	Loglikelihood: -1.32975e+07	(delta): 1.21761e-05
Summary: 
Converged in 35 iterations (14302.1 sec)
Loglikelihood: -13297454.658122
Fst divergences between estimated populations: 
	Pop0	Pop1	Pop2	Pop3	Pop4	Pop5	Pop6	Pop7	Pop8	Pop9	Pop10	Pop11	Pop12	Pop13	Pop14	Pop15	Pop16	Pop17	
Pop0	
Pop1	0.284	
Pop2	0.478	0.466	
Pop3	0.415	0.408	0.363	
Pop4	0.501	0.477	0.470	0.416	
Pop5	0.605	0.578	0.507	0.442	0.597	
Pop6	0.781	0.758	0.655	0.597	0.779	0.755	
Pop7	0.210	0.327	0.487	0.424	0.523	0.612	0.784	
Pop8	0.379	0.410	0.507	0.444	0.568	0.635	0.796	0.308	
Pop9	0.362	0.368	0.464	0.412	0.486	0.570	0.741	0.358	0.341	
Pop10	0.147	0.294	0.490	0.425	0.526	0.628	0.803	0.284	0.418	0.384	
Pop11	0.822	0.797	0.684	0.625	0.820	0.789	0.724	0.824	0.836	0.777	0.846	
Pop12	0.242	0.233	0.465	0.408	0.474	0.581	0.760	0.292	0.382	0.341	0.258	0.799	
Pop13	0.729	0.692	0.568	0.474	0.728	0.701	0.818	0.735	0.758	0.672	0.765	0.858	0.695	
Pop14	0.721	0.702	0.613	0.559	0.719	0.705	0.605	0.724	0.736	0.689	0.739	0.480	0.703	0.759	
Pop15	0.180	0.296	0.491	0.427	0.527	0.628	0.801	0.291	0.424	0.384	0.120	0.844	0.254	0.763	0.738	
Pop16	0.517	0.491	0.478	0.424	0.166	0.604	0.782	0.538	0.581	0.498	0.544	0.823	0.489	0.734	0.723	0.545	
Pop17	0.643	0.613	0.530	0.463	0.634	0.311	0.777	0.649	0.672	0.601	0.669	0.812	0.616	0.737	0.726	0.668	0.641	
Pop18	0.593	0.570	0.498	0.449	0.578	0.597	0.746	0.601	0.623	0.561	0.614	0.778	0.571	0.692	0.697	0.614	0.586	0.625	
CV error (K=19): 0.04904
Writing output files.
