****                   ADMIXTURE Version 1.3.0                  ****
****                    Copyright 2008-2015                     ****
****           David Alexander, Suyash Shringarpure,            ****
****                John  Novembre, Ken Lange                   ****
****                                                            ****
****                 Please cite our paper!                     ****
****   Information at www.genetics.ucla.edu/software/admixture  ****

Cross-validation will be performed.  Folds=10.
Parallel execution requested.  Will use 24 threads.
Random seed: 1322
Point estimation method: Block relaxation algorithm
Convergence acceleration algorithm: QuasiNewton, 3 secant conditions
Point estimation will terminate when objective function delta < 0.0001
Estimation of standard errors disabled; will compute point estimates only.
Size of G: 713x578311
Performing five EM steps to prime main algorithm
1 (EM) 	Elapsed: 294.381	Loglikelihood: -5.28597e+07	(delta): 5.30549e+08
2 (EM) 	Elapsed: 293.44	Loglikelihood: -4.57011e+07	(delta): 7.15856e+06
3 (EM) 	Elapsed: 292.398	Loglikelihood: -4.49744e+07	(delta): 726674
4 (EM) 	Elapsed: 291.892	Loglikelihood: -4.45787e+07	(delta): 395710
5 (EM) 	Elapsed: 294.186	Loglikelihood: -4.42456e+07	(delta): 333101
Initial loglikelihood: -4.42456e+07
Starting main algorithm
1 (QN/Block) 	Elapsed: 430.525	Loglikelihood: -2.50722e+07	(delta): 1.91735e+07
2 (QN/Block) 	Elapsed: 430.173	Loglikelihood: -1.7898e+07	(delta): 7.17417e+06
3 (QN/Block) 	Elapsed: 432.116	Loglikelihood: -1.5395e+07	(delta): 2.50303e+06
4 (QN/Block) 	Elapsed: 453.948	Loglikelihood: -1.42122e+07	(delta): 1.18276e+06
5 (QN/Block) 	Elapsed: 460.326	Loglikelihood: -1.34611e+07	(delta): 751083
6 (QN/Block) 	Elapsed: 475.133	Loglikelihood: -1.29875e+07	(delta): 473624
7 (QN/Block) 	Elapsed: 459.041	Loglikelihood: -1.27203e+07	(delta): 267160
8 (QN/Block) 	Elapsed: 447.047	Loglikelihood: -1.26386e+07	(delta): 81684.2
9 (QN/Block) 	Elapsed: 442.518	Loglikelihood: -1.26106e+07	(delta): 28023.7
10 (QN/Block) 	Elapsed: 442.22	Loglikelihood: -1.25979e+07	(delta): 12740.6
11 (QN/Block) 	Elapsed: 447.828	Loglikelihood: -1.25905e+07	(delta): 7362.76
12 (QN/Block) 	Elapsed: 454.213	Loglikelihood: -1.25881e+07	(delta): 2456.29
13 (QN/Block) 	Elapsed: 457.305	Loglikelihood: -1.25866e+07	(delta): 1424.83
14 (QN/Block) 	Elapsed: 454.257	Loglikelihood: -1.25823e+07	(delta): 4322.51
15 (QN/Block) 	Elapsed: 446.351	Loglikelihood: -1.25786e+07	(delta): 3727.05
16 (QN/Block) 	Elapsed: 446.078	Loglikelihood: -1.25742e+07	(delta): 4435.46
17 (QN/Block) 	Elapsed: 444.668	Loglikelihood: -1.25713e+07	(delta): 2869.47
18 (QN/Block) 	Elapsed: 446.679	Loglikelihood: -1.2567e+07	(delta): 4310.65
19 (QN/Block) 	Elapsed: 439.685	Loglikelihood: -1.25655e+07	(delta): 1439.8
20 (QN/Block) 	Elapsed: 442.808	Loglikelihood: -1.25648e+07	(delta): 701.152
21 (QN/Block) 	Elapsed: 445.181	Loglikelihood: -1.25642e+07	(delta): 658.052
22 (QN/Block) 	Elapsed: 447.068	Loglikelihood: -1.25641e+07	(delta): 45.6784
23 (QN/Block) 	Elapsed: 444.557	Loglikelihood: -1.25641e+07	(delta): 5.1598
24 (QN/Block) 	Elapsed: 449.014	Loglikelihood: -1.25641e+07	(delta): 1.75244
25 (QN/Block) 	Elapsed: 450.888	Loglikelihood: -1.25641e+07	(delta): 0.220708
26 (QN/Block) 	Elapsed: 442.98	Loglikelihood: -1.25641e+07	(delta): 0.0196392
27 (QN/Block) 	Elapsed: 446.123	Loglikelihood: -1.25641e+07	(delta): 0.00499483
28 (QN/Block) 	Elapsed: 446.031	Loglikelihood: -1.25641e+07	(delta): 0.00174393
29 (QN/Block) 	Elapsed: 445.272	Loglikelihood: -1.25641e+07	(delta): 0.000174994
30 (QN/Block) 	Elapsed: 448.149	Loglikelihood: -1.25641e+07	(delta): 2.6593e-05
Summary: 
Converged in 30 iterations (14903.3 sec)
Loglikelihood: -12564122.770108
Fst divergences between estimated populations: 
	Pop0	Pop1	Pop2	Pop3	Pop4	Pop5	Pop6	Pop7	Pop8	Pop9	Pop10	Pop11	Pop12	Pop13	Pop14	Pop15	Pop16	Pop17	Pop18	Pop19	Pop20	Pop21	
Pop0	
Pop1	0.830	
Pop2	0.228	0.819	
Pop3	0.258	0.825	0.168	
Pop4	0.717	0.822	0.700	0.709	
Pop5	0.692	0.865	0.661	0.676	0.770	
Pop6	0.582	0.826	0.550	0.563	0.715	0.500	
Pop7	0.590	0.847	0.550	0.567	0.734	0.584	0.326	
Pop8	0.598	0.771	0.577	0.587	0.667	0.661	0.598	0.610	
Pop9	0.794	0.719	0.783	0.789	0.793	0.828	0.790	0.809	0.742	
Pop10	0.543	0.811	0.510	0.524	0.693	0.515	0.288	0.245	0.578	0.776	
Pop11	0.562	0.826	0.526	0.541	0.710	0.531	0.256	0.170	0.590	0.789	0.232	
Pop12	0.555	0.823	0.519	0.533	0.707	0.524	0.299	0.135	0.586	0.787	0.229	0.166	
Pop13	0.549	0.791	0.523	0.534	0.679	0.548	0.418	0.398	0.571	0.759	0.368	0.384	0.377	
Pop14	0.588	0.763	0.569	0.577	0.660	0.654	0.596	0.604	0.567	0.735	0.575	0.587	0.582	0.571	
Pop15	0.795	0.877	0.775	0.787	0.798	0.858	0.792	0.825	0.720	0.844	0.766	0.790	0.786	0.740	0.707	
Pop16	0.572	0.821	0.540	0.553	0.708	0.407	0.221	0.329	0.591	0.785	0.301	0.285	0.287	0.416	0.589	0.783	
Pop17	0.657	0.855	0.624	0.639	0.755	0.449	0.412	0.491	0.640	0.819	0.446	0.446	0.439	0.505	0.635	0.842	0.328	
Pop18	0.748	0.493	0.736	0.742	0.753	0.781	0.744	0.759	0.704	0.619	0.730	0.742	0.739	0.717	0.698	0.799	0.739	0.771	
Pop19	0.757	0.854	0.736	0.747	0.774	0.819	0.748	0.778	0.682	0.819	0.722	0.745	0.740	0.699	0.678	0.851	0.739	0.800	0.773	
Pop20	0.490	0.778	0.461	0.473	0.655	0.477	0.317	0.274	0.539	0.745	0.248	0.271	0.261	0.264	0.540	0.716	0.319	0.422	0.702	0.671	
Pop21	0.596	0.733	0.580	0.587	0.642	0.643	0.591	0.600	0.562	0.705	0.574	0.583	0.581	0.571	0.568	0.685	0.585	0.626	0.669	0.639	0.544	
Pop22	0.521	0.773	0.495	0.506	0.657	0.414	0.383	0.394	0.551	0.742	0.364	0.376	0.363	0.424	0.550	0.712	0.350	0.401	0.701	0.674	0.349	0.552	
CV error (K=23): 0.04778
Writing output files.
