****                   ADMIXTURE Version 1.3.0                  ****
****                    Copyright 2008-2015                     ****
****           David Alexander, Suyash Shringarpure,            ****
****                John  Novembre, Ken Lange                   ****
****                                                            ****
****                 Please cite our paper!                     ****
****   Information at www.genetics.ucla.edu/software/admixture  ****

Cross-validation will be performed.  Folds=10.
Parallel execution requested.  Will use 24 threads.
Random seed: 1884
Point estimation method: Block relaxation algorithm
Convergence acceleration algorithm: QuasiNewton, 3 secant conditions
Point estimation will terminate when objective function delta < 0.0001
Estimation of standard errors disabled; will compute point estimates only.
Size of G: 713x578311
Performing five EM steps to prime main algorithm
1 (EM) 	Elapsed: 351.019	Loglikelihood: -5.28278e+07	(delta): 5.2886e+08
2 (EM) 	Elapsed: 366.357	Loglikelihood: -4.56215e+07	(delta): 7.2062e+06
3 (EM) 	Elapsed: 370.156	Loglikelihood: -4.48864e+07	(delta): 735166
4 (EM) 	Elapsed: 364.025	Loglikelihood: -4.4475e+07	(delta): 411421
5 (EM) 	Elapsed: 371.994	Loglikelihood: -4.41204e+07	(delta): 354561
Initial loglikelihood: -4.41204e+07
Starting main algorithm
1 (QN/Block) 	Elapsed: 482.11	Loglikelihood: -2.40695e+07	(delta): 2.00509e+07
2 (QN/Block) 	Elapsed: 481.732	Loglikelihood: -1.64067e+07	(delta): 7.66287e+06
3 (QN/Block) 	Elapsed: 487.906	Loglikelihood: -1.4423e+07	(delta): 1.98367e+06
4 (QN/Block) 	Elapsed: 488.984	Loglikelihood: -1.33279e+07	(delta): 1.09511e+06
5 (QN/Block) 	Elapsed: 492.481	Loglikelihood: -1.27162e+07	(delta): 611665
6 (QN/Block) 	Elapsed: 490.395	Loglikelihood: -1.24159e+07	(delta): 300316
7 (QN/Block) 	Elapsed: 488.328	Loglikelihood: -1.23347e+07	(delta): 81218.7
8 (QN/Block) 	Elapsed: 493.588	Loglikelihood: -1.23067e+07	(delta): 27968
9 (QN/Block) 	Elapsed: 487.756	Loglikelihood: -1.22947e+07	(delta): 12064.7
10 (QN/Block) 	Elapsed: 496.523	Loglikelihood: -1.2283e+07	(delta): 11633.8
11 (QN/Block) 	Elapsed: 492.092	Loglikelihood: -1.22754e+07	(delta): 7667.22
12 (QN/Block) 	Elapsed: 491.938	Loglikelihood: -1.22682e+07	(delta): 7212.69
13 (QN/Block) 	Elapsed: 494.402	Loglikelihood: -1.22616e+07	(delta): 6533.9
14 (QN/Block) 	Elapsed: 492.888	Loglikelihood: -1.226e+07	(delta): 1661.05
15 (QN/Block) 	Elapsed: 490.576	Loglikelihood: -1.22594e+07	(delta): 527.351
16 (QN/Block) 	Elapsed: 491.529	Loglikelihood: -1.22589e+07	(delta): 517.216
17 (QN/Block) 	Elapsed: 498.227	Loglikelihood: -1.22587e+07	(delta): 253.622
18 (QN/Block) 	Elapsed: 497.813	Loglikelihood: -1.22575e+07	(delta): 1192.78
19 (QN/Block) 	Elapsed: 495.075	Loglikelihood: -1.22563e+07	(delta): 1129.36
20 (QN/Block) 	Elapsed: 512.471	Loglikelihood: -1.22557e+07	(delta): 626.524
21 (QN/Block) 	Elapsed: 511.35	Loglikelihood: -1.22549e+07	(delta): 836.224
22 (QN/Block) 	Elapsed: 511.802	Loglikelihood: -1.22533e+07	(delta): 1541.76
23 (QN/Block) 	Elapsed: 512.654	Loglikelihood: -1.22475e+07	(delta): 5811.03
24 (QN/Block) 	Elapsed: 532.68	Loglikelihood: -1.22225e+07	(delta): 24998.4
25 (QN/Block) 	Elapsed: 522.19	Loglikelihood: -1.22116e+07	(delta): 10882
26 (QN/Block) 	Elapsed: 518.677	Loglikelihood: -1.22081e+07	(delta): 3556.41
27 (QN/Block) 	Elapsed: 515.69	Loglikelihood: -1.22061e+07	(delta): 1987.54
28 (QN/Block) 	Elapsed: 515.896	Loglikelihood: -1.22055e+07	(delta): 630.406
29 (QN/Block) 	Elapsed: 517.788	Loglikelihood: -1.22053e+07	(delta): 141.845
30 (QN/Block) 	Elapsed: 517.197	Loglikelihood: -1.22053e+07	(delta): 39.0006
31 (QN/Block) 	Elapsed: 516.566	Loglikelihood: -1.22053e+07	(delta): 8.55752
32 (QN/Block) 	Elapsed: 517.169	Loglikelihood: -1.22053e+07	(delta): 5.49528
33 (QN/Block) 	Elapsed: 517.753	Loglikelihood: -1.22053e+07	(delta): 2.71623
34 (QN/Block) 	Elapsed: 519.608	Loglikelihood: -1.22053e+07	(delta): 0.9712
35 (QN/Block) 	Elapsed: 520.046	Loglikelihood: -1.22053e+07	(delta): 1.05885
36 (QN/Block) 	Elapsed: 519.381	Loglikelihood: -1.22053e+07	(delta): 0.719752
37 (QN/Block) 	Elapsed: 516.901	Loglikelihood: -1.22053e+07	(delta): 2.12864
38 (QN/Block) 	Elapsed: 517.235	Loglikelihood: -1.22053e+07	(delta): 1.16506
39 (QN/Block) 	Elapsed: 516.395	Loglikelihood: -1.22053e+07	(delta): 0.123998
40 (QN/Block) 	Elapsed: 518.117	Loglikelihood: -1.22053e+07	(delta): 0.0485672
41 (QN/Block) 	Elapsed: 515.54	Loglikelihood: -1.22053e+07	(delta): 0.0374407
42 (QN/Block) 	Elapsed: 517.9	Loglikelihood: -1.22053e+07	(delta): 0.0285355
43 (QN/Block) 	Elapsed: 519.087	Loglikelihood: -1.22053e+07	(delta): 0.0263791
44 (QN/Block) 	Elapsed: 519.331	Loglikelihood: -1.22053e+07	(delta): 0.008229
45 (QN/Block) 	Elapsed: 516.474	Loglikelihood: -1.22053e+07	(delta): 0.00325334
46 (QN/Block) 	Elapsed: 523.99	Loglikelihood: -1.22053e+07	(delta): 0.000930505
47 (QN/Block) 	Elapsed: 501.676	Loglikelihood: -1.22053e+07	(delta): 0.000683935
48 (QN/Block) 	Elapsed: 499.547	Loglikelihood: -1.22053e+07	(delta): 0.000424871
49 (QN/Block) 	Elapsed: 498.561	Loglikelihood: -1.22053e+07	(delta): 6.2339e-05
Summary: 
Converged in 49 iterations (26671.5 sec)
Loglikelihood: -12205265.353168
Fst divergences between estimated populations: 
	Pop0	Pop1	Pop2	Pop3	Pop4	Pop5	Pop6	Pop7	Pop8	Pop9	Pop10	Pop11	Pop12	Pop13	Pop14	Pop15	Pop16	Pop17	Pop18	Pop19	Pop20	Pop21	Pop22	Pop23	Pop24	Pop25	
Pop0	
Pop1	0.553	
Pop2	0.482	0.464	
Pop3	0.266	0.558	0.484	
Pop4	0.522	0.612	0.515	0.537	
Pop5	0.519	0.619	0.515	0.530	0.503	
Pop6	0.318	0.486	0.452	0.314	0.484	0.477	
Pop7	0.862	0.861	0.703	0.870	0.857	0.871	0.827	
Pop8	0.761	0.760	0.574	0.773	0.770	0.788	0.705	0.906	
Pop9	0.307	0.552	0.482	0.199	0.539	0.531	0.281	0.878	0.782	
Pop10	0.327	0.563	0.485	0.292	0.552	0.538	0.289	0.886	0.795	0.207	
Pop11	0.221	0.552	0.481	0.315	0.503	0.491	0.332	0.861	0.760	0.319	0.345	
Pop12	0.268	0.560	0.485	0.229	0.542	0.527	0.315	0.875	0.780	0.230	0.274	0.312	
Pop13	0.742	0.740	0.620	0.747	0.747	0.756	0.712	0.556	0.785	0.751	0.758	0.741	0.751	
Pop14	0.556	0.211	0.465	0.562	0.616	0.624	0.488	0.866	0.768	0.555	0.567	0.555	0.564	0.744	
Pop15	0.554	0.213	0.464	0.559	0.614	0.622	0.486	0.865	0.765	0.552	0.564	0.552	0.561	0.743	0.180	
Pop16	0.672	0.670	0.525	0.680	0.692	0.703	0.624	0.845	0.372	0.684	0.693	0.670	0.685	0.735	0.675	0.673	
Pop17	0.338	0.576	0.490	0.265	0.567	0.560	0.298	0.898	0.813	0.149	0.184	0.342	0.264	0.766	0.581	0.578	0.707	
Pop18	0.850	0.849	0.696	0.858	0.847	0.860	0.816	0.521	0.894	0.865	0.873	0.849	0.863	0.546	0.854	0.853	0.835	0.885	
Pop19	0.456	0.568	0.491	0.472	0.428	0.369	0.425	0.842	0.742	0.474	0.480	0.427	0.473	0.731	0.571	0.570	0.665	0.496	0.831	
Pop20	0.588	0.584	0.482	0.592	0.610	0.617	0.554	0.764	0.636	0.593	0.600	0.587	0.595	0.673	0.586	0.585	0.577	0.607	0.756	0.588	
Pop21	0.474	0.469	0.396	0.473	0.508	0.512	0.446	0.695	0.553	0.474	0.479	0.474	0.479	0.608	0.469	0.468	0.503	0.483	0.687	0.486	0.455	
Pop22	0.787	0.785	0.652	0.793	0.788	0.799	0.755	0.767	0.830	0.798	0.805	0.786	0.797	0.620	0.789	0.788	0.776	0.815	0.753	0.773	0.707	0.640	
Pop23	0.353	0.584	0.495	0.304	0.575	0.565	0.322	0.895	0.810	0.225	0.198	0.375	0.277	0.765	0.589	0.586	0.707	0.217	0.882	0.505	0.609	0.489	0.814	
Pop24	0.500	0.675	0.538	0.561	0.596	0.581	0.501	0.909	0.844	0.569	0.588	0.413	0.555	0.784	0.682	0.680	0.747	0.611	0.896	0.506	0.645	0.533	0.831	0.623	
Pop25	0.410	0.633	0.517	0.474	0.563	0.555	0.439	0.897	0.822	0.471	0.493	0.327	0.462	0.773	0.640	0.637	0.724	0.511	0.885	0.491	0.626	0.511	0.819	0.530	0.458	
Pop26	0.594	0.584	0.476	0.599	0.620	0.628	0.550	0.804	0.696	0.600	0.607	0.592	0.602	0.705	0.586	0.585	0.631	0.618	0.795	0.593	0.558	0.474	0.742	0.620	0.664	0.640	
CV error (K=27): 0.04786
Writing output files.
