****                   ADMIXTURE Version 1.3.0                  ****
****                    Copyright 2008-2015                     ****
****           David Alexander, Suyash Shringarpure,            ****
****                John  Novembre, Ken Lange                   ****
****                                                            ****
****                 Please cite our paper!                     ****
****   Information at www.genetics.ucla.edu/software/admixture  ****

Cross-validation will be performed.  Folds=10.
Parallel execution requested.  Will use 24 threads.
Random seed: 1230
Point estimation method: Block relaxation algorithm
Convergence acceleration algorithm: QuasiNewton, 3 secant conditions
Point estimation will terminate when objective function delta < 0.0001
Estimation of standard errors disabled; will compute point estimates only.
Size of G: 713x578311
Performing five EM steps to prime main algorithm
1 (EM) 	Elapsed: 132.441	Loglikelihood: -5.28808e+07	(delta): 5.35173e+08
2 (EM) 	Elapsed: 140.738	Loglikelihood: -4.58538e+07	(delta): 7.02704e+06
3 (EM) 	Elapsed: 139.74	Loglikelihood: -4.51393e+07	(delta): 714492
4 (EM) 	Elapsed: 140.599	Loglikelihood: -4.47526e+07	(delta): 386716
5 (EM) 	Elapsed: 140.568	Loglikelihood: -4.44314e+07	(delta): 321171
Initial loglikelihood: -4.44314e+07
Starting main algorithm
1 (QN/Block) 	Elapsed: 331.171	Loglikelihood: -2.67536e+07	(delta): 1.76778e+07
2 (QN/Block) 	Elapsed: 335.003	Loglikelihood: -1.89226e+07	(delta): 7.83107e+06
3 (QN/Block) 	Elapsed: 336.465	Loglikelihood: -1.68521e+07	(delta): 2.07049e+06
4 (QN/Block) 	Elapsed: 335.323	Loglikelihood: -1.55582e+07	(delta): 1.29389e+06
5 (QN/Block) 	Elapsed: 337.707	Loglikelihood: -1.48877e+07	(delta): 670477
6 (QN/Block) 	Elapsed: 336.648	Loglikelihood: -1.46062e+07	(delta): 281525
7 (QN/Block) 	Elapsed: 338.053	Loglikelihood: -1.45141e+07	(delta): 92114
8 (QN/Block) 	Elapsed: 337.891	Loglikelihood: -1.44798e+07	(delta): 34251
9 (QN/Block) 	Elapsed: 338.63	Loglikelihood: -1.44669e+07	(delta): 12929
10 (QN/Block) 	Elapsed: 337.704	Loglikelihood: -1.44599e+07	(delta): 7037.06
11 (QN/Block) 	Elapsed: 338.484	Loglikelihood: -1.44564e+07	(delta): 3407.37
12 (QN/Block) 	Elapsed: 337.449	Loglikelihood: -1.44528e+07	(delta): 3664.75
13 (QN/Block) 	Elapsed: 337.109	Loglikelihood: -1.44524e+07	(delta): 385.616
14 (QN/Block) 	Elapsed: 338.14	Loglikelihood: -1.44431e+07	(delta): 9318.89
15 (QN/Block) 	Elapsed: 340.09	Loglikelihood: -1.44363e+07	(delta): 6768.1
16 (QN/Block) 	Elapsed: 338.157	Loglikelihood: -1.44313e+07	(delta): 5009.93
17 (QN/Block) 	Elapsed: 338.714	Loglikelihood: -1.44279e+07	(delta): 3431.38
18 (QN/Block) 	Elapsed: 337.794	Loglikelihood: -1.44231e+07	(delta): 4800.28
19 (QN/Block) 	Elapsed: 341.101	Loglikelihood: -1.44202e+07	(delta): 2844.91
20 (QN/Block) 	Elapsed: 338.826	Loglikelihood: -1.44188e+07	(delta): 1458.4
21 (QN/Block) 	Elapsed: 336.18	Loglikelihood: -1.44174e+07	(delta): 1368.58
22 (QN/Block) 	Elapsed: 340.943	Loglikelihood: -1.44167e+07	(delta): 662.892
23 (QN/Block) 	Elapsed: 339.324	Loglikelihood: -1.44155e+07	(delta): 1240.32
24 (QN/Block) 	Elapsed: 339.698	Loglikelihood: -1.44138e+07	(delta): 1645.94
25 (QN/Block) 	Elapsed: 337.899	Loglikelihood: -1.44132e+07	(delta): 646.384
26 (QN/Block) 	Elapsed: 339.155	Loglikelihood: -1.44091e+07	(delta): 4139.68
27 (QN/Block) 	Elapsed: 341.711	Loglikelihood: -1.44057e+07	(delta): 3367.29
28 (QN/Block) 	Elapsed: 341.166	Loglikelihood: -1.44054e+07	(delta): 270.699
29 (QN/Block) 	Elapsed: 341.157	Loglikelihood: -1.44053e+07	(delta): 92.0304
30 (QN/Block) 	Elapsed: 341.537	Loglikelihood: -1.44053e+07	(delta): 30.8052
31 (QN/Block) 	Elapsed: 340.834	Loglikelihood: -1.44053e+07	(delta): 20.1184
32 (QN/Block) 	Elapsed: 343.139	Loglikelihood: -1.44053e+07	(delta): 10.5107
33 (QN/Block) 	Elapsed: 344.169	Loglikelihood: -1.44053e+07	(delta): 3.93282
34 (QN/Block) 	Elapsed: 342.026	Loglikelihood: -1.44053e+07	(delta): 0.829263
35 (QN/Block) 	Elapsed: 340.125	Loglikelihood: -1.44053e+07	(delta): 0.204502
36 (QN/Block) 	Elapsed: 341.031	Loglikelihood: -1.44053e+07	(delta): 0.548724
37 (QN/Block) 	Elapsed: 338.807	Loglikelihood: -1.44053e+07	(delta): 0.126436
38 (QN/Block) 	Elapsed: 341.788	Loglikelihood: -1.44053e+07	(delta): 0.0476471
39 (QN/Block) 	Elapsed: 340.925	Loglikelihood: -1.44053e+07	(delta): 0.0317061
40 (QN/Block) 	Elapsed: 341.78	Loglikelihood: -1.44053e+07	(delta): 0.0179783
41 (QN/Block) 	Elapsed: 342.233	Loglikelihood: -1.44053e+07	(delta): 0.01818
42 (QN/Block) 	Elapsed: 343.152	Loglikelihood: -1.44053e+07	(delta): 0.0165678
43 (QN/Block) 	Elapsed: 361.931	Loglikelihood: -1.44053e+07	(delta): 0.00910238
44 (QN/Block) 	Elapsed: 343.686	Loglikelihood: -1.44053e+07	(delta): 0.007504
45 (QN/Block) 	Elapsed: 343.662	Loglikelihood: -1.44053e+07	(delta): 0.00745917
46 (QN/Block) 	Elapsed: 343.658	Loglikelihood: -1.44053e+07	(delta): 0.00509976
47 (QN/Block) 	Elapsed: 343.614	Loglikelihood: -1.44053e+07	(delta): 0.00369528
48 (QN/Block) 	Elapsed: 342.846	Loglikelihood: -1.44053e+07	(delta): 0.000310317
49 (QN/Block) 	Elapsed: 344.663	Loglikelihood: -1.44053e+07	(delta): 0.000178915
50 (QN/Block) 	Elapsed: 345.108	Loglikelihood: -1.44053e+07	(delta): 0.000563411
51 (QN/Block) 	Elapsed: 346.46	Loglikelihood: -1.44053e+07	(delta): 1.48043e-05
Summary: 
Converged in 51 iterations (18086.3 sec)
Loglikelihood: -14405263.479006
Fst divergences between estimated populations: 
	Pop0	Pop1	Pop2	Pop3	Pop4	Pop5	Pop6	Pop7	Pop8	Pop9	Pop10	Pop11	Pop12	Pop13	Pop14	Pop15	
Pop0	
Pop1	0.346	
Pop2	0.363	0.569	
Pop3	0.397	0.503	0.614	
Pop4	0.319	0.236	0.503	0.298	
Pop5	0.574	0.812	0.730	0.832	0.745	
Pop6	0.383	0.448	0.598	0.620	0.382	0.821	
Pop7	0.436	0.754	0.645	0.794	0.647	0.821	0.776	
Pop8	0.342	0.130	0.556	0.471	0.232	0.797	0.415	0.729	
Pop9	0.407	0.555	0.624	0.681	0.447	0.834	0.414	0.801	0.517	
Pop10	0.337	0.547	0.554	0.647	0.448	0.799	0.620	0.735	0.528	0.668	
Pop11	0.381	0.485	0.576	0.590	0.404	0.790	0.489	0.729	0.464	0.509	0.583	
Pop12	0.545	0.760	0.692	0.781	0.701	0.646	0.771	0.774	0.747	0.784	0.749	0.745	
Pop13	0.354	0.288	0.563	0.506	0.278	0.796	0.357	0.731	0.239	0.466	0.549	0.457	0.748	
Pop14	0.345	0.556	0.557	0.649	0.459	0.797	0.624	0.733	0.537	0.669	0.182	0.588	0.748	0.556	
Pop15	0.342	0.548	0.553	0.641	0.453	0.794	0.616	0.728	0.530	0.661	0.192	0.581	0.745	0.549	0.235	
Pop16	0.329	0.351	0.493	0.451	0.314	0.713	0.360	0.615	0.342	0.385	0.455	0.253	0.674	0.346	0.463	0.459	
CV error (K=17): 0.05084
Writing output files.
