****                   ADMIXTURE Version 1.3.0                  ****
****                    Copyright 2008-2015                     ****
****           David Alexander, Suyash Shringarpure,            ****
****                John  Novembre, Ken Lange                   ****
****                                                            ****
****                 Please cite our paper!                     ****
****   Information at www.genetics.ucla.edu/software/admixture  ****

Cross-validation will be performed.  Folds=10.
Parallel execution requested.  Will use 24 threads.
Random seed: 1706
Point estimation method: Block relaxation algorithm
Convergence acceleration algorithm: QuasiNewton, 3 secant conditions
Point estimation will terminate when objective function delta < 0.0001
Estimation of standard errors disabled; will compute point estimates only.
Size of G: 713x578311
Performing five EM steps to prime main algorithm
1 (EM) 	Elapsed: 222.727	Loglikelihood: -5.28372e+07	(delta): 5.3444e+08
2 (EM) 	Elapsed: 220.126	Loglikelihood: -4.57968e+07	(delta): 7.04037e+06
3 (EM) 	Elapsed: 220.05	Loglikelihood: -4.50906e+07	(delta): 706288
4 (EM) 	Elapsed: 217.44	Loglikelihood: -4.47106e+07	(delta): 379965
5 (EM) 	Elapsed: 223.017	Loglikelihood: -4.43919e+07	(delta): 318671
Initial loglikelihood: -4.43919e+07
Starting main algorithm
1 (QN/Block) 	Elapsed: 371.982	Loglikelihood: -2.51429e+07	(delta): 1.9249e+07
2 (QN/Block) 	Elapsed: 373.506	Loglikelihood: -1.80836e+07	(delta): 7.05928e+06
3 (QN/Block) 	Elapsed: 372.641	Loglikelihood: -1.61987e+07	(delta): 1.88493e+06
4 (QN/Block) 	Elapsed: 368.928	Loglikelihood: -1.5185e+07	(delta): 1.01371e+06
5 (QN/Block) 	Elapsed: 372.177	Loglikelihood: -1.45445e+07	(delta): 640537
6 (QN/Block) 	Elapsed: 369.455	Loglikelihood: -1.42218e+07	(delta): 322719
7 (QN/Block) 	Elapsed: 367.136	Loglikelihood: -1.4117e+07	(delta): 104721
8 (QN/Block) 	Elapsed: 373.885	Loglikelihood: -1.4059e+07	(delta): 57985.5
9 (QN/Block) 	Elapsed: 360.631	Loglikelihood: -1.40374e+07	(delta): 21652.4
10 (QN/Block) 	Elapsed: 352.94	Loglikelihood: -1.40281e+07	(delta): 9289.62
11 (QN/Block) 	Elapsed: 356.638	Loglikelihood: -1.40235e+07	(delta): 4616.79
12 (QN/Block) 	Elapsed: 359.839	Loglikelihood: -1.40222e+07	(delta): 1332.34
13 (QN/Block) 	Elapsed: 364.182	Loglikelihood: -1.40215e+07	(delta): 666.481
14 (QN/Block) 	Elapsed: 362.033	Loglikelihood: -1.40203e+07	(delta): 1155.22
15 (QN/Block) 	Elapsed: 360.399	Loglikelihood: -1.40196e+07	(delta): 765.011
16 (QN/Block) 	Elapsed: 363.727	Loglikelihood: -1.40194e+07	(delta): 146.774
17 (QN/Block) 	Elapsed: 363.447	Loglikelihood: -1.40194e+07	(delta): 17.5472
18 (QN/Block) 	Elapsed: 367.023	Loglikelihood: -1.40194e+07	(delta): 0.502536
19 (QN/Block) 	Elapsed: 358.656	Loglikelihood: -1.40194e+07	(delta): 0.230704
20 (QN/Block) 	Elapsed: 362.464	Loglikelihood: -1.40194e+07	(delta): 0.00975538
21 (QN/Block) 	Elapsed: 370.935	Loglikelihood: -1.40194e+07	(delta): 0.00219756
22 (QN/Block) 	Elapsed: 362.347	Loglikelihood: -1.40194e+07	(delta): 0.00137456
23 (QN/Block) 	Elapsed: 361.228	Loglikelihood: -1.40194e+07	(delta): 0.000202984
24 (QN/Block) 	Elapsed: 359.693	Loglikelihood: -1.40194e+07	(delta): 8.62125e-05
Summary: 
Converged in 24 iterations (9870.33 sec)
Loglikelihood: -14019400.880562
Fst divergences between estimated populations: 
	Pop0	Pop1	Pop2	Pop3	Pop4	Pop5	Pop6	Pop7	Pop8	Pop9	Pop10	Pop11	Pop12	Pop13	Pop14	Pop15	Pop16	
Pop0	
Pop1	0.695	
Pop2	0.725	0.638	
Pop3	0.831	0.664	0.695	
Pop4	0.519	0.577	0.660	0.703	
Pop5	0.740	0.390	0.657	0.704	0.603	
Pop6	0.722	0.379	0.649	0.687	0.590	0.212	
Pop7	0.772	0.681	0.504	0.744	0.702	0.705	0.695	
Pop8	0.839	0.409	0.703	0.803	0.691	0.533	0.514	0.753	
Pop9	0.767	0.363	0.668	0.729	0.623	0.357	0.346	0.717	0.461	
Pop10	0.874	0.773	0.442	0.847	0.791	0.805	0.793	0.642	0.862	0.822	
Pop11	0.766	0.367	0.666	0.727	0.618	0.315	0.306	0.715	0.516	0.233	0.822	
Pop12	0.814	0.386	0.689	0.776	0.664	0.466	0.450	0.740	0.418	0.351	0.849	0.414	
Pop13	0.730	0.333	0.651	0.692	0.592	0.271	0.264	0.698	0.471	0.236	0.800	0.176	0.384	
Pop14	0.755	0.496	0.664	0.722	0.610	0.513	0.499	0.712	0.655	0.539	0.817	0.521	0.608	0.486	
Pop15	0.806	0.391	0.681	0.764	0.644	0.332	0.325	0.733	0.575	0.302	0.846	0.152	0.466	0.172	0.551	
Pop16	0.480	0.353	0.509	0.447	0.401	0.356	0.351	0.544	0.419	0.362	0.604	0.352	0.393	0.340	0.348	0.359	
Pop17	0.753	0.486	0.662	0.719	0.605	0.502	0.489	0.711	0.648	0.528	0.816	0.508	0.600	0.474	0.162	0.538	0.340	
CV error (K=18): 0.05011
Writing output files.
