****                   ADMIXTURE Version 1.3.0                  ****
****                    Copyright 2008-2015                     ****
****           David Alexander, Suyash Shringarpure,            ****
****                John  Novembre, Ken Lange                   ****
****                                                            ****
****                 Please cite our paper!                     ****
****   Information at www.genetics.ucla.edu/software/admixture  ****

Cross-validation will be performed.  Folds=10.
Parallel execution requested.  Will use 24 threads.
Random seed: 1432
Point estimation method: Block relaxation algorithm
Convergence acceleration algorithm: QuasiNewton, 3 secant conditions
Point estimation will terminate when objective function delta < 0.0001
Estimation of standard errors disabled; will compute point estimates only.
Size of G: 713x578311
Performing five EM steps to prime main algorithm
1 (EM) 	Elapsed: 28.191	Loglikelihood: -5.03818e+07	(delta): 6.12379e+08
2 (EM) 	Elapsed: 36.264	Loglikelihood: -4.62212e+07	(delta): 4.16062e+06
3 (EM) 	Elapsed: 32.153	Loglikelihood: -4.57833e+07	(delta): 437868
4 (EM) 	Elapsed: 25.84	Loglikelihood: -4.55606e+07	(delta): 222700
5 (EM) 	Elapsed: 29.254	Loglikelihood: -4.5418e+07	(delta): 142604
Initial loglikelihood: -4.5418e+07
Starting main algorithm
1 (QN/Block) 	Elapsed: 82.46	Loglikelihood: -3.68763e+07	(delta): 8.54166e+06
2 (QN/Block) 	Elapsed: 81.026	Loglikelihood: -3.18499e+07	(delta): 5.0264e+06
3 (QN/Block) 	Elapsed: 81.912	Loglikelihood: -3.01117e+07	(delta): 1.73822e+06
4 (QN/Block) 	Elapsed: 84.574	Loglikelihood: -2.89374e+07	(delta): 1.17432e+06
5 (QN/Block) 	Elapsed: 89.038	Loglikelihood: -2.81086e+07	(delta): 828791
6 (QN/Block) 	Elapsed: 87.488	Loglikelihood: -2.78977e+07	(delta): 210939
7 (QN/Block) 	Elapsed: 83.056	Loglikelihood: -2.78641e+07	(delta): 33592.9
8 (QN/Block) 	Elapsed: 87.245	Loglikelihood: -2.78553e+07	(delta): 8722.68
9 (QN/Block) 	Elapsed: 85.41	Loglikelihood: -2.78482e+07	(delta): 7135.12
10 (QN/Block) 	Elapsed: 86.033	Loglikelihood: -2.78474e+07	(delta): 769.618
11 (QN/Block) 	Elapsed: 86.27	Loglikelihood: -2.78474e+07	(delta): 86.4803
12 (QN/Block) 	Elapsed: 85.095	Loglikelihood: -2.78473e+07	(delta): 41.5107
13 (QN/Block) 	Elapsed: 84.196	Loglikelihood: -2.78473e+07	(delta): 7.75927
14 (QN/Block) 	Elapsed: 83.028	Loglikelihood: -2.78473e+07	(delta): 0.101524
15 (QN/Block) 	Elapsed: 85.736	Loglikelihood: -2.78473e+07	(delta): 6.86198e-06
Summary: 
Converged in 15 iterations (1428.3 sec)
Loglikelihood: -27847303.503560
Fst divergences between estimated populations: 
	Pop0	Pop1	
Pop0	
Pop1	0.262	
Pop2	0.565	0.486	
CV error (K=3): 0.07875
Writing output files.
