****                   ADMIXTURE Version 1.3.0                  ****
****                    Copyright 2008-2015                     ****
****           David Alexander, Suyash Shringarpure,            ****
****                John  Novembre, Ken Lange                   ****
****                                                            ****
****                 Please cite our paper!                     ****
****   Information at www.genetics.ucla.edu/software/admixture  ****

Cross-validation will be performed.  Folds=10.
Parallel execution requested.  Will use 24 threads.
Random seed: 1884
Point estimation method: Block relaxation algorithm
Convergence acceleration algorithm: QuasiNewton, 3 secant conditions
Point estimation will terminate when objective function delta < 0.0001
Estimation of standard errors disabled; will compute point estimates only.
Size of G: 713x578311
Performing five EM steps to prime main algorithm
1 (EM) 	Elapsed: 89.009	Loglikelihood: -5.26399e+07	(delta): 5.43601e+08
2 (EM) 	Elapsed: 90.049	Loglikelihood: -4.591e+07	(delta): 6.72991e+06
3 (EM) 	Elapsed: 89.942	Loglikelihood: -4.51867e+07	(delta): 723311
4 (EM) 	Elapsed: 90.301	Loglikelihood: -4.47847e+07	(delta): 402041
5 (EM) 	Elapsed: 90.473	Loglikelihood: -4.4458e+07	(delta): 326651
Initial loglikelihood: -4.4458e+07
Starting main algorithm
1 (QN/Block) 	Elapsed: 221.104	Loglikelihood: -2.78652e+07	(delta): 1.65928e+07
2 (QN/Block) 	Elapsed: 224.416	Loglikelihood: -2.08616e+07	(delta): 7.00359e+06
3 (QN/Block) 	Elapsed: 224.509	Loglikelihood: -1.86308e+07	(delta): 2.23085e+06
4 (QN/Block) 	Elapsed: 226.607	Loglikelihood: -1.72213e+07	(delta): 1.40949e+06
5 (QN/Block) 	Elapsed: 224.11	Loglikelihood: -1.63167e+07	(delta): 904631
6 (QN/Block) 	Elapsed: 222.08	Loglikelihood: -1.59891e+07	(delta): 327610
7 (QN/Block) 	Elapsed: 221.397	Loglikelihood: -1.58627e+07	(delta): 126313
8 (QN/Block) 	Elapsed: 223.156	Loglikelihood: -1.58319e+07	(delta): 30858.9
9 (QN/Block) 	Elapsed: 222.985	Loglikelihood: -1.58145e+07	(delta): 17383.3
10 (QN/Block) 	Elapsed: 220.764	Loglikelihood: -1.58081e+07	(delta): 6370.34
11 (QN/Block) 	Elapsed: 221.795	Loglikelihood: -1.58068e+07	(delta): 1376.52
12 (QN/Block) 	Elapsed: 215.753	Loglikelihood: -1.58062e+07	(delta): 515.502
13 (QN/Block) 	Elapsed: 216.904	Loglikelihood: -1.5806e+07	(delta): 239.644
14 (QN/Block) 	Elapsed: 217.33	Loglikelihood: -1.58059e+07	(delta): 112.43
15 (QN/Block) 	Elapsed: 216.551	Loglikelihood: -1.58058e+07	(delta): 62.7347
16 (QN/Block) 	Elapsed: 218.327	Loglikelihood: -1.58058e+07	(delta): 13.3732
17 (QN/Block) 	Elapsed: 223.415	Loglikelihood: -1.58058e+07	(delta): 0.101549
18 (QN/Block) 	Elapsed: 222.217	Loglikelihood: -1.58058e+07	(delta): 0.00593224
19 (QN/Block) 	Elapsed: 223.892	Loglikelihood: -1.58058e+07	(delta): 0.000115739
20 (QN/Block) 	Elapsed: 239.039	Loglikelihood: -1.58058e+07	(delta): 4.69945e-06
Summary: 
Converged in 20 iterations (4905.7 sec)
Loglikelihood: -15805815.896032
Fst divergences between estimated populations: 
	Pop0	Pop1	Pop2	Pop3	Pop4	Pop5	Pop6	Pop7	Pop8	Pop9	
Pop0	
Pop1	0.305	
Pop2	0.247	0.309	
Pop3	0.705	0.619	0.659	
Pop4	0.571	0.516	0.537	0.674	
Pop5	0.318	0.302	0.372	0.747	0.610	
Pop6	0.761	0.702	0.734	0.801	0.733	0.784	
Pop7	0.320	0.313	0.308	0.417	0.358	0.356	0.551	
Pop8	0.180	0.330	0.240	0.745	0.595	0.402	0.786	0.325	
Pop9	0.474	0.430	0.432	0.703	0.561	0.548	0.760	0.307	0.494	
Pop10	0.773	0.710	0.744	0.814	0.742	0.796	0.667	0.556	0.799	0.771	
CV error (K=11): 0.05298
Writing output files.
