****                   ADMIXTURE Version 1.3.0                  ****
****                    Copyright 2008-2015                     ****
****           David Alexander, Suyash Shringarpure,            ****
****                John  Novembre, Ken Lange                   ****
****                                                            ****
****                 Please cite our paper!                     ****
****   Information at www.genetics.ucla.edu/software/admixture  ****

Cross-validation will be performed.  Folds=10.
Parallel execution requested.  Will use 24 threads.
Random seed: 1468
Point estimation method: Block relaxation algorithm
Convergence acceleration algorithm: QuasiNewton, 3 secant conditions
Point estimation will terminate when objective function delta < 0.0001
Estimation of standard errors disabled; will compute point estimates only.
Size of G: 713x578311
Performing five EM steps to prime main algorithm
1 (EM) 	Elapsed: 53.795	Loglikelihood: -5.24516e+07	(delta): 5.5358e+08
2 (EM) 	Elapsed: 53.583	Loglikelihood: -4.60271e+07	(delta): 6.42447e+06
3 (EM) 	Elapsed: 53.206	Loglikelihood: -4.53168e+07	(delta): 710278
4 (EM) 	Elapsed: 53.79	Loglikelihood: -4.49239e+07	(delta): 392916
5 (EM) 	Elapsed: 53.68	Loglikelihood: -4.46168e+07	(delta): 307136
Initial loglikelihood: -4.46168e+07
Starting main algorithm
1 (QN/Block) 	Elapsed: 167.071	Loglikelihood: -3.0601e+07	(delta): 1.40157e+07
2 (QN/Block) 	Elapsed: 175.872	Loglikelihood: -2.45215e+07	(delta): 6.07952e+06
3 (QN/Block) 	Elapsed: 181.592	Loglikelihood: -2.25978e+07	(delta): 1.92371e+06
4 (QN/Block) 	Elapsed: 184.709	Loglikelihood: -2.11663e+07	(delta): 1.43148e+06
5 (QN/Block) 	Elapsed: 181.616	Loglikelihood: -2.12504e+07	(delta): -84106
6 (QN/Block) 	Elapsed: 187.978	Loglikelihood: -2.08822e+07	(delta): 368257
7 (QN/Block) 	Elapsed: 186.581	Loglikelihood: -2.05953e+07	(delta): 286925
8 (QN/Block) 	Elapsed: 187.286	Loglikelihood: -2.03744e+07	(delta): 220841
9 (QN/Block) 	Elapsed: 185.351	Loglikelihood: -2.02514e+07	(delta): 123009
10 (QN/Block) 	Elapsed: 186.668	Loglikelihood: -2.02179e+07	(delta): 33487.2
11 (QN/Block) 	Elapsed: 188.174	Loglikelihood: -2.0215e+07	(delta): 2891.99
12 (QN/Block) 	Elapsed: 188.068	Loglikelihood: -2.0215e+07	(delta): 31.7964
13 (QN/Block) 	Elapsed: 192.128	Loglikelihood: -2.0215e+07	(delta): 16.7326
14 (QN/Block) 	Elapsed: 189.946	Loglikelihood: -2.0215e+07	(delta): -1.7326
15 (QN/Block) 	Elapsed: 193.31	Loglikelihood: -2.0215e+07	(delta): 3.76288
16 (QN/Block) 	Elapsed: 187.554	Loglikelihood: -2.0215e+07	(delta): 0.264108
17 (QN/Block) 	Elapsed: 183.919	Loglikelihood: -2.0215e+07	(delta): 0.0041199
18 (QN/Block) 	Elapsed: 182.369	Loglikelihood: -2.0215e+07	(delta): 0.00149344
19 (QN/Block) 	Elapsed: 182.158	Loglikelihood: -2.0215e+07	(delta): 0.000651766
20 (QN/Block) 	Elapsed: 182.029	Loglikelihood: -2.0215e+07	(delta): 0.000167508
21 (QN/Block) 	Elapsed: 180.927	Loglikelihood: -2.0215e+07	(delta): 6.22123e-07
Summary: 
Converged in 21 iterations (4152.6 sec)
Loglikelihood: -20214975.785346
Fst divergences between estimated populations: 
	Pop0	Pop1	Pop2	Pop3	Pop4	Pop5	Pop6	
Pop0	
Pop1	0.734	
Pop2	0.721	0.480	
Pop3	0.560	0.682	0.671	
Pop4	0.755	0.497	0.317	0.698	
Pop5	0.721	0.445	0.237	0.670	0.149	
Pop6	0.677	0.554	0.547	0.632	0.573	0.537	
Pop7	0.607	0.420	0.433	0.572	0.442	0.417	0.457	
CV error (K=8): 0.06257
Writing output files.
