****                   ADMIXTURE Version 1.3.0                  ****
****                    Copyright 2008-2015                     ****
****           David Alexander, Suyash Shringarpure,            ****
****                John  Novembre, Ken Lange                   ****
****                                                            ****
****                 Please cite our paper!                     ****
****   Information at www.genetics.ucla.edu/software/admixture  ****

Cross-validation will be performed.  Folds=10.
Parallel execution requested.  Will use 24 threads.
Random seed: 1432
Point estimation method: Block relaxation algorithm
Convergence acceleration algorithm: QuasiNewton, 3 secant conditions
Point estimation will terminate when objective function delta < 0.0001
Estimation of standard errors disabled; will compute point estimates only.
Size of G: 713x578311
Performing five EM steps to prime main algorithm
1 (EM) 	Elapsed: 33.595	Loglikelihood: -5.13053e+07	(delta): 5.8925e+08
2 (EM) 	Elapsed: 52.55	Loglikelihood: -4.61682e+07	(delta): 5.13707e+06
3 (EM) 	Elapsed: 43.292	Loglikelihood: -4.5576e+07	(delta): 592238
4 (EM) 	Elapsed: 47.924	Loglikelihood: -4.52453e+07	(delta): 330676
5 (EM) 	Elapsed: 47.966	Loglikelihood: -4.49963e+07	(delta): 248974
Initial loglikelihood: -4.49963e+07
Starting main algorithm
1 (QN/Block) 	Elapsed: 96.052	Loglikelihood: -3.49426e+07	(delta): 1.00537e+07
2 (QN/Block) 	Elapsed: 95.328	Loglikelihood: -2.87428e+07	(delta): 6.19985e+06
3 (QN/Block) 	Elapsed: 95.997	Loglikelihood: -2.72453e+07	(delta): 1.49742e+06
4 (QN/Block) 	Elapsed: 94.427	Loglikelihood: -2.58199e+07	(delta): 1.42547e+06
5 (QN/Block) 	Elapsed: 96.505	Loglikelihood: -2.511e+07	(delta): 709877
6 (QN/Block) 	Elapsed: 95.66	Loglikelihood: -2.487e+07	(delta): 239980
7 (QN/Block) 	Elapsed: 93.166	Loglikelihood: -2.47788e+07	(delta): 91250.7
8 (QN/Block) 	Elapsed: 94.308	Loglikelihood: -2.47407e+07	(delta): 38056.4
9 (QN/Block) 	Elapsed: 93.895	Loglikelihood: -2.47295e+07	(delta): 11228.4
10 (QN/Block) 	Elapsed: 94.091	Loglikelihood: -2.4728e+07	(delta): 1508.26
11 (QN/Block) 	Elapsed: 94.717	Loglikelihood: -2.47278e+07	(delta): 127.909
12 (QN/Block) 	Elapsed: 94.269	Loglikelihood: -2.47278e+07	(delta): 17.7481
13 (QN/Block) 	Elapsed: 92.558	Loglikelihood: -2.47278e+07	(delta): 1.98565
14 (QN/Block) 	Elapsed: 94.799	Loglikelihood: -2.47278e+07	(delta): 0.944436
15 (QN/Block) 	Elapsed: 94.03	Loglikelihood: -2.47278e+07	(delta): 0.484737
16 (QN/Block) 	Elapsed: 92.291	Loglikelihood: -2.47278e+07	(delta): 0.0260789
17 (QN/Block) 	Elapsed: 94.633	Loglikelihood: -2.47278e+07	(delta): 0.00559635
18 (QN/Block) 	Elapsed: 95.778	Loglikelihood: -2.47278e+07	(delta): 0.00016132
19 (QN/Block) 	Elapsed: 95.291	Loglikelihood: -2.47278e+07	(delta): 2.40058e-05
Summary: 
Converged in 19 iterations (2027.74 sec)
Loglikelihood: -24727822.645688
Fst divergences between estimated populations: 
	Pop0	Pop1	Pop2	
Pop0	
Pop1	0.484	
Pop2	0.359	0.597	
Pop3	0.344	0.587	0.406	
CV error (K=4): 0.07172
Writing output files.
