****                   ADMIXTURE Version 1.3.0                  ****
****                    Copyright 2008-2015                     ****
****           David Alexander, Suyash Shringarpure,            ****
****                John  Novembre, Ken Lange                   ****
****                                                            ****
****                 Please cite our paper!                     ****
****   Information at www.genetics.ucla.edu/software/admixture  ****

Cross-validation will be performed.  Folds=10.
Parallel execution requested.  Will use 24 threads.
Random seed: 1853
Point estimation method: Block relaxation algorithm
Convergence acceleration algorithm: QuasiNewton, 3 secant conditions
Point estimation will terminate when objective function delta < 0.0001
Estimation of standard errors disabled; will compute point estimates only.
Size of G: 713x578311
Performing five EM steps to prime main algorithm
1 (EM) 	Elapsed: 155.925	Loglikelihood: -5.2834e+07	(delta): 5.3488e+08
2 (EM) 	Elapsed: 156.785	Loglikelihood: -4.57812e+07	(delta): 7.05285e+06
3 (EM) 	Elapsed: 160.179	Loglikelihood: -4.50373e+07	(delta): 743881
4 (EM) 	Elapsed: 160.328	Loglikelihood: -4.46127e+07	(delta): 424648
5 (EM) 	Elapsed: 160.683	Loglikelihood: -4.42366e+07	(delta): 376057
Initial loglikelihood: -4.42366e+07
Starting main algorithm
1 (QN/Block) 	Elapsed: 320.03	Loglikelihood: -2.62204e+07	(delta): 1.80162e+07
2 (QN/Block) 	Elapsed: 322.212	Loglikelihood: -1.84337e+07	(delta): 7.78675e+06
3 (QN/Block) 	Elapsed: 320.965	Loglikelihood: -1.67693e+07	(delta): 1.66441e+06
4 (QN/Block) 	Elapsed: 315.889	Loglikelihood: -1.55008e+07	(delta): 1.26848e+06
5 (QN/Block) 	Elapsed: 325.147	Loglikelihood: -1.49367e+07	(delta): 564101
6 (QN/Block) 	Elapsed: 324.057	Loglikelihood: -1.46811e+07	(delta): 255556
7 (QN/Block) 	Elapsed: 326.593	Loglikelihood: -1.45553e+07	(delta): 125805
8 (QN/Block) 	Elapsed: 324.059	Loglikelihood: -1.44404e+07	(delta): 114901
9 (QN/Block) 	Elapsed: 326.222	Loglikelihood: -1.43607e+07	(delta): 79718.2
10 (QN/Block) 	Elapsed: 321.978	Loglikelihood: -1.43261e+07	(delta): 34621.2
11 (QN/Block) 	Elapsed: 325.75	Loglikelihood: -1.43142e+07	(delta): 11920.3
12 (QN/Block) 	Elapsed: 323.538	Loglikelihood: -1.43101e+07	(delta): 4046.43
13 (QN/Block) 	Elapsed: 326.664	Loglikelihood: -1.43092e+07	(delta): 906.05
14 (QN/Block) 	Elapsed: 322.902	Loglikelihood: -1.43087e+07	(delta): 549.493
15 (QN/Block) 	Elapsed: 322.88	Loglikelihood: -1.43086e+07	(delta): 75.9201
16 (QN/Block) 	Elapsed: 324.896	Loglikelihood: -1.43086e+07	(delta): 10.7204
17 (QN/Block) 	Elapsed: 322.819	Loglikelihood: -1.43086e+07	(delta): 5.59362
18 (QN/Block) 	Elapsed: 322.409	Loglikelihood: -1.43086e+07	(delta): 14.2157
19 (QN/Block) 	Elapsed: 325.045	Loglikelihood: -1.43086e+07	(delta): 5.617
20 (QN/Block) 	Elapsed: 322.631	Loglikelihood: -1.43086e+07	(delta): 0.30855
21 (QN/Block) 	Elapsed: 322.017	Loglikelihood: -1.43086e+07	(delta): 0.0215594
22 (QN/Block) 	Elapsed: 326.356	Loglikelihood: -1.43086e+07	(delta): 0.00120823
23 (QN/Block) 	Elapsed: 319.717	Loglikelihood: -1.43086e+07	(delta): 0.000564557
24 (QN/Block) 	Elapsed: 324.298	Loglikelihood: -1.43086e+07	(delta): 0.00125611
25 (QN/Block) 	Elapsed: 312.691	Loglikelihood: -1.43086e+07	(delta): 0.000654714
26 (QN/Block) 	Elapsed: 316.317	Loglikelihood: -1.43086e+07	(delta): 4.91552e-05
Summary: 
Converged in 26 iterations (9196.17 sec)
Loglikelihood: -14308555.918581
Fst divergences between estimated populations: 
	Pop0	Pop1	Pop2	Pop3	Pop4	Pop5	Pop6	Pop7	Pop8	Pop9	Pop10	Pop11	Pop12	Pop13	Pop14	Pop15	
Pop0	
Pop1	0.286	
Pop2	0.534	0.480	
Pop3	0.738	0.679	0.724	
Pop4	0.203	0.278	0.543	0.759	
Pop5	0.525	0.491	0.654	0.804	0.560	
Pop6	0.177	0.275	0.525	0.734	0.140	0.523	
Pop7	0.797	0.761	0.787	0.820	0.811	0.831	0.795	
Pop8	0.594	0.551	0.579	0.677	0.604	0.658	0.589	0.748	
Pop9	0.692	0.666	0.685	0.715	0.700	0.723	0.690	0.589	0.663	
Pop10	0.429	0.426	0.610	0.780	0.455	0.417	0.423	0.819	0.632	0.711	
Pop11	0.246	0.316	0.538	0.730	0.291	0.462	0.249	0.791	0.591	0.689	0.355	
Pop12	0.384	0.366	0.378	0.466	0.384	0.441	0.380	0.591	0.407	0.529	0.418	0.387	
Pop13	0.532	0.506	0.529	0.578	0.538	0.580	0.527	0.664	0.521	0.595	0.562	0.531	0.378	
Pop14	0.422	0.397	0.534	0.698	0.431	0.451	0.415	0.767	0.576	0.674	0.434	0.406	0.393	0.526	
Pop15	0.522	0.469	0.164	0.722	0.530	0.648	0.512	0.787	0.574	0.684	0.602	0.527	0.371	0.524	0.525	
Pop16	0.473	0.433	0.559	0.702	0.489	0.524	0.467	0.766	0.589	0.677	0.491	0.461	0.415	0.537	0.359	0.553	
CV error (K=17): 0.05092
Writing output files.
