****                   ADMIXTURE Version 1.3.0                  ****
****                    Copyright 2008-2015                     ****
****           David Alexander, Suyash Shringarpure,            ****
****                John  Novembre, Ken Lange                   ****
****                                                            ****
****                 Please cite our paper!                     ****
****   Information at www.genetics.ucla.edu/software/admixture  ****

Cross-validation will be performed.  Folds=10.
Parallel execution requested.  Will use 24 threads.
Random seed: 1706
Point estimation method: Block relaxation algorithm
Convergence acceleration algorithm: QuasiNewton, 3 secant conditions
Point estimation will terminate when objective function delta < 0.0001
Estimation of standard errors disabled; will compute point estimates only.
Size of G: 713x578311
Performing five EM steps to prime main algorithm
1 (EM) 	Elapsed: 140.892	Loglikelihood: -5.28051e+07	(delta): 5.3759e+08
2 (EM) 	Elapsed: 142.078	Loglikelihood: -4.58368e+07	(delta): 6.96836e+06
3 (EM) 	Elapsed: 140.105	Loglikelihood: -4.51135e+07	(delta): 723263
4 (EM) 	Elapsed: 136.669	Loglikelihood: -4.47044e+07	(delta): 409165
5 (EM) 	Elapsed: 141.581	Loglikelihood: -4.4349e+07	(delta): 355363
Initial loglikelihood: -4.4349e+07
Starting main algorithm
1 (QN/Block) 	Elapsed: 307.343	Loglikelihood: -2.68479e+07	(delta): 1.75011e+07
2 (QN/Block) 	Elapsed: 291.088	Loglikelihood: -1.97291e+07	(delta): 7.11882e+06
3 (QN/Block) 	Elapsed: 293.82	Loglikelihood: -1.75683e+07	(delta): 2.16081e+06
4 (QN/Block) 	Elapsed: 290.442	Loglikelihood: -1.64617e+07	(delta): 1.10664e+06
5 (QN/Block) 	Elapsed: 293.273	Loglikelihood: -1.57899e+07	(delta): 671736
6 (QN/Block) 	Elapsed: 295.278	Loglikelihood: -1.55369e+07	(delta): 253015
7 (QN/Block) 	Elapsed: 293.669	Loglikelihood: -1.54341e+07	(delta): 102792
8 (QN/Block) 	Elapsed: 294.025	Loglikelihood: -1.53952e+07	(delta): 38906.8
9 (QN/Block) 	Elapsed: 293.319	Loglikelihood: -1.53759e+07	(delta): 19292
10 (QN/Block) 	Elapsed: 294.242	Loglikelihood: -1.53695e+07	(delta): 6385.18
11 (QN/Block) 	Elapsed: 293.003	Loglikelihood: -1.53621e+07	(delta): 7454.05
12 (QN/Block) 	Elapsed: 294.781	Loglikelihood: -1.5354e+07	(delta): 8117.79
13 (QN/Block) 	Elapsed: 295.492	Loglikelihood: -1.53512e+07	(delta): 2767.23
14 (QN/Block) 	Elapsed: 293.64	Loglikelihood: -1.53502e+07	(delta): 977.587
15 (QN/Block) 	Elapsed: 295.043	Loglikelihood: -1.53489e+07	(delta): 1300.1
16 (QN/Block) 	Elapsed: 295.197	Loglikelihood: -1.53421e+07	(delta): 6792.65
17 (QN/Block) 	Elapsed: 293.503	Loglikelihood: -1.53407e+07	(delta): 1441.32
18 (QN/Block) 	Elapsed: 292.096	Loglikelihood: -1.534e+07	(delta): 639.141
19 (QN/Block) 	Elapsed: 294.493	Loglikelihood: -1.53398e+07	(delta): 287.241
20 (QN/Block) 	Elapsed: 296.377	Loglikelihood: -1.53395e+07	(delta): 299.865
21 (QN/Block) 	Elapsed: 295.433	Loglikelihood: -1.53394e+07	(delta): 33.8866
22 (QN/Block) 	Elapsed: 295.189	Loglikelihood: -1.53394e+07	(delta): 6.20031
23 (QN/Block) 	Elapsed: 293.043	Loglikelihood: -1.53394e+07	(delta): 0.546822
24 (QN/Block) 	Elapsed: 292.821	Loglikelihood: -1.53394e+07	(delta): 0.124528
25 (QN/Block) 	Elapsed: 292.727	Loglikelihood: -1.53394e+07	(delta): 0.047576
26 (QN/Block) 	Elapsed: 293.104	Loglikelihood: -1.53394e+07	(delta): 0.0305432
27 (QN/Block) 	Elapsed: 294.849	Loglikelihood: -1.53394e+07	(delta): 0.0447652
28 (QN/Block) 	Elapsed: 293.91	Loglikelihood: -1.53394e+07	(delta): 0.00987904
29 (QN/Block) 	Elapsed: 290.778	Loglikelihood: -1.53394e+07	(delta): 0.00148092
30 (QN/Block) 	Elapsed: 296.868	Loglikelihood: -1.53394e+07	(delta): 0.000761742
31 (QN/Block) 	Elapsed: 295.565	Loglikelihood: -1.53394e+07	(delta): 0.0010031
32 (QN/Block) 	Elapsed: 294.78	Loglikelihood: -1.53394e+07	(delta): 0.000254754
33 (QN/Block) 	Elapsed: 293.581	Loglikelihood: -1.53394e+07	(delta): 2.04146e-05
Summary: 
Converged in 33 iterations (10428.6 sec)
Loglikelihood: -15339416.283160
Fst divergences between estimated populations: 
	Pop0	Pop1	Pop2	Pop3	Pop4	Pop5	Pop6	Pop7	Pop8	Pop9	Pop10	Pop11	Pop12	Pop13	
Pop0	
Pop1	0.499	
Pop2	0.625	0.652	
Pop3	0.407	0.656	0.692	
Pop4	0.326	0.326	0.458	0.382	
Pop5	0.561	0.586	0.638	0.667	0.371	
Pop6	0.550	0.580	0.633	0.656	0.357	0.579	
Pop7	0.334	0.454	0.618	0.454	0.303	0.545	0.532	
Pop8	0.665	0.725	0.685	0.801	0.402	0.685	0.674	0.652	
Pop9	0.486	0.166	0.648	0.644	0.316	0.578	0.571	0.439	0.718	
Pop10	0.488	0.626	0.684	0.665	0.371	0.651	0.640	0.297	0.785	0.612	
Pop11	0.383	0.545	0.664	0.556	0.325	0.613	0.601	0.248	0.752	0.525	0.489	
Pop12	0.352	0.520	0.646	0.452	0.323	0.589	0.577	0.263	0.710	0.504	0.463	0.259	
Pop13	0.386	0.548	0.665	0.557	0.325	0.615	0.604	0.253	0.756	0.528	0.495	0.125	0.248	
Pop14	0.384	0.610	0.678	0.408	0.359	0.642	0.629	0.387	0.775	0.596	0.605	0.450	0.346	0.447	
CV error (K=15): 0.05274
Writing output files.
