****                   ADMIXTURE Version 1.3.0                  ****
****                    Copyright 2008-2015                     ****
****           David Alexander, Suyash Shringarpure,            ****
****                John  Novembre, Ken Lange                   ****
****                                                            ****
****                 Please cite our paper!                     ****
****   Information at www.genetics.ucla.edu/software/admixture  ****

Cross-validation will be performed.  Folds=10.
Parallel execution requested.  Will use 24 threads.
Random seed: 1432
Point estimation method: Block relaxation algorithm
Convergence acceleration algorithm: QuasiNewton, 3 secant conditions
Point estimation will terminate when objective function delta < 0.0001
Estimation of standard errors disabled; will compute point estimates only.
Size of G: 713x578311
Performing five EM steps to prime main algorithm
1 (EM) 	Elapsed: 63.642	Loglikelihood: -5.26307e+07	(delta): 5.4965e+08
2 (EM) 	Elapsed: 63.345	Loglikelihood: -4.60691e+07	(delta): 6.56158e+06
3 (EM) 	Elapsed: 63.628	Loglikelihood: -4.53818e+07	(delta): 687345
4 (EM) 	Elapsed: 64.016	Loglikelihood: -4.50172e+07	(delta): 364534
5 (EM) 	Elapsed: 63.528	Loglikelihood: -4.47374e+07	(delta): 279800
Initial loglikelihood: -4.47374e+07
Starting main algorithm
1 (QN/Block) 	Elapsed: 174.094	Loglikelihood: -2.92916e+07	(delta): 1.54458e+07
2 (QN/Block) 	Elapsed: 175.353	Loglikelihood: -2.21581e+07	(delta): 7.13353e+06
3 (QN/Block) 	Elapsed: 175.311	Loglikelihood: -2.00262e+07	(delta): 2.13189e+06
4 (QN/Block) 	Elapsed: 175.515	Loglikelihood: -1.88241e+07	(delta): 1.20216e+06
5 (QN/Block) 	Elapsed: 175.337	Loglikelihood: -1.81881e+07	(delta): 635954
6 (QN/Block) 	Elapsed: 174.353	Loglikelihood: -1.78866e+07	(delta): 301547
7 (QN/Block) 	Elapsed: 171.849	Loglikelihood: -1.77065e+07	(delta): 180013
8 (QN/Block) 	Elapsed: 175.388	Loglikelihood: -1.76602e+07	(delta): 46298.1
9 (QN/Block) 	Elapsed: 176.27	Loglikelihood: -1.7631e+07	(delta): 29267.8
10 (QN/Block) 	Elapsed: 172.226	Loglikelihood: -1.76084e+07	(delta): 22551.8
11 (QN/Block) 	Elapsed: 173.992	Loglikelihood: -1.75559e+07	(delta): 52559.8
12 (QN/Block) 	Elapsed: 171.528	Loglikelihood: -1.7497e+07	(delta): 58881.9
13 (QN/Block) 	Elapsed: 173.231	Loglikelihood: -1.74629e+07	(delta): 34056.2
14 (QN/Block) 	Elapsed: 174.472	Loglikelihood: -1.74396e+07	(delta): 23332.6
15 (QN/Block) 	Elapsed: 172.351	Loglikelihood: -1.74277e+07	(delta): 11881.6
16 (QN/Block) 	Elapsed: 171.661	Loglikelihood: -1.74236e+07	(delta): 4111.9
17 (QN/Block) 	Elapsed: 175.329	Loglikelihood: -1.74207e+07	(delta): 2929.17
18 (QN/Block) 	Elapsed: 176.28	Loglikelihood: -1.74189e+07	(delta): 1729.14
19 (QN/Block) 	Elapsed: 174.436	Loglikelihood: -1.74181e+07	(delta): 808.843
20 (QN/Block) 	Elapsed: 173.304	Loglikelihood: -1.74171e+07	(delta): 1003.13
21 (QN/Block) 	Elapsed: 174.529	Loglikelihood: -1.74158e+07	(delta): 1332.37
22 (QN/Block) 	Elapsed: 173.043	Loglikelihood: -1.74145e+07	(delta): 1275.2
23 (QN/Block) 	Elapsed: 172.821	Loglikelihood: -1.74114e+07	(delta): 3165.95
24 (QN/Block) 	Elapsed: 174.7	Loglikelihood: -1.74098e+07	(delta): 1569.23
25 (QN/Block) 	Elapsed: 176.974	Loglikelihood: -1.74093e+07	(delta): 494.882
26 (QN/Block) 	Elapsed: 172.367	Loglikelihood: -1.74091e+07	(delta): 220.853
27 (QN/Block) 	Elapsed: 174.414	Loglikelihood: -1.7409e+07	(delta): 50.6251
28 (QN/Block) 	Elapsed: 173.728	Loglikelihood: -1.7409e+07	(delta): 6.94161
29 (QN/Block) 	Elapsed: 176.793	Loglikelihood: -1.7409e+07	(delta): 0.168178
30 (QN/Block) 	Elapsed: 177.174	Loglikelihood: -1.7409e+07	(delta): 2.74479e-05
Summary: 
Converged in 30 iterations (5557.84 sec)
Loglikelihood: -17409010.875101
Fst divergences between estimated populations: 
	Pop0	Pop1	Pop2	Pop3	Pop4	Pop5	Pop6	Pop7	
Pop0	
Pop1	0.599	
Pop2	0.621	0.590	
Pop3	0.626	0.597	0.351	
Pop4	0.508	0.481	0.282	0.258	
Pop5	0.566	0.535	0.222	0.342	0.273	
Pop6	0.734	0.733	0.777	0.770	0.668	0.729	
Pop7	0.663	0.664	0.691	0.690	0.608	0.655	0.575	
Pop8	0.603	0.563	0.484	0.527	0.387	0.427	0.758	0.678	
CV error (K=9): 0.05605
Writing output files.
