****                   ADMIXTURE Version 1.3.0                  ****
****                    Copyright 2008-2015                     ****
****           David Alexander, Suyash Shringarpure,            ****
****                John  Novembre, Ken Lange                   ****
****                                                            ****
****                 Please cite our paper!                     ****
****   Information at www.genetics.ucla.edu/software/admixture  ****

Cross-validation will be performed.  Folds=10.
Parallel execution requested.  Will use 24 threads.
Random seed: 1553
Point estimation method: Block relaxation algorithm
Convergence acceleration algorithm: QuasiNewton, 3 secant conditions
Point estimation will terminate when objective function delta < 0.0001
Estimation of standard errors disabled; will compute point estimates only.
Size of G: 713x578311
Performing five EM steps to prime main algorithm
1 (EM) 	Elapsed: 83.076	Loglikelihood: -5.25435e+07	(delta): 5.49783e+08
2 (EM) 	Elapsed: 82.75	Loglikelihood: -4.60148e+07	(delta): 6.52867e+06
3 (EM) 	Elapsed: 75.881	Loglikelihood: -4.53144e+07	(delta): 700404
4 (EM) 	Elapsed: 75.523	Loglikelihood: -4.49349e+07	(delta): 379487
5 (EM) 	Elapsed: 75.615	Loglikelihood: -4.46419e+07	(delta): 292974
Initial loglikelihood: -4.46419e+07
Starting main algorithm
1 (QN/Block) 	Elapsed: 185.32	Loglikelihood: -3.07116e+07	(delta): 1.39303e+07
2 (QN/Block) 	Elapsed: 189.197	Loglikelihood: -2.37945e+07	(delta): 6.91714e+06
3 (QN/Block) 	Elapsed: 186.482	Loglikelihood: -2.11543e+07	(delta): 2.64019e+06
4 (QN/Block) 	Elapsed: 184.329	Loglikelihood: -1.92263e+07	(delta): 1.92799e+06
5 (QN/Block) 	Elapsed: 181.16	Loglikelihood: -1.83883e+07	(delta): 837992
6 (QN/Block) 	Elapsed: 182.482	Loglikelihood: -1.80761e+07	(delta): 312274
7 (QN/Block) 	Elapsed: 183.861	Loglikelihood: -1.79712e+07	(delta): 104824
8 (QN/Block) 	Elapsed: 187.419	Loglikelihood: -1.78978e+07	(delta): 73479.3
9 (QN/Block) 	Elapsed: 203.414	Loglikelihood: -1.78713e+07	(delta): 26495.6
10 (QN/Block) 	Elapsed: 211.386	Loglikelihood: -1.78439e+07	(delta): 27377.5
11 (QN/Block) 	Elapsed: 205.188	Loglikelihood: -1.77636e+07	(delta): 80269.1
12 (QN/Block) 	Elapsed: 200.145	Loglikelihood: -1.76855e+07	(delta): 78141.7
13 (QN/Block) 	Elapsed: 188.701	Loglikelihood: -1.76706e+07	(delta): 14841.7
14 (QN/Block) 	Elapsed: 190.968	Loglikelihood: -1.76674e+07	(delta): 3192.77
15 (QN/Block) 	Elapsed: 182.646	Loglikelihood: -1.76664e+07	(delta): 1008.39
16 (QN/Block) 	Elapsed: 181.804	Loglikelihood: -1.76661e+07	(delta): 384.593
17 (QN/Block) 	Elapsed: 180.91	Loglikelihood: -1.76659e+07	(delta): 186.153
18 (QN/Block) 	Elapsed: 188.056	Loglikelihood: -1.76658e+07	(delta): 43.041
19 (QN/Block) 	Elapsed: 195.379	Loglikelihood: -1.76658e+07	(delta): 0.802124
20 (QN/Block) 	Elapsed: 202.726	Loglikelihood: -1.76658e+07	(delta): 0.00362232
21 (QN/Block) 	Elapsed: 205.894	Loglikelihood: -1.76658e+07	(delta): 0.000255223
22 (QN/Block) 	Elapsed: 207.236	Loglikelihood: -1.76658e+07	(delta): 5.81518e-05
Summary: 
Converged in 22 iterations (4624.42 sec)
Loglikelihood: -17665825.010268
Fst divergences between estimated populations: 
	Pop0	Pop1	Pop2	Pop3	Pop4	Pop5	Pop6	Pop7	
Pop0	
Pop1	0.633	
Pop2	0.486	0.579	
Pop3	0.595	0.660	0.294	
Pop4	0.606	0.663	0.270	0.386	
Pop5	0.674	0.684	0.580	0.742	0.741	
Pop6	0.561	0.641	0.394	0.493	0.542	0.702	
Pop7	0.401	0.505	0.332	0.373	0.400	0.472	0.350	
Pop8	0.526	0.615	0.251	0.153	0.293	0.646	0.411	0.339	
CV error (K=9): 0.05665
Writing output files.
