****                   ADMIXTURE Version 1.3.0                  ****
****                    Copyright 2008-2015                     ****
****           David Alexander, Suyash Shringarpure,            ****
****                John  Novembre, Ken Lange                   ****
****                                                            ****
****                 Please cite our paper!                     ****
****   Information at www.genetics.ucla.edu/software/admixture  ****

Cross-validation will be performed.  Folds=10.
Parallel execution requested.  Will use 24 threads.
Random seed: 1432
Point estimation method: Block relaxation algorithm
Convergence acceleration algorithm: QuasiNewton, 3 secant conditions
Point estimation will terminate when objective function delta < 0.0001
Estimation of standard errors disabled; will compute point estimates only.
Size of G: 713x578311
Performing five EM steps to prime main algorithm
1 (EM) 	Elapsed: 256.087	Loglikelihood: -5.28481e+07	(delta): 5.31332e+08
2 (EM) 	Elapsed: 267.326	Loglikelihood: -4.57003e+07	(delta): 7.14787e+06
3 (EM) 	Elapsed: 270.508	Loglikelihood: -4.49661e+07	(delta): 734131
4 (EM) 	Elapsed: 269.249	Loglikelihood: -4.4552e+07	(delta): 414095
5 (EM) 	Elapsed: 270.662	Loglikelihood: -4.41938e+07	(delta): 358201
Initial loglikelihood: -4.41938e+07
Starting main algorithm
1 (QN/Block) 	Elapsed: 395.069	Loglikelihood: -2.44483e+07	(delta): 1.97455e+07
2 (QN/Block) 	Elapsed: 394.413	Loglikelihood: -1.74726e+07	(delta): 6.97573e+06
3 (QN/Block) 	Elapsed: 401.392	Loglikelihood: -1.53898e+07	(delta): 2.08277e+06
4 (QN/Block) 	Elapsed: 403.263	Loglikelihood: -1.41465e+07	(delta): 1.24339e+06
5 (QN/Block) 	Elapsed: 399.329	Loglikelihood: -1.34461e+07	(delta): 700406
6 (QN/Block) 	Elapsed: 398.142	Loglikelihood: -1.31302e+07	(delta): 315870
7 (QN/Block) 	Elapsed: 395.912	Loglikelihood: -1.30148e+07	(delta): 115391
8 (QN/Block) 	Elapsed: 400.458	Loglikelihood: -1.29688e+07	(delta): 45982.1
9 (QN/Block) 	Elapsed: 397.64	Loglikelihood: -1.29389e+07	(delta): 29900.7
10 (QN/Block) 	Elapsed: 397.981	Loglikelihood: -1.29186e+07	(delta): 20296.9
11 (QN/Block) 	Elapsed: 399.507	Loglikelihood: -1.29075e+07	(delta): 11131.9
12 (QN/Block) 	Elapsed: 400.98	Loglikelihood: -1.2902e+07	(delta): 5474.36
13 (QN/Block) 	Elapsed: 395.086	Loglikelihood: -1.28538e+07	(delta): 48180.6
14 (QN/Block) 	Elapsed: 405.332	Loglikelihood: -1.28391e+07	(delta): 14761.9
15 (QN/Block) 	Elapsed: 422.794	Loglikelihood: -1.28324e+07	(delta): 6651.68
16 (QN/Block) 	Elapsed: 426.514	Loglikelihood: -1.28268e+07	(delta): 5636.93
17 (QN/Block) 	Elapsed: 431.163	Loglikelihood: -1.28249e+07	(delta): 1836.92
18 (QN/Block) 	Elapsed: 418.011	Loglikelihood: -1.28245e+07	(delta): 476.451
19 (QN/Block) 	Elapsed: 406.339	Loglikelihood: -1.28238e+07	(delta): 675.548
20 (QN/Block) 	Elapsed: 406.58	Loglikelihood: -1.28227e+07	(delta): 1112.32
21 (QN/Block) 	Elapsed: 407.467	Loglikelihood: -1.28209e+07	(delta): 1757.18
22 (QN/Block) 	Elapsed: 411.821	Loglikelihood: -1.282e+07	(delta): 920.679
23 (QN/Block) 	Elapsed: 423.635	Loglikelihood: -1.28191e+07	(delta): 911.907
24 (QN/Block) 	Elapsed: 413.493	Loglikelihood: -1.28184e+07	(delta): 653.9
25 (QN/Block) 	Elapsed: 411.82	Loglikelihood: -1.28182e+07	(delta): 214.597
26 (QN/Block) 	Elapsed: 405.578	Loglikelihood: -1.28182e+07	(delta): 50.3178
27 (QN/Block) 	Elapsed: 407.69	Loglikelihood: -1.28182e+07	(delta): 8.78494
28 (QN/Block) 	Elapsed: 430.745	Loglikelihood: -1.28182e+07	(delta): 3.4862
29 (QN/Block) 	Elapsed: 415.874	Loglikelihood: -1.28181e+07	(delta): 0.587882
30 (QN/Block) 	Elapsed: 415.574	Loglikelihood: -1.28181e+07	(delta): 0.10642
31 (QN/Block) 	Elapsed: 415.348	Loglikelihood: -1.28181e+07	(delta): 0.0305831
32 (QN/Block) 	Elapsed: 416.391	Loglikelihood: -1.28181e+07	(delta): 0.0480768
33 (QN/Block) 	Elapsed: 416.109	Loglikelihood: -1.28181e+07	(delta): 0.456559
34 (QN/Block) 	Elapsed: 417.211	Loglikelihood: -1.28181e+07	(delta): 3.4061
35 (QN/Block) 	Elapsed: 418.142	Loglikelihood: -1.28178e+07	(delta): 349.984
36 (QN/Block) 	Elapsed: 416.968	Loglikelihood: -1.28177e+07	(delta): 62.6538
37 (QN/Block) 	Elapsed: 417.661	Loglikelihood: -1.28177e+07	(delta): 18.4105
38 (QN/Block) 	Elapsed: 416.238	Loglikelihood: -1.28177e+07	(delta): 4.41246
39 (QN/Block) 	Elapsed: 418.532	Loglikelihood: -1.28177e+07	(delta): 0.669526
40 (QN/Block) 	Elapsed: 415.648	Loglikelihood: -1.28177e+07	(delta): 0.144192
41 (QN/Block) 	Elapsed: 414.275	Loglikelihood: -1.28177e+07	(delta): 0.00246122
42 (QN/Block) 	Elapsed: 425.195	Loglikelihood: -1.28177e+07	(delta): 0.00011592
43 (QN/Block) 	Elapsed: 413.811	Loglikelihood: -1.28177e+07	(delta): 5.71515e-05
Summary: 
Converged in 43 iterations (19023.8 sec)
Loglikelihood: -12817709.556012
Fst divergences between estimated populations: 
	Pop0	Pop1	Pop2	Pop3	Pop4	Pop5	Pop6	Pop7	Pop8	Pop9	Pop10	Pop11	Pop12	Pop13	Pop14	Pop15	Pop16	Pop17	Pop18	Pop19	Pop20	
Pop0	
Pop1	0.478	
Pop2	0.856	0.667	
Pop3	0.656	0.497	0.798	
Pop4	0.570	0.465	0.832	0.625	
Pop5	0.439	0.489	0.836	0.649	0.590	
Pop6	0.593	0.447	0.732	0.576	0.575	0.593	
Pop7	0.812	0.638	0.724	0.764	0.790	0.796	0.701	
Pop8	0.196	0.462	0.826	0.624	0.532	0.385	0.572	0.785	
Pop9	0.397	0.449	0.777	0.582	0.502	0.342	0.544	0.742	0.368	
Pop10	0.289	0.443	0.792	0.585	0.482	0.397	0.544	0.754	0.283	0.360	
Pop11	0.771	0.534	0.852	0.709	0.737	0.749	0.608	0.813	0.726	0.665	0.675	
Pop12	0.625	0.485	0.778	0.608	0.592	0.624	0.568	0.746	0.598	0.562	0.563	0.685	
Pop13	0.560	0.464	0.822	0.617	0.186	0.581	0.570	0.781	0.526	0.498	0.479	0.723	0.585	
Pop14	0.129	0.469	0.838	0.636	0.544	0.413	0.580	0.795	0.153	0.383	0.276	0.743	0.608	0.537	
Pop15	0.310	0.468	0.825	0.628	0.546	0.309	0.575	0.785	0.219	0.361	0.315	0.727	0.602	0.539	0.284	
Pop16	0.747	0.596	0.480	0.713	0.729	0.736	0.657	0.605	0.725	0.689	0.697	0.754	0.697	0.722	0.733	0.725	
Pop17	0.738	0.550	0.826	0.695	0.709	0.725	0.635	0.793	0.705	0.656	0.666	0.767	0.672	0.699	0.718	0.707	0.741	
Pop18	0.197	0.453	0.812	0.607	0.505	0.372	0.560	0.772	0.219	0.336	0.253	0.705	0.582	0.501	0.199	0.268	0.713	0.688	
Pop19	0.582	0.471	0.831	0.629	0.189	0.598	0.579	0.790	0.544	0.512	0.495	0.738	0.595	0.230	0.556	0.557	0.729	0.711	0.518	
Pop20	0.651	0.493	0.796	0.221	0.621	0.645	0.572	0.762	0.620	0.579	0.581	0.705	0.604	0.614	0.632	0.624	0.711	0.692	0.604	0.625	
Pop21	0.136	0.473	0.843	0.643	0.553	0.431	0.585	0.800	0.193	0.390	0.283	0.752	0.614	0.546	0.176	0.288	0.738	0.724	0.179	0.565	0.638	
CV error (K=22): 0.04900
Writing output files.
