****                   ADMIXTURE Version 1.3.0                  ****
****                    Copyright 2008-2015                     ****
****           David Alexander, Suyash Shringarpure,            ****
****                John  Novembre, Ken Lange                   ****
****                                                            ****
****                 Please cite our paper!                     ****
****   Information at www.genetics.ucla.edu/software/admixture  ****

Cross-validation will be performed.  Folds=10.
Parallel execution requested.  Will use 24 threads.
Random seed: 1706
Point estimation method: Block relaxation algorithm
Convergence acceleration algorithm: QuasiNewton, 3 secant conditions
Point estimation will terminate when objective function delta < 0.0001
Estimation of standard errors disabled; will compute point estimates only.
Size of G: 713x578311
Performing five EM steps to prime main algorithm
1 (EM) 	Elapsed: 301.057	Loglikelihood: -5.2845e+07	(delta): 5.30427e+08
2 (EM) 	Elapsed: 303.401	Loglikelihood: -4.56756e+07	(delta): 7.16945e+06
3 (EM) 	Elapsed: 301.656	Loglikelihood: -4.49572e+07	(delta): 718377
4 (EM) 	Elapsed: 324.495	Loglikelihood: -4.45692e+07	(delta): 388026
5 (EM) 	Elapsed: 301.18	Loglikelihood: -4.42487e+07	(delta): 320505
Initial loglikelihood: -4.42487e+07
Starting main algorithm
1 (QN/Block) 	Elapsed: 432.523	Loglikelihood: -2.45237e+07	(delta): 1.9725e+07
2 (QN/Block) 	Elapsed: 462.408	Loglikelihood: -1.70461e+07	(delta): 7.47756e+06
3 (QN/Block) 	Elapsed: 465.24	Loglikelihood: -1.49935e+07	(delta): 2.05264e+06
4 (QN/Block) 	Elapsed: 470.997	Loglikelihood: -1.376e+07	(delta): 1.23348e+06
5 (QN/Block) 	Elapsed: 467.461	Loglikelihood: -1.317e+07	(delta): 589999
6 (QN/Block) 	Elapsed: 468.249	Loglikelihood: -1.28907e+07	(delta): 279331
7 (QN/Block) 	Elapsed: 472.588	Loglikelihood: -1.28049e+07	(delta): 85813.4
8 (QN/Block) 	Elapsed: 470.504	Loglikelihood: -1.27745e+07	(delta): 30374.5
9 (QN/Block) 	Elapsed: 464.587	Loglikelihood: -1.27578e+07	(delta): 16716.7
10 (QN/Block) 	Elapsed: 468.551	Loglikelihood: -1.27274e+07	(delta): 30378
11 (QN/Block) 	Elapsed: 465.29	Loglikelihood: -1.26833e+07	(delta): 44056.3
12 (QN/Block) 	Elapsed: 463.145	Loglikelihood: -1.26643e+07	(delta): 19025.4
13 (QN/Block) 	Elapsed: 466.121	Loglikelihood: -1.26498e+07	(delta): 14545.7
14 (QN/Block) 	Elapsed: 465.265	Loglikelihood: -1.26372e+07	(delta): 12559.4
15 (QN/Block) 	Elapsed: 466.513	Loglikelihood: -1.26295e+07	(delta): 7764.95
16 (QN/Block) 	Elapsed: 464.96	Loglikelihood: -1.26268e+07	(delta): 2628.19
17 (QN/Block) 	Elapsed: 461.659	Loglikelihood: -1.26249e+07	(delta): 1912.62
18 (QN/Block) 	Elapsed: 465.887	Loglikelihood: -1.26244e+07	(delta): 478.97
19 (QN/Block) 	Elapsed: 464.492	Loglikelihood: -1.26243e+07	(delta): 131.558
20 (QN/Block) 	Elapsed: 465.288	Loglikelihood: -1.2624e+07	(delta): 294.248
21 (QN/Block) 	Elapsed: 463.34	Loglikelihood: -1.26238e+07	(delta): 222.389
22 (QN/Block) 	Elapsed: 463.929	Loglikelihood: -1.26233e+07	(delta): 457.398
23 (QN/Block) 	Elapsed: 463.928	Loglikelihood: -1.26231e+07	(delta): 234.489
24 (QN/Block) 	Elapsed: 466.31	Loglikelihood: -1.26228e+07	(delta): 250.68
25 (QN/Block) 	Elapsed: 464.329	Loglikelihood: -1.26226e+07	(delta): 191.127
26 (QN/Block) 	Elapsed: 463.784	Loglikelihood: -1.26222e+07	(delta): 407.187
27 (QN/Block) 	Elapsed: 464.393	Loglikelihood: -1.26208e+07	(delta): 1475.26
28 (QN/Block) 	Elapsed: 462.473	Loglikelihood: -1.26197e+07	(delta): 1025.06
29 (QN/Block) 	Elapsed: 470.815	Loglikelihood: -1.26194e+07	(delta): 376.264
30 (QN/Block) 	Elapsed: 466.366	Loglikelihood: -1.2619e+07	(delta): 391.824
31 (QN/Block) 	Elapsed: 464.467	Loglikelihood: -1.26189e+07	(delta): 117.088
32 (QN/Block) 	Elapsed: 460.511	Loglikelihood: -1.26187e+07	(delta): 153.293
33 (QN/Block) 	Elapsed: 469.75	Loglikelihood: -1.26185e+07	(delta): 183.15
34 (QN/Block) 	Elapsed: 471.04	Loglikelihood: -1.26184e+07	(delta): 71.4091
35 (QN/Block) 	Elapsed: 464.605	Loglikelihood: -1.26184e+07	(delta): 8.12995
36 (QN/Block) 	Elapsed: 466.146	Loglikelihood: -1.26184e+07	(delta): 8.24987
37 (QN/Block) 	Elapsed: 464.058	Loglikelihood: -1.26184e+07	(delta): 0.61608
38 (QN/Block) 	Elapsed: 461.159	Loglikelihood: -1.26184e+07	(delta): 0.422311
39 (QN/Block) 	Elapsed: 463.367	Loglikelihood: -1.26184e+07	(delta): 0.23625
40 (QN/Block) 	Elapsed: 467.535	Loglikelihood: -1.26184e+07	(delta): 0.179771
41 (QN/Block) 	Elapsed: 462.914	Loglikelihood: -1.26184e+07	(delta): 0.155513
42 (QN/Block) 	Elapsed: 466.988	Loglikelihood: -1.26184e+07	(delta): 0.182537
43 (QN/Block) 	Elapsed: 466.6	Loglikelihood: -1.26184e+07	(delta): 0.0570185
44 (QN/Block) 	Elapsed: 464.302	Loglikelihood: -1.26184e+07	(delta): 0.0113201
45 (QN/Block) 	Elapsed: 464.66	Loglikelihood: -1.26184e+07	(delta): 0.00493402
46 (QN/Block) 	Elapsed: 472.175	Loglikelihood: -1.26184e+07	(delta): 0.0052252
47 (QN/Block) 	Elapsed: 467.186	Loglikelihood: -1.26184e+07	(delta): 0.00247442
48 (QN/Block) 	Elapsed: 463.699	Loglikelihood: -1.26184e+07	(delta): 0.0006621
49 (QN/Block) 	Elapsed: 464.182	Loglikelihood: -1.26184e+07	(delta): 0.000120625
50 (QN/Block) 	Elapsed: 464.049	Loglikelihood: -1.26184e+07	(delta): 6.32629e-05
Summary: 
Converged in 50 iterations (24817.1 sec)
Loglikelihood: -12618429.606368
Fst divergences between estimated populations: 
	Pop0	Pop1	Pop2	Pop3	Pop4	Pop5	Pop6	Pop7	Pop8	Pop9	Pop10	Pop11	Pop12	Pop13	Pop14	Pop15	Pop16	Pop17	Pop18	Pop19	Pop20	Pop21	Pop22	
Pop0	
Pop1	0.602	
Pop2	0.718	0.568	
Pop3	0.678	0.546	0.229	
Pop4	0.672	0.545	0.620	0.592	
Pop5	0.841	0.627	0.748	0.712	0.708	
Pop6	0.838	0.682	0.782	0.759	0.753	0.839	
Pop7	0.406	0.550	0.641	0.604	0.600	0.755	0.792	
Pop8	0.643	0.520	0.600	0.575	0.579	0.653	0.713	0.582	
Pop9	0.572	0.559	0.663	0.623	0.616	0.791	0.812	0.322	0.596	
Pop10	0.660	0.541	0.632	0.595	0.583	0.754	0.790	0.533	0.580	0.543	
Pop11	0.566	0.567	0.654	0.622	0.619	0.754	0.786	0.478	0.598	0.522	0.584	
Pop12	0.809	0.611	0.725	0.690	0.686	0.308	0.822	0.725	0.633	0.757	0.724	0.729	
Pop13	0.612	0.591	0.697	0.661	0.654	0.812	0.822	0.511	0.631	0.562	0.635	0.508	0.783	
Pop14	0.524	0.545	0.639	0.602	0.596	0.757	0.794	0.264	0.577	0.191	0.515	0.493	0.727	0.529	
Pop15	0.496	0.524	0.600	0.566	0.564	0.705	0.763	0.324	0.553	0.282	0.475	0.466	0.678	0.498	0.263	
Pop16	0.655	0.538	0.629	0.591	0.580	0.752	0.789	0.527	0.577	0.536	0.162	0.580	0.721	0.631	0.508	0.470	
Pop17	0.502	0.557	0.653	0.616	0.611	0.770	0.800	0.207	0.590	0.331	0.549	0.506	0.739	0.553	0.260	0.329	0.543	
Pop18	0.579	0.561	0.664	0.625	0.618	0.790	0.812	0.324	0.598	0.208	0.550	0.528	0.757	0.569	0.184	0.307	0.543	0.309	
Pop19	0.599	0.566	0.677	0.635	0.627	0.811	0.823	0.321	0.604	0.164	0.559	0.539	0.776	0.591	0.151	0.295	0.551	0.341	0.203	
Pop20	0.788	0.651	0.740	0.719	0.714	0.790	0.646	0.743	0.675	0.761	0.742	0.742	0.774	0.774	0.744	0.718	0.741	0.751	0.761	0.770	
Pop21	0.537	0.568	0.662	0.628	0.622	0.769	0.797	0.451	0.604	0.508	0.586	0.433	0.742	0.426	0.478	0.451	0.582	0.490	0.516	0.529	0.751	
Pop22	0.802	0.613	0.731	0.701	0.690	0.818	0.821	0.728	0.657	0.757	0.723	0.729	0.793	0.777	0.730	0.687	0.721	0.741	0.756	0.773	0.777	0.739	
Pop23	0.450	0.586	0.696	0.657	0.651	0.822	0.828	0.323	0.625	0.483	0.621	0.537	0.789	0.588	0.436	0.437	0.616	0.411	0.489	0.504	0.777	0.525	0.785	
CV error (K=24): 0.04813
Writing output files.
