****                   ADMIXTURE Version 1.3.0                  ****
****                    Copyright 2008-2015                     ****
****           David Alexander, Suyash Shringarpure,            ****
****                John  Novembre, Ken Lange                   ****
****                                                            ****
****                 Please cite our paper!                     ****
****   Information at www.genetics.ucla.edu/software/admixture  ****

Cross-validation will be performed.  Folds=10.
Parallel execution requested.  Will use 24 threads.
Random seed: 1432
Point estimation method: Block relaxation algorithm
Convergence acceleration algorithm: QuasiNewton, 3 secant conditions
Point estimation will terminate when objective function delta < 0.0001
Estimation of standard errors disabled; will compute point estimates only.
Size of G: 713x578311
Performing five EM steps to prime main algorithm
1 (EM) 	Elapsed: 133.924	Loglikelihood: -5.27673e+07	(delta): 5.42014e+08
2 (EM) 	Elapsed: 137.872	Loglikelihood: -4.60036e+07	(delta): 6.7637e+06
3 (EM) 	Elapsed: 138.585	Loglikelihood: -4.53291e+07	(delta): 674459
4 (EM) 	Elapsed: 142.117	Loglikelihood: -4.49831e+07	(delta): 346064
5 (EM) 	Elapsed: 136.709	Loglikelihood: -4.47198e+07	(delta): 263240
Initial loglikelihood: -4.47198e+07
Starting main algorithm
1 (QN/Block) 	Elapsed: 242.211	Loglikelihood: -2.84194e+07	(delta): 1.63005e+07
2 (QN/Block) 	Elapsed: 248.696	Loglikelihood: -2.06467e+07	(delta): 7.77268e+06
3 (QN/Block) 	Elapsed: 254.07	Loglikelihood: -1.86438e+07	(delta): 2.00295e+06
4 (QN/Block) 	Elapsed: 252.697	Loglikelihood: -1.73961e+07	(delta): 1.24765e+06
5 (QN/Block) 	Elapsed: 253.898	Loglikelihood: -1.6624e+07	(delta): 772117
6 (QN/Block) 	Elapsed: 252.143	Loglikelihood: -1.639e+07	(delta): 234022
7 (QN/Block) 	Elapsed: 252.058	Loglikelihood: -1.63294e+07	(delta): 60565.7
8 (QN/Block) 	Elapsed: 243.875	Loglikelihood: -1.62905e+07	(delta): 38845.8
9 (QN/Block) 	Elapsed: 245.192	Loglikelihood: -1.62659e+07	(delta): 24665.7
10 (QN/Block) 	Elapsed: 244.118	Loglikelihood: -1.62583e+07	(delta): 7586.93
11 (QN/Block) 	Elapsed: 247.416	Loglikelihood: -1.62553e+07	(delta): 2964.34
12 (QN/Block) 	Elapsed: 247.845	Loglikelihood: -1.62529e+07	(delta): 2417.87
13 (QN/Block) 	Elapsed: 253.825	Loglikelihood: -1.62513e+07	(delta): 1653.83
14 (QN/Block) 	Elapsed: 245.987	Loglikelihood: -1.62499e+07	(delta): 1391.59
15 (QN/Block) 	Elapsed: 246.2	Loglikelihood: -1.62494e+07	(delta): 459.001
16 (QN/Block) 	Elapsed: 246.708	Loglikelihood: -1.62491e+07	(delta): 317.013
17 (QN/Block) 	Elapsed: 248.899	Loglikelihood: -1.6249e+07	(delta): 81.3082
18 (QN/Block) 	Elapsed: 250.9	Loglikelihood: -1.62489e+07	(delta): 66.9632
19 (QN/Block) 	Elapsed: 246.297	Loglikelihood: -1.62489e+07	(delta): 37.0383
20 (QN/Block) 	Elapsed: 241.28	Loglikelihood: -1.62486e+07	(delta): 300.027
21 (QN/Block) 	Elapsed: 239.277	Loglikelihood: -1.62486e+07	(delta): 20.8698
22 (QN/Block) 	Elapsed: 244.975	Loglikelihood: -1.62486e+07	(delta): 1.4869
23 (QN/Block) 	Elapsed: 241.668	Loglikelihood: -1.62486e+07	(delta): 0.182117
24 (QN/Block) 	Elapsed: 240.694	Loglikelihood: -1.62486e+07	(delta): 7.57323
25 (QN/Block) 	Elapsed: 240.389	Loglikelihood: -1.62485e+07	(delta): 58.7969
26 (QN/Block) 	Elapsed: 240.479	Loglikelihood: -1.6248e+07	(delta): 504.768
27 (QN/Block) 	Elapsed: 242.719	Loglikelihood: -1.62461e+07	(delta): 1867.89
28 (QN/Block) 	Elapsed: 240.591	Loglikelihood: -1.62458e+07	(delta): 313.401
29 (QN/Block) 	Elapsed: 240.666	Loglikelihood: -1.62457e+07	(delta): 93.1031
30 (QN/Block) 	Elapsed: 240.024	Loglikelihood: -1.62457e+07	(delta): 23.8654
31 (QN/Block) 	Elapsed: 246.282	Loglikelihood: -1.62457e+07	(delta): 8.69318
32 (QN/Block) 	Elapsed: 253.33	Loglikelihood: -1.62457e+07	(delta): 2.70729
33 (QN/Block) 	Elapsed: 259.048	Loglikelihood: -1.62457e+07	(delta): 0.758967
34 (QN/Block) 	Elapsed: 260.052	Loglikelihood: -1.62457e+07	(delta): 0.355279
35 (QN/Block) 	Elapsed: 259.318	Loglikelihood: -1.62457e+07	(delta): 0.384401
36 (QN/Block) 	Elapsed: 261.331	Loglikelihood: -1.62457e+07	(delta): 0.424573
37 (QN/Block) 	Elapsed: 257.357	Loglikelihood: -1.62457e+07	(delta): 0.473173
38 (QN/Block) 	Elapsed: 254.535	Loglikelihood: -1.62457e+07	(delta): 0.360059
39 (QN/Block) 	Elapsed: 246.477	Loglikelihood: -1.62457e+07	(delta): 0.0011604
40 (QN/Block) 	Elapsed: 247.86	Loglikelihood: -1.62457e+07	(delta): 0.00115233
41 (QN/Block) 	Elapsed: 240.877	Loglikelihood: -1.62457e+07	(delta): 9.30671e-05
Summary: 
Converged in 41 iterations (10868 sec)
Loglikelihood: -16245701.657339
Fst divergences between estimated populations: 
	Pop0	Pop1	Pop2	Pop3	Pop4	Pop5	Pop6	Pop7	Pop8	Pop9	Pop10	
Pop0	
Pop1	0.730	
Pop2	0.713	0.501	
Pop3	0.493	0.418	0.412	
Pop4	0.452	0.348	0.347	0.276	
Pop5	0.756	0.574	0.318	0.446	0.382	
Pop6	0.666	0.455	0.245	0.393	0.332	0.370	
Pop7	0.681	0.577	0.570	0.438	0.383	0.610	0.536	
Pop8	0.759	0.530	0.189	0.423	0.354	0.407	0.239	0.598	
Pop9	0.689	0.650	0.643	0.523	0.489	0.665	0.621	0.633	0.662	
Pop10	0.671	0.493	0.339	0.411	0.352	0.336	0.340	0.549	0.375	0.624	
Pop11	0.730	0.164	0.494	0.413	0.343	0.569	0.448	0.574	0.522	0.649	0.487	
CV error (K=12): 0.05454
Writing output files.
