****                   ADMIXTURE Version 1.3.0                  ****
****                    Copyright 2008-2015                     ****
****           David Alexander, Suyash Shringarpure,            ****
****                John  Novembre, Ken Lange                   ****
****                                                            ****
****                 Please cite our paper!                     ****
****   Information at www.genetics.ucla.edu/software/admixture  ****

Cross-validation will be performed.  Folds=10.
Parallel execution requested.  Will use 24 threads.
Random seed: 1884
Point estimation method: Block relaxation algorithm
Convergence acceleration algorithm: QuasiNewton, 3 secant conditions
Point estimation will terminate when objective function delta < 0.0001
Estimation of standard errors disabled; will compute point estimates only.
Size of G: 713x578311
Performing five EM steps to prime main algorithm
1 (EM) 	Elapsed: 287.749	Loglikelihood: -5.28014e+07	(delta): 5.3178e+08
2 (EM) 	Elapsed: 286.453	Loglikelihood: -4.56607e+07	(delta): 7.14066e+06
3 (EM) 	Elapsed: 287.945	Loglikelihood: -4.49088e+07	(delta): 751904
4 (EM) 	Elapsed: 291.061	Loglikelihood: -4.4484e+07	(delta): 424796
5 (EM) 	Elapsed: 288.457	Loglikelihood: -4.41169e+07	(delta): 367106
Initial loglikelihood: -4.41169e+07
Starting main algorithm
1 (QN/Block) 	Elapsed: 412.131	Loglikelihood: -2.48842e+07	(delta): 1.92327e+07
2 (QN/Block) 	Elapsed: 407.285	Loglikelihood: -1.70863e+07	(delta): 7.79786e+06
3 (QN/Block) 	Elapsed: 401.946	Loglikelihood: -1.52452e+07	(delta): 1.84116e+06
4 (QN/Block) 	Elapsed: 399.881	Loglikelihood: -1.41848e+07	(delta): 1.06032e+06
5 (QN/Block) 	Elapsed: 404.772	Loglikelihood: -1.36075e+07	(delta): 577362
6 (QN/Block) 	Elapsed: 404.639	Loglikelihood: -1.3404e+07	(delta): 203458
7 (QN/Block) 	Elapsed: 404.396	Loglikelihood: -1.33383e+07	(delta): 65667.8
8 (QN/Block) 	Elapsed: 402.182	Loglikelihood: -1.33193e+07	(delta): 19068.1
9 (QN/Block) 	Elapsed: 402.871	Loglikelihood: -1.33081e+07	(delta): 11206.7
10 (QN/Block) 	Elapsed: 404.237	Loglikelihood: -1.33024e+07	(delta): 5658.64
11 (QN/Block) 	Elapsed: 400.436	Loglikelihood: -1.32975e+07	(delta): 4944.36
12 (QN/Block) 	Elapsed: 402.384	Loglikelihood: -1.32957e+07	(delta): 1717.53
13 (QN/Block) 	Elapsed: 404.578	Loglikelihood: -1.32945e+07	(delta): 1236.61
14 (QN/Block) 	Elapsed: 402.511	Loglikelihood: -1.32944e+07	(delta): 163.013
15 (QN/Block) 	Elapsed: 401.533	Loglikelihood: -1.32943e+07	(delta): 48.9376
16 (QN/Block) 	Elapsed: 401.906	Loglikelihood: -1.32943e+07	(delta): 19.8466
17 (QN/Block) 	Elapsed: 405.629	Loglikelihood: -1.32942e+07	(delta): 44.8891
18 (QN/Block) 	Elapsed: 405.003	Loglikelihood: -1.32941e+07	(delta): 181.64
19 (QN/Block) 	Elapsed: 404.42	Loglikelihood: -1.32939e+07	(delta): 138.295
20 (QN/Block) 	Elapsed: 402.415	Loglikelihood: -1.32939e+07	(delta): 26.2579
21 (QN/Block) 	Elapsed: 404.249	Loglikelihood: -1.32939e+07	(delta): 3.03328
22 (QN/Block) 	Elapsed: 405.491	Loglikelihood: -1.32939e+07	(delta): 0.464878
23 (QN/Block) 	Elapsed: 404.741	Loglikelihood: -1.32939e+07	(delta): 0.0785098
24 (QN/Block) 	Elapsed: 404.627	Loglikelihood: -1.32939e+07	(delta): 0.0122556
25 (QN/Block) 	Elapsed: 403.693	Loglikelihood: -1.32939e+07	(delta): 0.00142449
26 (QN/Block) 	Elapsed: 403.711	Loglikelihood: -1.32939e+07	(delta): 0.000779673
27 (QN/Block) 	Elapsed: 402.438	Loglikelihood: -1.32939e+07	(delta): 0.000693841
28 (QN/Block) 	Elapsed: 401.988	Loglikelihood: -1.32939e+07	(delta): 0.00197593
29 (QN/Block) 	Elapsed: 404.612	Loglikelihood: -1.32939e+07	(delta): 0.000926705
30 (QN/Block) 	Elapsed: 403.943	Loglikelihood: -1.32939e+07	(delta): 0.0021193
31 (QN/Block) 	Elapsed: 404.479	Loglikelihood: -1.32939e+07	(delta): 0.000301545
32 (QN/Block) 	Elapsed: 402.773	Loglikelihood: -1.32939e+07	(delta): 0.000934716
33 (QN/Block) 	Elapsed: 401.82	Loglikelihood: -1.32939e+07	(delta): 0.000110591
34 (QN/Block) 	Elapsed: 401.939	Loglikelihood: -1.32939e+07	(delta): 0.000133166
35 (QN/Block) 	Elapsed: 404.591	Loglikelihood: -1.32939e+07	(delta): 8.79951e-05
Summary: 
Converged in 35 iterations (15590.2 sec)
Loglikelihood: -13293886.615883
Fst divergences between estimated populations: 
	Pop0	Pop1	Pop2	Pop3	Pop4	Pop5	Pop6	Pop7	Pop8	Pop9	Pop10	Pop11	Pop12	Pop13	Pop14	Pop15	Pop16	Pop17	Pop18	Pop19	
Pop0	
Pop1	0.672	
Pop2	0.733	0.272	
Pop3	0.801	0.740	0.777	
Pop4	0.851	0.790	0.830	0.324	
Pop5	0.753	0.509	0.571	0.787	0.840	
Pop6	0.813	0.752	0.789	0.663	0.728	0.799	
Pop7	0.731	0.476	0.531	0.775	0.828	0.262	0.787	
Pop8	0.666	0.357	0.375	0.731	0.778	0.528	0.742	0.499	
Pop9	0.734	0.315	0.255	0.777	0.829	0.585	0.789	0.549	0.372	
Pop10	0.774	0.290	0.161	0.800	0.857	0.613	0.814	0.569	0.402	0.324	
Pop11	0.723	0.275	0.198	0.771	0.824	0.562	0.783	0.525	0.358	0.259	0.250	
Pop12	0.752	0.279	0.184	0.788	0.843	0.590	0.801	0.549	0.391	0.291	0.152	0.212	
Pop13	0.830	0.518	0.573	0.828	0.882	0.734	0.842	0.700	0.445	0.516	0.646	0.542	0.613	
Pop14	0.747	0.392	0.407	0.782	0.834	0.617	0.795	0.584	0.348	0.349	0.453	0.381	0.440	0.372	
Pop15	0.714	0.463	0.515	0.764	0.816	0.221	0.777	0.150	0.488	0.533	0.548	0.509	0.531	0.677	0.567	
Pop16	0.424	0.341	0.355	0.549	0.585	0.373	0.556	0.356	0.355	0.364	0.363	0.356	0.361	0.425	0.380	0.352	
Pop17	0.750	0.279	0.205	0.787	0.841	0.588	0.800	0.546	0.383	0.315	0.170	0.249	0.153	0.604	0.427	0.529	0.360	
Pop18	0.674	0.547	0.590	0.732	0.776	0.604	0.742	0.582	0.551	0.595	0.616	0.584	0.602	0.678	0.609	0.570	0.379	0.600	
Pop19	0.794	0.441	0.457	0.810	0.863	0.675	0.823	0.640	0.408	0.398	0.516	0.429	0.496	0.514	0.307	0.619	0.398	0.484	0.644	
Pop20	0.604	0.496	0.527	0.677	0.717	0.532	0.686	0.513	0.500	0.532	0.544	0.523	0.535	0.602	0.547	0.505	0.352	0.533	0.516	0.573	
CV error (K=21): 0.04892
Writing output files.
