****                   ADMIXTURE Version 1.3.0                  ****
****                    Copyright 2008-2015                     ****
****           David Alexander, Suyash Shringarpure,            ****
****                John  Novembre, Ken Lange                   ****
****                                                            ****
****                 Please cite our paper!                     ****
****   Information at www.genetics.ucla.edu/software/admixture  ****

Cross-validation will be performed.  Folds=10.
Parallel execution requested.  Will use 24 threads.
Random seed: 1706
Point estimation method: Block relaxation algorithm
Convergence acceleration algorithm: QuasiNewton, 3 secant conditions
Point estimation will terminate when objective function delta < 0.0001
Estimation of standard errors disabled; will compute point estimates only.
Size of G: 713x578311
Performing five EM steps to prime main algorithm
1 (EM) 	Elapsed: 47.917	Loglikelihood: -5.21464e+07	(delta): 5.65686e+08
2 (EM) 	Elapsed: 53.543	Loglikelihood: -4.62048e+07	(delta): 5.94166e+06
3 (EM) 	Elapsed: 57.368	Loglikelihood: -4.55987e+07	(delta): 606131
4 (EM) 	Elapsed: 54.213	Loglikelihood: -4.52875e+07	(delta): 311167
5 (EM) 	Elapsed: 47.076	Loglikelihood: -4.50589e+07	(delta): 228573
Initial loglikelihood: -4.50589e+07
Starting main algorithm
1 (QN/Block) 	Elapsed: 143.985	Loglikelihood: -3.22388e+07	(delta): 1.28201e+07
2 (QN/Block) 	Elapsed: 142.341	Loglikelihood: -2.55441e+07	(delta): 6.69469e+06
3 (QN/Block) 	Elapsed: 144.78	Loglikelihood: -2.33586e+07	(delta): 2.18553e+06
4 (QN/Block) 	Elapsed: 144.458	Loglikelihood: -2.16818e+07	(delta): 1.6768e+06
5 (QN/Block) 	Elapsed: 147.707	Loglikelihood: -2.08207e+07	(delta): 861074
6 (QN/Block) 	Elapsed: 140.266	Loglikelihood: -2.05323e+07	(delta): 288421
7 (QN/Block) 	Elapsed: 142.716	Loglikelihood: -2.04418e+07	(delta): 90505.2
8 (QN/Block) 	Elapsed: 142.977	Loglikelihood: -2.04177e+07	(delta): 24108.2
9 (QN/Block) 	Elapsed: 144.096	Loglikelihood: -2.04107e+07	(delta): 7032.75
10 (QN/Block) 	Elapsed: 142.757	Loglikelihood: -2.04092e+07	(delta): 1500.28
11 (QN/Block) 	Elapsed: 144.665	Loglikelihood: -2.0409e+07	(delta): 149.34
12 (QN/Block) 	Elapsed: 143.285	Loglikelihood: -2.0409e+07	(delta): 8.8855
13 (QN/Block) 	Elapsed: 143.529	Loglikelihood: -2.0409e+07	(delta): 0.518794
14 (QN/Block) 	Elapsed: 144.569	Loglikelihood: -2.0409e+07	(delta): 0.335988
15 (QN/Block) 	Elapsed: 146.154	Loglikelihood: -2.0409e+07	(delta): 0.358543
16 (QN/Block) 	Elapsed: 144.386	Loglikelihood: -2.0409e+07	(delta): 0.208688
17 (QN/Block) 	Elapsed: 145.067	Loglikelihood: -2.0409e+07	(delta): 0.000169955
18 (QN/Block) 	Elapsed: 144.902	Loglikelihood: -2.0409e+07	(delta): 0.000114467
19 (QN/Block) 	Elapsed: 141.289	Loglikelihood: -2.0409e+07	(delta): 2.12714e-06
Summary: 
Converged in 19 iterations (2998.93 sec)
Loglikelihood: -20409004.077801
Fst divergences between estimated populations: 
	Pop0	Pop1	Pop2	Pop3	Pop4	
Pop0	
Pop1	0.552	
Pop2	0.470	0.631	
Pop3	0.476	0.642	0.470	
Pop4	0.480	0.651	0.282	0.474	
Pop5	0.456	0.600	0.503	0.505	0.519	
CV error (K=6): 0.06219
Writing output files.
