****                   ADMIXTURE Version 1.3.0                  ****
****                    Copyright 2008-2015                     ****
****           David Alexander, Suyash Shringarpure,            ****
****                John  Novembre, Ken Lange                   ****
****                                                            ****
****                 Please cite our paper!                     ****
****   Information at www.genetics.ucla.edu/software/admixture  ****

Cross-validation will be performed.  Folds=10.
Parallel execution requested.  Will use 24 threads.
Random seed: 1884
Point estimation method: Block relaxation algorithm
Convergence acceleration algorithm: QuasiNewton, 3 secant conditions
Point estimation will terminate when objective function delta < 0.0001
Estimation of standard errors disabled; will compute point estimates only.
Size of G: 713x578311
Performing five EM steps to prime main algorithm
1 (EM) 	Elapsed: 37.561	Loglikelihood: -5.17893e+07	(delta): 5.74065e+08
2 (EM) 	Elapsed: 39.944	Loglikelihood: -4.60817e+07	(delta): 5.70754e+06
3 (EM) 	Elapsed: 46.074	Loglikelihood: -4.54251e+07	(delta): 656675
4 (EM) 	Elapsed: 41.273	Loglikelihood: -4.50384e+07	(delta): 386700
5 (EM) 	Elapsed: 46.079	Loglikelihood: -4.47245e+07	(delta): 313912
Initial loglikelihood: -4.47245e+07
Starting main algorithm
1 (QN/Block) 	Elapsed: 120.724	Loglikelihood: -3.14941e+07	(delta): 1.32304e+07
2 (QN/Block) 	Elapsed: 115.987	Loglikelihood: -2.58397e+07	(delta): 5.65437e+06
3 (QN/Block) 	Elapsed: 117.963	Loglikelihood: -2.44727e+07	(delta): 1.36702e+06
4 (QN/Block) 	Elapsed: 119.575	Loglikelihood: -2.35632e+07	(delta): 909481
5 (QN/Block) 	Elapsed: 120.232	Loglikelihood: -2.31087e+07	(delta): 454489
6 (QN/Block) 	Elapsed: 120.365	Loglikelihood: -2.29834e+07	(delta): 125352
7 (QN/Block) 	Elapsed: 120.159	Loglikelihood: -2.29661e+07	(delta): 17237.2
8 (QN/Block) 	Elapsed: 119.762	Loglikelihood: -2.29628e+07	(delta): 3365.82
9 (QN/Block) 	Elapsed: 119.78	Loglikelihood: -2.2962e+07	(delta): 763.321
10 (QN/Block) 	Elapsed: 119.214	Loglikelihood: -2.29618e+07	(delta): 193.769
11 (QN/Block) 	Elapsed: 120.679	Loglikelihood: -2.29618e+07	(delta): 20.1365
12 (QN/Block) 	Elapsed: 119.25	Loglikelihood: -2.29618e+07	(delta): 1.38669
13 (QN/Block) 	Elapsed: 119.211	Loglikelihood: -2.29618e+07	(delta): 0.0787429
14 (QN/Block) 	Elapsed: 119.332	Loglikelihood: -2.29618e+07	(delta): 0.0239043
15 (QN/Block) 	Elapsed: 119.904	Loglikelihood: -2.29618e+07	(delta): 0.000520647
16 (QN/Block) 	Elapsed: 118.46	Loglikelihood: -2.29618e+07	(delta): 1.70618e-05
Summary: 
Converged in 16 iterations (2125.27 sec)
Loglikelihood: -22961786.705334
Fst divergences between estimated populations: 
	Pop0	Pop1	Pop2	Pop3	
Pop0	
Pop1	0.542	
Pop2	0.574	0.355	
Pop3	0.645	0.425	0.341	
Pop4	0.629	0.423	0.363	0.266	
CV error (K=5): 0.06806
Writing output files.
