****                   ADMIXTURE Version 1.3.0                  ****
****                    Copyright 2008-2015                     ****
****           David Alexander, Suyash Shringarpure,            ****
****                John  Novembre, Ken Lange                   ****
****                                                            ****
****                 Please cite our paper!                     ****
****   Information at www.genetics.ucla.edu/software/admixture  ****

Cross-validation will be performed.  Folds=10.
Parallel execution requested.  Will use 24 threads.
Random seed: 1322
Point estimation method: Block relaxation algorithm
Convergence acceleration algorithm: QuasiNewton, 3 secant conditions
Point estimation will terminate when objective function delta < 0.0001
Estimation of standard errors disabled; will compute point estimates only.
Size of G: 713x578311
Performing five EM steps to prime main algorithm
1 (EM) 	Elapsed: 124.663	Loglikelihood: -5.27348e+07	(delta): 5.41581e+08
2 (EM) 	Elapsed: 122.305	Loglikelihood: -4.59203e+07	(delta): 6.81446e+06
3 (EM) 	Elapsed: 132.204	Loglikelihood: -4.52016e+07	(delta): 718742
4 (EM) 	Elapsed: 122.44	Loglikelihood: -4.48072e+07	(delta): 394327
5 (EM) 	Elapsed: 125.743	Loglikelihood: -4.44873e+07	(delta): 319954
Initial loglikelihood: -4.44873e+07
Starting main algorithm
1 (QN/Block) 	Elapsed: 246.349	Loglikelihood: -2.74107e+07	(delta): 1.70765e+07
2 (QN/Block) 	Elapsed: 240.041	Loglikelihood: -2.09673e+07	(delta): 6.44341e+06
3 (QN/Block) 	Elapsed: 240.204	Loglikelihood: -1.91887e+07	(delta): 1.77867e+06
4 (QN/Block) 	Elapsed: 245.492	Loglikelihood: -1.79667e+07	(delta): 1.22192e+06
5 (QN/Block) 	Elapsed: 239.841	Loglikelihood: -1.72983e+07	(delta): 668480
6 (QN/Block) 	Elapsed: 241.02	Loglikelihood: -1.70452e+07	(delta): 253042
7 (QN/Block) 	Elapsed: 243.654	Loglikelihood: -1.69823e+07	(delta): 62904.6
8 (QN/Block) 	Elapsed: 245.924	Loglikelihood: -1.6895e+07	(delta): 87271.5
9 (QN/Block) 	Elapsed: 243.122	Loglikelihood: -1.68258e+07	(delta): 69238.2
10 (QN/Block) 	Elapsed: 243.783	Loglikelihood: -1.68065e+07	(delta): 19312.6
11 (QN/Block) 	Elapsed: 245.018	Loglikelihood: -1.67991e+07	(delta): 7388.98
12 (QN/Block) 	Elapsed: 243.648	Loglikelihood: -1.67113e+07	(delta): 87783.8
13 (QN/Block) 	Elapsed: 239.56	Loglikelihood: -1.66677e+07	(delta): 43572.8
14 (QN/Block) 	Elapsed: 237.409	Loglikelihood: -1.66631e+07	(delta): 4633.95
15 (QN/Block) 	Elapsed: 238.361	Loglikelihood: -1.66625e+07	(delta): 628.743
16 (QN/Block) 	Elapsed: 238.22	Loglikelihood: -1.66624e+07	(delta): 123.843
17 (QN/Block) 	Elapsed: 244.356	Loglikelihood: -1.66623e+07	(delta): 54.4721
18 (QN/Block) 	Elapsed: 240.937	Loglikelihood: -1.66623e+07	(delta): 16.9031
19 (QN/Block) 	Elapsed: 240.689	Loglikelihood: -1.66623e+07	(delta): 2.28817
20 (QN/Block) 	Elapsed: 242.814	Loglikelihood: -1.66623e+07	(delta): 0.443922
21 (QN/Block) 	Elapsed: 239.941	Loglikelihood: -1.66623e+07	(delta): 0.265016
22 (QN/Block) 	Elapsed: 237.631	Loglikelihood: -1.66623e+07	(delta): 0.178791
23 (QN/Block) 	Elapsed: 239.749	Loglikelihood: -1.66623e+07	(delta): 0.048248
24 (QN/Block) 	Elapsed: 239.505	Loglikelihood: -1.66623e+07	(delta): 0.0148629
25 (QN/Block) 	Elapsed: 238.875	Loglikelihood: -1.66623e+07	(delta): 0.00379791
26 (QN/Block) 	Elapsed: 240.879	Loglikelihood: -1.66623e+07	(delta): 0.000350488
27 (QN/Block) 	Elapsed: 243.617	Loglikelihood: -1.66623e+07	(delta): 0.00041787
28 (QN/Block) 	Elapsed: 240.178	Loglikelihood: -1.66623e+07	(delta): 6.32014e-05
Summary: 
Converged in 28 iterations (7398.61 sec)
Loglikelihood: -16662277.086774
Fst divergences between estimated populations: 
	Pop0	Pop1	Pop2	Pop3	Pop4	Pop5	Pop6	Pop7	Pop8	Pop9	Pop10	
Pop0	
Pop1	0.646	
Pop2	0.639	0.667	
Pop3	0.429	0.742	0.732	
Pop4	0.446	0.803	0.790	0.380	
Pop5	0.469	0.796	0.784	0.339	0.414	
Pop6	0.444	0.782	0.771	0.359	0.276	0.316	
Pop7	0.437	0.786	0.773	0.363	0.128	0.380	0.220	
Pop8	0.424	0.771	0.760	0.473	0.503	0.549	0.501	0.484	
Pop9	0.247	0.541	0.537	0.324	0.321	0.348	0.326	0.317	0.309	
Pop10	0.408	0.745	0.735	0.344	0.249	0.375	0.283	0.245	0.434	0.304	
Pop11	0.470	0.746	0.737	0.561	0.613	0.622	0.598	0.595	0.567	0.370	0.552	
CV error (K=12): 0.05541
Writing output files.
