****                   ADMIXTURE Version 1.3.0                  ****
****                    Copyright 2008-2015                     ****
****           David Alexander, Suyash Shringarpure,            ****
****                John  Novembre, Ken Lange                   ****
****                                                            ****
****                 Please cite our paper!                     ****
****   Information at www.genetics.ucla.edu/software/admixture  ****

Cross-validation will be performed.  Folds=10.
Parallel execution requested.  Will use 24 threads.
Random seed: 1553
Point estimation method: Block relaxation algorithm
Convergence acceleration algorithm: QuasiNewton, 3 secant conditions
Point estimation will terminate when objective function delta < 0.0001
Estimation of standard errors disabled; will compute point estimates only.
Size of G: 713x578311
Performing five EM steps to prime main algorithm
1 (EM) 	Elapsed: 138.629	Loglikelihood: -5.27587e+07	(delta): 5.38613e+08
2 (EM) 	Elapsed: 140.948	Loglikelihood: -4.58733e+07	(delta): 6.88546e+06
3 (EM) 	Elapsed: 142.379	Loglikelihood: -4.51453e+07	(delta): 728015
4 (EM) 	Elapsed: 143.483	Loglikelihood: -4.47405e+07	(delta): 404731
5 (EM) 	Elapsed: 138.046	Loglikelihood: -4.44063e+07	(delta): 334265
Initial loglikelihood: -4.44063e+07
Starting main algorithm
1 (QN/Block) 	Elapsed: 318.39	Loglikelihood: -2.71425e+07	(delta): 1.72637e+07
2 (QN/Block) 	Elapsed: 318.364	Loglikelihood: -1.97393e+07	(delta): 7.40326e+06
3 (QN/Block) 	Elapsed: 317.265	Loglikelihood: -1.75889e+07	(delta): 2.15037e+06
4 (QN/Block) 	Elapsed: 315.245	Loglikelihood: -1.63566e+07	(delta): 1.23234e+06
5 (QN/Block) 	Elapsed: 314.119	Loglikelihood: -1.56339e+07	(delta): 722636
6 (QN/Block) 	Elapsed: 312.168	Loglikelihood: -1.5177e+07	(delta): 456946
7 (QN/Block) 	Elapsed: 305.858	Loglikelihood: -1.50138e+07	(delta): 163138
8 (QN/Block) 	Elapsed: 302.684	Loglikelihood: -1.49615e+07	(delta): 52314.2
9 (QN/Block) 	Elapsed: 304.842	Loglikelihood: -1.49427e+07	(delta): 18842.7
10 (QN/Block) 	Elapsed: 303.25	Loglikelihood: -1.49383e+07	(delta): 4410.86
11 (QN/Block) 	Elapsed: 302.996	Loglikelihood: -1.49374e+07	(delta): 830.56
12 (QN/Block) 	Elapsed: 309.886	Loglikelihood: -1.49373e+07	(delta): 138.52
13 (QN/Block) 	Elapsed: 296.945	Loglikelihood: -1.49373e+07	(delta): 21.4384
14 (QN/Block) 	Elapsed: 304.089	Loglikelihood: -1.49373e+07	(delta): 4.48441
15 (QN/Block) 	Elapsed: 303.809	Loglikelihood: -1.49373e+07	(delta): 0.582368
16 (QN/Block) 	Elapsed: 303.411	Loglikelihood: -1.49373e+07	(delta): 0.0844137
17 (QN/Block) 	Elapsed: 304.584	Loglikelihood: -1.49373e+07	(delta): 0.0403422
18 (QN/Block) 	Elapsed: 303.921	Loglikelihood: -1.49373e+07	(delta): 0.0216229
19 (QN/Block) 	Elapsed: 300.266	Loglikelihood: -1.49373e+07	(delta): 0.0217839
20 (QN/Block) 	Elapsed: 305.86	Loglikelihood: -1.49373e+07	(delta): 0.0369247
21 (QN/Block) 	Elapsed: 310.447	Loglikelihood: -1.49373e+07	(delta): 0.0110244
22 (QN/Block) 	Elapsed: 296.836	Loglikelihood: -1.49373e+07	(delta): 0.00371954
23 (QN/Block) 	Elapsed: 303.321	Loglikelihood: -1.49373e+07	(delta): 0.00200783
24 (QN/Block) 	Elapsed: 308.812	Loglikelihood: -1.49373e+07	(delta): 0.000445513
25 (QN/Block) 	Elapsed: 296.977	Loglikelihood: -1.49373e+07	(delta): 0.000187889
26 (QN/Block) 	Elapsed: 299.576	Loglikelihood: -1.49373e+07	(delta): 2.86549e-05
Summary: 
Converged in 26 iterations (8679.59 sec)
Loglikelihood: -14937268.977114
Fst divergences between estimated populations: 
	Pop0	Pop1	Pop2	Pop3	Pop4	Pop5	Pop6	Pop7	Pop8	Pop9	Pop10	Pop11	Pop12	
Pop0	
Pop1	0.407	
Pop2	0.657	0.478	
Pop3	0.283	0.378	0.573	
Pop4	0.393	0.463	0.775	0.314	
Pop5	0.536	0.435	0.675	0.480	0.630	
Pop6	0.242	0.436	0.752	0.304	0.443	0.601	
Pop7	0.461	0.483	0.803	0.334	0.413	0.658	0.553	
Pop8	0.449	0.374	0.564	0.407	0.520	0.492	0.488	0.544	
Pop9	0.743	0.587	0.814	0.678	0.812	0.743	0.802	0.827	0.656	
Pop10	0.240	0.429	0.729	0.298	0.413	0.587	0.126	0.518	0.481	0.788	
Pop11	0.430	0.420	0.704	0.392	0.577	0.561	0.502	0.627	0.462	0.772	0.489	
Pop12	0.751	0.593	0.821	0.685	0.820	0.750	0.810	0.834	0.662	0.688	0.796	0.779	
Pop13	0.287	0.436	0.729	0.300	0.354	0.592	0.283	0.466	0.488	0.787	0.237	0.509	0.794	
CV error (K=14): 0.05159
Writing output files.
