****                   ADMIXTURE Version 1.3.0                  ****
****                    Copyright 2008-2015                     ****
****           David Alexander, Suyash Shringarpure,            ****
****                John  Novembre, Ken Lange                   ****
****                                                            ****
****                 Please cite our paper!                     ****
****   Information at www.genetics.ucla.edu/software/admixture  ****

Cross-validation will be performed.  Folds=10.
Parallel execution requested.  Will use 24 threads.
Random seed: 1706
Point estimation method: Block relaxation algorithm
Convergence acceleration algorithm: QuasiNewton, 3 secant conditions
Point estimation will terminate when objective function delta < 0.0001
Estimation of standard errors disabled; will compute point estimates only.
Size of G: 713x578311
Performing five EM steps to prime main algorithm
1 (EM) 	Elapsed: 301.584	Loglikelihood: -5.28375e+07	(delta): 5.30982e+08
2 (EM) 	Elapsed: 304.153	Loglikelihood: -4.56749e+07	(delta): 7.16263e+06
3 (EM) 	Elapsed: 303.5	Loglikelihood: -4.49428e+07	(delta): 732027
4 (EM) 	Elapsed: 287.685	Loglikelihood: -4.45413e+07	(delta): 401546
5 (EM) 	Elapsed: 288.944	Loglikelihood: -4.42031e+07	(delta): 338151
Initial loglikelihood: -4.42031e+07
Starting main algorithm
1 (QN/Block) 	Elapsed: 445.743	Loglikelihood: -2.43363e+07	(delta): 1.98669e+07
2 (QN/Block) 	Elapsed: 425.57	Loglikelihood: -1.68506e+07	(delta): 7.48564e+06
3 (QN/Block) 	Elapsed: 428.959	Loglikelihood: -1.49469e+07	(delta): 1.90376e+06
4 (QN/Block) 	Elapsed: 430.268	Loglikelihood: -1.37179e+07	(delta): 1.22895e+06
5 (QN/Block) 	Elapsed: 429.874	Loglikelihood: -1.29129e+07	(delta): 805065
6 (QN/Block) 	Elapsed: 429.022	Loglikelihood: -1.25702e+07	(delta): 342650
7 (QN/Block) 	Elapsed: 428.637	Loglikelihood: -1.24608e+07	(delta): 109412
8 (QN/Block) 	Elapsed: 429.172	Loglikelihood: -1.24242e+07	(delta): 36625.8
9 (QN/Block) 	Elapsed: 430.865	Loglikelihood: -1.24068e+07	(delta): 17342.6
10 (QN/Block) 	Elapsed: 434.656	Loglikelihood: -1.23992e+07	(delta): 7634.69
11 (QN/Block) 	Elapsed: 430.353	Loglikelihood: -1.23959e+07	(delta): 3307.42
12 (QN/Block) 	Elapsed: 428.184	Loglikelihood: -1.2394e+07	(delta): 1834.57
13 (QN/Block) 	Elapsed: 429.852	Loglikelihood: -1.23896e+07	(delta): 4450.51
14 (QN/Block) 	Elapsed: 433.144	Loglikelihood: -1.23737e+07	(delta): 15937.4
15 (QN/Block) 	Elapsed: 439.199	Loglikelihood: -1.23681e+07	(delta): 5590.41
16 (QN/Block) 	Elapsed: 429.14	Loglikelihood: -1.23633e+07	(delta): 4722.98
17 (QN/Block) 	Elapsed: 430.579	Loglikelihood: -1.236e+07	(delta): 3369.35
18 (QN/Block) 	Elapsed: 429.779	Loglikelihood: -1.23575e+07	(delta): 2453.39
19 (QN/Block) 	Elapsed: 430.101	Loglikelihood: -1.23564e+07	(delta): 1090.95
20 (QN/Block) 	Elapsed: 430.834	Loglikelihood: -1.23554e+07	(delta): 1003.31
21 (QN/Block) 	Elapsed: 430.292	Loglikelihood: -1.23548e+07	(delta): 616.378
22 (QN/Block) 	Elapsed: 430.818	Loglikelihood: -1.23544e+07	(delta): 404.88
23 (QN/Block) 	Elapsed: 429.056	Loglikelihood: -1.23543e+07	(delta): 147.286
24 (QN/Block) 	Elapsed: 442.26	Loglikelihood: -1.23542e+07	(delta): 20.7111
25 (QN/Block) 	Elapsed: 445.795	Loglikelihood: -1.23542e+07	(delta): 4.64223
26 (QN/Block) 	Elapsed: 437.953	Loglikelihood: -1.23542e+07	(delta): 6.43989
27 (QN/Block) 	Elapsed: 430.315	Loglikelihood: -1.23542e+07	(delta): 2.16753
28 (QN/Block) 	Elapsed: 421.942	Loglikelihood: -1.23542e+07	(delta): 0.0738874
29 (QN/Block) 	Elapsed: 417.798	Loglikelihood: -1.23542e+07	(delta): 0.0410053
30 (QN/Block) 	Elapsed: 417.737	Loglikelihood: -1.23542e+07	(delta): 0.00366843
31 (QN/Block) 	Elapsed: 418.436	Loglikelihood: -1.23542e+07	(delta): 0.000516212
32 (QN/Block) 	Elapsed: 416.902	Loglikelihood: -1.23542e+07	(delta): 0.000535049
33 (QN/Block) 	Elapsed: 416.676	Loglikelihood: -1.23542e+07	(delta): 3.22387e-05
Summary: 
Converged in 33 iterations (15688.5 sec)
Loglikelihood: -12354224.507027
Fst divergences between estimated populations: 
	Pop0	Pop1	Pop2	Pop3	Pop4	Pop5	Pop6	Pop7	Pop8	Pop9	Pop10	Pop11	Pop12	Pop13	Pop14	Pop15	Pop16	Pop17	Pop18	Pop19	Pop20	Pop21	
Pop0	
Pop1	0.809	
Pop2	0.812	0.140	
Pop3	0.705	0.602	0.603	
Pop4	0.844	0.826	0.832	0.684	
Pop5	0.751	0.288	0.290	0.550	0.727	
Pop6	0.761	0.687	0.690	0.586	0.759	0.621	
Pop7	0.784	0.304	0.310	0.583	0.780	0.303	0.660	
Pop8	0.812	0.480	0.476	0.619	0.831	0.417	0.699	0.355	
Pop9	0.771	0.208	0.230	0.567	0.758	0.250	0.643	0.267	0.395	
Pop10	0.746	0.623	0.626	0.579	0.722	0.560	0.635	0.601	0.643	0.581	
Pop11	0.777	0.679	0.683	0.604	0.775	0.603	0.664	0.649	0.694	0.629	0.625	
Pop12	0.619	0.759	0.762	0.669	0.799	0.708	0.722	0.738	0.765	0.725	0.708	0.737	
Pop13	0.826	0.584	0.583	0.639	0.853	0.483	0.721	0.462	0.416	0.484	0.667	0.720	0.778	
Pop14	0.719	0.847	0.851	0.733	0.877	0.785	0.791	0.819	0.849	0.806	0.774	0.808	0.493	0.862	
Pop15	0.814	0.770	0.775	0.635	0.843	0.674	0.696	0.728	0.779	0.705	0.687	0.732	0.769	0.805	0.849	
Pop16	0.795	0.176	0.146	0.589	0.801	0.273	0.672	0.280	0.441	0.213	0.609	0.661	0.747	0.545	0.833	0.746	
Pop17	0.741	0.400	0.399	0.552	0.712	0.357	0.618	0.365	0.388	0.333	0.562	0.602	0.701	0.409	0.773	0.667	0.384	
Pop18	0.780	0.550	0.551	0.578	0.771	0.466	0.653	0.527	0.603	0.490	0.580	0.636	0.734	0.649	0.816	0.723	0.528	0.490	
Pop19	0.785	0.208	0.203	0.579	0.783	0.280	0.660	0.211	0.411	0.229	0.598	0.649	0.739	0.509	0.822	0.730	0.159	0.368	0.516	
Pop20	0.755	0.638	0.641	0.579	0.740	0.569	0.636	0.612	0.655	0.592	0.597	0.311	0.716	0.681	0.785	0.696	0.622	0.570	0.599	0.611	
Pop21	0.780	0.554	0.555	0.579	0.771	0.469	0.654	0.531	0.605	0.495	0.582	0.638	0.734	0.651	0.816	0.724	0.532	0.494	0.161	0.520	0.601	
Pop22	0.793	0.736	0.739	0.642	0.798	0.663	0.706	0.705	0.746	0.686	0.672	0.712	0.753	0.767	0.822	0.769	0.718	0.656	0.697	0.706	0.684	0.697	
CV error (K=23): 0.04769
Writing output files.
