****                   ADMIXTURE Version 1.3.0                  ****
****                    Copyright 2008-2015                     ****
****           David Alexander, Suyash Shringarpure,            ****
****                John  Novembre, Ken Lange                   ****
****                                                            ****
****                 Please cite our paper!                     ****
****   Information at www.genetics.ucla.edu/software/admixture  ****

Cross-validation will be performed.  Folds=10.
Parallel execution requested.  Will use 24 threads.
Random seed: 1807
Point estimation method: Block relaxation algorithm
Convergence acceleration algorithm: QuasiNewton, 3 secant conditions
Point estimation will terminate when objective function delta < 0.0001
Estimation of standard errors disabled; will compute point estimates only.
Size of G: 713x578311
Performing five EM steps to prime main algorithm
1 (EM) 	Elapsed: 248.595	Loglikelihood: -5.27918e+07	(delta): 5.32627e+08
2 (EM) 	Elapsed: 247.672	Loglikelihood: -4.56557e+07	(delta): 7.13606e+06
3 (EM) 	Elapsed: 247.008	Loglikelihood: -4.48765e+07	(delta): 779217
4 (EM) 	Elapsed: 247.318	Loglikelihood: -4.44075e+07	(delta): 468983
5 (EM) 	Elapsed: 247.061	Loglikelihood: -4.39771e+07	(delta): 430376
Initial loglikelihood: -4.39771e+07
Starting main algorithm
1 (QN/Block) 	Elapsed: 385.342	Loglikelihood: -2.5008e+07	(delta): 1.89691e+07
2 (QN/Block) 	Elapsed: 386.551	Loglikelihood: -1.83418e+07	(delta): 6.6662e+06
3 (QN/Block) 	Elapsed: 387.495	Loglikelihood: -1.60089e+07	(delta): 2.33289e+06
4 (QN/Block) 	Elapsed: 393.481	Loglikelihood: -1.45348e+07	(delta): 1.47414e+06
5 (QN/Block) 	Elapsed: 397.393	Loglikelihood: -1.38504e+07	(delta): 684354
6 (QN/Block) 	Elapsed: 398.708	Loglikelihood: -1.3591e+07	(delta): 259480
7 (QN/Block) 	Elapsed: 401.688	Loglikelihood: -1.35257e+07	(delta): 65311.2
8 (QN/Block) 	Elapsed: 401.854	Loglikelihood: -1.35087e+07	(delta): 16959.2
9 (QN/Block) 	Elapsed: 400.669	Loglikelihood: -1.34982e+07	(delta): 10464.4
10 (QN/Block) 	Elapsed: 397.133	Loglikelihood: -1.3452e+07	(delta): 46185.6
11 (QN/Block) 	Elapsed: 401.945	Loglikelihood: -1.34431e+07	(delta): 8995.65
12 (QN/Block) 	Elapsed: 401.363	Loglikelihood: -1.34379e+07	(delta): 5116.49
13 (QN/Block) 	Elapsed: 394.016	Loglikelihood: -1.34344e+07	(delta): 3495.48
14 (QN/Block) 	Elapsed: 391.355	Loglikelihood: -1.34329e+07	(delta): 1543.12
15 (QN/Block) 	Elapsed: 398.409	Loglikelihood: -1.34318e+07	(delta): 1056.27
16 (QN/Block) 	Elapsed: 403.172	Loglikelihood: -1.34291e+07	(delta): 2734.24
17 (QN/Block) 	Elapsed: 404.262	Loglikelihood: -1.34265e+07	(delta): 2561.58
18 (QN/Block) 	Elapsed: 403.313	Loglikelihood: -1.3424e+07	(delta): 2555.79
19 (QN/Block) 	Elapsed: 411.013	Loglikelihood: -1.34237e+07	(delta): 328.071
20 (QN/Block) 	Elapsed: 408.95	Loglikelihood: -1.34236e+07	(delta): 77.6206
21 (QN/Block) 	Elapsed: 403.174	Loglikelihood: -1.34236e+07	(delta): 32.3367
22 (QN/Block) 	Elapsed: 400.563	Loglikelihood: -1.34235e+07	(delta): 7.06219
23 (QN/Block) 	Elapsed: 403.479	Loglikelihood: -1.34235e+07	(delta): 1.36328
24 (QN/Block) 	Elapsed: 400.266	Loglikelihood: -1.34235e+07	(delta): 0.0791757
25 (QN/Block) 	Elapsed: 395.633	Loglikelihood: -1.34235e+07	(delta): 0.027307
26 (QN/Block) 	Elapsed: 395.907	Loglikelihood: -1.34235e+07	(delta): 0.0193942
27 (QN/Block) 	Elapsed: 396.376	Loglikelihood: -1.34235e+07	(delta): 0.0012468
28 (QN/Block) 	Elapsed: 396.289	Loglikelihood: -1.34235e+07	(delta): 0.000119561
29 (QN/Block) 	Elapsed: 397.426	Loglikelihood: -1.34235e+07	(delta): 2.77348e-05
Summary: 
Converged in 29 iterations (12810.7 sec)
Loglikelihood: -13423543.437291
Fst divergences between estimated populations: 
	Pop0	Pop1	Pop2	Pop3	Pop4	Pop5	Pop6	Pop7	Pop8	Pop9	Pop10	Pop11	Pop12	Pop13	Pop14	Pop15	Pop16	Pop17	Pop18	
Pop0	
Pop1	0.594	
Pop2	0.705	0.776	
Pop3	0.599	0.693	0.804	
Pop4	0.588	0.648	0.762	0.682	
Pop5	0.577	0.656	0.776	0.551	0.652	
Pop6	0.563	0.630	0.742	0.601	0.620	0.579	
Pop7	0.736	0.813	0.724	0.847	0.796	0.815	0.775	
Pop8	0.580	0.667	0.787	0.551	0.662	0.325	0.586	0.829	
Pop9	0.593	0.687	0.802	0.574	0.679	0.335	0.601	0.845	0.129	
Pop10	0.551	0.617	0.741	0.515	0.618	0.397	0.550	0.777	0.367	0.380	
Pop11	0.584	0.669	0.784	0.229	0.661	0.530	0.583	0.825	0.529	0.547	0.502	
Pop12	0.659	0.721	0.605	0.741	0.712	0.717	0.693	0.480	0.726	0.738	0.688	0.724	
Pop13	0.519	0.568	0.686	0.527	0.568	0.521	0.516	0.715	0.523	0.532	0.499	0.515	0.643	
Pop14	0.654	0.376	0.831	0.797	0.721	0.744	0.698	0.872	0.763	0.790	0.691	0.761	0.771	0.622	
Pop15	0.576	0.659	0.778	0.148	0.653	0.515	0.572	0.819	0.510	0.527	0.488	0.186	0.719	0.507	0.750	
Pop16	0.539	0.606	0.742	0.468	0.610	0.198	0.535	0.780	0.194	0.197	0.322	0.457	0.687	0.484	0.686	0.442	
Pop17	0.582	0.665	0.783	0.563	0.660	0.363	0.587	0.823	0.232	0.280	0.357	0.541	0.723	0.526	0.757	0.524	0.240	
Pop18	0.601	0.689	0.796	0.612	0.680	0.449	0.611	0.836	0.387	0.415	0.340	0.585	0.736	0.547	0.781	0.569	0.344	0.310	
Pop19	0.642	0.721	0.793	0.727	0.707	0.695	0.667	0.826	0.707	0.725	0.655	0.703	0.741	0.602	0.790	0.694	0.650	0.704	0.724	
CV error (K=20): 0.04987
Writing output files.
