****                   ADMIXTURE Version 1.3.0                  ****
****                    Copyright 2008-2015                     ****
****           David Alexander, Suyash Shringarpure,            ****
****                John  Novembre, Ken Lange                   ****
****                                                            ****
****                 Please cite our paper!                     ****
****   Information at www.genetics.ucla.edu/software/admixture  ****

Cross-validation will be performed.  Folds=10.
Parallel execution requested.  Will use 24 threads.
Random seed: 1322
Point estimation method: Block relaxation algorithm
Convergence acceleration algorithm: QuasiNewton, 3 secant conditions
Point estimation will terminate when objective function delta < 0.0001
Estimation of standard errors disabled; will compute point estimates only.
Size of G: 713x578311
Performing five EM steps to prime main algorithm
1 (EM) 	Elapsed: 339.828	Loglikelihood: -5.2837e+07	(delta): 5.28427e+08
2 (EM) 	Elapsed: 348.931	Loglikelihood: -4.55818e+07	(delta): 7.25522e+06
3 (EM) 	Elapsed: 359.736	Loglikelihood: -4.48284e+07	(delta): 753309
4 (EM) 	Elapsed: 349.182	Loglikelihood: -4.44035e+07	(delta): 424977
5 (EM) 	Elapsed: 350.444	Loglikelihood: -4.40371e+07	(delta): 366413
Initial loglikelihood: -4.40371e+07
Starting main algorithm
1 (QN/Block) 	Elapsed: 502.691	Loglikelihood: -2.3523e+07	(delta): 2.05141e+07
2 (QN/Block) 	Elapsed: 504.602	Loglikelihood: -1.64863e+07	(delta): 7.03666e+06
3 (QN/Block) 	Elapsed: 507.048	Loglikelihood: -1.44766e+07	(delta): 2.0097e+06
4 (QN/Block) 	Elapsed: 509.063	Loglikelihood: -1.3136e+07	(delta): 1.34056e+06
5 (QN/Block) 	Elapsed: 507.193	Loglikelihood: -1.2374e+07	(delta): 762066
6 (QN/Block) 	Elapsed: 508.87	Loglikelihood: -1.20015e+07	(delta): 372450
7 (QN/Block) 	Elapsed: 509.104	Loglikelihood: -1.18712e+07	(delta): 130335
8 (QN/Block) 	Elapsed: 514.58	Loglikelihood: -1.18334e+07	(delta): 37802.7
9 (QN/Block) 	Elapsed: 512.495	Loglikelihood: -1.18214e+07	(delta): 11935.6
10 (QN/Block) 	Elapsed: 505.837	Loglikelihood: -1.18144e+07	(delta): 7019.28
11 (QN/Block) 	Elapsed: 509.496	Loglikelihood: -1.18118e+07	(delta): 2594.12
12 (QN/Block) 	Elapsed: 505.304	Loglikelihood: -1.18109e+07	(delta): 974.389
13 (QN/Block) 	Elapsed: 504.769	Loglikelihood: -1.18107e+07	(delta): 139.146
14 (QN/Block) 	Elapsed: 505.246	Loglikelihood: -1.18105e+07	(delta): 163.008
15 (QN/Block) 	Elapsed: 505.485	Loglikelihood: -1.18104e+07	(delta): 150.709
16 (QN/Block) 	Elapsed: 507.681	Loglikelihood: -1.18101e+07	(delta): 345.333
17 (QN/Block) 	Elapsed: 516.259	Loglikelihood: -1.18096e+07	(delta): 420.376
18 (QN/Block) 	Elapsed: 512.984	Loglikelihood: -1.18058e+07	(delta): 3826.99
19 (QN/Block) 	Elapsed: 515.275	Loglikelihood: -1.18051e+07	(delta): 745.697
20 (QN/Block) 	Elapsed: 512.086	Loglikelihood: -1.18048e+07	(delta): 230.189
21 (QN/Block) 	Elapsed: 517.208	Loglikelihood: -1.18048e+07	(delta): 68.5999
22 (QN/Block) 	Elapsed: 517.083	Loglikelihood: -1.18047e+07	(delta): 17.626
23 (QN/Block) 	Elapsed: 528.413	Loglikelihood: -1.18047e+07	(delta): 49.1832
24 (QN/Block) 	Elapsed: 512.238	Loglikelihood: -1.18047e+07	(delta): 17.7918
25 (QN/Block) 	Elapsed: 512.882	Loglikelihood: -1.18046e+07	(delta): 97.3817
26 (QN/Block) 	Elapsed: 513.213	Loglikelihood: -1.18045e+07	(delta): 76.684
27 (QN/Block) 	Elapsed: 515.749	Loglikelihood: -1.18041e+07	(delta): 416.263
28 (QN/Block) 	Elapsed: 514.154	Loglikelihood: -1.18036e+07	(delta): 533.815
29 (QN/Block) 	Elapsed: 515.157	Loglikelihood: -1.18029e+07	(delta): 614.813
30 (QN/Block) 	Elapsed: 519.552	Loglikelihood: -1.18016e+07	(delta): 1347.58
31 (QN/Block) 	Elapsed: 520.751	Loglikelihood: -1.18008e+07	(delta): 757.796
32 (QN/Block) 	Elapsed: 536.496	Loglikelihood: -1.17996e+07	(delta): 1220.39
33 (QN/Block) 	Elapsed: 524.473	Loglikelihood: -1.17995e+07	(delta): 117.505
34 (QN/Block) 	Elapsed: 531.581	Loglikelihood: -1.17994e+07	(delta): 102.528
35 (QN/Block) 	Elapsed: 519.066	Loglikelihood: -1.17991e+07	(delta): 282.157
36 (QN/Block) 	Elapsed: 522.299	Loglikelihood: -1.17988e+07	(delta): 341.06
37 (QN/Block) 	Elapsed: 519.298	Loglikelihood: -1.17987e+07	(delta): 94.2277
38 (QN/Block) 	Elapsed: 520.109	Loglikelihood: -1.17986e+07	(delta): 43.0912
39 (QN/Block) 	Elapsed: 513.057	Loglikelihood: -1.17986e+07	(delta): 11.1156
40 (QN/Block) 	Elapsed: 516.037	Loglikelihood: -1.17986e+07	(delta): 1.56988
41 (QN/Block) 	Elapsed: 519.269	Loglikelihood: -1.17986e+07	(delta): 0.119809
42 (QN/Block) 	Elapsed: 515.876	Loglikelihood: -1.17986e+07	(delta): 0.0465147
43 (QN/Block) 	Elapsed: 516.434	Loglikelihood: -1.17986e+07	(delta): 0.00275498
44 (QN/Block) 	Elapsed: 517.385	Loglikelihood: -1.17986e+07	(delta): 0.000518356
45 (QN/Block) 	Elapsed: 515.922	Loglikelihood: -1.17986e+07	(delta): 7.17975e-05
Summary: 
Converged in 45 iterations (24932.5 sec)
Loglikelihood: -11798619.134304
Fst divergences between estimated populations: 
	Pop0	Pop1	Pop2	Pop3	Pop4	Pop5	Pop6	Pop7	Pop8	Pop9	Pop10	Pop11	Pop12	Pop13	Pop14	Pop15	Pop16	Pop17	Pop18	Pop19	Pop20	Pop21	Pop22	Pop23	Pop24	Pop25	Pop26	
Pop0	
Pop1	0.576	
Pop2	0.316	0.609	
Pop3	0.793	0.772	0.807	
Pop4	0.633	0.287	0.667	0.799	
Pop5	0.211	0.572	0.325	0.788	0.628	
Pop6	0.602	0.500	0.650	0.814	0.578	0.594	
Pop7	0.501	0.430	0.539	0.757	0.485	0.499	0.332	
Pop8	0.871	0.842	0.885	0.767	0.871	0.865	0.896	0.829	
Pop9	0.733	0.718	0.747	0.606	0.742	0.729	0.751	0.701	0.534	
Pop10	0.591	0.488	0.642	0.814	0.569	0.584	0.218	0.307	0.897	0.750	
Pop11	0.565	0.445	0.606	0.788	0.509	0.560	0.348	0.327	0.864	0.729	0.327	
Pop12	0.874	0.844	0.888	0.768	0.873	0.867	0.899	0.831	0.560	0.540	0.900	0.867	
Pop13	0.546	0.548	0.568	0.689	0.578	0.544	0.564	0.512	0.748	0.644	0.560	0.544	0.750	
Pop14	0.577	0.477	0.626	0.805	0.551	0.571	0.197	0.298	0.886	0.743	0.182	0.322	0.889	0.553	
Pop15	0.682	0.502	0.720	0.826	0.567	0.673	0.611	0.498	0.904	0.766	0.593	0.467	0.906	0.602	0.574	
Pop16	0.633	0.472	0.674	0.812	0.545	0.626	0.507	0.430	0.890	0.752	0.483	0.357	0.892	0.577	0.470	0.419	
Pop17	0.170	0.559	0.259	0.785	0.616	0.194	0.576	0.481	0.863	0.726	0.565	0.543	0.865	0.536	0.552	0.661	0.611	
Pop18	0.524	0.429	0.564	0.771	0.492	0.521	0.290	0.258	0.845	0.714	0.265	0.279	0.848	0.525	0.256	0.503	0.422	0.503	
Pop19	0.631	0.626	0.656	0.764	0.663	0.627	0.663	0.589	0.828	0.714	0.660	0.632	0.829	0.550	0.649	0.697	0.670	0.618	0.609	
Pop20	0.592	0.587	0.612	0.705	0.617	0.589	0.609	0.556	0.764	0.660	0.605	0.587	0.765	0.499	0.599	0.640	0.619	0.581	0.569	0.589	
Pop21	0.627	0.622	0.653	0.762	0.660	0.622	0.658	0.585	0.825	0.712	0.655	0.628	0.827	0.546	0.644	0.693	0.666	0.614	0.605	0.221	0.585	
Pop22	0.543	0.260	0.575	0.756	0.334	0.540	0.457	0.399	0.824	0.703	0.444	0.408	0.826	0.530	0.431	0.459	0.428	0.526	0.395	0.603	0.568	0.600	
Pop23	0.582	0.475	0.626	0.801	0.547	0.576	0.298	0.333	0.879	0.740	0.286	0.273	0.882	0.555	0.291	0.552	0.449	0.559	0.286	0.647	0.598	0.643	0.433	
Pop24	0.755	0.725	0.781	0.819	0.769	0.746	0.790	0.692	0.894	0.761	0.790	0.745	0.896	0.574	0.774	0.816	0.789	0.740	0.715	0.717	0.640	0.714	0.699	0.767	
Pop25	0.554	0.457	0.599	0.791	0.528	0.549	0.232	0.287	0.870	0.731	0.164	0.274	0.872	0.541	0.220	0.537	0.434	0.531	0.238	0.632	0.585	0.628	0.416	0.230	0.749	
Pop26	0.486	0.497	0.506	0.655	0.526	0.485	0.505	0.464	0.709	0.613	0.500	0.490	0.710	0.445	0.495	0.545	0.521	0.476	0.473	0.516	0.482	0.513	0.481	0.499	0.570	0.486	
Pop27	0.598	0.602	0.622	0.746	0.637	0.593	0.632	0.567	0.807	0.698	0.628	0.606	0.808	0.542	0.619	0.668	0.643	0.586	0.584	0.608	0.579	0.604	0.582	0.619	0.694	0.605	0.498	
CV error (K=28): 0.04768
Writing output files.
