****                   ADMIXTURE Version 1.3.0                  ****
****                    Copyright 2008-2015                     ****
****           David Alexander, Suyash Shringarpure,            ****
****                John  Novembre, Ken Lange                   ****
****                                                            ****
****                 Please cite our paper!                     ****
****   Information at www.genetics.ucla.edu/software/admixture  ****

Cross-validation will be performed.  Folds=10.
Parallel execution requested.  Will use 24 threads.
Random seed: 1322
Point estimation method: Block relaxation algorithm
Convergence acceleration algorithm: QuasiNewton, 3 secant conditions
Point estimation will terminate when objective function delta < 0.0001
Estimation of standard errors disabled; will compute point estimates only.
Size of G: 713x578311
Performing five EM steps to prime main algorithm
1 (EM) 	Elapsed: 238.968	Loglikelihood: -5.28551e+07	(delta): 5.32381e+08
2 (EM) 	Elapsed: 240.45	Loglikelihood: -4.57406e+07	(delta): 7.11452e+06
3 (EM) 	Elapsed: 240.123	Loglikelihood: -4.50196e+07	(delta): 721003
4 (EM) 	Elapsed: 240.388	Loglikelihood: -4.46231e+07	(delta): 396508
5 (EM) 	Elapsed: 241.722	Loglikelihood: -4.42874e+07	(delta): 335621
Initial loglikelihood: -4.42874e+07
Starting main algorithm
1 (QN/Block) 	Elapsed: 364.98	Loglikelihood: -2.4778e+07	(delta): 1.95094e+07
2 (QN/Block) 	Elapsed: 370.679	Loglikelihood: -1.74605e+07	(delta): 7.31753e+06
3 (QN/Block) 	Elapsed: 372.859	Loglikelihood: -1.57126e+07	(delta): 1.7479e+06
4 (QN/Block) 	Elapsed: 396.193	Loglikelihood: -1.43843e+07	(delta): 1.32829e+06
5 (QN/Block) 	Elapsed: 398.838	Loglikelihood: -1.37344e+07	(delta): 649853
6 (QN/Block) 	Elapsed: 383.249	Loglikelihood: -1.34287e+07	(delta): 305749
7 (QN/Block) 	Elapsed: 403.233	Loglikelihood: -1.33184e+07	(delta): 110295
8 (QN/Block) 	Elapsed: 404.66	Loglikelihood: -1.32676e+07	(delta): 50851
9 (QN/Block) 	Elapsed: 401.58	Loglikelihood: -1.32525e+07	(delta): 15032.8
10 (QN/Block) 	Elapsed: 398.65	Loglikelihood: -1.32458e+07	(delta): 6701.15
11 (QN/Block) 	Elapsed: 388.569	Loglikelihood: -1.3244e+07	(delta): 1847.45
12 (QN/Block) 	Elapsed: 374.479	Loglikelihood: -1.32422e+07	(delta): 1775.29
13 (QN/Block) 	Elapsed: 375.473	Loglikelihood: -1.32397e+07	(delta): 2491.26
14 (QN/Block) 	Elapsed: 374.504	Loglikelihood: -1.32357e+07	(delta): 4033.41
15 (QN/Block) 	Elapsed: 380.027	Loglikelihood: -1.32327e+07	(delta): 3018.17
16 (QN/Block) 	Elapsed: 376.787	Loglikelihood: -1.32304e+07	(delta): 2243.29
17 (QN/Block) 	Elapsed: 373.203	Loglikelihood: -1.32293e+07	(delta): 1090.56
18 (QN/Block) 	Elapsed: 374.002	Loglikelihood: -1.32276e+07	(delta): 1709.92
19 (QN/Block) 	Elapsed: 377.064	Loglikelihood: -1.32266e+07	(delta): 1024.52
20 (QN/Block) 	Elapsed: 377.336	Loglikelihood: -1.32262e+07	(delta): 426.121
21 (QN/Block) 	Elapsed: 378.203	Loglikelihood: -1.32258e+07	(delta): 366.721
22 (QN/Block) 	Elapsed: 384.309	Loglikelihood: -1.32255e+07	(delta): 298.471
23 (QN/Block) 	Elapsed: 388.94	Loglikelihood: -1.32243e+07	(delta): 1200.9
24 (QN/Block) 	Elapsed: 389.088	Loglikelihood: -1.3223e+07	(delta): 1242.04
25 (QN/Block) 	Elapsed: 373.762	Loglikelihood: -1.32224e+07	(delta): 683.881
26 (QN/Block) 	Elapsed: 371.343	Loglikelihood: -1.32218e+07	(delta): 592.641
27 (QN/Block) 	Elapsed: 371.685	Loglikelihood: -1.32212e+07	(delta): 546.415
28 (QN/Block) 	Elapsed: 375.895	Loglikelihood: -1.32211e+07	(delta): 153.121
29 (QN/Block) 	Elapsed: 368.945	Loglikelihood: -1.32206e+07	(delta): 487.75
30 (QN/Block) 	Elapsed: 371.319	Loglikelihood: -1.32199e+07	(delta): 705.375
31 (QN/Block) 	Elapsed: 373.437	Loglikelihood: -1.32195e+07	(delta): 358.156
32 (QN/Block) 	Elapsed: 372.715	Loglikelihood: -1.32193e+07	(delta): 175.341
33 (QN/Block) 	Elapsed: 367.991	Loglikelihood: -1.32192e+07	(delta): 187.945
34 (QN/Block) 	Elapsed: 370.669	Loglikelihood: -1.32179e+07	(delta): 1241.45
35 (QN/Block) 	Elapsed: 373.781	Loglikelihood: -1.32149e+07	(delta): 3045.09
36 (QN/Block) 	Elapsed: 370.454	Loglikelihood: -1.32098e+07	(delta): 5094.82
37 (QN/Block) 	Elapsed: 374.769	Loglikelihood: -1.32069e+07	(delta): 2827.16
38 (QN/Block) 	Elapsed: 373.641	Loglikelihood: -1.32048e+07	(delta): 2198.84
39 (QN/Block) 	Elapsed: 372.854	Loglikelihood: -1.32038e+07	(delta): 902.601
40 (QN/Block) 	Elapsed: 365.554	Loglikelihood: -1.32037e+07	(delta): 146.726
41 (QN/Block) 	Elapsed: 372.81	Loglikelihood: -1.32036e+07	(delta): 68.4591
42 (QN/Block) 	Elapsed: 370.142	Loglikelihood: -1.32036e+07	(delta): 68.0797
43 (QN/Block) 	Elapsed: 370.164	Loglikelihood: -1.32034e+07	(delta): 195.975
44 (QN/Block) 	Elapsed: 368.043	Loglikelihood: -1.32033e+07	(delta): 106.221
45 (QN/Block) 	Elapsed: 369.871	Loglikelihood: -1.32032e+07	(delta): 62.0195
46 (QN/Block) 	Elapsed: 380.013	Loglikelihood: -1.32032e+07	(delta): 7.12087
47 (QN/Block) 	Elapsed: 379.859	Loglikelihood: -1.32032e+07	(delta): 4.58274
48 (QN/Block) 	Elapsed: 378.822	Loglikelihood: -1.32032e+07	(delta): 1.12688
49 (QN/Block) 	Elapsed: 379.645	Loglikelihood: -1.32032e+07	(delta): 1.75015
50 (QN/Block) 	Elapsed: 379.741	Loglikelihood: -1.32031e+07	(delta): 37.5051
51 (QN/Block) 	Elapsed: 383.483	Loglikelihood: -1.32031e+07	(delta): 0.395654
52 (QN/Block) 	Elapsed: 378.059	Loglikelihood: -1.32031e+07	(delta): 0.43507
53 (QN/Block) 	Elapsed: 382.008	Loglikelihood: -1.32031e+07	(delta): 0.0878691
54 (QN/Block) 	Elapsed: 374.605	Loglikelihood: -1.32031e+07	(delta): 0.0321804
55 (QN/Block) 	Elapsed: 377.673	Loglikelihood: -1.32031e+07	(delta): 0.0114199
56 (QN/Block) 	Elapsed: 375.392	Loglikelihood: -1.32031e+07	(delta): 0.0166286
57 (QN/Block) 	Elapsed: 379.411	Loglikelihood: -1.32031e+07	(delta): 0.00898452
58 (QN/Block) 	Elapsed: 379.707	Loglikelihood: -1.32031e+07	(delta): 0.00877367
59 (QN/Block) 	Elapsed: 377.849	Loglikelihood: -1.32031e+07	(delta): 0.0054427
60 (QN/Block) 	Elapsed: 374.994	Loglikelihood: -1.32031e+07	(delta): 0.0132421
61 (QN/Block) 	Elapsed: 364.505	Loglikelihood: -1.32031e+07	(delta): 0.0153963
62 (QN/Block) 	Elapsed: 362.669	Loglikelihood: -1.32031e+07	(delta): 0.00347053
63 (QN/Block) 	Elapsed: 362.081	Loglikelihood: -1.32031e+07	(delta): 0.110169
64 (QN/Block) 	Elapsed: 363.399	Loglikelihood: -1.32031e+07	(delta): 0.0125042
65 (QN/Block) 	Elapsed: 364.02	Loglikelihood: -1.32031e+07	(delta): 0.00967257
66 (QN/Block) 	Elapsed: 364.228	Loglikelihood: -1.32031e+07	(delta): 0.248545
67 (QN/Block) 	Elapsed: 365.605	Loglikelihood: -1.32031e+07	(delta): 0.045032
68 (QN/Block) 	Elapsed: 364.472	Loglikelihood: -1.32031e+07	(delta): 0.0636816
69 (QN/Block) 	Elapsed: 363.141	Loglikelihood: -1.32031e+07	(delta): 0.0985561
70 (QN/Block) 	Elapsed: 362.106	Loglikelihood: -1.32031e+07	(delta): 0.0888143
71 (QN/Block) 	Elapsed: 363.143	Loglikelihood: -1.32031e+07	(delta): 0.0447988
72 (QN/Block) 	Elapsed: 363.062	Loglikelihood: -1.32031e+07	(delta): 0.000274604
73 (QN/Block) 	Elapsed: 367.455	Loglikelihood: -1.32031e+07	(delta): 9.34787e-05
Summary: 
Converged in 73 iterations (28657.3 sec)
Loglikelihood: -13203146.205670
Fst divergences between estimated populations: 
	Pop0	Pop1	Pop2	Pop3	Pop4	Pop5	Pop6	Pop7	Pop8	Pop9	Pop10	Pop11	Pop12	Pop13	Pop14	Pop15	Pop16	Pop17	Pop18	
Pop0	
Pop1	0.855	
Pop2	0.898	0.308	
Pop3	0.896	0.726	0.789	
Pop4	0.885	0.256	0.182	0.766	
Pop5	0.859	0.512	0.558	0.731	0.528	
Pop6	0.805	0.352	0.408	0.667	0.380	0.481	
Pop7	0.769	0.778	0.814	0.820	0.802	0.780	0.737	
Pop8	0.905	0.456	0.601	0.814	0.553	0.646	0.404	0.826	
Pop9	0.885	0.266	0.160	0.766	0.148	0.529	0.382	0.802	0.556	
Pop10	0.791	0.622	0.655	0.666	0.641	0.621	0.590	0.732	0.681	0.641	
Pop11	0.891	0.347	0.492	0.786	0.441	0.595	0.379	0.811	0.405	0.447	0.660	
Pop12	0.424	0.800	0.838	0.841	0.825	0.802	0.756	0.705	0.848	0.825	0.749	0.833	
Pop13	0.737	0.542	0.570	0.605	0.556	0.542	0.519	0.679	0.603	0.558	0.549	0.581	0.697	
Pop14	0.826	0.297	0.312	0.683	0.278	0.464	0.353	0.753	0.485	0.266	0.596	0.415	0.774	0.520	
Pop15	0.862	0.447	0.511	0.751	0.477	0.578	0.302	0.789	0.541	0.474	0.645	0.502	0.809	0.571	0.436	
Pop16	0.808	0.593	0.630	0.693	0.614	0.579	0.557	0.746	0.667	0.613	0.614	0.640	0.764	0.551	0.562	0.622	
Pop17	0.806	0.581	0.619	0.682	0.602	0.573	0.545	0.742	0.657	0.601	0.599	0.628	0.761	0.535	0.548	0.612	0.579	
Pop18	0.710	0.481	0.503	0.570	0.490	0.471	0.461	0.656	0.544	0.490	0.524	0.519	0.672	0.459	0.459	0.512	0.498	0.492	
Pop19	0.859	0.523	0.570	0.734	0.541	0.163	0.490	0.782	0.653	0.542	0.625	0.604	0.803	0.547	0.475	0.586	0.584	0.578	0.477	
CV error (K=20): 0.04915
Writing output files.
