****                   ADMIXTURE Version 1.3.0                  ****
****                    Copyright 2008-2015                     ****
****           David Alexander, Suyash Shringarpure,            ****
****                John  Novembre, Ken Lange                   ****
****                                                            ****
****                 Please cite our paper!                     ****
****   Information at www.genetics.ucla.edu/software/admixture  ****

Cross-validation will be performed.  Folds=10.
Parallel execution requested.  Will use 24 threads.
Random seed: 1432
Point estimation method: Block relaxation algorithm
Convergence acceleration algorithm: QuasiNewton, 3 secant conditions
Point estimation will terminate when objective function delta < 0.0001
Estimation of standard errors disabled; will compute point estimates only.
Size of G: 713x578311
Performing five EM steps to prime main algorithm
1 (EM) 	Elapsed: 335.92	Loglikelihood: -5.28228e+07	(delta): 5.29115e+08
2 (EM) 	Elapsed: 337.166	Loglikelihood: -4.56031e+07	(delta): 7.21976e+06
3 (EM) 	Elapsed: 336.036	Loglikelihood: -4.48542e+07	(delta): 748860
4 (EM) 	Elapsed: 336.79	Loglikelihood: -4.44301e+07	(delta): 424048
5 (EM) 	Elapsed: 336.608	Loglikelihood: -4.40651e+07	(delta): 365073
Initial loglikelihood: -4.40651e+07
Starting main algorithm
1 (QN/Block) 	Elapsed: 494.751	Loglikelihood: -2.43345e+07	(delta): 1.97305e+07
2 (QN/Block) 	Elapsed: 490.443	Loglikelihood: -1.70977e+07	(delta): 7.23688e+06
3 (QN/Block) 	Elapsed: 499.571	Loglikelihood: -1.47297e+07	(delta): 2.36794e+06
4 (QN/Block) 	Elapsed: 498.046	Loglikelihood: -1.34382e+07	(delta): 1.29154e+06
5 (QN/Block) 	Elapsed: 497.566	Loglikelihood: -1.25986e+07	(delta): 839589
6 (QN/Block) 	Elapsed: 498.32	Loglikelihood: -1.21627e+07	(delta): 435914
7 (QN/Block) 	Elapsed: 507.384	Loglikelihood: -1.1964e+07	(delta): 198635
8 (QN/Block) 	Elapsed: 498.861	Loglikelihood: -1.18919e+07	(delta): 72114.7
9 (QN/Block) 	Elapsed: 498.978	Loglikelihood: -1.1867e+07	(delta): 24909.1
10 (QN/Block) 	Elapsed: 497.591	Loglikelihood: -1.18563e+07	(delta): 10693.9
11 (QN/Block) 	Elapsed: 506.318	Loglikelihood: -1.18474e+07	(delta): 8936.38
12 (QN/Block) 	Elapsed: 503.12	Loglikelihood: -1.184e+07	(delta): 7348.71
13 (QN/Block) 	Elapsed: 501.428	Loglikelihood: -1.18374e+07	(delta): 2661.16
14 (QN/Block) 	Elapsed: 501.238	Loglikelihood: -1.18351e+07	(delta): 2319.58
15 (QN/Block) 	Elapsed: 503.15	Loglikelihood: -1.18345e+07	(delta): 584.6
16 (QN/Block) 	Elapsed: 498.204	Loglikelihood: -1.18336e+07	(delta): 823.298
17 (QN/Block) 	Elapsed: 497.575	Loglikelihood: -1.18331e+07	(delta): 558.24
18 (QN/Block) 	Elapsed: 509.089	Loglikelihood: -1.18328e+07	(delta): 308.699
19 (QN/Block) 	Elapsed: 500.537	Loglikelihood: -1.18324e+07	(delta): 376.823
20 (QN/Block) 	Elapsed: 501.365	Loglikelihood: -1.18282e+07	(delta): 4212.84
21 (QN/Block) 	Elapsed: 501.265	Loglikelihood: -1.18152e+07	(delta): 12941.1
22 (QN/Block) 	Elapsed: 498.892	Loglikelihood: -1.1812e+07	(delta): 3213.31
23 (QN/Block) 	Elapsed: 501.974	Loglikelihood: -1.18092e+07	(delta): 2807.21
24 (QN/Block) 	Elapsed: 499.629	Loglikelihood: -1.18041e+07	(delta): 5168.02
25 (QN/Block) 	Elapsed: 500.52	Loglikelihood: -1.17978e+07	(delta): 6242.39
26 (QN/Block) 	Elapsed: 502.454	Loglikelihood: -1.17956e+07	(delta): 2228.09
27 (QN/Block) 	Elapsed: 502.166	Loglikelihood: -1.17942e+07	(delta): 1426.18
28 (QN/Block) 	Elapsed: 497.084	Loglikelihood: -1.17922e+07	(delta): 1937.72
29 (QN/Block) 	Elapsed: 500.152	Loglikelihood: -1.1791e+07	(delta): 1264.23
30 (QN/Block) 	Elapsed: 499.931	Loglikelihood: -1.17907e+07	(delta): 268.563
31 (QN/Block) 	Elapsed: 499.459	Loglikelihood: -1.179e+07	(delta): 679.478
32 (QN/Block) 	Elapsed: 500.169	Loglikelihood: -1.17898e+07	(delta): 239.474
33 (QN/Block) 	Elapsed: 498.78	Loglikelihood: -1.17897e+07	(delta): 25.5227
34 (QN/Block) 	Elapsed: 498.848	Loglikelihood: -1.17897e+07	(delta): 6.98914
35 (QN/Block) 	Elapsed: 499.42	Loglikelihood: -1.17897e+07	(delta): 6.23855
36 (QN/Block) 	Elapsed: 499.938	Loglikelihood: -1.17897e+07	(delta): 13.3982
37 (QN/Block) 	Elapsed: 497.358	Loglikelihood: -1.17897e+07	(delta): 7.99924
38 (QN/Block) 	Elapsed: 497.842	Loglikelihood: -1.17897e+07	(delta): 10.9886
39 (QN/Block) 	Elapsed: 497.081	Loglikelihood: -1.17897e+07	(delta): 5.24665
40 (QN/Block) 	Elapsed: 493.702	Loglikelihood: -1.17897e+07	(delta): 1.4361
41 (QN/Block) 	Elapsed: 500.117	Loglikelihood: -1.17897e+07	(delta): 0.416921
42 (QN/Block) 	Elapsed: 500.121	Loglikelihood: -1.17897e+07	(delta): 0.610979
43 (QN/Block) 	Elapsed: 497.805	Loglikelihood: -1.17897e+07	(delta): 0.243335
44 (QN/Block) 	Elapsed: 498.361	Loglikelihood: -1.17897e+07	(delta): 0.0116058
45 (QN/Block) 	Elapsed: 498.452	Loglikelihood: -1.17897e+07	(delta): 0.0049763
46 (QN/Block) 	Elapsed: 498.352	Loglikelihood: -1.17897e+07	(delta): 0.000389757
47 (QN/Block) 	Elapsed: 498.303	Loglikelihood: -1.17897e+07	(delta): 6.85547e-05
Summary: 
Converged in 47 iterations (25199.3 sec)
Loglikelihood: -11789692.900115
Fst divergences between estimated populations: 
	Pop0	Pop1	Pop2	Pop3	Pop4	Pop5	Pop6	Pop7	Pop8	Pop9	Pop10	Pop11	Pop12	Pop13	Pop14	Pop15	Pop16	Pop17	Pop18	Pop19	Pop20	Pop21	Pop22	Pop23	Pop24	Pop25	
Pop0	
Pop1	0.735	
Pop2	0.852	0.771	
Pop3	0.774	0.735	0.799	
Pop4	0.694	0.609	0.722	0.708	
Pop5	0.640	0.593	0.684	0.669	0.579	
Pop6	0.838	0.536	0.876	0.790	0.684	0.654	
Pop7	0.737	0.456	0.781	0.737	0.597	0.581	0.554	
Pop8	0.779	0.619	0.816	0.759	0.621	0.611	0.746	0.586	
Pop9	0.775	0.705	0.798	0.753	0.672	0.642	0.784	0.704	0.734	
Pop10	0.753	0.585	0.791	0.745	0.596	0.591	0.707	0.542	0.311	0.712	
Pop11	0.854	0.811	0.877	0.493	0.774	0.733	0.875	0.820	0.843	0.822	0.828	
Pop12	0.775	0.489	0.821	0.757	0.619	0.597	0.610	0.213	0.620	0.731	0.570	0.844	
Pop13	0.739	0.654	0.775	0.737	0.625	0.604	0.739	0.648	0.679	0.712	0.654	0.808	0.675	
Pop14	0.739	0.357	0.775	0.737	0.614	0.597	0.558	0.441	0.624	0.708	0.590	0.813	0.486	0.659	
Pop15	0.574	0.554	0.653	0.653	0.542	0.499	0.615	0.535	0.567	0.615	0.545	0.717	0.552	0.565	0.558	
Pop16	0.749	0.585	0.787	0.743	0.595	0.590	0.703	0.544	0.326	0.710	0.212	0.825	0.571	0.652	0.590	0.545	
Pop17	0.683	0.429	0.727	0.708	0.561	0.551	0.513	0.267	0.527	0.663	0.489	0.785	0.281	0.603	0.423	0.506	0.492	
Pop18	0.741	0.571	0.781	0.739	0.586	0.582	0.690	0.524	0.259	0.704	0.170	0.822	0.550	0.643	0.576	0.536	0.198	0.472	
Pop19	0.758	0.434	0.798	0.748	0.621	0.598	0.361	0.398	0.634	0.722	0.595	0.829	0.429	0.669	0.452	0.559	0.594	0.389	0.579	
Pop20	0.739	0.458	0.783	0.739	0.598	0.579	0.549	0.213	0.586	0.705	0.541	0.822	0.166	0.649	0.453	0.536	0.543	0.276	0.523	0.390	
Pop21	0.746	0.456	0.789	0.742	0.608	0.588	0.504	0.269	0.606	0.712	0.564	0.825	0.308	0.657	0.463	0.545	0.565	0.318	0.547	0.335	0.231	
Pop22	0.808	0.509	0.849	0.774	0.656	0.630	0.504	0.461	0.697	0.760	0.655	0.859	0.495	0.710	0.517	0.588	0.653	0.443	0.637	0.299	0.447	0.396	
Pop23	0.783	0.499	0.828	0.761	0.625	0.603	0.631	0.195	0.633	0.737	0.582	0.849	0.139	0.681	0.495	0.557	0.583	0.288	0.562	0.446	0.202	0.323	0.519	
Pop24	0.819	0.778	0.844	0.619	0.746	0.705	0.838	0.784	0.806	0.793	0.792	0.719	0.806	0.777	0.780	0.689	0.789	0.752	0.786	0.794	0.785	0.789	0.823	0.810	
Pop25	0.703	0.620	0.740	0.716	0.597	0.579	0.699	0.610	0.640	0.684	0.615	0.785	0.633	0.311	0.625	0.539	0.615	0.569	0.605	0.632	0.611	0.619	0.670	0.639	0.755	
Pop26	0.761	0.439	0.796	0.750	0.636	0.613	0.627	0.528	0.661	0.726	0.629	0.825	0.560	0.680	0.485	0.579	0.628	0.487	0.616	0.515	0.525	0.528	0.582	0.572	0.792	0.646	
CV error (K=27): 0.04747
Writing output files.
