****                   ADMIXTURE Version 1.3.0                  ****
****                    Copyright 2008-2015                     ****
****           David Alexander, Suyash Shringarpure,            ****
****                John  Novembre, Ken Lange                   ****
****                                                            ****
****                 Please cite our paper!                     ****
****   Information at www.genetics.ucla.edu/software/admixture  ****

Cross-validation will be performed.  Folds=10.
Parallel execution requested.  Will use 24 threads.
Random seed: 1230
Point estimation method: Block relaxation algorithm
Convergence acceleration algorithm: QuasiNewton, 3 secant conditions
Point estimation will terminate when objective function delta < 0.0001
Estimation of standard errors disabled; will compute point estimates only.
Size of G: 713x578311
Performing five EM steps to prime main algorithm
1 (EM) 	Elapsed: 381.84	Loglikelihood: -5.28385e+07	(delta): 5.2836e+08
2 (EM) 	Elapsed: 351.026	Loglikelihood: -4.55717e+07	(delta): 7.26678e+06
3 (EM) 	Elapsed: 364.779	Loglikelihood: -4.4809e+07	(delta): 762659
4 (EM) 	Elapsed: 352.681	Loglikelihood: -4.43662e+07	(delta): 442827
5 (EM) 	Elapsed: 366.135	Loglikelihood: -4.39697e+07	(delta): 396475
Initial loglikelihood: -4.39697e+07
Starting main algorithm
1 (QN/Block) 	Elapsed: 510.914	Loglikelihood: -2.34675e+07	(delta): 2.05022e+07
2 (QN/Block) 	Elapsed: 507.147	Loglikelihood: -1.61058e+07	(delta): 7.36166e+06
3 (QN/Block) 	Elapsed: 517.064	Loglikelihood: -1.41082e+07	(delta): 1.99767e+06
4 (QN/Block) 	Elapsed: 514.144	Loglikelihood: -1.30805e+07	(delta): 1.02766e+06
5 (QN/Block) 	Elapsed: 512.253	Loglikelihood: -1.2412e+07	(delta): 668522
6 (QN/Block) 	Elapsed: 516.467	Loglikelihood: -1.21095e+07	(delta): 302511
7 (QN/Block) 	Elapsed: 518.108	Loglikelihood: -1.19686e+07	(delta): 140889
8 (QN/Block) 	Elapsed: 516.526	Loglikelihood: -1.19176e+07	(delta): 51005.6
9 (QN/Block) 	Elapsed: 522.945	Loglikelihood: -1.18874e+07	(delta): 30166.9
10 (QN/Block) 	Elapsed: 523.715	Loglikelihood: -1.18534e+07	(delta): 34051.8
11 (QN/Block) 	Elapsed: 516.006	Loglikelihood: -1.18262e+07	(delta): 27212.2
12 (QN/Block) 	Elapsed: 521.497	Loglikelihood: -1.18116e+07	(delta): 14513.5
13 (QN/Block) 	Elapsed: 517.274	Loglikelihood: -1.18052e+07	(delta): 6466.17
14 (QN/Block) 	Elapsed: 522.532	Loglikelihood: -1.18014e+07	(delta): 3787.6
15 (QN/Block) 	Elapsed: 517.769	Loglikelihood: -1.17967e+07	(delta): 4727.88
16 (QN/Block) 	Elapsed: 516.923	Loglikelihood: -1.17917e+07	(delta): 4920.21
17 (QN/Block) 	Elapsed: 517.742	Loglikelihood: -1.17804e+07	(delta): 11354.3
18 (QN/Block) 	Elapsed: 516.322	Loglikelihood: -1.1762e+07	(delta): 18367.2
19 (QN/Block) 	Elapsed: 517.845	Loglikelihood: -1.17494e+07	(delta): 12602
20 (QN/Block) 	Elapsed: 514.639	Loglikelihood: -1.17386e+07	(delta): 10859.6
21 (QN/Block) 	Elapsed: 516.763	Loglikelihood: -1.173e+07	(delta): 8596.4
22 (QN/Block) 	Elapsed: 516.412	Loglikelihood: -1.172e+07	(delta): 9966.87
23 (QN/Block) 	Elapsed: 512.401	Loglikelihood: -1.17108e+07	(delta): 9155.8
24 (QN/Block) 	Elapsed: 516.91	Loglikelihood: -1.17052e+07	(delta): 5654.57
25 (QN/Block) 	Elapsed: 517.605	Loglikelihood: -1.1702e+07	(delta): 3164.1
26 (QN/Block) 	Elapsed: 516.136	Loglikelihood: -1.17011e+07	(delta): 882.06
27 (QN/Block) 	Elapsed: 513.138	Loglikelihood: -1.17007e+07	(delta): 401.112
28 (QN/Block) 	Elapsed: 515.277	Loglikelihood: -1.17007e+07	(delta): 88.8149
29 (QN/Block) 	Elapsed: 527.207	Loglikelihood: -1.17006e+07	(delta): 37.5056
30 (QN/Block) 	Elapsed: 516.457	Loglikelihood: -1.17006e+07	(delta): 13.4989
31 (QN/Block) 	Elapsed: 515.521	Loglikelihood: -1.17006e+07	(delta): 4.45956
32 (QN/Block) 	Elapsed: 515.848	Loglikelihood: -1.17006e+07	(delta): 0.222853
33 (QN/Block) 	Elapsed: 516.464	Loglikelihood: -1.17006e+07	(delta): 0.0815009
34 (QN/Block) 	Elapsed: 511.433	Loglikelihood: -1.17006e+07	(delta): 0.0202831
35 (QN/Block) 	Elapsed: 510.219	Loglikelihood: -1.17006e+07	(delta): 0.00767466
36 (QN/Block) 	Elapsed: 515.182	Loglikelihood: -1.17006e+07	(delta): 0.00119533
37 (QN/Block) 	Elapsed: 514.918	Loglikelihood: -1.17006e+07	(delta): 0.000345219
38 (QN/Block) 	Elapsed: 514.563	Loglikelihood: -1.17006e+07	(delta): 5.89248e-05
Summary: 
Converged in 38 iterations (21468.3 sec)
Loglikelihood: -11700594.761903
Fst divergences between estimated populations: 
	Pop0	Pop1	Pop2	Pop3	Pop4	Pop5	Pop6	Pop7	Pop8	Pop9	Pop10	Pop11	Pop12	Pop13	Pop14	Pop15	Pop16	Pop17	Pop18	Pop19	Pop20	Pop21	Pop22	Pop23	Pop24	Pop25	Pop26	Pop27	
Pop0	
Pop1	0.768	
Pop2	0.715	0.467	
Pop3	0.672	0.669	0.610	
Pop4	0.855	0.904	0.867	0.807	
Pop5	0.793	0.827	0.791	0.746	0.767	
Pop6	0.715	0.544	0.286	0.608	0.870	0.792	
Pop7	0.668	0.502	0.346	0.566	0.826	0.755	0.323	
Pop8	0.706	0.723	0.669	0.635	0.824	0.761	0.669	0.626	
Pop9	0.706	0.669	0.563	0.591	0.862	0.786	0.554	0.496	0.662	
Pop10	0.728	0.575	0.359	0.621	0.881	0.802	0.326	0.347	0.682	0.577	
Pop11	0.657	0.413	0.373	0.562	0.809	0.742	0.387	0.368	0.619	0.507	0.397	
Pop12	0.528	0.499	0.447	0.463	0.671	0.618	0.441	0.422	0.477	0.442	0.454	0.427	
Pop13	0.767	0.805	0.738	0.686	0.887	0.813	0.739	0.679	0.695	0.731	0.757	0.667	0.507	
Pop14	0.719	0.553	0.315	0.610	0.876	0.796	0.165	0.302	0.673	0.551	0.275	0.387	0.443	0.745	
Pop15	0.710	0.676	0.563	0.593	0.870	0.791	0.554	0.492	0.666	0.180	0.578	0.504	0.439	0.739	0.550	
Pop16	0.845	0.892	0.855	0.797	0.520	0.752	0.857	0.815	0.814	0.850	0.868	0.799	0.663	0.875	0.863	0.857	
Pop17	0.842	0.887	0.851	0.796	0.776	0.746	0.853	0.813	0.812	0.847	0.864	0.797	0.665	0.871	0.859	0.853	0.756	
Pop18	0.766	0.679	0.445	0.661	0.910	0.829	0.411	0.403	0.719	0.647	0.466	0.480	0.484	0.806	0.401	0.653	0.897	0.892	
Pop19	0.718	0.492	0.220	0.614	0.868	0.792	0.264	0.359	0.673	0.569	0.376	0.381	0.452	0.742	0.319	0.570	0.856	0.853	0.455	
Pop20	0.742	0.596	0.350	0.629	0.897	0.815	0.234	0.325	0.693	0.579	0.305	0.405	0.451	0.777	0.154	0.580	0.884	0.879	0.461	0.353	
Pop21	0.702	0.663	0.557	0.588	0.859	0.784	0.549	0.491	0.659	0.231	0.572	0.503	0.440	0.727	0.546	0.195	0.847	0.844	0.641	0.564	0.573	
Pop22	0.732	0.626	0.466	0.630	0.877	0.802	0.446	0.286	0.687	0.599	0.476	0.461	0.471	0.758	0.432	0.602	0.865	0.861	0.552	0.476	0.472	0.594	
Pop23	0.745	0.615	0.365	0.633	0.897	0.815	0.281	0.345	0.696	0.591	0.308	0.420	0.459	0.778	0.226	0.593	0.883	0.879	0.483	0.376	0.227	0.585	0.492	
Pop24	0.746	0.611	0.362	0.633	0.900	0.817	0.278	0.329	0.697	0.590	0.274	0.415	0.457	0.781	0.211	0.592	0.886	0.881	0.476	0.371	0.187	0.584	0.476	0.211	
Pop25	0.667	0.659	0.598	0.579	0.804	0.742	0.596	0.553	0.618	0.585	0.610	0.551	0.451	0.675	0.598	0.587	0.794	0.793	0.650	0.602	0.618	0.582	0.618	0.622	0.622	
Pop26	0.703	0.504	0.285	0.596	0.860	0.783	0.218	0.297	0.658	0.534	0.311	0.359	0.438	0.724	0.230	0.532	0.847	0.844	0.398	0.285	0.262	0.528	0.424	0.270	0.261	0.585	
Pop27	0.747	0.424	0.360	0.644	0.891	0.813	0.450	0.438	0.700	0.623	0.485	0.391	0.475	0.778	0.447	0.626	0.878	0.873	0.601	0.398	0.487	0.617	0.564	0.513	0.506	0.632	0.406	
Pop28	0.839	0.884	0.847	0.790	0.695	0.739	0.849	0.807	0.807	0.842	0.859	0.791	0.655	0.867	0.854	0.849	0.692	0.736	0.889	0.848	0.875	0.839	0.857	0.875	0.878	0.787	0.839	0.870	
CV error (K=29): 0.04713
Writing output files.
