****                   ADMIXTURE Version 1.3.0                  ****
****                    Copyright 2008-2015                     ****
****           David Alexander, Suyash Shringarpure,            ****
****                John  Novembre, Ken Lange                   ****
****                                                            ****
****                 Please cite our paper!                     ****
****   Information at www.genetics.ucla.edu/software/admixture  ****

Cross-validation will be performed.  Folds=10.
Parallel execution requested.  Will use 24 threads.
Random seed: 1432
Point estimation method: Block relaxation algorithm
Convergence acceleration algorithm: QuasiNewton, 3 secant conditions
Point estimation will terminate when objective function delta < 0.0001
Estimation of standard errors disabled; will compute point estimates only.
Size of G: 713x578311
Performing five EM steps to prime main algorithm
1 (EM) 	Elapsed: 143.474	Loglikelihood: -5.28502e+07	(delta): 5.34981e+08
2 (EM) 	Elapsed: 143.852	Loglikelihood: -4.58312e+07	(delta): 7.01902e+06
3 (EM) 	Elapsed: 143.525	Loglikelihood: -4.511e+07	(delta): 721144
4 (EM) 	Elapsed: 143.263	Loglikelihood: -4.471e+07	(delta): 400027
5 (EM) 	Elapsed: 143.245	Loglikelihood: -4.4367e+07	(delta): 342992
Initial loglikelihood: -4.4367e+07
Starting main algorithm
1 (QN/Block) 	Elapsed: 348.663	Loglikelihood: -2.62266e+07	(delta): 1.81404e+07
2 (QN/Block) 	Elapsed: 347.728	Loglikelihood: -1.92662e+07	(delta): 6.96042e+06
3 (QN/Block) 	Elapsed: 355.912	Loglikelihood: -1.70146e+07	(delta): 2.25154e+06
4 (QN/Block) 	Elapsed: 362.136	Loglikelihood: -1.54269e+07	(delta): 1.58769e+06
5 (QN/Block) 	Elapsed: 351.382	Loglikelihood: -1.45408e+07	(delta): 886115
6 (QN/Block) 	Elapsed: 350.546	Loglikelihood: -1.41406e+07	(delta): 400174
7 (QN/Block) 	Elapsed: 353.184	Loglikelihood: -1.39583e+07	(delta): 182369
8 (QN/Block) 	Elapsed: 352.842	Loglikelihood: -1.38749e+07	(delta): 83336.3
9 (QN/Block) 	Elapsed: 352.593	Loglikelihood: -1.38343e+07	(delta): 40621.8
10 (QN/Block) 	Elapsed: 351.885	Loglikelihood: -1.38136e+07	(delta): 20755
11 (QN/Block) 	Elapsed: 352.043	Loglikelihood: -1.38007e+07	(delta): 12836.8
12 (QN/Block) 	Elapsed: 353.735	Loglikelihood: -1.37925e+07	(delta): 8185.66
13 (QN/Block) 	Elapsed: 353.893	Loglikelihood: -1.37899e+07	(delta): 2626.4
14 (QN/Block) 	Elapsed: 350.781	Loglikelihood: -1.37885e+07	(delta): 1393.08
15 (QN/Block) 	Elapsed: 355.23	Loglikelihood: -1.37875e+07	(delta): 1019.64
16 (QN/Block) 	Elapsed: 353.019	Loglikelihood: -1.37862e+07	(delta): 1288.86
17 (QN/Block) 	Elapsed: 353.077	Loglikelihood: -1.37858e+07	(delta): 424.819
18 (QN/Block) 	Elapsed: 354.184	Loglikelihood: -1.37852e+07	(delta): 552.773
19 (QN/Block) 	Elapsed: 353.713	Loglikelihood: -1.3785e+07	(delta): 266.233
20 (QN/Block) 	Elapsed: 351.944	Loglikelihood: -1.37849e+07	(delta): 18.6515
21 (QN/Block) 	Elapsed: 351.329	Loglikelihood: -1.37849e+07	(delta): 3.1482
22 (QN/Block) 	Elapsed: 354.318	Loglikelihood: -1.37849e+07	(delta): 0.377923
23 (QN/Block) 	Elapsed: 355.214	Loglikelihood: -1.37849e+07	(delta): 0.12847
24 (QN/Block) 	Elapsed: 354.038	Loglikelihood: -1.37849e+07	(delta): 0.0072128
25 (QN/Block) 	Elapsed: 352.587	Loglikelihood: -1.37849e+07	(delta): 0.00573126
26 (QN/Block) 	Elapsed: 352.525	Loglikelihood: -1.37849e+07	(delta): 0.00213034
27 (QN/Block) 	Elapsed: 351.913	Loglikelihood: -1.37849e+07	(delta): 0.00284262
28 (QN/Block) 	Elapsed: 350.86	Loglikelihood: -1.37849e+07	(delta): 0.00049457
29 (QN/Block) 	Elapsed: 351.641	Loglikelihood: -1.37849e+07	(delta): 3.14396e-05
Summary: 
Converged in 29 iterations (10967 sec)
Loglikelihood: -13784938.379436
Fst divergences between estimated populations: 
	Pop0	Pop1	Pop2	Pop3	Pop4	Pop5	Pop6	Pop7	Pop8	Pop9	Pop10	Pop11	Pop12	Pop13	Pop14	Pop15	
Pop0	
Pop1	0.630	
Pop2	0.852	0.529	
Pop3	0.719	0.606	0.820	
Pop4	0.674	0.376	0.568	0.650	
Pop5	0.771	0.439	0.693	0.742	0.473	
Pop6	0.796	0.415	0.705	0.761	0.447	0.555	
Pop7	0.860	0.490	0.807	0.824	0.528	0.655	0.454	
Pop8	0.844	0.442	0.774	0.806	0.478	0.606	0.140	0.561	
Pop9	0.846	0.467	0.782	0.809	0.504	0.627	0.359	0.398	0.449	
Pop10	0.493	0.575	0.777	0.619	0.617	0.704	0.716	0.777	0.756	0.762	
Pop11	0.853	0.487	0.811	0.818	0.559	0.681	0.694	0.809	0.771	0.781	0.772	
Pop12	0.816	0.431	0.729	0.780	0.450	0.573	0.464	0.644	0.534	0.594	0.733	0.728	
Pop13	0.807	0.426	0.723	0.772	0.461	0.572	0.169	0.449	0.218	0.338	0.727	0.715	0.496	
Pop14	0.817	0.436	0.733	0.782	0.456	0.579	0.476	0.652	0.547	0.603	0.736	0.733	0.166	0.508	
Pop15	0.790	0.419	0.700	0.756	0.450	0.553	0.229	0.492	0.289	0.423	0.713	0.688	0.473	0.284	0.484	
Pop16	0.773	0.424	0.681	0.741	0.453	0.550	0.328	0.405	0.388	0.380	0.700	0.672	0.487	0.344	0.496	0.364	
CV error (K=17): 0.04953
Writing output files.
