****                   ADMIXTURE Version 1.3.0                  ****
****                    Copyright 2008-2015                     ****
****           David Alexander, Suyash Shringarpure,            ****
****                John  Novembre, Ken Lange                   ****
****                                                            ****
****                 Please cite our paper!                     ****
****   Information at www.genetics.ucla.edu/software/admixture  ****

Cross-validation will be performed.  Folds=10.
Parallel execution requested.  Will use 24 threads.
Random seed: 1807
Point estimation method: Block relaxation algorithm
Convergence acceleration algorithm: QuasiNewton, 3 secant conditions
Point estimation will terminate when objective function delta < 0.0001
Estimation of standard errors disabled; will compute point estimates only.
Size of G: 713x578311
Performing five EM steps to prime main algorithm
1 (EM) 	Elapsed: 112.653	Loglikelihood: -5.27063e+07	(delta): 5.43928e+08
2 (EM) 	Elapsed: 111.666	Loglikelihood: -4.60012e+07	(delta): 6.70506e+06
3 (EM) 	Elapsed: 111.038	Loglikelihood: -4.53045e+07	(delta): 696732
4 (EM) 	Elapsed: 115.639	Loglikelihood: -4.49246e+07	(delta): 379844
5 (EM) 	Elapsed: 114.942	Loglikelihood: -4.46155e+07	(delta): 309100
Initial loglikelihood: -4.46155e+07
Starting main algorithm
1 (QN/Block) 	Elapsed: 224.443	Loglikelihood: -2.88505e+07	(delta): 1.57651e+07
2 (QN/Block) 	Elapsed: 226.248	Loglikelihood: -2.19259e+07	(delta): 6.92457e+06
3 (QN/Block) 	Elapsed: 229.96	Loglikelihood: -1.9488e+07	(delta): 2.4379e+06
4 (QN/Block) 	Elapsed: 230.884	Loglikelihood: -1.82035e+07	(delta): 1.28448e+06
5 (QN/Block) 	Elapsed: 233.315	Loglikelihood: -1.7226e+07	(delta): 977551
6 (QN/Block) 	Elapsed: 230.063	Loglikelihood: -1.68396e+07	(delta): 386353
7 (QN/Block) 	Elapsed: 227.985	Loglikelihood: -1.66628e+07	(delta): 176794
8 (QN/Block) 	Elapsed: 226.292	Loglikelihood: -1.66139e+07	(delta): 48958
9 (QN/Block) 	Elapsed: 229.031	Loglikelihood: -1.65846e+07	(delta): 29281.4
10 (QN/Block) 	Elapsed: 230.384	Loglikelihood: -1.65543e+07	(delta): 30296.6
11 (QN/Block) 	Elapsed: 230.462	Loglikelihood: -1.65448e+07	(delta): 9551.43
12 (QN/Block) 	Elapsed: 225.949	Loglikelihood: -1.65419e+07	(delta): 2855.38
13 (QN/Block) 	Elapsed: 227.781	Loglikelihood: -1.6541e+07	(delta): 930.322
14 (QN/Block) 	Elapsed: 227.289	Loglikelihood: -1.65407e+07	(delta): 222.685
15 (QN/Block) 	Elapsed: 223.771	Loglikelihood: -1.65407e+07	(delta): 53.1946
16 (QN/Block) 	Elapsed: 227.116	Loglikelihood: -1.65407e+07	(delta): 11.9975
17 (QN/Block) 	Elapsed: 226.313	Loglikelihood: -1.65407e+07	(delta): 4.54641
18 (QN/Block) 	Elapsed: 228.033	Loglikelihood: -1.65407e+07	(delta): 1.72559
19 (QN/Block) 	Elapsed: 227.893	Loglikelihood: -1.65407e+07	(delta): 0.0162158
20 (QN/Block) 	Elapsed: 227.679	Loglikelihood: -1.65407e+07	(delta): 0.00039166
21 (QN/Block) 	Elapsed: 226.752	Loglikelihood: -1.65407e+07	(delta): 1.31503e-06
Summary: 
Converged in 21 iterations (5362.09 sec)
Loglikelihood: -16540677.159242
Fst divergences between estimated populations: 
	Pop0	Pop1	Pop2	Pop3	Pop4	Pop5	Pop6	Pop7	Pop8	Pop9	
Pop0	
Pop1	0.784	
Pop2	0.800	0.693	
Pop3	0.828	0.750	0.545	
Pop4	0.812	0.721	0.431	0.407	
Pop5	0.741	0.612	0.232	0.455	0.384	
Pop6	0.774	0.660	0.197	0.453	0.340	0.244	
Pop7	0.662	0.538	0.481	0.539	0.513	0.440	0.468	
Pop8	0.772	0.657	0.498	0.628	0.576	0.425	0.479	0.457	
Pop9	0.667	0.773	0.787	0.814	0.799	0.730	0.762	0.655	0.760	
Pop10	0.682	0.550	0.298	0.329	0.308	0.278	0.280	0.411	0.394	0.674	
CV error (K=11): 0.05425
Writing output files.
