****                   ADMIXTURE Version 1.3.0                  ****
****                    Copyright 2008-2015                     ****
****           David Alexander, Suyash Shringarpure,            ****
****                John  Novembre, Ken Lange                   ****
****                                                            ****
****                 Please cite our paper!                     ****
****   Information at www.genetics.ucla.edu/software/admixture  ****

Cross-validation will be performed.  Folds=10.
Parallel execution requested.  Will use 24 threads.
Random seed: 1553
Point estimation method: Block relaxation algorithm
Convergence acceleration algorithm: QuasiNewton, 3 secant conditions
Point estimation will terminate when objective function delta < 0.0001
Estimation of standard errors disabled; will compute point estimates only.
Size of G: 713x578311
Performing five EM steps to prime main algorithm
1 (EM) 	Elapsed: 170.635	Loglikelihood: -5.27577e+07	(delta): 5.36265e+08
2 (EM) 	Elapsed: 168.395	Loglikelihood: -4.57966e+07	(delta): 6.96101e+06
3 (EM) 	Elapsed: 173.52	Loglikelihood: -4.50579e+07	(delta): 738710
4 (EM) 	Elapsed: 172.003	Loglikelihood: -4.46559e+07	(delta): 402017
5 (EM) 	Elapsed: 169.525	Loglikelihood: -4.43377e+07	(delta): 318243
Initial loglikelihood: -4.43377e+07
Starting main algorithm
1 (QN/Block) 	Elapsed: 328.181	Loglikelihood: -2.72738e+07	(delta): 1.70639e+07
2 (QN/Block) 	Elapsed: 333.982	Loglikelihood: -1.93224e+07	(delta): 7.9514e+06
3 (QN/Block) 	Elapsed: 338.235	Loglikelihood: -1.71013e+07	(delta): 2.22105e+06
4 (QN/Block) 	Elapsed: 336.464	Loglikelihood: -1.55316e+07	(delta): 1.56975e+06
5 (QN/Block) 	Elapsed: 338.823	Loglikelihood: -1.47448e+07	(delta): 786746
6 (QN/Block) 	Elapsed: 337.207	Loglikelihood: -1.43795e+07	(delta): 365305
7 (QN/Block) 	Elapsed: 338.178	Loglikelihood: -1.42685e+07	(delta): 110989
8 (QN/Block) 	Elapsed: 338.3	Loglikelihood: -1.42024e+07	(delta): 66164.9
9 (QN/Block) 	Elapsed: 345.642	Loglikelihood: -1.41598e+07	(delta): 42589.2
10 (QN/Block) 	Elapsed: 337.637	Loglikelihood: -1.41384e+07	(delta): 21387.7
11 (QN/Block) 	Elapsed: 337.336	Loglikelihood: -1.41281e+07	(delta): 10269.5
12 (QN/Block) 	Elapsed: 338.874	Loglikelihood: -1.41232e+07	(delta): 4886.64
13 (QN/Block) 	Elapsed: 335.87	Loglikelihood: -1.41218e+07	(delta): 1477.16
14 (QN/Block) 	Elapsed: 334.691	Loglikelihood: -1.41214e+07	(delta): 332.286
15 (QN/Block) 	Elapsed: 339.356	Loglikelihood: -1.41207e+07	(delta): 749.853
16 (QN/Block) 	Elapsed: 342.339	Loglikelihood: -1.41204e+07	(delta): 309.552
17 (QN/Block) 	Elapsed: 341.008	Loglikelihood: -1.412e+07	(delta): 314.265
18 (QN/Block) 	Elapsed: 340.894	Loglikelihood: -1.41189e+07	(delta): 1153.33
19 (QN/Block) 	Elapsed: 337.994	Loglikelihood: -1.41184e+07	(delta): 517.763
20 (QN/Block) 	Elapsed: 338.958	Loglikelihood: -1.41176e+07	(delta): 742.831
21 (QN/Block) 	Elapsed: 337.552	Loglikelihood: -1.4114e+07	(delta): 3653.36
22 (QN/Block) 	Elapsed: 339.382	Loglikelihood: -1.41112e+07	(delta): 2737.61
23 (QN/Block) 	Elapsed: 337.809	Loglikelihood: -1.41106e+07	(delta): 632.883
24 (QN/Block) 	Elapsed: 337.32	Loglikelihood: -1.41104e+07	(delta): 184.4
25 (QN/Block) 	Elapsed: 338.178	Loglikelihood: -1.41094e+07	(delta): 1010.86
26 (QN/Block) 	Elapsed: 337.529	Loglikelihood: -1.4108e+07	(delta): 1451.42
27 (QN/Block) 	Elapsed: 339.605	Loglikelihood: -1.41074e+07	(delta): 517.882
28 (QN/Block) 	Elapsed: 338.043	Loglikelihood: -1.41058e+07	(delta): 1650.18
29 (QN/Block) 	Elapsed: 334.561	Loglikelihood: -1.40974e+07	(delta): 8368.08
30 (QN/Block) 	Elapsed: 342.229	Loglikelihood: -1.40941e+07	(delta): 3355.93
31 (QN/Block) 	Elapsed: 338.644	Loglikelihood: -1.40934e+07	(delta): 713.275
32 (QN/Block) 	Elapsed: 340.428	Loglikelihood: -1.40929e+07	(delta): 450.38
33 (QN/Block) 	Elapsed: 335.747	Loglikelihood: -1.40927e+07	(delta): 182.382
34 (QN/Block) 	Elapsed: 340.963	Loglikelihood: -1.40926e+07	(delta): 143.564
35 (QN/Block) 	Elapsed: 334.773	Loglikelihood: -1.40924e+07	(delta): 215.332
36 (QN/Block) 	Elapsed: 335.072	Loglikelihood: -1.40921e+07	(delta): 307.931
37 (QN/Block) 	Elapsed: 335.526	Loglikelihood: -1.40916e+07	(delta): 416.023
38 (QN/Block) 	Elapsed: 333.467	Loglikelihood: -1.40911e+07	(delta): 527.9
39 (QN/Block) 	Elapsed: 352.036	Loglikelihood: -1.40905e+07	(delta): 568.245
40 (QN/Block) 	Elapsed: 365.776	Loglikelihood: -1.40902e+07	(delta): 349.289
41 (QN/Block) 	Elapsed: 349.032	Loglikelihood: -1.40902e+07	(delta): 3.32385
42 (QN/Block) 	Elapsed: 362.826	Loglikelihood: -1.40902e+07	(delta): 0.112855
43 (QN/Block) 	Elapsed: 362.687	Loglikelihood: -1.40902e+07	(delta): 0.31288
44 (QN/Block) 	Elapsed: 352.45	Loglikelihood: -1.40902e+07	(delta): 0.20135
45 (QN/Block) 	Elapsed: 362.239	Loglikelihood: -1.40902e+07	(delta): 0.00401233
46 (QN/Block) 	Elapsed: 370.458	Loglikelihood: -1.40902e+07	(delta): 0.00697971
47 (QN/Block) 	Elapsed: 346.772	Loglikelihood: -1.40902e+07	(delta): 8.43313e-05
Summary: 
Converged in 47 iterations (16934.1 sec)
Loglikelihood: -14090191.378202
Fst divergences between estimated populations: 
	Pop0	Pop1	Pop2	Pop3	Pop4	Pop5	Pop6	Pop7	Pop8	Pop9	Pop10	Pop11	Pop12	Pop13	Pop14	
Pop0	
Pop1	0.586	
Pop2	0.795	0.768	
Pop3	0.374	0.485	0.732	
Pop4	0.413	0.373	0.577	0.375	
Pop5	0.390	0.643	0.813	0.404	0.440	
Pop6	0.421	0.518	0.787	0.375	0.381	0.543	
Pop7	0.808	0.780	0.667	0.741	0.582	0.826	0.800	
Pop8	0.338	0.493	0.763	0.343	0.372	0.457	0.182	0.775	
Pop9	0.598	0.163	0.771	0.496	0.381	0.653	0.535	0.783	0.508	
Pop10	0.675	0.634	0.742	0.606	0.455	0.700	0.656	0.752	0.632	0.639	
Pop11	0.736	0.687	0.793	0.645	0.472	0.767	0.719	0.804	0.684	0.692	0.695	
Pop12	0.684	0.631	0.767	0.599	0.434	0.716	0.662	0.777	0.630	0.638	0.660	0.494	
Pop13	0.383	0.445	0.733	0.340	0.356	0.460	0.239	0.744	0.244	0.458	0.599	0.639	0.589	
Pop14	0.767	0.718	0.801	0.664	0.448	0.800	0.748	0.814	0.708	0.723	0.707	0.771	0.728	0.658	
Pop15	0.636	0.578	0.737	0.561	0.418	0.666	0.609	0.746	0.585	0.585	0.626	0.664	0.623	0.550	0.685	
CV error (K=16): 0.05004
Writing output files.
