****                   ADMIXTURE Version 1.3.0                  ****
****                    Copyright 2008-2015                     ****
****           David Alexander, Suyash Shringarpure,            ****
****                John  Novembre, Ken Lange                   ****
****                                                            ****
****                 Please cite our paper!                     ****
****   Information at www.genetics.ucla.edu/software/admixture  ****

Cross-validation will be performed.  Folds=10.
Parallel execution requested.  Will use 24 threads.
Random seed: 1853
Point estimation method: Block relaxation algorithm
Convergence acceleration algorithm: QuasiNewton, 3 secant conditions
Point estimation will terminate when objective function delta < 0.0001
Estimation of standard errors disabled; will compute point estimates only.
Size of G: 713x578311
Performing five EM steps to prime main algorithm
1 (EM) 	Elapsed: 145.777	Loglikelihood: -5.28505e+07	(delta): 5.37193e+08
2 (EM) 	Elapsed: 136.671	Loglikelihood: -4.58591e+07	(delta): 6.99144e+06
3 (EM) 	Elapsed: 137.417	Loglikelihood: -4.51219e+07	(delta): 737155
4 (EM) 	Elapsed: 139.39	Loglikelihood: -4.47099e+07	(delta): 412007
5 (EM) 	Elapsed: 142.473	Loglikelihood: -4.43615e+07	(delta): 348429
Initial loglikelihood: -4.43615e+07
Starting main algorithm
1 (QN/Block) 	Elapsed: 319.119	Loglikelihood: -2.6488e+07	(delta): 1.78735e+07
2 (QN/Block) 	Elapsed: 306.998	Loglikelihood: -1.85126e+07	(delta): 7.97542e+06
3 (QN/Block) 	Elapsed: 306.526	Loglikelihood: -1.65331e+07	(delta): 1.97949e+06
4 (QN/Block) 	Elapsed: 310.357	Loglikelihood: -1.55069e+07	(delta): 1.02621e+06
5 (QN/Block) 	Elapsed: 319.754	Loglikelihood: -1.48913e+07	(delta): 615560
6 (QN/Block) 	Elapsed: 312.991	Loglikelihood: -1.46836e+07	(delta): 207707
7 (QN/Block) 	Elapsed: 315.968	Loglikelihood: -1.46245e+07	(delta): 59093.2
8 (QN/Block) 	Elapsed: 309.459	Loglikelihood: -1.46005e+07	(delta): 24033.2
9 (QN/Block) 	Elapsed: 318.619	Loglikelihood: -1.45831e+07	(delta): 17376.9
10 (QN/Block) 	Elapsed: 317.342	Loglikelihood: -1.45591e+07	(delta): 24040.1
11 (QN/Block) 	Elapsed: 314.333	Loglikelihood: -1.45362e+07	(delta): 22880.5
12 (QN/Block) 	Elapsed: 309.609	Loglikelihood: -1.45152e+07	(delta): 21042.2
13 (QN/Block) 	Elapsed: 314.58	Loglikelihood: -1.44949e+07	(delta): 20220.7
14 (QN/Block) 	Elapsed: 319.225	Loglikelihood: -1.4492e+07	(delta): 2897.28
15 (QN/Block) 	Elapsed: 317.078	Loglikelihood: -1.44909e+07	(delta): 1146.84
16 (QN/Block) 	Elapsed: 322.498	Loglikelihood: -1.44907e+07	(delta): 247.402
17 (QN/Block) 	Elapsed: 314.951	Loglikelihood: -1.44906e+07	(delta): 44.4852
18 (QN/Block) 	Elapsed: 313.083	Loglikelihood: -1.44906e+07	(delta): 2.43433
19 (QN/Block) 	Elapsed: 315.205	Loglikelihood: -1.44906e+07	(delta): 0.722183
20 (QN/Block) 	Elapsed: 315.21	Loglikelihood: -1.44906e+07	(delta): 2.35044
21 (QN/Block) 	Elapsed: 308.221	Loglikelihood: -1.44906e+07	(delta): 0.713413
22 (QN/Block) 	Elapsed: 314.58	Loglikelihood: -1.44906e+07	(delta): 0.332477
23 (QN/Block) 	Elapsed: 319.635	Loglikelihood: -1.44906e+07	(delta): 0.0935242
24 (QN/Block) 	Elapsed: 313.558	Loglikelihood: -1.44906e+07	(delta): 0.0161098
25 (QN/Block) 	Elapsed: 308.993	Loglikelihood: -1.44906e+07	(delta): 0.0021343
26 (QN/Block) 	Elapsed: 316.204	Loglikelihood: -1.44906e+07	(delta): 0.000116285
27 (QN/Block) 	Elapsed: 305.624	Loglikelihood: -1.44906e+07	(delta): 1.17794e-05
Summary: 
Converged in 27 iterations (9192.43 sec)
Loglikelihood: -14490602.390462
Fst divergences between estimated populations: 
	Pop0	Pop1	Pop2	Pop3	Pop4	Pop5	Pop6	Pop7	Pop8	Pop9	Pop10	Pop11	Pop12	Pop13	
Pop0	
Pop1	0.261	
Pop2	0.338	0.327	
Pop3	0.407	0.414	0.379	
Pop4	0.510	0.482	0.404	0.414	
Pop5	0.584	0.546	0.373	0.630	0.657	
Pop6	0.485	0.446	0.323	0.578	0.626	0.561	
Pop7	0.709	0.665	0.447	0.752	0.774	0.669	0.684	
Pop8	0.794	0.760	0.572	0.821	0.835	0.750	0.780	0.807	
Pop9	0.725	0.671	0.435	0.775	0.802	0.674	0.703	0.771	0.821	
Pop10	0.364	0.355	0.342	0.385	0.407	0.550	0.473	0.656	0.750	0.664	
Pop11	0.745	0.715	0.544	0.771	0.785	0.710	0.732	0.765	0.646	0.774	0.707	
Pop12	0.223	0.300	0.348	0.353	0.462	0.589	0.505	0.710	0.793	0.725	0.363	0.745	
Pop13	0.686	0.642	0.446	0.725	0.747	0.646	0.671	0.734	0.789	0.725	0.633	0.748	0.685	
Pop14	0.130	0.264	0.342	0.446	0.554	0.601	0.503	0.732	0.812	0.753	0.380	0.760	0.280	0.708	
CV error (K=15): 0.05088
Writing output files.
