****                   ADMIXTURE Version 1.3.0                  ****
****                    Copyright 2008-2015                     ****
****           David Alexander, Suyash Shringarpure,            ****
****                John  Novembre, Ken Lange                   ****
****                                                            ****
****                 Please cite our paper!                     ****
****   Information at www.genetics.ucla.edu/software/admixture  ****

Cross-validation will be performed.  Folds=10.
Parallel execution requested.  Will use 24 threads.
Random seed: 1706
Point estimation method: Block relaxation algorithm
Convergence acceleration algorithm: QuasiNewton, 3 secant conditions
Point estimation will terminate when objective function delta < 0.0001
Estimation of standard errors disabled; will compute point estimates only.
Size of G: 713x578311
Performing five EM steps to prime main algorithm
1 (EM) 	Elapsed: 341.257	Loglikelihood: -5.2819e+07	(delta): 5.29614e+08
2 (EM) 	Elapsed: 327.959	Loglikelihood: -4.55895e+07	(delta): 7.22948e+06
3 (EM) 	Elapsed: 337.132	Loglikelihood: -4.483e+07	(delta): 759477
4 (EM) 	Elapsed: 350.745	Loglikelihood: -4.43865e+07	(delta): 443470
5 (EM) 	Elapsed: 349.46	Loglikelihood: -4.3989e+07	(delta): 397506
Initial loglikelihood: -4.3989e+07
Starting main algorithm
1 (QN/Block) 	Elapsed: 472.159	Loglikelihood: -2.39487e+07	(delta): 2.00403e+07
2 (QN/Block) 	Elapsed: 472.319	Loglikelihood: -1.70865e+07	(delta): 6.86223e+06
3 (QN/Block) 	Elapsed: 476.938	Loglikelihood: -1.4983e+07	(delta): 2.10344e+06
4 (QN/Block) 	Elapsed: 476.249	Loglikelihood: -1.3605e+07	(delta): 1.37803e+06
5 (QN/Block) 	Elapsed: 473.69	Loglikelihood: -1.28798e+07	(delta): 725149
6 (QN/Block) 	Elapsed: 479.647	Loglikelihood: -1.25953e+07	(delta): 284521
7 (QN/Block) 	Elapsed: 477.39	Loglikelihood: -1.24684e+07	(delta): 126958
8 (QN/Block) 	Elapsed: 477.048	Loglikelihood: -1.24377e+07	(delta): 30612.2
9 (QN/Block) 	Elapsed: 477.25	Loglikelihood: -1.24288e+07	(delta): 8979.08
10 (QN/Block) 	Elapsed: 476.941	Loglikelihood: -1.2426e+07	(delta): 2756.04
11 (QN/Block) 	Elapsed: 479.611	Loglikelihood: -1.24137e+07	(delta): 12350.8
12 (QN/Block) 	Elapsed: 477.978	Loglikelihood: -1.24049e+07	(delta): 8778.23
13 (QN/Block) 	Elapsed: 477.696	Loglikelihood: -1.24038e+07	(delta): 1066.11
14 (QN/Block) 	Elapsed: 477.184	Loglikelihood: -1.24025e+07	(delta): 1278.15
15 (QN/Block) 	Elapsed: 477	Loglikelihood: -1.2402e+07	(delta): 561.588
16 (QN/Block) 	Elapsed: 477.134	Loglikelihood: -1.24002e+07	(delta): 1749.18
17 (QN/Block) 	Elapsed: 476.789	Loglikelihood: -1.23995e+07	(delta): 695.249
18 (QN/Block) 	Elapsed: 478.758	Loglikelihood: -1.23989e+07	(delta): 644.429
19 (QN/Block) 	Elapsed: 478.018	Loglikelihood: -1.23987e+07	(delta): 143.131
20 (QN/Block) 	Elapsed: 478.376	Loglikelihood: -1.23987e+07	(delta): 42.1191
21 (QN/Block) 	Elapsed: 477.383	Loglikelihood: -1.23987e+07	(delta): 12.7507
22 (QN/Block) 	Elapsed: 477.777	Loglikelihood: -1.23987e+07	(delta): 5.24722
23 (QN/Block) 	Elapsed: 478.563	Loglikelihood: -1.23986e+07	(delta): 37.153
24 (QN/Block) 	Elapsed: 479.831	Loglikelihood: -1.23983e+07	(delta): 372.348
25 (QN/Block) 	Elapsed: 478.681	Loglikelihood: -1.23983e+07	(delta): 8.02913
26 (QN/Block) 	Elapsed: 477.282	Loglikelihood: -1.23977e+07	(delta): 545.343
27 (QN/Block) 	Elapsed: 475.985	Loglikelihood: -1.23976e+07	(delta): 141.895
28 (QN/Block) 	Elapsed: 476.273	Loglikelihood: -1.23975e+07	(delta): 43.6083
29 (QN/Block) 	Elapsed: 475.996	Loglikelihood: -1.23975e+07	(delta): 9.14984
30 (QN/Block) 	Elapsed: 476.789	Loglikelihood: -1.23975e+07	(delta): 1.31501
31 (QN/Block) 	Elapsed: 477.051	Loglikelihood: -1.23975e+07	(delta): 0.32499
32 (QN/Block) 	Elapsed: 477.409	Loglikelihood: -1.23975e+07	(delta): 0.0322178
33 (QN/Block) 	Elapsed: 477.351	Loglikelihood: -1.23975e+07	(delta): 0.0206173
34 (QN/Block) 	Elapsed: 476.924	Loglikelihood: -1.23975e+07	(delta): 0.00375485
35 (QN/Block) 	Elapsed: 476.929	Loglikelihood: -1.23975e+07	(delta): 0.000901273
36 (QN/Block) 	Elapsed: 476.769	Loglikelihood: -1.23975e+07	(delta): 0.000177082
37 (QN/Block) 	Elapsed: 477.247	Loglikelihood: -1.23975e+07	(delta): 0.000106441
38 (QN/Block) 	Elapsed: 476.607	Loglikelihood: -1.23975e+07	(delta): 2.76845e-05
Summary: 
Converged in 38 iterations (19862.5 sec)
Loglikelihood: -12397526.688841
Fst divergences between estimated populations: 
	Pop0	Pop1	Pop2	Pop3	Pop4	Pop5	Pop6	Pop7	Pop8	Pop9	Pop10	Pop11	Pop12	Pop13	Pop14	Pop15	Pop16	Pop17	Pop18	Pop19	Pop20	Pop21	Pop22	Pop23	Pop24	
Pop0	
Pop1	0.431	
Pop2	0.461	0.404	
Pop3	0.474	0.309	0.394	
Pop4	0.835	0.799	0.857	0.842	
Pop5	0.459	0.327	0.314	0.212	0.847	
Pop6	0.582	0.466	0.599	0.546	0.844	0.554	
Pop7	0.523	0.435	0.321	0.422	0.881	0.355	0.641	
Pop8	0.710	0.657	0.732	0.709	0.839	0.715	0.705	0.760	
Pop9	0.518	0.337	0.471	0.314	0.867	0.348	0.582	0.504	0.738	
Pop10	0.436	0.380	0.436	0.412	0.648	0.413	0.394	0.450	0.511	0.424	
Pop11	0.605	0.541	0.619	0.593	0.788	0.598	0.581	0.645	0.667	0.619	0.421	
Pop12	0.591	0.480	0.608	0.558	0.843	0.566	0.198	0.648	0.707	0.593	0.402	0.587	
Pop13	0.283	0.378	0.395	0.412	0.803	0.394	0.522	0.442	0.671	0.439	0.408	0.566	0.532	
Pop14	0.556	0.507	0.383	0.526	0.898	0.471	0.698	0.516	0.787	0.618	0.478	0.677	0.702	0.486	
Pop15	0.749	0.689	0.777	0.751	0.873	0.759	0.752	0.812	0.777	0.788	0.512	0.685	0.753	0.704	0.842	
Pop16	0.463	0.267	0.417	0.293	0.842	0.288	0.522	0.450	0.705	0.306	0.400	0.585	0.537	0.388	0.557	0.749	
Pop17	0.520	0.293	0.486	0.338	0.876	0.340	0.571	0.527	0.744	0.333	0.415	0.619	0.585	0.438	0.650	0.798	0.180	
Pop18	0.590	0.479	0.607	0.557	0.843	0.564	0.173	0.648	0.707	0.593	0.401	0.586	0.243	0.531	0.702	0.752	0.535	0.583	
Pop19	0.740	0.672	0.768	0.740	0.873	0.748	0.741	0.806	0.773	0.779	0.496	0.681	0.742	0.691	0.839	0.795	0.736	0.789	0.742	
Pop20	0.783	0.747	0.801	0.786	0.357	0.791	0.787	0.822	0.792	0.809	0.611	0.743	0.787	0.753	0.839	0.820	0.785	0.815	0.787	0.818	
Pop21	0.783	0.747	0.802	0.787	0.744	0.792	0.788	0.824	0.794	0.810	0.609	0.742	0.788	0.753	0.841	0.822	0.786	0.817	0.788	0.819	0.680	
Pop22	0.510	0.290	0.478	0.324	0.869	0.349	0.563	0.518	0.736	0.306	0.414	0.612	0.576	0.432	0.636	0.788	0.178	0.150	0.574	0.777	0.809	0.810	
Pop23	0.487	0.218	0.469	0.373	0.835	0.388	0.539	0.510	0.703	0.409	0.412	0.587	0.550	0.424	0.589	0.743	0.335	0.376	0.549	0.730	0.781	0.781	0.370	
Pop24	0.483	0.287	0.442	0.259	0.848	0.292	0.538	0.471	0.712	0.261	0.406	0.594	0.552	0.412	0.577	0.757	0.201	0.204	0.550	0.746	0.791	0.791	0.231	0.349	
Pop25	0.688	0.635	0.709	0.686	0.828	0.692	0.679	0.737	0.720	0.714	0.489	0.649	0.681	0.650	0.764	0.757	0.681	0.719	0.681	0.751	0.781	0.782	0.711	0.680	0.689	
CV error (K=26): 0.04786
Writing output files.
