****                   ADMIXTURE Version 1.3.0                  ****
****                    Copyright 2008-2015                     ****
****           David Alexander, Suyash Shringarpure,            ****
****                John  Novembre, Ken Lange                   ****
****                                                            ****
****                 Please cite our paper!                     ****
****   Information at www.genetics.ucla.edu/software/admixture  ****

Cross-validation will be performed.  Folds=10.
Parallel execution requested.  Will use 24 threads.
Random seed: 1807
Point estimation method: Block relaxation algorithm
Convergence acceleration algorithm: QuasiNewton, 3 secant conditions
Point estimation will terminate when objective function delta < 0.0001
Estimation of standard errors disabled; will compute point estimates only.
Size of G: 713x578311
Performing five EM steps to prime main algorithm
1 (EM) 	Elapsed: 52.873	Loglikelihood: -5.20817e+07	(delta): 5.66008e+08
2 (EM) 	Elapsed: 57.444	Loglikelihood: -4.60859e+07	(delta): 5.99576e+06
3 (EM) 	Elapsed: 52.915	Loglikelihood: -4.53851e+07	(delta): 700881
4 (EM) 	Elapsed: 54.573	Loglikelihood: -4.49868e+07	(delta): 398277
5 (EM) 	Elapsed: 48.694	Loglikelihood: -4.46778e+07	(delta): 308951
Initial loglikelihood: -4.46778e+07
Starting main algorithm
1 (QN/Block) 	Elapsed: 138.22	Loglikelihood: -3.19016e+07	(delta): 1.27762e+07
2 (QN/Block) 	Elapsed: 137.261	Loglikelihood: -2.51565e+07	(delta): 6.74509e+06
3 (QN/Block) 	Elapsed: 138.157	Loglikelihood: -2.34474e+07	(delta): 1.70917e+06
4 (QN/Block) 	Elapsed: 137.365	Loglikelihood: -2.23747e+07	(delta): 1.07266e+06
5 (QN/Block) 	Elapsed: 140.995	Loglikelihood: -2.15459e+07	(delta): 828811
6 (QN/Block) 	Elapsed: 138.141	Loglikelihood: -2.13305e+07	(delta): 215365
7 (QN/Block) 	Elapsed: 141.509	Loglikelihood: -2.12564e+07	(delta): 74117.6
8 (QN/Block) 	Elapsed: 140.751	Loglikelihood: -2.11399e+07	(delta): 116470
9 (QN/Block) 	Elapsed: 141.369	Loglikelihood: -2.111e+07	(delta): 29975.5
10 (QN/Block) 	Elapsed: 139.847	Loglikelihood: -2.11011e+07	(delta): 8817.87
11 (QN/Block) 	Elapsed: 138.47	Loglikelihood: -2.11002e+07	(delta): 920.79
12 (QN/Block) 	Elapsed: 139.125	Loglikelihood: -2.11e+07	(delta): 223.51
13 (QN/Block) 	Elapsed: 141.613	Loglikelihood: -2.10999e+07	(delta): 61.5103
14 (QN/Block) 	Elapsed: 138.249	Loglikelihood: -2.10999e+07	(delta): 1.95228
15 (QN/Block) 	Elapsed: 139.22	Loglikelihood: -2.10999e+07	(delta): 0.00627661
16 (QN/Block) 	Elapsed: 135.994	Loglikelihood: -2.10999e+07	(delta): 0.00156406
17 (QN/Block) 	Elapsed: 137.601	Loglikelihood: -2.10999e+07	(delta): 5.0094e-05
Summary: 
Converged in 17 iterations (2635.87 sec)
Loglikelihood: -21099925.485274
Fst divergences between estimated populations: 
	Pop0	Pop1	Pop2	Pop3	Pop4	
Pop0	
Pop1	0.627	
Pop2	0.409	0.538	
Pop3	0.267	0.648	0.413	
Pop4	0.456	0.639	0.409	0.460	
Pop5	0.306	0.463	0.245	0.299	0.293	
CV error (K=6): 0.06437
Writing output files.
