****                   ADMIXTURE Version 1.3.0                  ****
****                    Copyright 2008-2015                     ****
****           David Alexander, Suyash Shringarpure,            ****
****                John  Novembre, Ken Lange                   ****
****                                                            ****
****                 Please cite our paper!                     ****
****   Information at www.genetics.ucla.edu/software/admixture  ****

Cross-validation will be performed.  Folds=10.
Parallel execution requested.  Will use 24 threads.
Random seed: 1468
Point estimation method: Block relaxation algorithm
Convergence acceleration algorithm: QuasiNewton, 3 secant conditions
Point estimation will terminate when objective function delta < 0.0001
Estimation of standard errors disabled; will compute point estimates only.
Size of G: 713x578311
Performing five EM steps to prime main algorithm
1 (EM) 	Elapsed: 60.035	Loglikelihood: -5.23062e+07	(delta): 5.58805e+08
2 (EM) 	Elapsed: 60.39	Loglikelihood: -4.60723e+07	(delta): 6.23393e+06
3 (EM) 	Elapsed: 56.05	Loglikelihood: -4.5388e+07	(delta): 684299
4 (EM) 	Elapsed: 56.654	Loglikelihood: -4.50038e+07	(delta): 384119
5 (EM) 	Elapsed: 61.716	Loglikelihood: -4.46919e+07	(delta): 311946
Initial loglikelihood: -4.46919e+07
Starting main algorithm
1 (QN/Block) 	Elapsed: 149.265	Loglikelihood: -3.03821e+07	(delta): 1.43098e+07
2 (QN/Block) 	Elapsed: 145.5	Loglikelihood: -2.50024e+07	(delta): 5.37973e+06
3 (QN/Block) 	Elapsed: 146.551	Loglikelihood: -2.35831e+07	(delta): 1.41925e+06
4 (QN/Block) 	Elapsed: 144.639	Loglikelihood: -2.10725e+07	(delta): 2.51058e+06
5 (QN/Block) 	Elapsed: 143.879	Loglikelihood: -2.02783e+07	(delta): 794249
6 (QN/Block) 	Elapsed: 146.362	Loglikelihood: -1.99398e+07	(delta): 338495
7 (QN/Block) 	Elapsed: 145.92	Loglikelihood: -1.97846e+07	(delta): 155172
8 (QN/Block) 	Elapsed: 145.026	Loglikelihood: -1.96844e+07	(delta): 100268
9 (QN/Block) 	Elapsed: 145.946	Loglikelihood: -1.96184e+07	(delta): 66013.9
10 (QN/Block) 	Elapsed: 140.248	Loglikelihood: -1.95899e+07	(delta): 28486.6
11 (QN/Block) 	Elapsed: 142.973	Loglikelihood: -1.95838e+07	(delta): 6103.2
12 (QN/Block) 	Elapsed: 146.562	Loglikelihood: -1.95826e+07	(delta): 1146.72
13 (QN/Block) 	Elapsed: 148.598	Loglikelihood: -1.95822e+07	(delta): 382.807
14 (QN/Block) 	Elapsed: 150.674	Loglikelihood: -1.95822e+07	(delta): 40.9889
15 (QN/Block) 	Elapsed: 150.522	Loglikelihood: -1.95822e+07	(delta): 1.11575
16 (QN/Block) 	Elapsed: 147.469	Loglikelihood: -1.95822e+07	(delta): 0.0177221
17 (QN/Block) 	Elapsed: 147.887	Loglikelihood: -1.95822e+07	(delta): 0.0028425
18 (QN/Block) 	Elapsed: 149.435	Loglikelihood: -1.95822e+07	(delta): 3.64408e-05
Summary: 
Converged in 18 iterations (2938.93 sec)
Loglikelihood: -19582189.977734
Fst divergences between estimated populations: 
	Pop0	Pop1	Pop2	Pop3	Pop4	Pop5	
Pop0	
Pop1	0.301	
Pop2	0.215	0.147	
Pop3	0.465	0.493	0.414	
Pop4	0.485	0.511	0.462	0.487	
Pop5	0.628	0.659	0.617	0.642	0.587	
Pop6	0.555	0.591	0.533	0.570	0.512	0.613	
CV error (K=7): 0.06057
Writing output files.
