****                   ADMIXTURE Version 1.3.0                  ****
****                    Copyright 2008-2015                     ****
****           David Alexander, Suyash Shringarpure,            ****
****                John  Novembre, Ken Lange                   ****
****                                                            ****
****                 Please cite our paper!                     ****
****   Information at www.genetics.ucla.edu/software/admixture  ****

Cross-validation will be performed.  Folds=10.
Parallel execution requested.  Will use 24 threads.
Random seed: 1853
Point estimation method: Block relaxation algorithm
Convergence acceleration algorithm: QuasiNewton, 3 secant conditions
Point estimation will terminate when objective function delta < 0.0001
Estimation of standard errors disabled; will compute point estimates only.
Size of G: 713x578311
Performing five EM steps to prime main algorithm
1 (EM) 	Elapsed: 394.751	Loglikelihood: -5.28275e+07	(delta): 5.2796e+08
2 (EM) 	Elapsed: 399.61	Loglikelihood: -4.55656e+07	(delta): 7.26189e+06
3 (EM) 	Elapsed: 404.559	Loglikelihood: -4.48249e+07	(delta): 740672
4 (EM) 	Elapsed: 402.883	Loglikelihood: -4.44111e+07	(delta): 413835
5 (EM) 	Elapsed: 384.717	Loglikelihood: -4.40511e+07	(delta): 359932
Initial loglikelihood: -4.40511e+07
Starting main algorithm
1 (QN/Block) 	Elapsed: 557.884	Loglikelihood: -2.34173e+07	(delta): 2.06339e+07
2 (QN/Block) 	Elapsed: 553.727	Loglikelihood: -1.61127e+07	(delta): 7.30456e+06
3 (QN/Block) 	Elapsed: 559.611	Loglikelihood: -1.40522e+07	(delta): 2.06049e+06
4 (QN/Block) 	Elapsed: 545.953	Loglikelihood: -1.28227e+07	(delta): 1.22954e+06
5 (QN/Block) 	Elapsed: 546.323	Loglikelihood: -1.21855e+07	(delta): 637137
6 (QN/Block) 	Elapsed: 547.397	Loglikelihood: -1.18657e+07	(delta): 319811
7 (QN/Block) 	Elapsed: 548.897	Loglikelihood: -1.17627e+07	(delta): 102979
8 (QN/Block) 	Elapsed: 548.992	Loglikelihood: -1.17198e+07	(delta): 42905
9 (QN/Block) 	Elapsed: 548.825	Loglikelihood: -1.16953e+07	(delta): 24509.5
10 (QN/Block) 	Elapsed: 545.169	Loglikelihood: -1.1685e+07	(delta): 10291.8
11 (QN/Block) 	Elapsed: 546.077	Loglikelihood: -1.16806e+07	(delta): 4423.81
12 (QN/Block) 	Elapsed: 547.653	Loglikelihood: -1.16769e+07	(delta): 3726.17
13 (QN/Block) 	Elapsed: 549.124	Loglikelihood: -1.1674e+07	(delta): 2879.38
14 (QN/Block) 	Elapsed: 556.234	Loglikelihood: -1.16725e+07	(delta): 1541.51
15 (QN/Block) 	Elapsed: 586.684	Loglikelihood: -1.16702e+07	(delta): 2232.96
16 (QN/Block) 	Elapsed: 582.051	Loglikelihood: -1.16663e+07	(delta): 3960.89
17 (QN/Block) 	Elapsed: 599.005	Loglikelihood: -1.16639e+07	(delta): 2396.45
18 (QN/Block) 	Elapsed: 599.098	Loglikelihood: -1.16619e+07	(delta): 1927.98
19 (QN/Block) 	Elapsed: 600.991	Loglikelihood: -1.16584e+07	(delta): 3484.12
20 (QN/Block) 	Elapsed: 601.862	Loglikelihood: -1.16524e+07	(delta): 6007.09
21 (QN/Block) 	Elapsed: 603.239	Loglikelihood: -1.1648e+07	(delta): 4417.02
22 (QN/Block) 	Elapsed: 598.354	Loglikelihood: -1.16459e+07	(delta): 2140.72
23 (QN/Block) 	Elapsed: 600.621	Loglikelihood: -1.16452e+07	(delta): 727.225
24 (QN/Block) 	Elapsed: 600.926	Loglikelihood: -1.16449e+07	(delta): 254.83
25 (QN/Block) 	Elapsed: 601.403	Loglikelihood: -1.16448e+07	(delta): 103.256
26 (QN/Block) 	Elapsed: 603.173	Loglikelihood: -1.16447e+07	(delta): 68.0004
27 (QN/Block) 	Elapsed: 600.999	Loglikelihood: -1.16447e+07	(delta): 20.7841
28 (QN/Block) 	Elapsed: 600.617	Loglikelihood: -1.16447e+07	(delta): 0.948253
29 (QN/Block) 	Elapsed: 602.088	Loglikelihood: -1.16447e+07	(delta): 0.233522
30 (QN/Block) 	Elapsed: 599.881	Loglikelihood: -1.16447e+07	(delta): 0.0799942
31 (QN/Block) 	Elapsed: 598.957	Loglikelihood: -1.16447e+07	(delta): 0.0262704
32 (QN/Block) 	Elapsed: 596.26	Loglikelihood: -1.16447e+07	(delta): 0.00265084
33 (QN/Block) 	Elapsed: 598.499	Loglikelihood: -1.16447e+07	(delta): 0.000722172
34 (QN/Block) 	Elapsed: 597.356	Loglikelihood: -1.16447e+07	(delta): 0.000387799
35 (QN/Block) 	Elapsed: 598.276	Loglikelihood: -1.16447e+07	(delta): 0.000179032
36 (QN/Block) 	Elapsed: 598	Loglikelihood: -1.16447e+07	(delta): 2.81632e-05
Summary: 
Converged in 36 iterations (22884.4 sec)
Loglikelihood: -11644707.427008
Fst divergences between estimated populations: 
	Pop0	Pop1	Pop2	Pop3	Pop4	Pop5	Pop6	Pop7	Pop8	Pop9	Pop10	Pop11	Pop12	Pop13	Pop14	Pop15	Pop16	Pop17	Pop18	Pop19	Pop20	Pop21	Pop22	Pop23	Pop24	Pop25	Pop26	Pop27	Pop28	
Pop0	
Pop1	0.695	
Pop2	0.561	0.682	
Pop3	0.549	0.755	0.683	
Pop4	0.622	0.662	0.617	0.684	
Pop5	0.384	0.631	0.515	0.415	0.571	
Pop6	0.217	0.723	0.602	0.617	0.648	0.420	
Pop7	0.805	0.801	0.800	0.837	0.763	0.751	0.824	
Pop8	0.589	0.633	0.592	0.642	0.579	0.553	0.610	0.713	
Pop9	0.290	0.715	0.601	0.594	0.642	0.405	0.328	0.817	0.607	
Pop10	0.292	0.684	0.561	0.409	0.614	0.348	0.367	0.794	0.585	0.360	
Pop11	0.363	0.730	0.629	0.641	0.657	0.457	0.431	0.824	0.620	0.445	0.412	
Pop12	0.661	0.692	0.654	0.723	0.311	0.603	0.689	0.785	0.604	0.683	0.651	0.698	
Pop13	0.750	0.587	0.738	0.809	0.700	0.675	0.782	0.830	0.665	0.771	0.736	0.786	0.732	
Pop14	0.559	0.684	0.219	0.685	0.617	0.512	0.602	0.802	0.592	0.600	0.560	0.629	0.655	0.741	
Pop15	0.756	0.768	0.751	0.819	0.703	0.676	0.790	0.828	0.640	0.780	0.739	0.795	0.739	0.814	0.755	
Pop16	0.834	0.825	0.828	0.866	0.786	0.775	0.854	0.471	0.733	0.846	0.821	0.854	0.809	0.855	0.831	0.856	
Pop17	0.293	0.696	0.578	0.501	0.625	0.386	0.373	0.801	0.592	0.387	0.210	0.408	0.662	0.748	0.576	0.753	0.829	
Pop18	0.159	0.720	0.590	0.596	0.643	0.403	0.222	0.823	0.605	0.318	0.327	0.410	0.685	0.780	0.589	0.789	0.854	0.351	
Pop19	0.209	0.721	0.595	0.603	0.644	0.410	0.204	0.823	0.607	0.279	0.353	0.417	0.686	0.779	0.594	0.789	0.853	0.360	0.178	
Pop20	0.505	0.747	0.663	0.698	0.675	0.503	0.572	0.834	0.635	0.565	0.522	0.593	0.714	0.802	0.665	0.812	0.863	0.536	0.552	0.548	
Pop21	0.459	0.737	0.647	0.447	0.664	0.402	0.531	0.827	0.625	0.519	0.326	0.579	0.703	0.791	0.648	0.800	0.856	0.415	0.505	0.516	0.650	
Pop22	0.588	0.697	0.309	0.705	0.631	0.533	0.630	0.809	0.603	0.627	0.584	0.654	0.670	0.754	0.293	0.767	0.837	0.601	0.619	0.623	0.687	0.670	
Pop23	0.277	0.632	0.489	0.483	0.565	0.354	0.315	0.758	0.547	0.330	0.320	0.352	0.599	0.679	0.485	0.678	0.783	0.326	0.293	0.293	0.319	0.428	0.509	
Pop24	0.747	0.753	0.744	0.780	0.716	0.701	0.765	0.629	0.669	0.759	0.739	0.767	0.737	0.780	0.745	0.773	0.660	0.746	0.763	0.763	0.777	0.770	0.752	0.705	
Pop25	0.541	0.675	0.205	0.670	0.607	0.500	0.583	0.797	0.584	0.583	0.544	0.612	0.645	0.732	0.172	0.745	0.825	0.560	0.570	0.575	0.649	0.632	0.245	0.469	0.740	
Pop26	0.645	0.672	0.642	0.696	0.615	0.598	0.666	0.750	0.570	0.661	0.637	0.673	0.642	0.708	0.643	0.675	0.772	0.646	0.663	0.664	0.689	0.679	0.654	0.595	0.705	0.635	
Pop27	0.838	0.828	0.832	0.869	0.789	0.778	0.858	0.735	0.736	0.850	0.825	0.858	0.812	0.859	0.835	0.859	0.770	0.833	0.858	0.857	0.867	0.860	0.841	0.787	0.499	0.829	0.775	
Pop28	0.171	0.660	0.521	0.492	0.592	0.344	0.266	0.779	0.563	0.311	0.260	0.340	0.628	0.711	0.519	0.713	0.806	0.253	0.233	0.248	0.454	0.416	0.545	0.256	0.724	0.503	0.618	0.810	
Pop29	0.489	0.549	0.487	0.546	0.507	0.465	0.506	0.664	0.482	0.504	0.489	0.519	0.530	0.582	0.485	0.570	0.682	0.496	0.499	0.502	0.538	0.527	0.499	0.455	0.622	0.478	0.517	0.684	0.471	
CV error (K=30): 0.04817
Writing output files.
