****                   ADMIXTURE Version 1.3.0                  ****
****                    Copyright 2008-2015                     ****
****           David Alexander, Suyash Shringarpure,            ****
****                John  Novembre, Ken Lange                   ****
****                                                            ****
****                 Please cite our paper!                     ****
****   Information at www.genetics.ucla.edu/software/admixture  ****

Cross-validation will be performed.  Folds=10.
Parallel execution requested.  Will use 24 threads.
Random seed: 1853
Point estimation method: Block relaxation algorithm
Convergence acceleration algorithm: QuasiNewton, 3 secant conditions
Point estimation will terminate when objective function delta < 0.0001
Estimation of standard errors disabled; will compute point estimates only.
Size of G: 713x578311
Performing five EM steps to prime main algorithm
1 (EM) 	Elapsed: 257.886	Loglikelihood: -5.28787e+07	(delta): 5.32518e+08
2 (EM) 	Elapsed: 259.151	Loglikelihood: -4.57651e+07	(delta): 7.11363e+06
3 (EM) 	Elapsed: 256.046	Loglikelihood: -4.50359e+07	(delta): 729248
4 (EM) 	Elapsed: 258.215	Loglikelihood: -4.4633e+07	(delta): 402819
5 (EM) 	Elapsed: 256.038	Loglikelihood: -4.42922e+07	(delta): 340790
Initial loglikelihood: -4.42922e+07
Starting main algorithm
1 (QN/Block) 	Elapsed: 403.402	Loglikelihood: -2.55337e+07	(delta): 1.87586e+07
2 (QN/Block) 	Elapsed: 404.861	Loglikelihood: -1.78259e+07	(delta): 7.7078e+06
3 (QN/Block) 	Elapsed: 407.472	Loglikelihood: -1.57509e+07	(delta): 2.07498e+06
4 (QN/Block) 	Elapsed: 406.646	Loglikelihood: -1.46431e+07	(delta): 1.10783e+06
5 (QN/Block) 	Elapsed: 404.068	Loglikelihood: -1.40552e+07	(delta): 587904
6 (QN/Block) 	Elapsed: 391.118	Loglikelihood: -1.37734e+07	(delta): 281811
7 (QN/Block) 	Elapsed: 401.862	Loglikelihood: -1.36375e+07	(delta): 135898
8 (QN/Block) 	Elapsed: 413.573	Loglikelihood: -1.35677e+07	(delta): 69767.1
9 (QN/Block) 	Elapsed: 407.31	Loglikelihood: -1.3525e+07	(delta): 42677.4
10 (QN/Block) 	Elapsed: 410.856	Loglikelihood: -1.34627e+07	(delta): 62290.2
11 (QN/Block) 	Elapsed: 412.183	Loglikelihood: -1.33824e+07	(delta): 80335.7
12 (QN/Block) 	Elapsed: 412.456	Loglikelihood: -1.3368e+07	(delta): 14444.3
13 (QN/Block) 	Elapsed: 413.609	Loglikelihood: -1.33622e+07	(delta): 5765.02
14 (QN/Block) 	Elapsed: 414.669	Loglikelihood: -1.33577e+07	(delta): 4516.42
15 (QN/Block) 	Elapsed: 414.899	Loglikelihood: -1.33047e+07	(delta): 52998.8
16 (QN/Block) 	Elapsed: 403.979	Loglikelihood: -1.32083e+07	(delta): 96353.7
17 (QN/Block) 	Elapsed: 411.402	Loglikelihood: -1.31633e+07	(delta): 44979
18 (QN/Block) 	Elapsed: 406.04	Loglikelihood: -1.3125e+07	(delta): 38329.9
19 (QN/Block) 	Elapsed: 408.292	Loglikelihood: -1.31006e+07	(delta): 24367.9
20 (QN/Block) 	Elapsed: 426.057	Loglikelihood: -1.30885e+07	(delta): 12121.7
21 (QN/Block) 	Elapsed: 417.252	Loglikelihood: -1.30814e+07	(delta): 7163.05
22 (QN/Block) 	Elapsed: 418.254	Loglikelihood: -1.30788e+07	(delta): 2599.57
23 (QN/Block) 	Elapsed: 416.307	Loglikelihood: -1.30773e+07	(delta): 1421.03
24 (QN/Block) 	Elapsed: 417.749	Loglikelihood: -1.30765e+07	(delta): 831.096
25 (QN/Block) 	Elapsed: 407.84	Loglikelihood: -1.30763e+07	(delta): 173.164
26 (QN/Block) 	Elapsed: 417.115	Loglikelihood: -1.30763e+07	(delta): 44.7115
27 (QN/Block) 	Elapsed: 406.926	Loglikelihood: -1.30763e+07	(delta): 16.9789
28 (QN/Block) 	Elapsed: 409.765	Loglikelihood: -1.30763e+07	(delta): 6.31295
29 (QN/Block) 	Elapsed: 407.616	Loglikelihood: -1.30763e+07	(delta): 6.00804
30 (QN/Block) 	Elapsed: 412.245	Loglikelihood: -1.30763e+07	(delta): 0.822969
31 (QN/Block) 	Elapsed: 407.455	Loglikelihood: -1.30763e+07	(delta): 0.677992
32 (QN/Block) 	Elapsed: 410.425	Loglikelihood: -1.30763e+07	(delta): 0.190316
33 (QN/Block) 	Elapsed: 406.131	Loglikelihood: -1.30763e+07	(delta): 0.0695264
34 (QN/Block) 	Elapsed: 413.873	Loglikelihood: -1.30763e+07	(delta): 0.030991
35 (QN/Block) 	Elapsed: 411.796	Loglikelihood: -1.30763e+07	(delta): 0.0353228
36 (QN/Block) 	Elapsed: 414.914	Loglikelihood: -1.30763e+07	(delta): 0.00822874
37 (QN/Block) 	Elapsed: 415.25	Loglikelihood: -1.30763e+07	(delta): 0.00424598
38 (QN/Block) 	Elapsed: 419.225	Loglikelihood: -1.30763e+07	(delta): 0.00262236
39 (QN/Block) 	Elapsed: 412.707	Loglikelihood: -1.30763e+07	(delta): 0.00184476
40 (QN/Block) 	Elapsed: 409.541	Loglikelihood: -1.30763e+07	(delta): 0.000424592
41 (QN/Block) 	Elapsed: 413.452	Loglikelihood: -1.30763e+07	(delta): 0.000161305
42 (QN/Block) 	Elapsed: 413.815	Loglikelihood: -1.30763e+07	(delta): 4.21777e-05
Summary: 
Converged in 42 iterations (18562.6 sec)
Loglikelihood: -13076255.059047
Fst divergences between estimated populations: 
	Pop0	Pop1	Pop2	Pop3	Pop4	Pop5	Pop6	Pop7	Pop8	Pop9	Pop10	Pop11	Pop12	Pop13	Pop14	Pop15	Pop16	Pop17	Pop18	
Pop0	
Pop1	0.313	
Pop2	0.784	0.800	
Pop3	0.283	0.185	0.792	
Pop4	0.660	0.674	0.761	0.666	
Pop5	0.728	0.753	0.814	0.741	0.723	
Pop6	0.589	0.600	0.742	0.593	0.634	0.676	
Pop7	0.344	0.382	0.742	0.378	0.617	0.667	0.551	
Pop8	0.781	0.809	0.844	0.796	0.751	0.843	0.720	0.712	
Pop9	0.536	0.538	0.780	0.531	0.653	0.723	0.577	0.496	0.770	
Pop10	0.323	0.472	0.819	0.454	0.704	0.790	0.639	0.401	0.842	0.621	
Pop11	0.317	0.265	0.751	0.268	0.620	0.672	0.545	0.354	0.725	0.469	0.429	
Pop12	0.520	0.523	0.685	0.520	0.576	0.604	0.512	0.493	0.636	0.501	0.561	0.486	
Pop13	0.203	0.303	0.787	0.264	0.663	0.733	0.593	0.376	0.785	0.540	0.398	0.311	0.523	
Pop14	0.314	0.121	0.807	0.141	0.682	0.766	0.608	0.393	0.823	0.548	0.488	0.276	0.529	0.312	
Pop15	0.406	0.563	0.829	0.545	0.720	0.811	0.662	0.415	0.860	0.660	0.451	0.487	0.581	0.490	0.583	
Pop16	0.527	0.528	0.780	0.520	0.651	0.722	0.573	0.488	0.770	0.161	0.615	0.461	0.497	0.532	0.538	0.655	
Pop17	0.824	0.843	0.724	0.835	0.792	0.853	0.775	0.778	0.882	0.821	0.861	0.789	0.714	0.827	0.851	0.871	0.821	
Pop18	0.583	0.592	0.705	0.585	0.614	0.634	0.562	0.551	0.685	0.579	0.626	0.548	0.520	0.585	0.598	0.643	0.576	0.737	
Pop19	0.724	0.737	0.605	0.731	0.714	0.755	0.693	0.689	0.785	0.721	0.756	0.695	0.642	0.727	0.743	0.767	0.720	0.480	0.659	
CV error (K=20): 0.04853
Writing output files.
