****                   ADMIXTURE Version 1.3.0                  ****
****                    Copyright 2008-2015                     ****
****           David Alexander, Suyash Shringarpure,            ****
****                John  Novembre, Ken Lange                   ****
****                                                            ****
****                 Please cite our paper!                     ****
****   Information at www.genetics.ucla.edu/software/admixture  ****

Cross-validation will be performed.  Folds=10.
Parallel execution requested.  Will use 24 threads.
Random seed: 1884
Point estimation method: Block relaxation algorithm
Convergence acceleration algorithm: QuasiNewton, 3 secant conditions
Point estimation will terminate when objective function delta < 0.0001
Estimation of standard errors disabled; will compute point estimates only.
Size of G: 713x578311
Performing five EM steps to prime main algorithm
1 (EM) 	Elapsed: 309.438	Loglikelihood: -5.28239e+07	(delta): 5.30185e+08
2 (EM) 	Elapsed: 309.944	Loglikelihood: -4.56436e+07	(delta): 7.18023e+06
3 (EM) 	Elapsed: 310.175	Loglikelihood: -4.48928e+07	(delta): 750829
4 (EM) 	Elapsed: 308.361	Loglikelihood: -4.44686e+07	(delta): 424214
5 (EM) 	Elapsed: 313.791	Loglikelihood: -4.41012e+07	(delta): 367355
Initial loglikelihood: -4.41012e+07
Starting main algorithm
1 (QN/Block) 	Elapsed: 470.001	Loglikelihood: -2.41771e+07	(delta): 1.99242e+07
2 (QN/Block) 	Elapsed: 506.279	Loglikelihood: -1.7639e+07	(delta): 6.53803e+06
3 (QN/Block) 	Elapsed: 530.59	Loglikelihood: -1.53849e+07	(delta): 2.25408e+06
4 (QN/Block) 	Elapsed: 525.388	Loglikelihood: -1.40852e+07	(delta): 1.2997e+06
5 (QN/Block) 	Elapsed: 525.811	Loglikelihood: -1.31893e+07	(delta): 895936
6 (QN/Block) 	Elapsed: 535.268	Loglikelihood: -1.27958e+07	(delta): 393487
7 (QN/Block) 	Elapsed: 535.04	Loglikelihood: -1.26405e+07	(delta): 155315
8 (QN/Block) 	Elapsed: 534.216	Loglikelihood: -1.25534e+07	(delta): 87110.5
9 (QN/Block) 	Elapsed: 534.159	Loglikelihood: -1.25002e+07	(delta): 53160.1
10 (QN/Block) 	Elapsed: 533.011	Loglikelihood: -1.24584e+07	(delta): 41821.5
11 (QN/Block) 	Elapsed: 532.243	Loglikelihood: -1.24431e+07	(delta): 15323
12 (QN/Block) 	Elapsed: 538.597	Loglikelihood: -1.24373e+07	(delta): 5766.54
13 (QN/Block) 	Elapsed: 535.32	Loglikelihood: -1.2434e+07	(delta): 3361.02
14 (QN/Block) 	Elapsed: 533.765	Loglikelihood: -1.2432e+07	(delta): 1922.16
15 (QN/Block) 	Elapsed: 533.475	Loglikelihood: -1.24311e+07	(delta): 981.532
16 (QN/Block) 	Elapsed: 538.743	Loglikelihood: -1.24306e+07	(delta): 434.151
17 (QN/Block) 	Elapsed: 536.327	Loglikelihood: -1.24299e+07	(delta): 698.425
18 (QN/Block) 	Elapsed: 535.073	Loglikelihood: -1.24298e+07	(delta): 145.232
19 (QN/Block) 	Elapsed: 534.913	Loglikelihood: -1.24297e+07	(delta): 74.3705
20 (QN/Block) 	Elapsed: 543.203	Loglikelihood: -1.24297e+07	(delta): 32.2978
21 (QN/Block) 	Elapsed: 536.898	Loglikelihood: -1.24296e+07	(delta): 28.3015
22 (QN/Block) 	Elapsed: 535.581	Loglikelihood: -1.24295e+07	(delta): 116.83
23 (QN/Block) 	Elapsed: 524.502	Loglikelihood: -1.24294e+07	(delta): 151.891
24 (QN/Block) 	Elapsed: 523.371	Loglikelihood: -1.24292e+07	(delta): 138.646
25 (QN/Block) 	Elapsed: 528.685	Loglikelihood: -1.24291e+07	(delta): 132.229
26 (QN/Block) 	Elapsed: 520.352	Loglikelihood: -1.24291e+07	(delta): 8.20847
27 (QN/Block) 	Elapsed: 531.96	Loglikelihood: -1.24291e+07	(delta): 2.31391
28 (QN/Block) 	Elapsed: 520.96	Loglikelihood: -1.24291e+07	(delta): 0.157069
29 (QN/Block) 	Elapsed: 530.819	Loglikelihood: -1.24291e+07	(delta): 0.0187837
30 (QN/Block) 	Elapsed: 524.422	Loglikelihood: -1.24291e+07	(delta): 0.00278114
31 (QN/Block) 	Elapsed: 526.831	Loglikelihood: -1.24291e+07	(delta): 0.000710219
32 (QN/Block) 	Elapsed: 523.688	Loglikelihood: -1.24291e+07	(delta): 1.18297e-05
Summary: 
Converged in 32 iterations (18495.7 sec)
Loglikelihood: -12429099.412546
Fst divergences between estimated populations: 
	Pop0	Pop1	Pop2	Pop3	Pop4	Pop5	Pop6	Pop7	Pop8	Pop9	Pop10	Pop11	Pop12	Pop13	Pop14	Pop15	Pop16	Pop17	Pop18	Pop19	Pop20	Pop21	Pop22	
Pop0	
Pop1	0.781	
Pop2	0.530	0.730	
Pop3	0.659	0.705	0.582	
Pop4	0.590	0.761	0.363	0.613	
Pop5	0.492	0.718	0.439	0.581	0.477	
Pop6	0.496	0.714	0.295	0.552	0.302	0.431	
Pop7	0.420	0.766	0.459	0.631	0.484	0.468	0.426	
Pop8	0.552	0.750	0.341	0.598	0.182	0.461	0.279	0.444	
Pop9	0.641	0.670	0.577	0.562	0.603	0.579	0.554	0.619	0.590	
Pop10	0.904	0.556	0.845	0.804	0.890	0.823	0.829	0.890	0.876	0.765	
Pop11	0.806	0.770	0.712	0.676	0.769	0.696	0.681	0.779	0.748	0.634	0.888	
Pop12	0.514	0.740	0.330	0.587	0.206	0.444	0.286	0.414	0.159	0.579	0.862	0.729	
Pop13	0.511	0.600	0.454	0.465	0.464	0.462	0.431	0.487	0.456	0.456	0.684	0.533	0.450	
Pop14	0.437	0.710	0.397	0.562	0.427	0.304	0.381	0.414	0.409	0.561	0.818	0.681	0.392	0.445	
Pop15	0.892	0.546	0.834	0.795	0.878	0.813	0.818	0.878	0.864	0.756	0.521	0.876	0.850	0.676	0.808	
Pop16	0.589	0.764	0.364	0.615	0.150	0.478	0.297	0.478	0.144	0.603	0.895	0.775	0.204	0.463	0.425	0.882	
Pop17	0.669	0.709	0.593	0.579	0.624	0.591	0.566	0.643	0.610	0.578	0.806	0.687	0.598	0.471	0.573	0.797	0.626	
Pop18	0.664	0.739	0.532	0.583	0.569	0.551	0.488	0.616	0.547	0.584	0.860	0.730	0.532	0.448	0.520	0.849	0.569	0.589	
Pop19	0.466	0.743	0.362	0.594	0.315	0.451	0.320	0.354	0.293	0.586	0.864	0.734	0.222	0.457	0.388	0.852	0.320	0.606	0.550	
Pop20	0.827	0.620	0.773	0.742	0.809	0.757	0.756	0.812	0.797	0.705	0.767	0.814	0.785	0.632	0.750	0.753	0.813	0.746	0.784	0.788	
Pop21	0.671	0.743	0.535	0.586	0.573	0.554	0.490	0.623	0.551	0.586	0.866	0.737	0.535	0.448	0.522	0.854	0.574	0.592	0.206	0.554	0.789	
Pop22	0.674	0.744	0.537	0.587	0.576	0.556	0.492	0.625	0.552	0.587	0.867	0.738	0.537	0.449	0.524	0.855	0.577	0.593	0.216	0.556	0.790	0.184	
Pop23	0.561	0.753	0.353	0.603	0.182	0.455	0.291	0.459	0.204	0.595	0.880	0.755	0.246	0.458	0.410	0.868	0.198	0.614	0.555	0.318	0.801	0.559	0.562	
CV error (K=24): 0.04755
Writing output files.
