****                   ADMIXTURE Version 1.3.0                  ****
****                    Copyright 2008-2015                     ****
****           David Alexander, Suyash Shringarpure,            ****
****                John  Novembre, Ken Lange                   ****
****                                                            ****
****                 Please cite our paper!                     ****
****   Information at www.genetics.ucla.edu/software/admixture  ****

Cross-validation will be performed.  Folds=10.
Parallel execution requested.  Will use 24 threads.
Random seed: 1322
Point estimation method: Block relaxation algorithm
Convergence acceleration algorithm: QuasiNewton, 3 secant conditions
Point estimation will terminate when objective function delta < 0.0001
Estimation of standard errors disabled; will compute point estimates only.
Size of G: 713x578311
Performing five EM steps to prime main algorithm
1 (EM) 	Elapsed: 131.218	Loglikelihood: -5.28179e+07	(delta): 5.36957e+08
2 (EM) 	Elapsed: 131.045	Loglikelihood: -4.58671e+07	(delta): 6.95086e+06
3 (EM) 	Elapsed: 130.643	Loglikelihood: -4.51446e+07	(delta): 722458
4 (EM) 	Elapsed: 130.866	Loglikelihood: -4.47285e+07	(delta): 416119
5 (EM) 	Elapsed: 130.607	Loglikelihood: -4.43521e+07	(delta): 376429
Initial loglikelihood: -4.43521e+07
Starting main algorithm
1 (QN/Block) 	Elapsed: 291.337	Loglikelihood: -2.60888e+07	(delta): 1.82632e+07
2 (QN/Block) 	Elapsed: 287.725	Loglikelihood: -1.95321e+07	(delta): 6.55677e+06
3 (QN/Block) 	Elapsed: 288.915	Loglikelihood: -1.75086e+07	(delta): 2.02347e+06
4 (QN/Block) 	Elapsed: 285.807	Loglikelihood: -1.62022e+07	(delta): 1.3064e+06
5 (QN/Block) 	Elapsed: 285.353	Loglikelihood: -1.51985e+07	(delta): 1.00366e+06
6 (QN/Block) 	Elapsed: 286.16	Loglikelihood: -1.48435e+07	(delta): 355088
7 (QN/Block) 	Elapsed: 284.974	Loglikelihood: -1.47292e+07	(delta): 114269
8 (QN/Block) 	Elapsed: 285.617	Loglikelihood: -1.46835e+07	(delta): 45661.8
9 (QN/Block) 	Elapsed: 298.65	Loglikelihood: -1.46587e+07	(delta): 24804.7
10 (QN/Block) 	Elapsed: 321.539	Loglikelihood: -1.46426e+07	(delta): 16105.4
11 (QN/Block) 	Elapsed: 324.269	Loglikelihood: -1.46345e+07	(delta): 8152.96
12 (QN/Block) 	Elapsed: 313.199	Loglikelihood: -1.46326e+07	(delta): 1865.91
13 (QN/Block) 	Elapsed: 313.081	Loglikelihood: -1.46322e+07	(delta): 346.057
14 (QN/Block) 	Elapsed: 312.439	Loglikelihood: -1.4632e+07	(delta): 200.541
15 (QN/Block) 	Elapsed: 311.136	Loglikelihood: -1.4632e+07	(delta): 36.278
16 (QN/Block) 	Elapsed: 310.996	Loglikelihood: -1.4632e+07	(delta): 17.1941
17 (QN/Block) 	Elapsed: 312.815	Loglikelihood: -1.4632e+07	(delta): 5.41119
18 (QN/Block) 	Elapsed: 312.384	Loglikelihood: -1.4632e+07	(delta): 4.0659
19 (QN/Block) 	Elapsed: 314.028	Loglikelihood: -1.46318e+07	(delta): 213.343
20 (QN/Block) 	Elapsed: 313.173	Loglikelihood: -1.46299e+07	(delta): 1865.62
21 (QN/Block) 	Elapsed: 311.872	Loglikelihood: -1.46293e+07	(delta): 629.906
22 (QN/Block) 	Elapsed: 309.68	Loglikelihood: -1.46289e+07	(delta): 360.437
23 (QN/Block) 	Elapsed: 313.121	Loglikelihood: -1.46287e+07	(delta): 188.899
24 (QN/Block) 	Elapsed: 310.189	Loglikelihood: -1.46287e+07	(delta): 17.0761
25 (QN/Block) 	Elapsed: 313.103	Loglikelihood: -1.46287e+07	(delta): 17.4921
26 (QN/Block) 	Elapsed: 310.527	Loglikelihood: -1.46287e+07	(delta): 12.8201
27 (QN/Block) 	Elapsed: 310.497	Loglikelihood: -1.46286e+07	(delta): 40.8435
28 (QN/Block) 	Elapsed: 310.554	Loglikelihood: -1.46286e+07	(delta): 2.37266
29 (QN/Block) 	Elapsed: 314.577	Loglikelihood: -1.46286e+07	(delta): 0.166474
30 (QN/Block) 	Elapsed: 309.538	Loglikelihood: -1.46286e+07	(delta): 0.0858782
31 (QN/Block) 	Elapsed: 308.421	Loglikelihood: -1.46286e+07	(delta): 0.0118019
32 (QN/Block) 	Elapsed: 311.303	Loglikelihood: -1.46286e+07	(delta): 0.00550572
33 (QN/Block) 	Elapsed: 310.301	Loglikelihood: -1.46286e+07	(delta): 0.000927974
34 (QN/Block) 	Elapsed: 306.245	Loglikelihood: -1.46286e+07	(delta): 4.20921e-05
Summary: 
Converged in 34 iterations (11077.2 sec)
Loglikelihood: -14628635.724153
Fst divergences between estimated populations: 
	Pop0	Pop1	Pop2	Pop3	Pop4	Pop5	Pop6	Pop7	Pop8	Pop9	Pop10	Pop11	Pop12	Pop13	
Pop0	
Pop1	0.523	
Pop2	0.537	0.539	
Pop3	0.454	0.658	0.611	
Pop4	0.816	0.824	0.744	0.866	
Pop5	0.505	0.167	0.529	0.643	0.820	
Pop6	0.255	0.545	0.555	0.554	0.844	0.524	
Pop7	0.352	0.501	0.516	0.407	0.778	0.486	0.382	
Pop8	0.717	0.723	0.667	0.764	0.480	0.719	0.737	0.689	
Pop9	0.276	0.467	0.504	0.469	0.784	0.450	0.257	0.347	0.691	
Pop10	0.776	0.783	0.713	0.825	0.724	0.779	0.801	0.742	0.605	0.746	
Pop11	0.239	0.543	0.554	0.549	0.843	0.521	0.120	0.382	0.737	0.255	0.800	
Pop12	0.324	0.322	0.344	0.387	0.582	0.311	0.326	0.327	0.519	0.307	0.556	0.324	
Pop13	0.344	0.609	0.583	0.404	0.852	0.593	0.444	0.382	0.749	0.399	0.810	0.437	0.361	
Pop14	0.712	0.726	0.633	0.801	0.852	0.718	0.752	0.666	0.754	0.663	0.813	0.751	0.417	0.773	
CV error (K=15): 0.05087
Writing output files.
