****                   ADMIXTURE Version 1.3.0                  ****
****                    Copyright 2008-2015                     ****
****           David Alexander, Suyash Shringarpure,            ****
****                John  Novembre, Ken Lange                   ****
****                                                            ****
****                 Please cite our paper!                     ****
****   Information at www.genetics.ucla.edu/software/admixture  ****

Cross-validation will be performed.  Folds=10.
Parallel execution requested.  Will use 24 threads.
Random seed: 1230
Point estimation method: Block relaxation algorithm
Convergence acceleration algorithm: QuasiNewton, 3 secant conditions
Point estimation will terminate when objective function delta < 0.0001
Estimation of standard errors disabled; will compute point estimates only.
Size of G: 713x578311
Performing five EM steps to prime main algorithm
1 (EM) 	Elapsed: 110.741	Loglikelihood: -5.27613e+07	(delta): 5.39916e+08
2 (EM) 	Elapsed: 110.769	Loglikelihood: -4.58673e+07	(delta): 6.89402e+06
3 (EM) 	Elapsed: 109.653	Loglikelihood: -4.51414e+07	(delta): 725902
4 (EM) 	Elapsed: 109.565	Loglikelihood: -4.47326e+07	(delta): 408845
5 (EM) 	Elapsed: 110.607	Loglikelihood: -4.43822e+07	(delta): 350343
Initial loglikelihood: -4.43822e+07
Starting main algorithm
1 (QN/Block) 	Elapsed: 258.386	Loglikelihood: -2.69412e+07	(delta): 1.74411e+07
2 (QN/Block) 	Elapsed: 267.705	Loglikelihood: -1.95657e+07	(delta): 7.37543e+06
3 (QN/Block) 	Elapsed: 255.503	Loglikelihood: -1.78974e+07	(delta): 1.66829e+06
4 (QN/Block) 	Elapsed: 250.734	Loglikelihood: -1.63615e+07	(delta): 1.53596e+06
5 (QN/Block) 	Elapsed: 252.079	Loglikelihood: -1.57229e+07	(delta): 638580
6 (QN/Block) 	Elapsed: 252.393	Loglikelihood: -1.53619e+07	(delta): 360973
7 (QN/Block) 	Elapsed: 253.398	Loglikelihood: -1.52545e+07	(delta): 107431
8 (QN/Block) 	Elapsed: 252.649	Loglikelihood: -1.52268e+07	(delta): 27742.8
9 (QN/Block) 	Elapsed: 253.486	Loglikelihood: -1.5218e+07	(delta): 8727.12
10 (QN/Block) 	Elapsed: 253.509	Loglikelihood: -1.52155e+07	(delta): 2574.29
11 (QN/Block) 	Elapsed: 250.366	Loglikelihood: -1.52142e+07	(delta): 1249.54
12 (QN/Block) 	Elapsed: 252.968	Loglikelihood: -1.52138e+07	(delta): 453.049
13 (QN/Block) 	Elapsed: 255.008	Loglikelihood: -1.52136e+07	(delta): 105.152
14 (QN/Block) 	Elapsed: 253.205	Loglikelihood: -1.52136e+07	(delta): 24.2504
15 (QN/Block) 	Elapsed: 256.214	Loglikelihood: -1.52136e+07	(delta): 1.43933
16 (QN/Block) 	Elapsed: 263.29	Loglikelihood: -1.52136e+07	(delta): 0.912581
17 (QN/Block) 	Elapsed: 262.606	Loglikelihood: -1.52136e+07	(delta): 0.723584
18 (QN/Block) 	Elapsed: 260.668	Loglikelihood: -1.52136e+07	(delta): 0.0123694
19 (QN/Block) 	Elapsed: 258.855	Loglikelihood: -1.52136e+07	(delta): 0.0194628
20 (QN/Block) 	Elapsed: 259.353	Loglikelihood: -1.52136e+07	(delta): 0.0270995
21 (QN/Block) 	Elapsed: 267.548	Loglikelihood: -1.52136e+07	(delta): 0.00105846
22 (QN/Block) 	Elapsed: 279.885	Loglikelihood: -1.52136e+07	(delta): 0.000484474
23 (QN/Block) 	Elapsed: 267.973	Loglikelihood: -1.52136e+07	(delta): 0.000233421
24 (QN/Block) 	Elapsed: 274.645	Loglikelihood: -1.52136e+07	(delta): 0.000155756
25 (QN/Block) 	Elapsed: 275.075	Loglikelihood: -1.52136e+07	(delta): 3.73274e-06
Summary: 
Converged in 25 iterations (7052.45 sec)
Loglikelihood: -15213619.820201
Fst divergences between estimated populations: 
	Pop0	Pop1	Pop2	Pop3	Pop4	Pop5	Pop6	Pop7	Pop8	Pop9	Pop10	Pop11	
Pop0	
Pop1	0.632	
Pop2	0.667	0.345	
Pop3	0.641	0.362	0.288	
Pop4	0.751	0.707	0.735	0.719	
Pop5	0.645	0.550	0.574	0.552	0.710	
Pop6	0.705	0.339	0.317	0.401	0.756	0.610	
Pop7	0.650	0.331	0.194	0.232	0.725	0.558	0.350	
Pop8	0.707	0.382	0.221	0.282	0.760	0.602	0.415	0.156	
Pop9	0.398	0.319	0.312	0.307	0.528	0.353	0.344	0.301	0.316	
Pop10	0.683	0.498	0.513	0.484	0.743	0.580	0.579	0.483	0.543	0.312	
Pop11	0.676	0.486	0.497	0.470	0.740	0.572	0.566	0.467	0.525	0.303	0.166	
Pop12	0.796	0.750	0.782	0.764	0.646	0.750	0.804	0.772	0.812	0.556	0.791	0.789	
CV error (K=13): 0.05203
Writing output files.
