****                   ADMIXTURE Version 1.3.0                  ****
****                    Copyright 2008-2015                     ****
****           David Alexander, Suyash Shringarpure,            ****
****                John  Novembre, Ken Lange                   ****
****                                                            ****
****                 Please cite our paper!                     ****
****   Information at www.genetics.ucla.edu/software/admixture  ****

Cross-validation will be performed.  Folds=10.
Parallel execution requested.  Will use 24 threads.
Random seed: 1807
Point estimation method: Block relaxation algorithm
Convergence acceleration algorithm: QuasiNewton, 3 secant conditions
Point estimation will terminate when objective function delta < 0.0001
Estimation of standard errors disabled; will compute point estimates only.
Size of G: 713x578311
Performing five EM steps to prime main algorithm
1 (EM) 	Elapsed: 232.822	Loglikelihood: -5.28622e+07	(delta): 5.33295e+08
2 (EM) 	Elapsed: 245.316	Loglikelihood: -4.57918e+07	(delta): 7.07036e+06
3 (EM) 	Elapsed: 245.296	Loglikelihood: -4.50843e+07	(delta): 707503
4 (EM) 	Elapsed: 242.318	Loglikelihood: -4.4711e+07	(delta): 373303
5 (EM) 	Elapsed: 248.393	Loglikelihood: -4.44096e+07	(delta): 301366
Initial loglikelihood: -4.44096e+07
Starting main algorithm
1 (QN/Block) 	Elapsed: 387.281	Loglikelihood: -2.55906e+07	(delta): 1.88191e+07
2 (QN/Block) 	Elapsed: 400.098	Loglikelihood: -1.80162e+07	(delta): 7.57432e+06
3 (QN/Block) 	Elapsed: 408.458	Loglikelihood: -1.60128e+07	(delta): 2.00348e+06
4 (QN/Block) 	Elapsed: 399.588	Loglikelihood: -1.45998e+07	(delta): 1.41295e+06
5 (QN/Block) 	Elapsed: 398.348	Loglikelihood: -1.38453e+07	(delta): 754497
6 (QN/Block) 	Elapsed: 402.801	Loglikelihood: -1.3531e+07	(delta): 314352
7 (QN/Block) 	Elapsed: 393.707	Loglikelihood: -1.33606e+07	(delta): 170411
8 (QN/Block) 	Elapsed: 398.742	Loglikelihood: -1.33221e+07	(delta): 38459.1
9 (QN/Block) 	Elapsed: 401.576	Loglikelihood: -1.33122e+07	(delta): 9905.48
10 (QN/Block) 	Elapsed: 390.2	Loglikelihood: -1.33099e+07	(delta): 2284.35
11 (QN/Block) 	Elapsed: 394.43	Loglikelihood: -1.33088e+07	(delta): 1088.21
12 (QN/Block) 	Elapsed: 391.592	Loglikelihood: -1.3308e+07	(delta): 818.428
13 (QN/Block) 	Elapsed: 399.482	Loglikelihood: -1.33077e+07	(delta): 348.909
14 (QN/Block) 	Elapsed: 400.127	Loglikelihood: -1.33074e+07	(delta): 278.888
15 (QN/Block) 	Elapsed: 408.295	Loglikelihood: -1.33064e+07	(delta): 933.943
16 (QN/Block) 	Elapsed: 410.268	Loglikelihood: -1.33039e+07	(delta): 2515.97
17 (QN/Block) 	Elapsed: 403.29	Loglikelihood: -1.33017e+07	(delta): 2238.7
18 (QN/Block) 	Elapsed: 412.071	Loglikelihood: -1.33004e+07	(delta): 1286.21
19 (QN/Block) 	Elapsed: 406.921	Loglikelihood: -1.33e+07	(delta): 427.726
20 (QN/Block) 	Elapsed: 404.477	Loglikelihood: -1.32996e+07	(delta): 380.936
21 (QN/Block) 	Elapsed: 407.369	Loglikelihood: -1.32995e+07	(delta): 94.2367
22 (QN/Block) 	Elapsed: 406.264	Loglikelihood: -1.32995e+07	(delta): 19.912
23 (QN/Block) 	Elapsed: 403.908	Loglikelihood: -1.32995e+07	(delta): 2.93139
24 (QN/Block) 	Elapsed: 388.059	Loglikelihood: -1.32995e+07	(delta): 0.599287
25 (QN/Block) 	Elapsed: 384.288	Loglikelihood: -1.32995e+07	(delta): 0.16401
26 (QN/Block) 	Elapsed: 382.915	Loglikelihood: -1.32995e+07	(delta): 0.0399137
27 (QN/Block) 	Elapsed: 383.923	Loglikelihood: -1.32995e+07	(delta): 0.011411
28 (QN/Block) 	Elapsed: 383.176	Loglikelihood: -1.32995e+07	(delta): 0.00918955
29 (QN/Block) 	Elapsed: 383.986	Loglikelihood: -1.32995e+07	(delta): 0.0100922
30 (QN/Block) 	Elapsed: 384.224	Loglikelihood: -1.32995e+07	(delta): 0.00422525
31 (QN/Block) 	Elapsed: 385.662	Loglikelihood: -1.32995e+07	(delta): 0.00123017
32 (QN/Block) 	Elapsed: 382.352	Loglikelihood: -1.32995e+07	(delta): 0.00165003
33 (QN/Block) 	Elapsed: 384.398	Loglikelihood: -1.32995e+07	(delta): 0.00022674
34 (QN/Block) 	Elapsed: 391.267	Loglikelihood: -1.32995e+07	(delta): 4.70318e-06
Summary: 
Converged in 34 iterations (14697.9 sec)
Loglikelihood: -13299470.536166
Fst divergences between estimated populations: 
	Pop0	Pop1	Pop2	Pop3	Pop4	Pop5	Pop6	Pop7	Pop8	Pop9	Pop10	Pop11	Pop12	Pop13	Pop14	Pop15	Pop16	Pop17	
Pop0	
Pop1	0.591	
Pop2	0.711	0.693	
Pop3	0.468	0.586	0.725	
Pop4	0.602	0.579	0.697	0.599	
Pop5	0.798	0.775	0.480	0.828	0.778	
Pop6	0.463	0.591	0.726	0.240	0.603	0.826	
Pop7	0.506	0.613	0.746	0.158	0.624	0.855	0.312	
Pop8	0.460	0.440	0.567	0.433	0.460	0.634	0.440	0.447	
Pop9	0.473	0.589	0.727	0.170	0.601	0.829	0.249	0.207	0.437	
Pop10	0.503	0.492	0.613	0.482	0.498	0.684	0.488	0.497	0.373	0.484	
Pop11	0.762	0.742	0.605	0.786	0.746	0.724	0.785	0.811	0.606	0.788	0.655	
Pop12	0.360	0.576	0.707	0.414	0.587	0.798	0.405	0.447	0.444	0.419	0.485	0.761	
Pop13	0.429	0.546	0.695	0.269	0.559	0.789	0.310	0.284	0.415	0.271	0.457	0.751	0.391	
Pop14	0.556	0.573	0.720	0.511	0.579	0.821	0.528	0.545	0.431	0.516	0.471	0.780	0.526	0.462	
Pop15	0.561	0.577	0.721	0.521	0.583	0.821	0.536	0.555	0.436	0.526	0.476	0.780	0.533	0.470	0.161	
Pop16	0.492	0.603	0.739	0.198	0.615	0.845	0.302	0.138	0.443	0.208	0.492	0.802	0.433	0.274	0.533	0.543	
Pop17	0.704	0.674	0.754	0.728	0.685	0.852	0.728	0.769	0.483	0.731	0.564	0.813	0.697	0.671	0.720	0.721	0.754	
Pop18	0.464	0.613	0.738	0.396	0.625	0.838	0.314	0.444	0.460	0.399	0.508	0.797	0.387	0.393	0.573	0.580	0.429	0.751	
CV error (K=19): 0.04891
Writing output files.
