****                   ADMIXTURE Version 1.3.0                  ****
****                    Copyright 2008-2015                     ****
****           David Alexander, Suyash Shringarpure,            ****
****                John  Novembre, Ken Lange                   ****
****                                                            ****
****                 Please cite our paper!                     ****
****   Information at www.genetics.ucla.edu/software/admixture  ****

Cross-validation will be performed.  Folds=10.
Parallel execution requested.  Will use 24 threads.
Random seed: 1553
Point estimation method: Block relaxation algorithm
Convergence acceleration algorithm: QuasiNewton, 3 secant conditions
Point estimation will terminate when objective function delta < 0.0001
Estimation of standard errors disabled; will compute point estimates only.
Size of G: 713x578311
Performing five EM steps to prime main algorithm
1 (EM) 	Elapsed: 141.796	Loglikelihood: -5.2769e+07	(delta): 5.35112e+08
2 (EM) 	Elapsed: 139.592	Loglikelihood: -4.57747e+07	(delta): 6.99438e+06
3 (EM) 	Elapsed: 141.825	Loglikelihood: -4.50345e+07	(delta): 740140
4 (EM) 	Elapsed: 141.8	Loglikelihood: -4.46115e+07	(delta): 423059
5 (EM) 	Elapsed: 142.379	Loglikelihood: -4.42436e+07	(delta): 367894
Initial loglikelihood: -4.42436e+07
Starting main algorithm
1 (QN/Block) 	Elapsed: 328.442	Loglikelihood: -2.59186e+07	(delta): 1.83249e+07
2 (QN/Block) 	Elapsed: 328.335	Loglikelihood: -1.86124e+07	(delta): 7.30624e+06
3 (QN/Block) 	Elapsed: 331.783	Loglikelihood: -1.65941e+07	(delta): 2.01826e+06
4 (QN/Block) 	Elapsed: 335.332	Loglikelihood: -1.53571e+07	(delta): 1.23706e+06
5 (QN/Block) 	Elapsed: 335.458	Loglikelihood: -1.47597e+07	(delta): 597419
6 (QN/Block) 	Elapsed: 335.17	Loglikelihood: -1.4513e+07	(delta): 246623
7 (QN/Block) 	Elapsed: 335.454	Loglikelihood: -1.44007e+07	(delta): 112283
8 (QN/Block) 	Elapsed: 336.849	Loglikelihood: -1.43472e+07	(delta): 53500.1
9 (QN/Block) 	Elapsed: 339.717	Loglikelihood: -1.43218e+07	(delta): 25410.1
10 (QN/Block) 	Elapsed: 334.053	Loglikelihood: -1.43098e+07	(delta): 12060
11 (QN/Block) 	Elapsed: 331.238	Loglikelihood: -1.42769e+07	(delta): 32908.3
12 (QN/Block) 	Elapsed: 330.125	Loglikelihood: -1.42569e+07	(delta): 20013.6
13 (QN/Block) 	Elapsed: 330.115	Loglikelihood: -1.42277e+07	(delta): 29138.2
14 (QN/Block) 	Elapsed: 329.937	Loglikelihood: -1.40636e+07	(delta): 164099
15 (QN/Block) 	Elapsed: 331.289	Loglikelihood: -1.39672e+07	(delta): 96389.1
16 (QN/Block) 	Elapsed: 328.865	Loglikelihood: -1.39249e+07	(delta): 42295.1
17 (QN/Block) 	Elapsed: 329.686	Loglikelihood: -1.39006e+07	(delta): 24348.9
18 (QN/Block) 	Elapsed: 331.422	Loglikelihood: -1.38868e+07	(delta): 13806.4
19 (QN/Block) 	Elapsed: 329.285	Loglikelihood: -1.3882e+07	(delta): 4797.41
20 (QN/Block) 	Elapsed: 331.301	Loglikelihood: -1.38802e+07	(delta): 1742.47
21 (QN/Block) 	Elapsed: 328.989	Loglikelihood: -1.38783e+07	(delta): 1946.71
22 (QN/Block) 	Elapsed: 332.366	Loglikelihood: -1.38776e+07	(delta): 690.667
23 (QN/Block) 	Elapsed: 328.491	Loglikelihood: -1.38773e+07	(delta): 319.556
24 (QN/Block) 	Elapsed: 331.161	Loglikelihood: -1.38772e+07	(delta): 83.6604
25 (QN/Block) 	Elapsed: 330.192	Loglikelihood: -1.38772e+07	(delta): 8.92858
26 (QN/Block) 	Elapsed: 331.834	Loglikelihood: -1.38772e+07	(delta): 2.74181
27 (QN/Block) 	Elapsed: 329.993	Loglikelihood: -1.38772e+07	(delta): 0.19202
28 (QN/Block) 	Elapsed: 328.803	Loglikelihood: -1.38772e+07	(delta): 0.0639952
29 (QN/Block) 	Elapsed: 330.914	Loglikelihood: -1.38772e+07	(delta): 0.0218475
30 (QN/Block) 	Elapsed: 329.181	Loglikelihood: -1.38772e+07	(delta): 0.00812881
31 (QN/Block) 	Elapsed: 329.34	Loglikelihood: -1.38772e+07	(delta): 0.00982313
32 (QN/Block) 	Elapsed: 329.471	Loglikelihood: -1.38772e+07	(delta): 0.0100394
33 (QN/Block) 	Elapsed: 331.104	Loglikelihood: -1.38772e+07	(delta): 0.000460746
34 (QN/Block) 	Elapsed: 329.019	Loglikelihood: -1.38772e+07	(delta): 0.000582313
35 (QN/Block) 	Elapsed: 329.399	Loglikelihood: -1.38772e+07	(delta): 0.000122719
36 (QN/Block) 	Elapsed: 330.715	Loglikelihood: -1.38772e+07	(delta): 3.25367e-05
Summary: 
Converged in 36 iterations (12652.1 sec)
Loglikelihood: -13877186.166225
Fst divergences between estimated populations: 
	Pop0	Pop1	Pop2	Pop3	Pop4	Pop5	Pop6	Pop7	Pop8	Pop9	Pop10	Pop11	Pop12	Pop13	Pop14	Pop15	
Pop0	
Pop1	0.775	
Pop2	0.808	0.468	
Pop3	0.560	0.308	0.324	
Pop4	0.814	0.303	0.540	0.331	
Pop5	0.813	0.256	0.519	0.320	0.234	
Pop6	0.840	0.410	0.608	0.359	0.356	0.413	
Pop7	0.853	0.477	0.653	0.383	0.465	0.514	0.417	
Pop8	0.834	0.263	0.545	0.325	0.294	0.137	0.458	0.565	
Pop9	0.760	0.347	0.489	0.324	0.361	0.363	0.382	0.405	0.383	
Pop10	0.711	0.750	0.782	0.541	0.788	0.787	0.814	0.827	0.807	0.737	
Pop11	0.765	0.543	0.578	0.357	0.592	0.585	0.631	0.657	0.605	0.545	0.743	
Pop12	0.808	0.410	0.573	0.357	0.441	0.428	0.492	0.528	0.457	0.298	0.784	0.605	
Pop13	0.349	0.766	0.798	0.559	0.804	0.803	0.829	0.841	0.823	0.753	0.702	0.757	0.799	
Pop14	0.839	0.668	0.722	0.402	0.731	0.727	0.777	0.802	0.759	0.657	0.814	0.674	0.732	0.828	
Pop15	0.768	0.557	0.584	0.371	0.605	0.597	0.643	0.667	0.617	0.556	0.746	0.579	0.615	0.761	0.685	
Pop16	0.807	0.457	0.162	0.317	0.530	0.507	0.600	0.647	0.532	0.481	0.781	0.573	0.566	0.797	0.719	0.579	
CV error (K=17): 0.04964
Writing output files.
