****                   ADMIXTURE Version 1.3.0                  ****
****                    Copyright 2008-2015                     ****
****           David Alexander, Suyash Shringarpure,            ****
****                John  Novembre, Ken Lange                   ****
****                                                            ****
****                 Please cite our paper!                     ****
****   Information at www.genetics.ucla.edu/software/admixture  ****

Cross-validation will be performed.  Folds=10.
Parallel execution requested.  Will use 24 threads.
Random seed: 1853
Point estimation method: Block relaxation algorithm
Convergence acceleration algorithm: QuasiNewton, 3 secant conditions
Point estimation will terminate when objective function delta < 0.0001
Estimation of standard errors disabled; will compute point estimates only.
Size of G: 713x578311
Performing five EM steps to prime main algorithm
1 (EM) 	Elapsed: 37.637	Loglikelihood: -5.21377e+07	(delta): 5.64991e+08
2 (EM) 	Elapsed: 37.231	Loglikelihood: -4.6029e+07	(delta): 6.10865e+06
3 (EM) 	Elapsed: 36.747	Loglikelihood: -4.52887e+07	(delta): 740362
4 (EM) 	Elapsed: 36.614	Loglikelihood: -4.48464e+07	(delta): 442280
5 (EM) 	Elapsed: 36.478	Loglikelihood: -4.44759e+07	(delta): 370522
Initial loglikelihood: -4.44759e+07
Starting main algorithm
1 (QN/Block) 	Elapsed: 128.202	Loglikelihood: -3.02929e+07	(delta): 1.4183e+07
2 (QN/Block) 	Elapsed: 128.235	Loglikelihood: -2.55333e+07	(delta): 4.75956e+06
3 (QN/Block) 	Elapsed: 131.462	Loglikelihood: -2.38333e+07	(delta): 1.69999e+06
4 (QN/Block) 	Elapsed: 129.701	Loglikelihood: -2.28722e+07	(delta): 961126
5 (QN/Block) 	Elapsed: 127.89	Loglikelihood: -2.23119e+07	(delta): 560255
6 (QN/Block) 	Elapsed: 129.648	Loglikelihood: -2.21032e+07	(delta): 208689
7 (QN/Block) 	Elapsed: 127.073	Loglikelihood: -2.20505e+07	(delta): 52738.9
8 (QN/Block) 	Elapsed: 128.196	Loglikelihood: -2.2011e+07	(delta): 39458.9
9 (QN/Block) 	Elapsed: 128.016	Loglikelihood: -2.1992e+07	(delta): 19066.4
10 (QN/Block) 	Elapsed: 125.677	Loglikelihood: -2.19828e+07	(delta): 9150.77
11 (QN/Block) 	Elapsed: 129.538	Loglikelihood: -2.19787e+07	(delta): 4168.72
12 (QN/Block) 	Elapsed: 128.026	Loglikelihood: -2.19767e+07	(delta): 1992.7
13 (QN/Block) 	Elapsed: 127.974	Loglikelihood: -2.1976e+07	(delta): 704.029
14 (QN/Block) 	Elapsed: 128.819	Loglikelihood: -2.19755e+07	(delta): 469.952
15 (QN/Block) 	Elapsed: 128.259	Loglikelihood: -2.19754e+07	(delta): 118.836
16 (QN/Block) 	Elapsed: 128.232	Loglikelihood: -2.19753e+07	(delta): 41.4819
17 (QN/Block) 	Elapsed: 126.621	Loglikelihood: -2.19753e+07	(delta): 1.41005
18 (QN/Block) 	Elapsed: 125.975	Loglikelihood: -2.19753e+07	(delta): 0.00427498
19 (QN/Block) 	Elapsed: 128.689	Loglikelihood: -2.19753e+07	(delta): 0.000126116
20 (QN/Block) 	Elapsed: 128.732	Loglikelihood: -2.19753e+07	(delta): 2.06828e-05
Summary: 
Converged in 20 iterations (2757.53 sec)
Loglikelihood: -21975331.393542
Fst divergences between estimated populations: 
	Pop0	Pop1	Pop2	Pop3	Pop4	
Pop0	
Pop1	0.244	
Pop2	0.515	0.333	
Pop3	0.651	0.480	0.598	
Pop4	0.350	0.224	0.419	0.573	
Pop5	0.335	0.271	0.533	0.656	0.404	
CV error (K=6): 0.06619
Writing output files.
