****                   ADMIXTURE Version 1.3.0                  ****
****                    Copyright 2008-2015                     ****
****           David Alexander, Suyash Shringarpure,            ****
****                John  Novembre, Ken Lange                   ****
****                                                            ****
****                 Please cite our paper!                     ****
****   Information at www.genetics.ucla.edu/software/admixture  ****

Cross-validation will be performed.  Folds=10.
Parallel execution requested.  Will use 24 threads.
Random seed: 1706
Point estimation method: Block relaxation algorithm
Convergence acceleration algorithm: QuasiNewton, 3 secant conditions
Point estimation will terminate when objective function delta < 0.0001
Estimation of standard errors disabled; will compute point estimates only.
Size of G: 713x578311
Performing five EM steps to prime main algorithm
1 (EM) 	Elapsed: 358.485	Loglikelihood: -5.28373e+07	(delta): 5.29217e+08
2 (EM) 	Elapsed: 368.582	Loglikelihood: -4.56075e+07	(delta): 7.2298e+06
3 (EM) 	Elapsed: 363.424	Loglikelihood: -4.4859e+07	(delta): 748501
4 (EM) 	Elapsed: 360.066	Loglikelihood: -4.44288e+07	(delta): 430186
5 (EM) 	Elapsed: 340.433	Loglikelihood: -4.40437e+07	(delta): 385080
Initial loglikelihood: -4.40437e+07
Starting main algorithm
1 (QN/Block) 	Elapsed: 512.003	Loglikelihood: -2.40679e+07	(delta): 1.99758e+07
2 (QN/Block) 	Elapsed: 509.082	Loglikelihood: -1.67556e+07	(delta): 7.31228e+06
3 (QN/Block) 	Elapsed: 500.424	Loglikelihood: -1.45047e+07	(delta): 2.25093e+06
4 (QN/Block) 	Elapsed: 494.612	Loglikelihood: -1.3346e+07	(delta): 1.15866e+06
5 (QN/Block) 	Elapsed: 493.392	Loglikelihood: -1.27436e+07	(delta): 602468
6 (QN/Block) 	Elapsed: 489.798	Loglikelihood: -1.24387e+07	(delta): 304904
7 (QN/Block) 	Elapsed: 488.983	Loglikelihood: -1.23273e+07	(delta): 111395
8 (QN/Block) 	Elapsed: 496.457	Loglikelihood: -1.22744e+07	(delta): 52920.7
9 (QN/Block) 	Elapsed: 487.389	Loglikelihood: -1.22524e+07	(delta): 21990.9
10 (QN/Block) 	Elapsed: 489.512	Loglikelihood: -1.22393e+07	(delta): 13075.8
11 (QN/Block) 	Elapsed: 491.887	Loglikelihood: -1.22366e+07	(delta): 2668.49
12 (QN/Block) 	Elapsed: 492.563	Loglikelihood: -1.22304e+07	(delta): 6231.02
13 (QN/Block) 	Elapsed: 495.387	Loglikelihood: -1.22088e+07	(delta): 21612.3
14 (QN/Block) 	Elapsed: 487.858	Loglikelihood: -1.21801e+07	(delta): 28634.8
15 (QN/Block) 	Elapsed: 493.33	Loglikelihood: -1.21628e+07	(delta): 17366.2
16 (QN/Block) 	Elapsed: 483.231	Loglikelihood: -1.21547e+07	(delta): 8090.29
17 (QN/Block) 	Elapsed: 484.651	Loglikelihood: -1.2152e+07	(delta): 2710.47
18 (QN/Block) 	Elapsed: 489.388	Loglikelihood: -1.215e+07	(delta): 1952.75
19 (QN/Block) 	Elapsed: 491.19	Loglikelihood: -1.21497e+07	(delta): 321.831
20 (QN/Block) 	Elapsed: 490.35	Loglikelihood: -1.21496e+07	(delta): 60.2437
21 (QN/Block) 	Elapsed: 499.481	Loglikelihood: -1.21496e+07	(delta): 33.7184
22 (QN/Block) 	Elapsed: 494.676	Loglikelihood: -1.21496e+07	(delta): 6.54494
23 (QN/Block) 	Elapsed: 493.126	Loglikelihood: -1.21496e+07	(delta): 5.38218
24 (QN/Block) 	Elapsed: 497.832	Loglikelihood: -1.21496e+07	(delta): 2.12058
25 (QN/Block) 	Elapsed: 497.756	Loglikelihood: -1.21496e+07	(delta): 0.140631
26 (QN/Block) 	Elapsed: 498.379	Loglikelihood: -1.21496e+07	(delta): 0.0446025
27 (QN/Block) 	Elapsed: 489.718	Loglikelihood: -1.21496e+07	(delta): 0.00362996
28 (QN/Block) 	Elapsed: 503.957	Loglikelihood: -1.21496e+07	(delta): 0.00117826
29 (QN/Block) 	Elapsed: 502.329	Loglikelihood: -1.21496e+07	(delta): 0.000271
30 (QN/Block) 	Elapsed: 502.498	Loglikelihood: -1.21496e+07	(delta): 9.48831e-06
Summary: 
Converged in 30 iterations (16651.5 sec)
Loglikelihood: -12149588.953811
Fst divergences between estimated populations: 
	Pop0	Pop1	Pop2	Pop3	Pop4	Pop5	Pop6	Pop7	Pop8	Pop9	Pop10	Pop11	Pop12	Pop13	Pop14	Pop15	Pop16	Pop17	Pop18	Pop19	Pop20	Pop21	Pop22	Pop23	Pop24	Pop25	
Pop0	
Pop1	0.547	
Pop2	0.656	0.571	
Pop3	0.511	0.327	0.504	
Pop4	0.581	0.215	0.579	0.319	
Pop5	0.645	0.562	0.182	0.499	0.568	
Pop6	0.833	0.822	0.817	0.780	0.832	0.809	
Pop7	0.575	0.538	0.534	0.509	0.542	0.530	0.681	
Pop8	0.591	0.253	0.585	0.324	0.142	0.574	0.838	0.544	
Pop9	0.705	0.671	0.657	0.617	0.682	0.649	0.799	0.555	0.688	
Pop10	0.644	0.609	0.598	0.569	0.616	0.593	0.752	0.523	0.621	0.406	
Pop11	0.556	0.351	0.572	0.351	0.337	0.563	0.814	0.536	0.347	0.664	0.606	
Pop12	0.609	0.564	0.686	0.512	0.592	0.672	0.851	0.584	0.598	0.728	0.659	0.503	
Pop13	0.636	0.554	0.197	0.492	0.560	0.211	0.804	0.527	0.565	0.643	0.588	0.555	0.662	
Pop14	0.588	0.486	0.648	0.459	0.503	0.635	0.842	0.567	0.506	0.707	0.641	0.415	0.452	0.625	
Pop15	0.773	0.758	0.754	0.723	0.767	0.747	0.661	0.638	0.771	0.746	0.705	0.753	0.788	0.743	0.778	
Pop16	0.524	0.341	0.564	0.354	0.351	0.556	0.810	0.533	0.341	0.658	0.601	0.224	0.412	0.548	0.329	0.749	
Pop17	0.524	0.538	0.618	0.492	0.554	0.609	0.807	0.556	0.560	0.674	0.621	0.525	0.586	0.602	0.558	0.751	0.503	
Pop18	0.790	0.762	0.755	0.695	0.779	0.742	0.841	0.583	0.788	0.741	0.678	0.751	0.820	0.735	0.801	0.780	0.744	0.751	
Pop19	0.575	0.536	0.519	0.505	0.541	0.515	0.703	0.481	0.544	0.556	0.526	0.537	0.588	0.512	0.569	0.660	0.532	0.558	0.610	
Pop20	0.887	0.880	0.875	0.833	0.893	0.865	0.425	0.720	0.899	0.847	0.794	0.871	0.909	0.860	0.900	0.719	0.866	0.858	0.896	0.742	
Pop21	0.642	0.417	0.637	0.389	0.410	0.624	0.842	0.564	0.424	0.707	0.639	0.416	0.653	0.615	0.594	0.778	0.432	0.602	0.801	0.566	0.901	
Pop22	0.749	0.723	0.714	0.673	0.735	0.705	0.811	0.595	0.741	0.715	0.664	0.716	0.771	0.699	0.755	0.760	0.711	0.719	0.775	0.602	0.857	0.753	
Pop23	0.513	0.283	0.535	0.296	0.227	0.529	0.805	0.524	0.252	0.647	0.592	0.270	0.506	0.521	0.421	0.743	0.290	0.504	0.733	0.522	0.861	0.374	0.702	
Pop24	0.535	0.350	0.526	0.181	0.342	0.521	0.790	0.518	0.346	0.630	0.580	0.372	0.535	0.513	0.480	0.731	0.374	0.509	0.711	0.515	0.844	0.419	0.686	0.321	
Pop25	0.424	0.502	0.605	0.464	0.522	0.597	0.809	0.551	0.529	0.670	0.615	0.492	0.536	0.589	0.526	0.751	0.460	0.449	0.750	0.550	0.861	0.579	0.717	0.468	0.483	
Pop26	0.543	0.251	0.549	0.305	0.194	0.541	0.814	0.528	0.166	0.658	0.599	0.277	0.540	0.533	0.453	0.751	0.297	0.521	0.748	0.528	0.871	0.367	0.712	0.201	0.322	0.490	
CV error (K=27): 0.04740
Writing output files.
