****                   ADMIXTURE Version 1.3.0                  ****
****                    Copyright 2008-2015                     ****
****           David Alexander, Suyash Shringarpure,            ****
****                John  Novembre, Ken Lange                   ****
****                                                            ****
****                 Please cite our paper!                     ****
****   Information at www.genetics.ucla.edu/software/admixture  ****

Cross-validation will be performed.  Folds=10.
Parallel execution requested.  Will use 24 threads.
Random seed: 1884
Point estimation method: Block relaxation algorithm
Convergence acceleration algorithm: QuasiNewton, 3 secant conditions
Point estimation will terminate when objective function delta < 0.0001
Estimation of standard errors disabled; will compute point estimates only.
Size of G: 713x578311
Performing five EM steps to prime main algorithm
1 (EM) 	Elapsed: 216.978	Loglikelihood: -5.28091e+07	(delta): 5.32424e+08
2 (EM) 	Elapsed: 215.634	Loglikelihood: -4.56926e+07	(delta): 7.11652e+06
3 (EM) 	Elapsed: 215.287	Loglikelihood: -4.49416e+07	(delta): 751025
4 (EM) 	Elapsed: 213.804	Loglikelihood: -4.45095e+07	(delta): 432080
5 (EM) 	Elapsed: 215.83	Loglikelihood: -4.41262e+07	(delta): 383360
Initial loglikelihood: -4.41262e+07
Starting main algorithm
1 (QN/Block) 	Elapsed: 383.196	Loglikelihood: -2.44681e+07	(delta): 1.96581e+07
2 (QN/Block) 	Elapsed: 385.27	Loglikelihood: -1.76861e+07	(delta): 6.78196e+06
3 (QN/Block) 	Elapsed: 387.468	Loglikelihood: -1.539e+07	(delta): 2.29609e+06
4 (QN/Block) 	Elapsed: 385.967	Loglikelihood: -1.41194e+07	(delta): 1.27067e+06
5 (QN/Block) 	Elapsed: 397.156	Loglikelihood: -1.34934e+07	(delta): 626004
6 (QN/Block) 	Elapsed: 381.984	Loglikelihood: -1.32568e+07	(delta): 236520
7 (QN/Block) 	Elapsed: 401.073	Loglikelihood: -1.31738e+07	(delta): 83042.5
8 (QN/Block) 	Elapsed: 382.765	Loglikelihood: -1.31493e+07	(delta): 24472.4
9 (QN/Block) 	Elapsed: 396.967	Loglikelihood: -1.31377e+07	(delta): 11667.7
10 (QN/Block) 	Elapsed: 390.383	Loglikelihood: -1.31302e+07	(delta): 7432.92
11 (QN/Block) 	Elapsed: 389.534	Loglikelihood: -1.31271e+07	(delta): 3124.75
12 (QN/Block) 	Elapsed: 386.804	Loglikelihood: -1.31232e+07	(delta): 3928.47
13 (QN/Block) 	Elapsed: 374.553	Loglikelihood: -1.3121e+07	(delta): 2183.1
14 (QN/Block) 	Elapsed: 374.876	Loglikelihood: -1.31198e+07	(delta): 1223.54
15 (QN/Block) 	Elapsed: 375.013	Loglikelihood: -1.31195e+07	(delta): 267.363
16 (QN/Block) 	Elapsed: 374.696	Loglikelihood: -1.31194e+07	(delta): 131.755
17 (QN/Block) 	Elapsed: 374.936	Loglikelihood: -1.31193e+07	(delta): 57.1284
18 (QN/Block) 	Elapsed: 376.329	Loglikelihood: -1.31191e+07	(delta): 183.885
19 (QN/Block) 	Elapsed: 377.001	Loglikelihood: -1.3119e+07	(delta): 103.84
20 (QN/Block) 	Elapsed: 375.286	Loglikelihood: -1.3119e+07	(delta): 13.4191
21 (QN/Block) 	Elapsed: 374.818	Loglikelihood: -1.3119e+07	(delta): 4.47119
22 (QN/Block) 	Elapsed: 375.315	Loglikelihood: -1.3119e+07	(delta): 1.08397
23 (QN/Block) 	Elapsed: 374.734	Loglikelihood: -1.3119e+07	(delta): 0.552934
24 (QN/Block) 	Elapsed: 375.636	Loglikelihood: -1.3119e+07	(delta): 0.429773
25 (QN/Block) 	Elapsed: 374.472	Loglikelihood: -1.3119e+07	(delta): 0.0431619
26 (QN/Block) 	Elapsed: 375.194	Loglikelihood: -1.3119e+07	(delta): 0.0113928
27 (QN/Block) 	Elapsed: 375.3	Loglikelihood: -1.3119e+07	(delta): 0.0016558
28 (QN/Block) 	Elapsed: 375.383	Loglikelihood: -1.3119e+07	(delta): 0.000349829
29 (QN/Block) 	Elapsed: 375.401	Loglikelihood: -1.3119e+07	(delta): 2.68128e-05
Summary: 
Converged in 29 iterations (12142.6 sec)
Loglikelihood: -13118999.607682
Fst divergences between estimated populations: 
	Pop0	Pop1	Pop2	Pop3	Pop4	Pop5	Pop6	Pop7	Pop8	Pop9	Pop10	Pop11	Pop12	Pop13	Pop14	Pop15	Pop16	Pop17	Pop18	
Pop0	
Pop1	0.783	
Pop2	0.545	0.686	
Pop3	0.727	0.605	0.643	
Pop4	0.711	0.793	0.602	0.741	
Pop5	0.501	0.806	0.537	0.742	0.731	
Pop6	0.269	0.739	0.500	0.687	0.654	0.391	
Pop7	0.589	0.788	0.515	0.727	0.707	0.558	0.502	
Pop8	0.463	0.606	0.410	0.567	0.523	0.443	0.425	0.439	
Pop9	0.821	0.724	0.715	0.480	0.826	0.850	0.774	0.829	0.633	
Pop10	0.603	0.793	0.525	0.733	0.715	0.581	0.517	0.248	0.448	0.834	
Pop11	0.465	0.784	0.522	0.724	0.704	0.174	0.366	0.529	0.431	0.825	0.550	
Pop12	0.732	0.813	0.604	0.754	0.767	0.761	0.662	0.734	0.483	0.852	0.743	0.725	
Pop13	0.580	0.784	0.511	0.723	0.701	0.547	0.495	0.164	0.435	0.825	0.225	0.520	0.727	
Pop14	0.606	0.742	0.516	0.693	0.667	0.607	0.549	0.585	0.439	0.775	0.596	0.584	0.674	0.579	
Pop15	0.460	0.783	0.518	0.722	0.701	0.106	0.357	0.519	0.429	0.825	0.541	0.136	0.722	0.510	0.580	
Pop16	0.519	0.826	0.586	0.765	0.768	0.571	0.423	0.669	0.492	0.868	0.685	0.508	0.804	0.659	0.658	0.509	
Pop17	0.462	0.787	0.530	0.727	0.709	0.299	0.371	0.550	0.440	0.827	0.569	0.218	0.730	0.541	0.592	0.247	0.462	
Pop18	0.439	0.752	0.497	0.696	0.664	0.275	0.357	0.481	0.415	0.791	0.500	0.276	0.673	0.473	0.548	0.245	0.486	0.312	
Pop19	0.497	0.812	0.562	0.751	0.746	0.461	0.390	0.620	0.470	0.854	0.638	0.408	0.776	0.611	0.631	0.405	0.419	0.350	0.418	
CV error (K=20): 0.04871
Writing output files.
