****                   ADMIXTURE Version 1.3.0                  ****
****                    Copyright 2008-2015                     ****
****           David Alexander, Suyash Shringarpure,            ****
****                John  Novembre, Ken Lange                   ****
****                                                            ****
****                 Please cite our paper!                     ****
****   Information at www.genetics.ucla.edu/software/admixture  ****

Cross-validation will be performed.  Folds=10.
Parallel execution requested.  Will use 24 threads.
Random seed: 1553
Point estimation method: Block relaxation algorithm
Convergence acceleration algorithm: QuasiNewton, 3 secant conditions
Point estimation will terminate when objective function delta < 0.0001
Estimation of standard errors disabled; will compute point estimates only.
Size of G: 713x578311
Performing five EM steps to prime main algorithm
1 (EM) 	Elapsed: 104.452	Loglikelihood: -5.26888e+07	(delta): 5.43864e+08
2 (EM) 	Elapsed: 108.712	Loglikelihood: -4.59855e+07	(delta): 6.70331e+06
3 (EM) 	Elapsed: 106.278	Loglikelihood: -4.52617e+07	(delta): 723867
4 (EM) 	Elapsed: 102.842	Loglikelihood: -4.48557e+07	(delta): 405975
5 (EM) 	Elapsed: 112.017	Loglikelihood: -4.45225e+07	(delta): 333197
Initial loglikelihood: -4.45225e+07
Starting main algorithm
1 (QN/Block) 	Elapsed: 246.976	Loglikelihood: -2.77516e+07	(delta): 1.67708e+07
2 (QN/Block) 	Elapsed: 241.499	Loglikelihood: -2.01417e+07	(delta): 7.60993e+06
3 (QN/Block) 	Elapsed: 251.569	Loglikelihood: -1.83578e+07	(delta): 1.78391e+06
4 (QN/Block) 	Elapsed: 245.442	Loglikelihood: -1.72771e+07	(delta): 1.08075e+06
5 (QN/Block) 	Elapsed: 249.41	Loglikelihood: -1.66668e+07	(delta): 610248
6 (QN/Block) 	Elapsed: 249.926	Loglikelihood: -1.64787e+07	(delta): 188155
7 (QN/Block) 	Elapsed: 248.559	Loglikelihood: -1.63188e+07	(delta): 159896
8 (QN/Block) 	Elapsed: 247.448	Loglikelihood: -1.6221e+07	(delta): 97768.3
9 (QN/Block) 	Elapsed: 249.121	Loglikelihood: -1.61784e+07	(delta): 42616.2
10 (QN/Block) 	Elapsed: 247.052	Loglikelihood: -1.616e+07	(delta): 18403.1
11 (QN/Block) 	Elapsed: 250.113	Loglikelihood: -1.61564e+07	(delta): 3596.8
12 (QN/Block) 	Elapsed: 246.325	Loglikelihood: -1.61554e+07	(delta): 1006.47
13 (QN/Block) 	Elapsed: 254.82	Loglikelihood: -1.61551e+07	(delta): 250.461
14 (QN/Block) 	Elapsed: 254.295	Loglikelihood: -1.6155e+07	(delta): 82.7726
15 (QN/Block) 	Elapsed: 245.973	Loglikelihood: -1.6155e+07	(delta): 25.8009
16 (QN/Block) 	Elapsed: 254.186	Loglikelihood: -1.6155e+07	(delta): 8.11093
17 (QN/Block) 	Elapsed: 247.658	Loglikelihood: -1.6155e+07	(delta): 1.88866
18 (QN/Block) 	Elapsed: 250.774	Loglikelihood: -1.6155e+07	(delta): 0.56952
19 (QN/Block) 	Elapsed: 246.555	Loglikelihood: -1.6155e+07	(delta): 0.0755619
20 (QN/Block) 	Elapsed: 246.137	Loglikelihood: -1.6155e+07	(delta): 0.00391718
21 (QN/Block) 	Elapsed: 242.83	Loglikelihood: -1.6155e+07	(delta): 0.000175547
22 (QN/Block) 	Elapsed: 244.668	Loglikelihood: -1.6155e+07	(delta): 3.86927e-05
Summary: 
Converged in 22 iterations (6003.72 sec)
Loglikelihood: -16154999.995352
Fst divergences between estimated populations: 
	Pop0	Pop1	Pop2	Pop3	Pop4	Pop5	Pop6	Pop7	Pop8	Pop9	
Pop0	
Pop1	0.758	
Pop2	0.732	0.561	
Pop3	0.812	0.625	0.657	
Pop4	0.761	0.474	0.571	0.456	
Pop5	0.793	0.565	0.622	0.389	0.335	
Pop6	0.785	0.495	0.596	0.542	0.177	0.415	
Pop7	0.563	0.313	0.369	0.398	0.328	0.369	0.332	
Pop8	0.684	0.387	0.488	0.333	0.245	0.291	0.265	0.293	
Pop9	0.800	0.703	0.674	0.801	0.705	0.765	0.746	0.436	0.589	
Pop10	0.586	0.692	0.676	0.741	0.693	0.723	0.713	0.525	0.630	0.732	
CV error (K=11): 0.05358
Writing output files.
