****                   ADMIXTURE Version 1.3.0                  ****
****                    Copyright 2008-2015                     ****
****           David Alexander, Suyash Shringarpure,            ****
****                John  Novembre, Ken Lange                   ****
****                                                            ****
****                 Please cite our paper!                     ****
****   Information at www.genetics.ucla.edu/software/admixture  ****

Cross-validation will be performed.  Folds=10.
Parallel execution requested.  Will use 24 threads.
Random seed: 1468
Point estimation method: Block relaxation algorithm
Convergence acceleration algorithm: QuasiNewton, 3 secant conditions
Point estimation will terminate when objective function delta < 0.0001
Estimation of standard errors disabled; will compute point estimates only.
Size of G: 713x578311
Performing five EM steps to prime main algorithm
1 (EM) 	Elapsed: 147.333	Loglikelihood: -5.2822e+07	(delta): 5.37159e+08
2 (EM) 	Elapsed: 154.076	Loglikelihood: -4.58859e+07	(delta): 6.93607e+06
3 (EM) 	Elapsed: 145.342	Loglikelihood: -4.51649e+07	(delta): 721041
4 (EM) 	Elapsed: 144.352	Loglikelihood: -4.47638e+07	(delta): 401056
5 (EM) 	Elapsed: 150.532	Loglikelihood: -4.4428e+07	(delta): 335841
Initial loglikelihood: -4.4428e+07
Starting main algorithm
1 (QN/Block) 	Elapsed: 333.316	Loglikelihood: -2.55417e+07	(delta): 1.88863e+07
2 (QN/Block) 	Elapsed: 326.731	Loglikelihood: -1.87109e+07	(delta): 6.83085e+06
3 (QN/Block) 	Elapsed: 326.589	Loglikelihood: -1.69295e+07	(delta): 1.78137e+06
4 (QN/Block) 	Elapsed: 327.845	Loglikelihood: -1.58482e+07	(delta): 1.08127e+06
5 (QN/Block) 	Elapsed: 311.644	Loglikelihood: -1.51496e+07	(delta): 698654
6 (QN/Block) 	Elapsed: 292.489	Loglikelihood: -1.49167e+07	(delta): 232874
7 (QN/Block) 	Elapsed: 291.595	Loglikelihood: -1.48439e+07	(delta): 72797.2
8 (QN/Block) 	Elapsed: 295.023	Loglikelihood: -1.48146e+07	(delta): 29309.5
9 (QN/Block) 	Elapsed: 299.699	Loglikelihood: -1.47983e+07	(delta): 16248.3
10 (QN/Block) 	Elapsed: 304.663	Loglikelihood: -1.47898e+07	(delta): 8570.72
11 (QN/Block) 	Elapsed: 297.673	Loglikelihood: -1.47818e+07	(delta): 7971.34
12 (QN/Block) 	Elapsed: 299.736	Loglikelihood: -1.4776e+07	(delta): 5833.8
13 (QN/Block) 	Elapsed: 296.991	Loglikelihood: -1.47674e+07	(delta): 8569.18
14 (QN/Block) 	Elapsed: 308.443	Loglikelihood: -1.47616e+07	(delta): 5801.93
15 (QN/Block) 	Elapsed: 307.804	Loglikelihood: -1.47586e+07	(delta): 2939.16
16 (QN/Block) 	Elapsed: 296.92	Loglikelihood: -1.47542e+07	(delta): 4456.93
17 (QN/Block) 	Elapsed: 299.196	Loglikelihood: -1.47473e+07	(delta): 6887.64
18 (QN/Block) 	Elapsed: 296.24	Loglikelihood: -1.47439e+07	(delta): 3360.23
19 (QN/Block) 	Elapsed: 292.182	Loglikelihood: -1.47431e+07	(delta): 884.506
20 (QN/Block) 	Elapsed: 291.715	Loglikelihood: -1.47428e+07	(delta): 250.147
21 (QN/Block) 	Elapsed: 294.909	Loglikelihood: -1.47427e+07	(delta): 80.3573
22 (QN/Block) 	Elapsed: 299.399	Loglikelihood: -1.47427e+07	(delta): 8.61714
23 (QN/Block) 	Elapsed: 306.641	Loglikelihood: -1.47427e+07	(delta): 3.05801
24 (QN/Block) 	Elapsed: 304.219	Loglikelihood: -1.47427e+07	(delta): 1.61365
25 (QN/Block) 	Elapsed: 298.498	Loglikelihood: -1.47427e+07	(delta): 0.549996
26 (QN/Block) 	Elapsed: 299.192	Loglikelihood: -1.47427e+07	(delta): 0.478748
27 (QN/Block) 	Elapsed: 297.099	Loglikelihood: -1.47427e+07	(delta): 0.0258988
28 (QN/Block) 	Elapsed: 310.593	Loglikelihood: -1.47427e+07	(delta): 0.0151614
29 (QN/Block) 	Elapsed: 313.483	Loglikelihood: -1.47427e+07	(delta): 0.000882551
30 (QN/Block) 	Elapsed: 312.361	Loglikelihood: -1.47427e+07	(delta): 0.000232985
31 (QN/Block) 	Elapsed: 307.414	Loglikelihood: -1.47427e+07	(delta): 2.44752e-05
Summary: 
Converged in 31 iterations (10195.2 sec)
Loglikelihood: -14742707.976297
Fst divergences between estimated populations: 
	Pop0	Pop1	Pop2	Pop3	Pop4	Pop5	Pop6	Pop7	Pop8	Pop9	Pop10	Pop11	Pop12	Pop13	
Pop0	
Pop1	0.788	
Pop2	0.522	0.783	
Pop3	0.667	0.826	0.502	
Pop4	0.775	0.667	0.771	0.813	
Pop5	0.475	0.747	0.229	0.469	0.736	
Pop6	0.317	0.549	0.308	0.378	0.545	0.299	
Pop7	0.507	0.742	0.356	0.407	0.732	0.347	0.319	
Pop8	0.616	0.811	0.393	0.401	0.798	0.397	0.351	0.381	
Pop9	0.690	0.788	0.677	0.756	0.777	0.627	0.398	0.633	0.727	
Pop10	0.208	0.791	0.514	0.668	0.778	0.467	0.310	0.501	0.614	0.692	
Pop11	0.565	0.808	0.100	0.568	0.795	0.262	0.318	0.390	0.452	0.714	0.558	
Pop12	0.522	0.774	0.170	0.453	0.763	0.261	0.311	0.346	0.339	0.667	0.515	0.223	
Pop13	0.228	0.787	0.515	0.663	0.774	0.470	0.313	0.503	0.612	0.688	0.170	0.558	0.517	
Pop14	0.587	0.743	0.579	0.657	0.733	0.540	0.353	0.551	0.627	0.645	0.585	0.608	0.574	0.584	
CV error (K=15): 0.05131
Writing output files.
