****                   ADMIXTURE Version 1.3.0                  ****
****                    Copyright 2008-2015                     ****
****           David Alexander, Suyash Shringarpure,            ****
****                John  Novembre, Ken Lange                   ****
****                                                            ****
****                 Please cite our paper!                     ****
****   Information at www.genetics.ucla.edu/software/admixture  ****

Cross-validation will be performed.  Folds=10.
Parallel execution requested.  Will use 24 threads.
Random seed: 1468
Point estimation method: Block relaxation algorithm
Convergence acceleration algorithm: QuasiNewton, 3 secant conditions
Point estimation will terminate when objective function delta < 0.0001
Estimation of standard errors disabled; will compute point estimates only.
Size of G: 713x578311
Performing five EM steps to prime main algorithm
1 (EM) 	Elapsed: 28.974	Loglikelihood: -5.1811e+07	(delta): 5.751e+08
2 (EM) 	Elapsed: 28.197	Loglikelihood: -4.62115e+07	(delta): 5.59946e+06
3 (EM) 	Elapsed: 28.276	Loglikelihood: -4.55987e+07	(delta): 612873
4 (EM) 	Elapsed: 28.173	Loglikelihood: -4.52633e+07	(delta): 335408
5 (EM) 	Elapsed: 28.097	Loglikelihood: -4.5012e+07	(delta): 251278
Initial loglikelihood: -4.5012e+07
Starting main algorithm
1 (QN/Block) 	Elapsed: 104.771	Loglikelihood: -3.26289e+07	(delta): 1.23831e+07
2 (QN/Block) 	Elapsed: 109.989	Loglikelihood: -2.72149e+07	(delta): 5.41395e+06
3 (QN/Block) 	Elapsed: 114.741	Loglikelihood: -2.52286e+07	(delta): 1.98632e+06
4 (QN/Block) 	Elapsed: 115.592	Loglikelihood: -2.34611e+07	(delta): 1.76757e+06
5 (QN/Block) 	Elapsed: 114.483	Loglikelihood: -2.26815e+07	(delta): 779564
6 (QN/Block) 	Elapsed: 116.563	Loglikelihood: -2.24321e+07	(delta): 249346
7 (QN/Block) 	Elapsed: 113.007	Loglikelihood: -2.23673e+07	(delta): 64841.4
8 (QN/Block) 	Elapsed: 112.275	Loglikelihood: -2.23461e+07	(delta): 21236.9
9 (QN/Block) 	Elapsed: 114.881	Loglikelihood: -2.23375e+07	(delta): 8529.64
10 (QN/Block) 	Elapsed: 115.059	Loglikelihood: -2.23352e+07	(delta): 2326.06
11 (QN/Block) 	Elapsed: 114.723	Loglikelihood: -2.23348e+07	(delta): 440.892
12 (QN/Block) 	Elapsed: 111.555	Loglikelihood: -2.23347e+07	(delta): 39.4219
13 (QN/Block) 	Elapsed: 109.622	Loglikelihood: -2.23347e+07	(delta): 0.317571
14 (QN/Block) 	Elapsed: 110.006	Loglikelihood: -2.23347e+07	(delta): 0.0187003
15 (QN/Block) 	Elapsed: 109.127	Loglikelihood: -2.23347e+07	(delta): 0.00759471
16 (QN/Block) 	Elapsed: 111.808	Loglikelihood: -2.23347e+07	(delta): 0.00171779
17 (QN/Block) 	Elapsed: 109.464	Loglikelihood: -2.23347e+07	(delta): 0.000206653
18 (QN/Block) 	Elapsed: 111.808	Loglikelihood: -2.23347e+07	(delta): 1.87829e-05
Summary: 
Converged in 18 iterations (2167.93 sec)
Loglikelihood: -22334729.452713
Fst divergences between estimated populations: 
	Pop0	Pop1	Pop2	Pop3	
Pop0	
Pop1	0.626	
Pop2	0.267	0.613	
Pop3	0.458	0.623	0.468	
Pop4	0.340	0.484	0.349	0.343	
CV error (K=5): 0.06648
Writing output files.
