****                   ADMIXTURE Version 1.3.0                  ****
****                    Copyright 2008-2015                     ****
****           David Alexander, Suyash Shringarpure,            ****
****                John  Novembre, Ken Lange                   ****
****                                                            ****
****                 Please cite our paper!                     ****
****   Information at www.genetics.ucla.edu/software/admixture  ****

Cross-validation will be performed.  Folds=10.
Parallel execution requested.  Will use 24 threads.
Random seed: 1553
Point estimation method: Block relaxation algorithm
Convergence acceleration algorithm: QuasiNewton, 3 secant conditions
Point estimation will terminate when objective function delta < 0.0001
Estimation of standard errors disabled; will compute point estimates only.
Size of G: 713x578311
Performing five EM steps to prime main algorithm
1 (EM) 	Elapsed: 71.366	Loglikelihood: -5.25944e+07	(delta): 5.46672e+08
2 (EM) 	Elapsed: 71.092	Loglikelihood: -4.5975e+07	(delta): 6.61942e+06
3 (EM) 	Elapsed: 71.568	Loglikelihood: -4.5269e+07	(delta): 705932
4 (EM) 	Elapsed: 71.153	Loglikelihood: -4.48742e+07	(delta): 394800
5 (EM) 	Elapsed: 71.316	Loglikelihood: -4.45426e+07	(delta): 331638
Initial loglikelihood: -4.45426e+07
Starting main algorithm
1 (QN/Block) 	Elapsed: 199.671	Loglikelihood: -2.81992e+07	(delta): 1.63434e+07
2 (QN/Block) 	Elapsed: 194.944	Loglikelihood: -2.30902e+07	(delta): 5.10894e+06
3 (QN/Block) 	Elapsed: 196.622	Loglikelihood: -2.0142e+07	(delta): 2.9482e+06
4 (QN/Block) 	Elapsed: 197.268	Loglikelihood: -1.8946e+07	(delta): 1.19606e+06
5 (QN/Block) 	Elapsed: 198.141	Loglikelihood: -1.80069e+07	(delta): 939082
6 (QN/Block) 	Elapsed: 197.658	Loglikelihood: -1.74458e+07	(delta): 561136
7 (QN/Block) 	Elapsed: 201.19	Loglikelihood: -1.72273e+07	(delta): 218457
8 (QN/Block) 	Elapsed: 215.499	Loglikelihood: -1.71362e+07	(delta): 91154.8
9 (QN/Block) 	Elapsed: 197.433	Loglikelihood: -1.70715e+07	(delta): 64639.8
10 (QN/Block) 	Elapsed: 196.788	Loglikelihood: -1.7038e+07	(delta): 33492.7
11 (QN/Block) 	Elapsed: 197.591	Loglikelihood: -1.70271e+07	(delta): 10904
12 (QN/Block) 	Elapsed: 196.63	Loglikelihood: -1.70236e+07	(delta): 3526.72
13 (QN/Block) 	Elapsed: 197.848	Loglikelihood: -1.70225e+07	(delta): 1115.85
14 (QN/Block) 	Elapsed: 196.332	Loglikelihood: -1.70222e+07	(delta): 285.83
15 (QN/Block) 	Elapsed: 199.013	Loglikelihood: -1.70221e+07	(delta): 41.9889
16 (QN/Block) 	Elapsed: 196.677	Loglikelihood: -1.70221e+07	(delta): 11.6874
17 (QN/Block) 	Elapsed: 196.547	Loglikelihood: -1.70221e+07	(delta): 2.34908
18 (QN/Block) 	Elapsed: 195.121	Loglikelihood: -1.70221e+07	(delta): 0.703601
19 (QN/Block) 	Elapsed: 197.266	Loglikelihood: -1.70221e+07	(delta): 0.274692
20 (QN/Block) 	Elapsed: 197.495	Loglikelihood: -1.70221e+07	(delta): 1.50922
21 (QN/Block) 	Elapsed: 196.364	Loglikelihood: -1.70218e+07	(delta): 341.442
22 (QN/Block) 	Elapsed: 198.327	Loglikelihood: -1.70214e+07	(delta): 406.063
23 (QN/Block) 	Elapsed: 195.453	Loglikelihood: -1.70203e+07	(delta): 1119.01
24 (QN/Block) 	Elapsed: 196.299	Loglikelihood: -1.70197e+07	(delta): 556.814
25 (QN/Block) 	Elapsed: 198.111	Loglikelihood: -1.70196e+07	(delta): 106.885
26 (QN/Block) 	Elapsed: 200.2	Loglikelihood: -1.70195e+07	(delta): 52.6153
27 (QN/Block) 	Elapsed: 197.258	Loglikelihood: -1.70195e+07	(delta): 2.25426
28 (QN/Block) 	Elapsed: 197.51	Loglikelihood: -1.70195e+07	(delta): 0.20889
29 (QN/Block) 	Elapsed: 197.279	Loglikelihood: -1.70195e+07	(delta): 0.0488983
30 (QN/Block) 	Elapsed: 197.094	Loglikelihood: -1.70195e+07	(delta): 0.0136054
31 (QN/Block) 	Elapsed: 197.433	Loglikelihood: -1.70195e+07	(delta): 0.00459839
32 (QN/Block) 	Elapsed: 200.625	Loglikelihood: -1.70195e+07	(delta): 0.000131499
33 (QN/Block) 	Elapsed: 202.101	Loglikelihood: -1.70195e+07	(delta): 5.04404e-06
Summary: 
Converged in 33 iterations (6910.77 sec)
Loglikelihood: -17019547.192774
Fst divergences between estimated populations: 
	Pop0	Pop1	Pop2	Pop3	Pop4	Pop5	Pop6	Pop7	Pop8	
Pop0	
Pop1	0.311	
Pop2	0.471	0.332	
Pop3	0.703	0.402	0.583	
Pop4	0.641	0.458	0.578	0.685	
Pop5	0.561	0.357	0.500	0.674	0.633	
Pop6	0.461	0.321	0.463	0.653	0.619	0.541	
Pop7	0.465	0.313	0.475	0.700	0.641	0.566	0.327	
Pop8	0.498	0.321	0.497	0.750	0.662	0.598	0.362	0.156	
Pop9	0.547	0.349	0.512	0.746	0.665	0.609	0.325	0.325	0.405	
CV error (K=10): 0.05579
Writing output files.
