****                   ADMIXTURE Version 1.3.0                  ****
****                    Copyright 2008-2015                     ****
****           David Alexander, Suyash Shringarpure,            ****
****                John  Novembre, Ken Lange                   ****
****                                                            ****
****                 Please cite our paper!                     ****
****   Information at www.genetics.ucla.edu/software/admixture  ****

Cross-validation will be performed.  Folds=10.
Parallel execution requested.  Will use 24 threads.
Random seed: 1853
Point estimation method: Block relaxation algorithm
Convergence acceleration algorithm: QuasiNewton, 3 secant conditions
Point estimation will terminate when objective function delta < 0.0001
Estimation of standard errors disabled; will compute point estimates only.
Size of G: 713x578311
Performing five EM steps to prime main algorithm
1 (EM) 	Elapsed: 134.856	Loglikelihood: -5.27819e+07	(delta): 5.4163e+08
2 (EM) 	Elapsed: 128.298	Loglikelihood: -4.59637e+07	(delta): 6.81826e+06
3 (EM) 	Elapsed: 133.735	Loglikelihood: -4.52602e+07	(delta): 703458
4 (EM) 	Elapsed: 130.898	Loglikelihood: -4.48835e+07	(delta): 376726
5 (EM) 	Elapsed: 126.542	Loglikelihood: -4.4583e+07	(delta): 300506
Initial loglikelihood: -4.4583e+07
Starting main algorithm
1 (QN/Block) 	Elapsed: 249.705	Loglikelihood: -2.70218e+07	(delta): 1.75612e+07
2 (QN/Block) 	Elapsed: 249.315	Loglikelihood: -1.95908e+07	(delta): 7.43097e+06
3 (QN/Block) 	Elapsed: 250.191	Loglikelihood: -1.79715e+07	(delta): 1.6193e+06
4 (QN/Block) 	Elapsed: 244.26	Loglikelihood: -1.68095e+07	(delta): 1.16204e+06
5 (QN/Block) 	Elapsed: 249.559	Loglikelihood: -1.61285e+07	(delta): 680951
6 (QN/Block) 	Elapsed: 247.099	Loglikelihood: -1.58199e+07	(delta): 308591
7 (QN/Block) 	Elapsed: 244.368	Loglikelihood: -1.57299e+07	(delta): 89994.1
8 (QN/Block) 	Elapsed: 247.168	Loglikelihood: -1.56933e+07	(delta): 36579.6
9 (QN/Block) 	Elapsed: 241.88	Loglikelihood: -1.56796e+07	(delta): 13731.1
10 (QN/Block) 	Elapsed: 242.425	Loglikelihood: -1.56707e+07	(delta): 8871.77
11 (QN/Block) 	Elapsed: 246.961	Loglikelihood: -1.56705e+07	(delta): 274.944
12 (QN/Block) 	Elapsed: 251.667	Loglikelihood: -1.56674e+07	(delta): 3072.15
13 (QN/Block) 	Elapsed: 248.745	Loglikelihood: -1.56654e+07	(delta): 1977.22
14 (QN/Block) 	Elapsed: 252.358	Loglikelihood: -1.56646e+07	(delta): 823.535
15 (QN/Block) 	Elapsed: 251.023	Loglikelihood: -1.56639e+07	(delta): 718.452
16 (QN/Block) 	Elapsed: 251.915	Loglikelihood: -1.5661e+07	(delta): 2886.32
17 (QN/Block) 	Elapsed: 252.586	Loglikelihood: -1.56586e+07	(delta): 2397.2
18 (QN/Block) 	Elapsed: 249.765	Loglikelihood: -1.5656e+07	(delta): 2569.79
19 (QN/Block) 	Elapsed: 251.949	Loglikelihood: -1.56556e+07	(delta): 395.81
20 (QN/Block) 	Elapsed: 262.301	Loglikelihood: -1.56555e+07	(delta): 102.227
21 (QN/Block) 	Elapsed: 265.083	Loglikelihood: -1.56554e+07	(delta): 127.996
22 (QN/Block) 	Elapsed: 252.476	Loglikelihood: -1.56554e+07	(delta): 16.4054
23 (QN/Block) 	Elapsed: 245.794	Loglikelihood: -1.56554e+07	(delta): 1.53598
24 (QN/Block) 	Elapsed: 249.206	Loglikelihood: -1.56554e+07	(delta): 0.675114
25 (QN/Block) 	Elapsed: 249.877	Loglikelihood: -1.56554e+07	(delta): 0.410717
26 (QN/Block) 	Elapsed: 253.254	Loglikelihood: -1.56554e+07	(delta): 0.645616
27 (QN/Block) 	Elapsed: 264.891	Loglikelihood: -1.56554e+07	(delta): 0.303803
28 (QN/Block) 	Elapsed: 269.434	Loglikelihood: -1.56554e+07	(delta): 0.162297
29 (QN/Block) 	Elapsed: 278.853	Loglikelihood: -1.56554e+07	(delta): 0.122932
30 (QN/Block) 	Elapsed: 268.692	Loglikelihood: -1.56554e+07	(delta): 0.140089
31 (QN/Block) 	Elapsed: 272.891	Loglikelihood: -1.56554e+07	(delta): 0.0105378
32 (QN/Block) 	Elapsed: 267.861	Loglikelihood: -1.56554e+07	(delta): 0.00283224
33 (QN/Block) 	Elapsed: 264.927	Loglikelihood: -1.56554e+07	(delta): 0.00186117
34 (QN/Block) 	Elapsed: 265.721	Loglikelihood: -1.56554e+07	(delta): 9.68911e-05
Summary: 
Converged in 34 iterations (9321.38 sec)
Loglikelihood: -15655366.668573
Fst divergences between estimated populations: 
	Pop0	Pop1	Pop2	Pop3	Pop4	Pop5	Pop6	Pop7	Pop8	Pop9	Pop10	
Pop0	
Pop1	0.802	
Pop2	0.567	0.364	
Pop3	0.797	0.413	0.389	
Pop4	0.743	0.600	0.390	0.611	
Pop5	0.667	0.789	0.563	0.785	0.733	
Pop6	0.814	0.751	0.440	0.749	0.674	0.801	
Pop7	0.785	0.278	0.369	0.314	0.588	0.773	0.725	
Pop8	0.771	0.501	0.349	0.550	0.561	0.760	0.703	0.505	
Pop9	0.743	0.241	0.341	0.369	0.535	0.732	0.656	0.284	0.429	
Pop10	0.787	0.125	0.360	0.386	0.585	0.775	0.727	0.231	0.487	0.239	
Pop11	0.624	0.281	0.275	0.286	0.419	0.618	0.502	0.282	0.331	0.263	0.276	
CV error (K=12): 0.05279
Writing output files.
