****                   ADMIXTURE Version 1.3.0                  ****
****                    Copyright 2008-2015                     ****
****           David Alexander, Suyash Shringarpure,            ****
****                John  Novembre, Ken Lange                   ****
****                                                            ****
****                 Please cite our paper!                     ****
****   Information at www.genetics.ucla.edu/software/admixture  ****

Cross-validation will be performed.  Folds=10.
Parallel execution requested.  Will use 24 threads.
Random seed: 1807
Point estimation method: Block relaxation algorithm
Convergence acceleration algorithm: QuasiNewton, 3 secant conditions
Point estimation will terminate when objective function delta < 0.0001
Estimation of standard errors disabled; will compute point estimates only.
Size of G: 713x578311
Performing five EM steps to prime main algorithm
1 (EM) 	Elapsed: 371.417	Loglikelihood: -5.28067e+07	(delta): 5.29808e+08
2 (EM) 	Elapsed: 354.954	Loglikelihood: -4.56153e+07	(delta): 7.1914e+06
3 (EM) 	Elapsed: 352.038	Loglikelihood: -4.48679e+07	(delta): 747319
4 (EM) 	Elapsed: 344.615	Loglikelihood: -4.44506e+07	(delta): 417364
5 (EM) 	Elapsed: 350.009	Loglikelihood: -4.40927e+07	(delta): 357878
Initial loglikelihood: -4.40927e+07
Starting main algorithm
1 (QN/Block) 	Elapsed: 464.792	Loglikelihood: -2.4373e+07	(delta): 1.97197e+07
2 (QN/Block) 	Elapsed: 462.066	Loglikelihood: -1.67028e+07	(delta): 7.67025e+06
3 (QN/Block) 	Elapsed: 462.092	Loglikelihood: -1.46363e+07	(delta): 2.06645e+06
4 (QN/Block) 	Elapsed: 464.803	Loglikelihood: -1.34941e+07	(delta): 1.14227e+06
5 (QN/Block) 	Elapsed: 464.753	Loglikelihood: -1.28706e+07	(delta): 623463
6 (QN/Block) 	Elapsed: 462.708	Loglikelihood: -1.24503e+07	(delta): 420300
7 (QN/Block) 	Elapsed: 465.213	Loglikelihood: -1.23133e+07	(delta): 137014
8 (QN/Block) 	Elapsed: 464.702	Loglikelihood: -1.22599e+07	(delta): 53413.1
9 (QN/Block) 	Elapsed: 468.983	Loglikelihood: -1.22361e+07	(delta): 23757.4
10 (QN/Block) 	Elapsed: 465.049	Loglikelihood: -1.22273e+07	(delta): 8762.56
11 (QN/Block) 	Elapsed: 464.378	Loglikelihood: -1.22235e+07	(delta): 3866.86
12 (QN/Block) 	Elapsed: 471.987	Loglikelihood: -1.22144e+07	(delta): 9077.61
13 (QN/Block) 	Elapsed: 482.932	Loglikelihood: -1.21739e+07	(delta): 40541.7
14 (QN/Block) 	Elapsed: 478.064	Loglikelihood: -1.21716e+07	(delta): 2238.53
15 (QN/Block) 	Elapsed: 479.754	Loglikelihood: -1.21702e+07	(delta): 1445.45
16 (QN/Block) 	Elapsed: 480.114	Loglikelihood: -1.21697e+07	(delta): 449.219
17 (QN/Block) 	Elapsed: 474.888	Loglikelihood: -1.21697e+07	(delta): 73.3764
18 (QN/Block) 	Elapsed: 478.74	Loglikelihood: -1.21695e+07	(delta): 124.016
19 (QN/Block) 	Elapsed: 478.624	Loglikelihood: -1.21684e+07	(delta): 1169.14
20 (QN/Block) 	Elapsed: 473.536	Loglikelihood: -1.21683e+07	(delta): 102.269
21 (QN/Block) 	Elapsed: 471.313	Loglikelihood: -1.21682e+07	(delta): 35.3887
22 (QN/Block) 	Elapsed: 474.123	Loglikelihood: -1.21682e+07	(delta): 14.7977
23 (QN/Block) 	Elapsed: 477.11	Loglikelihood: -1.21682e+07	(delta): 0.834886
24 (QN/Block) 	Elapsed: 472.396	Loglikelihood: -1.21682e+07	(delta): 0.207982
25 (QN/Block) 	Elapsed: 473.935	Loglikelihood: -1.21682e+07	(delta): 0.00862967
26 (QN/Block) 	Elapsed: 473.043	Loglikelihood: -1.21682e+07	(delta): 0.00192367
27 (QN/Block) 	Elapsed: 478.528	Loglikelihood: -1.21682e+07	(delta): 0.000459416
28 (QN/Block) 	Elapsed: 478.036	Loglikelihood: -1.21682e+07	(delta): 3.96837e-05
Summary: 
Converged in 28 iterations (14997.4 sec)
Loglikelihood: -12168206.717771
Fst divergences between estimated populations: 
	Pop0	Pop1	Pop2	Pop3	Pop4	Pop5	Pop6	Pop7	Pop8	Pop9	Pop10	Pop11	Pop12	Pop13	Pop14	Pop15	Pop16	Pop17	Pop18	Pop19	Pop20	Pop21	Pop22	Pop23	
Pop0	
Pop1	0.690	
Pop2	0.635	0.632	
Pop3	0.696	0.769	0.687	
Pop4	0.642	0.654	0.603	0.705	
Pop5	0.659	0.590	0.588	0.730	0.614	
Pop6	0.622	0.344	0.562	0.675	0.577	0.482	
Pop7	0.685	0.402	0.623	0.763	0.646	0.572	0.336	
Pop8	0.665	0.360	0.606	0.734	0.625	0.548	0.324	0.297	
Pop9	0.722	0.759	0.708	0.769	0.721	0.737	0.708	0.756	0.741	
Pop10	0.645	0.329	0.583	0.708	0.603	0.511	0.271	0.300	0.286	0.726	
Pop11	0.746	0.804	0.709	0.833	0.519	0.760	0.708	0.799	0.769	0.797	0.742	
Pop12	0.664	0.597	0.592	0.737	0.618	0.211	0.485	0.579	0.553	0.742	0.515	0.768	
Pop13	0.689	0.368	0.625	0.771	0.648	0.568	0.304	0.290	0.320	0.760	0.233	0.810	0.574	
Pop14	0.761	0.807	0.746	0.814	0.760	0.784	0.752	0.804	0.787	0.619	0.772	0.841	0.789	0.810	
Pop15	0.710	0.546	0.655	0.793	0.676	0.634	0.324	0.541	0.504	0.772	0.449	0.827	0.642	0.525	0.820	
Pop16	0.791	0.843	0.774	0.849	0.790	0.819	0.785	0.841	0.823	0.493	0.806	0.874	0.825	0.848	0.719	0.856	
Pop17	0.699	0.530	0.643	0.779	0.664	0.615	0.425	0.459	0.356	0.765	0.404	0.814	0.623	0.483	0.812	0.615	0.849	
Pop18	0.666	0.601	0.594	0.740	0.621	0.209	0.488	0.583	0.557	0.743	0.518	0.771	0.184	0.578	0.790	0.646	0.827	0.627	
Pop19	0.618	0.440	0.562	0.668	0.578	0.502	0.360	0.402	0.368	0.701	0.336	0.696	0.505	0.402	0.742	0.493	0.773	0.389	0.507	
Pop20	0.692	0.368	0.627	0.777	0.652	0.569	0.306	0.303	0.323	0.763	0.260	0.816	0.576	0.147	0.813	0.532	0.852	0.480	0.581	0.401	
Pop21	0.531	0.510	0.498	0.565	0.512	0.480	0.459	0.502	0.490	0.622	0.473	0.598	0.481	0.498	0.655	0.533	0.681	0.521	0.483	0.465	0.499	
Pop22	0.723	0.609	0.669	0.808	0.692	0.663	0.492	0.562	0.468	0.780	0.494	0.841	0.672	0.592	0.827	0.680	0.863	0.422	0.676	0.412	0.592	0.546	
Pop23	0.667	0.326	0.605	0.740	0.626	0.540	0.290	0.251	0.267	0.744	0.242	0.777	0.544	0.206	0.791	0.483	0.828	0.435	0.549	0.380	0.166	0.487	0.540	
Pop24	0.586	0.610	0.579	0.635	0.584	0.584	0.551	0.602	0.587	0.669	0.569	0.677	0.587	0.603	0.705	0.630	0.733	0.619	0.589	0.552	0.604	0.482	0.641	0.585	
CV error (K=25): 0.04738
Writing output files.
