****                   ADMIXTURE Version 1.3.0                  ****
****                    Copyright 2008-2015                     ****
****           David Alexander, Suyash Shringarpure,            ****
****                John  Novembre, Ken Lange                   ****
****                                                            ****
****                 Please cite our paper!                     ****
****   Information at www.genetics.ucla.edu/software/admixture  ****

Cross-validation will be performed.  Folds=10.
Parallel execution requested.  Will use 24 threads.
Random seed: 1553
Point estimation method: Block relaxation algorithm
Convergence acceleration algorithm: QuasiNewton, 3 secant conditions
Point estimation will terminate when objective function delta < 0.0001
Estimation of standard errors disabled; will compute point estimates only.
Size of G: 713x578311
Performing five EM steps to prime main algorithm
1 (EM) 	Elapsed: 297.57	Loglikelihood: -5.28306e+07	(delta): 5.30201e+08
2 (EM) 	Elapsed: 296.321	Loglikelihood: -4.56635e+07	(delta): 7.16713e+06
3 (EM) 	Elapsed: 300.288	Loglikelihood: -4.49315e+07	(delta): 731922
4 (EM) 	Elapsed: 301.627	Loglikelihood: -4.45231e+07	(delta): 408404
5 (EM) 	Elapsed: 302.259	Loglikelihood: -4.41732e+07	(delta): 349963
Initial loglikelihood: -4.41732e+07
Starting main algorithm
1 (QN/Block) 	Elapsed: 439.656	Loglikelihood: -2.43509e+07	(delta): 1.98223e+07
2 (QN/Block) 	Elapsed: 438.796	Loglikelihood: -1.65922e+07	(delta): 7.75873e+06
3 (QN/Block) 	Elapsed: 440.929	Loglikelihood: -1.47176e+07	(delta): 1.87452e+06
4 (QN/Block) 	Elapsed: 440.711	Loglikelihood: -1.35341e+07	(delta): 1.18358e+06
5 (QN/Block) 	Elapsed: 443.191	Loglikelihood: -1.28881e+07	(delta): 645924
6 (QN/Block) 	Elapsed: 441.132	Loglikelihood: -1.26562e+07	(delta): 231994
7 (QN/Block) 	Elapsed: 440.63	Loglikelihood: -1.25704e+07	(delta): 85716.9
8 (QN/Block) 	Elapsed: 442.72	Loglikelihood: -1.25391e+07	(delta): 31357.1
9 (QN/Block) 	Elapsed: 443.003	Loglikelihood: -1.25224e+07	(delta): 16628.9
10 (QN/Block) 	Elapsed: 441.41	Loglikelihood: -1.25155e+07	(delta): 6924.36
11 (QN/Block) 	Elapsed: 443.487	Loglikelihood: -1.25117e+07	(delta): 3813.3
12 (QN/Block) 	Elapsed: 442.184	Loglikelihood: -1.25015e+07	(delta): 10255.9
13 (QN/Block) 	Elapsed: 445.365	Loglikelihood: -1.24619e+07	(delta): 39532.5
14 (QN/Block) 	Elapsed: 444.606	Loglikelihood: -1.24594e+07	(delta): 2509.83
15 (QN/Block) 	Elapsed: 442.059	Loglikelihood: -1.24583e+07	(delta): 1145.64
16 (QN/Block) 	Elapsed: 444.287	Loglikelihood: -1.24578e+07	(delta): 484.951
17 (QN/Block) 	Elapsed: 449.228	Loglikelihood: -1.24576e+07	(delta): 145.943
18 (QN/Block) 	Elapsed: 442.715	Loglikelihood: -1.24576e+07	(delta): 15.319
19 (QN/Block) 	Elapsed: 441.26	Loglikelihood: -1.24576e+07	(delta): 0.776704
20 (QN/Block) 	Elapsed: 441.561	Loglikelihood: -1.24576e+07	(delta): 0.712675
21 (QN/Block) 	Elapsed: 442.862	Loglikelihood: -1.24576e+07	(delta): 0.246668
22 (QN/Block) 	Elapsed: 442.579	Loglikelihood: -1.24576e+07	(delta): 0.0936013
23 (QN/Block) 	Elapsed: 442.426	Loglikelihood: -1.24576e+07	(delta): 0.00958713
24 (QN/Block) 	Elapsed: 441.93	Loglikelihood: -1.24576e+07	(delta): 0.00033832
25 (QN/Block) 	Elapsed: 443.432	Loglikelihood: -1.24576e+07	(delta): 3.37884e-05
Summary: 
Converged in 25 iterations (12578.5 sec)
Loglikelihood: -12457618.325455
Fst divergences between estimated populations: 
	Pop0	Pop1	Pop2	Pop3	Pop4	Pop5	Pop6	Pop7	Pop8	Pop9	Pop10	Pop11	Pop12	Pop13	Pop14	Pop15	Pop16	Pop17	Pop18	Pop19	Pop20	Pop21	Pop22	
Pop0	
Pop1	0.431	
Pop2	0.477	0.511	
Pop3	0.521	0.546	0.609	
Pop4	0.565	0.560	0.724	0.779	
Pop5	0.466	0.495	0.490	0.438	0.688	
Pop6	0.499	0.529	0.563	0.482	0.777	0.312	
Pop7	0.465	0.492	0.497	0.388	0.667	0.369	0.401	
Pop8	0.479	0.509	0.518	0.411	0.725	0.279	0.158	0.359	
Pop9	0.655	0.650	0.781	0.812	0.814	0.761	0.814	0.741	0.784	
Pop10	0.498	0.528	0.560	0.482	0.769	0.310	0.149	0.401	0.176	0.809	
Pop11	0.567	0.574	0.695	0.748	0.775	0.668	0.745	0.649	0.701	0.805	0.738	
Pop12	0.530	0.538	0.639	0.694	0.731	0.615	0.685	0.601	0.645	0.777	0.680	0.504	
Pop13	0.613	0.610	0.722	0.751	0.755	0.704	0.749	0.689	0.723	0.605	0.745	0.752	0.726	
Pop14	0.471	0.506	0.164	0.600	0.721	0.479	0.550	0.487	0.505	0.780	0.547	0.692	0.634	0.720	
Pop15	0.684	0.679	0.821	0.854	0.853	0.799	0.858	0.777	0.825	0.724	0.853	0.840	0.812	0.480	0.821	
Pop16	0.489	0.516	0.541	0.353	0.732	0.330	0.321	0.365	0.267	0.787	0.318	0.707	0.653	0.727	0.530	0.827	
Pop17	0.585	0.599	0.729	0.789	0.812	0.702	0.788	0.679	0.738	0.826	0.780	0.781	0.737	0.771	0.725	0.863	0.744	
Pop18	0.568	0.574	0.703	0.758	0.785	0.673	0.755	0.653	0.708	0.811	0.748	0.588	0.391	0.757	0.699	0.847	0.715	0.790	
Pop19	0.484	0.511	0.527	0.420	0.732	0.297	0.194	0.372	0.172	0.787	0.213	0.706	0.650	0.726	0.515	0.828	0.230	0.743	0.714	
Pop20	0.545	0.566	0.656	0.419	0.805	0.505	0.591	0.409	0.511	0.826	0.587	0.772	0.721	0.765	0.648	0.867	0.462	0.813	0.784	0.519	
Pop21	0.510	0.538	0.584	0.534	0.764	0.365	0.386	0.443	0.333	0.804	0.388	0.735	0.682	0.743	0.574	0.845	0.374	0.774	0.745	0.343	0.606	
Pop22	0.497	0.523	0.550	0.486	0.734	0.335	0.392	0.386	0.343	0.786	0.382	0.710	0.657	0.728	0.541	0.826	0.379	0.746	0.717	0.348	0.558	0.431	
Pop23	0.549	0.568	0.667	0.728	0.760	0.648	0.720	0.630	0.678	0.794	0.715	0.735	0.692	0.741	0.663	0.828	0.686	0.593	0.741	0.684	0.752	0.714	0.689	
CV error (K=24): 0.04799
Writing output files.
