****                   ADMIXTURE Version 1.3.0                  ****
****                    Copyright 2008-2015                     ****
****           David Alexander, Suyash Shringarpure,            ****
****                John  Novembre, Ken Lange                   ****
****                                                            ****
****                 Please cite our paper!                     ****
****   Information at www.genetics.ucla.edu/software/admixture  ****

Cross-validation will be performed.  Folds=10.
Parallel execution requested.  Will use 24 threads.
Random seed: 1468
Point estimation method: Block relaxation algorithm
Convergence acceleration algorithm: QuasiNewton, 3 secant conditions
Point estimation will terminate when objective function delta < 0.0001
Estimation of standard errors disabled; will compute point estimates only.
Size of G: 713x578311
Performing five EM steps to prime main algorithm
1 (EM) 	Elapsed: 173.743	Loglikelihood: -5.28594e+07	(delta): 5.34816e+08
2 (EM) 	Elapsed: 175.079	Loglikelihood: -4.58551e+07	(delta): 7.00436e+06
3 (EM) 	Elapsed: 170.887	Loglikelihood: -4.51435e+07	(delta): 711577
4 (EM) 	Elapsed: 169.354	Loglikelihood: -4.47489e+07	(delta): 394560
5 (EM) 	Elapsed: 169.867	Loglikelihood: -4.44116e+07	(delta): 337341
Initial loglikelihood: -4.44116e+07
Starting main algorithm
1 (QN/Block) 	Elapsed: 342.376	Loglikelihood: -2.54146e+07	(delta): 1.8997e+07
2 (QN/Block) 	Elapsed: 340.258	Loglikelihood: -1.86671e+07	(delta): 6.74746e+06
3 (QN/Block) 	Elapsed: 353.229	Loglikelihood: -1.69136e+07	(delta): 1.75358e+06
4 (QN/Block) 	Elapsed: 359.449	Loglikelihood: -1.57806e+07	(delta): 1.133e+06
5 (QN/Block) 	Elapsed: 363.451	Loglikelihood: -1.47904e+07	(delta): 990156
6 (QN/Block) 	Elapsed: 367.701	Loglikelihood: -1.4194e+07	(delta): 596421
7 (QN/Block) 	Elapsed: 361.21	Loglikelihood: -1.40115e+07	(delta): 182463
8 (QN/Block) 	Elapsed: 360.3	Loglikelihood: -1.39459e+07	(delta): 65597.2
9 (QN/Block) 	Elapsed: 354.361	Loglikelihood: -1.39171e+07	(delta): 28827.5
10 (QN/Block) 	Elapsed: 362.509	Loglikelihood: -1.3906e+07	(delta): 11079.6
11 (QN/Block) 	Elapsed: 352.617	Loglikelihood: -1.38999e+07	(delta): 6075.17
12 (QN/Block) 	Elapsed: 329.443	Loglikelihood: -1.38981e+07	(delta): 1874.52
13 (QN/Block) 	Elapsed: 318.704	Loglikelihood: -1.38976e+07	(delta): 431.107
14 (QN/Block) 	Elapsed: 322.968	Loglikelihood: -1.38975e+07	(delta): 151.439
15 (QN/Block) 	Elapsed: 319.97	Loglikelihood: -1.38975e+07	(delta): 9.94713
16 (QN/Block) 	Elapsed: 323.968	Loglikelihood: -1.38975e+07	(delta): 4.20431
17 (QN/Block) 	Elapsed: 333.508	Loglikelihood: -1.38975e+07	(delta): 0.863145
18 (QN/Block) 	Elapsed: 323.143	Loglikelihood: -1.38975e+07	(delta): 0.314106
19 (QN/Block) 	Elapsed: 328.075	Loglikelihood: -1.38975e+07	(delta): 0.227469
20 (QN/Block) 	Elapsed: 325.212	Loglikelihood: -1.38975e+07	(delta): 0.0116389
21 (QN/Block) 	Elapsed: 321.293	Loglikelihood: -1.38975e+07	(delta): 0.0088372
22 (QN/Block) 	Elapsed: 316.447	Loglikelihood: -1.38975e+07	(delta): 0.00497637
23 (QN/Block) 	Elapsed: 324.448	Loglikelihood: -1.38975e+07	(delta): 0.00367439
24 (QN/Block) 	Elapsed: 317.049	Loglikelihood: -1.38975e+07	(delta): 0.000135139
25 (QN/Block) 	Elapsed: 327.32	Loglikelihood: -1.38975e+07	(delta): 2.67867e-05
Summary: 
Converged in 25 iterations (9319.94 sec)
Loglikelihood: -13897464.643401
Fst divergences between estimated populations: 
	Pop0	Pop1	Pop2	Pop3	Pop4	Pop5	Pop6	Pop7	Pop8	Pop9	Pop10	Pop11	Pop12	Pop13	Pop14	Pop15	
Pop0	
Pop1	0.450	
Pop2	0.399	0.463	
Pop3	0.484	0.649	0.529	
Pop4	0.418	0.420	0.350	0.599	
Pop5	0.413	0.557	0.290	0.524	0.449	
Pop6	0.395	0.506	0.213	0.502	0.405	0.174	
Pop7	0.537	0.659	0.592	0.572	0.630	0.599	0.581	
Pop8	0.636	0.804	0.730	0.719	0.776	0.750	0.720	0.674	
Pop9	0.685	0.786	0.747	0.740	0.771	0.758	0.742	0.710	0.774	
Pop10	0.415	0.562	0.292	0.529	0.451	0.117	0.149	0.604	0.756	0.761	
Pop11	0.723	0.836	0.796	0.789	0.821	0.809	0.791	0.750	0.822	0.646	0.813	
Pop12	0.406	0.474	0.420	0.406	0.450	0.418	0.408	0.429	0.482	0.577	0.418	0.608	
Pop13	0.378	0.486	0.312	0.463	0.418	0.269	0.264	0.547	0.672	0.715	0.274	0.761	0.395	
Pop14	0.451	0.530	0.475	0.449	0.506	0.474	0.464	0.472	0.554	0.624	0.476	0.656	0.357	0.445	
Pop15	0.492	0.656	0.540	0.163	0.608	0.537	0.514	0.578	0.722	0.742	0.542	0.790	0.412	0.474	0.455	
Pop16	0.314	0.461	0.412	0.530	0.439	0.433	0.410	0.579	0.701	0.728	0.439	0.773	0.426	0.397	0.474	0.539	
CV error (K=17): 0.04980
Writing output files.
