****                   ADMIXTURE Version 1.3.0                  ****
****                    Copyright 2008-2015                     ****
****           David Alexander, Suyash Shringarpure,            ****
****                John  Novembre, Ken Lange                   ****
****                                                            ****
****                 Please cite our paper!                     ****
****   Information at www.genetics.ucla.edu/software/admixture  ****

Cross-validation will be performed.  Folds=10.
Parallel execution requested.  Will use 24 threads.
Random seed: 1468
Point estimation method: Block relaxation algorithm
Convergence acceleration algorithm: QuasiNewton, 3 secant conditions
Point estimation will terminate when objective function delta < 0.0001
Estimation of standard errors disabled; will compute point estimates only.
Size of G: 713x578311
Performing five EM steps to prime main algorithm
1 (EM) 	Elapsed: 423.328	Loglikelihood: -5.28105e+07	(delta): 5.27956e+08
2 (EM) 	Elapsed: 420.718	Loglikelihood: -4.55545e+07	(delta): 7.25598e+06
3 (EM) 	Elapsed: 433.795	Loglikelihood: -4.47968e+07	(delta): 757738
4 (EM) 	Elapsed: 433.508	Loglikelihood: -4.43481e+07	(delta): 448701
5 (EM) 	Elapsed: 425.528	Loglikelihood: -4.39334e+07	(delta): 414670
Initial loglikelihood: -4.39334e+07
Starting main algorithm
1 (QN/Block) 	Elapsed: 577.575	Loglikelihood: -2.33554e+07	(delta): 2.0578e+07
2 (QN/Block) 	Elapsed: 595.926	Loglikelihood: -1.63046e+07	(delta): 7.05081e+06
3 (QN/Block) 	Elapsed: 597.181	Loglikelihood: -1.3954e+07	(delta): 2.35058e+06
4 (QN/Block) 	Elapsed: 599.291	Loglikelihood: -1.27552e+07	(delta): 1.19875e+06
5 (QN/Block) 	Elapsed: 600.002	Loglikelihood: -1.18963e+07	(delta): 858987
6 (QN/Block) 	Elapsed: 599.357	Loglikelihood: -1.15955e+07	(delta): 300794
7 (QN/Block) 	Elapsed: 601.771	Loglikelihood: -1.14455e+07	(delta): 149934
8 (QN/Block) 	Elapsed: 606.555	Loglikelihood: -1.139e+07	(delta): 55531.5
9 (QN/Block) 	Elapsed: 607.836	Loglikelihood: -1.13654e+07	(delta): 24646.2
10 (QN/Block) 	Elapsed: 608.393	Loglikelihood: -1.1358e+07	(delta): 7307.53
11 (QN/Block) 	Elapsed: 607.096	Loglikelihood: -1.13565e+07	(delta): 1539.71
12 (QN/Block) 	Elapsed: 610.956	Loglikelihood: -1.13548e+07	(delta): 1688.24
13 (QN/Block) 	Elapsed: 606.257	Loglikelihood: -1.13541e+07	(delta): 687.215
14 (QN/Block) 	Elapsed: 606.116	Loglikelihood: -1.13527e+07	(delta): 1436.14
15 (QN/Block) 	Elapsed: 608.736	Loglikelihood: -1.1351e+07	(delta): 1671.4
16 (QN/Block) 	Elapsed: 603.995	Loglikelihood: -1.13493e+07	(delta): 1737.55
17 (QN/Block) 	Elapsed: 602.903	Loglikelihood: -1.13481e+07	(delta): 1236.17
18 (QN/Block) 	Elapsed: 604.067	Loglikelihood: -1.13473e+07	(delta): 762.292
19 (QN/Block) 	Elapsed: 604.606	Loglikelihood: -1.13462e+07	(delta): 1133.16
20 (QN/Block) 	Elapsed: 599.972	Loglikelihood: -1.13455e+07	(delta): 676.874
21 (QN/Block) 	Elapsed: 606.84	Loglikelihood: -1.1345e+07	(delta): 444.389
22 (QN/Block) 	Elapsed: 604.642	Loglikelihood: -1.13447e+07	(delta): 366.454
23 (QN/Block) 	Elapsed: 605.57	Loglikelihood: -1.13445e+07	(delta): 149.791
24 (QN/Block) 	Elapsed: 618.841	Loglikelihood: -1.13445e+07	(delta): 62.2815
25 (QN/Block) 	Elapsed: 621.62	Loglikelihood: -1.13441e+07	(delta): 370.406
26 (QN/Block) 	Elapsed: 618.922	Loglikelihood: -1.13438e+07	(delta): 295.147
27 (QN/Block) 	Elapsed: 614.216	Loglikelihood: -1.13436e+07	(delta): 179.409
28 (QN/Block) 	Elapsed: 613.366	Loglikelihood: -1.13434e+07	(delta): 248.187
29 (QN/Block) 	Elapsed: 589.773	Loglikelihood: -1.13431e+07	(delta): 253.303
30 (QN/Block) 	Elapsed: 588.428	Loglikelihood: -1.13429e+07	(delta): 172.671
31 (QN/Block) 	Elapsed: 583.035	Loglikelihood: -1.13429e+07	(delta): 69.8204
32 (QN/Block) 	Elapsed: 585.202	Loglikelihood: -1.13429e+07	(delta): 12.1204
33 (QN/Block) 	Elapsed: 585.05	Loglikelihood: -1.13429e+07	(delta): 1.51063
34 (QN/Block) 	Elapsed: 582.98	Loglikelihood: -1.13429e+07	(delta): 0.744471
35 (QN/Block) 	Elapsed: 581.295	Loglikelihood: -1.13429e+07	(delta): 0.121221
36 (QN/Block) 	Elapsed: 580.742	Loglikelihood: -1.13429e+07	(delta): 0.0295507
37 (QN/Block) 	Elapsed: 581.109	Loglikelihood: -1.13429e+07	(delta): 0.00828709
38 (QN/Block) 	Elapsed: 584.04	Loglikelihood: -1.13429e+07	(delta): 0.00258009
39 (QN/Block) 	Elapsed: 581.592	Loglikelihood: -1.13429e+07	(delta): 0.00163954
40 (QN/Block) 	Elapsed: 575.515	Loglikelihood: -1.13429e+07	(delta): 0.000127237
41 (QN/Block) 	Elapsed: 562.368	Loglikelihood: -1.13429e+07	(delta): 5.12898e-05
Summary: 
Converged in 41 iterations (26677.1 sec)
Loglikelihood: -11342852.151402
Fst divergences between estimated populations: 
	Pop0	Pop1	Pop2	Pop3	Pop4	Pop5	Pop6	Pop7	Pop8	Pop9	Pop10	Pop11	Pop12	Pop13	Pop14	Pop15	Pop16	Pop17	Pop18	Pop19	Pop20	Pop21	Pop22	Pop23	Pop24	Pop25	Pop26	Pop27	Pop28	
Pop0	
Pop1	0.715	
Pop2	0.646	0.649	
Pop3	0.668	0.480	0.559	
Pop4	0.628	0.474	0.520	0.342	
Pop5	0.649	0.656	0.237	0.564	0.525	
Pop6	0.683	0.515	0.576	0.225	0.347	0.582	
Pop7	0.657	0.417	0.548	0.186	0.339	0.553	0.245	
Pop8	0.684	0.522	0.572	0.183	0.344	0.579	0.153	0.241	
Pop9	0.710	0.571	0.642	0.494	0.489	0.649	0.526	0.456	0.515	
Pop10	0.604	0.631	0.586	0.594	0.570	0.588	0.605	0.585	0.603	0.630	
Pop11	0.662	0.476	0.550	0.151	0.326	0.555	0.210	0.219	0.162	0.473	0.590	
Pop12	0.311	0.675	0.609	0.628	0.593	0.612	0.642	0.619	0.641	0.670	0.579	0.623	
Pop13	0.712	0.765	0.704	0.723	0.686	0.708	0.739	0.713	0.740	0.760	0.642	0.719	0.684	
Pop14	0.739	0.666	0.693	0.600	0.560	0.700	0.638	0.562	0.632	0.506	0.654	0.584	0.699	0.784	
Pop15	0.739	0.779	0.740	0.752	0.726	0.743	0.763	0.745	0.764	0.776	0.670	0.749	0.718	0.754	0.792	
Pop16	0.596	0.396	0.469	0.263	0.185	0.474	0.260	0.256	0.258	0.412	0.544	0.247	0.562	0.656	0.487	0.705	
Pop17	0.832	0.893	0.849	0.866	0.831	0.852	0.881	0.856	0.882	0.889	0.755	0.862	0.809	0.846	0.904	0.546	0.807	
Pop18	0.739	0.814	0.741	0.763	0.712	0.746	0.785	0.749	0.787	0.808	0.640	0.757	0.703	0.775	0.838	0.775	0.674	0.882	
Pop19	0.642	0.688	0.635	0.649	0.619	0.638	0.662	0.641	0.661	0.684	0.570	0.645	0.615	0.684	0.708	0.707	0.592	0.793	0.675	
Pop20	0.662	0.579	0.588	0.500	0.475	0.593	0.519	0.482	0.515	0.525	0.599	0.489	0.628	0.712	0.553	0.742	0.416	0.844	0.744	0.647	
Pop21	0.618	0.503	0.528	0.423	0.416	0.532	0.437	0.408	0.432	0.442	0.565	0.412	0.586	0.671	0.481	0.712	0.356	0.810	0.693	0.611	0.284	
Pop22	0.777	0.826	0.785	0.799	0.769	0.788	0.812	0.791	0.813	0.823	0.705	0.795	0.755	0.793	0.839	0.620	0.747	0.753	0.820	0.742	0.784	0.752	
Pop23	0.670	0.488	0.587	0.436	0.431	0.592	0.455	0.399	0.447	0.295	0.599	0.416	0.633	0.723	0.359	0.750	0.363	0.858	0.759	0.653	0.448	0.381	0.795	
Pop24	0.842	0.905	0.861	0.878	0.842	0.864	0.894	0.868	0.895	0.901	0.764	0.874	0.818	0.855	0.917	0.556	0.818	0.521	0.894	0.802	0.855	0.820	0.767	0.870	
Pop25	0.625	0.661	0.590	0.615	0.583	0.593	0.627	0.606	0.626	0.656	0.579	0.610	0.597	0.672	0.685	0.709	0.554	0.797	0.694	0.615	0.616	0.577	0.746	0.622	0.806	
Pop26	0.647	0.651	0.194	0.554	0.514	0.177	0.572	0.543	0.568	0.643	0.585	0.544	0.608	0.707	0.697	0.743	0.461	0.854	0.746	0.636	0.586	0.524	0.789	0.585	0.866	0.590	
Pop27	0.654	0.457	0.544	0.247	0.324	0.550	0.213	0.260	0.242	0.474	0.586	0.225	0.616	0.710	0.568	0.743	0.245	0.854	0.745	0.638	0.477	0.402	0.789	0.411	0.866	0.603	0.539	
Pop28	0.656	0.354	0.555	0.293	0.364	0.561	0.332	0.242	0.323	0.395	0.588	0.296	0.619	0.712	0.496	0.744	0.288	0.853	0.746	0.641	0.464	0.398	0.789	0.330	0.865	0.607	0.551	0.285	
Pop29	0.775	0.855	0.779	0.808	0.756	0.784	0.831	0.793	0.832	0.849	0.684	0.802	0.740	0.798	0.876	0.800	0.718	0.904	0.852	0.732	0.780	0.730	0.844	0.800	0.916	0.722	0.785	0.789	0.789	
CV error (K=30): 0.04640
Writing output files.
