****                   ADMIXTURE Version 1.3.0                  ****
****                    Copyright 2008-2015                     ****
****           David Alexander, Suyash Shringarpure,            ****
****                John  Novembre, Ken Lange                   ****
****                                                            ****
****                 Please cite our paper!                     ****
****   Information at www.genetics.ucla.edu/software/admixture  ****

Cross-validation will be performed.  Folds=10.
Parallel execution requested.  Will use 24 threads.
Random seed: 1432
Point estimation method: Block relaxation algorithm
Convergence acceleration algorithm: QuasiNewton, 3 secant conditions
Point estimation will terminate when objective function delta < 0.0001
Estimation of standard errors disabled; will compute point estimates only.
Size of G: 713x578311
Performing five EM steps to prime main algorithm
1 (EM) 	Elapsed: 351.57	Loglikelihood: -5.2828e+07	(delta): 5.28724e+08
2 (EM) 	Elapsed: 352.438	Loglikelihood: -4.5612e+07	(delta): 7.21599e+06
3 (EM) 	Elapsed: 352.097	Loglikelihood: -4.48736e+07	(delta): 738437
4 (EM) 	Elapsed: 359.027	Loglikelihood: -4.44589e+07	(delta): 414649
5 (EM) 	Elapsed: 344.932	Loglikelihood: -4.40988e+07	(delta): 360134
Initial loglikelihood: -4.40988e+07
Starting main algorithm
1 (QN/Block) 	Elapsed: 511.915	Loglikelihood: -2.35547e+07	(delta): 2.05441e+07
2 (QN/Block) 	Elapsed: 512.044	Loglikelihood: -1.60443e+07	(delta): 7.51034e+06
3 (QN/Block) 	Elapsed: 518.916	Loglikelihood: -1.39939e+07	(delta): 2.05043e+06
4 (QN/Block) 	Elapsed: 517.956	Loglikelihood: -1.27976e+07	(delta): 1.19633e+06
5 (QN/Block) 	Elapsed: 517.906	Loglikelihood: -1.22066e+07	(delta): 590997
6 (QN/Block) 	Elapsed: 517.725	Loglikelihood: -1.19588e+07	(delta): 247784
7 (QN/Block) 	Elapsed: 518.151	Loglikelihood: -1.18442e+07	(delta): 114531
8 (QN/Block) 	Elapsed: 518.847	Loglikelihood: -1.17823e+07	(delta): 61911.9
9 (QN/Block) 	Elapsed: 516.942	Loglikelihood: -1.17669e+07	(delta): 15434.4
10 (QN/Block) 	Elapsed: 517.15	Loglikelihood: -1.17592e+07	(delta): 7707.65
11 (QN/Block) 	Elapsed: 518.084	Loglikelihood: -1.17544e+07	(delta): 4788.11
12 (QN/Block) 	Elapsed: 518.317	Loglikelihood: -1.17528e+07	(delta): 1637.28
13 (QN/Block) 	Elapsed: 519.681	Loglikelihood: -1.17508e+07	(delta): 1937.79
14 (QN/Block) 	Elapsed: 520.358	Loglikelihood: -1.17501e+07	(delta): 706.11
15 (QN/Block) 	Elapsed: 517.066	Loglikelihood: -1.17495e+07	(delta): 636.127
16 (QN/Block) 	Elapsed: 517.456	Loglikelihood: -1.17494e+07	(delta): 126.536
17 (QN/Block) 	Elapsed: 518.216	Loglikelihood: -1.17492e+07	(delta): 120.258
18 (QN/Block) 	Elapsed: 519.497	Loglikelihood: -1.17489e+07	(delta): 372.425
19 (QN/Block) 	Elapsed: 519.859	Loglikelihood: -1.17488e+07	(delta): 68.8251
20 (QN/Block) 	Elapsed: 519.893	Loglikelihood: -1.17488e+07	(delta): 18.9862
21 (QN/Block) 	Elapsed: 518.239	Loglikelihood: -1.17488e+07	(delta): 16.6701
22 (QN/Block) 	Elapsed: 520.805	Loglikelihood: -1.17488e+07	(delta): 4.36246
23 (QN/Block) 	Elapsed: 518.672	Loglikelihood: -1.17488e+07	(delta): 0.58003
24 (QN/Block) 	Elapsed: 518.088	Loglikelihood: -1.17488e+07	(delta): 0.294534
25 (QN/Block) 	Elapsed: 518.214	Loglikelihood: -1.17488e+07	(delta): 0.0398091
26 (QN/Block) 	Elapsed: 518.682	Loglikelihood: -1.17488e+07	(delta): 0.0227018
27 (QN/Block) 	Elapsed: 517.833	Loglikelihood: -1.17488e+07	(delta): 0.000511887
28 (QN/Block) 	Elapsed: 517.992	Loglikelihood: -1.17488e+07	(delta): 3.00724e-05
Summary: 
Converged in 28 iterations (16286 sec)
Loglikelihood: -11748761.467269
Fst divergences between estimated populations: 
	Pop0	Pop1	Pop2	Pop3	Pop4	Pop5	Pop6	Pop7	Pop8	Pop9	Pop10	Pop11	Pop12	Pop13	Pop14	Pop15	Pop16	Pop17	Pop18	Pop19	Pop20	Pop21	Pop22	Pop23	Pop24	Pop25	Pop26	
Pop0	
Pop1	0.264	
Pop2	0.635	0.657	
Pop3	0.741	0.749	0.773	
Pop4	0.489	0.509	0.442	0.713	
Pop5	0.857	0.865	0.892	0.554	0.822	
Pop6	0.615	0.629	0.672	0.722	0.580	0.818	
Pop7	0.547	0.572	0.463	0.748	0.288	0.867	0.628	
Pop8	0.561	0.584	0.463	0.751	0.322	0.869	0.634	0.222	
Pop9	0.859	0.867	0.894	0.553	0.824	0.531	0.820	0.870	0.872	
Pop10	0.786	0.794	0.819	0.620	0.755	0.760	0.759	0.794	0.797	0.763	
Pop11	0.512	0.529	0.416	0.705	0.372	0.807	0.581	0.397	0.404	0.810	0.745	
Pop12	0.742	0.757	0.801	0.775	0.688	0.889	0.710	0.754	0.760	0.891	0.819	0.680	
Pop13	0.565	0.587	0.417	0.747	0.338	0.863	0.632	0.307	0.275	0.866	0.793	0.396	0.753	
Pop14	0.671	0.692	0.451	0.782	0.498	0.900	0.692	0.551	0.547	0.903	0.828	0.429	0.820	0.503	
Pop15	0.574	0.602	0.507	0.765	0.304	0.890	0.650	0.171	0.274	0.893	0.814	0.415	0.789	0.354	0.597	
Pop16	0.599	0.617	0.530	0.747	0.447	0.854	0.642	0.492	0.495	0.857	0.789	0.315	0.752	0.499	0.552	0.523	
Pop17	0.481	0.492	0.528	0.622	0.462	0.705	0.512	0.489	0.495	0.707	0.655	0.469	0.570	0.496	0.547	0.499	0.515	
Pop18	0.165	0.231	0.630	0.740	0.479	0.858	0.612	0.539	0.553	0.861	0.786	0.505	0.742	0.558	0.667	0.566	0.593	0.476	
Pop19	0.589	0.603	0.652	0.709	0.565	0.802	0.602	0.608	0.614	0.804	0.746	0.567	0.694	0.614	0.671	0.628	0.625	0.498	0.587	
Pop20	0.581	0.609	0.520	0.766	0.302	0.891	0.653	0.226	0.287	0.894	0.815	0.423	0.791	0.362	0.607	0.176	0.531	0.502	0.573	0.630	
Pop21	0.586	0.596	0.626	0.670	0.554	0.760	0.585	0.587	0.594	0.761	0.705	0.556	0.640	0.592	0.642	0.605	0.606	0.482	0.583	0.579	0.608	
Pop22	0.590	0.617	0.537	0.768	0.331	0.892	0.657	0.241	0.289	0.894	0.816	0.433	0.793	0.378	0.622	0.221	0.538	0.507	0.582	0.634	0.204	0.611	
Pop23	0.557	0.579	0.330	0.743	0.339	0.859	0.625	0.311	0.318	0.861	0.788	0.366	0.746	0.227	0.413	0.345	0.468	0.492	0.550	0.608	0.369	0.589	0.385	
Pop24	0.610	0.633	0.573	0.767	0.356	0.886	0.662	0.353	0.398	0.889	0.813	0.463	0.791	0.401	0.633	0.401	0.563	0.516	0.603	0.641	0.407	0.617	0.429	0.418	
Pop25	0.636	0.647	0.680	0.707	0.603	0.798	0.621	0.644	0.648	0.800	0.742	0.601	0.675	0.646	0.696	0.663	0.654	0.517	0.633	0.615	0.665	0.570	0.668	0.641	0.671	
Pop26	0.624	0.639	0.682	0.727	0.588	0.825	0.220	0.638	0.644	0.827	0.765	0.590	0.719	0.641	0.702	0.661	0.651	0.517	0.622	0.609	0.664	0.589	0.668	0.635	0.672	0.627	
Pop27	0.559	0.583	0.483	0.749	0.313	0.867	0.632	0.267	0.321	0.870	0.795	0.399	0.757	0.351	0.558	0.281	0.480	0.493	0.551	0.611	0.244	0.593	0.281	0.341	0.390	0.647	0.642	
CV error (K=28): 0.04685
Writing output files.
