****                   ADMIXTURE Version 1.3.0                  ****
****                    Copyright 2008-2015                     ****
****           David Alexander, Suyash Shringarpure,            ****
****                John  Novembre, Ken Lange                   ****
****                                                            ****
****                 Please cite our paper!                     ****
****   Information at www.genetics.ucla.edu/software/admixture  ****

Cross-validation will be performed.  Folds=10.
Parallel execution requested.  Will use 24 threads.
Random seed: 1807
Point estimation method: Block relaxation algorithm
Convergence acceleration algorithm: QuasiNewton, 3 secant conditions
Point estimation will terminate when objective function delta < 0.0001
Estimation of standard errors disabled; will compute point estimates only.
Size of G: 713x578311
Performing five EM steps to prime main algorithm
1 (EM) 	Elapsed: 410.788	Loglikelihood: -5.28356e+07	(delta): 5.28327e+08
2 (EM) 	Elapsed: 419.066	Loglikelihood: -4.55934e+07	(delta): 7.24224e+06
3 (EM) 	Elapsed: 421.03	Loglikelihood: -4.48518e+07	(delta): 741614
4 (EM) 	Elapsed: 420.091	Loglikelihood: -4.44261e+07	(delta): 425688
5 (EM) 	Elapsed: 385.363	Loglikelihood: -4.40441e+07	(delta): 382004
Initial loglikelihood: -4.40441e+07
Starting main algorithm
1 (QN/Block) 	Elapsed: 530.59	Loglikelihood: -2.36238e+07	(delta): 2.04203e+07
2 (QN/Block) 	Elapsed: 517.927	Loglikelihood: -1.65466e+07	(delta): 7.07716e+06
3 (QN/Block) 	Elapsed: 521.031	Loglikelihood: -1.44214e+07	(delta): 2.12519e+06
4 (QN/Block) 	Elapsed: 522.346	Loglikelihood: -1.30889e+07	(delta): 1.33251e+06
5 (QN/Block) 	Elapsed: 520.483	Loglikelihood: -1.2351e+07	(delta): 737945
6 (QN/Block) 	Elapsed: 524.343	Loglikelihood: -1.20564e+07	(delta): 294516
7 (QN/Block) 	Elapsed: 521.12	Loglikelihood: -1.19032e+07	(delta): 153186
8 (QN/Block) 	Elapsed: 520.762	Loglikelihood: -1.18555e+07	(delta): 47756.2
9 (QN/Block) 	Elapsed: 517.924	Loglikelihood: -1.18431e+07	(delta): 12414.6
10 (QN/Block) 	Elapsed: 524.585	Loglikelihood: -1.18385e+07	(delta): 4610.91
11 (QN/Block) 	Elapsed: 526.372	Loglikelihood: -1.18357e+07	(delta): 2807.92
12 (QN/Block) 	Elapsed: 525.308	Loglikelihood: -1.18324e+07	(delta): 3274.67
13 (QN/Block) 	Elapsed: 525.408	Loglikelihood: -1.18297e+07	(delta): 2678.48
14 (QN/Block) 	Elapsed: 527.116	Loglikelihood: -1.18278e+07	(delta): 1907.87
15 (QN/Block) 	Elapsed: 528.965	Loglikelihood: -1.18263e+07	(delta): 1508.4
16 (QN/Block) 	Elapsed: 528.088	Loglikelihood: -1.18246e+07	(delta): 1655.05
17 (QN/Block) 	Elapsed: 526.653	Loglikelihood: -1.18099e+07	(delta): 14703.4
18 (QN/Block) 	Elapsed: 528.882	Loglikelihood: -1.17976e+07	(delta): 12289
19 (QN/Block) 	Elapsed: 526.808	Loglikelihood: -1.17899e+07	(delta): 7762.36
20 (QN/Block) 	Elapsed: 525.525	Loglikelihood: -1.17885e+07	(delta): 1344.08
21 (QN/Block) 	Elapsed: 526.003	Loglikelihood: -1.17726e+07	(delta): 15937.3
22 (QN/Block) 	Elapsed: 529.297	Loglikelihood: -1.17645e+07	(delta): 8128.37
23 (QN/Block) 	Elapsed: 537.567	Loglikelihood: -1.17381e+07	(delta): 26380.7
24 (QN/Block) 	Elapsed: 524.77	Loglikelihood: -1.17077e+07	(delta): 30351.4
25 (QN/Block) 	Elapsed: 517.098	Loglikelihood: -1.16985e+07	(delta): 9213.58
26 (QN/Block) 	Elapsed: 515.893	Loglikelihood: -1.16942e+07	(delta): 4367.05
27 (QN/Block) 	Elapsed: 517.306	Loglikelihood: -1.16926e+07	(delta): 1554.65
28 (QN/Block) 	Elapsed: 517.191	Loglikelihood: -1.16916e+07	(delta): 985.23
29 (QN/Block) 	Elapsed: 519.342	Loglikelihood: -1.1691e+07	(delta): 595.709
30 (QN/Block) 	Elapsed: 516.442	Loglikelihood: -1.16908e+07	(delta): 254.235
31 (QN/Block) 	Elapsed: 519.343	Loglikelihood: -1.16906e+07	(delta): 167.35
32 (QN/Block) 	Elapsed: 517.739	Loglikelihood: -1.16906e+07	(delta): 40.8855
33 (QN/Block) 	Elapsed: 512.928	Loglikelihood: -1.16906e+07	(delta): 6.36007
34 (QN/Block) 	Elapsed: 518.961	Loglikelihood: -1.16906e+07	(delta): 2.231
35 (QN/Block) 	Elapsed: 515.928	Loglikelihood: -1.16905e+07	(delta): 61.6488
36 (QN/Block) 	Elapsed: 517	Loglikelihood: -1.16905e+07	(delta): 37.9961
37 (QN/Block) 	Elapsed: 515.946	Loglikelihood: -1.16905e+07	(delta): 0.445584
38 (QN/Block) 	Elapsed: 511.897	Loglikelihood: -1.16905e+07	(delta): 0.192527
39 (QN/Block) 	Elapsed: 516.023	Loglikelihood: -1.16905e+07	(delta): 0.167397
40 (QN/Block) 	Elapsed: 509.629	Loglikelihood: -1.16905e+07	(delta): 0.0529639
41 (QN/Block) 	Elapsed: 513.803	Loglikelihood: -1.16905e+07	(delta): 0.00551844
42 (QN/Block) 	Elapsed: 516.367	Loglikelihood: -1.16905e+07	(delta): 0.00400541
43 (QN/Block) 	Elapsed: 515.617	Loglikelihood: -1.16905e+07	(delta): 0.00214868
44 (QN/Block) 	Elapsed: 515.902	Loglikelihood: -1.16905e+07	(delta): 0.00135418
45 (QN/Block) 	Elapsed: 517.135	Loglikelihood: -1.16905e+07	(delta): 0.00115034
46 (QN/Block) 	Elapsed: 515.719	Loglikelihood: -1.16905e+07	(delta): 0.00174172
47 (QN/Block) 	Elapsed: 515.393	Loglikelihood: -1.16905e+07	(delta): 1.96993e-05
Summary: 
Converged in 47 iterations (26567.2 sec)
Loglikelihood: -11690450.320202
Fst divergences between estimated populations: 
	Pop0	Pop1	Pop2	Pop3	Pop4	Pop5	Pop6	Pop7	Pop8	Pop9	Pop10	Pop11	Pop12	Pop13	Pop14	Pop15	Pop16	Pop17	Pop18	Pop19	Pop20	Pop21	Pop22	Pop23	Pop24	Pop25	Pop26	Pop27	
Pop0	
Pop1	0.341	
Pop2	0.520	0.387	
Pop3	0.642	0.499	0.520	
Pop4	0.612	0.565	0.656	0.716	
Pop5	0.641	0.592	0.681	0.739	0.292	
Pop6	0.304	0.298	0.478	0.602	0.562	0.593	
Pop7	0.789	0.749	0.803	0.835	0.750	0.763	0.761	
Pop8	0.851	0.824	0.859	0.878	0.828	0.836	0.834	0.852	
Pop9	0.318	0.324	0.516	0.640	0.582	0.614	0.183	0.779	0.847	
Pop10	0.751	0.729	0.760	0.778	0.731	0.739	0.735	0.765	0.638	0.745	
Pop11	0.370	0.336	0.463	0.543	0.511	0.537	0.294	0.709	0.796	0.311	0.705	
Pop12	0.691	0.656	0.710	0.744	0.654	0.670	0.664	0.744	0.808	0.679	0.726	0.619	
Pop13	0.853	0.825	0.861	0.880	0.830	0.837	0.836	0.853	0.498	0.848	0.645	0.797	0.809	
Pop14	0.606	0.561	0.649	0.707	0.209	0.304	0.557	0.743	0.823	0.577	0.728	0.509	0.649	0.825	
Pop15	0.343	0.322	0.515	0.645	0.585	0.618	0.148	0.785	0.851	0.145	0.748	0.313	0.684	0.853	0.580	
Pop16	0.334	0.277	0.464	0.570	0.547	0.576	0.208	0.744	0.822	0.194	0.726	0.286	0.651	0.824	0.544	0.229	
Pop17	0.493	0.346	0.558	0.662	0.654	0.679	0.467	0.801	0.858	0.493	0.759	0.440	0.708	0.859	0.647	0.509	0.439	
Pop18	0.605	0.557	0.650	0.712	0.181	0.256	0.553	0.748	0.828	0.573	0.730	0.502	0.651	0.829	0.204	0.577	0.539	0.648	
Pop19	0.651	0.619	0.670	0.703	0.616	0.632	0.625	0.712	0.784	0.638	0.705	0.584	0.311	0.786	0.613	0.642	0.612	0.668	0.612	
Pop20	0.462	0.444	0.481	0.508	0.445	0.458	0.443	0.530	0.629	0.450	0.567	0.426	0.476	0.632	0.444	0.449	0.438	0.479	0.440	0.455	
Pop21	0.471	0.340	0.308	0.382	0.606	0.631	0.439	0.765	0.833	0.464	0.738	0.419	0.675	0.834	0.601	0.464	0.418	0.495	0.600	0.638	0.461	
Pop22	0.636	0.607	0.656	0.689	0.597	0.613	0.611	0.695	0.774	0.623	0.697	0.574	0.625	0.775	0.593	0.626	0.600	0.655	0.593	0.597	0.461	0.627	
Pop23	0.260	0.229	0.458	0.568	0.549	0.578	0.160	0.744	0.822	0.234	0.726	0.304	0.651	0.823	0.546	0.214	0.242	0.418	0.541	0.613	0.436	0.417	0.601	
Pop24	0.745	0.712	0.760	0.789	0.713	0.725	0.721	0.768	0.822	0.736	0.741	0.677	0.712	0.824	0.708	0.740	0.706	0.758	0.711	0.684	0.524	0.728	0.672	0.707	
Pop25	0.366	0.338	0.454	0.530	0.497	0.523	0.298	0.695	0.785	0.312	0.697	0.172	0.606	0.787	0.496	0.315	0.291	0.432	0.488	0.572	0.420	0.414	0.564	0.309	0.665	
Pop26	0.789	0.743	0.805	0.841	0.751	0.766	0.757	0.811	0.853	0.777	0.759	0.698	0.737	0.854	0.744	0.784	0.739	0.803	0.749	0.701	0.489	0.763	0.692	0.738	0.774	0.683	
Pop27	0.423	0.368	0.414	0.451	0.514	0.537	0.392	0.685	0.775	0.405	0.691	0.373	0.605	0.777	0.513	0.405	0.375	0.470	0.508	0.573	0.428	0.358	0.564	0.380	0.659	0.368	0.676	
Pop28	0.857	0.829	0.865	0.884	0.834	0.841	0.840	0.856	0.766	0.852	0.480	0.801	0.812	0.770	0.829	0.857	0.827	0.863	0.833	0.789	0.634	0.838	0.778	0.827	0.826	0.790	0.858	0.780	
CV error (K=29): 0.04750
Writing output files.
