****                   ADMIXTURE Version 1.3.0                  ****
****                    Copyright 2008-2015                     ****
****           David Alexander, Suyash Shringarpure,            ****
****                John  Novembre, Ken Lange                   ****
****                                                            ****
****                 Please cite our paper!                     ****
****   Information at www.genetics.ucla.edu/software/admixture  ****

Cross-validation will be performed.  Folds=10.
Parallel execution requested.  Will use 24 threads.
Random seed: 1706
Point estimation method: Block relaxation algorithm
Convergence acceleration algorithm: QuasiNewton, 3 secant conditions
Point estimation will terminate when objective function delta < 0.0001
Estimation of standard errors disabled; will compute point estimates only.
Size of G: 713x578311
Performing five EM steps to prime main algorithm
1 (EM) 	Elapsed: 147.849	Loglikelihood: -5.28141e+07	(delta): 5.35286e+08
2 (EM) 	Elapsed: 148.593	Loglikelihood: -4.57693e+07	(delta): 7.04479e+06
3 (EM) 	Elapsed: 149.695	Loglikelihood: -4.50144e+07	(delta): 754838
4 (EM) 	Elapsed: 149.099	Loglikelihood: -4.45595e+07	(delta): 454927
5 (EM) 	Elapsed: 152.086	Loglikelihood: -4.4133e+07	(delta): 426507
Initial loglikelihood: -4.4133e+07
Starting main algorithm
1 (QN/Block) 	Elapsed: 319.074	Loglikelihood: -2.49713e+07	(delta): 1.91618e+07
2 (QN/Block) 	Elapsed: 316.35	Loglikelihood: -1.81608e+07	(delta): 6.81045e+06
3 (QN/Block) 	Elapsed: 321.103	Loglikelihood: -1.64593e+07	(delta): 1.70151e+06
4 (QN/Block) 	Elapsed: 312.488	Loglikelihood: -1.54189e+07	(delta): 1.04037e+06
5 (QN/Block) 	Elapsed: 325.036	Loglikelihood: -1.46793e+07	(delta): 739602
6 (QN/Block) 	Elapsed: 324.43	Loglikelihood: -1.43931e+07	(delta): 286250
7 (QN/Block) 	Elapsed: 323.142	Loglikelihood: -1.42008e+07	(delta): 192298
8 (QN/Block) 	Elapsed: 321.89	Loglikelihood: -1.41344e+07	(delta): 66340.2
9 (QN/Block) 	Elapsed: 323.338	Loglikelihood: -1.40998e+07	(delta): 34605.3
10 (QN/Block) 	Elapsed: 322.929	Loglikelihood: -1.4091e+07	(delta): 8860.08
11 (QN/Block) 	Elapsed: 323.463	Loglikelihood: -1.40863e+07	(delta): 4623.25
12 (QN/Block) 	Elapsed: 316.955	Loglikelihood: -1.40845e+07	(delta): 1800.22
13 (QN/Block) 	Elapsed: 321.969	Loglikelihood: -1.4084e+07	(delta): 521.382
14 (QN/Block) 	Elapsed: 319.631	Loglikelihood: -1.40839e+07	(delta): 118.768
15 (QN/Block) 	Elapsed: 316.307	Loglikelihood: -1.40839e+07	(delta): 23.0501
16 (QN/Block) 	Elapsed: 322.892	Loglikelihood: -1.40839e+07	(delta): 13.4742
17 (QN/Block) 	Elapsed: 324.391	Loglikelihood: -1.40839e+07	(delta): 4.25384
18 (QN/Block) 	Elapsed: 324.306	Loglikelihood: -1.40839e+07	(delta): 2.37131
19 (QN/Block) 	Elapsed: 325.834	Loglikelihood: -1.40839e+07	(delta): 0.446375
20 (QN/Block) 	Elapsed: 321.192	Loglikelihood: -1.40839e+07	(delta): 0.460354
21 (QN/Block) 	Elapsed: 326.489	Loglikelihood: -1.40839e+07	(delta): 0.473773
22 (QN/Block) 	Elapsed: 325.865	Loglikelihood: -1.40839e+07	(delta): 0.497818
23 (QN/Block) 	Elapsed: 324.055	Loglikelihood: -1.40839e+07	(delta): 0.53501
24 (QN/Block) 	Elapsed: 324.837	Loglikelihood: -1.40839e+07	(delta): 0.586853
25 (QN/Block) 	Elapsed: 324.749	Loglikelihood: -1.40839e+07	(delta): 0.64895
26 (QN/Block) 	Elapsed: 324.907	Loglikelihood: -1.40839e+07	(delta): 0.732945
27 (QN/Block) 	Elapsed: 322.523	Loglikelihood: -1.40839e+07	(delta): 0.716721
28 (QN/Block) 	Elapsed: 320.212	Loglikelihood: -1.40839e+07	(delta): 0.593407
29 (QN/Block) 	Elapsed: 325.709	Loglikelihood: -1.40839e+07	(delta): 0.527797
30 (QN/Block) 	Elapsed: 324.734	Loglikelihood: -1.40839e+07	(delta): 0.535884
31 (QN/Block) 	Elapsed: 323.74	Loglikelihood: -1.40839e+07	(delta): 0.560412
32 (QN/Block) 	Elapsed: 323.359	Loglikelihood: -1.40839e+07	(delta): 0.550511
33 (QN/Block) 	Elapsed: 324.278	Loglikelihood: -1.40839e+07	(delta): 0.599264
34 (QN/Block) 	Elapsed: 321.993	Loglikelihood: -1.40839e+07	(delta): 1.48014
35 (QN/Block) 	Elapsed: 324.116	Loglikelihood: -1.40838e+07	(delta): 10.9001
36 (QN/Block) 	Elapsed: 327.412	Loglikelihood: -1.40837e+07	(delta): 191.964
37 (QN/Block) 	Elapsed: 325.391	Loglikelihood: -1.40815e+07	(delta): 2199.01
38 (QN/Block) 	Elapsed: 322.351	Loglikelihood: -1.408e+07	(delta): 1422.4
39 (QN/Block) 	Elapsed: 326.486	Loglikelihood: -1.40793e+07	(delta): 691.92
40 (QN/Block) 	Elapsed: 324.89	Loglikelihood: -1.40792e+07	(delta): 101.239
41 (QN/Block) 	Elapsed: 320.32	Loglikelihood: -1.40792e+07	(delta): 15.8777
42 (QN/Block) 	Elapsed: 321.285	Loglikelihood: -1.40792e+07	(delta): 11.1775
43 (QN/Block) 	Elapsed: 323.777	Loglikelihood: -1.40792e+07	(delta): 2.63684
44 (QN/Block) 	Elapsed: 324.824	Loglikelihood: -1.40792e+07	(delta): 0.148725
45 (QN/Block) 	Elapsed: 323.905	Loglikelihood: -1.40792e+07	(delta): 0.0901834
46 (QN/Block) 	Elapsed: 322.828	Loglikelihood: -1.40792e+07	(delta): 0.000596015
47 (QN/Block) 	Elapsed: 322.534	Loglikelihood: -1.40792e+07	(delta): 7.10469e-05
Summary: 
Converged in 47 iterations (15943.5 sec)
Loglikelihood: -14079208.710823
Fst divergences between estimated populations: 
	Pop0	Pop1	Pop2	Pop3	Pop4	Pop5	Pop6	Pop7	Pop8	Pop9	Pop10	Pop11	Pop12	Pop13	Pop14	Pop15	
Pop0	
Pop1	0.416	
Pop2	0.302	0.354	
Pop3	0.405	0.455	0.356	
Pop4	0.435	0.531	0.381	0.289	
Pop5	0.421	0.499	0.372	0.279	0.196	
Pop6	0.432	0.520	0.378	0.281	0.143	0.205	
Pop7	0.605	0.780	0.600	0.761	0.822	0.794	0.813	
Pop8	0.430	0.564	0.402	0.547	0.614	0.585	0.604	0.750	
Pop9	0.426	0.502	0.375	0.267	0.280	0.245	0.266	0.791	0.585	
Pop10	0.448	0.557	0.401	0.394	0.441	0.384	0.431	0.805	0.611	0.412	
Pop11	0.476	0.714	0.476	0.681	0.783	0.735	0.767	0.827	0.681	0.730	0.759	
Pop12	0.424	0.120	0.360	0.472	0.561	0.522	0.548	0.796	0.580	0.525	0.582	0.740	
Pop13	0.575	0.733	0.571	0.716	0.769	0.745	0.761	0.646	0.710	0.742	0.757	0.779	0.746	
Pop14	0.415	0.479	0.369	0.357	0.398	0.366	0.388	0.750	0.550	0.372	0.341	0.672	0.495	0.707	
Pop15	0.429	0.515	0.381	0.312	0.312	0.218	0.300	0.794	0.590	0.288	0.309	0.737	0.538	0.746	0.360	
Pop16	0.427	0.508	0.375	0.270	0.129	0.149	0.165	0.804	0.595	0.247	0.410	0.752	0.534	0.754	0.380	0.282	
CV error (K=17): 0.05047
Writing output files.
