****                   ADMIXTURE Version 1.3.0                  ****
****                    Copyright 2008-2015                     ****
****           David Alexander, Suyash Shringarpure,            ****
****                John  Novembre, Ken Lange                   ****
****                                                            ****
****                 Please cite our paper!                     ****
****   Information at www.genetics.ucla.edu/software/admixture  ****

Cross-validation will be performed.  Folds=10.
Parallel execution requested.  Will use 24 threads.
Random seed: 1830
Point estimation method: Block relaxation algorithm
Convergence acceleration algorithm: QuasiNewton, 3 secant conditions
Point estimation will terminate when objective function delta < 0.0001
Estimation of standard errors disabled; will compute point estimates only.
Size of G: 713x578311
Performing five EM steps to prime main algorithm
1 (EM) 	Elapsed: 273.368	Loglikelihood: -5.28175e+07	(delta): 5.31408e+08
2 (EM) 	Elapsed: 272.758	Loglikelihood: -4.56553e+07	(delta): 7.16216e+06
3 (EM) 	Elapsed: 272.025	Loglikelihood: -4.48981e+07	(delta): 757204
4 (EM) 	Elapsed: 273.006	Loglikelihood: -4.44597e+07	(delta): 438449
5 (EM) 	Elapsed: 269.538	Loglikelihood: -4.40687e+07	(delta): 390975
Initial loglikelihood: -4.40687e+07
Starting main algorithm
1 (QN/Block) 	Elapsed: 400.116	Loglikelihood: -2.46771e+07	(delta): 1.93916e+07
2 (QN/Block) 	Elapsed: 400.662	Loglikelihood: -1.71903e+07	(delta): 7.48678e+06
3 (QN/Block) 	Elapsed: 399.13	Loglikelihood: -1.53667e+07	(delta): 1.82361e+06
4 (QN/Block) 	Elapsed: 410.37	Loglikelihood: -1.43201e+07	(delta): 1.04664e+06
5 (QN/Block) 	Elapsed: 411.407	Loglikelihood: -1.37481e+07	(delta): 571966
6 (QN/Block) 	Elapsed: 411.826	Loglikelihood: -1.34054e+07	(delta): 342652
7 (QN/Block) 	Elapsed: 404.778	Loglikelihood: -1.3242e+07	(delta): 163419
8 (QN/Block) 	Elapsed: 409.485	Loglikelihood: -1.31295e+07	(delta): 112539
9 (QN/Block) 	Elapsed: 411.806	Loglikelihood: -1.31005e+07	(delta): 28973
10 (QN/Block) 	Elapsed: 413.549	Loglikelihood: -1.30698e+07	(delta): 30697.5
11 (QN/Block) 	Elapsed: 412.428	Loglikelihood: -1.3057e+07	(delta): 12842.4
12 (QN/Block) 	Elapsed: 412.843	Loglikelihood: -1.30421e+07	(delta): 14869.3
13 (QN/Block) 	Elapsed: 414.48	Loglikelihood: -1.29963e+07	(delta): 45769.6
14 (QN/Block) 	Elapsed: 413.164	Loglikelihood: -1.29905e+07	(delta): 5870.86
15 (QN/Block) 	Elapsed: 413.49	Loglikelihood: -1.29856e+07	(delta): 4871.78
16 (QN/Block) 	Elapsed: 411.227	Loglikelihood: -1.29834e+07	(delta): 2221.41
17 (QN/Block) 	Elapsed: 413.117	Loglikelihood: -1.29819e+07	(delta): 1511.84
18 (QN/Block) 	Elapsed: 413.108	Loglikelihood: -1.298e+07	(delta): 1896.08
19 (QN/Block) 	Elapsed: 410.369	Loglikelihood: -1.29794e+07	(delta): 568.338
20 (QN/Block) 	Elapsed: 412.248	Loglikelihood: -1.29785e+07	(delta): 922.875
21 (QN/Block) 	Elapsed: 412.542	Loglikelihood: -1.29775e+07	(delta): 943.463
22 (QN/Block) 	Elapsed: 409.081	Loglikelihood: -1.2977e+07	(delta): 532.141
23 (QN/Block) 	Elapsed: 395.929	Loglikelihood: -1.29762e+07	(delta): 824.38
24 (QN/Block) 	Elapsed: 408.125	Loglikelihood: -1.29754e+07	(delta): 757.85
25 (QN/Block) 	Elapsed: 405.747	Loglikelihood: -1.29748e+07	(delta): 596.322
26 (QN/Block) 	Elapsed: 402.274	Loglikelihood: -1.29745e+07	(delta): 337.648
27 (QN/Block) 	Elapsed: 407.093	Loglikelihood: -1.29741e+07	(delta): 378.504
28 (QN/Block) 	Elapsed: 408.682	Loglikelihood: -1.2974e+07	(delta): 56.1225
29 (QN/Block) 	Elapsed: 404.211	Loglikelihood: -1.2974e+07	(delta): 28.2859
30 (QN/Block) 	Elapsed: 412.854	Loglikelihood: -1.29739e+07	(delta): 109.737
31 (QN/Block) 	Elapsed: 409.722	Loglikelihood: -1.29739e+07	(delta): 10.7068
32 (QN/Block) 	Elapsed: 409.811	Loglikelihood: -1.29739e+07	(delta): 3.82079
33 (QN/Block) 	Elapsed: 397.283	Loglikelihood: -1.29739e+07	(delta): 0.349081
34 (QN/Block) 	Elapsed: 411.525	Loglikelihood: -1.29739e+07	(delta): 0.12066
35 (QN/Block) 	Elapsed: 409.937	Loglikelihood: -1.29739e+07	(delta): 0.0654672
36 (QN/Block) 	Elapsed: 410.207	Loglikelihood: -1.29739e+07	(delta): 0.0294067
37 (QN/Block) 	Elapsed: 413.254	Loglikelihood: -1.29739e+07	(delta): 0.0136307
38 (QN/Block) 	Elapsed: 417.954	Loglikelihood: -1.29739e+07	(delta): 0.00315609
39 (QN/Block) 	Elapsed: 415.331	Loglikelihood: -1.29739e+07	(delta): 0.000894411
40 (QN/Block) 	Elapsed: 408.617	Loglikelihood: -1.29739e+07	(delta): 6.9676e-05
Summary: 
Converged in 40 iterations (17755.8 sec)
Loglikelihood: -12973883.989923
Fst divergences between estimated populations: 
	Pop0	Pop1	Pop2	Pop3	Pop4	Pop5	Pop6	Pop7	Pop8	Pop9	Pop10	Pop11	Pop12	Pop13	Pop14	Pop15	Pop16	Pop17	Pop18	Pop19	Pop20	
Pop0	
Pop1	0.785	
Pop2	0.737	0.843	
Pop3	0.516	0.748	0.695	
Pop4	0.601	0.807	0.757	0.422	
Pop5	0.509	0.712	0.667	0.370	0.347	
Pop6	0.573	0.822	0.765	0.321	0.451	0.396	
Pop7	0.503	0.735	0.683	0.186	0.418	0.370	0.316	
Pop8	0.555	0.649	0.600	0.534	0.571	0.523	0.564	0.526	
Pop9	0.742	0.799	0.769	0.720	0.753	0.701	0.757	0.713	0.646	
Pop10	0.551	0.780	0.727	0.333	0.308	0.354	0.308	0.335	0.549	0.737	
Pop11	0.184	0.789	0.740	0.507	0.597	0.502	0.566	0.494	0.552	0.743	0.544	
Pop12	0.588	0.720	0.676	0.565	0.615	0.550	0.609	0.554	0.536	0.704	0.588	0.586	
Pop13	0.753	0.849	0.787	0.715	0.772	0.686	0.783	0.703	0.613	0.776	0.745	0.756	0.684	
Pop14	0.628	0.829	0.779	0.429	0.466	0.446	0.462	0.422	0.582	0.765	0.318	0.625	0.632	0.793	
Pop15	0.523	0.766	0.713	0.278	0.384	0.356	0.191	0.276	0.539	0.729	0.242	0.514	0.575	0.732	0.393	
Pop16	0.467	0.590	0.559	0.463	0.501	0.456	0.486	0.455	0.462	0.619	0.478	0.463	0.476	0.574	0.513	0.465	
Pop17	0.788	0.844	0.814	0.764	0.799	0.742	0.807	0.756	0.679	0.619	0.783	0.790	0.742	0.820	0.812	0.776	0.652	
Pop18	0.542	0.785	0.732	0.300	0.401	0.373	0.204	0.301	0.547	0.740	0.230	0.534	0.588	0.750	0.393	0.181	0.474	0.786	
Pop19	0.231	0.775	0.728	0.504	0.589	0.500	0.560	0.492	0.549	0.737	0.539	0.191	0.581	0.744	0.615	0.512	0.462	0.783	0.530	
Pop20	0.583	0.835	0.778	0.327	0.455	0.401	0.145	0.322	0.567	0.764	0.310	0.576	0.616	0.794	0.484	0.193	0.489	0.814	0.186	0.568	
Pop21	0.824	0.877	0.849	0.798	0.834	0.773	0.845	0.790	0.706	0.493	0.819	0.827	0.771	0.853	0.848	0.811	0.676	0.719	0.823	0.818	0.852	
CV error (K=22): 0.04882
Writing output files.
