****                   ADMIXTURE Version 1.3.0                  ****
****                    Copyright 2008-2015                     ****
****           David Alexander, Suyash Shringarpure,            ****
****                John  Novembre, Ken Lange                   ****
****                                                            ****
****                 Please cite our paper!                     ****
****   Information at www.genetics.ucla.edu/software/admixture  ****

Cross-validation will be performed.  Folds=10.
Parallel execution requested.  Will use 24 threads.
Random seed: 1853
Point estimation method: Block relaxation algorithm
Convergence acceleration algorithm: QuasiNewton, 3 secant conditions
Point estimation will terminate when objective function delta < 0.0001
Estimation of standard errors disabled; will compute point estimates only.
Size of G: 713x578311
Performing five EM steps to prime main algorithm
1 (EM) 	Elapsed: 361.069	Loglikelihood: -5.28509e+07	(delta): 5.30178e+08
2 (EM) 	Elapsed: 356.558	Loglikelihood: -4.56551e+07	(delta): 7.19588e+06
3 (EM) 	Elapsed: 358.841	Loglikelihood: -4.49094e+07	(delta): 745661
4 (EM) 	Elapsed: 361.644	Loglikelihood: -4.4491e+07	(delta): 418388
5 (EM) 	Elapsed: 355.446	Loglikelihood: -4.41303e+07	(delta): 360669
Initial loglikelihood: -4.41303e+07
Starting main algorithm
1 (QN/Block) 	Elapsed: 443.223	Loglikelihood: -2.44998e+07	(delta): 1.96305e+07
2 (QN/Block) 	Elapsed: 446.93	Loglikelihood: -1.74075e+07	(delta): 7.09232e+06
3 (QN/Block) 	Elapsed: 449.582	Loglikelihood: -1.54113e+07	(delta): 1.9962e+06
4 (QN/Block) 	Elapsed: 449.569	Loglikelihood: -1.41632e+07	(delta): 1.24809e+06
5 (QN/Block) 	Elapsed: 452.185	Loglikelihood: -1.33583e+07	(delta): 804955
6 (QN/Block) 	Elapsed: 446.117	Loglikelihood: -1.2946e+07	(delta): 412221
7 (QN/Block) 	Elapsed: 448.631	Loglikelihood: -1.25946e+07	(delta): 351467
8 (QN/Block) 	Elapsed: 449.918	Loglikelihood: -1.24072e+07	(delta): 187380
9 (QN/Block) 	Elapsed: 446.986	Loglikelihood: -1.23527e+07	(delta): 54509.8
10 (QN/Block) 	Elapsed: 450.916	Loglikelihood: -1.23232e+07	(delta): 29521.7
11 (QN/Block) 	Elapsed: 447.751	Loglikelihood: -1.23105e+07	(delta): 12714.2
12 (QN/Block) 	Elapsed: 451.292	Loglikelihood: -1.23048e+07	(delta): 5630.15
13 (QN/Block) 	Elapsed: 448.146	Loglikelihood: -1.23039e+07	(delta): 966.727
14 (QN/Block) 	Elapsed: 447.335	Loglikelihood: -1.23036e+07	(delta): 212.508
15 (QN/Block) 	Elapsed: 446.921	Loglikelihood: -1.23036e+07	(delta): 50.6484
16 (QN/Block) 	Elapsed: 492.199	Loglikelihood: -1.23036e+07	(delta): 13.9279
17 (QN/Block) 	Elapsed: 506.589	Loglikelihood: -1.23036e+07	(delta): 3.26533
18 (QN/Block) 	Elapsed: 489.071	Loglikelihood: -1.23036e+07	(delta): 0.944674
19 (QN/Block) 	Elapsed: 492.661	Loglikelihood: -1.23036e+07	(delta): 0.141791
20 (QN/Block) 	Elapsed: 493.383	Loglikelihood: -1.23036e+07	(delta): 0.126414
21 (QN/Block) 	Elapsed: 490.05	Loglikelihood: -1.23036e+07	(delta): 0.245962
22 (QN/Block) 	Elapsed: 482.357	Loglikelihood: -1.23036e+07	(delta): 0.625382
23 (QN/Block) 	Elapsed: 486.362	Loglikelihood: -1.23036e+07	(delta): 1.41566
24 (QN/Block) 	Elapsed: 484.52	Loglikelihood: -1.23036e+07	(delta): 2.25453
25 (QN/Block) 	Elapsed: 487.067	Loglikelihood: -1.23036e+07	(delta): 4.29631
26 (QN/Block) 	Elapsed: 485.693	Loglikelihood: -1.23036e+07	(delta): 8.26472
27 (QN/Block) 	Elapsed: 483.987	Loglikelihood: -1.23035e+07	(delta): 15.8725
28 (QN/Block) 	Elapsed: 484.665	Loglikelihood: -1.23035e+07	(delta): 29.4577
29 (QN/Block) 	Elapsed: 481.894	Loglikelihood: -1.23035e+07	(delta): 50.7269
30 (QN/Block) 	Elapsed: 483.549	Loglikelihood: -1.23034e+07	(delta): 84.4525
31 (QN/Block) 	Elapsed: 488.171	Loglikelihood: -1.23032e+07	(delta): 137.866
32 (QN/Block) 	Elapsed: 486.947	Loglikelihood: -1.2303e+07	(delta): 216.924
33 (QN/Block) 	Elapsed: 489.856	Loglikelihood: -1.23027e+07	(delta): 310.723
34 (QN/Block) 	Elapsed: 492.197	Loglikelihood: -1.23023e+07	(delta): 419.557
35 (QN/Block) 	Elapsed: 505.361	Loglikelihood: -1.23018e+07	(delta): 531.526
36 (QN/Block) 	Elapsed: 502.495	Loglikelihood: -1.23012e+07	(delta): 567.654
37 (QN/Block) 	Elapsed: 494.806	Loglikelihood: -1.23009e+07	(delta): 333.935
38 (QN/Block) 	Elapsed: 493.435	Loglikelihood: -1.23009e+07	(delta): 3.64083
39 (QN/Block) 	Elapsed: 496.359	Loglikelihood: -1.23009e+07	(delta): 0.0340185
40 (QN/Block) 	Elapsed: 491.746	Loglikelihood: -1.23009e+07	(delta): 1.21053e-05
Summary: 
Converged in 40 iterations (20809.5 sec)
Loglikelihood: -12300856.787420
Fst divergences between estimated populations: 
	Pop0	Pop1	Pop2	Pop3	Pop4	Pop5	Pop6	Pop7	Pop8	Pop9	Pop10	Pop11	Pop12	Pop13	Pop14	Pop15	Pop16	Pop17	Pop18	Pop19	Pop20	Pop21	Pop22	
Pop0	
Pop1	0.719	
Pop2	0.560	0.419	
Pop3	0.767	0.651	0.483	
Pop4	0.605	0.779	0.598	0.829	
Pop5	0.697	0.578	0.451	0.671	0.746	
Pop6	0.723	0.168	0.428	0.666	0.783	0.587	
Pop7	0.750	0.686	0.500	0.773	0.803	0.664	0.695	
Pop8	0.748	0.547	0.436	0.598	0.813	0.627	0.568	0.740	
Pop9	0.759	0.727	0.476	0.818	0.818	0.692	0.735	0.779	0.785	
Pop10	0.725	0.511	0.423	0.521	0.786	0.599	0.530	0.701	0.205	0.738	
Pop11	0.785	0.768	0.535	0.859	0.844	0.722	0.776	0.814	0.834	0.850	0.784	
Pop12	0.729	0.536	0.433	0.414	0.788	0.608	0.553	0.707	0.344	0.743	0.283	0.789	
Pop13	0.732	0.542	0.436	0.501	0.792	0.613	0.560	0.712	0.351	0.750	0.240	0.795	0.225	
Pop14	0.757	0.613	0.465	0.452	0.819	0.652	0.629	0.755	0.507	0.799	0.436	0.843	0.330	0.415	
Pop15	0.700	0.469	0.408	0.500	0.756	0.566	0.486	0.658	0.304	0.687	0.290	0.734	0.340	0.339	0.444	
Pop16	0.740	0.534	0.433	0.576	0.804	0.617	0.555	0.726	0.181	0.768	0.231	0.816	0.347	0.341	0.489	0.292	
Pop17	0.750	0.560	0.442	0.617	0.814	0.632	0.580	0.743	0.218	0.787	0.239	0.835	0.380	0.372	0.530	0.327	0.194	
Pop18	0.689	0.487	0.415	0.415	0.742	0.562	0.501	0.647	0.401	0.673	0.370	0.712	0.354	0.385	0.402	0.362	0.389	0.417	
Pop19	0.738	0.689	0.511	0.765	0.789	0.668	0.696	0.743	0.734	0.768	0.701	0.793	0.707	0.711	0.749	0.664	0.722	0.737	0.652	
Pop20	0.735	0.525	0.429	0.560	0.798	0.611	0.546	0.718	0.148	0.757	0.161	0.805	0.321	0.322	0.469	0.285	0.201	0.221	0.387	0.715	
Pop21	0.733	0.545	0.441	0.577	0.792	0.615	0.562	0.714	0.345	0.751	0.313	0.795	0.377	0.358	0.518	0.324	0.337	0.370	0.422	0.711	0.315	
Pop22	0.725	0.631	0.463	0.723	0.777	0.623	0.640	0.494	0.683	0.735	0.647	0.773	0.654	0.660	0.702	0.607	0.669	0.686	0.600	0.707	0.662	0.663	
Pop23	0.480	0.820	0.625	0.870	0.724	0.778	0.824	0.838	0.858	0.858	0.827	0.882	0.829	0.833	0.861	0.794	0.847	0.858	0.778	0.822	0.840	0.833	0.812	
CV error (K=24): 0.04724
Writing output files.
