****                   ADMIXTURE Version 1.3.0                  ****
****                    Copyright 2008-2015                     ****
****           David Alexander, Suyash Shringarpure,            ****
****                John  Novembre, Ken Lange                   ****
****                                                            ****
****                 Please cite our paper!                     ****
****   Information at www.genetics.ucla.edu/software/admixture  ****

Cross-validation will be performed.  Folds=10.
Parallel execution requested.  Will use 24 threads.
Random seed: 1853
Point estimation method: Block relaxation algorithm
Convergence acceleration algorithm: QuasiNewton, 3 secant conditions
Point estimation will terminate when objective function delta < 0.0001
Estimation of standard errors disabled; will compute point estimates only.
Size of G: 713x578311
Performing five EM steps to prime main algorithm
1 (EM) 	Elapsed: 63.831	Loglikelihood: -5.25886e+07	(delta): 5.49595e+08
2 (EM) 	Elapsed: 63.667	Loglikelihood: -4.60359e+07	(delta): 6.55268e+06
3 (EM) 	Elapsed: 63.53	Loglikelihood: -4.5344e+07	(delta): 691924
4 (EM) 	Elapsed: 64.223	Loglikelihood: -4.49739e+07	(delta): 370088
5 (EM) 	Elapsed: 65.307	Loglikelihood: -4.46851e+07	(delta): 288777
Initial loglikelihood: -4.46851e+07
Starting main algorithm
1 (QN/Block) 	Elapsed: 190.316	Loglikelihood: -2.89833e+07	(delta): 1.57019e+07
2 (QN/Block) 	Elapsed: 189.722	Loglikelihood: -2.19594e+07	(delta): 7.02382e+06
3 (QN/Block) 	Elapsed: 191.427	Loglikelihood: -1.98779e+07	(delta): 2.08153e+06
4 (QN/Block) 	Elapsed: 189.535	Loglikelihood: -1.86814e+07	(delta): 1.19654e+06
5 (QN/Block) 	Elapsed: 194.311	Loglikelihood: -1.80348e+07	(delta): 646610
6 (QN/Block) 	Elapsed: 192.053	Loglikelihood: -1.77569e+07	(delta): 277803
7 (QN/Block) 	Elapsed: 192.441	Loglikelihood: -1.75144e+07	(delta): 242543
8 (QN/Block) 	Elapsed: 192.192	Loglikelihood: -1.74205e+07	(delta): 93862.6
9 (QN/Block) 	Elapsed: 192.355	Loglikelihood: -1.73547e+07	(delta): 65838.8
10 (QN/Block) 	Elapsed: 193.74	Loglikelihood: -1.72788e+07	(delta): 75881.3
11 (QN/Block) 	Elapsed: 192.972	Loglikelihood: -1.72322e+07	(delta): 46583.5
12 (QN/Block) 	Elapsed: 191.843	Loglikelihood: -1.72147e+07	(delta): 17553.6
13 (QN/Block) 	Elapsed: 190.684	Loglikelihood: -1.72063e+07	(delta): 8431.11
14 (QN/Block) 	Elapsed: 193.628	Loglikelihood: -1.72019e+07	(delta): 4317
15 (QN/Block) 	Elapsed: 194.417	Loglikelihood: -1.71773e+07	(delta): 24645.4
16 (QN/Block) 	Elapsed: 193.26	Loglikelihood: -1.7167e+07	(delta): 10267.7
17 (QN/Block) 	Elapsed: 194.199	Loglikelihood: -1.71621e+07	(delta): 4961.02
18 (QN/Block) 	Elapsed: 192.858	Loglikelihood: -1.71592e+07	(delta): 2894.49
19 (QN/Block) 	Elapsed: 191.782	Loglikelihood: -1.71587e+07	(delta): 501.812
20 (QN/Block) 	Elapsed: 194.18	Loglikelihood: -1.71586e+07	(delta): 90.3004
21 (QN/Block) 	Elapsed: 190.229	Loglikelihood: -1.71586e+07	(delta): 5.45733
22 (QN/Block) 	Elapsed: 185.995	Loglikelihood: -1.71586e+07	(delta): 0.490084
23 (QN/Block) 	Elapsed: 189.199	Loglikelihood: -1.71586e+07	(delta): 0.0452073
24 (QN/Block) 	Elapsed: 193.132	Loglikelihood: -1.71586e+07	(delta): 0.000851382
25 (QN/Block) 	Elapsed: 189.931	Loglikelihood: -1.71586e+07	(delta): 4.46625e-05
Summary: 
Converged in 25 iterations (5127.93 sec)
Loglikelihood: -17158569.158667
Fst divergences between estimated populations: 
	Pop0	Pop1	Pop2	Pop3	Pop4	Pop5	Pop6	Pop7	
Pop0	
Pop1	0.801	
Pop2	0.682	0.600	
Pop3	0.772	0.727	0.523	
Pop4	0.537	0.402	0.321	0.341	
Pop5	0.683	0.586	0.433	0.245	0.283	
Pop6	0.780	0.734	0.511	0.350	0.317	0.245	
Pop7	0.667	0.814	0.689	0.784	0.541	0.691	0.792	
Pop8	0.760	0.704	0.491	0.525	0.311	0.381	0.484	0.772	
CV error (K=9): 0.05561
Writing output files.
