****                   ADMIXTURE Version 1.3.0                  ****
****                    Copyright 2008-2015                     ****
****           David Alexander, Suyash Shringarpure,            ****
****                John  Novembre, Ken Lange                   ****
****                                                            ****
****                 Please cite our paper!                     ****
****   Information at www.genetics.ucla.edu/software/admixture  ****

Cross-validation will be performed.  Folds=10.
Parallel execution requested.  Will use 24 threads.
Random seed: 1230
Point estimation method: Block relaxation algorithm
Convergence acceleration algorithm: QuasiNewton, 3 secant conditions
Point estimation will terminate when objective function delta < 0.0001
Estimation of standard errors disabled; will compute point estimates only.
Size of G: 713x578311
Performing five EM steps to prime main algorithm
1 (EM) 	Elapsed: 300.216	Loglikelihood: -5.28595e+07	(delta): 5.30972e+08
2 (EM) 	Elapsed: 304.486	Loglikelihood: -4.56913e+07	(delta): 7.16823e+06
3 (EM) 	Elapsed: 295.315	Loglikelihood: -4.4954e+07	(delta): 737339
4 (EM) 	Elapsed: 290.978	Loglikelihood: -4.45411e+07	(delta): 412819
5 (EM) 	Elapsed: 286.775	Loglikelihood: -4.4187e+07	(delta): 354154
Initial loglikelihood: -4.4187e+07
Starting main algorithm
1 (QN/Block) 	Elapsed: 434.106	Loglikelihood: -2.5266e+07	(delta): 1.8921e+07
2 (QN/Block) 	Elapsed: 437.784	Loglikelihood: -1.78568e+07	(delta): 7.40923e+06
3 (QN/Block) 	Elapsed: 437.818	Loglikelihood: -1.54146e+07	(delta): 2.44221e+06
4 (QN/Block) 	Elapsed: 435.661	Loglikelihood: -1.39981e+07	(delta): 1.41644e+06
5 (QN/Block) 	Elapsed: 421.271	Loglikelihood: -1.32683e+07	(delta): 729784
6 (QN/Block) 	Elapsed: 420.841	Loglikelihood: -1.29759e+07	(delta): 292402
7 (QN/Block) 	Elapsed: 422.88	Loglikelihood: -1.28618e+07	(delta): 114123
8 (QN/Block) 	Elapsed: 423.353	Loglikelihood: -1.27202e+07	(delta): 141627
9 (QN/Block) 	Elapsed: 419.563	Loglikelihood: -1.25725e+07	(delta): 147700
10 (QN/Block) 	Elapsed: 422.537	Loglikelihood: -1.25163e+07	(delta): 56183
11 (QN/Block) 	Elapsed: 424.608	Loglikelihood: -1.25034e+07	(delta): 12928.2
12 (QN/Block) 	Elapsed: 422.816	Loglikelihood: -1.24995e+07	(delta): 3843.05
13 (QN/Block) 	Elapsed: 424.093	Loglikelihood: -1.24969e+07	(delta): 2598
14 (QN/Block) 	Elapsed: 421.565	Loglikelihood: -1.24947e+07	(delta): 2199.16
15 (QN/Block) 	Elapsed: 423.098	Loglikelihood: -1.24935e+07	(delta): 1266.61
16 (QN/Block) 	Elapsed: 420.38	Loglikelihood: -1.24928e+07	(delta): 670.021
17 (QN/Block) 	Elapsed: 424.698	Loglikelihood: -1.24926e+07	(delta): 163.656
18 (QN/Block) 	Elapsed: 426.235	Loglikelihood: -1.24926e+07	(delta): 2.19021
19 (QN/Block) 	Elapsed: 423.781	Loglikelihood: -1.24926e+07	(delta): 1.00187
20 (QN/Block) 	Elapsed: 424.569	Loglikelihood: -1.24926e+07	(delta): 0.352672
21 (QN/Block) 	Elapsed: 425.681	Loglikelihood: -1.24926e+07	(delta): 0.0600892
22 (QN/Block) 	Elapsed: 425.914	Loglikelihood: -1.24926e+07	(delta): 0.00775856
23 (QN/Block) 	Elapsed: 426.014	Loglikelihood: -1.24926e+07	(delta): 0.00191377
24 (QN/Block) 	Elapsed: 425.513	Loglikelihood: -1.24926e+07	(delta): 4.62364e-05
Summary: 
Converged in 24 iterations (11709.4 sec)
Loglikelihood: -12492629.915585
Fst divergences between estimated populations: 
	Pop0	Pop1	Pop2	Pop3	Pop4	Pop5	Pop6	Pop7	Pop8	Pop9	Pop10	Pop11	Pop12	Pop13	Pop14	Pop15	Pop16	Pop17	Pop18	Pop19	Pop20	Pop21	
Pop0	
Pop1	0.695	
Pop2	0.622	0.546	
Pop3	0.737	0.610	0.557	
Pop4	0.745	0.593	0.547	0.583	
Pop5	0.732	0.593	0.538	0.454	0.530	
Pop6	0.769	0.614	0.551	0.485	0.556	0.244	
Pop7	0.693	0.561	0.515	0.431	0.484	0.260	0.274	
Pop8	0.702	0.581	0.533	0.284	0.535	0.404	0.423	0.389	
Pop9	0.693	0.579	0.530	0.600	0.587	0.581	0.603	0.547	0.570	
Pop10	0.777	0.708	0.641	0.736	0.742	0.733	0.754	0.708	0.714	0.704	
Pop11	0.766	0.615	0.565	0.613	0.291	0.568	0.601	0.519	0.565	0.610	0.755	
Pop12	0.751	0.597	0.551	0.588	0.195	0.537	0.564	0.490	0.541	0.591	0.746	0.299	
Pop13	0.744	0.600	0.540	0.461	0.539	0.240	0.166	0.282	0.405	0.588	0.739	0.579	0.546	
Pop14	0.743	0.603	0.545	0.451	0.551	0.279	0.289	0.312	0.401	0.591	0.739	0.588	0.558	0.221	
Pop15	0.813	0.693	0.599	0.735	0.748	0.728	0.768	0.683	0.698	0.682	0.773	0.772	0.755	0.741	0.740	
Pop16	0.852	0.774	0.701	0.812	0.826	0.814	0.841	0.785	0.787	0.771	0.493	0.839	0.830	0.822	0.821	0.854	
Pop17	0.820	0.746	0.675	0.779	0.789	0.779	0.803	0.752	0.755	0.742	0.619	0.802	0.793	0.786	0.785	0.819	0.719	
Pop18	0.769	0.615	0.553	0.485	0.558	0.251	0.122	0.277	0.423	0.603	0.753	0.603	0.567	0.203	0.296	0.768	0.840	0.803	
Pop19	0.672	0.596	0.539	0.616	0.610	0.603	0.621	0.578	0.593	0.588	0.686	0.626	0.613	0.609	0.611	0.677	0.746	0.720	0.622	
Pop20	0.741	0.590	0.546	0.580	0.214	0.529	0.554	0.483	0.534	0.584	0.740	0.263	0.194	0.538	0.549	0.743	0.822	0.786	0.557	0.608	
Pop21	0.811	0.669	0.598	0.508	0.673	0.519	0.560	0.487	0.459	0.659	0.779	0.708	0.682	0.517	0.459	0.816	0.863	0.827	0.566	0.662	0.668	
Pop22	0.789	0.644	0.578	0.489	0.626	0.438	0.452	0.420	0.428	0.632	0.766	0.664	0.635	0.419	0.349	0.791	0.850	0.813	0.461	0.643	0.623	0.424	
CV error (K=23): 0.04783
Writing output files.
