****                   ADMIXTURE Version 1.3.0                  ****
****                    Copyright 2008-2015                     ****
****           David Alexander, Suyash Shringarpure,            ****
****                John  Novembre, Ken Lange                   ****
****                                                            ****
****                 Please cite our paper!                     ****
****   Information at www.genetics.ucla.edu/software/admixture  ****

Cross-validation will be performed.  Folds=10.
Parallel execution requested.  Will use 24 threads.
Random seed: 1807
Point estimation method: Block relaxation algorithm
Convergence acceleration algorithm: QuasiNewton, 3 secant conditions
Point estimation will terminate when objective function delta < 0.0001
Estimation of standard errors disabled; will compute point estimates only.
Size of G: 713x578311
Performing five EM steps to prime main algorithm
1 (EM) 	Elapsed: 141.072	Loglikelihood: -5.27977e+07	(delta): 5.38467e+08
2 (EM) 	Elapsed: 138.11	Loglikelihood: -4.58647e+07	(delta): 6.93293e+06
3 (EM) 	Elapsed: 137.621	Loglikelihood: -4.51277e+07	(delta): 737052
4 (EM) 	Elapsed: 137.372	Loglikelihood: -4.47119e+07	(delta): 415816
5 (EM) 	Elapsed: 138.607	Loglikelihood: -4.43631e+07	(delta): 348755
Initial loglikelihood: -4.43631e+07
Starting main algorithm
1 (QN/Block) 	Elapsed: 304.66	Loglikelihood: -2.64804e+07	(delta): 1.78827e+07
2 (QN/Block) 	Elapsed: 296.022	Loglikelihood: -1.92068e+07	(delta): 7.27363e+06
3 (QN/Block) 	Elapsed: 290.538	Loglikelihood: -1.72862e+07	(delta): 1.92051e+06
4 (QN/Block) 	Elapsed: 297.569	Loglikelihood: -1.62265e+07	(delta): 1.05977e+06
5 (QN/Block) 	Elapsed: 295.784	Loglikelihood: -1.55774e+07	(delta): 649110
6 (QN/Block) 	Elapsed: 298.659	Loglikelihood: -1.52959e+07	(delta): 281486
7 (QN/Block) 	Elapsed: 295.542	Loglikelihood: -1.5169e+07	(delta): 126845
8 (QN/Block) 	Elapsed: 286.657	Loglikelihood: -1.51488e+07	(delta): 20225.5
9 (QN/Block) 	Elapsed: 296.583	Loglikelihood: -1.51416e+07	(delta): 7205.65
10 (QN/Block) 	Elapsed: 292.969	Loglikelihood: -1.51389e+07	(delta): 2745.11
11 (QN/Block) 	Elapsed: 292.387	Loglikelihood: -1.51375e+07	(delta): 1321.41
12 (QN/Block) 	Elapsed: 291.64	Loglikelihood: -1.51371e+07	(delta): 421.821
13 (QN/Block) 	Elapsed: 297.808	Loglikelihood: -1.51371e+07	(delta): 59.1635
14 (QN/Block) 	Elapsed: 304.031	Loglikelihood: -1.5137e+07	(delta): 8.75117
15 (QN/Block) 	Elapsed: 310.835	Loglikelihood: -1.5137e+07	(delta): 0.942051
16 (QN/Block) 	Elapsed: 307.437	Loglikelihood: -1.5137e+07	(delta): 0.20261
17 (QN/Block) 	Elapsed: 305.954	Loglikelihood: -1.5137e+07	(delta): 0.00796464
18 (QN/Block) 	Elapsed: 311.294	Loglikelihood: -1.5137e+07	(delta): 0.000992309
19 (QN/Block) 	Elapsed: 288.512	Loglikelihood: -1.5137e+07	(delta): 0.000252627
20 (QN/Block) 	Elapsed: 290.102	Loglikelihood: -1.5137e+07	(delta): 5.10737e-06
Summary: 
Converged in 20 iterations (6656 sec)
Loglikelihood: -15137047.705419
Fst divergences between estimated populations: 
	Pop0	Pop1	Pop2	Pop3	Pop4	Pop5	Pop6	Pop7	Pop8	Pop9	Pop10	Pop11	Pop12	
Pop0	
Pop1	0.293	
Pop2	0.521	0.452	
Pop3	0.531	0.463	0.163	
Pop4	0.212	0.243	0.499	0.511	
Pop5	0.722	0.663	0.720	0.722	0.719	
Pop6	0.308	0.380	0.570	0.579	0.380	0.749	
Pop7	0.317	0.297	0.306	0.313	0.307	0.389	0.339	
Pop8	0.514	0.477	0.500	0.506	0.507	0.600	0.537	0.313	
Pop9	0.783	0.747	0.781	0.782	0.781	0.814	0.797	0.526	0.689	
Pop10	0.299	0.270	0.543	0.555	0.151	0.768	0.437	0.315	0.530	0.811	
Pop11	0.284	0.259	0.527	0.540	0.165	0.750	0.422	0.314	0.521	0.801	0.131	
Pop12	0.790	0.754	0.789	0.789	0.789	0.821	0.804	0.533	0.695	0.688	0.819	0.809	
Pop13	0.356	0.347	0.488	0.497	0.362	0.666	0.341	0.316	0.490	0.742	0.396	0.383	0.750	
CV error (K=14): 0.05210
Writing output files.
