****                   ADMIXTURE Version 1.3.0                  ****
****                    Copyright 2008-2015                     ****
****           David Alexander, Suyash Shringarpure,            ****
****                John  Novembre, Ken Lange                   ****
****                                                            ****
****                 Please cite our paper!                     ****
****   Information at www.genetics.ucla.edu/software/admixture  ****

Cross-validation will be performed.  Folds=10.
Parallel execution requested.  Will use 24 threads.
Random seed: 1432
Point estimation method: Block relaxation algorithm
Convergence acceleration algorithm: QuasiNewton, 3 secant conditions
Point estimation will terminate when objective function delta < 0.0001
Estimation of standard errors disabled; will compute point estimates only.
Size of G: 713x578311
Performing five EM steps to prime main algorithm
1 (EM) 	Elapsed: 101.609	Loglikelihood: -5.26858e+07	(delta): 5.46512e+08
2 (EM) 	Elapsed: 92.386	Loglikelihood: -4.60411e+07	(delta): 6.64465e+06
3 (EM) 	Elapsed: 101.636	Loglikelihood: -4.53449e+07	(delta): 696186
4 (EM) 	Elapsed: 96.052	Loglikelihood: -4.49579e+07	(delta): 387038
5 (EM) 	Elapsed: 98.499	Loglikelihood: -4.46386e+07	(delta): 319258
Initial loglikelihood: -4.46386e+07
Starting main algorithm
1 (QN/Block) 	Elapsed: 208.977	Loglikelihood: -2.7496e+07	(delta): 1.71426e+07
2 (QN/Block) 	Elapsed: 209.041	Loglikelihood: -2.04859e+07	(delta): 7.01014e+06
3 (QN/Block) 	Elapsed: 213.91	Loglikelihood: -1.92555e+07	(delta): 1.23037e+06
4 (QN/Block) 	Elapsed: 214.605	Loglikelihood: -1.80644e+07	(delta): 1.19109e+06
5 (QN/Block) 	Elapsed: 213.668	Loglikelihood: -1.73908e+07	(delta): 673642
6 (QN/Block) 	Elapsed: 213.831	Loglikelihood: -1.7136e+07	(delta): 254724
7 (QN/Block) 	Elapsed: 210.802	Loglikelihood: -1.7052e+07	(delta): 83999
8 (QN/Block) 	Elapsed: 212.294	Loglikelihood: -1.70244e+07	(delta): 27581.8
9 (QN/Block) 	Elapsed: 213.36	Loglikelihood: -1.70162e+07	(delta): 8225.78
10 (QN/Block) 	Elapsed: 211.413	Loglikelihood: -1.70147e+07	(delta): 1549.57
11 (QN/Block) 	Elapsed: 212.279	Loglikelihood: -1.70134e+07	(delta): 1297.93
12 (QN/Block) 	Elapsed: 214.566	Loglikelihood: -1.70128e+07	(delta): 533.116
13 (QN/Block) 	Elapsed: 211.165	Loglikelihood: -1.70127e+07	(delta): 186.791
14 (QN/Block) 	Elapsed: 211.335	Loglikelihood: -1.70126e+07	(delta): 66.3644
15 (QN/Block) 	Elapsed: 214.333	Loglikelihood: -1.70126e+07	(delta): 6.9143
16 (QN/Block) 	Elapsed: 213.792	Loglikelihood: -1.70126e+07	(delta): 2.21574
17 (QN/Block) 	Elapsed: 216.237	Loglikelihood: -1.70126e+07	(delta): 1.02986
18 (QN/Block) 	Elapsed: 222.328	Loglikelihood: -1.70126e+07	(delta): 0.472321
19 (QN/Block) 	Elapsed: 225.357	Loglikelihood: -1.70126e+07	(delta): 0.17588
20 (QN/Block) 	Elapsed: 226.809	Loglikelihood: -1.70126e+07	(delta): 0.0360092
21 (QN/Block) 	Elapsed: 225.023	Loglikelihood: -1.70126e+07	(delta): 0.00999535
22 (QN/Block) 	Elapsed: 222.202	Loglikelihood: -1.70126e+07	(delta): 0.000370044
23 (QN/Block) 	Elapsed: 228.613	Loglikelihood: -1.70126e+07	(delta): 1.41487e-05
Summary: 
Converged in 23 iterations (5463.13 sec)
Loglikelihood: -17012579.544910
Fst divergences between estimated populations: 
	Pop0	Pop1	Pop2	Pop3	Pop4	Pop5	Pop6	Pop7	Pop8	
Pop0	
Pop1	0.345	
Pop2	0.380	0.344	
Pop3	0.663	0.488	0.625	
Pop4	0.242	0.322	0.341	0.621	
Pop5	0.663	0.418	0.602	0.646	0.590	
Pop6	0.168	0.336	0.340	0.642	0.234	0.626	
Pop7	0.601	0.377	0.550	0.633	0.536	0.617	0.569	
Pop8	0.411	0.373	0.338	0.665	0.369	0.667	0.325	0.610	
Pop9	0.502	0.322	0.473	0.641	0.430	0.626	0.469	0.561	0.548	
CV error (K=10): 0.05539
Writing output files.
