****                   ADMIXTURE Version 1.3.0                  ****
****                    Copyright 2008-2015                     ****
****           David Alexander, Suyash Shringarpure,            ****
****                John  Novembre, Ken Lange                   ****
****                                                            ****
****                 Please cite our paper!                     ****
****   Information at www.genetics.ucla.edu/software/admixture  ****

Cross-validation will be performed.  Folds=10.
Parallel execution requested.  Will use 24 threads.
Random seed: 1230
Point estimation method: Block relaxation algorithm
Convergence acceleration algorithm: QuasiNewton, 3 secant conditions
Point estimation will terminate when objective function delta < 0.0001
Estimation of standard errors disabled; will compute point estimates only.
Size of G: 713x578311
Performing five EM steps to prime main algorithm
1 (EM) 	Elapsed: 80.454	Loglikelihood: -5.2749e+07	(delta): 5.43632e+08
2 (EM) 	Elapsed: 74.653	Loglikelihood: -4.59323e+07	(delta): 6.81667e+06
3 (EM) 	Elapsed: 72.977	Loglikelihood: -4.5191e+07	(delta): 741294
4 (EM) 	Elapsed: 92.115	Loglikelihood: -4.47511e+07	(delta): 439919
5 (EM) 	Elapsed: 85.062	Loglikelihood: -4.43646e+07	(delta): 386497
Initial loglikelihood: -4.43646e+07
Starting main algorithm
1 (QN/Block) 	Elapsed: 218.357	Loglikelihood: -2.79213e+07	(delta): 1.64433e+07
2 (QN/Block) 	Elapsed: 220.291	Loglikelihood: -2.14622e+07	(delta): 6.45907e+06
3 (QN/Block) 	Elapsed: 223.907	Loglikelihood: -1.93817e+07	(delta): 2.08047e+06
4 (QN/Block) 	Elapsed: 220.792	Loglikelihood: -1.79088e+07	(delta): 1.47298e+06
5 (QN/Block) 	Elapsed: 222.396	Loglikelihood: -1.70868e+07	(delta): 821964
6 (QN/Block) 	Elapsed: 221.522	Loglikelihood: -1.6624e+07	(delta): 462758
7 (QN/Block) 	Elapsed: 223.654	Loglikelihood: -1.64259e+07	(delta): 198155
8 (QN/Block) 	Elapsed: 221.232	Loglikelihood: -1.63544e+07	(delta): 71460
9 (QN/Block) 	Elapsed: 222.21	Loglikelihood: -1.63319e+07	(delta): 22513.9
10 (QN/Block) 	Elapsed: 221.252	Loglikelihood: -1.63241e+07	(delta): 7777.24
11 (QN/Block) 	Elapsed: 217.038	Loglikelihood: -1.63209e+07	(delta): 3233.15
12 (QN/Block) 	Elapsed: 222.186	Loglikelihood: -1.632e+07	(delta): 873.009
13 (QN/Block) 	Elapsed: 222.71	Loglikelihood: -1.63198e+07	(delta): 234.693
14 (QN/Block) 	Elapsed: 223.112	Loglikelihood: -1.63197e+07	(delta): 104.276
15 (QN/Block) 	Elapsed: 220.442	Loglikelihood: -1.63197e+07	(delta): 25.6511
16 (QN/Block) 	Elapsed: 222.39	Loglikelihood: -1.63197e+07	(delta): 2.05139
17 (QN/Block) 	Elapsed: 219.737	Loglikelihood: -1.63197e+07	(delta): 0.0508682
18 (QN/Block) 	Elapsed: 223.276	Loglikelihood: -1.63197e+07	(delta): 0.0244475
19 (QN/Block) 	Elapsed: 224.369	Loglikelihood: -1.63197e+07	(delta): 0.00133695
20 (QN/Block) 	Elapsed: 220.033	Loglikelihood: -1.63197e+07	(delta): 0.000283955
21 (QN/Block) 	Elapsed: 220.592	Loglikelihood: -1.63197e+07	(delta): 1.87065e-05
Summary: 
Converged in 21 iterations (5066.69 sec)
Loglikelihood: -16319666.244258
Fst divergences between estimated populations: 
	Pop0	Pop1	Pop2	Pop3	Pop4	Pop5	Pop6	Pop7	Pop8	Pop9	
Pop0	
Pop1	0.709	
Pop2	0.560	0.746	
Pop3	0.491	0.726	0.375	
Pop4	0.782	0.822	0.803	0.796	
Pop5	0.309	0.411	0.344	0.306	0.557	
Pop6	0.475	0.655	0.326	0.344	0.743	0.315	
Pop7	0.485	0.706	0.331	0.123	0.783	0.306	0.330	
Pop8	0.529	0.633	0.566	0.537	0.720	0.339	0.509	0.529	
Pop9	0.161	0.719	0.564	0.491	0.789	0.304	0.475	0.485	0.530	
Pop10	0.734	0.774	0.755	0.746	0.646	0.529	0.701	0.734	0.683	0.740	
CV error (K=11): 0.05416
Writing output files.
