****                   ADMIXTURE Version 1.3.0                  ****
****                    Copyright 2008-2015                     ****
****           David Alexander, Suyash Shringarpure,            ****
****                John  Novembre, Ken Lange                   ****
****                                                            ****
****                 Please cite our paper!                     ****
****   Information at www.genetics.ucla.edu/software/admixture  ****

Cross-validation will be performed.  Folds=10.
Parallel execution requested.  Will use 24 threads.
Random seed: 1830
Point estimation method: Block relaxation algorithm
Convergence acceleration algorithm: QuasiNewton, 3 secant conditions
Point estimation will terminate when objective function delta < 0.0001
Estimation of standard errors disabled; will compute point estimates only.
Size of G: 713x578311
Performing five EM steps to prime main algorithm
1 (EM) 	Elapsed: 87.58	Loglikelihood: -5.26357e+07	(delta): 5.46384e+08
2 (EM) 	Elapsed: 99.827	Loglikelihood: -4.59819e+07	(delta): 6.65384e+06
3 (EM) 	Elapsed: 85.692	Loglikelihood: -4.52744e+07	(delta): 707521
4 (EM) 	Elapsed: 100.269	Loglikelihood: -4.48908e+07	(delta): 383590
5 (EM) 	Elapsed: 97.979	Loglikelihood: -4.45893e+07	(delta): 301486
Initial loglikelihood: -4.45893e+07
Starting main algorithm
1 (QN/Block) 	Elapsed: 207.535	Loglikelihood: -2.92688e+07	(delta): 1.53205e+07
2 (QN/Block) 	Elapsed: 205.439	Loglikelihood: -2.19779e+07	(delta): 7.2909e+06
3 (QN/Block) 	Elapsed: 213.218	Loglikelihood: -1.98349e+07	(delta): 2.14299e+06
4 (QN/Block) 	Elapsed: 207.736	Loglikelihood: -1.84521e+07	(delta): 1.38281e+06
5 (QN/Block) 	Elapsed: 207.163	Loglikelihood: -1.76509e+07	(delta): 801167
6 (QN/Block) 	Elapsed: 210.15	Loglikelihood: -1.7347e+07	(delta): 303956
7 (QN/Block) 	Elapsed: 203.726	Loglikelihood: -1.72646e+07	(delta): 82376.2
8 (QN/Block) 	Elapsed: 207.358	Loglikelihood: -1.72423e+07	(delta): 22326.4
9 (QN/Block) 	Elapsed: 208.555	Loglikelihood: -1.72362e+07	(delta): 6029.36
10 (QN/Block) 	Elapsed: 209.972	Loglikelihood: -1.72344e+07	(delta): 1824.53
11 (QN/Block) 	Elapsed: 207.151	Loglikelihood: -1.72337e+07	(delta): 771.038
12 (QN/Block) 	Elapsed: 209.207	Loglikelihood: -1.72335e+07	(delta): 192.096
13 (QN/Block) 	Elapsed: 209.531	Loglikelihood: -1.72334e+07	(delta): 45.5019
14 (QN/Block) 	Elapsed: 206.84	Loglikelihood: -1.72334e+07	(delta): 3.76988
15 (QN/Block) 	Elapsed: 210.256	Loglikelihood: -1.72334e+07	(delta): 0.189035
16 (QN/Block) 	Elapsed: 206.714	Loglikelihood: -1.72334e+07	(delta): 0.0635945
17 (QN/Block) 	Elapsed: 206.092	Loglikelihood: -1.72334e+07	(delta): 0.0130477
18 (QN/Block) 	Elapsed: 209.071	Loglikelihood: -1.72334e+07	(delta): 0.00246398
19 (QN/Block) 	Elapsed: 203.686	Loglikelihood: -1.72334e+07	(delta): 0.000227023
20 (QN/Block) 	Elapsed: 206.319	Loglikelihood: -1.72334e+07	(delta): 1.35787e-05
Summary: 
Converged in 20 iterations (4634.93 sec)
Loglikelihood: -17233412.791482
Fst divergences between estimated populations: 
	Pop0	Pop1	Pop2	Pop3	Pop4	Pop5	Pop6	Pop7	Pop8	
Pop0	
Pop1	0.467	
Pop2	0.781	0.772	
Pop3	0.482	0.180	0.792	
Pop4	0.488	0.484	0.662	0.495	
Pop5	0.550	0.293	0.804	0.373	0.522	
Pop6	0.409	0.267	0.711	0.289	0.445	0.286	
Pop7	0.504	0.236	0.812	0.134	0.507	0.415	0.305	
Pop8	0.563	0.563	0.751	0.582	0.503	0.612	0.502	0.603	
Pop9	0.733	0.725	0.646	0.743	0.629	0.756	0.672	0.761	0.712	
CV error (K=10): 0.05573
Writing output files.
