****                   ADMIXTURE Version 1.3.0                  ****
****                    Copyright 2008-2015                     ****
****           David Alexander, Suyash Shringarpure,            ****
****                John  Novembre, Ken Lange                   ****
****                                                            ****
****                 Please cite our paper!                     ****
****   Information at www.genetics.ucla.edu/software/admixture  ****

Cross-validation will be performed.  Folds=10.
Parallel execution requested.  Will use 24 threads.
Random seed: 1853
Point estimation method: Block relaxation algorithm
Convergence acceleration algorithm: QuasiNewton, 3 secant conditions
Point estimation will terminate when objective function delta < 0.0001
Estimation of standard errors disabled; will compute point estimates only.
Size of G: 713x578311
Performing five EM steps to prime main algorithm
1 (EM) 	Elapsed: 52.719	Loglikelihood: -5.25668e+07	(delta): 5.52993e+08
2 (EM) 	Elapsed: 52.632	Loglikelihood: -4.60984e+07	(delta): 6.46834e+06
3 (EM) 	Elapsed: 53.253	Loglikelihood: -4.53991e+07	(delta): 699326
4 (EM) 	Elapsed: 53.111	Loglikelihood: -4.50257e+07	(delta): 373392
5 (EM) 	Elapsed: 52.633	Loglikelihood: -4.47454e+07	(delta): 280312
Initial loglikelihood: -4.47454e+07
Starting main algorithm
1 (QN/Block) 	Elapsed: 183.926	Loglikelihood: -3.08401e+07	(delta): 1.39052e+07
2 (QN/Block) 	Elapsed: 185.15	Loglikelihood: -2.43378e+07	(delta): 6.50229e+06
3 (QN/Block) 	Elapsed: 188.141	Loglikelihood: -2.14759e+07	(delta): 2.86198e+06
4 (QN/Block) 	Elapsed: 186.42	Loglikelihood: -1.98028e+07	(delta): 1.67307e+06
5 (QN/Block) 	Elapsed: 189.867	Loglikelihood: -1.88351e+07	(delta): 967659
6 (QN/Block) 	Elapsed: 189.633	Loglikelihood: -1.83593e+07	(delta): 475795
7 (QN/Block) 	Elapsed: 192.544	Loglikelihood: -1.81604e+07	(delta): 198941
8 (QN/Block) 	Elapsed: 191.33	Loglikelihood: -1.8113e+07	(delta): 47406.9
9 (QN/Block) 	Elapsed: 192.207	Loglikelihood: -1.80972e+07	(delta): 15800.8
10 (QN/Block) 	Elapsed: 193.533	Loglikelihood: -1.80922e+07	(delta): 5032.4
11 (QN/Block) 	Elapsed: 198.545	Loglikelihood: -1.80916e+07	(delta): 534.917
12 (QN/Block) 	Elapsed: 190.565	Loglikelihood: -1.80915e+07	(delta): 115.84
13 (QN/Block) 	Elapsed: 197.369	Loglikelihood: -1.80915e+07	(delta): 8.79639
14 (QN/Block) 	Elapsed: 192.079	Loglikelihood: -1.80915e+07	(delta): 0.484104
15 (QN/Block) 	Elapsed: 191.538	Loglikelihood: -1.80915e+07	(delta): 0.13056
16 (QN/Block) 	Elapsed: 188.286	Loglikelihood: -1.80915e+07	(delta): 0.00446653
17 (QN/Block) 	Elapsed: 184.899	Loglikelihood: -1.80915e+07	(delta): 0.479548
18 (QN/Block) 	Elapsed: 177.639	Loglikelihood: -1.80915e+07	(delta): 0.00487115
19 (QN/Block) 	Elapsed: 177.918	Loglikelihood: -1.80915e+07	(delta): 0.00387804
20 (QN/Block) 	Elapsed: 184.404	Loglikelihood: -1.80915e+07	(delta): 0.0302027
21 (QN/Block) 	Elapsed: 182.107	Loglikelihood: -1.80915e+07	(delta): 0.0507976
22 (QN/Block) 	Elapsed: 177.894	Loglikelihood: -1.80915e+07	(delta): 0.00285115
23 (QN/Block) 	Elapsed: 178.91	Loglikelihood: -1.80915e+07	(delta): 0.00123196
24 (QN/Block) 	Elapsed: 181.427	Loglikelihood: -1.80915e+07	(delta): 0.00123008
25 (QN/Block) 	Elapsed: 177.079	Loglikelihood: -1.80915e+07	(delta): 0.00123047
26 (QN/Block) 	Elapsed: 176.144	Loglikelihood: -1.80915e+07	(delta): 0.00123113
27 (QN/Block) 	Elapsed: 177.938	Loglikelihood: -1.80915e+07	(delta): 0.00123193
28 (QN/Block) 	Elapsed: 178.744	Loglikelihood: -1.80915e+07	(delta): 0.00123277
29 (QN/Block) 	Elapsed: 177.545	Loglikelihood: -1.80915e+07	(delta): 0.00123364
30 (QN/Block) 	Elapsed: 178.892	Loglikelihood: -1.80915e+07	(delta): 0.00123459
31 (QN/Block) 	Elapsed: 180.275	Loglikelihood: -1.80915e+07	(delta): 0.00123551
32 (QN/Block) 	Elapsed: 177.261	Loglikelihood: -1.80915e+07	(delta): 0.00123648
33 (QN/Block) 	Elapsed: 176.827	Loglikelihood: -1.80915e+07	(delta): 0.00123749
34 (QN/Block) 	Elapsed: 180.469	Loglikelihood: -1.80915e+07	(delta): 0.00123852
35 (QN/Block) 	Elapsed: 177.368	Loglikelihood: -1.80915e+07	(delta): 0.00123957
36 (QN/Block) 	Elapsed: 180.378	Loglikelihood: -1.80915e+07	(delta): 0.00124065
37 (QN/Block) 	Elapsed: 180.463	Loglikelihood: -1.80915e+07	(delta): 0.00124179
38 (QN/Block) 	Elapsed: 178.841	Loglikelihood: -1.80915e+07	(delta): 0.00124292
39 (QN/Block) 	Elapsed: 180.459	Loglikelihood: -1.80915e+07	(delta): 0.0012441
40 (QN/Block) 	Elapsed: 178.3	Loglikelihood: -1.80915e+07	(delta): 0.00124529
41 (QN/Block) 	Elapsed: 177.878	Loglikelihood: -1.80915e+07	(delta): 0.00124653
42 (QN/Block) 	Elapsed: 179.554	Loglikelihood: -1.80915e+07	(delta): 0.0012478
43 (QN/Block) 	Elapsed: 177.049	Loglikelihood: -1.80915e+07	(delta): 0.00124907
44 (QN/Block) 	Elapsed: 177.602	Loglikelihood: -1.80915e+07	(delta): 0.0012504
45 (QN/Block) 	Elapsed: 178.257	Loglikelihood: -1.80915e+07	(delta): 0.00125174
46 (QN/Block) 	Elapsed: 179.32	Loglikelihood: -1.80915e+07	(delta): 0.00125313
47 (QN/Block) 	Elapsed: 179.133	Loglikelihood: -1.80915e+07	(delta): 0.00125451
48 (QN/Block) 	Elapsed: 177.392	Loglikelihood: -1.80915e+07	(delta): 0.00125598
49 (QN/Block) 	Elapsed: 177.329	Loglikelihood: -1.80915e+07	(delta): 0.00110918
50 (QN/Block) 	Elapsed: 177.624	Loglikelihood: -1.80915e+07	(delta): 0.00112028
51 (QN/Block) 	Elapsed: 168.184	Loglikelihood: -1.80915e+07	(delta): 0.00176148
52 (QN/Block) 	Elapsed: 164.557	Loglikelihood: -1.80915e+07	(delta): 4.24869e-05
Summary: 
Converged in 52 iterations (9751.79 sec)
Loglikelihood: -18091495.703317
Fst divergences between estimated populations: 
	Pop0	Pop1	Pop2	Pop3	Pop4	Pop5	Pop6	
Pop0	
Pop1	0.644	
Pop2	0.643	0.347	
Pop3	0.601	0.549	0.538	
Pop4	0.582	0.249	0.252	0.454	
Pop5	0.632	0.525	0.482	0.517	0.387	
Pop6	0.527	0.769	0.776	0.700	0.682	0.758	
Pop7	0.621	0.621	0.615	0.558	0.517	0.599	0.730	
CV error (K=8): 0.05720
Writing output files.
