****                   ADMIXTURE Version 1.3.0                  ****
****                    Copyright 2008-2015                     ****
****           David Alexander, Suyash Shringarpure,            ****
****                John  Novembre, Ken Lange                   ****
****                                                            ****
****                 Please cite our paper!                     ****
****   Information at www.genetics.ucla.edu/software/admixture  ****

Cross-validation will be performed.  Folds=10.
Parallel execution requested.  Will use 24 threads.
Random seed: 1553
Point estimation method: Block relaxation algorithm
Convergence acceleration algorithm: QuasiNewton, 3 secant conditions
Point estimation will terminate when objective function delta < 0.0001
Estimation of standard errors disabled; will compute point estimates only.
Size of G: 713x578311
Performing five EM steps to prime main algorithm
1 (EM) 	Elapsed: 20.309	Loglikelihood: -4.84225e+07	(delta): 6.54684e+08
2 (EM) 	Elapsed: 16.383	Loglikelihood: -4.60453e+07	(delta): 2.37713e+06
3 (EM) 	Elapsed: 13.215	Loglikelihood: -4.57579e+07	(delta): 287417
4 (EM) 	Elapsed: 11.231	Loglikelihood: -4.55946e+07	(delta): 163300
5 (EM) 	Elapsed: 9.862	Loglikelihood: -4.5489e+07	(delta): 105653
Initial loglikelihood: -4.5489e+07
Starting main algorithm
1 (QN/Block) 	Elapsed: 46.69	Loglikelihood: -3.98077e+07	(delta): 5.68122e+06
2 (QN/Block) 	Elapsed: 46.698	Loglikelihood: -3.72726e+07	(delta): 2.53519e+06
3 (QN/Block) 	Elapsed: 46.94	Loglikelihood: -3.60806e+07	(delta): 1.19196e+06
4 (QN/Block) 	Elapsed: 47.327	Loglikelihood: -3.46987e+07	(delta): 1.38194e+06
5 (QN/Block) 	Elapsed: 47.427	Loglikelihood: -3.42138e+07	(delta): 484890
6 (QN/Block) 	Elapsed: 47.301	Loglikelihood: -3.4089e+07	(delta): 124789
7 (QN/Block) 	Elapsed: 47.215	Loglikelihood: -3.4006e+07	(delta): 82933.7
8 (QN/Block) 	Elapsed: 47.173	Loglikelihood: -3.39825e+07	(delta): 23571.1
9 (QN/Block) 	Elapsed: 47.251	Loglikelihood: -3.39787e+07	(delta): 3816.65
10 (QN/Block) 	Elapsed: 47.08	Loglikelihood: -3.39777e+07	(delta): 927.124
11 (QN/Block) 	Elapsed: 47.218	Loglikelihood: -3.39775e+07	(delta): 201.518
12 (QN/Block) 	Elapsed: 47.44	Loglikelihood: -3.39775e+07	(delta): 2.77389
13 (QN/Block) 	Elapsed: 47.563	Loglikelihood: -3.39775e+07	(delta): 1.25092
14 (QN/Block) 	Elapsed: 47.446	Loglikelihood: -3.39775e+07	(delta): 0.0891026
15 (QN/Block) 	Elapsed: 47.047	Loglikelihood: -3.39775e+07	(delta): 0.0038387
16 (QN/Block) 	Elapsed: 47.352	Loglikelihood: -3.39775e+07	(delta): 0.00437633
17 (QN/Block) 	Elapsed: 47.352	Loglikelihood: -3.39775e+07	(delta): 0.000276841
18 (QN/Block) 	Elapsed: 47.2	Loglikelihood: -3.39775e+07	(delta): 0.000244558
19 (QN/Block) 	Elapsed: 47.047	Loglikelihood: -3.39775e+07	(delta): 1.72183e-05
Summary: 
Converged in 19 iterations (970.296 sec)
Loglikelihood: -33977520.854443
Fst divergences between estimated populations: 
	Pop0	
Pop0	
Pop1	0.335	
CV error (K=2): 0.09286
Writing output files.
