****                   ADMIXTURE Version 1.3.0                  ****
****                    Copyright 2008-2015                     ****
****           David Alexander, Suyash Shringarpure,            ****
****                John  Novembre, Ken Lange                   ****
****                                                            ****
****                 Please cite our paper!                     ****
****   Information at www.genetics.ucla.edu/software/admixture  ****

Cross-validation will be performed.  Folds=10.
Parallel execution requested.  Will use 24 threads.
Random seed: 1230
Point estimation method: Block relaxation algorithm
Convergence acceleration algorithm: QuasiNewton, 3 secant conditions
Point estimation will terminate when objective function delta < 0.0001
Estimation of standard errors disabled; will compute point estimates only.
Size of G: 713x578311
Performing five EM steps to prime main algorithm
1 (EM) 	Elapsed: 360.496	Loglikelihood: -5.28705e+07	(delta): 5.28655e+08
2 (EM) 	Elapsed: 362.104	Loglikelihood: -4.56243e+07	(delta): 7.24625e+06
3 (EM) 	Elapsed: 356.264	Loglikelihood: -4.4878e+07	(delta): 746342
4 (EM) 	Elapsed: 358.733	Loglikelihood: -4.44466e+07	(delta): 431348
5 (EM) 	Elapsed: 357.541	Loglikelihood: -4.40523e+07	(delta): 394265
Initial loglikelihood: -4.40523e+07
Starting main algorithm
1 (QN/Block) 	Elapsed: 501.54	Loglikelihood: -2.38986e+07	(delta): 2.01537e+07
2 (QN/Block) 	Elapsed: 502.021	Loglikelihood: -1.65548e+07	(delta): 7.34379e+06
3 (QN/Block) 	Elapsed: 502.826	Loglikelihood: -1.44258e+07	(delta): 2.12905e+06
4 (QN/Block) 	Elapsed: 507.954	Loglikelihood: -1.32535e+07	(delta): 1.17233e+06
5 (QN/Block) 	Elapsed: 507.154	Loglikelihood: -1.25297e+07	(delta): 723760
6 (QN/Block) 	Elapsed: 506.737	Loglikelihood: -1.22155e+07	(delta): 314164
7 (QN/Block) 	Elapsed: 507.148	Loglikelihood: -1.20823e+07	(delta): 133226
8 (QN/Block) 	Elapsed: 507.236	Loglikelihood: -1.2033e+07	(delta): 49338.8
9 (QN/Block) 	Elapsed: 506.59	Loglikelihood: -1.19955e+07	(delta): 37507.9
10 (QN/Block) 	Elapsed: 508.125	Loglikelihood: -1.19541e+07	(delta): 41393.8
11 (QN/Block) 	Elapsed: 509.915	Loglikelihood: -1.18709e+07	(delta): 83206
12 (QN/Block) 	Elapsed: 514.842	Loglikelihood: -1.18275e+07	(delta): 43312.8
13 (QN/Block) 	Elapsed: 510.356	Loglikelihood: -1.18152e+07	(delta): 12336.8
14 (QN/Block) 	Elapsed: 506.838	Loglikelihood: -1.18121e+07	(delta): 3155.98
15 (QN/Block) 	Elapsed: 509.174	Loglikelihood: -1.18088e+07	(delta): 3259.53
16 (QN/Block) 	Elapsed: 516.235	Loglikelihood: -1.18075e+07	(delta): 1294.64
17 (QN/Block) 	Elapsed: 508.506	Loglikelihood: -1.18082e+07	(delta): -657.994
18 (QN/Block) 	Elapsed: 506.339	Loglikelihood: -1.18051e+07	(delta): 3039.54
19 (QN/Block) 	Elapsed: 507.776	Loglikelihood: -1.18043e+07	(delta): 804.692
20 (QN/Block) 	Elapsed: 510.147	Loglikelihood: -1.18041e+07	(delta): 170.732
21 (QN/Block) 	Elapsed: 509.108	Loglikelihood: -1.18041e+07	(delta): 15.36
22 (QN/Block) 	Elapsed: 510.273	Loglikelihood: -1.18041e+07	(delta): 3.1805
23 (QN/Block) 	Elapsed: 509.771	Loglikelihood: -1.18041e+07	(delta): 1.2238
24 (QN/Block) 	Elapsed: 516.19	Loglikelihood: -1.18041e+07	(delta): 0.0537852
25 (QN/Block) 	Elapsed: 509.375	Loglikelihood: -1.18041e+07	(delta): 0.114399
26 (QN/Block) 	Elapsed: 511.345	Loglikelihood: -1.18041e+07	(delta): 0.00814593
27 (QN/Block) 	Elapsed: 508.421	Loglikelihood: -1.18041e+07	(delta): 0.00260912
28 (QN/Block) 	Elapsed: 507.427	Loglikelihood: -1.18041e+07	(delta): 0.00128897
29 (QN/Block) 	Elapsed: 507.495	Loglikelihood: -1.18041e+07	(delta): 0.000166435
30 (QN/Block) 	Elapsed: 508.061	Loglikelihood: -1.18041e+07	(delta): 5.44079e-06
Summary: 
Converged in 30 iterations (17077.8 sec)
Loglikelihood: -11804124.709910
Fst divergences between estimated populations: 
	Pop0	Pop1	Pop2	Pop3	Pop4	Pop5	Pop6	Pop7	Pop8	Pop9	Pop10	Pop11	Pop12	Pop13	Pop14	Pop15	Pop16	Pop17	Pop18	Pop19	Pop20	Pop21	Pop22	Pop23	Pop24	Pop25	Pop26	
Pop0	
Pop1	0.334	
Pop2	0.354	0.323	
Pop3	0.209	0.296	0.322	
Pop4	0.582	0.477	0.542	0.553	
Pop5	0.536	0.446	0.466	0.505	0.581	
Pop6	0.768	0.713	0.742	0.758	0.740	0.742	
Pop7	0.878	0.810	0.845	0.866	0.844	0.838	0.538	
Pop8	0.552	0.500	0.531	0.539	0.510	0.546	0.653	0.728	
Pop9	0.233	0.286	0.299	0.211	0.541	0.497	0.752	0.858	0.534	
Pop10	0.421	0.346	0.370	0.380	0.589	0.545	0.762	0.867	0.555	0.348	
Pop11	0.472	0.358	0.421	0.426	0.586	0.518	0.759	0.862	0.553	0.412	0.476	
Pop12	0.657	0.536	0.605	0.627	0.259	0.633	0.761	0.866	0.542	0.612	0.655	0.649	
Pop13	0.516	0.427	0.353	0.473	0.612	0.500	0.767	0.871	0.563	0.450	0.537	0.529	0.675	
Pop14	0.230	0.304	0.327	0.190	0.564	0.520	0.766	0.877	0.545	0.151	0.385	0.448	0.642	0.484	
Pop15	0.747	0.668	0.710	0.731	0.703	0.712	0.754	0.840	0.602	0.722	0.737	0.734	0.735	0.746	0.742	
Pop16	0.567	0.510	0.543	0.554	0.535	0.560	0.654	0.734	0.482	0.548	0.569	0.568	0.568	0.577	0.560	0.615	
Pop17	0.795	0.689	0.743	0.774	0.740	0.744	0.775	0.876	0.610	0.762	0.781	0.774	0.781	0.790	0.790	0.775	0.574	
Pop18	0.620	0.495	0.464	0.577	0.662	0.521	0.781	0.885	0.586	0.558	0.614	0.606	0.721	0.422	0.595	0.768	0.602	0.817	
Pop19	0.452	0.389	0.399	0.423	0.519	0.284	0.712	0.804	0.514	0.417	0.475	0.440	0.568	0.420	0.436	0.671	0.526	0.693	0.452	
Pop20	0.624	0.551	0.593	0.608	0.578	0.607	0.705	0.789	0.516	0.600	0.623	0.620	0.617	0.631	0.617	0.667	0.523	0.683	0.659	0.566	
Pop21	0.817	0.755	0.787	0.806	0.785	0.784	0.620	0.745	0.686	0.798	0.808	0.804	0.807	0.813	0.814	0.793	0.689	0.819	0.827	0.752	0.742	
Pop22	0.612	0.554	0.587	0.599	0.581	0.599	0.670	0.750	0.520	0.592	0.612	0.610	0.612	0.619	0.605	0.642	0.499	0.640	0.641	0.565	0.563	0.705	
Pop23	0.904	0.832	0.868	0.891	0.867	0.859	0.562	0.515	0.744	0.883	0.891	0.885	0.890	0.895	0.902	0.859	0.751	0.899	0.909	0.824	0.808	0.772	0.767	
Pop24	0.604	0.499	0.562	0.576	0.195	0.597	0.744	0.848	0.520	0.563	0.609	0.606	0.330	0.630	0.588	0.711	0.546	0.749	0.678	0.535	0.590	0.790	0.590	0.871	
Pop25	0.605	0.496	0.561	0.576	0.168	0.597	0.746	0.851	0.520	0.563	0.610	0.606	0.315	0.632	0.589	0.712	0.545	0.754	0.681	0.534	0.591	0.792	0.591	0.875	0.213	
Pop26	0.343	0.351	0.321	0.329	0.579	0.523	0.762	0.869	0.550	0.294	0.431	0.458	0.648	0.473	0.331	0.739	0.565	0.783	0.576	0.440	0.619	0.809	0.608	0.894	0.600	0.601	
Pop27	0.280	0.303	0.235	0.263	0.534	0.480	0.743	0.847	0.529	0.172	0.358	0.406	0.600	0.435	0.226	0.710	0.541	0.745	0.532	0.408	0.592	0.788	0.583	0.871	0.555	0.555	0.259	
CV error (K=28): 0.04754
Writing output files.
