****                   ADMIXTURE Version 1.3.0                  ****
****                    Copyright 2008-2015                     ****
****           David Alexander, Suyash Shringarpure,            ****
****                John  Novembre, Ken Lange                   ****
****                                                            ****
****                 Please cite our paper!                     ****
****   Information at www.genetics.ucla.edu/software/admixture  ****

Cross-validation will be performed.  Folds=10.
Parallel execution requested.  Will use 24 threads.
Random seed: 1853
Point estimation method: Block relaxation algorithm
Convergence acceleration algorithm: QuasiNewton, 3 secant conditions
Point estimation will terminate when objective function delta < 0.0001
Estimation of standard errors disabled; will compute point estimates only.
Size of G: 713x578311
Performing five EM steps to prime main algorithm
1 (EM) 	Elapsed: 241.067	Loglikelihood: -5.28199e+07	(delta): 5.34107e+08
2 (EM) 	Elapsed: 235.361	Loglikelihood: -4.57251e+07	(delta): 7.09474e+06
3 (EM) 	Elapsed: 240.773	Loglikelihood: -4.49625e+07	(delta): 762648
4 (EM) 	Elapsed: 244.42	Loglikelihood: -4.45281e+07	(delta): 434402
5 (EM) 	Elapsed: 247.033	Loglikelihood: -4.41545e+07	(delta): 373640
Initial loglikelihood: -4.41545e+07
Starting main algorithm
1 (QN/Block) 	Elapsed: 348.31	Loglikelihood: -2.63609e+07	(delta): 1.77936e+07
2 (QN/Block) 	Elapsed: 345.559	Loglikelihood: -1.88436e+07	(delta): 7.51732e+06
3 (QN/Block) 	Elapsed: 350.926	Loglikelihood: -1.6347e+07	(delta): 2.49656e+06
4 (QN/Block) 	Elapsed: 342.445	Loglikelihood: -1.4609e+07	(delta): 1.738e+06
5 (QN/Block) 	Elapsed: 349.07	Loglikelihood: -1.37651e+07	(delta): 843900
6 (QN/Block) 	Elapsed: 355.063	Loglikelihood: -1.35257e+07	(delta): 239377
7 (QN/Block) 	Elapsed: 358.579	Loglikelihood: -1.34433e+07	(delta): 82470.7
8 (QN/Block) 	Elapsed: 360.022	Loglikelihood: -1.34143e+07	(delta): 28969
9 (QN/Block) 	Elapsed: 359.924	Loglikelihood: -1.33991e+07	(delta): 15199
10 (QN/Block) 	Elapsed: 361.331	Loglikelihood: -1.33937e+07	(delta): 5435.97
11 (QN/Block) 	Elapsed: 361.637	Loglikelihood: -1.33895e+07	(delta): 4207.42
12 (QN/Block) 	Elapsed: 345.816	Loglikelihood: -1.33886e+07	(delta): 813.389
13 (QN/Block) 	Elapsed: 348.598	Loglikelihood: -1.33868e+07	(delta): 1864.23
14 (QN/Block) 	Elapsed: 347.181	Loglikelihood: -1.33858e+07	(delta): 1002.81
15 (QN/Block) 	Elapsed: 353.019	Loglikelihood: -1.33853e+07	(delta): 446.69
16 (QN/Block) 	Elapsed: 354.065	Loglikelihood: -1.33853e+07	(delta): 64.0842
17 (QN/Block) 	Elapsed: 353.271	Loglikelihood: -1.33853e+07	(delta): 1.60507
18 (QN/Block) 	Elapsed: 352.045	Loglikelihood: -1.33853e+07	(delta): 0.579666
19 (QN/Block) 	Elapsed: 354.603	Loglikelihood: -1.33853e+07	(delta): 0.243702
20 (QN/Block) 	Elapsed: 344.648	Loglikelihood: -1.33853e+07	(delta): 0.0424962
21 (QN/Block) 	Elapsed: 346.421	Loglikelihood: -1.33853e+07	(delta): 0.0185105
22 (QN/Block) 	Elapsed: 350.423	Loglikelihood: -1.33853e+07	(delta): 0.0355133
23 (QN/Block) 	Elapsed: 346.552	Loglikelihood: -1.33853e+07	(delta): 0.0227371
24 (QN/Block) 	Elapsed: 348.045	Loglikelihood: -1.33853e+07	(delta): 0.0247075
25 (QN/Block) 	Elapsed: 348.834	Loglikelihood: -1.33853e+07	(delta): 0.047108
26 (QN/Block) 	Elapsed: 352.847	Loglikelihood: -1.33853e+07	(delta): 0.027519
27 (QN/Block) 	Elapsed: 354.643	Loglikelihood: -1.33853e+07	(delta): 0.0261494
28 (QN/Block) 	Elapsed: 356.878	Loglikelihood: -1.33853e+07	(delta): 0.0109584
29 (QN/Block) 	Elapsed: 358.251	Loglikelihood: -1.33853e+07	(delta): 0.0252557
30 (QN/Block) 	Elapsed: 357.099	Loglikelihood: -1.33853e+07	(delta): 0.034473
31 (QN/Block) 	Elapsed: 353.583	Loglikelihood: -1.33853e+07	(delta): 0.0142718
32 (QN/Block) 	Elapsed: 359.087	Loglikelihood: -1.33853e+07	(delta): 0.000878945
33 (QN/Block) 	Elapsed: 357.91	Loglikelihood: -1.33853e+07	(delta): 3.54256e-05
Summary: 
Converged in 33 iterations (12861.9 sec)
Loglikelihood: -13385265.037999
Fst divergences between estimated populations: 
	Pop0	Pop1	Pop2	Pop3	Pop4	Pop5	Pop6	Pop7	Pop8	Pop9	Pop10	Pop11	Pop12	Pop13	Pop14	Pop15	Pop16	
Pop0	
Pop1	0.682	
Pop2	0.544	0.679	
Pop3	0.550	0.674	0.353	
Pop4	0.742	0.819	0.750	0.741	
Pop5	0.775	0.859	0.788	0.777	0.724	
Pop6	0.591	0.740	0.303	0.364	0.786	0.826	
Pop7	0.646	0.748	0.635	0.630	0.778	0.811	0.679	
Pop8	0.578	0.733	0.469	0.496	0.781	0.821	0.538	0.667	
Pop9	0.657	0.814	0.478	0.407	0.825	0.867	0.463	0.738	0.653	
Pop10	0.579	0.693	0.558	0.561	0.746	0.778	0.603	0.648	0.584	0.667	
Pop11	0.693	0.760	0.694	0.689	0.605	0.480	0.726	0.727	0.721	0.764	0.697	
Pop12	0.587	0.741	0.257	0.368	0.787	0.829	0.236	0.678	0.521	0.517	0.599	0.726	
Pop13	0.630	0.788	0.412	0.386	0.812	0.854	0.354	0.717	0.608	0.414	0.643	0.751	0.415	
Pop14	0.572	0.730	0.459	0.487	0.780	0.821	0.527	0.664	0.161	0.646	0.579	0.720	0.508	0.599	
Pop15	0.501	0.565	0.485	0.492	0.651	0.679	0.515	0.557	0.511	0.565	0.520	0.610	0.510	0.545	0.506	
Pop16	0.637	0.733	0.623	0.620	0.764	0.795	0.666	0.684	0.658	0.720	0.643	0.716	0.665	0.701	0.655	0.560	
Pop17	0.600	0.765	0.259	0.379	0.801	0.844	0.282	0.694	0.536	0.552	0.612	0.738	0.125	0.445	0.523	0.519	0.679	
CV error (K=18): 0.04884
Writing output files.
