****                   ADMIXTURE Version 1.3.0                  ****
****                    Copyright 2008-2015                     ****
****           David Alexander, Suyash Shringarpure,            ****
****                John  Novembre, Ken Lange                   ****
****                                                            ****
****                 Please cite our paper!                     ****
****   Information at www.genetics.ucla.edu/software/admixture  ****

Cross-validation will be performed.  Folds=10.
Parallel execution requested.  Will use 24 threads.
Random seed: 1432
Point estimation method: Block relaxation algorithm
Convergence acceleration algorithm: QuasiNewton, 3 secant conditions
Point estimation will terminate when objective function delta < 0.0001
Estimation of standard errors disabled; will compute point estimates only.
Size of G: 713x578311
Performing five EM steps to prime main algorithm
1 (EM) 	Elapsed: 127.775	Loglikelihood: -5.28055e+07	(delta): 5.38702e+08
2 (EM) 	Elapsed: 124.682	Loglikelihood: -4.58699e+07	(delta): 6.9356e+06
3 (EM) 	Elapsed: 124.61	Loglikelihood: -4.51395e+07	(delta): 730457
4 (EM) 	Elapsed: 124.43	Loglikelihood: -4.47218e+07	(delta): 417694
5 (EM) 	Elapsed: 124.746	Loglikelihood: -4.43593e+07	(delta): 362417
Initial loglikelihood: -4.43593e+07
Starting main algorithm
1 (QN/Block) 	Elapsed: 272.393	Loglikelihood: -2.73564e+07	(delta): 1.70029e+07
2 (QN/Block) 	Elapsed: 277.996	Loglikelihood: -2.01122e+07	(delta): 7.24423e+06
3 (QN/Block) 	Elapsed: 282.858	Loglikelihood: -1.81558e+07	(delta): 1.95639e+06
4 (QN/Block) 	Elapsed: 280.116	Loglikelihood: -1.69505e+07	(delta): 1.20534e+06
5 (QN/Block) 	Elapsed: 281.651	Loglikelihood: -1.61738e+07	(delta): 776686
6 (QN/Block) 	Elapsed: 281.947	Loglikelihood: -1.58939e+07	(delta): 279861
7 (QN/Block) 	Elapsed: 284.901	Loglikelihood: -1.57673e+07	(delta): 126631
8 (QN/Block) 	Elapsed: 276.502	Loglikelihood: -1.57158e+07	(delta): 51451.5
9 (QN/Block) 	Elapsed: 277.618	Loglikelihood: -1.56787e+07	(delta): 37091.7
10 (QN/Block) 	Elapsed: 287.009	Loglikelihood: -1.56568e+07	(delta): 21902.6
11 (QN/Block) 	Elapsed: 277.882	Loglikelihood: -1.56405e+07	(delta): 16348.1
12 (QN/Block) 	Elapsed: 268.418	Loglikelihood: -1.56285e+07	(delta): 12010.5
13 (QN/Block) 	Elapsed: 266.214	Loglikelihood: -1.56231e+07	(delta): 5330.41
14 (QN/Block) 	Elapsed: 267.681	Loglikelihood: -1.56213e+07	(delta): 1889.22
15 (QN/Block) 	Elapsed: 266.73	Loglikelihood: -1.56197e+07	(delta): 1593.71
16 (QN/Block) 	Elapsed: 283.02	Loglikelihood: -1.56194e+07	(delta): 218.684
17 (QN/Block) 	Elapsed: 289.864	Loglikelihood: -1.56193e+07	(delta): 154.046
18 (QN/Block) 	Elapsed: 289.31	Loglikelihood: -1.56191e+07	(delta): 236.437
19 (QN/Block) 	Elapsed: 289.499	Loglikelihood: -1.56189e+07	(delta): 201.674
20 (QN/Block) 	Elapsed: 299.9	Loglikelihood: -1.56187e+07	(delta): 203.646
21 (QN/Block) 	Elapsed: 300.307	Loglikelihood: -1.56179e+07	(delta): 751.141
22 (QN/Block) 	Elapsed: 296.273	Loglikelihood: -1.56174e+07	(delta): 549.147
23 (QN/Block) 	Elapsed: 296.605	Loglikelihood: -1.56163e+07	(delta): 1081.18
24 (QN/Block) 	Elapsed: 291.274	Loglikelihood: -1.56142e+07	(delta): 2052.8
25 (QN/Block) 	Elapsed: 293.818	Loglikelihood: -1.56131e+07	(delta): 1109.62
26 (QN/Block) 	Elapsed: 303.468	Loglikelihood: -1.56094e+07	(delta): 3753.28
27 (QN/Block) 	Elapsed: 317.382	Loglikelihood: -1.56036e+07	(delta): 5744
28 (QN/Block) 	Elapsed: 315.749	Loglikelihood: -1.55961e+07	(delta): 7539.34
29 (QN/Block) 	Elapsed: 305.689	Loglikelihood: -1.55915e+07	(delta): 4593.4
30 (QN/Block) 	Elapsed: 295.798	Loglikelihood: -1.55893e+07	(delta): 2212.26
31 (QN/Block) 	Elapsed: 268.801	Loglikelihood: -1.55884e+07	(delta): 892.54
32 (QN/Block) 	Elapsed: 272.901	Loglikelihood: -1.55881e+07	(delta): 253.112
33 (QN/Block) 	Elapsed: 290.486	Loglikelihood: -1.5588e+07	(delta): 132.722
34 (QN/Block) 	Elapsed: 285.622	Loglikelihood: -1.55879e+07	(delta): 46.393
35 (QN/Block) 	Elapsed: 286.672	Loglikelihood: -1.55874e+07	(delta): 531.032
36 (QN/Block) 	Elapsed: 284.562	Loglikelihood: -1.55871e+07	(delta): 260.629
37 (QN/Block) 	Elapsed: 286.117	Loglikelihood: -1.55871e+07	(delta): 24.59
38 (QN/Block) 	Elapsed: 286.697	Loglikelihood: -1.55871e+07	(delta): 3.15036
39 (QN/Block) 	Elapsed: 284.433	Loglikelihood: -1.55871e+07	(delta): 1.02578
40 (QN/Block) 	Elapsed: 284.834	Loglikelihood: -1.55871e+07	(delta): 0.094447
41 (QN/Block) 	Elapsed: 288.559	Loglikelihood: -1.55871e+07	(delta): 0.0178456
42 (QN/Block) 	Elapsed: 285.419	Loglikelihood: -1.55871e+07	(delta): 0.00109591
43 (QN/Block) 	Elapsed: 285.973	Loglikelihood: -1.55871e+07	(delta): 8.44877e-05
Summary: 
Converged in 43 iterations (12955.4 sec)
Loglikelihood: -15587120.079514
Fst divergences between estimated populations: 
	Pop0	Pop1	Pop2	Pop3	Pop4	Pop5	Pop6	Pop7	Pop8	Pop9	Pop10	Pop11	Pop12	
Pop0	
Pop1	0.628	
Pop2	0.651	0.365	
Pop3	0.649	0.498	0.519	
Pop4	0.633	0.555	0.583	0.574	
Pop5	0.472	0.357	0.357	0.352	0.379	
Pop6	0.628	0.365	0.299	0.465	0.546	0.340	
Pop7	0.667	0.402	0.277	0.537	0.606	0.359	0.272	
Pop8	0.589	0.504	0.524	0.507	0.516	0.351	0.496	0.537	
Pop9	0.665	0.354	0.308	0.570	0.610	0.380	0.389	0.424	0.547	
Pop10	0.652	0.379	0.221	0.509	0.584	0.350	0.256	0.130	0.522	0.388	
Pop11	0.685	0.670	0.719	0.721	0.674	0.424	0.671	0.761	0.604	0.748	0.726	
Pop12	0.650	0.501	0.523	0.162	0.576	0.355	0.468	0.542	0.509	0.573	0.513	0.721	
Pop13	0.640	0.286	0.377	0.524	0.575	0.370	0.365	0.407	0.520	0.394	0.379	0.694	0.527	
CV error (K=14): 0.05327
Writing output files.
