****                   ADMIXTURE Version 1.3.0                  ****
****                    Copyright 2008-2015                     ****
****           David Alexander, Suyash Shringarpure,            ****
****                John  Novembre, Ken Lange                   ****
****                                                            ****
****                 Please cite our paper!                     ****
****   Information at www.genetics.ucla.edu/software/admixture  ****

Cross-validation will be performed.  Folds=10.
Parallel execution requested.  Will use 24 threads.
Random seed: 1807
Point estimation method: Block relaxation algorithm
Convergence acceleration algorithm: QuasiNewton, 3 secant conditions
Point estimation will terminate when objective function delta < 0.0001
Estimation of standard errors disabled; will compute point estimates only.
Size of G: 713x578311
Performing five EM steps to prime main algorithm
1 (EM) 	Elapsed: 311.932	Loglikelihood: -5.28475e+07	(delta): 5.30268e+08
2 (EM) 	Elapsed: 319.965	Loglikelihood: -4.56757e+07	(delta): 7.17182e+06
3 (EM) 	Elapsed: 316.43	Loglikelihood: -4.49468e+07	(delta): 728924
4 (EM) 	Elapsed: 320.387	Loglikelihood: -4.45391e+07	(delta): 407686
5 (EM) 	Elapsed: 319.301	Loglikelihood: -4.41847e+07	(delta): 354336
Initial loglikelihood: -4.41847e+07
Starting main algorithm
1 (QN/Block) 	Elapsed: 441.155	Loglikelihood: -2.45252e+07	(delta): 1.96595e+07
2 (QN/Block) 	Elapsed: 441.638	Loglikelihood: -1.72904e+07	(delta): 7.23485e+06
3 (QN/Block) 	Elapsed: 447.667	Loglikelihood: -1.4997e+07	(delta): 2.2934e+06
4 (QN/Block) 	Elapsed: 448.88	Loglikelihood: -1.37571e+07	(delta): 1.23987e+06
5 (QN/Block) 	Elapsed: 495.819	Loglikelihood: -1.28862e+07	(delta): 870929
6 (QN/Block) 	Elapsed: 499.899	Loglikelihood: -1.25426e+07	(delta): 343602
7 (QN/Block) 	Elapsed: 488.575	Loglikelihood: -1.2404e+07	(delta): 138619
8 (QN/Block) 	Elapsed: 502.679	Loglikelihood: -1.23532e+07	(delta): 50765.2
9 (QN/Block) 	Elapsed: 470.018	Loglikelihood: -1.23331e+07	(delta): 20136.8
10 (QN/Block) 	Elapsed: 460.674	Loglikelihood: -1.232e+07	(delta): 13064
11 (QN/Block) 	Elapsed: 455.645	Loglikelihood: -1.23058e+07	(delta): 14167.9
12 (QN/Block) 	Elapsed: 449.493	Loglikelihood: -1.22975e+07	(delta): 8303.17
13 (QN/Block) 	Elapsed: 450.057	Loglikelihood: -1.22904e+07	(delta): 7161.15
14 (QN/Block) 	Elapsed: 454.474	Loglikelihood: -1.22874e+07	(delta): 3004.35
15 (QN/Block) 	Elapsed: 454.447	Loglikelihood: -1.2286e+07	(delta): 1331.44
16 (QN/Block) 	Elapsed: 456.455	Loglikelihood: -1.22854e+07	(delta): 582.272
17 (QN/Block) 	Elapsed: 452.1	Loglikelihood: -1.22854e+07	(delta): 48.7129
18 (QN/Block) 	Elapsed: 451.779	Loglikelihood: -1.22854e+07	(delta): 31.1822
19 (QN/Block) 	Elapsed: 452.059	Loglikelihood: -1.22853e+07	(delta): 43.6869
20 (QN/Block) 	Elapsed: 451.411	Loglikelihood: -1.22853e+07	(delta): 7.87695
21 (QN/Block) 	Elapsed: 454.058	Loglikelihood: -1.22853e+07	(delta): 0.191895
22 (QN/Block) 	Elapsed: 450.614	Loglikelihood: -1.22853e+07	(delta): 0.111852
23 (QN/Block) 	Elapsed: 454.503	Loglikelihood: -1.22853e+07	(delta): 0.0450382
24 (QN/Block) 	Elapsed: 452.142	Loglikelihood: -1.22853e+07	(delta): 0.00999011
25 (QN/Block) 	Elapsed: 452.65	Loglikelihood: -1.22853e+07	(delta): 0.00125402
26 (QN/Block) 	Elapsed: 448.391	Loglikelihood: -1.22853e+07	(delta): 0.00029188
27 (QN/Block) 	Elapsed: 450.764	Loglikelihood: -1.22853e+07	(delta): 0.000108067
28 (QN/Block) 	Elapsed: 451.425	Loglikelihood: -1.22853e+07	(delta): 6.6353e-05
Summary: 
Converged in 28 iterations (14444.8 sec)
Loglikelihood: -12285315.023183
Fst divergences between estimated populations: 
	Pop0	Pop1	Pop2	Pop3	Pop4	Pop5	Pop6	Pop7	Pop8	Pop9	Pop10	Pop11	Pop12	Pop13	Pop14	Pop15	Pop16	Pop17	Pop18	Pop19	Pop20	Pop21	Pop22	
Pop0	
Pop1	0.721	
Pop2	0.875	0.845	
Pop3	0.787	0.619	0.884	
Pop4	0.769	0.736	0.546	0.772	
Pop5	0.816	0.738	0.890	0.807	0.790	
Pop6	0.806	0.657	0.893	0.447	0.782	0.825	
Pop7	0.772	0.555	0.882	0.498	0.764	0.795	0.591	
Pop8	0.813	0.781	0.753	0.818	0.620	0.832	0.828	0.812	
Pop9	0.767	0.697	0.846	0.754	0.754	0.784	0.770	0.739	0.793	
Pop10	0.765	0.553	0.876	0.501	0.760	0.788	0.591	0.140	0.808	0.734	
Pop11	0.721	0.162	0.845	0.617	0.735	0.738	0.655	0.550	0.780	0.697	0.549	
Pop12	0.834	0.763	0.899	0.833	0.796	0.854	0.849	0.822	0.839	0.792	0.815	0.763	
Pop13	0.726	0.535	0.848	0.333	0.739	0.748	0.412	0.326	0.784	0.706	0.342	0.532	0.773	
Pop14	0.741	0.551	0.857	0.415	0.747	0.762	0.503	0.343	0.793	0.717	0.337	0.548	0.788	0.218	
Pop15	0.685	0.583	0.797	0.651	0.709	0.699	0.671	0.625	0.746	0.672	0.622	0.580	0.717	0.602	0.613	
Pop16	0.784	0.703	0.869	0.769	0.772	0.642	0.788	0.754	0.812	0.758	0.748	0.702	0.822	0.712	0.726	0.672	
Pop17	0.665	0.494	0.798	0.400	0.702	0.684	0.414	0.399	0.741	0.656	0.399	0.490	0.706	0.350	0.385	0.562	0.655	
Pop18	0.484	0.436	0.651	0.477	0.576	0.532	0.495	0.448	0.606	0.524	0.449	0.434	0.544	0.441	0.448	0.461	0.512	0.426	
Pop19	0.886	0.856	0.521	0.897	0.556	0.901	0.905	0.895	0.767	0.855	0.889	0.857	0.911	0.859	0.869	0.806	0.879	0.808	0.658	
Pop20	0.675	0.473	0.814	0.436	0.711	0.697	0.493	0.290	0.754	0.666	0.298	0.470	0.723	0.326	0.332	0.563	0.664	0.360	0.418	0.825	
Pop21	0.730	0.522	0.853	0.442	0.741	0.753	0.528	0.177	0.787	0.708	0.202	0.517	0.778	0.280	0.264	0.600	0.716	0.373	0.436	0.865	0.278	
Pop22	0.730	0.638	0.832	0.703	0.739	0.545	0.723	0.683	0.777	0.712	0.678	0.636	0.769	0.650	0.662	0.625	0.392	0.602	0.475	0.842	0.605	0.651	
Pop23	0.704	0.497	0.835	0.421	0.727	0.727	0.495	0.218	0.771	0.687	0.224	0.493	0.752	0.275	0.280	0.582	0.692	0.346	0.428	0.846	0.245	0.207	0.630	
CV error (K=24): 0.04717
Writing output files.
