****                   ADMIXTURE Version 1.3.0                  ****
****                    Copyright 2008-2015                     ****
****           David Alexander, Suyash Shringarpure,            ****
****                John  Novembre, Ken Lange                   ****
****                                                            ****
****                 Please cite our paper!                     ****
****   Information at www.genetics.ucla.edu/software/admixture  ****

Cross-validation will be performed.  Folds=10.
Parallel execution requested.  Will use 24 threads.
Random seed: 1853
Point estimation method: Block relaxation algorithm
Convergence acceleration algorithm: QuasiNewton, 3 secant conditions
Point estimation will terminate when objective function delta < 0.0001
Estimation of standard errors disabled; will compute point estimates only.
Size of G: 713x578311
Performing five EM steps to prime main algorithm
1 (EM) 	Elapsed: 57.425	Loglikelihood: -5.12578e+07	(delta): 5.89423e+08
2 (EM) 	Elapsed: 44.673	Loglikelihood: -4.60766e+07	(delta): 5.1812e+06
3 (EM) 	Elapsed: 48.643	Loglikelihood: -4.54472e+07	(delta): 629472
4 (EM) 	Elapsed: 48.487	Loglikelihood: -4.51033e+07	(delta): 343885
5 (EM) 	Elapsed: 45.579	Loglikelihood: -4.48549e+07	(delta): 248408
Initial loglikelihood: -4.48549e+07
Starting main algorithm
1 (QN/Block) 	Elapsed: 101	Loglikelihood: -3.62324e+07	(delta): 8.62251e+06
2 (QN/Block) 	Elapsed: 99.424	Loglikelihood: -3.04431e+07	(delta): 5.78924e+06
3 (QN/Block) 	Elapsed: 98.831	Loglikelihood: -2.84705e+07	(delta): 1.97258e+06
4 (QN/Block) 	Elapsed: 99.453	Loglikelihood: -2.66705e+07	(delta): 1.80003e+06
5 (QN/Block) 	Elapsed: 99.932	Loglikelihood: -2.53878e+07	(delta): 1.28269e+06
6 (QN/Block) 	Elapsed: 99.594	Loglikelihood: -2.48614e+07	(delta): 526402
7 (QN/Block) 	Elapsed: 99.285	Loglikelihood: -2.47177e+07	(delta): 143695
8 (QN/Block) 	Elapsed: 100.119	Loglikelihood: -2.46421e+07	(delta): 75596.7
9 (QN/Block) 	Elapsed: 99.142	Loglikelihood: -2.46281e+07	(delta): 14057.8
10 (QN/Block) 	Elapsed: 99.653	Loglikelihood: -2.46252e+07	(delta): 2881.74
11 (QN/Block) 	Elapsed: 99.202	Loglikelihood: -2.46246e+07	(delta): 597.229
12 (QN/Block) 	Elapsed: 99.484	Loglikelihood: -2.46244e+07	(delta): 186.852
13 (QN/Block) 	Elapsed: 100.131	Loglikelihood: -2.46243e+07	(delta): 73.8019
14 (QN/Block) 	Elapsed: 99.753	Loglikelihood: -2.46243e+07	(delta): 48.5501
15 (QN/Block) 	Elapsed: 100.673	Loglikelihood: -2.46242e+07	(delta): 40.9053
16 (QN/Block) 	Elapsed: 100.794	Loglikelihood: -2.46242e+07	(delta): -4.23861
17 (QN/Block) 	Elapsed: 100.586	Loglikelihood: -2.46242e+07	(delta): 9.14769
18 (QN/Block) 	Elapsed: 100.978	Loglikelihood: -2.46242e+07	(delta): 1.85096
19 (QN/Block) 	Elapsed: 98.757	Loglikelihood: -2.46242e+07	(delta): 0.0154366
20 (QN/Block) 	Elapsed: 98.928	Loglikelihood: -2.46242e+07	(delta): 0.00043828
21 (QN/Block) 	Elapsed: 98.637	Loglikelihood: -2.46242e+07	(delta): 0.000325613
22 (QN/Block) 	Elapsed: 98.673	Loglikelihood: -2.46242e+07	(delta): 2.864e-05
Summary: 
Converged in 22 iterations (2442.01 sec)
Loglikelihood: -24624233.402612
Fst divergences between estimated populations: 
	Pop0	Pop1	Pop2	
Pop0	
Pop1	0.370	
Pop2	0.615	0.624	
Pop3	0.349	0.348	0.511	
CV error (K=4): 0.07144
Writing output files.
