****                   ADMIXTURE Version 1.3.0                  ****
****                    Copyright 2008-2015                     ****
****           David Alexander, Suyash Shringarpure,            ****
****                John  Novembre, Ken Lange                   ****
****                                                            ****
****                 Please cite our paper!                     ****
****   Information at www.genetics.ucla.edu/software/admixture  ****

Cross-validation will be performed.  Folds=10.
Parallel execution requested.  Will use 24 threads.
Random seed: 1853
Point estimation method: Block relaxation algorithm
Convergence acceleration algorithm: QuasiNewton, 3 secant conditions
Point estimation will terminate when objective function delta < 0.0001
Estimation of standard errors disabled; will compute point estimates only.
Size of G: 713x578311
Performing five EM steps to prime main algorithm
1 (EM) 	Elapsed: 33.182	Loglikelihood: -5.03558e+07	(delta): 6.12633e+08
2 (EM) 	Elapsed: 33.326	Loglikelihood: -4.61469e+07	(delta): 4.20896e+06
3 (EM) 	Elapsed: 35.885	Loglikelihood: -4.56536e+07	(delta): 493210
4 (EM) 	Elapsed: 22.944	Loglikelihood: -4.53946e+07	(delta): 258999
5 (EM) 	Elapsed: 27.431	Loglikelihood: -4.52241e+07	(delta): 170575
Initial loglikelihood: -4.52241e+07
Starting main algorithm
1 (QN/Block) 	Elapsed: 88.056	Loglikelihood: -3.75295e+07	(delta): 7.69461e+06
2 (QN/Block) 	Elapsed: 87.535	Loglikelihood: -3.23157e+07	(delta): 5.21374e+06
3 (QN/Block) 	Elapsed: 87.973	Loglikelihood: -3.04527e+07	(delta): 1.86303e+06
4 (QN/Block) 	Elapsed: 90.635	Loglikelihood: -2.91189e+07	(delta): 1.33381e+06
5 (QN/Block) 	Elapsed: 89.642	Loglikelihood: -2.82374e+07	(delta): 881498
6 (QN/Block) 	Elapsed: 87.829	Loglikelihood: -2.80021e+07	(delta): 235249
7 (QN/Block) 	Elapsed: 88.077	Loglikelihood: -2.79596e+07	(delta): 42503.9
8 (QN/Block) 	Elapsed: 90.398	Loglikelihood: -2.79458e+07	(delta): 13865.2
9 (QN/Block) 	Elapsed: 87.481	Loglikelihood: -2.79403e+07	(delta): 5460.03
10 (QN/Block) 	Elapsed: 92.402	Loglikelihood: -2.79396e+07	(delta): 753.101
11 (QN/Block) 	Elapsed: 89.085	Loglikelihood: -2.79395e+07	(delta): 39.3808
12 (QN/Block) 	Elapsed: 90.849	Loglikelihood: -2.79395e+07	(delta): 4.59661
13 (QN/Block) 	Elapsed: 89.316	Loglikelihood: -2.79395e+07	(delta): 0.0840811
14 (QN/Block) 	Elapsed: 91.952	Loglikelihood: -2.79395e+07	(delta): 0.0612629
15 (QN/Block) 	Elapsed: 89.783	Loglikelihood: -2.79395e+07	(delta): 0.0125649
16 (QN/Block) 	Elapsed: 88.537	Loglikelihood: -2.79395e+07	(delta): 0.000576772
17 (QN/Block) 	Elapsed: 91.135	Loglikelihood: -2.79395e+07	(delta): 1.30124e-05
Summary: 
Converged in 17 iterations (1676.98 sec)
Loglikelihood: -27939517.051059
Fst divergences between estimated populations: 
	Pop0	Pop1	
Pop0	
Pop1	0.256	
Pop2	0.496	0.586	
CV error (K=3): 0.07893
Writing output files.
