****                   ADMIXTURE Version 1.3.0                  ****
****                    Copyright 2008-2015                     ****
****           David Alexander, Suyash Shringarpure,            ****
****                John  Novembre, Ken Lange                   ****
****                                                            ****
****                 Please cite our paper!                     ****
****   Information at www.genetics.ucla.edu/software/admixture  ****

Cross-validation will be performed.  Folds=10.
Parallel execution requested.  Will use 24 threads.
Random seed: 1432
Point estimation method: Block relaxation algorithm
Convergence acceleration algorithm: QuasiNewton, 3 secant conditions
Point estimation will terminate when objective function delta < 0.0001
Estimation of standard errors disabled; will compute point estimates only.
Size of G: 713x578311
Performing five EM steps to prime main algorithm
1 (EM) 	Elapsed: 253.258	Loglikelihood: -5.28104e+07	(delta): 5.32688e+08
2 (EM) 	Elapsed: 253.106	Loglikelihood: -4.57028e+07	(delta): 7.10767e+06
3 (EM) 	Elapsed: 247.824	Loglikelihood: -4.4964e+07	(delta): 738779
4 (EM) 	Elapsed: 245.173	Loglikelihood: -4.45558e+07	(delta): 408224
5 (EM) 	Elapsed: 249.573	Loglikelihood: -4.42132e+07	(delta): 342604
Initial loglikelihood: -4.42132e+07
Starting main algorithm
1 (QN/Block) 	Elapsed: 456.818	Loglikelihood: -2.50251e+07	(delta): 1.9188e+07
2 (QN/Block) 	Elapsed: 457.857	Loglikelihood: -1.77529e+07	(delta): 7.27225e+06
3 (QN/Block) 	Elapsed: 459.647	Loglikelihood: -1.58586e+07	(delta): 1.89429e+06
4 (QN/Block) 	Elapsed: 459.298	Loglikelihood: -1.47008e+07	(delta): 1.15779e+06
5 (QN/Block) 	Elapsed: 461.566	Loglikelihood: -1.40983e+07	(delta): 602493
6 (QN/Block) 	Elapsed: 462.768	Loglikelihood: -1.36585e+07	(delta): 439790
7 (QN/Block) 	Elapsed: 453.256	Loglikelihood: -1.34339e+07	(delta): 224640
8 (QN/Block) 	Elapsed: 463.236	Loglikelihood: -1.33169e+07	(delta): 117028
9 (QN/Block) 	Elapsed: 464.924	Loglikelihood: -1.32881e+07	(delta): 28707.5
10 (QN/Block) 	Elapsed: 456.099	Loglikelihood: -1.32765e+07	(delta): 11607.3
11 (QN/Block) 	Elapsed: 453.885	Loglikelihood: -1.3274e+07	(delta): 2499.62
12 (QN/Block) 	Elapsed: 453.223	Loglikelihood: -1.32741e+07	(delta): -79.1245
13 (QN/Block) 	Elapsed: 459.819	Loglikelihood: -1.32735e+07	(delta): 622.493
14 (QN/Block) 	Elapsed: 452.854	Loglikelihood: -1.32732e+07	(delta): 267.671
15 (QN/Block) 	Elapsed: 464.147	Loglikelihood: -1.32728e+07	(delta): 474.064
16 (QN/Block) 	Elapsed: 452.444	Loglikelihood: -1.32714e+07	(delta): 1343.63
17 (QN/Block) 	Elapsed: 461.906	Loglikelihood: -1.32712e+07	(delta): 250.763
18 (QN/Block) 	Elapsed: 459.248	Loglikelihood: -1.32711e+07	(delta): 40.6456
19 (QN/Block) 	Elapsed: 454.078	Loglikelihood: -1.32711e+07	(delta): 11.4527
20 (QN/Block) 	Elapsed: 453.283	Loglikelihood: -1.32711e+07	(delta): 8.36608
21 (QN/Block) 	Elapsed: 454.999	Loglikelihood: -1.32711e+07	(delta): 3.23924
22 (QN/Block) 	Elapsed: 450.767	Loglikelihood: -1.32711e+07	(delta): 1.33964
23 (QN/Block) 	Elapsed: 455.596	Loglikelihood: -1.32711e+07	(delta): 0.862776
24 (QN/Block) 	Elapsed: 461.993	Loglikelihood: -1.32711e+07	(delta): 0.172688
25 (QN/Block) 	Elapsed: 455.515	Loglikelihood: -1.32711e+07	(delta): 0.122386
26 (QN/Block) 	Elapsed: 451.017	Loglikelihood: -1.32711e+07	(delta): 0.0370992
27 (QN/Block) 	Elapsed: 459.524	Loglikelihood: -1.32711e+07	(delta): 0.00953655
28 (QN/Block) 	Elapsed: 450.593	Loglikelihood: -1.32711e+07	(delta): 0.00783104
29 (QN/Block) 	Elapsed: 451.971	Loglikelihood: -1.32711e+07	(delta): 0.0011696
30 (QN/Block) 	Elapsed: 450.774	Loglikelihood: -1.32711e+07	(delta): 2.10553e-05
Summary: 
Converged in 30 iterations (14972.6 sec)
Loglikelihood: -13271096.444016
Fst divergences between estimated populations: 
	Pop0	Pop1	Pop2	Pop3	Pop4	Pop5	Pop6	Pop7	Pop8	Pop9	Pop10	Pop11	Pop12	Pop13	Pop14	Pop15	Pop16	Pop17	Pop18	
Pop0	
Pop1	0.183	
Pop2	0.261	0.250	
Pop3	0.839	0.821	0.775	
Pop4	0.762	0.735	0.665	0.854	
Pop5	0.553	0.529	0.465	0.825	0.744	
Pop6	0.321	0.307	0.177	0.806	0.714	0.526	
Pop7	0.138	0.163	0.271	0.851	0.782	0.571	0.341	
Pop8	0.562	0.516	0.461	0.864	0.814	0.671	0.534	0.586	
Pop9	0.701	0.691	0.663	0.550	0.713	0.693	0.683	0.708	0.722	
Pop10	0.578	0.553	0.484	0.831	0.756	0.256	0.546	0.597	0.689	0.698	
Pop11	0.548	0.535	0.496	0.717	0.573	0.541	0.529	0.557	0.602	0.619	0.552	
Pop12	0.455	0.414	0.394	0.849	0.787	0.621	0.466	0.475	0.419	0.711	0.641	0.577	
Pop13	0.801	0.784	0.742	0.719	0.818	0.788	0.771	0.812	0.827	0.598	0.794	0.689	0.812	
Pop14	0.540	0.518	0.454	0.820	0.736	0.163	0.515	0.557	0.659	0.690	0.227	0.535	0.609	0.783	
Pop15	0.293	0.230	0.290	0.822	0.738	0.548	0.343	0.311	0.461	0.692	0.569	0.541	0.350	0.785	0.537	
Pop16	0.601	0.584	0.536	0.772	0.681	0.585	0.574	0.614	0.658	0.662	0.598	0.523	0.631	0.742	0.578	0.590	
Pop17	0.385	0.368	0.336	0.774	0.673	0.504	0.393	0.399	0.410	0.664	0.521	0.512	0.387	0.741	0.495	0.363	0.550	
Pop18	0.445	0.434	0.410	0.643	0.511	0.440	0.437	0.449	0.498	0.563	0.451	0.391	0.475	0.618	0.435	0.442	0.451	0.426	
Pop19	0.613	0.597	0.549	0.775	0.692	0.591	0.588	0.625	0.669	0.666	0.604	0.542	0.643	0.746	0.584	0.603	0.579	0.562	0.463	
CV error (K=20): 0.04951
Writing output files.
