****                   ADMIXTURE Version 1.3.0                  ****
****                    Copyright 2008-2015                     ****
****           David Alexander, Suyash Shringarpure,            ****
****                John  Novembre, Ken Lange                   ****
****                                                            ****
****                 Please cite our paper!                     ****
****   Information at www.genetics.ucla.edu/software/admixture  ****

Cross-validation will be performed.  Folds=10.
Parallel execution requested.  Will use 24 threads.
Random seed: 1830
Point estimation method: Block relaxation algorithm
Convergence acceleration algorithm: QuasiNewton, 3 secant conditions
Point estimation will terminate when objective function delta < 0.0001
Estimation of standard errors disabled; will compute point estimates only.
Size of G: 713x578311
Performing five EM steps to prime main algorithm
1 (EM) 	Elapsed: 222.015	Loglikelihood: -5.28354e+07	(delta): 5.32664e+08
2 (EM) 	Elapsed: 222.891	Loglikelihood: -4.57237e+07	(delta): 7.11171e+06
3 (EM) 	Elapsed: 222.074	Loglikelihood: -4.49726e+07	(delta): 751096
4 (EM) 	Elapsed: 222.886	Loglikelihood: -4.45427e+07	(delta): 429850
5 (EM) 	Elapsed: 222.315	Loglikelihood: -4.41675e+07	(delta): 375245
Initial loglikelihood: -4.41675e+07
Starting main algorithm
1 (QN/Block) 	Elapsed: 368.531	Loglikelihood: -2.52496e+07	(delta): 1.89179e+07
2 (QN/Block) 	Elapsed: 373.87	Loglikelihood: -1.85486e+07	(delta): 6.70098e+06
3 (QN/Block) 	Elapsed: 375.63	Loglikelihood: -1.6217e+07	(delta): 2.33156e+06
4 (QN/Block) 	Elapsed: 377.312	Loglikelihood: -1.45715e+07	(delta): 1.64553e+06
5 (QN/Block) 	Elapsed: 382.299	Loglikelihood: -1.36627e+07	(delta): 908769
6 (QN/Block) 	Elapsed: 399.587	Loglikelihood: -1.33904e+07	(delta): 272317
7 (QN/Block) 	Elapsed: 406.846	Loglikelihood: -1.33107e+07	(delta): 79740
8 (QN/Block) 	Elapsed: 405.416	Loglikelihood: -1.32896e+07	(delta): 21074.1
9 (QN/Block) 	Elapsed: 405.433	Loglikelihood: -1.32813e+07	(delta): 8290.58
10 (QN/Block) 	Elapsed: 399.239	Loglikelihood: -1.32763e+07	(delta): 5000.16
11 (QN/Block) 	Elapsed: 389.905	Loglikelihood: -1.32744e+07	(delta): 1900.3
12 (QN/Block) 	Elapsed: 390.637	Loglikelihood: -1.3265e+07	(delta): 9408.82
13 (QN/Block) 	Elapsed: 390.933	Loglikelihood: -1.32598e+07	(delta): 5199.37
14 (QN/Block) 	Elapsed: 390.417	Loglikelihood: -1.32588e+07	(delta): 975.258
15 (QN/Block) 	Elapsed: 391.3	Loglikelihood: -1.32587e+07	(delta): 159.031
16 (QN/Block) 	Elapsed: 391.747	Loglikelihood: -1.32581e+07	(delta): 587.425
17 (QN/Block) 	Elapsed: 390.633	Loglikelihood: -1.32576e+07	(delta): 485.048
18 (QN/Block) 	Elapsed: 375	Loglikelihood: -1.32576e+07	(delta): 22.7599
19 (QN/Block) 	Elapsed: 373.178	Loglikelihood: -1.32576e+07	(delta): 7.30481
20 (QN/Block) 	Elapsed: 372.761	Loglikelihood: -1.32576e+07	(delta): 3.05129
21 (QN/Block) 	Elapsed: 371.323	Loglikelihood: -1.32576e+07	(delta): 0.351438
22 (QN/Block) 	Elapsed: 372.7	Loglikelihood: -1.32576e+07	(delta): 0.317498
23 (QN/Block) 	Elapsed: 371.774	Loglikelihood: -1.32576e+07	(delta): 0.294958
24 (QN/Block) 	Elapsed: 372.275	Loglikelihood: -1.32576e+07	(delta): 0.274624
25 (QN/Block) 	Elapsed: 373.332	Loglikelihood: -1.32576e+07	(delta): 0.299276
26 (QN/Block) 	Elapsed: 375.078	Loglikelihood: -1.32576e+07	(delta): 0.202371
27 (QN/Block) 	Elapsed: 382.455	Loglikelihood: -1.32576e+07	(delta): 0.052764
28 (QN/Block) 	Elapsed: 381.094	Loglikelihood: -1.32576e+07	(delta): 0.0463624
29 (QN/Block) 	Elapsed: 368.419	Loglikelihood: -1.32576e+07	(delta): 0.00494957
30 (QN/Block) 	Elapsed: 379.168	Loglikelihood: -1.32576e+07	(delta): 0.000881728
31 (QN/Block) 	Elapsed: 381.914	Loglikelihood: -1.32576e+07	(delta): 9.34564e-05
Summary: 
Converged in 31 iterations (13013.6 sec)
Loglikelihood: -13257555.338669
Fst divergences between estimated populations: 
	Pop0	Pop1	Pop2	Pop3	Pop4	Pop5	Pop6	Pop7	Pop8	Pop9	Pop10	Pop11	Pop12	Pop13	Pop14	Pop15	Pop16	Pop17	Pop18	
Pop0	
Pop1	0.461	
Pop2	0.507	0.618	
Pop3	0.531	0.666	0.416	
Pop4	0.418	0.508	0.548	0.574	
Pop5	0.548	0.703	0.748	0.774	0.592	
Pop6	0.476	0.549	0.352	0.464	0.513	0.707	
Pop7	0.469	0.566	0.597	0.619	0.476	0.623	0.565	
Pop8	0.487	0.566	0.468	0.502	0.522	0.694	0.440	0.570	
Pop9	0.625	0.746	0.771	0.785	0.648	0.770	0.747	0.662	0.736	
Pop10	0.459	0.212	0.617	0.666	0.506	0.704	0.546	0.565	0.564	0.747	
Pop11	0.481	0.563	0.464	0.575	0.522	0.737	0.301	0.578	0.467	0.765	0.559	
Pop12	0.560	0.742	0.788	0.816	0.582	0.784	0.741	0.620	0.723	0.780	0.743	0.777	
Pop13	0.493	0.617	0.663	0.691	0.530	0.471	0.623	0.568	0.620	0.728	0.616	0.644	0.712	
Pop14	0.462	0.214	0.624	0.673	0.509	0.708	0.553	0.568	0.569	0.750	0.178	0.567	0.749	0.620	
Pop15	0.469	0.532	0.414	0.518	0.506	0.706	0.236	0.560	0.435	0.746	0.527	0.146	0.740	0.619	0.535	
Pop16	0.460	0.515	0.404	0.496	0.496	0.692	0.248	0.552	0.409	0.738	0.510	0.150	0.723	0.606	0.517	0.172	
Pop17	0.465	0.526	0.418	0.442	0.497	0.665	0.391	0.547	0.300	0.717	0.524	0.424	0.691	0.592	0.528	0.397	0.382	
Pop18	0.657	0.795	0.821	0.835	0.684	0.813	0.795	0.698	0.780	0.646	0.796	0.818	0.828	0.768	0.799	0.796	0.786	0.761	
Pop19	0.450	0.490	0.426	0.495	0.483	0.662	0.321	0.537	0.416	0.719	0.486	0.288	0.688	0.581	0.492	0.277	0.255	0.386	0.764	
CV error (K=20): 0.04911
Writing output files.
