****                   ADMIXTURE Version 1.3.0                  ****
****                    Copyright 2008-2015                     ****
****           David Alexander, Suyash Shringarpure,            ****
****                John  Novembre, Ken Lange                   ****
****                                                            ****
****                 Please cite our paper!                     ****
****   Information at www.genetics.ucla.edu/software/admixture  ****

Cross-validation will be performed.  Folds=10.
Parallel execution requested.  Will use 24 threads.
Random seed: 1230
Point estimation method: Block relaxation algorithm
Convergence acceleration algorithm: QuasiNewton, 3 secant conditions
Point estimation will terminate when objective function delta < 0.0001
Estimation of standard errors disabled; will compute point estimates only.
Size of G: 713x578311
Performing five EM steps to prime main algorithm
1 (EM) 	Elapsed: 335.707	Loglikelihood: -5.28124e+07	(delta): 5.29553e+08
2 (EM) 	Elapsed: 353.645	Loglikelihood: -4.55664e+07	(delta): 7.246e+06
3 (EM) 	Elapsed: 351.369	Loglikelihood: -4.47889e+07	(delta): 777511
4 (EM) 	Elapsed: 354.912	Loglikelihood: -4.43268e+07	(delta): 462046
5 (EM) 	Elapsed: 358.697	Loglikelihood: -4.39038e+07	(delta): 422987
Initial loglikelihood: -4.39038e+07
Starting main algorithm
1 (QN/Block) 	Elapsed: 558.478	Loglikelihood: -2.34142e+07	(delta): 2.04897e+07
2 (QN/Block) 	Elapsed: 494.527	Loglikelihood: -1.62813e+07	(delta): 7.13293e+06
3 (QN/Block) 	Elapsed: 481.788	Loglikelihood: -1.44098e+07	(delta): 1.87146e+06
4 (QN/Block) 	Elapsed: 500.763	Loglikelihood: -1.34539e+07	(delta): 955865
5 (QN/Block) 	Elapsed: 508.34	Loglikelihood: -1.28586e+07	(delta): 595340
6 (QN/Block) 	Elapsed: 507.493	Loglikelihood: -1.25778e+07	(delta): 280749
7 (QN/Block) 	Elapsed: 510.62	Loglikelihood: -1.22927e+07	(delta): 285103
8 (QN/Block) 	Elapsed: 512.434	Loglikelihood: -1.22199e+07	(delta): 72878.6
9 (QN/Block) 	Elapsed: 492.848	Loglikelihood: -1.21937e+07	(delta): 26162.1
10 (QN/Block) 	Elapsed: 484.976	Loglikelihood: -1.21851e+07	(delta): 8587.38
11 (QN/Block) 	Elapsed: 488.415	Loglikelihood: -1.21812e+07	(delta): 3907.22
12 (QN/Block) 	Elapsed: 490.418	Loglikelihood: -1.21769e+07	(delta): 4301.68
13 (QN/Block) 	Elapsed: 505.729	Loglikelihood: -1.21525e+07	(delta): 24441.5
14 (QN/Block) 	Elapsed: 503.854	Loglikelihood: -1.21389e+07	(delta): 13571.4
15 (QN/Block) 	Elapsed: 490.43	Loglikelihood: -1.21349e+07	(delta): 3936.91
16 (QN/Block) 	Elapsed: 491.293	Loglikelihood: -1.21337e+07	(delta): 1269.15
17 (QN/Block) 	Elapsed: 492.774	Loglikelihood: -1.21331e+07	(delta): 621.655
18 (QN/Block) 	Elapsed: 494.652	Loglikelihood: -1.21329e+07	(delta): 178.059
19 (QN/Block) 	Elapsed: 492.415	Loglikelihood: -1.21328e+07	(delta): 105.957
20 (QN/Block) 	Elapsed: 492.258	Loglikelihood: -1.21327e+07	(delta): 74.1538
21 (QN/Block) 	Elapsed: 492.412	Loglikelihood: -1.21327e+07	(delta): 22.6612
22 (QN/Block) 	Elapsed: 495.605	Loglikelihood: -1.21327e+07	(delta): 5.76095
23 (QN/Block) 	Elapsed: 492.96	Loglikelihood: -1.21327e+07	(delta): 3.78347
24 (QN/Block) 	Elapsed: 497.467	Loglikelihood: -1.21327e+07	(delta): 3.98561
25 (QN/Block) 	Elapsed: 494.487	Loglikelihood: -1.21327e+07	(delta): 4.7872
26 (QN/Block) 	Elapsed: 494.977	Loglikelihood: -1.21327e+07	(delta): 5.5847
27 (QN/Block) 	Elapsed: 492.453	Loglikelihood: -1.21326e+07	(delta): 6.50048
28 (QN/Block) 	Elapsed: 495.87	Loglikelihood: -1.21326e+07	(delta): 7.82462
29 (QN/Block) 	Elapsed: 491.833	Loglikelihood: -1.21326e+07	(delta): 10.2814
30 (QN/Block) 	Elapsed: 496.569	Loglikelihood: -1.21326e+07	(delta): 7.90203
31 (QN/Block) 	Elapsed: 493.59	Loglikelihood: -1.21326e+07	(delta): 10.1788
32 (QN/Block) 	Elapsed: 496.895	Loglikelihood: -1.21326e+07	(delta): 22.3625
33 (QN/Block) 	Elapsed: 496.551	Loglikelihood: -1.21326e+07	(delta): 3.89355
34 (QN/Block) 	Elapsed: 491.149	Loglikelihood: -1.21326e+07	(delta): 2.56547
35 (QN/Block) 	Elapsed: 492.964	Loglikelihood: -1.21326e+07	(delta): 1.4914
36 (QN/Block) 	Elapsed: 493.237	Loglikelihood: -1.21326e+07	(delta): 0.0900257
37 (QN/Block) 	Elapsed: 494.449	Loglikelihood: -1.21326e+07	(delta): 0.00825674
38 (QN/Block) 	Elapsed: 494.437	Loglikelihood: -1.21326e+07	(delta): 0.000751374
39 (QN/Block) 	Elapsed: 495.172	Loglikelihood: -1.21326e+07	(delta): 3.816e-05
Summary: 
Converged in 39 iterations (21168.1 sec)
Loglikelihood: -12132578.908954
Fst divergences between estimated populations: 
	Pop0	Pop1	Pop2	Pop3	Pop4	Pop5	Pop6	Pop7	Pop8	Pop9	Pop10	Pop11	Pop12	Pop13	Pop14	Pop15	Pop16	Pop17	Pop18	Pop19	Pop20	Pop21	Pop22	Pop23	Pop24	
Pop0	
Pop1	0.813	
Pop2	0.809	0.327	
Pop3	0.827	0.593	0.576	
Pop4	0.813	0.483	0.474	0.425	
Pop5	0.804	0.631	0.639	0.714	0.668	
Pop6	0.818	0.419	0.461	0.647	0.571	0.672	
Pop7	0.783	0.556	0.573	0.657	0.607	0.248	0.607	
Pop8	0.805	0.183	0.326	0.575	0.472	0.616	0.412	0.545	
Pop9	0.789	0.327	0.323	0.468	0.355	0.601	0.404	0.540	0.324	
Pop10	0.735	0.609	0.613	0.652	0.627	0.601	0.630	0.566	0.601	0.592	
Pop11	0.781	0.556	0.572	0.654	0.606	0.274	0.606	0.129	0.545	0.540	0.566	
Pop12	0.620	0.765	0.762	0.781	0.767	0.758	0.771	0.737	0.757	0.744	0.699	0.736	
Pop13	0.745	0.875	0.869	0.885	0.871	0.863	0.878	0.841	0.865	0.847	0.780	0.838	0.538	
Pop14	0.705	0.604	0.608	0.641	0.619	0.608	0.623	0.579	0.599	0.588	0.568	0.579	0.670	0.750	
Pop15	0.758	0.296	0.331	0.488	0.416	0.536	0.363	0.479	0.285	0.311	0.556	0.481	0.715	0.813	0.558	
Pop16	0.777	0.537	0.539	0.560	0.524	0.627	0.581	0.582	0.525	0.495	0.604	0.581	0.737	0.829	0.597	0.459	
Pop17	0.587	0.391	0.403	0.443	0.419	0.402	0.417	0.374	0.389	0.391	0.410	0.374	0.557	0.625	0.402	0.371	0.423	
Pop18	0.742	0.616	0.619	0.659	0.632	0.613	0.637	0.576	0.607	0.595	0.567	0.575	0.705	0.789	0.563	0.558	0.607	0.407	
Pop19	0.799	0.149	0.298	0.560	0.453	0.606	0.383	0.537	0.212	0.304	0.596	0.537	0.752	0.859	0.593	0.282	0.515	0.387	0.601	
Pop20	0.819	0.787	0.781	0.817	0.790	0.775	0.799	0.735	0.772	0.746	0.677	0.733	0.775	0.875	0.640	0.693	0.736	0.470	0.682	0.762	
Pop21	0.787	0.223	0.257	0.528	0.432	0.589	0.382	0.526	0.260	0.236	0.586	0.527	0.742	0.845	0.581	0.288	0.499	0.385	0.590	0.176	0.742	
Pop22	0.770	0.473	0.478	0.478	0.456	0.597	0.530	0.547	0.460	0.431	0.584	0.547	0.729	0.823	0.584	0.397	0.397	0.401	0.588	0.457	0.721	0.439	
Pop23	0.766	0.333	0.381	0.522	0.455	0.553	0.405	0.495	0.325	0.351	0.564	0.498	0.723	0.821	0.566	0.246	0.486	0.377	0.565	0.316	0.706	0.326	0.435	
Pop24	0.815	0.218	0.336	0.616	0.513	0.643	0.448	0.571	0.203	0.352	0.615	0.571	0.767	0.876	0.610	0.321	0.550	0.399	0.622	0.232	0.790	0.276	0.489	0.362	
Pop25	0.772	0.901	0.893	0.909	0.896	0.887	0.903	0.865	0.890	0.870	0.798	0.862	0.562	0.515	0.767	0.834	0.850	0.639	0.808	0.883	0.898	0.868	0.845	0.843	0.902	
CV error (K=26): 0.04711
Writing output files.
