****                   ADMIXTURE Version 1.3.0                  ****
****                    Copyright 2008-2015                     ****
****           David Alexander, Suyash Shringarpure,            ****
****                John  Novembre, Ken Lange                   ****
****                                                            ****
****                 Please cite our paper!                     ****
****   Information at www.genetics.ucla.edu/software/admixture  ****

Cross-validation will be performed.  Folds=10.
Parallel execution requested.  Will use 24 threads.
Random seed: 1807
Point estimation method: Block relaxation algorithm
Convergence acceleration algorithm: QuasiNewton, 3 secant conditions
Point estimation will terminate when objective function delta < 0.0001
Estimation of standard errors disabled; will compute point estimates only.
Size of G: 713x578311
Performing five EM steps to prime main algorithm
1 (EM) 	Elapsed: 153.442	Loglikelihood: -5.27424e+07	(delta): 5.37392e+08
2 (EM) 	Elapsed: 147.198	Loglikelihood: -4.57425e+07	(delta): 6.9999e+06
3 (EM) 	Elapsed: 148.196	Loglikelihood: -4.49563e+07	(delta): 786258
4 (EM) 	Elapsed: 151.511	Loglikelihood: -4.44993e+07	(delta): 456958
5 (EM) 	Elapsed: 151.889	Loglikelihood: -4.41136e+07	(delta): 385743
Initial loglikelihood: -4.41136e+07
Starting main algorithm
1 (QN/Block) 	Elapsed: 306.467	Loglikelihood: -2.59095e+07	(delta): 1.82041e+07
2 (QN/Block) 	Elapsed: 306.943	Loglikelihood: -1.88758e+07	(delta): 7.03373e+06
3 (QN/Block) 	Elapsed: 308.113	Loglikelihood: -1.71713e+07	(delta): 1.70441e+06
4 (QN/Block) 	Elapsed: 309.934	Loglikelihood: -1.57761e+07	(delta): 1.39521e+06
5 (QN/Block) 	Elapsed: 317.317	Loglikelihood: -1.50632e+07	(delta): 712967
6 (QN/Block) 	Elapsed: 314.39	Loglikelihood: -1.46992e+07	(delta): 363927
7 (QN/Block) 	Elapsed: 313.649	Loglikelihood: -1.45304e+07	(delta): 168794
8 (QN/Block) 	Elapsed: 316.894	Loglikelihood: -1.447e+07	(delta): 60426.6
9 (QN/Block) 	Elapsed: 324.863	Loglikelihood: -1.44396e+07	(delta): 30392
10 (QN/Block) 	Elapsed: 327.438	Loglikelihood: -1.44256e+07	(delta): 14026
11 (QN/Block) 	Elapsed: 326.568	Loglikelihood: -1.44212e+07	(delta): 4389.86
12 (QN/Block) 	Elapsed: 330.171	Loglikelihood: -1.44198e+07	(delta): 1394.76
13 (QN/Block) 	Elapsed: 328.761	Loglikelihood: -1.44191e+07	(delta): 669.302
14 (QN/Block) 	Elapsed: 328.196	Loglikelihood: -1.44191e+07	(delta): 93.3237
15 (QN/Block) 	Elapsed: 323.946	Loglikelihood: -1.4419e+07	(delta): 9.86798
16 (QN/Block) 	Elapsed: 321.306	Loglikelihood: -1.4419e+07	(delta): 19.8599
17 (QN/Block) 	Elapsed: 330.66	Loglikelihood: -1.4419e+07	(delta): 14.2267
18 (QN/Block) 	Elapsed: 345.417	Loglikelihood: -1.4419e+07	(delta): 11.0955
19 (QN/Block) 	Elapsed: 330.346	Loglikelihood: -1.4419e+07	(delta): 0.920593
20 (QN/Block) 	Elapsed: 328.924	Loglikelihood: -1.4419e+07	(delta): 0.0932502
21 (QN/Block) 	Elapsed: 343.247	Loglikelihood: -1.4419e+07	(delta): 0.0272948
22 (QN/Block) 	Elapsed: 358.746	Loglikelihood: -1.4419e+07	(delta): 0.0134079
23 (QN/Block) 	Elapsed: 358.066	Loglikelihood: -1.4419e+07	(delta): 0.00111799
24 (QN/Block) 	Elapsed: 346.28	Loglikelihood: -1.4419e+07	(delta): 0.000705147
25 (QN/Block) 	Elapsed: 330.073	Loglikelihood: -1.4419e+07	(delta): 6.55483e-05
Summary: 
Converged in 25 iterations (8939.84 sec)
Loglikelihood: -14418997.584301
Fst divergences between estimated populations: 
	Pop0	Pop1	Pop2	Pop3	Pop4	Pop5	Pop6	Pop7	Pop8	Pop9	Pop10	Pop11	Pop12	Pop13	
Pop0	
Pop1	0.790	
Pop2	0.385	0.732	
Pop3	0.803	0.667	0.742	
Pop4	0.121	0.788	0.382	0.801	
Pop5	0.417	0.785	0.341	0.797	0.419	
Pop6	0.275	0.770	0.355	0.782	0.280	0.305	
Pop7	0.145	0.762	0.348	0.774	0.168	0.360	0.191	
Pop8	0.754	0.801	0.666	0.814	0.750	0.749	0.721	0.706	
Pop9	0.273	0.742	0.357	0.752	0.271	0.392	0.304	0.246	0.672	
Pop10	0.324	0.537	0.326	0.541	0.325	0.350	0.328	0.314	0.402	0.311	
Pop11	0.602	0.733	0.550	0.742	0.600	0.611	0.585	0.571	0.674	0.547	0.357	
Pop12	0.528	0.769	0.488	0.782	0.525	0.570	0.519	0.486	0.720	0.462	0.317	0.573	
Pop13	0.614	0.737	0.562	0.746	0.611	0.623	0.598	0.583	0.685	0.561	0.371	0.579	0.579	
Pop14	0.525	0.764	0.487	0.776	0.523	0.565	0.516	0.485	0.712	0.462	0.319	0.570	0.124	0.576	
CV error (K=15): 0.05079
Writing output files.
