****                   ADMIXTURE Version 1.3.0                  ****
****                    Copyright 2008-2015                     ****
****           David Alexander, Suyash Shringarpure,            ****
****                John  Novembre, Ken Lange                   ****
****                                                            ****
****                 Please cite our paper!                     ****
****   Information at www.genetics.ucla.edu/software/admixture  ****

Cross-validation will be performed.  Folds=10.
Parallel execution requested.  Will use 24 threads.
Random seed: 1706
Point estimation method: Block relaxation algorithm
Convergence acceleration algorithm: QuasiNewton, 3 secant conditions
Point estimation will terminate when objective function delta < 0.0001
Estimation of standard errors disabled; will compute point estimates only.
Size of G: 713x578311
Performing five EM steps to prime main algorithm
1 (EM) 	Elapsed: 98.933	Loglikelihood: -5.27089e+07	(delta): 5.46864e+08
2 (EM) 	Elapsed: 98.123	Loglikelihood: -4.60641e+07	(delta): 6.64475e+06
3 (EM) 	Elapsed: 98.197	Loglikelihood: -4.53786e+07	(delta): 685558
4 (EM) 	Elapsed: 101.765	Loglikelihood: -4.50209e+07	(delta): 357679
5 (EM) 	Elapsed: 95.007	Loglikelihood: -4.47493e+07	(delta): 271585
Initial loglikelihood: -4.47493e+07
Starting main algorithm
1 (QN/Block) 	Elapsed: 210.446	Loglikelihood: -2.8994e+07	(delta): 1.57553e+07
2 (QN/Block) 	Elapsed: 211.198	Loglikelihood: -2.09147e+07	(delta): 8.07929e+06
3 (QN/Block) 	Elapsed: 211.115	Loglikelihood: -1.90337e+07	(delta): 1.88101e+06
4 (QN/Block) 	Elapsed: 208.534	Loglikelihood: -1.77307e+07	(delta): 1.30297e+06
5 (QN/Block) 	Elapsed: 209.587	Loglikelihood: -1.70031e+07	(delta): 727678
6 (QN/Block) 	Elapsed: 208.144	Loglikelihood: -1.66627e+07	(delta): 340399
7 (QN/Block) 	Elapsed: 209.449	Loglikelihood: -1.65746e+07	(delta): 88057.7
8 (QN/Block) 	Elapsed: 212.378	Loglikelihood: -1.64693e+07	(delta): 105292
9 (QN/Block) 	Elapsed: 208.492	Loglikelihood: -1.64335e+07	(delta): 35811.9
10 (QN/Block) 	Elapsed: 208.36	Loglikelihood: -1.64188e+07	(delta): 14737.7
11 (QN/Block) 	Elapsed: 209.74	Loglikelihood: -1.64134e+07	(delta): 5386.55
12 (QN/Block) 	Elapsed: 209.23	Loglikelihood: -1.64125e+07	(delta): 884.347
13 (QN/Block) 	Elapsed: 212.13	Loglikelihood: -1.64124e+07	(delta): 141.202
14 (QN/Block) 	Elapsed: 206.846	Loglikelihood: -1.64123e+07	(delta): 13.5422
15 (QN/Block) 	Elapsed: 208.515	Loglikelihood: -1.64123e+07	(delta): 2.24235
16 (QN/Block) 	Elapsed: 211.205	Loglikelihood: -1.64123e+07	(delta): 0.23376
17 (QN/Block) 	Elapsed: 206.309	Loglikelihood: -1.64123e+07	(delta): 0.0886453
18 (QN/Block) 	Elapsed: 209.587	Loglikelihood: -1.64123e+07	(delta): 0.0189274
19 (QN/Block) 	Elapsed: 211.25	Loglikelihood: -1.64123e+07	(delta): 0.00613895
20 (QN/Block) 	Elapsed: 209.035	Loglikelihood: -1.64123e+07	(delta): 0.000155069
21 (QN/Block) 	Elapsed: 209.761	Loglikelihood: -1.64123e+07	(delta): 2.5481e-06
Summary: 
Converged in 21 iterations (4902.07 sec)
Loglikelihood: -16412335.289230
Fst divergences between estimated populations: 
	Pop0	Pop1	Pop2	Pop3	Pop4	Pop5	Pop6	Pop7	Pop8	
Pop0	
Pop1	0.655	
Pop2	0.157	0.742	
Pop3	0.532	0.674	0.594	
Pop4	0.306	0.436	0.331	0.369	
Pop5	0.644	0.706	0.683	0.655	0.510	
Pop6	0.749	0.820	0.804	0.748	0.574	0.575	
Pop7	0.300	0.653	0.356	0.541	0.330	0.643	0.741	
Pop8	0.419	0.703	0.491	0.561	0.313	0.666	0.778	0.461	
Pop9	0.299	0.744	0.388	0.607	0.361	0.687	0.800	0.323	0.544	
CV error (K=10): 0.05412
Writing output files.
