****                   ADMIXTURE Version 1.3.0                  ****
****                    Copyright 2008-2015                     ****
****           David Alexander, Suyash Shringarpure,            ****
****                John  Novembre, Ken Lange                   ****
****                                                            ****
****                 Please cite our paper!                     ****
****   Information at www.genetics.ucla.edu/software/admixture  ****

Cross-validation will be performed.  Folds=10.
Parallel execution requested.  Will use 24 threads.
Random seed: 1230
Point estimation method: Block relaxation algorithm
Convergence acceleration algorithm: QuasiNewton, 3 secant conditions
Point estimation will terminate when objective function delta < 0.0001
Estimation of standard errors disabled; will compute point estimates only.
Size of G: 713x578311
Performing five EM steps to prime main algorithm
1 (EM) 	Elapsed: 254.005	Loglikelihood: -5.2829e+07	(delta): 5.32776e+08
2 (EM) 	Elapsed: 258.459	Loglikelihood: -4.57021e+07	(delta): 7.12692e+06
3 (EM) 	Elapsed: 246.763	Loglikelihood: -4.49463e+07	(delta): 755798
4 (EM) 	Elapsed: 250.114	Loglikelihood: -4.45089e+07	(delta): 437393
5 (EM) 	Elapsed: 254.564	Loglikelihood: -4.41239e+07	(delta): 384954
Initial loglikelihood: -4.41239e+07
Starting main algorithm
1 (QN/Block) 	Elapsed: 376.981	Loglikelihood: -2.51384e+07	(delta): 1.89855e+07
2 (QN/Block) 	Elapsed: 395.37	Loglikelihood: -1.77172e+07	(delta): 7.4212e+06
3 (QN/Block) 	Elapsed: 385.449	Loglikelihood: -1.57218e+07	(delta): 1.99548e+06
4 (QN/Block) 	Elapsed: 396.025	Loglikelihood: -1.46533e+07	(delta): 1.06842e+06
5 (QN/Block) 	Elapsed: 395.729	Loglikelihood: -1.40261e+07	(delta): 627236
6 (QN/Block) 	Elapsed: 383.302	Loglikelihood: -1.37622e+07	(delta): 263874
7 (QN/Block) 	Elapsed: 379.81	Loglikelihood: -1.34809e+07	(delta): 281367
8 (QN/Block) 	Elapsed: 380.211	Loglikelihood: -1.34063e+07	(delta): 74538
9 (QN/Block) 	Elapsed: 379.999	Loglikelihood: -1.3378e+07	(delta): 28275.1
10 (QN/Block) 	Elapsed: 380.132	Loglikelihood: -1.33617e+07	(delta): 16372.6
11 (QN/Block) 	Elapsed: 379.802	Loglikelihood: -1.33574e+07	(delta): 4264.93
12 (QN/Block) 	Elapsed: 407.651	Loglikelihood: -1.33552e+07	(delta): 2237.84
13 (QN/Block) 	Elapsed: 408.229	Loglikelihood: -1.33549e+07	(delta): 292.261
14 (QN/Block) 	Elapsed: 407.287	Loglikelihood: -1.33548e+07	(delta): 63.1186
15 (QN/Block) 	Elapsed: 380.08	Loglikelihood: -1.33548e+07	(delta): 18.895
16 (QN/Block) 	Elapsed: 377.385	Loglikelihood: -1.33548e+07	(delta): 2.67412
17 (QN/Block) 	Elapsed: 377.252	Loglikelihood: -1.33548e+07	(delta): 1.62804
18 (QN/Block) 	Elapsed: 378.26	Loglikelihood: -1.33548e+07	(delta): 0.742762
19 (QN/Block) 	Elapsed: 381.808	Loglikelihood: -1.33548e+07	(delta): 0.359312
20 (QN/Block) 	Elapsed: 377.802	Loglikelihood: -1.33548e+07	(delta): 0.440475
21 (QN/Block) 	Elapsed: 382.377	Loglikelihood: -1.33548e+07	(delta): 0.542819
22 (QN/Block) 	Elapsed: 380.676	Loglikelihood: -1.33548e+07	(delta): 0.0931286
23 (QN/Block) 	Elapsed: 378.102	Loglikelihood: -1.33548e+07	(delta): 0.085663
24 (QN/Block) 	Elapsed: 379.925	Loglikelihood: -1.33548e+07	(delta): 0.0715342
25 (QN/Block) 	Elapsed: 379.378	Loglikelihood: -1.33548e+07	(delta): 0.154216
26 (QN/Block) 	Elapsed: 380.322	Loglikelihood: -1.33548e+07	(delta): 0.126026
27 (QN/Block) 	Elapsed: 382.404	Loglikelihood: -1.33548e+07	(delta): 9.75206e-05
Summary: 
Converged in 27 iterations (11670.4 sec)
Loglikelihood: -13354783.356713
Fst divergences between estimated populations: 
	Pop0	Pop1	Pop2	Pop3	Pop4	Pop5	Pop6	Pop7	Pop8	Pop9	Pop10	Pop11	Pop12	Pop13	Pop14	Pop15	Pop16	Pop17	Pop18	
Pop0	
Pop1	0.871	
Pop2	0.824	0.657	
Pop3	0.840	0.545	0.529	
Pop4	0.840	0.616	0.624	0.555	
Pop5	0.851	0.570	0.545	0.149	0.575	
Pop6	0.859	0.433	0.613	0.449	0.581	0.467	
Pop7	0.855	0.806	0.722	0.741	0.762	0.759	0.781	
Pop8	0.824	0.652	0.162	0.518	0.619	0.534	0.606	0.720	
Pop9	0.572	0.384	0.324	0.323	0.384	0.326	0.362	0.402	0.317	
Pop10	0.861	0.616	0.574	0.182	0.605	0.192	0.518	0.778	0.564	0.337	
Pop11	0.322	0.812	0.766	0.779	0.786	0.789	0.799	0.798	0.765	0.532	0.799	
Pop12	0.803	0.459	0.535	0.422	0.416	0.440	0.442	0.698	0.528	0.343	0.468	0.749	
Pop13	0.831	0.522	0.527	0.217	0.543	0.173	0.428	0.730	0.517	0.324	0.243	0.772	0.417	
Pop14	0.731	0.828	0.781	0.795	0.800	0.806	0.816	0.813	0.781	0.541	0.816	0.659	0.763	0.788	
Pop15	0.830	0.432	0.539	0.305	0.530	0.301	0.339	0.729	0.530	0.331	0.357	0.771	0.397	0.256	0.787	
Pop16	0.794	0.489	0.474	0.265	0.499	0.277	0.425	0.673	0.464	0.311	0.317	0.738	0.395	0.284	0.753	0.320	
Pop17	0.781	0.670	0.584	0.606	0.645	0.617	0.646	0.685	0.579	0.371	0.633	0.733	0.588	0.601	0.746	0.604	0.561	
Pop18	0.779	0.659	0.578	0.594	0.634	0.606	0.634	0.674	0.573	0.357	0.621	0.730	0.577	0.589	0.742	0.592	0.547	0.579	
Pop19	0.833	0.505	0.549	0.312	0.553	0.321	0.411	0.736	0.540	0.336	0.363	0.774	0.433	0.245	0.790	0.206	0.320	0.610	0.597	
CV error (K=20): 0.04889
Writing output files.
