****                   ADMIXTURE Version 1.3.0                  ****
****                    Copyright 2008-2015                     ****
****           David Alexander, Suyash Shringarpure,            ****
****                John  Novembre, Ken Lange                   ****
****                                                            ****
****                 Please cite our paper!                     ****
****   Information at www.genetics.ucla.edu/software/admixture  ****

Cross-validation will be performed.  Folds=10.
Parallel execution requested.  Will use 24 threads.
Random seed: 1807
Point estimation method: Block relaxation algorithm
Convergence acceleration algorithm: QuasiNewton, 3 secant conditions
Point estimation will terminate when objective function delta < 0.0001
Estimation of standard errors disabled; will compute point estimates only.
Size of G: 713x578311
Performing five EM steps to prime main algorithm
1 (EM) 	Elapsed: 394.849	Loglikelihood: -5.28118e+07	(delta): 5.28074e+08
2 (EM) 	Elapsed: 388.722	Loglikelihood: -4.55619e+07	(delta): 7.24995e+06
3 (EM) 	Elapsed: 396.024	Loglikelihood: -4.48122e+07	(delta): 749675
4 (EM) 	Elapsed: 397.948	Loglikelihood: -4.43805e+07	(delta): 431758
5 (EM) 	Elapsed: 401.267	Loglikelihood: -4.39945e+07	(delta): 385976
Initial loglikelihood: -4.39945e+07
Starting main algorithm
1 (QN/Block) 	Elapsed: 557.247	Loglikelihood: -2.3245e+07	(delta): 2.07494e+07
2 (QN/Block) 	Elapsed: 564.892	Loglikelihood: -1.5886e+07	(delta): 7.35908e+06
3 (QN/Block) 	Elapsed: 572.22	Loglikelihood: -1.3975e+07	(delta): 1.91098e+06
4 (QN/Block) 	Elapsed: 576.519	Loglikelihood: -1.27808e+07	(delta): 1.19423e+06
5 (QN/Block) 	Elapsed: 576.739	Loglikelihood: -1.21851e+07	(delta): 595662
6 (QN/Block) 	Elapsed: 574.052	Loglikelihood: -1.1917e+07	(delta): 268111
7 (QN/Block) 	Elapsed: 573.097	Loglikelihood: -1.18216e+07	(delta): 95390.7
8 (QN/Block) 	Elapsed: 574.346	Loglikelihood: -1.17824e+07	(delta): 39174.7
9 (QN/Block) 	Elapsed: 575.527	Loglikelihood: -1.1759e+07	(delta): 23413.7
10 (QN/Block) 	Elapsed: 574.597	Loglikelihood: -1.17418e+07	(delta): 17167.9
11 (QN/Block) 	Elapsed: 577.659	Loglikelihood: -1.17314e+07	(delta): 10444.8
12 (QN/Block) 	Elapsed: 560.857	Loglikelihood: -1.17159e+07	(delta): 15527.3
13 (QN/Block) 	Elapsed: 582.396	Loglikelihood: -1.17031e+07	(delta): 12771.4
14 (QN/Block) 	Elapsed: 565.644	Loglikelihood: -1.16981e+07	(delta): 5015.4
15 (QN/Block) 	Elapsed: 567.577	Loglikelihood: -1.16947e+07	(delta): 3420.6
16 (QN/Block) 	Elapsed: 567.261	Loglikelihood: -1.16892e+07	(delta): 5489.53
17 (QN/Block) 	Elapsed: 570.582	Loglikelihood: -1.16843e+07	(delta): 4924.54
18 (QN/Block) 	Elapsed: 567.187	Loglikelihood: -1.16807e+07	(delta): 3588.21
19 (QN/Block) 	Elapsed: 571.262	Loglikelihood: -1.16752e+07	(delta): 5458.07
20 (QN/Block) 	Elapsed: 571.873	Loglikelihood: -1.1671e+07	(delta): 4180.43
21 (QN/Block) 	Elapsed: 566.619	Loglikelihood: -1.16686e+07	(delta): 2435.89
22 (QN/Block) 	Elapsed: 570.747	Loglikelihood: -1.16678e+07	(delta): 761.254
23 (QN/Block) 	Elapsed: 570.419	Loglikelihood: -1.16675e+07	(delta): 298.796
24 (QN/Block) 	Elapsed: 570.224	Loglikelihood: -1.16672e+07	(delta): 352.554
25 (QN/Block) 	Elapsed: 568.354	Loglikelihood: -1.16669e+07	(delta): 303.911
26 (QN/Block) 	Elapsed: 568.278	Loglikelihood: -1.16668e+07	(delta): 53.0862
27 (QN/Block) 	Elapsed: 570.426	Loglikelihood: -1.16668e+07	(delta): 16.6107
28 (QN/Block) 	Elapsed: 571.623	Loglikelihood: -1.16668e+07	(delta): 12.9255
29 (QN/Block) 	Elapsed: 576.613	Loglikelihood: -1.16668e+07	(delta): 0.87835
30 (QN/Block) 	Elapsed: 568.935	Loglikelihood: -1.16668e+07	(delta): 0.658406
31 (QN/Block) 	Elapsed: 568.116	Loglikelihood: -1.16668e+07	(delta): 0.0680746
32 (QN/Block) 	Elapsed: 572.669	Loglikelihood: -1.16668e+07	(delta): 0.0196988
33 (QN/Block) 	Elapsed: 568.595	Loglikelihood: -1.16668e+07	(delta): 0.00861853
34 (QN/Block) 	Elapsed: 573.145	Loglikelihood: -1.16668e+07	(delta): 0.000495067
35 (QN/Block) 	Elapsed: 573.382	Loglikelihood: -1.16668e+07	(delta): 5.03063e-05
Summary: 
Converged in 35 iterations (21983.2 sec)
Loglikelihood: -11666792.147318
Fst divergences between estimated populations: 
	Pop0	Pop1	Pop2	Pop3	Pop4	Pop5	Pop6	Pop7	Pop8	Pop9	Pop10	Pop11	Pop12	Pop13	Pop14	Pop15	Pop16	Pop17	Pop18	Pop19	Pop20	Pop21	Pop22	Pop23	Pop24	Pop25	Pop26	Pop27	Pop28	
Pop0	
Pop1	0.537	
Pop2	0.511	0.708	
Pop3	0.464	0.686	0.631	
Pop4	0.582	0.870	0.826	0.760	
Pop5	0.704	0.927	0.900	0.862	0.914	
Pop6	0.482	0.607	0.498	0.570	0.801	0.888	
Pop7	0.477	0.574	0.411	0.558	0.775	0.869	0.316	
Pop8	0.466	0.689	0.635	0.230	0.763	0.864	0.574	0.562	
Pop9	0.534	0.834	0.791	0.729	0.833	0.890	0.763	0.740	0.732	
Pop10	0.464	0.702	0.642	0.176	0.773	0.872	0.577	0.564	0.200	0.741	
Pop11	0.534	0.763	0.458	0.672	0.847	0.911	0.592	0.505	0.676	0.813	0.685	
Pop12	0.647	0.843	0.819	0.784	0.841	0.768	0.805	0.791	0.785	0.814	0.792	0.831	
Pop13	0.471	0.561	0.321	0.546	0.763	0.861	0.340	0.216	0.549	0.728	0.550	0.406	0.784	
Pop14	0.482	0.619	0.511	0.574	0.820	0.901	0.240	0.349	0.579	0.780	0.582	0.611	0.815	0.337	
Pop15	0.393	0.540	0.517	0.463	0.579	0.705	0.490	0.485	0.465	0.558	0.464	0.538	0.652	0.479	0.490	
Pop16	0.557	0.822	0.781	0.717	0.663	0.889	0.755	0.733	0.720	0.797	0.729	0.803	0.818	0.721	0.771	0.555	
Pop17	0.484	0.615	0.521	0.578	0.819	0.900	0.252	0.353	0.583	0.780	0.586	0.617	0.815	0.357	0.167	0.492	0.770	
Pop18	0.458	0.654	0.626	0.584	0.677	0.765	0.602	0.590	0.586	0.634	0.588	0.645	0.705	0.584	0.606	0.483	0.651	0.608	
Pop19	0.480	0.590	0.497	0.566	0.792	0.881	0.306	0.359	0.570	0.755	0.572	0.579	0.800	0.342	0.283	0.487	0.748	0.252	0.598	
Pop20	0.458	0.431	0.472	0.514	0.726	0.835	0.363	0.367	0.516	0.693	0.516	0.529	0.761	0.365	0.352	0.465	0.688	0.354	0.566	0.361	
Pop21	0.604	0.780	0.758	0.725	0.785	0.540	0.743	0.731	0.727	0.756	0.731	0.770	0.606	0.725	0.751	0.611	0.764	0.751	0.660	0.739	0.706	
Pop22	0.443	0.356	0.445	0.486	0.709	0.825	0.329	0.339	0.488	0.675	0.486	0.503	0.752	0.338	0.314	0.452	0.671	0.312	0.552	0.331	0.197	0.697	
Pop23	0.509	0.677	0.600	0.626	0.832	0.905	0.421	0.416	0.630	0.796	0.637	0.670	0.822	0.428	0.434	0.515	0.787	0.442	0.627	0.430	0.416	0.760	0.380	
Pop24	0.498	0.629	0.527	0.585	0.750	0.842	0.525	0.497	0.587	0.722	0.591	0.560	0.773	0.468	0.535	0.504	0.715	0.538	0.595	0.519	0.477	0.721	0.453	0.577	
Pop25	0.552	0.810	0.770	0.708	0.660	0.882	0.745	0.723	0.711	0.786	0.719	0.793	0.812	0.712	0.759	0.551	0.510	0.759	0.645	0.737	0.679	0.759	0.663	0.775	0.707	
Pop26	0.468	0.539	0.453	0.538	0.774	0.870	0.219	0.274	0.543	0.737	0.543	0.545	0.790	0.292	0.179	0.477	0.730	0.228	0.584	0.277	0.324	0.730	0.297	0.368	0.494	0.721	
Pop27	0.702	0.925	0.897	0.860	0.911	0.560	0.885	0.867	0.862	0.888	0.870	0.909	0.767	0.859	0.898	0.703	0.887	0.897	0.764	0.879	0.833	0.534	0.823	0.902	0.840	0.880	0.868	
Pop28	0.470	0.583	0.452	0.543	0.730	0.834	0.454	0.429	0.545	0.701	0.546	0.468	0.763	0.389	0.457	0.477	0.695	0.462	0.575	0.439	0.426	0.709	0.401	0.517	0.377	0.687	0.426	0.832	
Pop29	0.524	0.761	0.724	0.662	0.591	0.856	0.697	0.678	0.665	0.748	0.671	0.747	0.788	0.668	0.709	0.524	0.329	0.709	0.615	0.691	0.639	0.736	0.622	0.728	0.670	0.423	0.674	0.854	0.648	
CV error (K=30): 0.04682
Writing output files.
