****                   ADMIXTURE Version 1.3.0                  ****
****                    Copyright 2008-2015                     ****
****           David Alexander, Suyash Shringarpure,            ****
****                John  Novembre, Ken Lange                   ****
****                                                            ****
****                 Please cite our paper!                     ****
****   Information at www.genetics.ucla.edu/software/admixture  ****

Cross-validation will be performed.  Folds=10.
Parallel execution requested.  Will use 24 threads.
Random seed: 1706
Point estimation method: Block relaxation algorithm
Convergence acceleration algorithm: QuasiNewton, 3 secant conditions
Point estimation will terminate when objective function delta < 0.0001
Estimation of standard errors disabled; will compute point estimates only.
Size of G: 713x578311
Performing five EM steps to prime main algorithm
1 (EM) 	Elapsed: 263.919	Loglikelihood: -5.2839e+07	(delta): 5.3154e+08
2 (EM) 	Elapsed: 253.734	Loglikelihood: -4.56837e+07	(delta): 7.15534e+06
3 (EM) 	Elapsed: 253.807	Loglikelihood: -4.49307e+07	(delta): 752923
4 (EM) 	Elapsed: 253.512	Loglikelihood: -4.4491e+07	(delta): 439705
5 (EM) 	Elapsed: 251.807	Loglikelihood: -4.40908e+07	(delta): 400272
Initial loglikelihood: -4.40908e+07
Starting main algorithm
1 (QN/Block) 	Elapsed: 402.846	Loglikelihood: -2.40498e+07	(delta): 2.00409e+07
2 (QN/Block) 	Elapsed: 397.654	Loglikelihood: -1.69115e+07	(delta): 7.13828e+06
3 (QN/Block) 	Elapsed: 405.589	Loglikelihood: -1.48663e+07	(delta): 2.04523e+06
4 (QN/Block) 	Elapsed: 399.623	Loglikelihood: -1.36937e+07	(delta): 1.17259e+06
5 (QN/Block) 	Elapsed: 398.297	Loglikelihood: -1.31156e+07	(delta): 578170
6 (QN/Block) 	Elapsed: 398.335	Loglikelihood: -1.2841e+07	(delta): 274554
7 (QN/Block) 	Elapsed: 406.306	Loglikelihood: -1.27677e+07	(delta): 73283.9
8 (QN/Block) 	Elapsed: 412.042	Loglikelihood: -1.27473e+07	(delta): 20400.1
9 (QN/Block) 	Elapsed: 415.026	Loglikelihood: -1.27402e+07	(delta): 7064.41
10 (QN/Block) 	Elapsed: 412.297	Loglikelihood: -1.27378e+07	(delta): 2463.44
11 (QN/Block) 	Elapsed: 415.785	Loglikelihood: -1.2737e+07	(delta): 767.745
12 (QN/Block) 	Elapsed: 412.106	Loglikelihood: -1.27364e+07	(delta): 612.285
13 (QN/Block) 	Elapsed: 414.67	Loglikelihood: -1.27362e+07	(delta): 222.432
14 (QN/Block) 	Elapsed: 414.713	Loglikelihood: -1.27359e+07	(delta): 281.957
15 (QN/Block) 	Elapsed: 412.054	Loglikelihood: -1.27359e+07	(delta): 22.2009
16 (QN/Block) 	Elapsed: 417.166	Loglikelihood: -1.27359e+07	(delta): 4.42909
17 (QN/Block) 	Elapsed: 410.271	Loglikelihood: -1.27358e+07	(delta): 107.56
18 (QN/Block) 	Elapsed: 412.255	Loglikelihood: -1.27361e+07	(delta): -351.538
19 (QN/Block) 	Elapsed: 419.464	Loglikelihood: -1.27357e+07	(delta): 397.419
20 (QN/Block) 	Elapsed: 424.912	Loglikelihood: -1.27354e+07	(delta): 271.712
21 (QN/Block) 	Elapsed: 427.637	Loglikelihood: -1.27353e+07	(delta): 123.264
22 (QN/Block) 	Elapsed: 434.438	Loglikelihood: -1.27353e+07	(delta): 50.7818
23 (QN/Block) 	Elapsed: 426.741	Loglikelihood: -1.27353e+07	(delta): 1.88177
24 (QN/Block) 	Elapsed: 428.809	Loglikelihood: -1.27353e+07	(delta): 0.458274
25 (QN/Block) 	Elapsed: 425.978	Loglikelihood: -1.27353e+07	(delta): 0.0904252
26 (QN/Block) 	Elapsed: 427.025	Loglikelihood: -1.27353e+07	(delta): 0.0342849
27 (QN/Block) 	Elapsed: 420.878	Loglikelihood: -1.27353e+07	(delta): 0.00629885
28 (QN/Block) 	Elapsed: 418.824	Loglikelihood: -1.27353e+07	(delta): 0.000343937
29 (QN/Block) 	Elapsed: 420.036	Loglikelihood: -1.27353e+07	(delta): 6.62915e-05
Summary: 
Converged in 29 iterations (13329.7 sec)
Loglikelihood: -12735271.731030
Fst divergences between estimated populations: 
	Pop0	Pop1	Pop2	Pop3	Pop4	Pop5	Pop6	Pop7	Pop8	Pop9	Pop10	Pop11	Pop12	Pop13	Pop14	Pop15	Pop16	Pop17	Pop18	Pop19	Pop20	
Pop0	
Pop1	0.496	
Pop2	0.487	0.161	
Pop3	0.701	0.735	0.733	
Pop4	0.550	0.578	0.573	0.704	
Pop5	0.415	0.661	0.655	0.782	0.662	
Pop6	0.370	0.489	0.479	0.717	0.558	0.512	
Pop7	0.400	0.559	0.547	0.760	0.613	0.597	0.309	
Pop8	0.410	0.419	0.413	0.567	0.433	0.478	0.407	0.430	
Pop9	0.344	0.538	0.528	0.738	0.589	0.397	0.341	0.345	0.424	
Pop10	0.773	0.816	0.816	0.493	0.771	0.866	0.795	0.848	0.621	0.819	
Pop11	0.359	0.514	0.502	0.733	0.580	0.513	0.274	0.188	0.414	0.279	0.815	
Pop12	0.369	0.527	0.518	0.729	0.583	0.538	0.316	0.365	0.426	0.364	0.807	0.327	
Pop13	0.618	0.655	0.652	0.722	0.618	0.726	0.632	0.688	0.461	0.661	0.791	0.653	0.653	
Pop14	0.666	0.722	0.720	0.767	0.675	0.809	0.687	0.768	0.486	0.726	0.847	0.718	0.712	0.695	
Pop15	0.561	0.584	0.579	0.708	0.579	0.672	0.572	0.624	0.447	0.602	0.774	0.591	0.594	0.635	0.686	
Pop16	0.741	0.781	0.780	0.619	0.742	0.829	0.761	0.810	0.597	0.783	0.719	0.780	0.773	0.761	0.813	0.746	
Pop17	0.401	0.623	0.615	0.771	0.640	0.453	0.453	0.505	0.459	0.314	0.856	0.434	0.477	0.708	0.789	0.652	0.819	
Pop18	0.712	0.771	0.770	0.799	0.720	0.860	0.742	0.827	0.529	0.780	0.877	0.773	0.763	0.759	0.841	0.722	0.844	0.842	
Pop19	0.379	0.532	0.521	0.743	0.592	0.540	0.297	0.209	0.420	0.291	0.827	0.200	0.342	0.666	0.736	0.604	0.790	0.454	0.792	
Pop20	0.399	0.559	0.547	0.762	0.614	0.596	0.308	0.139	0.428	0.330	0.851	0.200	0.369	0.690	0.772	0.626	0.812	0.501	0.832	0.187	
Pop21	0.380	0.549	0.539	0.743	0.597	0.498	0.341	0.335	0.428	0.215	0.825	0.279	0.376	0.668	0.736	0.610	0.790	0.407	0.790	0.263	0.339	
CV error (K=22): 0.04804
Writing output files.
