****                   ADMIXTURE Version 1.3.0                  ****
****                    Copyright 2008-2015                     ****
****           David Alexander, Suyash Shringarpure,            ****
****                John  Novembre, Ken Lange                   ****
****                                                            ****
****                 Please cite our paper!                     ****
****   Information at www.genetics.ucla.edu/software/admixture  ****

Cross-validation will be performed.  Folds=10.
Parallel execution requested.  Will use 24 threads.
Random seed: 1432
Point estimation method: Block relaxation algorithm
Convergence acceleration algorithm: QuasiNewton, 3 secant conditions
Point estimation will terminate when objective function delta < 0.0001
Estimation of standard errors disabled; will compute point estimates only.
Size of G: 713x578311
Performing five EM steps to prime main algorithm
1 (EM) 	Elapsed: 135.701	Loglikelihood: -5.28182e+07	(delta): 5.37339e+08
2 (EM) 	Elapsed: 149.132	Loglikelihood: -4.58251e+07	(delta): 6.9931e+06
3 (EM) 	Elapsed: 148.496	Loglikelihood: -4.50683e+07	(delta): 756846
4 (EM) 	Elapsed: 149.59	Loglikelihood: -4.46208e+07	(delta): 447469
5 (EM) 	Elapsed: 147.922	Loglikelihood: -4.4216e+07	(delta): 404852
Initial loglikelihood: -4.4216e+07
Starting main algorithm
1 (QN/Block) 	Elapsed: 301.196	Loglikelihood: -2.57774e+07	(delta): 1.84385e+07
2 (QN/Block) 	Elapsed: 302.682	Loglikelihood: -1.85941e+07	(delta): 7.18336e+06
3 (QN/Block) 	Elapsed: 305.618	Loglikelihood: -1.67659e+07	(delta): 1.82819e+06
4 (QN/Block) 	Elapsed: 306.42	Loglikelihood: -1.5814e+07	(delta): 951812
5 (QN/Block) 	Elapsed: 308.045	Loglikelihood: -1.50166e+07	(delta): 797483
6 (QN/Block) 	Elapsed: 307.088	Loglikelihood: -1.46761e+07	(delta): 340478
7 (QN/Block) 	Elapsed: 304.217	Loglikelihood: -1.45662e+07	(delta): 109862
8 (QN/Block) 	Elapsed: 306.863	Loglikelihood: -1.45221e+07	(delta): 44154.5
9 (QN/Block) 	Elapsed: 308.719	Loglikelihood: -1.45004e+07	(delta): 21663.5
10 (QN/Block) 	Elapsed: 311.238	Loglikelihood: -1.44917e+07	(delta): 8735.36
11 (QN/Block) 	Elapsed: 305.297	Loglikelihood: -1.44846e+07	(delta): 7041.26
12 (QN/Block) 	Elapsed: 303.499	Loglikelihood: -1.44829e+07	(delta): 1753.59
13 (QN/Block) 	Elapsed: 307.601	Loglikelihood: -1.44815e+07	(delta): 1367.99
14 (QN/Block) 	Elapsed: 308.274	Loglikelihood: -1.448e+07	(delta): 1523.43
15 (QN/Block) 	Elapsed: 305.233	Loglikelihood: -1.44793e+07	(delta): 660.013
16 (QN/Block) 	Elapsed: 298.349	Loglikelihood: -1.44783e+07	(delta): 1045.25
17 (QN/Block) 	Elapsed: 304.147	Loglikelihood: -1.44743e+07	(delta): 3977.74
18 (QN/Block) 	Elapsed: 304.164	Loglikelihood: -1.44715e+07	(delta): 2795.45
19 (QN/Block) 	Elapsed: 306.941	Loglikelihood: -1.44708e+07	(delta): 670.593
20 (QN/Block) 	Elapsed: 304.71	Loglikelihood: -1.44706e+07	(delta): 229.835
21 (QN/Block) 	Elapsed: 304.07	Loglikelihood: -1.44687e+07	(delta): 1944.18
22 (QN/Block) 	Elapsed: 303.496	Loglikelihood: -1.44669e+07	(delta): 1748.57
23 (QN/Block) 	Elapsed: 306.987	Loglikelihood: -1.44663e+07	(delta): 611.436
24 (QN/Block) 	Elapsed: 302.793	Loglikelihood: -1.44634e+07	(delta): 2920.52
25 (QN/Block) 	Elapsed: 305.281	Loglikelihood: -1.4458e+07	(delta): 5346.77
26 (QN/Block) 	Elapsed: 304.097	Loglikelihood: -1.44567e+07	(delta): 1350.41
27 (QN/Block) 	Elapsed: 303.254	Loglikelihood: -1.44558e+07	(delta): 889.017
28 (QN/Block) 	Elapsed: 303.257	Loglikelihood: -1.44551e+07	(delta): 705.961
29 (QN/Block) 	Elapsed: 304.229	Loglikelihood: -1.44549e+07	(delta): 202.697
30 (QN/Block) 	Elapsed: 305.984	Loglikelihood: -1.44549e+07	(delta): 25.2249
31 (QN/Block) 	Elapsed: 303.902	Loglikelihood: -1.44549e+07	(delta): 0.605426
32 (QN/Block) 	Elapsed: 304.668	Loglikelihood: -1.44549e+07	(delta): 0.579303
33 (QN/Block) 	Elapsed: 307.364	Loglikelihood: -1.44549e+07	(delta): 0.170961
34 (QN/Block) 	Elapsed: 307.466	Loglikelihood: -1.44549e+07	(delta): 0.101392
35 (QN/Block) 	Elapsed: 304.567	Loglikelihood: -1.44549e+07	(delta): 0.0341921
36 (QN/Block) 	Elapsed: 308.288	Loglikelihood: -1.44549e+07	(delta): 0.000157954
37 (QN/Block) 	Elapsed: 307.686	Loglikelihood: -1.44549e+07	(delta): 0.000493227
38 (QN/Block) 	Elapsed: 307.664	Loglikelihood: -1.44549e+07	(delta): 1.34446e-05
Summary: 
Converged in 38 iterations (12354.6 sec)
Loglikelihood: -14454860.518982
Fst divergences between estimated populations: 
	Pop0	Pop1	Pop2	Pop3	Pop4	Pop5	Pop6	Pop7	Pop8	Pop9	Pop10	Pop11	Pop12	Pop13	
Pop0	
Pop1	0.762	
Pop2	0.805	0.393	
Pop3	0.703	0.538	0.589	
Pop4	0.600	0.355	0.400	0.406	
Pop5	0.811	0.265	0.413	0.578	0.372	
Pop6	0.794	0.309	0.314	0.571	0.379	0.281	
Pop7	0.795	0.262	0.383	0.565	0.368	0.122	0.230	
Pop8	0.646	0.716	0.756	0.667	0.571	0.759	0.746	0.745	
Pop9	0.790	0.474	0.577	0.568	0.362	0.535	0.536	0.516	0.742	
Pop10	0.789	0.464	0.568	0.564	0.355	0.523	0.526	0.504	0.740	0.161	
Pop11	0.750	0.356	0.340	0.541	0.368	0.378	0.360	0.364	0.707	0.495	0.487	
Pop12	0.750	0.548	0.611	0.554	0.401	0.600	0.590	0.584	0.710	0.578	0.572	0.550	
Pop13	0.712	0.530	0.583	0.517	0.398	0.575	0.566	0.561	0.676	0.564	0.560	0.528	0.549	
Pop14	0.823	0.675	0.750	0.622	0.473	0.754	0.730	0.728	0.775	0.724	0.721	0.666	0.676	0.613	
CV error (K=15): 0.05132
Writing output files.
