****                   ADMIXTURE Version 1.3.0                  ****
****                    Copyright 2008-2015                     ****
****           David Alexander, Suyash Shringarpure,            ****
****                John  Novembre, Ken Lange                   ****
****                                                            ****
****                 Please cite our paper!                     ****
****   Information at www.genetics.ucla.edu/software/admixture  ****

Cross-validation will be performed.  Folds=10.
Parallel execution requested.  Will use 24 threads.
Random seed: 1884
Point estimation method: Block relaxation algorithm
Convergence acceleration algorithm: QuasiNewton, 3 secant conditions
Point estimation will terminate when objective function delta < 0.0001
Estimation of standard errors disabled; will compute point estimates only.
Size of G: 713x578311
Performing five EM steps to prime main algorithm
1 (EM) 	Elapsed: 74.199	Loglikelihood: -5.26704e+07	(delta): 5.46058e+08
2 (EM) 	Elapsed: 75.065	Loglikelihood: -4.60269e+07	(delta): 6.64347e+06
3 (EM) 	Elapsed: 75.225	Loglikelihood: -4.53249e+07	(delta): 701983
4 (EM) 	Elapsed: 75.046	Loglikelihood: -4.49492e+07	(delta): 375734
5 (EM) 	Elapsed: 75.015	Loglikelihood: -4.46537e+07	(delta): 295504
Initial loglikelihood: -4.46537e+07
Starting main algorithm
1 (QN/Block) 	Elapsed: 214.702	Loglikelihood: -2.85176e+07	(delta): 1.61361e+07
2 (QN/Block) 	Elapsed: 206.932	Loglikelihood: -2.17607e+07	(delta): 6.75687e+06
3 (QN/Block) 	Elapsed: 207.504	Loglikelihood: -1.99655e+07	(delta): 1.7952e+06
4 (QN/Block) 	Elapsed: 208.755	Loglikelihood: -1.87143e+07	(delta): 1.25121e+06
5 (QN/Block) 	Elapsed: 206.807	Loglikelihood: -1.80257e+07	(delta): 688649
6 (QN/Block) 	Elapsed: 208.839	Loglikelihood: -1.77235e+07	(delta): 302133
7 (QN/Block) 	Elapsed: 207.626	Loglikelihood: -1.76139e+07	(delta): 109640
8 (QN/Block) 	Elapsed: 208.382	Loglikelihood: -1.75765e+07	(delta): 37410.1
9 (QN/Block) 	Elapsed: 208.889	Loglikelihood: -1.7557e+07	(delta): 19480.5
10 (QN/Block) 	Elapsed: 208.848	Loglikelihood: -1.75378e+07	(delta): 19196.3
11 (QN/Block) 	Elapsed: 208.855	Loglikelihood: -1.75136e+07	(delta): 24174
12 (QN/Block) 	Elapsed: 208.98	Loglikelihood: -1.74757e+07	(delta): 37980.5
13 (QN/Block) 	Elapsed: 208.793	Loglikelihood: -1.74311e+07	(delta): 44534.7
14 (QN/Block) 	Elapsed: 208.459	Loglikelihood: -1.73943e+07	(delta): 36861.9
15 (QN/Block) 	Elapsed: 208.698	Loglikelihood: -1.73672e+07	(delta): 27019.6
16 (QN/Block) 	Elapsed: 208.352	Loglikelihood: -1.734e+07	(delta): 27260.6
17 (QN/Block) 	Elapsed: 207.935	Loglikelihood: -1.7329e+07	(delta): 10932.1
18 (QN/Block) 	Elapsed: 208.085	Loglikelihood: -1.73251e+07	(delta): 3973.69
19 (QN/Block) 	Elapsed: 208.299	Loglikelihood: -1.73244e+07	(delta): 687.003
20 (QN/Block) 	Elapsed: 208.604	Loglikelihood: -1.73217e+07	(delta): 2688.85
21 (QN/Block) 	Elapsed: 208.1	Loglikelihood: -1.73198e+07	(delta): 1909.3
22 (QN/Block) 	Elapsed: 207.711	Loglikelihood: -1.73193e+07	(delta): 510.927
23 (QN/Block) 	Elapsed: 207.402	Loglikelihood: -1.73191e+07	(delta): 178.931
24 (QN/Block) 	Elapsed: 208.056	Loglikelihood: -1.73191e+07	(delta): 45.4162
25 (QN/Block) 	Elapsed: 208.385	Loglikelihood: -1.7319e+07	(delta): 2.35365
26 (QN/Block) 	Elapsed: 208.807	Loglikelihood: -1.73163e+07	(delta): 2700.71
27 (QN/Block) 	Elapsed: 207.48	Loglikelihood: -1.72319e+07	(delta): 84456.3
28 (QN/Block) 	Elapsed: 207.834	Loglikelihood: -1.72168e+07	(delta): 15111.6
29 (QN/Block) 	Elapsed: 207.59	Loglikelihood: -1.72143e+07	(delta): 2438.11
30 (QN/Block) 	Elapsed: 207.769	Loglikelihood: -1.72141e+07	(delta): 245.72
31 (QN/Block) 	Elapsed: 207.874	Loglikelihood: -1.7214e+07	(delta): 124.419
32 (QN/Block) 	Elapsed: 207.712	Loglikelihood: -1.72139e+07	(delta): 120.353
33 (QN/Block) 	Elapsed: 207.436	Loglikelihood: -1.72139e+07	(delta): -82.5298
34 (QN/Block) 	Elapsed: 210.131	Loglikelihood: -1.72139e+07	(delta): 36.2415
35 (QN/Block) 	Elapsed: 208.511	Loglikelihood: -1.72139e+07	(delta): 45.3721
36 (QN/Block) 	Elapsed: 207.274	Loglikelihood: -1.72138e+07	(delta): 27.2707
37 (QN/Block) 	Elapsed: 207.948	Loglikelihood: -1.72138e+07	(delta): 9.93061
38 (QN/Block) 	Elapsed: 207.938	Loglikelihood: -1.72138e+07	(delta): 2.18876
39 (QN/Block) 	Elapsed: 208.566	Loglikelihood: -1.72138e+07	(delta): 0.634041
40 (QN/Block) 	Elapsed: 208.322	Loglikelihood: -1.72138e+07	(delta): 0.00298216
41 (QN/Block) 	Elapsed: 208.33	Loglikelihood: -1.72138e+07	(delta): 0.00232778
42 (QN/Block) 	Elapsed: 207.523	Loglikelihood: -1.72138e+07	(delta): 0.00218605
43 (QN/Block) 	Elapsed: 208.347	Loglikelihood: -1.72138e+07	(delta): 0.000235561
44 (QN/Block) 	Elapsed: 208.197	Loglikelihood: -1.72138e+07	(delta): 1.96695e-06
Summary: 
Converged in 44 iterations (9554.49 sec)
Loglikelihood: -17213813.614445
Fst divergences between estimated populations: 
	Pop0	Pop1	Pop2	Pop3	Pop4	Pop5	Pop6	Pop7	Pop8	
Pop0	
Pop1	0.544	
Pop2	0.469	0.539	
Pop3	0.497	0.338	0.492	
Pop4	0.507	0.326	0.499	0.339	
Pop5	0.488	0.375	0.478	0.345	0.236	
Pop6	0.494	0.548	0.493	0.473	0.465	0.435	
Pop7	0.531	0.411	0.524	0.379	0.162	0.250	0.502	
Pop8	0.587	0.665	0.594	0.625	0.641	0.623	0.641	0.664	
Pop9	0.561	0.671	0.560	0.605	0.628	0.598	0.631	0.668	0.648	
CV error (K=10): 0.05564
Writing output files.
