****                   ADMIXTURE Version 1.3.0                  ****
****                    Copyright 2008-2015                     ****
****           David Alexander, Suyash Shringarpure,            ****
****                John  Novembre, Ken Lange                   ****
****                                                            ****
****                 Please cite our paper!                     ****
****   Information at www.genetics.ucla.edu/software/admixture  ****

Cross-validation will be performed.  Folds=10.
Parallel execution requested.  Will use 24 threads.
Random seed: 1553
Point estimation method: Block relaxation algorithm
Convergence acceleration algorithm: QuasiNewton, 3 secant conditions
Point estimation will terminate when objective function delta < 0.0001
Estimation of standard errors disabled; will compute point estimates only.
Size of G: 713x578311
Performing five EM steps to prime main algorithm
1 (EM) 	Elapsed: 38.987	Loglikelihood: -5.12851e+07	(delta): 5.89983e+08
2 (EM) 	Elapsed: 54.881	Loglikelihood: -4.62326e+07	(delta): 5.05246e+06
3 (EM) 	Elapsed: 53.169	Loglikelihood: -4.56705e+07	(delta): 562177
4 (EM) 	Elapsed: 47.832	Loglikelihood: -4.53927e+07	(delta): 277737
5 (EM) 	Elapsed: 44.892	Loglikelihood: -4.52158e+07	(delta): 176911
Initial loglikelihood: -4.52158e+07
Starting main algorithm
1 (QN/Block) 	Elapsed: 102.023	Loglikelihood: -3.80377e+07	(delta): 7.17812e+06
2 (QN/Block) 	Elapsed: 98.606	Loglikelihood: -3.45652e+07	(delta): 3.47251e+06
3 (QN/Block) 	Elapsed: 104.365	Loglikelihood: -3.27845e+07	(delta): 1.78071e+06
4 (QN/Block) 	Elapsed: 99.509	Loglikelihood: -3.06817e+07	(delta): 2.10282e+06
5 (QN/Block) 	Elapsed: 103.372	Loglikelihood: -2.88962e+07	(delta): 1.78548e+06
6 (QN/Block) 	Elapsed: 100.491	Loglikelihood: -2.74982e+07	(delta): 1.39795e+06
7 (QN/Block) 	Elapsed: 97.376	Loglikelihood: -2.72479e+07	(delta): 250276
8 (QN/Block) 	Elapsed: 103.998	Loglikelihood: -2.71455e+07	(delta): 102423
9 (QN/Block) 	Elapsed: 100.362	Loglikelihood: -2.70842e+07	(delta): 61279.8
10 (QN/Block) 	Elapsed: 102.397	Loglikelihood: -2.64792e+07	(delta): 605046
11 (QN/Block) 	Elapsed: 102.185	Loglikelihood: -2.62942e+07	(delta): 184953
12 (QN/Block) 	Elapsed: 99.961	Loglikelihood: -2.62396e+07	(delta): 54630.4
13 (QN/Block) 	Elapsed: 102.261	Loglikelihood: -2.61924e+07	(delta): 47175.8
14 (QN/Block) 	Elapsed: 97.899	Loglikelihood: -2.6169e+07	(delta): 23415.3
15 (QN/Block) 	Elapsed: 97.469	Loglikelihood: -2.61621e+07	(delta): 6933.49
16 (QN/Block) 	Elapsed: 95.705	Loglikelihood: -2.61608e+07	(delta): 1274.89
17 (QN/Block) 	Elapsed: 97.389	Loglikelihood: -2.61603e+07	(delta): 508.442
18 (QN/Block) 	Elapsed: 96.106	Loglikelihood: -2.61599e+07	(delta): 355.144
19 (QN/Block) 	Elapsed: 97.035	Loglikelihood: -2.61598e+07	(delta): 134.858
20 (QN/Block) 	Elapsed: 95.388	Loglikelihood: -2.61598e+07	(delta): 24.0829
21 (QN/Block) 	Elapsed: 95.295	Loglikelihood: -2.61598e+07	(delta): 9.3329
22 (QN/Block) 	Elapsed: 94.949	Loglikelihood: -2.61598e+07	(delta): 1.87335
23 (QN/Block) 	Elapsed: 94.109	Loglikelihood: -2.61598e+07	(delta): 0.444831
24 (QN/Block) 	Elapsed: 95.886	Loglikelihood: -2.61598e+07	(delta): 0.0830297
25 (QN/Block) 	Elapsed: 97.728	Loglikelihood: -2.61598e+07	(delta): 0.0278243
26 (QN/Block) 	Elapsed: 97.515	Loglikelihood: -2.61598e+07	(delta): 0.00917125
27 (QN/Block) 	Elapsed: 96.094	Loglikelihood: -2.61598e+07	(delta): 0.00698707
28 (QN/Block) 	Elapsed: 94.626	Loglikelihood: -2.61598e+07	(delta): 0.001544
29 (QN/Block) 	Elapsed: 95.715	Loglikelihood: -2.61598e+07	(delta): 0.000196133
30 (QN/Block) 	Elapsed: 94.334	Loglikelihood: -2.61598e+07	(delta): 8.64267e-07
Summary: 
Converged in 30 iterations (3195.69 sec)
Loglikelihood: -26159777.298357
Fst divergences between estimated populations: 
	Pop0	Pop1	Pop2	
Pop0	
Pop1	0.625	
Pop2	0.615	0.201	
Pop3	0.486	0.324	0.289	
CV error (K=4): 0.07540
Writing output files.
