****                   ADMIXTURE Version 1.3.0                  ****
****                    Copyright 2008-2015                     ****
****           David Alexander, Suyash Shringarpure,            ****
****                John  Novembre, Ken Lange                   ****
****                                                            ****
****                 Please cite our paper!                     ****
****   Information at www.genetics.ucla.edu/software/admixture  ****

Cross-validation will be performed.  Folds=10.
Parallel execution requested.  Will use 24 threads.
Random seed: 1322
Point estimation method: Block relaxation algorithm
Convergence acceleration algorithm: QuasiNewton, 3 secant conditions
Point estimation will terminate when objective function delta < 0.0001
Estimation of standard errors disabled; will compute point estimates only.
Size of G: 713x578311
Performing five EM steps to prime main algorithm
1 (EM) 	Elapsed: 278.875	Loglikelihood: -5.28463e+07	(delta): 5.31788e+08
2 (EM) 	Elapsed: 278.91	Loglikelihood: -4.5734e+07	(delta): 7.11235e+06
3 (EM) 	Elapsed: 290.222	Loglikelihood: -4.50142e+07	(delta): 719807
4 (EM) 	Elapsed: 284.926	Loglikelihood: -4.4626e+07	(delta): 388161
5 (EM) 	Elapsed: 281.638	Loglikelihood: -4.43017e+07	(delta): 324336
Initial loglikelihood: -4.43017e+07
Starting main algorithm
1 (QN/Block) 	Elapsed: 400.334	Loglikelihood: -2.5123e+07	(delta): 1.91787e+07
2 (QN/Block) 	Elapsed: 395.723	Loglikelihood: -1.75153e+07	(delta): 7.60773e+06
3 (QN/Block) 	Elapsed: 405.622	Loglikelihood: -1.54547e+07	(delta): 2.06058e+06
4 (QN/Block) 	Elapsed: 423.733	Loglikelihood: -1.44581e+07	(delta): 996544
5 (QN/Block) 	Elapsed: 430.952	Loglikelihood: -1.39376e+07	(delta): 520516
6 (QN/Block) 	Elapsed: 428.864	Loglikelihood: -1.36942e+07	(delta): 243419
7 (QN/Block) 	Elapsed: 431.356	Loglikelihood: -1.36339e+07	(delta): 60333.5
8 (QN/Block) 	Elapsed: 436.458	Loglikelihood: -1.36129e+07	(delta): 20985.2
9 (QN/Block) 	Elapsed: 433.309	Loglikelihood: -1.36047e+07	(delta): 8232.79
10 (QN/Block) 	Elapsed: 434.471	Loglikelihood: -1.35997e+07	(delta): 4942.56
11 (QN/Block) 	Elapsed: 433.137	Loglikelihood: -1.35979e+07	(delta): 1845.62
12 (QN/Block) 	Elapsed: 428.919	Loglikelihood: -1.35962e+07	(delta): 1690.05
13 (QN/Block) 	Elapsed: 431.258	Loglikelihood: -1.35955e+07	(delta): 682.588
14 (QN/Block) 	Elapsed: 432.026	Loglikelihood: -1.35853e+07	(delta): 10188
15 (QN/Block) 	Elapsed: 433.925	Loglikelihood: -1.35805e+07	(delta): 4765.49
16 (QN/Block) 	Elapsed: 446.922	Loglikelihood: -1.35782e+07	(delta): 2353.78
17 (QN/Block) 	Elapsed: 448.812	Loglikelihood: -1.35762e+07	(delta): 1992.85
18 (QN/Block) 	Elapsed: 449.86	Loglikelihood: -1.35743e+07	(delta): 1906.03
19 (QN/Block) 	Elapsed: 447.213	Loglikelihood: -1.35702e+07	(delta): 4079.43
20 (QN/Block) 	Elapsed: 449.746	Loglikelihood: -1.35615e+07	(delta): 8717.19
21 (QN/Block) 	Elapsed: 453.388	Loglikelihood: -1.35577e+07	(delta): 3822.32
22 (QN/Block) 	Elapsed: 437.455	Loglikelihood: -1.35537e+07	(delta): 3975.7
23 (QN/Block) 	Elapsed: 416.215	Loglikelihood: -1.35506e+07	(delta): 3049.51
24 (QN/Block) 	Elapsed: 391.603	Loglikelihood: -1.35485e+07	(delta): 2179.48
25 (QN/Block) 	Elapsed: 393.148	Loglikelihood: -1.35476e+07	(delta): 822.581
26 (QN/Block) 	Elapsed: 389.324	Loglikelihood: -1.35474e+07	(delta): 206.326
27 (QN/Block) 	Elapsed: 394.662	Loglikelihood: -1.35474e+07	(delta): 86.6952
28 (QN/Block) 	Elapsed: 388.218	Loglikelihood: -1.35473e+07	(delta): 19.4852
29 (QN/Block) 	Elapsed: 394.54	Loglikelihood: -1.35473e+07	(delta): 10.2685
30 (QN/Block) 	Elapsed: 392.187	Loglikelihood: -1.35472e+07	(delta): 91.3069
31 (QN/Block) 	Elapsed: 387.404	Loglikelihood: -1.35472e+07	(delta): 9.21187
32 (QN/Block) 	Elapsed: 386.58	Loglikelihood: -1.35472e+07	(delta): 6.06989
33 (QN/Block) 	Elapsed: 392.13	Loglikelihood: -1.35472e+07	(delta): 2.24409
34 (QN/Block) 	Elapsed: 391.159	Loglikelihood: -1.35472e+07	(delta): 0.773609
35 (QN/Block) 	Elapsed: 393.737	Loglikelihood: -1.35471e+07	(delta): 160.356
36 (QN/Block) 	Elapsed: 391.736	Loglikelihood: -1.3547e+07	(delta): 23.3067
37 (QN/Block) 	Elapsed: 396.481	Loglikelihood: -1.3547e+07	(delta): 2.58851
38 (QN/Block) 	Elapsed: 394.315	Loglikelihood: -1.3547e+07	(delta): 4.45341
39 (QN/Block) 	Elapsed: 389.876	Loglikelihood: -1.3547e+07	(delta): 5.30706
40 (QN/Block) 	Elapsed: 387.48	Loglikelihood: -1.3547e+07	(delta): 18.0822
41 (QN/Block) 	Elapsed: 385.246	Loglikelihood: -1.3547e+07	(delta): 10.9058
42 (QN/Block) 	Elapsed: 382.712	Loglikelihood: -1.35469e+07	(delta): 54.9535
43 (QN/Block) 	Elapsed: 393.818	Loglikelihood: -1.35469e+07	(delta): 8.7918
44 (QN/Block) 	Elapsed: 395.579	Loglikelihood: -1.35469e+07	(delta): 6.52161
45 (QN/Block) 	Elapsed: 388.924	Loglikelihood: -1.35469e+07	(delta): 7.33777
46 (QN/Block) 	Elapsed: 390.888	Loglikelihood: -1.35466e+07	(delta): 260.74
47 (QN/Block) 	Elapsed: 394.161	Loglikelihood: -1.35459e+07	(delta): 778.919
48 (QN/Block) 	Elapsed: 391.017	Loglikelihood: -1.35457e+07	(delta): 120.517
49 (QN/Block) 	Elapsed: 387.984	Loglikelihood: -1.35448e+07	(delta): 965.991
50 (QN/Block) 	Elapsed: 391.697	Loglikelihood: -1.35443e+07	(delta): 437.9
51 (QN/Block) 	Elapsed: 385.77	Loglikelihood: -1.35441e+07	(delta): 204.424
52 (QN/Block) 	Elapsed: 380.463	Loglikelihood: -1.35437e+07	(delta): 410.908
53 (QN/Block) 	Elapsed: 384.383	Loglikelihood: -1.35431e+07	(delta): 633.671
54 (QN/Block) 	Elapsed: 375.843	Loglikelihood: -1.35427e+07	(delta): 432.627
55 (QN/Block) 	Elapsed: 375.716	Loglikelihood: -1.35425e+07	(delta): 167.994
56 (QN/Block) 	Elapsed: 376.23	Loglikelihood: -1.35418e+07	(delta): 678.236
57 (QN/Block) 	Elapsed: 375.82	Loglikelihood: -1.35414e+07	(delta): 457.253
58 (QN/Block) 	Elapsed: 381.981	Loglikelihood: -1.35413e+07	(delta): 49.0112
59 (QN/Block) 	Elapsed: 379.121	Loglikelihood: -1.35412e+07	(delta): 139.694
60 (QN/Block) 	Elapsed: 376.313	Loglikelihood: -1.35411e+07	(delta): 118.116
61 (QN/Block) 	Elapsed: 375.488	Loglikelihood: -1.3541e+07	(delta): 9.12886
62 (QN/Block) 	Elapsed: 375.467	Loglikelihood: -1.3541e+07	(delta): 0.74349
63 (QN/Block) 	Elapsed: 376.85	Loglikelihood: -1.3541e+07	(delta): 0.127849
64 (QN/Block) 	Elapsed: 376.648	Loglikelihood: -1.3541e+07	(delta): 0.0277774
65 (QN/Block) 	Elapsed: 376.634	Loglikelihood: -1.3541e+07	(delta): 0.00635524
66 (QN/Block) 	Elapsed: 376.664	Loglikelihood: -1.3541e+07	(delta): 0.00414113
67 (QN/Block) 	Elapsed: 376.736	Loglikelihood: -1.3541e+07	(delta): 0.000417586
68 (QN/Block) 	Elapsed: 376.609	Loglikelihood: -1.3541e+07	(delta): 0.000133403
69 (QN/Block) 	Elapsed: 386.526	Loglikelihood: -1.3541e+07	(delta): 4.89503e-06
Summary: 
Converged in 69 iterations (29121.3 sec)
Loglikelihood: -13541042.322554
Fst divergences between estimated populations: 
	Pop0	Pop1	Pop2	Pop3	Pop4	Pop5	Pop6	Pop7	Pop8	Pop9	Pop10	Pop11	Pop12	Pop13	Pop14	Pop15	Pop16	Pop17	Pop18	Pop19	
Pop0	
Pop1	0.672	
Pop2	0.697	0.624	
Pop3	0.466	0.556	0.629	
Pop4	0.524	0.539	0.625	0.246	
Pop5	0.420	0.625	0.669	0.355	0.422	
Pop6	0.670	0.176	0.622	0.546	0.528	0.620	
Pop7	0.786	0.748	0.731	0.748	0.747	0.772	0.749	
Pop8	0.666	0.238	0.622	0.551	0.535	0.619	0.194	0.746	
Pop9	0.889	0.850	0.816	0.848	0.850	0.875	0.853	0.701	0.847	
Pop10	0.410	0.508	0.581	0.366	0.372	0.388	0.499	0.708	0.505	0.796	
Pop11	0.533	0.549	0.630	0.280	0.213	0.441	0.539	0.750	0.545	0.852	0.375	
Pop12	0.857	0.818	0.789	0.816	0.818	0.843	0.820	0.669	0.815	0.409	0.768	0.820	
Pop13	0.692	0.631	0.629	0.628	0.624	0.667	0.629	0.714	0.628	0.799	0.585	0.629	0.772	
Pop14	0.545	0.484	0.515	0.489	0.482	0.521	0.478	0.630	0.482	0.699	0.465	0.485	0.677	0.507	
Pop15	0.486	0.488	0.581	0.313	0.270	0.418	0.476	0.716	0.483	0.810	0.357	0.275	0.780	0.584	0.458	
Pop16	0.584	0.574	0.651	0.313	0.187	0.478	0.564	0.766	0.569	0.874	0.399	0.201	0.840	0.648	0.497	0.288	
Pop17	0.498	0.532	0.619	0.251	0.188	0.398	0.521	0.742	0.527	0.843	0.355	0.249	0.811	0.619	0.480	0.271	0.225	
Pop18	0.493	0.443	0.461	0.441	0.434	0.471	0.437	0.583	0.442	0.649	0.425	0.439	0.628	0.436	0.374	0.416	0.448	0.434	
Pop19	0.818	0.746	0.507	0.747	0.747	0.792	0.747	0.792	0.741	0.885	0.680	0.752	0.856	0.716	0.588	0.690	0.783	0.738	0.529	
Pop20	0.589	0.579	0.657	0.319	0.158	0.479	0.570	0.770	0.574	0.880	0.400	0.234	0.845	0.653	0.498	0.291	0.141	0.245	0.448	0.791	
CV error (K=21): 0.04959
Writing output files.
