****                   ADMIXTURE Version 1.3.0                  ****
****                    Copyright 2008-2015                     ****
****           David Alexander, Suyash Shringarpure,            ****
****                John  Novembre, Ken Lange                   ****
****                                                            ****
****                 Please cite our paper!                     ****
****   Information at www.genetics.ucla.edu/software/admixture  ****

Cross-validation will be performed.  Folds=10.
Parallel execution requested.  Will use 24 threads.
Random seed: 1884
Point estimation method: Block relaxation algorithm
Convergence acceleration algorithm: QuasiNewton, 3 secant conditions
Point estimation will terminate when objective function delta < 0.0001
Estimation of standard errors disabled; will compute point estimates only.
Size of G: 713x578311
Performing five EM steps to prime main algorithm
1 (EM) 	Elapsed: 176.507	Loglikelihood: -5.28597e+07	(delta): 5.33845e+08
2 (EM) 	Elapsed: 176.318	Loglikelihood: -4.58192e+07	(delta): 7.0405e+06
3 (EM) 	Elapsed: 176.853	Loglikelihood: -4.51076e+07	(delta): 711637
4 (EM) 	Elapsed: 176.264	Loglikelihood: -4.47174e+07	(delta): 390176
5 (EM) 	Elapsed: 176.387	Loglikelihood: -4.4377e+07	(delta): 340352
Initial loglikelihood: -4.4377e+07
Starting main algorithm
1 (QN/Block) 	Elapsed: 338.635	Loglikelihood: -2.59893e+07	(delta): 1.83877e+07
2 (QN/Block) 	Elapsed: 327.917	Loglikelihood: -1.85227e+07	(delta): 7.46657e+06
3 (QN/Block) 	Elapsed: 335.178	Loglikelihood: -1.68905e+07	(delta): 1.63221e+06
4 (QN/Block) 	Elapsed: 330.51	Loglikelihood: -1.57129e+07	(delta): 1.17763e+06
5 (QN/Block) 	Elapsed: 337.214	Loglikelihood: -1.4876e+07	(delta): 836846
6 (QN/Block) 	Elapsed: 334.424	Loglikelihood: -1.45358e+07	(delta): 340215
7 (QN/Block) 	Elapsed: 347.037	Loglikelihood: -1.43719e+07	(delta): 163902
8 (QN/Block) 	Elapsed: 359.417	Loglikelihood: -1.42998e+07	(delta): 72165.6
9 (QN/Block) 	Elapsed: 366.193	Loglikelihood: -1.42503e+07	(delta): 49435.9
10 (QN/Block) 	Elapsed: 346.774	Loglikelihood: -1.4219e+07	(delta): 31376.1
11 (QN/Block) 	Elapsed: 340.343	Loglikelihood: -1.4131e+07	(delta): 87924.2
12 (QN/Block) 	Elapsed: 338.617	Loglikelihood: -1.41183e+07	(delta): 12706.9
13 (QN/Block) 	Elapsed: 342.81	Loglikelihood: -1.41102e+07	(delta): 8167.75
14 (QN/Block) 	Elapsed: 352.156	Loglikelihood: -1.40978e+07	(delta): 12349.2
15 (QN/Block) 	Elapsed: 354.028	Loglikelihood: -1.4084e+07	(delta): 13822
16 (QN/Block) 	Elapsed: 354.966	Loglikelihood: -1.40782e+07	(delta): 5803.17
17 (QN/Block) 	Elapsed: 340.751	Loglikelihood: -1.4075e+07	(delta): 3138.21
18 (QN/Block) 	Elapsed: 331.699	Loglikelihood: -1.40718e+07	(delta): 3260.01
19 (QN/Block) 	Elapsed: 336.506	Loglikelihood: -1.40702e+07	(delta): 1557.4
20 (QN/Block) 	Elapsed: 338.181	Loglikelihood: -1.4069e+07	(delta): 1215.19
21 (QN/Block) 	Elapsed: 338.843	Loglikelihood: -1.40664e+07	(delta): 2587.55
22 (QN/Block) 	Elapsed: 335.469	Loglikelihood: -1.40658e+07	(delta): 668.023
23 (QN/Block) 	Elapsed: 340.588	Loglikelihood: -1.40648e+07	(delta): 907.963
24 (QN/Block) 	Elapsed: 337.135	Loglikelihood: -1.40643e+07	(delta): 551.227
25 (QN/Block) 	Elapsed: 339.335	Loglikelihood: -1.4064e+07	(delta): 315.239
26 (QN/Block) 	Elapsed: 335.305	Loglikelihood: -1.40637e+07	(delta): 304.597
27 (QN/Block) 	Elapsed: 338.066	Loglikelihood: -1.40637e+07	(delta): 17.934
28 (QN/Block) 	Elapsed: 334.939	Loglikelihood: -1.40637e+07	(delta): 0.275804
29 (QN/Block) 	Elapsed: 336.067	Loglikelihood: -1.40637e+07	(delta): 0.0289299
30 (QN/Block) 	Elapsed: 332.544	Loglikelihood: -1.40637e+07	(delta): 0.0068745
31 (QN/Block) 	Elapsed: 337.239	Loglikelihood: -1.40637e+07	(delta): 0.0247878
32 (QN/Block) 	Elapsed: 337.626	Loglikelihood: -1.40637e+07	(delta): 0.00756763
33 (QN/Block) 	Elapsed: 332.115	Loglikelihood: -1.40637e+07	(delta): 0.000869865
34 (QN/Block) 	Elapsed: 336.831	Loglikelihood: -1.40637e+07	(delta): 0.000317978
35 (QN/Block) 	Elapsed: 338.132	Loglikelihood: -1.40637e+07	(delta): 0.000327604
36 (QN/Block) 	Elapsed: 335.389	Loglikelihood: -1.40637e+07	(delta): 0.000207199
37 (QN/Block) 	Elapsed: 338.934	Loglikelihood: -1.40637e+07	(delta): 6.51143e-05
Summary: 
Converged in 37 iterations (13480.8 sec)
Loglikelihood: -14063657.148437
Fst divergences between estimated populations: 
	Pop0	Pop1	Pop2	Pop3	Pop4	Pop5	Pop6	Pop7	Pop8	Pop9	Pop10	Pop11	Pop12	Pop13	Pop14	Pop15	Pop16	
Pop0	
Pop1	0.228	
Pop2	0.539	0.533	
Pop3	0.361	0.356	0.348	
Pop4	0.686	0.689	0.681	0.432	
Pop5	0.298	0.225	0.545	0.358	0.707	
Pop6	0.362	0.377	0.497	0.352	0.632	0.386	
Pop7	0.458	0.528	0.657	0.419	0.758	0.566	0.410	
Pop8	0.591	0.591	0.579	0.382	0.645	0.603	0.550	0.659	
Pop9	0.239	0.184	0.494	0.344	0.660	0.191	0.339	0.473	0.567	
Pop10	0.726	0.727	0.722	0.542	0.731	0.739	0.689	0.765	0.693	0.711	
Pop11	0.826	0.829	0.821	0.607	0.825	0.845	0.777	0.868	0.775	0.809	0.480	
Pop12	0.718	0.719	0.714	0.544	0.724	0.730	0.683	0.755	0.687	0.703	0.547	0.648	
Pop13	0.348	0.332	0.566	0.378	0.704	0.343	0.428	0.581	0.609	0.299	0.735	0.835	0.726	
Pop14	0.299	0.182	0.549	0.358	0.713	0.128	0.390	0.571	0.607	0.199	0.742	0.850	0.733	0.336	
Pop15	0.348	0.431	0.610	0.393	0.732	0.460	0.388	0.422	0.632	0.377	0.751	0.854	0.742	0.509	0.461	
Pop16	0.340	0.320	0.500	0.348	0.657	0.309	0.377	0.520	0.565	0.273	0.708	0.805	0.701	0.357	0.312	0.452	
Pop17	0.528	0.521	0.164	0.340	0.677	0.531	0.487	0.650	0.573	0.481	0.720	0.821	0.712	0.556	0.535	0.601	0.489	
CV error (K=18): 0.05015
Writing output files.
