****                   ADMIXTURE Version 1.3.0                  ****
****                    Copyright 2008-2015                     ****
****           David Alexander, Suyash Shringarpure,            ****
****                John  Novembre, Ken Lange                   ****
****                                                            ****
****                 Please cite our paper!                     ****
****   Information at www.genetics.ucla.edu/software/admixture  ****

Cross-validation will be performed.  Folds=10.
Parallel execution requested.  Will use 24 threads.
Random seed: 1807
Point estimation method: Block relaxation algorithm
Convergence acceleration algorithm: QuasiNewton, 3 secant conditions
Point estimation will terminate when objective function delta < 0.0001
Estimation of standard errors disabled; will compute point estimates only.
Size of G: 713x578311
Performing five EM steps to prime main algorithm
1 (EM) 	Elapsed: 27.937	Loglikelihood: -5.1837e+07	(delta): 5.74615e+08
2 (EM) 	Elapsed: 27.371	Loglikelihood: -4.61954e+07	(delta): 5.64163e+06
3 (EM) 	Elapsed: 27.3	Loglikelihood: -4.55875e+07	(delta): 607873
4 (EM) 	Elapsed: 27.333	Loglikelihood: -4.52686e+07	(delta): 318897
5 (EM) 	Elapsed: 27.184	Loglikelihood: -4.50371e+07	(delta): 231531
Initial loglikelihood: -4.50371e+07
Starting main algorithm
1 (QN/Block) 	Elapsed: 105.114	Loglikelihood: -3.2188e+07	(delta): 1.28491e+07
2 (QN/Block) 	Elapsed: 105.898	Loglikelihood: -2.59381e+07	(delta): 6.24989e+06
3 (QN/Block) 	Elapsed: 107.45	Loglikelihood: -2.47112e+07	(delta): 1.22694e+06
4 (QN/Block) 	Elapsed: 107.575	Loglikelihood: -2.35031e+07	(delta): 1.2081e+06
5 (QN/Block) 	Elapsed: 107.518	Loglikelihood: -2.28396e+07	(delta): 663440
6 (QN/Block) 	Elapsed: 101.822	Loglikelihood: -2.25434e+07	(delta): 296209
7 (QN/Block) 	Elapsed: 102.025	Loglikelihood: -2.24045e+07	(delta): 138933
8 (QN/Block) 	Elapsed: 101.891	Loglikelihood: -2.23487e+07	(delta): 55741.7
9 (QN/Block) 	Elapsed: 101.384	Loglikelihood: -2.23361e+07	(delta): 12598.9
10 (QN/Block) 	Elapsed: 102.242	Loglikelihood: -2.23346e+07	(delta): 1559.5
11 (QN/Block) 	Elapsed: 102.846	Loglikelihood: -2.23345e+07	(delta): 73.4329
12 (QN/Block) 	Elapsed: 101.785	Loglikelihood: -2.23345e+07	(delta): 4.83357
13 (QN/Block) 	Elapsed: 102.048	Loglikelihood: -2.23345e+07	(delta): 0.409113
14 (QN/Block) 	Elapsed: 101.961	Loglikelihood: -2.23345e+07	(delta): 0.0639566
15 (QN/Block) 	Elapsed: 102.007	Loglikelihood: -2.23345e+07	(delta): 0.0161979
16 (QN/Block) 	Elapsed: 101.784	Loglikelihood: -2.23345e+07	(delta): 0.000114553
17 (QN/Block) 	Elapsed: 100.671	Loglikelihood: -2.23345e+07	(delta): 9.27597e-07
Summary: 
Converged in 17 iterations (1899.6 sec)
Loglikelihood: -22334498.477602
Fst divergences between estimated populations: 
	Pop0	Pop1	Pop2	Pop3	
Pop0	
Pop1	0.458	
Pop2	0.343	0.340	
Pop3	0.468	0.267	0.349	
Pop4	0.623	0.626	0.484	0.613	
CV error (K=5): 0.06649
Writing output files.
