****                   ADMIXTURE Version 1.3.0                  ****
****                    Copyright 2008-2015                     ****
****           David Alexander, Suyash Shringarpure,            ****
****                John  Novembre, Ken Lange                   ****
****                                                            ****
****                 Please cite our paper!                     ****
****   Information at www.genetics.ucla.edu/software/admixture  ****

Cross-validation will be performed.  Folds=10.
Parallel execution requested.  Will use 24 threads.
Random seed: 1706
Point estimation method: Block relaxation algorithm
Convergence acceleration algorithm: QuasiNewton, 3 secant conditions
Point estimation will terminate when objective function delta < 0.0001
Estimation of standard errors disabled; will compute point estimates only.
Size of G: 713x578311
Performing five EM steps to prime main algorithm
1 (EM) 	Elapsed: 271.26	Loglikelihood: -5.28779e+07	(delta): 5.32794e+08
2 (EM) 	Elapsed: 266.831	Loglikelihood: -4.57922e+07	(delta): 7.08572e+06
3 (EM) 	Elapsed: 257.892	Loglikelihood: -4.50942e+07	(delta): 697983
4 (EM) 	Elapsed: 258.275	Loglikelihood: -4.47197e+07	(delta): 374469
5 (EM) 	Elapsed: 258.116	Loglikelihood: -4.44055e+07	(delta): 314287
Initial loglikelihood: -4.44055e+07
Starting main algorithm
1 (QN/Block) 	Elapsed: 405.014	Loglikelihood: -2.5151e+07	(delta): 1.92544e+07
2 (QN/Block) 	Elapsed: 397.984	Loglikelihood: -1.82118e+07	(delta): 6.93918e+06
3 (QN/Block) 	Elapsed: 402.644	Loglikelihood: -1.60584e+07	(delta): 2.15341e+06
4 (QN/Block) 	Elapsed: 416.763	Loglikelihood: -1.46535e+07	(delta): 1.40492e+06
5 (QN/Block) 	Elapsed: 420.967	Loglikelihood: -1.39369e+07	(delta): 716601
6 (QN/Block) 	Elapsed: 405.465	Loglikelihood: -1.35852e+07	(delta): 351698
7 (QN/Block) 	Elapsed: 386.215	Loglikelihood: -1.348e+07	(delta): 105173
8 (QN/Block) 	Elapsed: 385.632	Loglikelihood: -1.34484e+07	(delta): 31608.9
9 (QN/Block) 	Elapsed: 392.739	Loglikelihood: -1.34322e+07	(delta): 16248.3
10 (QN/Block) 	Elapsed: 387.032	Loglikelihood: -1.34177e+07	(delta): 14438.5
11 (QN/Block) 	Elapsed: 386.629	Loglikelihood: -1.34086e+07	(delta): 9120.41
12 (QN/Block) 	Elapsed: 390.941	Loglikelihood: -1.33987e+07	(delta): 9911.93
13 (QN/Block) 	Elapsed: 382.023	Loglikelihood: -1.33955e+07	(delta): 3182.61
14 (QN/Block) 	Elapsed: 386.885	Loglikelihood: -1.33947e+07	(delta): 818.486
15 (QN/Block) 	Elapsed: 389.009	Loglikelihood: -1.33944e+07	(delta): 263.074
16 (QN/Block) 	Elapsed: 390.678	Loglikelihood: -1.33944e+07	(delta): 48.3211
17 (QN/Block) 	Elapsed: 382.777	Loglikelihood: -1.3394e+07	(delta): 412.503
18 (QN/Block) 	Elapsed: 385.605	Loglikelihood: -1.33939e+07	(delta): 94.5539
19 (QN/Block) 	Elapsed: 387.386	Loglikelihood: -1.33939e+07	(delta): 24.0159
20 (QN/Block) 	Elapsed: 390.008	Loglikelihood: -1.33938e+07	(delta): 15.6741
21 (QN/Block) 	Elapsed: 391.46	Loglikelihood: -1.33938e+07	(delta): 8.09795
22 (QN/Block) 	Elapsed: 389.85	Loglikelihood: -1.33938e+07	(delta): 0.78107
23 (QN/Block) 	Elapsed: 394.717	Loglikelihood: -1.33938e+07	(delta): 0.0856551
24 (QN/Block) 	Elapsed: 384.005	Loglikelihood: -1.33938e+07	(delta): 0.0236608
25 (QN/Block) 	Elapsed: 388.671	Loglikelihood: -1.33938e+07	(delta): 0.00337897
26 (QN/Block) 	Elapsed: 390.801	Loglikelihood: -1.33938e+07	(delta): 0.000946021
27 (QN/Block) 	Elapsed: 382.505	Loglikelihood: -1.33938e+07	(delta): 4.17549e-05
Summary: 
Converged in 27 iterations (11921.8 sec)
Loglikelihood: -13393833.740558
Fst divergences between estimated populations: 
	Pop0	Pop1	Pop2	Pop3	Pop4	Pop5	Pop6	Pop7	Pop8	Pop9	Pop10	Pop11	Pop12	Pop13	Pop14	Pop15	Pop16	Pop17	Pop18	
Pop0	
Pop1	0.153	
Pop2	0.797	0.785	
Pop3	0.539	0.524	0.783	
Pop4	0.440	0.407	0.814	0.611	
Pop5	0.550	0.510	0.828	0.660	0.421	
Pop6	0.556	0.540	0.793	0.207	0.631	0.681	
Pop7	0.744	0.725	0.814	0.724	0.777	0.805	0.741	
Pop8	0.337	0.335	0.766	0.512	0.471	0.535	0.525	0.696	
Pop9	0.597	0.585	0.742	0.580	0.631	0.659	0.590	0.674	0.569	
Pop10	0.805	0.793	0.688	0.790	0.821	0.836	0.801	0.821	0.773	0.749	
Pop11	0.169	0.199	0.802	0.544	0.456	0.564	0.562	0.751	0.341	0.601	0.809	
Pop12	0.382	0.365	0.742	0.498	0.387	0.411	0.509	0.665	0.390	0.550	0.749	0.384	
Pop13	0.450	0.444	0.627	0.433	0.481	0.504	0.439	0.527	0.441	0.452	0.632	0.451	0.432	
Pop14	0.549	0.533	0.790	0.208	0.624	0.674	0.192	0.735	0.520	0.587	0.798	0.555	0.505	0.436	
Pop15	0.131	0.192	0.812	0.559	0.473	0.586	0.579	0.770	0.353	0.613	0.820	0.130	0.396	0.456	0.572	
Pop16	0.264	0.270	0.750	0.472	0.410	0.480	0.485	0.669	0.169	0.545	0.758	0.270	0.351	0.423	0.480	0.278	
Pop17	0.278	0.207	0.784	0.536	0.356	0.466	0.552	0.724	0.357	0.588	0.792	0.286	0.365	0.449	0.546	0.304	0.294	
Pop18	0.441	0.434	0.606	0.439	0.472	0.494	0.444	0.484	0.433	0.440	0.613	0.443	0.426	0.364	0.441	0.447	0.415	0.440	
Pop19	0.802	0.781	0.845	0.773	0.831	0.857	0.792	0.841	0.750	0.720	0.851	0.810	0.712	0.559	0.786	0.830	0.724	0.779	0.546	
CV error (K=20): 0.04921
Writing output files.
