****                   ADMIXTURE Version 1.3.0                  ****
****                    Copyright 2008-2015                     ****
****           David Alexander, Suyash Shringarpure,            ****
****                John  Novembre, Ken Lange                   ****
****                                                            ****
****                 Please cite our paper!                     ****
****   Information at www.genetics.ucla.edu/software/admixture  ****

Cross-validation will be performed.  Folds=10.
Parallel execution requested.  Will use 24 threads.
Random seed: 1853
Point estimation method: Block relaxation algorithm
Convergence acceleration algorithm: QuasiNewton, 3 secant conditions
Point estimation will terminate when objective function delta < 0.0001
Estimation of standard errors disabled; will compute point estimates only.
Size of G: 713x578311
Performing five EM steps to prime main algorithm
1 (EM) 	Elapsed: 95.888	Loglikelihood: -5.2668e+07	(delta): 5.46217e+08
2 (EM) 	Elapsed: 102.104	Loglikelihood: -4.59627e+07	(delta): 6.70532e+06
3 (EM) 	Elapsed: 98.246	Loglikelihood: -4.52296e+07	(delta): 733074
4 (EM) 	Elapsed: 96.997	Loglikelihood: -4.47929e+07	(delta): 436718
5 (EM) 	Elapsed: 102.235	Loglikelihood: -4.43987e+07	(delta): 394231
Initial loglikelihood: -4.43987e+07
Starting main algorithm
1 (QN/Block) 	Elapsed: 218.691	Loglikelihood: -2.73857e+07	(delta): 1.7013e+07
2 (QN/Block) 	Elapsed: 226.416	Loglikelihood: -2.19873e+07	(delta): 5.39839e+06
3 (QN/Block) 	Elapsed: 227.066	Loglikelihood: -2.00856e+07	(delta): 1.90168e+06
4 (QN/Block) 	Elapsed: 222.133	Loglikelihood: -1.873e+07	(delta): 1.35564e+06
5 (QN/Block) 	Elapsed: 224.391	Loglikelihood: -1.78114e+07	(delta): 918629
6 (QN/Block) 	Elapsed: 223.842	Loglikelihood: -1.75309e+07	(delta): 280434
7 (QN/Block) 	Elapsed: 227.104	Loglikelihood: -1.73894e+07	(delta): 141582
8 (QN/Block) 	Elapsed: 230.766	Loglikelihood: -1.73352e+07	(delta): 54110.4
9 (QN/Block) 	Elapsed: 222.841	Loglikelihood: -1.73088e+07	(delta): 26479.3
10 (QN/Block) 	Elapsed: 221.383	Loglikelihood: -1.72962e+07	(delta): 12603.2
11 (QN/Block) 	Elapsed: 223.716	Loglikelihood: -1.72894e+07	(delta): 6750.64
12 (QN/Block) 	Elapsed: 223.303	Loglikelihood: -1.72825e+07	(delta): 6944.23
13 (QN/Block) 	Elapsed: 222.38	Loglikelihood: -1.7271e+07	(delta): 11480.5
14 (QN/Block) 	Elapsed: 225.96	Loglikelihood: -1.7184e+07	(delta): 87017.4
15 (QN/Block) 	Elapsed: 224.106	Loglikelihood: -1.71239e+07	(delta): 60106
16 (QN/Block) 	Elapsed: 224.373	Loglikelihood: -1.70963e+07	(delta): 27538.7
17 (QN/Block) 	Elapsed: 224.962	Loglikelihood: -1.7093e+07	(delta): 3321.81
18 (QN/Block) 	Elapsed: 223.402	Loglikelihood: -1.70924e+07	(delta): 553.131
19 (QN/Block) 	Elapsed: 223.471	Loglikelihood: -1.70923e+07	(delta): 148.591
20 (QN/Block) 	Elapsed: 226.662	Loglikelihood: -1.70923e+07	(delta): 41.2905
21 (QN/Block) 	Elapsed: 223.918	Loglikelihood: -1.70923e+07	(delta): 5.89184
22 (QN/Block) 	Elapsed: 223.134	Loglikelihood: -1.70923e+07	(delta): 0.705526
23 (QN/Block) 	Elapsed: 227.642	Loglikelihood: -1.70923e+07	(delta): 0.175056
24 (QN/Block) 	Elapsed: 223.304	Loglikelihood: -1.70923e+07	(delta): 0.0356687
25 (QN/Block) 	Elapsed: 225.714	Loglikelihood: -1.70923e+07	(delta): 0.0144354
26 (QN/Block) 	Elapsed: 223.652	Loglikelihood: -1.70923e+07	(delta): 0.00179406
27 (QN/Block) 	Elapsed: 225.248	Loglikelihood: -1.70923e+07	(delta): 0.000756349
28 (QN/Block) 	Elapsed: 224.064	Loglikelihood: -1.70923e+07	(delta): 0.000242162
29 (QN/Block) 	Elapsed: 225.333	Loglikelihood: -1.70923e+07	(delta): 6.73123e-05
Summary: 
Converged in 29 iterations (7013.17 sec)
Loglikelihood: -17092252.776404
Fst divergences between estimated populations: 
	Pop0	Pop1	Pop2	Pop3	Pop4	Pop5	Pop6	Pop7	Pop8	
Pop0	
Pop1	0.246	
Pop2	0.337	0.343	
Pop3	0.619	0.644	0.625	
Pop4	0.426	0.479	0.473	0.641	
Pop5	0.302	0.318	0.325	0.458	0.311	
Pop6	0.471	0.502	0.489	0.590	0.491	0.321	
Pop7	0.654	0.707	0.665	0.685	0.704	0.402	0.600	
Pop8	0.366	0.318	0.339	0.666	0.550	0.350	0.536	0.748	
Pop9	0.233	0.201	0.375	0.661	0.498	0.321	0.519	0.748	0.406	
CV error (K=10): 0.05592
Writing output files.
