****                   ADMIXTURE Version 1.3.0                  ****
****                    Copyright 2008-2015                     ****
****           David Alexander, Suyash Shringarpure,            ****
****                John  Novembre, Ken Lange                   ****
****                                                            ****
****                 Please cite our paper!                     ****
****   Information at www.genetics.ucla.edu/software/admixture  ****

Cross-validation will be performed.  Folds=10.
Parallel execution requested.  Will use 24 threads.
Random seed: 1853
Point estimation method: Block relaxation algorithm
Convergence acceleration algorithm: QuasiNewton, 3 secant conditions
Point estimation will terminate when objective function delta < 0.0001
Estimation of standard errors disabled; will compute point estimates only.
Size of G: 713x578311
Performing five EM steps to prime main algorithm
1 (EM) 	Elapsed: 381.861	Loglikelihood: -5.28709e+07	(delta): 5.28593e+08
2 (EM) 	Elapsed: 379.409	Loglikelihood: -4.56264e+07	(delta): 7.24455e+06
3 (EM) 	Elapsed: 381.972	Loglikelihood: -4.48744e+07	(delta): 751984
4 (EM) 	Elapsed: 382.964	Loglikelihood: -4.44283e+07	(delta): 446076
5 (EM) 	Elapsed: 382.597	Loglikelihood: -4.40055e+07	(delta): 422865
Initial loglikelihood: -4.40055e+07
Starting main algorithm
1 (QN/Block) 	Elapsed: 527.171	Loglikelihood: -2.35205e+07	(delta): 2.04849e+07
2 (QN/Block) 	Elapsed: 527.103	Loglikelihood: -1.66015e+07	(delta): 6.91903e+06
3 (QN/Block) 	Elapsed: 530.963	Loglikelihood: -1.45094e+07	(delta): 2.09215e+06
4 (QN/Block) 	Elapsed: 530.598	Loglikelihood: -1.33415e+07	(delta): 1.16781e+06
5 (QN/Block) 	Elapsed: 532.916	Loglikelihood: -1.26352e+07	(delta): 706355
6 (QN/Block) 	Elapsed: 532.783	Loglikelihood: -1.23103e+07	(delta): 324887
7 (QN/Block) 	Elapsed: 530.413	Loglikelihood: -1.21902e+07	(delta): 120065
8 (QN/Block) 	Elapsed: 534.191	Loglikelihood: -1.21532e+07	(delta): 36989.8
9 (QN/Block) 	Elapsed: 532.236	Loglikelihood: -1.21361e+07	(delta): 17103.9
10 (QN/Block) 	Elapsed: 533.786	Loglikelihood: -1.2124e+07	(delta): 12137.1
11 (QN/Block) 	Elapsed: 550.291	Loglikelihood: -1.21128e+07	(delta): 11159.7
12 (QN/Block) 	Elapsed: 568.08	Loglikelihood: -1.21037e+07	(delta): 9105.52
13 (QN/Block) 	Elapsed: 566.383	Loglikelihood: -1.2095e+07	(delta): 8726.37
14 (QN/Block) 	Elapsed: 569.692	Loglikelihood: -1.20901e+07	(delta): 4924.87
15 (QN/Block) 	Elapsed: 544.665	Loglikelihood: -1.20873e+07	(delta): 2749.6
16 (QN/Block) 	Elapsed: 544.264	Loglikelihood: -1.20849e+07	(delta): 2442.12
17 (QN/Block) 	Elapsed: 548.142	Loglikelihood: -1.20832e+07	(delta): 1669.56
18 (QN/Block) 	Elapsed: 543.776	Loglikelihood: -1.20822e+07	(delta): 1001.43
19 (QN/Block) 	Elapsed: 541.762	Loglikelihood: -1.2081e+07	(delta): 1250
20 (QN/Block) 	Elapsed: 548.178	Loglikelihood: -1.20793e+07	(delta): 1640.51
21 (QN/Block) 	Elapsed: 547.361	Loglikelihood: -1.20781e+07	(delta): 1210.52
22 (QN/Block) 	Elapsed: 545.456	Loglikelihood: -1.20773e+07	(delta): 840.89
23 (QN/Block) 	Elapsed: 548.938	Loglikelihood: -1.20765e+07	(delta): 744.904
24 (QN/Block) 	Elapsed: 542.677	Loglikelihood: -1.20761e+07	(delta): 394.763
25 (QN/Block) 	Elapsed: 543.61	Loglikelihood: -1.20752e+07	(delta): 986.175
26 (QN/Block) 	Elapsed: 541.333	Loglikelihood: -1.20721e+07	(delta): 3089.28
27 (QN/Block) 	Elapsed: 556.096	Loglikelihood: -1.20686e+07	(delta): 3440.92
28 (QN/Block) 	Elapsed: 544.979	Loglikelihood: -1.20672e+07	(delta): 1423.03
29 (QN/Block) 	Elapsed: 545.878	Loglikelihood: -1.20654e+07	(delta): 1762.03
30 (QN/Block) 	Elapsed: 544.201	Loglikelihood: -1.20642e+07	(delta): 1207.86
31 (QN/Block) 	Elapsed: 547.14	Loglikelihood: -1.2064e+07	(delta): 222.309
32 (QN/Block) 	Elapsed: 544.244	Loglikelihood: -1.2064e+07	(delta): 59.4633
33 (QN/Block) 	Elapsed: 542.863	Loglikelihood: -1.20637e+07	(delta): 285.339
34 (QN/Block) 	Elapsed: 543.853	Loglikelihood: -1.20636e+07	(delta): 104.415
35 (QN/Block) 	Elapsed: 545.663	Loglikelihood: -1.20635e+07	(delta): 58.1739
36 (QN/Block) 	Elapsed: 545.217	Loglikelihood: -1.20634e+07	(delta): 72.0893
37 (QN/Block) 	Elapsed: 546.072	Loglikelihood: -1.20623e+07	(delta): 1095.23
38 (QN/Block) 	Elapsed: 541.027	Loglikelihood: -1.20618e+07	(delta): 506.444
39 (QN/Block) 	Elapsed: 543.459	Loglikelihood: -1.2061e+07	(delta): 784.286
40 (QN/Block) 	Elapsed: 545.843	Loglikelihood: -1.20595e+07	(delta): 1554.06
41 (QN/Block) 	Elapsed: 542.601	Loglikelihood: -1.20572e+07	(delta): 2304.09
42 (QN/Block) 	Elapsed: 546.291	Loglikelihood: -1.20562e+07	(delta): 998.917
43 (QN/Block) 	Elapsed: 546.02	Loglikelihood: -1.20547e+07	(delta): 1529.88
44 (QN/Block) 	Elapsed: 544.198	Loglikelihood: -1.20537e+07	(delta): 973.098
45 (QN/Block) 	Elapsed: 545.801	Loglikelihood: -1.20504e+07	(delta): 3242.46
46 (QN/Block) 	Elapsed: 546.371	Loglikelihood: -1.20472e+07	(delta): 3269.21
47 (QN/Block) 	Elapsed: 543.999	Loglikelihood: -1.20453e+07	(delta): 1856.33
48 (QN/Block) 	Elapsed: 544.551	Loglikelihood: -1.20442e+07	(delta): 1089.8
49 (QN/Block) 	Elapsed: 545.557	Loglikelihood: -1.20441e+07	(delta): 133.296
50 (QN/Block) 	Elapsed: 541.636	Loglikelihood: -1.20441e+07	(delta): 20.9001
51 (QN/Block) 	Elapsed: 542.594	Loglikelihood: -1.20441e+07	(delta): 7.17131
52 (QN/Block) 	Elapsed: 547.505	Loglikelihood: -1.20441e+07	(delta): 2.93058
53 (QN/Block) 	Elapsed: 546.365	Loglikelihood: -1.20441e+07	(delta): 1.22246
54 (QN/Block) 	Elapsed: 545.476	Loglikelihood: -1.20441e+07	(delta): 1.39473
55 (QN/Block) 	Elapsed: 544.703	Loglikelihood: -1.20441e+07	(delta): 0.485728
56 (QN/Block) 	Elapsed: 542.884	Loglikelihood: -1.20441e+07	(delta): 0.0539799
57 (QN/Block) 	Elapsed: 544.717	Loglikelihood: -1.20441e+07	(delta): 0.0190778
58 (QN/Block) 	Elapsed: 544.544	Loglikelihood: -1.20441e+07	(delta): 0.00316364
59 (QN/Block) 	Elapsed: 542.987	Loglikelihood: -1.20441e+07	(delta): 0.00123206
60 (QN/Block) 	Elapsed: 546.02	Loglikelihood: -1.20441e+07	(delta): 0.000323044
61 (QN/Block) 	Elapsed: 544.941	Loglikelihood: -1.20441e+07	(delta): 6.87316e-05
Summary: 
Converged in 61 iterations (35129.5 sec)
Loglikelihood: -12044063.667701
Fst divergences between estimated populations: 
	Pop0	Pop1	Pop2	Pop3	Pop4	Pop5	Pop6	Pop7	Pop8	Pop9	Pop10	Pop11	Pop12	Pop13	Pop14	Pop15	Pop16	Pop17	Pop18	Pop19	Pop20	Pop21	Pop22	Pop23	Pop24	Pop25	Pop26	
Pop0	
Pop1	0.580	
Pop2	0.462	0.413	
Pop3	0.315	0.492	0.403	
Pop4	0.312	0.573	0.455	0.345	
Pop5	0.563	0.617	0.540	0.474	0.571	
Pop6	0.853	0.827	0.798	0.785	0.842	0.822	
Pop7	0.506	0.575	0.455	0.440	0.511	0.625	0.855	
Pop8	0.764	0.751	0.723	0.708	0.757	0.738	0.493	0.770	
Pop9	0.686	0.682	0.635	0.604	0.679	0.642	0.808	0.703	0.737	
Pop10	0.585	0.629	0.555	0.493	0.590	0.173	0.825	0.641	0.742	0.650	
Pop11	0.230	0.538	0.433	0.312	0.327	0.535	0.826	0.455	0.742	0.655	0.554	
Pop12	0.176	0.580	0.465	0.313	0.270	0.565	0.851	0.512	0.763	0.684	0.586	0.265	
Pop13	0.330	0.520	0.403	0.336	0.354	0.541	0.822	0.338	0.740	0.654	0.559	0.273	0.350	
Pop14	0.270	0.496	0.399	0.187	0.307	0.481	0.795	0.426	0.717	0.615	0.501	0.265	0.261	0.297	
Pop15	0.430	0.464	0.431	0.402	0.436	0.416	0.621	0.458	0.567	0.467	0.425	0.420	0.432	0.425	0.404	
Pop16	0.600	0.605	0.468	0.497	0.590	0.665	0.865	0.448	0.781	0.724	0.679	0.540	0.602	0.425	0.492	0.477	
Pop17	0.382	0.559	0.454	0.359	0.408	0.571	0.835	0.440	0.752	0.673	0.589	0.284	0.384	0.226	0.323	0.437	0.526	
Pop18	0.225	0.593	0.478	0.338	0.320	0.580	0.854	0.535	0.766	0.692	0.600	0.276	0.202	0.368	0.298	0.438	0.624	0.404	
Pop19	0.644	0.648	0.602	0.570	0.639	0.604	0.785	0.664	0.716	0.311	0.613	0.617	0.643	0.616	0.580	0.447	0.685	0.635	0.650	
Pop20	0.723	0.717	0.654	0.611	0.707	0.709	0.857	0.747	0.777	0.731	0.718	0.675	0.720	0.668	0.623	0.492	0.778	0.689	0.732	0.695	
Pop21	0.600	0.638	0.565	0.504	0.603	0.218	0.829	0.652	0.746	0.659	0.274	0.567	0.601	0.571	0.512	0.431	0.690	0.601	0.614	0.621	0.726	
Pop22	0.693	0.689	0.647	0.622	0.686	0.658	0.791	0.707	0.723	0.664	0.665	0.666	0.692	0.664	0.631	0.461	0.725	0.681	0.698	0.636	0.714	0.672	
Pop23	0.343	0.584	0.471	0.360	0.397	0.584	0.849	0.498	0.763	0.688	0.603	0.269	0.344	0.351	0.324	0.441	0.587	0.363	0.347	0.648	0.725	0.616	0.695	
Pop24	0.814	0.794	0.765	0.751	0.805	0.785	0.719	0.818	0.619	0.777	0.789	0.789	0.812	0.787	0.761	0.597	0.829	0.799	0.816	0.755	0.822	0.793	0.761	0.812	
Pop25	0.156	0.552	0.444	0.296	0.285	0.540	0.835	0.468	0.750	0.665	0.560	0.171	0.208	0.307	0.248	0.424	0.562	0.349	0.229	0.625	0.687	0.574	0.675	0.302	0.798	
Pop26	0.779	0.756	0.705	0.675	0.766	0.731	0.849	0.790	0.769	0.732	0.739	0.738	0.776	0.734	0.690	0.488	0.810	0.756	0.783	0.697	0.680	0.746	0.697	0.777	0.814	0.751	
Pop27	0.545	0.566	0.525	0.498	0.545	0.510	0.712	0.569	0.652	0.555	0.519	0.530	0.545	0.531	0.503	0.399	0.588	0.546	0.551	0.532	0.602	0.526	0.567	0.552	0.686	0.534	0.606	
CV error (K=28): 0.04836
Writing output files.
