****                   ADMIXTURE Version 1.3.0                  ****
****                    Copyright 2008-2015                     ****
****           David Alexander, Suyash Shringarpure,            ****
****                John  Novembre, Ken Lange                   ****
****                                                            ****
****                 Please cite our paper!                     ****
****   Information at www.genetics.ucla.edu/software/admixture  ****

Cross-validation will be performed.  Folds=10.
Parallel execution requested.  Will use 24 threads.
Random seed: 1884
Point estimation method: Block relaxation algorithm
Convergence acceleration algorithm: QuasiNewton, 3 secant conditions
Point estimation will terminate when objective function delta < 0.0001
Estimation of standard errors disabled; will compute point estimates only.
Size of G: 713x578311
Performing five EM steps to prime main algorithm
1 (EM) 	Elapsed: 14.034	Loglikelihood: -5.02976e+07	(delta): 6.12137e+08
2 (EM) 	Elapsed: 13.619	Loglikelihood: -4.61431e+07	(delta): 4.15449e+06
3 (EM) 	Elapsed: 12.576	Loglikelihood: -4.56805e+07	(delta): 462646
4 (EM) 	Elapsed: 13.247	Loglikelihood: -4.54389e+07	(delta): 241584
5 (EM) 	Elapsed: 13.099	Loglikelihood: -4.52804e+07	(delta): 158462
Initial loglikelihood: -4.52804e+07
Starting main algorithm
1 (QN/Block) 	Elapsed: 67.18	Loglikelihood: -3.66017e+07	(delta): 8.67872e+06
2 (QN/Block) 	Elapsed: 66.544	Loglikelihood: -3.2676e+07	(delta): 3.92568e+06
3 (QN/Block) 	Elapsed: 65.953	Loglikelihood: -3.15732e+07	(delta): 1.10282e+06
4 (QN/Block) 	Elapsed: 69.077	Loglikelihood: -3.02665e+07	(delta): 1.30666e+06
5 (QN/Block) 	Elapsed: 68.195	Loglikelihood: -2.86692e+07	(delta): 1.59731e+06
6 (QN/Block) 	Elapsed: 66.888	Loglikelihood: -2.82328e+07	(delta): 436440
7 (QN/Block) 	Elapsed: 65.573	Loglikelihood: -2.81978e+07	(delta): 34976.1
8 (QN/Block) 	Elapsed: 67.5	Loglikelihood: -2.81893e+07	(delta): 8467.23
9 (QN/Block) 	Elapsed: 68.174	Loglikelihood: -2.81876e+07	(delta): 1763.99
10 (QN/Block) 	Elapsed: 66.127	Loglikelihood: -2.81871e+07	(delta): 463.683
11 (QN/Block) 	Elapsed: 67.16	Loglikelihood: -2.8187e+07	(delta): 92.2438
12 (QN/Block) 	Elapsed: 68.589	Loglikelihood: -2.8187e+07	(delta): 7.2085
13 (QN/Block) 	Elapsed: 65.833	Loglikelihood: -2.8187e+07	(delta): 0.321979
14 (QN/Block) 	Elapsed: 68.037	Loglikelihood: -2.8187e+07	(delta): 0.0977746
15 (QN/Block) 	Elapsed: 67.101	Loglikelihood: -2.8187e+07	(delta): 0.00358928
16 (QN/Block) 	Elapsed: 66.609	Loglikelihood: -2.8187e+07	(delta): 6.77779e-05
Summary: 
Converged in 16 iterations (1145.78 sec)
Loglikelihood: -28187016.129893
Fst divergences between estimated populations: 
	Pop0	Pop1	
Pop0	
Pop1	0.494	
Pop2	0.551	0.281	
CV error (K=3): 0.07954
Writing output files.
