****                   ADMIXTURE Version 1.3.0                  ****
****                    Copyright 2008-2015                     ****
****           David Alexander, Suyash Shringarpure,            ****
****                John  Novembre, Ken Lange                   ****
****                                                            ****
****                 Please cite our paper!                     ****
****   Information at www.genetics.ucla.edu/software/admixture  ****

Cross-validation will be performed.  Folds=10.
Parallel execution requested.  Will use 24 threads.
Random seed: 1432
Point estimation method: Block relaxation algorithm
Convergence acceleration algorithm: QuasiNewton, 3 secant conditions
Point estimation will terminate when objective function delta < 0.0001
Estimation of standard errors disabled; will compute point estimates only.
Size of G: 713x578311
Performing five EM steps to prime main algorithm
1 (EM) 	Elapsed: 344.985	Loglikelihood: -5.28442e+07	(delta): 5.29889e+08
2 (EM) 	Elapsed: 341.409	Loglikelihood: -4.56547e+07	(delta): 7.18958e+06
3 (EM) 	Elapsed: 344.113	Loglikelihood: -4.49115e+07	(delta): 743124
4 (EM) 	Elapsed: 342.868	Loglikelihood: -4.44856e+07	(delta): 425975
5 (EM) 	Elapsed: 345.013	Loglikelihood: -4.41097e+07	(delta): 375863
Initial loglikelihood: -4.41097e+07
Starting main algorithm
1 (QN/Block) 	Elapsed: 448.994	Loglikelihood: -2.42873e+07	(delta): 1.98224e+07
2 (QN/Block) 	Elapsed: 449.115	Loglikelihood: -1.69672e+07	(delta): 7.32011e+06
3 (QN/Block) 	Elapsed: 453.474	Loglikelihood: -1.466e+07	(delta): 2.30724e+06
4 (QN/Block) 	Elapsed: 454.041	Loglikelihood: -1.34636e+07	(delta): 1.19634e+06
5 (QN/Block) 	Elapsed: 454.699	Loglikelihood: -1.28629e+07	(delta): 600747
6 (QN/Block) 	Elapsed: 450.826	Loglikelihood: -1.25363e+07	(delta): 326583
7 (QN/Block) 	Elapsed: 453.086	Loglikelihood: -1.24245e+07	(delta): 111799
8 (QN/Block) 	Elapsed: 451.563	Loglikelihood: -1.23812e+07	(delta): 43275.5
9 (QN/Block) 	Elapsed: 446.998	Loglikelihood: -1.23647e+07	(delta): 16563.9
10 (QN/Block) 	Elapsed: 454.122	Loglikelihood: -1.23561e+07	(delta): 8610.27
11 (QN/Block) 	Elapsed: 454.007	Loglikelihood: -1.23512e+07	(delta): 4898.62
12 (QN/Block) 	Elapsed: 455.768	Loglikelihood: -1.23454e+07	(delta): 5771.98
13 (QN/Block) 	Elapsed: 456.407	Loglikelihood: -1.23042e+07	(delta): 41242.8
14 (QN/Block) 	Elapsed: 456.245	Loglikelihood: -1.2294e+07	(delta): 10191.8
15 (QN/Block) 	Elapsed: 450.561	Loglikelihood: -1.22919e+07	(delta): 2080.41
16 (QN/Block) 	Elapsed: 455.058	Loglikelihood: -1.22901e+07	(delta): 1787.59
17 (QN/Block) 	Elapsed: 455.128	Loglikelihood: -1.22893e+07	(delta): 795.276
18 (QN/Block) 	Elapsed: 463.417	Loglikelihood: -1.22879e+07	(delta): 1386.69
19 (QN/Block) 	Elapsed: 456.399	Loglikelihood: -1.22853e+07	(delta): 2655.93
20 (QN/Block) 	Elapsed: 452.946	Loglikelihood: -1.22823e+07	(delta): 2997.96
21 (QN/Block) 	Elapsed: 458.802	Loglikelihood: -1.22807e+07	(delta): 1508.82
22 (QN/Block) 	Elapsed: 454.166	Loglikelihood: -1.22788e+07	(delta): 1934.38
23 (QN/Block) 	Elapsed: 453.798	Loglikelihood: -1.22749e+07	(delta): 3866.01
24 (QN/Block) 	Elapsed: 458.018	Loglikelihood: -1.22705e+07	(delta): 4410.37
25 (QN/Block) 	Elapsed: 457.07	Loglikelihood: -1.22684e+07	(delta): 2163.03
26 (QN/Block) 	Elapsed: 450.972	Loglikelihood: -1.22679e+07	(delta): 491.685
27 (QN/Block) 	Elapsed: 449.326	Loglikelihood: -1.22677e+07	(delta): 185.698
28 (QN/Block) 	Elapsed: 452.182	Loglikelihood: -1.22672e+07	(delta): 512.96
29 (QN/Block) 	Elapsed: 453.42	Loglikelihood: -1.22671e+07	(delta): 87.0699
30 (QN/Block) 	Elapsed: 448.563	Loglikelihood: -1.22671e+07	(delta): 37.4402
31 (QN/Block) 	Elapsed: 451.424	Loglikelihood: -1.2267e+07	(delta): 8.88123
32 (QN/Block) 	Elapsed: 450.492	Loglikelihood: -1.2267e+07	(delta): 0.963793
33 (QN/Block) 	Elapsed: 447.51	Loglikelihood: -1.2267e+07	(delta): 0.328349
34 (QN/Block) 	Elapsed: 454.999	Loglikelihood: -1.2267e+07	(delta): 0.115498
35 (QN/Block) 	Elapsed: 451.681	Loglikelihood: -1.2267e+07	(delta): 0.0837935
36 (QN/Block) 	Elapsed: 449.794	Loglikelihood: -1.2267e+07	(delta): 0.024331
37 (QN/Block) 	Elapsed: 451.306	Loglikelihood: -1.2267e+07	(delta): 0.0206607
38 (QN/Block) 	Elapsed: 452.008	Loglikelihood: -1.2267e+07	(delta): 0.00153338
39 (QN/Block) 	Elapsed: 450.141	Loglikelihood: -1.2267e+07	(delta): 0.000169881
40 (QN/Block) 	Elapsed: 443.321	Loglikelihood: -1.2267e+07	(delta): 6.13183e-06
Summary: 
Converged in 40 iterations (19859.6 sec)
Loglikelihood: -12267047.626328
Fst divergences between estimated populations: 
	Pop0	Pop1	Pop2	Pop3	Pop4	Pop5	Pop6	Pop7	Pop8	Pop9	Pop10	Pop11	Pop12	Pop13	Pop14	Pop15	Pop16	Pop17	Pop18	Pop19	Pop20	Pop21	Pop22	Pop23	
Pop0	
Pop1	0.198	
Pop2	0.763	0.787	
Pop3	0.799	0.813	0.819	
Pop4	0.557	0.590	0.817	0.827	
Pop5	0.532	0.548	0.730	0.779	0.649	
Pop6	0.836	0.852	0.854	0.719	0.863	0.815	
Pop7	0.318	0.307	0.763	0.799	0.544	0.546	0.835	
Pop8	0.456	0.480	0.790	0.813	0.423	0.600	0.849	0.446	
Pop9	0.751	0.763	0.774	0.619	0.779	0.733	0.493	0.751	0.765	
Pop10	0.385	0.403	0.746	0.788	0.564	0.544	0.823	0.401	0.490	0.742	
Pop11	0.206	0.145	0.762	0.799	0.558	0.530	0.836	0.277	0.451	0.750	0.378	
Pop12	0.648	0.662	0.675	0.742	0.694	0.626	0.771	0.651	0.672	0.705	0.645	0.648	
Pop13	0.189	0.165	0.784	0.811	0.597	0.552	0.849	0.288	0.493	0.761	0.404	0.197	0.661	
Pop14	0.571	0.597	0.776	0.802	0.620	0.622	0.835	0.575	0.581	0.758	0.560	0.570	0.673	0.598	
Pop15	0.563	0.608	0.803	0.819	0.624	0.641	0.854	0.580	0.588	0.773	0.556	0.577	0.688	0.607	0.575	
Pop16	0.491	0.499	0.570	0.655	0.545	0.472	0.681	0.498	0.521	0.622	0.499	0.491	0.517	0.500	0.535	0.542	
Pop17	0.292	0.299	0.688	0.755	0.494	0.469	0.789	0.333	0.426	0.711	0.332	0.285	0.602	0.308	0.508	0.512	0.461	
Pop18	0.601	0.615	0.683	0.742	0.659	0.573	0.771	0.606	0.631	0.704	0.600	0.600	0.599	0.615	0.637	0.652	0.492	0.551	
Pop19	0.593	0.604	0.640	0.705	0.641	0.576	0.733	0.596	0.619	0.669	0.593	0.592	0.570	0.605	0.622	0.637	0.482	0.554	0.563	
Pop20	0.528	0.544	0.726	0.776	0.644	0.122	0.812	0.542	0.596	0.730	0.541	0.526	0.623	0.547	0.618	0.637	0.470	0.466	0.569	0.574	
Pop21	0.479	0.503	0.736	0.779	0.508	0.563	0.812	0.491	0.487	0.736	0.478	0.485	0.641	0.506	0.458	0.417	0.504	0.436	0.600	0.594	0.559	
Pop22	0.239	0.202	0.736	0.783	0.519	0.510	0.819	0.233	0.425	0.737	0.355	0.155	0.632	0.223	0.543	0.544	0.481	0.279	0.584	0.577	0.507	0.459	
Pop23	0.319	0.326	0.748	0.790	0.468	0.537	0.826	0.305	0.357	0.744	0.396	0.304	0.642	0.334	0.548	0.555	0.492	0.328	0.597	0.590	0.534	0.456	0.227	
Pop24	0.612	0.627	0.694	0.746	0.669	0.579	0.774	0.617	0.643	0.708	0.611	0.612	0.615	0.626	0.647	0.661	0.498	0.565	0.579	0.579	0.576	0.610	0.596	0.609	
CV error (K=25): 0.04774
Writing output files.
