****                   ADMIXTURE Version 1.3.0                  ****
****                    Copyright 2008-2015                     ****
****           David Alexander, Suyash Shringarpure,            ****
****                John  Novembre, Ken Lange                   ****
****                                                            ****
****                 Please cite our paper!                     ****
****   Information at www.genetics.ucla.edu/software/admixture  ****

Cross-validation will be performed.  Folds=10.
Parallel execution requested.  Will use 24 threads.
Random seed: 1230
Point estimation method: Block relaxation algorithm
Convergence acceleration algorithm: QuasiNewton, 3 secant conditions
Point estimation will terminate when objective function delta < 0.0001
Estimation of standard errors disabled; will compute point estimates only.
Size of G: 713x578311
Performing five EM steps to prime main algorithm
1 (EM) 	Elapsed: 36.078	Loglikelihood: -5.22774e+07	(delta): 5.64198e+08
2 (EM) 	Elapsed: 36.586	Loglikelihood: -4.61859e+07	(delta): 6.09149e+06
3 (EM) 	Elapsed: 36.456	Loglikelihood: -4.5519e+07	(delta): 666929
4 (EM) 	Elapsed: 36.796	Loglikelihood: -4.51503e+07	(delta): 368678
5 (EM) 	Elapsed: 36.53	Loglikelihood: -4.48602e+07	(delta): 290147
Initial loglikelihood: -4.48602e+07
Starting main algorithm
1 (QN/Block) 	Elapsed: 138.985	Loglikelihood: -3.19632e+07	(delta): 1.28969e+07
2 (QN/Block) 	Elapsed: 134.905	Loglikelihood: -2.69471e+07	(delta): 5.01619e+06
3 (QN/Block) 	Elapsed: 128.675	Loglikelihood: -2.49273e+07	(delta): 2.01979e+06
4 (QN/Block) 	Elapsed: 129.457	Loglikelihood: -2.35299e+07	(delta): 1.3974e+06
5 (QN/Block) 	Elapsed: 128.855	Loglikelihood: -2.25923e+07	(delta): 937597
6 (QN/Block) 	Elapsed: 129.5	Loglikelihood: -2.23147e+07	(delta): 277585
7 (QN/Block) 	Elapsed: 132.03	Loglikelihood: -2.21565e+07	(delta): 158180
8 (QN/Block) 	Elapsed: 129.825	Loglikelihood: -2.20657e+07	(delta): 90770.3
9 (QN/Block) 	Elapsed: 130.004	Loglikelihood: -2.20332e+07	(delta): 32521.3
10 (QN/Block) 	Elapsed: 130.594	Loglikelihood: -2.20248e+07	(delta): 8445.16
11 (QN/Block) 	Elapsed: 131.8	Loglikelihood: -2.20222e+07	(delta): 2570.07
12 (QN/Block) 	Elapsed: 131.337	Loglikelihood: -2.20215e+07	(delta): 651.754
13 (QN/Block) 	Elapsed: 131.347	Loglikelihood: -2.20214e+07	(delta): 118.523
14 (QN/Block) 	Elapsed: 129.368	Loglikelihood: -2.20214e+07	(delta): 18.4818
15 (QN/Block) 	Elapsed: 130.173	Loglikelihood: -2.20214e+07	(delta): 0.933316
16 (QN/Block) 	Elapsed: 129.209	Loglikelihood: -2.20214e+07	(delta): 0.015831
17 (QN/Block) 	Elapsed: 130.487	Loglikelihood: -2.20214e+07	(delta): 0.00090785
18 (QN/Block) 	Elapsed: 131.05	Loglikelihood: -2.20214e+07	(delta): 0.000100251
19 (QN/Block) 	Elapsed: 129.689	Loglikelihood: -2.20214e+07	(delta): 7.98516e-05
Summary: 
Converged in 19 iterations (2677.08 sec)
Loglikelihood: -22021406.452859
Fst divergences between estimated populations: 
	Pop0	Pop1	Pop2	Pop3	Pop4	
Pop0	
Pop1	0.409	
Pop2	0.700	0.589	
Pop3	0.267	0.412	0.724	
Pop4	0.464	0.407	0.719	0.464	
Pop5	0.683	0.575	0.565	0.705	0.701	
CV error (K=6): 0.06594
Writing output files.
