****                   ADMIXTURE Version 1.3.0                  ****
****                    Copyright 2008-2015                     ****
****           David Alexander, Suyash Shringarpure,            ****
****                John  Novembre, Ken Lange                   ****
****                                                            ****
****                 Please cite our paper!                     ****
****   Information at www.genetics.ucla.edu/software/admixture  ****

Cross-validation will be performed.  Folds=10.
Parallel execution requested.  Will use 24 threads.
Random seed: 1468
Point estimation method: Block relaxation algorithm
Convergence acceleration algorithm: QuasiNewton, 3 secant conditions
Point estimation will terminate when objective function delta < 0.0001
Estimation of standard errors disabled; will compute point estimates only.
Size of G: 713x578311
Performing five EM steps to prime main algorithm
1 (EM) 	Elapsed: 8.986	Loglikelihood: -4.84353e+07	(delta): 6.57093e+08
2 (EM) 	Elapsed: 8.401	Loglikelihood: -4.60837e+07	(delta): 2.35161e+06
3 (EM) 	Elapsed: 8.632	Loglikelihood: -4.57953e+07	(delta): 288452
4 (EM) 	Elapsed: 8.737	Loglikelihood: -4.5648e+07	(delta): 147248
5 (EM) 	Elapsed: 8.605	Loglikelihood: -4.5567e+07	(delta): 81010.4
Initial loglikelihood: -4.5567e+07
Starting main algorithm
1 (QN/Block) 	Elapsed: 39.395	Loglikelihood: -4.36042e+07	(delta): 1.96282e+06
2 (QN/Block) 	Elapsed: 38.846	Loglikelihood: -4.01448e+07	(delta): 3.45934e+06
3 (QN/Block) 	Elapsed: 40.6	Loglikelihood: -3.77374e+07	(delta): 2.40745e+06
4 (QN/Block) 	Elapsed: 39.348	Loglikelihood: -3.54037e+07	(delta): 2.33371e+06
5 (QN/Block) 	Elapsed: 40.697	Loglikelihood: -3.42895e+07	(delta): 1.11414e+06
6 (QN/Block) 	Elapsed: 39.996	Loglikelihood: -3.41497e+07	(delta): 139852
7 (QN/Block) 	Elapsed: 39.317	Loglikelihood: -3.40539e+07	(delta): 95823.6
8 (QN/Block) 	Elapsed: 38.231	Loglikelihood: -3.3989e+07	(delta): 64854.4
9 (QN/Block) 	Elapsed: 40.46	Loglikelihood: -3.39782e+07	(delta): 10769.5
10 (QN/Block) 	Elapsed: 39.83	Loglikelihood: -3.39776e+07	(delta): 648.148
11 (QN/Block) 	Elapsed: 38.5	Loglikelihood: -3.39775e+07	(delta): 50.2118
12 (QN/Block) 	Elapsed: 39.172	Loglikelihood: -3.39775e+07	(delta): 13.344
13 (QN/Block) 	Elapsed: 39.354	Loglikelihood: -3.39775e+07	(delta): 2.76827
14 (QN/Block) 	Elapsed: 39.237	Loglikelihood: -3.39775e+07	(delta): 0.466528
15 (QN/Block) 	Elapsed: 40.23	Loglikelihood: -3.39775e+07	(delta): 0.265938
16 (QN/Block) 	Elapsed: 40.431	Loglikelihood: -3.39775e+07	(delta): 0.0177698
17 (QN/Block) 	Elapsed: 38.697	Loglikelihood: -3.39775e+07	(delta): 0.00304165
18 (QN/Block) 	Elapsed: 38.89	Loglikelihood: -3.39775e+07	(delta): 0.000601552
19 (QN/Block) 	Elapsed: 39.368	Loglikelihood: -3.39775e+07	(delta): 2.85506e-05
Summary: 
Converged in 19 iterations (799.411 sec)
Loglikelihood: -33977520.893792
Fst divergences between estimated populations: 
	Pop0	
Pop0	
Pop1	0.335	
CV error (K=2): 0.09289
Writing output files.
