****                   ADMIXTURE Version 1.3.0                  ****
****                    Copyright 2008-2015                     ****
****           David Alexander, Suyash Shringarpure,            ****
****                John  Novembre, Ken Lange                   ****
****                                                            ****
****                 Please cite our paper!                     ****
****   Information at www.genetics.ucla.edu/software/admixture  ****

Cross-validation will be performed.  Folds=10.
Parallel execution requested.  Will use 24 threads.
Random seed: 1830
Point estimation method: Block relaxation algorithm
Convergence acceleration algorithm: QuasiNewton, 3 secant conditions
Point estimation will terminate when objective function delta < 0.0001
Estimation of standard errors disabled; will compute point estimates only.
Size of G: 713x578311
Performing five EM steps to prime main algorithm
1 (EM) 	Elapsed: 8.318	Loglikelihood: -4.84389e+07	(delta): 6.57588e+08
2 (EM) 	Elapsed: 8.493	Loglikelihood: -4.60706e+07	(delta): 2.36829e+06
3 (EM) 	Elapsed: 8.309	Loglikelihood: -4.57739e+07	(delta): 296706
4 (EM) 	Elapsed: 8.566	Loglikelihood: -4.56261e+07	(delta): 147741
5 (EM) 	Elapsed: 8.523	Loglikelihood: -4.55477e+07	(delta): 78477.4
Initial loglikelihood: -4.55477e+07
Starting main algorithm
1 (QN/Block) 	Elapsed: 41.374	Loglikelihood: -4.3441e+07	(delta): 2.10665e+06
2 (QN/Block) 	Elapsed: 42.469	Loglikelihood: -4.1176e+07	(delta): 2.26505e+06
3 (QN/Block) 	Elapsed: 40.429	Loglikelihood: -3.87253e+07	(delta): 2.45066e+06
4 (QN/Block) 	Elapsed: 44.346	Loglikelihood: -3.56911e+07	(delta): 3.03417e+06
5 (QN/Block) 	Elapsed: 41.983	Loglikelihood: -3.42743e+07	(delta): 1.41688e+06
6 (QN/Block) 	Elapsed: 42.435	Loglikelihood: -3.40214e+07	(delta): 252885
7 (QN/Block) 	Elapsed: 40.783	Loglikelihood: -3.39862e+07	(delta): 35153.2
8 (QN/Block) 	Elapsed: 41.821	Loglikelihood: -3.39798e+07	(delta): 6382.65
9 (QN/Block) 	Elapsed: 40.819	Loglikelihood: -3.39779e+07	(delta): 1894.66
10 (QN/Block) 	Elapsed: 41.379	Loglikelihood: -3.39776e+07	(delta): 395.878
11 (QN/Block) 	Elapsed: 41.026	Loglikelihood: -3.39775e+07	(delta): 29.0004
12 (QN/Block) 	Elapsed: 41.382	Loglikelihood: -3.39775e+07	(delta): 1.35754
13 (QN/Block) 	Elapsed: 42.765	Loglikelihood: -3.39775e+07	(delta): 0.394633
14 (QN/Block) 	Elapsed: 41.001	Loglikelihood: -3.39775e+07	(delta): 0.269467
15 (QN/Block) 	Elapsed: 40.417	Loglikelihood: -3.39775e+07	(delta): 0.000496559
16 (QN/Block) 	Elapsed: 42.449	Loglikelihood: -3.39775e+07	(delta): 9.97931e-05
Summary: 
Converged in 16 iterations (713.859 sec)
Loglikelihood: -33977520.880155
Fst divergences between estimated populations: 
	Pop0	
Pop0	
Pop1	0.335	
CV error (K=2): 0.09288
Writing output files.
