****                   ADMIXTURE Version 1.3.0                  ****
****                    Copyright 2008-2015                     ****
****           David Alexander, Suyash Shringarpure,            ****
****                John  Novembre, Ken Lange                   ****
****                                                            ****
****                 Please cite our paper!                     ****
****   Information at www.genetics.ucla.edu/software/admixture  ****

Cross-validation will be performed.  Folds=10.
Parallel execution requested.  Will use 24 threads.
Random seed: 1553
Point estimation method: Block relaxation algorithm
Convergence acceleration algorithm: QuasiNewton, 3 secant conditions
Point estimation will terminate when objective function delta < 0.0001
Estimation of standard errors disabled; will compute point estimates only.
Size of G: 713x578311
Performing five EM steps to prime main algorithm
1 (EM) 	Elapsed: 230.253	Loglikelihood: -5.28169e+07	(delta): 5.34143e+08
2 (EM) 	Elapsed: 230.285	Loglikelihood: -4.57882e+07	(delta): 7.02869e+06
3 (EM) 	Elapsed: 240.826	Loglikelihood: -4.50687e+07	(delta): 719532
4 (EM) 	Elapsed: 233.519	Loglikelihood: -4.46655e+07	(delta): 403162
5 (EM) 	Elapsed: 229.765	Loglikelihood: -4.43192e+07	(delta): 346317
Initial loglikelihood: -4.43192e+07
Starting main algorithm
1 (QN/Block) 	Elapsed: 364.076	Loglikelihood: -2.58336e+07	(delta): 1.84855e+07
2 (QN/Block) 	Elapsed: 359.363	Loglikelihood: -1.86862e+07	(delta): 7.14744e+06
3 (QN/Block) 	Elapsed: 364.96	Loglikelihood: -1.66712e+07	(delta): 2.01496e+06
4 (QN/Block) 	Elapsed: 360.31	Loglikelihood: -1.54563e+07	(delta): 1.21496e+06
5 (QN/Block) 	Elapsed: 361.448	Loglikelihood: -1.45593e+07	(delta): 896969
6 (QN/Block) 	Elapsed: 358.059	Loglikelihood: -1.39159e+07	(delta): 643451
7 (QN/Block) 	Elapsed: 362.571	Loglikelihood: -1.36992e+07	(delta): 216701
8 (QN/Block) 	Elapsed: 363.344	Loglikelihood: -1.36409e+07	(delta): 58287.7
9 (QN/Block) 	Elapsed: 361.245	Loglikelihood: -1.36255e+07	(delta): 15368.6
10 (QN/Block) 	Elapsed: 360.323	Loglikelihood: -1.36197e+07	(delta): 5855.79
11 (QN/Block) 	Elapsed: 362.876	Loglikelihood: -1.36167e+07	(delta): 2901.98
12 (QN/Block) 	Elapsed: 361.381	Loglikelihood: -1.36158e+07	(delta): 926.386
13 (QN/Block) 	Elapsed: 361.056	Loglikelihood: -1.36153e+07	(delta): 520.277
14 (QN/Block) 	Elapsed: 358.983	Loglikelihood: -1.36149e+07	(delta): 376.928
15 (QN/Block) 	Elapsed: 360.836	Loglikelihood: -1.36154e+07	(delta): -485.632
16 (QN/Block) 	Elapsed: 359.602	Loglikelihood: -1.36143e+07	(delta): 1146.32
17 (QN/Block) 	Elapsed: 355.773	Loglikelihood: -1.36137e+07	(delta): 555.933
18 (QN/Block) 	Elapsed: 357.826	Loglikelihood: -1.36136e+07	(delta): 95.506
19 (QN/Block) 	Elapsed: 366.302	Loglikelihood: -1.36136e+07	(delta): 5.74076
20 (QN/Block) 	Elapsed: 383.98	Loglikelihood: -1.36136e+07	(delta): 0.962403
21 (QN/Block) 	Elapsed: 370.843	Loglikelihood: -1.36136e+07	(delta): 0.129567
22 (QN/Block) 	Elapsed: 371.365	Loglikelihood: -1.36136e+07	(delta): 0.028438
23 (QN/Block) 	Elapsed: 385.513	Loglikelihood: -1.36136e+07	(delta): 0.00233191
24 (QN/Block) 	Elapsed: 358.922	Loglikelihood: -1.36136e+07	(delta): 0.000617525
25 (QN/Block) 	Elapsed: 381.956	Loglikelihood: -1.36136e+07	(delta): 2.51047e-05
Summary: 
Converged in 25 iterations (10290.2 sec)
Loglikelihood: -13613607.219415
Fst divergences between estimated populations: 
	Pop0	Pop1	Pop2	Pop3	Pop4	Pop5	Pop6	Pop7	Pop8	Pop9	Pop10	Pop11	Pop12	Pop13	Pop14	Pop15	Pop16	
Pop0	
Pop1	0.796	
Pop2	0.808	0.508	
Pop3	0.747	0.363	0.339	
Pop4	0.742	0.612	0.639	0.559	
Pop5	0.749	0.389	0.481	0.368	0.544	
Pop6	0.587	0.408	0.435	0.383	0.407	0.362	
Pop7	0.808	0.443	0.566	0.418	0.610	0.279	0.389	
Pop8	0.746	0.624	0.649	0.570	0.579	0.558	0.417	0.621	
Pop9	0.814	0.752	0.776	0.677	0.676	0.670	0.466	0.766	0.687	
Pop10	0.719	0.832	0.843	0.779	0.771	0.783	0.610	0.845	0.774	0.848	
Pop11	0.810	0.439	0.572	0.417	0.612	0.279	0.389	0.135	0.624	0.771	0.849	
Pop12	0.770	0.551	0.603	0.487	0.561	0.443	0.364	0.520	0.567	0.705	0.806	0.520	
Pop13	0.786	0.390	0.522	0.389	0.587	0.271	0.381	0.207	0.599	0.730	0.822	0.184	0.494	
Pop14	0.784	0.309	0.518	0.376	0.589	0.303	0.387	0.303	0.601	0.728	0.819	0.305	0.506	0.223	
Pop15	0.763	0.353	0.455	0.349	0.560	0.231	0.367	0.197	0.572	0.692	0.797	0.197	0.457	0.186	0.240	
Pop16	0.705	0.602	0.626	0.559	0.563	0.548	0.401	0.601	0.579	0.634	0.733	0.601	0.566	0.580	0.583	0.559	
Pop17	0.619	0.750	0.763	0.706	0.704	0.706	0.556	0.758	0.708	0.768	0.493	0.760	0.725	0.739	0.738	0.718	0.669	
CV error (K=18): 0.04947
Writing output files.
