****                   ADMIXTURE Version 1.3.0                  ****
****                    Copyright 2008-2015                     ****
****           David Alexander, Suyash Shringarpure,            ****
****                John  Novembre, Ken Lange                   ****
****                                                            ****
****                 Please cite our paper!                     ****
****   Information at www.genetics.ucla.edu/software/admixture  ****

Cross-validation will be performed.  Folds=10.
Parallel execution requested.  Will use 24 threads.
Random seed: 1884
Point estimation method: Block relaxation algorithm
Convergence acceleration algorithm: QuasiNewton, 3 secant conditions
Point estimation will terminate when objective function delta < 0.0001
Estimation of standard errors disabled; will compute point estimates only.
Size of G: 713x578311
Performing five EM steps to prime main algorithm
1 (EM) 	Elapsed: 347.668	Loglikelihood: -5.28239e+07	(delta): 5.2928e+08
2 (EM) 	Elapsed: 338.28	Loglikelihood: -4.55991e+07	(delta): 7.22476e+06
3 (EM) 	Elapsed: 340.663	Loglikelihood: -4.48345e+07	(delta): 764648
4 (EM) 	Elapsed: 365.704	Loglikelihood: -4.4391e+07	(delta): 443487
5 (EM) 	Elapsed: 340.183	Loglikelihood: -4.40024e+07	(delta): 388613
Initial loglikelihood: -4.40024e+07
Starting main algorithm
1 (QN/Block) 	Elapsed: 475.252	Loglikelihood: -2.38129e+07	(delta): 2.01895e+07
2 (QN/Block) 	Elapsed: 481.409	Loglikelihood: -1.64521e+07	(delta): 7.3608e+06
3 (QN/Block) 	Elapsed: 485.478	Loglikelihood: -1.44872e+07	(delta): 1.96493e+06
4 (QN/Block) 	Elapsed: 487.015	Loglikelihood: -1.33787e+07	(delta): 1.10847e+06
5 (QN/Block) 	Elapsed: 477.554	Loglikelihood: -1.27611e+07	(delta): 617556
6 (QN/Block) 	Elapsed: 482.295	Loglikelihood: -1.23778e+07	(delta): 383341
7 (QN/Block) 	Elapsed: 487.351	Loglikelihood: -1.21101e+07	(delta): 267736
8 (QN/Block) 	Elapsed: 482.126	Loglikelihood: -1.20397e+07	(delta): 70410.4
9 (QN/Block) 	Elapsed: 483.987	Loglikelihood: -1.20181e+07	(delta): 21535.7
10 (QN/Block) 	Elapsed: 486.559	Loglikelihood: -1.20099e+07	(delta): 8231.19
11 (QN/Block) 	Elapsed: 490.076	Loglikelihood: -1.20066e+07	(delta): 3245.51
12 (QN/Block) 	Elapsed: 472.38	Loglikelihood: -1.20054e+07	(delta): 1249.53
13 (QN/Block) 	Elapsed: 472.977	Loglikelihood: -1.20051e+07	(delta): 271.413
14 (QN/Block) 	Elapsed: 476.717	Loglikelihood: -1.2005e+07	(delta): 97.2089
15 (QN/Block) 	Elapsed: 487.838	Loglikelihood: -1.2005e+07	(delta): 46.9246
16 (QN/Block) 	Elapsed: 482.409	Loglikelihood: -1.20046e+07	(delta): 371.652
17 (QN/Block) 	Elapsed: 483.741	Loglikelihood: -1.20039e+07	(delta): 711.091
18 (QN/Block) 	Elapsed: 489.07	Loglikelihood: -1.19435e+07	(delta): 60369.4
19 (QN/Block) 	Elapsed: 485.22	Loglikelihood: -1.19164e+07	(delta): 27156
20 (QN/Block) 	Elapsed: 482.113	Loglikelihood: -1.19131e+07	(delta): 3293.51
21 (QN/Block) 	Elapsed: 485.583	Loglikelihood: -1.19125e+07	(delta): 563.982
22 (QN/Block) 	Elapsed: 484.874	Loglikelihood: -1.19138e+07	(delta): -1302.75
23 (QN/Block) 	Elapsed: 480.527	Loglikelihood: -1.1911e+07	(delta): 2775.62
24 (QN/Block) 	Elapsed: 483.139	Loglikelihood: -1.19105e+07	(delta): 578.631
25 (QN/Block) 	Elapsed: 483.153	Loglikelihood: -1.19104e+07	(delta): 81.2713
26 (QN/Block) 	Elapsed: 482.295	Loglikelihood: -1.19104e+07	(delta): 4.56079
27 (QN/Block) 	Elapsed: 479.156	Loglikelihood: -1.19104e+07	(delta): 2.08619
28 (QN/Block) 	Elapsed: 482.76	Loglikelihood: -1.19104e+07	(delta): 0.446974
29 (QN/Block) 	Elapsed: 486.347	Loglikelihood: -1.19104e+07	(delta): 0.0654166
30 (QN/Block) 	Elapsed: 487.543	Loglikelihood: -1.19104e+07	(delta): 0.00483302
31 (QN/Block) 	Elapsed: 482.81	Loglikelihood: -1.19104e+07	(delta): 0.00260113
32 (QN/Block) 	Elapsed: 485.697	Loglikelihood: -1.19104e+07	(delta): 0.00013751
33 (QN/Block) 	Elapsed: 480.976	Loglikelihood: -1.19104e+07	(delta): 0.000101665
34 (QN/Block) 	Elapsed: 482.488	Loglikelihood: -1.19104e+07	(delta): 0.000101037
35 (QN/Block) 	Elapsed: 483.601	Loglikelihood: -1.19104e+07	(delta): 9.87202e-06
Summary: 
Converged in 35 iterations (18661.3 sec)
Loglikelihood: -11910375.862804
Fst divergences between estimated populations: 
	Pop0	Pop1	Pop2	Pop3	Pop4	Pop5	Pop6	Pop7	Pop8	Pop9	Pop10	Pop11	Pop12	Pop13	Pop14	Pop15	Pop16	Pop17	Pop18	Pop19	Pop20	Pop21	Pop22	Pop23	Pop24	
Pop0	
Pop1	0.768	
Pop2	0.712	0.722	
Pop3	0.753	0.779	0.737	
Pop4	0.798	0.856	0.774	0.799	
Pop5	0.699	0.657	0.640	0.735	0.772	
Pop6	0.677	0.512	0.618	0.718	0.745	0.495	
Pop7	0.745	0.418	0.693	0.764	0.830	0.609	0.441	
Pop8	0.717	0.579	0.670	0.743	0.784	0.599	0.492	0.540	
Pop9	0.822	0.863	0.808	0.493	0.877	0.817	0.797	0.848	0.817	
Pop10	0.729	0.577	0.673	0.755	0.816	0.555	0.326	0.471	0.546	0.841	
Pop11	0.758	0.786	0.393	0.770	0.829	0.705	0.678	0.759	0.724	0.844	0.742	
Pop12	0.705	0.505	0.654	0.735	0.771	0.570	0.447	0.482	0.427	0.811	0.494	0.711	
Pop13	0.709	0.466	0.654	0.740	0.786	0.542	0.335	0.353	0.509	0.822	0.302	0.717	0.452	
Pop14	0.707	0.553	0.654	0.739	0.783	0.544	0.324	0.478	0.535	0.820	0.316	0.716	0.489	0.323	
Pop15	0.642	0.640	0.604	0.669	0.684	0.581	0.562	0.618	0.605	0.733	0.599	0.645	0.593	0.586	0.588	
Pop16	0.729	0.570	0.672	0.755	0.817	0.550	0.304	0.463	0.541	0.842	0.190	0.741	0.486	0.314	0.315	0.597	
Pop17	0.672	0.669	0.625	0.708	0.722	0.585	0.574	0.642	0.627	0.774	0.619	0.672	0.609	0.605	0.606	0.579	0.617	
Pop18	0.793	0.827	0.777	0.619	0.844	0.781	0.763	0.812	0.785	0.719	0.804	0.812	0.778	0.787	0.785	0.705	0.804	0.746	
Pop19	0.742	0.595	0.686	0.764	0.836	0.565	0.318	0.482	0.559	0.853	0.194	0.758	0.504	0.324	0.322	0.606	0.165	0.629	0.815	
Pop20	0.796	0.840	0.559	0.797	0.876	0.756	0.726	0.813	0.769	0.874	0.798	0.660	0.756	0.768	0.766	0.677	0.799	0.709	0.841	0.819	
Pop21	0.710	0.533	0.661	0.739	0.778	0.578	0.442	0.496	0.477	0.815	0.491	0.717	0.365	0.459	0.487	0.599	0.480	0.616	0.782	0.506	0.762	
Pop22	0.615	0.602	0.565	0.653	0.653	0.536	0.517	0.576	0.571	0.717	0.554	0.608	0.554	0.543	0.545	0.499	0.551	0.542	0.689	0.560	0.641	0.560	
Pop23	0.775	0.817	0.739	0.774	0.852	0.735	0.701	0.789	0.749	0.854	0.771	0.795	0.735	0.743	0.741	0.640	0.771	0.694	0.819	0.790	0.842	0.741	0.574	
Pop24	0.695	0.649	0.634	0.733	0.769	0.164	0.483	0.599	0.591	0.815	0.541	0.700	0.561	0.530	0.532	0.576	0.536	0.579	0.780	0.551	0.752	0.569	0.530	0.731	
Pop25	0.710	0.532	0.654	0.742	0.790	0.533	0.306	0.431	0.518	0.825	0.213	0.719	0.466	0.249	0.293	0.583	0.231	0.603	0.789	0.193	0.772	0.463	0.540	0.746	0.520	
CV error (K=26): 0.04751
Writing output files.
