****                   ADMIXTURE Version 1.3.0                  ****
****                    Copyright 2008-2015                     ****
****           David Alexander, Suyash Shringarpure,            ****
****                John  Novembre, Ken Lange                   ****
****                                                            ****
****                 Please cite our paper!                     ****
****   Information at www.genetics.ucla.edu/software/admixture  ****

Cross-validation will be performed.  Folds=10.
Parallel execution requested.  Will use 24 threads.
Random seed: 1884
Point estimation method: Block relaxation algorithm
Convergence acceleration algorithm: QuasiNewton, 3 secant conditions
Point estimation will terminate when objective function delta < 0.0001
Estimation of standard errors disabled; will compute point estimates only.
Size of G: 713x578311
Performing five EM steps to prime main algorithm
1 (EM) 	Elapsed: 42.564	Loglikelihood: -5.23965e+07	(delta): 5.58003e+08
2 (EM) 	Elapsed: 43.197	Loglikelihood: -4.6142e+07	(delta): 6.25454e+06
3 (EM) 	Elapsed: 43.715	Loglikelihood: -4.5462e+07	(delta): 679983
4 (EM) 	Elapsed: 41.612	Loglikelihood: -4.50921e+07	(delta): 369903
5 (EM) 	Elapsed: 41.519	Loglikelihood: -4.48092e+07	(delta): 282919
Initial loglikelihood: -4.48092e+07
Starting main algorithm
1 (QN/Block) 	Elapsed: 128.24	Loglikelihood: -3.16447e+07	(delta): 1.31644e+07
2 (QN/Block) 	Elapsed: 128.833	Loglikelihood: -2.44306e+07	(delta): 7.21414e+06
3 (QN/Block) 	Elapsed: 130.895	Loglikelihood: -2.25108e+07	(delta): 1.91977e+06
4 (QN/Block) 	Elapsed: 130.714	Loglikelihood: -2.08329e+07	(delta): 1.67791e+06
5 (QN/Block) 	Elapsed: 131.431	Loglikelihood: -1.99822e+07	(delta): 850700
6 (QN/Block) 	Elapsed: 130.208	Loglikelihood: -1.97023e+07	(delta): 279905
7 (QN/Block) 	Elapsed: 130.762	Loglikelihood: -1.96048e+07	(delta): 97556.2
8 (QN/Block) 	Elapsed: 129.154	Loglikelihood: -1.95682e+07	(delta): 36535
9 (QN/Block) 	Elapsed: 130.312	Loglikelihood: -1.95526e+07	(delta): 15613.5
10 (QN/Block) 	Elapsed: 130.699	Loglikelihood: -1.95469e+07	(delta): 5714.4
11 (QN/Block) 	Elapsed: 128.205	Loglikelihood: -1.95435e+07	(delta): 3382.9
12 (QN/Block) 	Elapsed: 129.644	Loglikelihood: -1.95405e+07	(delta): 3032.29
13 (QN/Block) 	Elapsed: 133.471	Loglikelihood: -1.95393e+07	(delta): 1184.63
14 (QN/Block) 	Elapsed: 129.681	Loglikelihood: -1.95391e+07	(delta): 226.028
15 (QN/Block) 	Elapsed: 129.785	Loglikelihood: -1.95391e+07	(delta): 7.59319
16 (QN/Block) 	Elapsed: 129.631	Loglikelihood: -1.95391e+07	(delta): 1.36592
17 (QN/Block) 	Elapsed: 130.307	Loglikelihood: -1.95391e+07	(delta): 0.125286
18 (QN/Block) 	Elapsed: 128.923	Loglikelihood: -1.95391e+07	(delta): 0.00130026
19 (QN/Block) 	Elapsed: 131.12	Loglikelihood: -1.95391e+07	(delta): 0.00100347
20 (QN/Block) 	Elapsed: 130.397	Loglikelihood: -1.95391e+07	(delta): 0.000106297
21 (QN/Block) 	Elapsed: 132.801	Loglikelihood: -1.95391e+07	(delta): 5.92545e-05
Summary: 
Converged in 21 iterations (2954.45 sec)
Loglikelihood: -19539067.304133
Fst divergences between estimated populations: 
	Pop0	Pop1	Pop2	Pop3	Pop4	Pop5	
Pop0	
Pop1	0.485	
Pop2	0.264	0.296	
Pop3	0.301	0.478	0.242	
Pop4	0.567	0.562	0.373	0.585	
Pop5	0.638	0.642	0.486	0.653	0.634	
Pop6	0.539	0.540	0.363	0.550	0.547	0.594	
CV error (K=7): 0.06080
Writing output files.
