****                   ADMIXTURE Version 1.3.0                  ****
****                    Copyright 2008-2015                     ****
****           David Alexander, Suyash Shringarpure,            ****
****                John  Novembre, Ken Lange                   ****
****                                                            ****
****                 Please cite our paper!                     ****
****   Information at www.genetics.ucla.edu/software/admixture  ****

Cross-validation will be performed.  Folds=10.
Parallel execution requested.  Will use 24 threads.
Random seed: 1884
Point estimation method: Block relaxation algorithm
Convergence acceleration algorithm: QuasiNewton, 3 secant conditions
Point estimation will terminate when objective function delta < 0.0001
Estimation of standard errors disabled; will compute point estimates only.
Size of G: 713x578311
Performing five EM steps to prime main algorithm
1 (EM) 	Elapsed: 374.047	Loglikelihood: -5.27849e+07	(delta): 5.27996e+08
2 (EM) 	Elapsed: 374.287	Loglikelihood: -4.5481e+07	(delta): 7.30396e+06
3 (EM) 	Elapsed: 371.652	Loglikelihood: -4.46837e+07	(delta): 797304
4 (EM) 	Elapsed: 374.319	Loglikelihood: -4.42038e+07	(delta): 479863
5 (EM) 	Elapsed: 372.962	Loglikelihood: -4.37704e+07	(delta): 433382
Initial loglikelihood: -4.37704e+07
Starting main algorithm
1 (QN/Block) 	Elapsed: 527.193	Loglikelihood: -2.33681e+07	(delta): 2.04023e+07
2 (QN/Block) 	Elapsed: 527.646	Loglikelihood: -1.61788e+07	(delta): 7.18926e+06
3 (QN/Block) 	Elapsed: 535.538	Loglikelihood: -1.40741e+07	(delta): 2.10471e+06
4 (QN/Block) 	Elapsed: 534.192	Loglikelihood: -1.28127e+07	(delta): 1.26142e+06
5 (QN/Block) 	Elapsed: 532.112	Loglikelihood: -1.21641e+07	(delta): 648615
6 (QN/Block) 	Elapsed: 533.945	Loglikelihood: -1.19227e+07	(delta): 241358
7 (QN/Block) 	Elapsed: 533.03	Loglikelihood: -1.18276e+07	(delta): 95157.9
8 (QN/Block) 	Elapsed: 533.848	Loglikelihood: -1.18001e+07	(delta): 27432.8
9 (QN/Block) 	Elapsed: 533.648	Loglikelihood: -1.1782e+07	(delta): 18185.9
10 (QN/Block) 	Elapsed: 532.581	Loglikelihood: -1.17661e+07	(delta): 15891.3
11 (QN/Block) 	Elapsed: 530.013	Loglikelihood: -1.17543e+07	(delta): 11778
12 (QN/Block) 	Elapsed: 532.659	Loglikelihood: -1.1752e+07	(delta): 2273.28
13 (QN/Block) 	Elapsed: 529.254	Loglikelihood: -1.17507e+07	(delta): 1353.94
14 (QN/Block) 	Elapsed: 533.321	Loglikelihood: -1.17495e+07	(delta): 1112.94
15 (QN/Block) 	Elapsed: 530.056	Loglikelihood: -1.17393e+07	(delta): 10256.3
16 (QN/Block) 	Elapsed: 533.984	Loglikelihood: -1.17383e+07	(delta): 1027.29
17 (QN/Block) 	Elapsed: 535.65	Loglikelihood: -1.17381e+07	(delta): 177.299
18 (QN/Block) 	Elapsed: 530.592	Loglikelihood: -1.1738e+07	(delta): 39.9043
19 (QN/Block) 	Elapsed: 534.054	Loglikelihood: -1.1738e+07	(delta): 13.922
20 (QN/Block) 	Elapsed: 533.737	Loglikelihood: -1.1738e+07	(delta): 1.83346
21 (QN/Block) 	Elapsed: 534.449	Loglikelihood: -1.1738e+07	(delta): 0.156965
22 (QN/Block) 	Elapsed: 537.946	Loglikelihood: -1.1738e+07	(delta): 0.070826
23 (QN/Block) 	Elapsed: 531.964	Loglikelihood: -1.1738e+07	(delta): 0.0583884
24 (QN/Block) 	Elapsed: 532.932	Loglikelihood: -1.1738e+07	(delta): 0.00312576
25 (QN/Block) 	Elapsed: 530.591	Loglikelihood: -1.1738e+07	(delta): 0.000751417
26 (QN/Block) 	Elapsed: 532.489	Loglikelihood: -1.1738e+07	(delta): 2.21729e-05
Summary: 
Converged in 26 iterations (15739.4 sec)
Loglikelihood: -11738024.757555
Fst divergences between estimated populations: 
	Pop0	Pop1	Pop2	Pop3	Pop4	Pop5	Pop6	Pop7	Pop8	Pop9	Pop10	Pop11	Pop12	Pop13	Pop14	Pop15	Pop16	Pop17	Pop18	Pop19	Pop20	Pop21	Pop22	Pop23	Pop24	Pop25	Pop26	Pop27	Pop28	
Pop0	
Pop1	0.424	
Pop2	0.629	0.634	
Pop3	0.868	0.861	0.872	
Pop4	0.802	0.797	0.807	0.753	
Pop5	0.543	0.541	0.667	0.862	0.801	
Pop6	0.584	0.594	0.328	0.854	0.790	0.631	
Pop7	0.756	0.752	0.761	0.546	0.620	0.758	0.744	
Pop8	0.621	0.624	0.621	0.797	0.746	0.639	0.595	0.709	
Pop9	0.881	0.872	0.885	0.521	0.767	0.873	0.866	0.556	0.806	
Pop10	0.296	0.433	0.638	0.883	0.813	0.560	0.586	0.765	0.627	0.896	
Pop11	0.682	0.681	0.691	0.807	0.756	0.692	0.670	0.720	0.640	0.817	0.691	
Pop12	0.429	0.492	0.677	0.884	0.818	0.610	0.631	0.771	0.646	0.897	0.417	0.704	
Pop13	0.349	0.366	0.547	0.822	0.760	0.491	0.510	0.717	0.572	0.833	0.318	0.636	0.389	
Pop14	0.286	0.426	0.639	0.881	0.812	0.561	0.588	0.764	0.627	0.894	0.150	0.691	0.419	0.320	
Pop15	0.435	0.444	0.568	0.810	0.752	0.345	0.536	0.713	0.577	0.820	0.437	0.635	0.492	0.399	0.441	
Pop16	0.323	0.418	0.606	0.858	0.792	0.509	0.562	0.746	0.607	0.870	0.249	0.671	0.392	0.320	0.221	0.413	
Pop17	0.272	0.404	0.597	0.848	0.784	0.503	0.556	0.740	0.602	0.860	0.316	0.663	0.390	0.332	0.319	0.393	0.303	
Pop18	0.803	0.794	0.813	0.901	0.837	0.801	0.781	0.791	0.715	0.913	0.825	0.738	0.833	0.726	0.822	0.718	0.784	0.770	
Pop19	0.500	0.508	0.506	0.701	0.655	0.526	0.486	0.622	0.498	0.709	0.499	0.539	0.521	0.467	0.500	0.478	0.490	0.487	0.587	
Pop20	0.770	0.765	0.778	0.862	0.807	0.772	0.755	0.768	0.705	0.872	0.784	0.603	0.792	0.715	0.783	0.709	0.757	0.748	0.821	0.595	
Pop21	0.425	0.484	0.640	0.860	0.797	0.488	0.599	0.752	0.624	0.872	0.446	0.681	0.525	0.415	0.456	0.383	0.416	0.310	0.793	0.508	0.765	
Pop22	0.582	0.593	0.311	0.857	0.791	0.631	0.211	0.746	0.596	0.869	0.584	0.670	0.631	0.507	0.587	0.534	0.560	0.554	0.785	0.484	0.757	0.599	
Pop23	0.795	0.787	0.801	0.900	0.841	0.794	0.770	0.798	0.709	0.911	0.816	0.748	0.824	0.722	0.814	0.714	0.778	0.764	0.870	0.598	0.824	0.786	0.773	
Pop24	0.563	0.575	0.258	0.851	0.785	0.617	0.197	0.740	0.586	0.863	0.563	0.662	0.612	0.489	0.566	0.520	0.542	0.537	0.773	0.476	0.748	0.582	0.166	0.762	
Pop25	0.355	0.374	0.558	0.826	0.765	0.501	0.520	0.722	0.578	0.837	0.328	0.642	0.392	0.197	0.325	0.410	0.320	0.342	0.734	0.473	0.722	0.428	0.517	0.731	0.500	
Pop26	0.643	0.644	0.650	0.814	0.760	0.659	0.622	0.723	0.603	0.824	0.652	0.651	0.670	0.588	0.651	0.594	0.629	0.621	0.735	0.512	0.718	0.644	0.623	0.519	0.612	0.596	
Pop27	0.777	0.771	0.785	0.880	0.821	0.778	0.757	0.779	0.701	0.891	0.795	0.721	0.803	0.710	0.793	0.704	0.761	0.748	0.827	0.582	0.797	0.770	0.759	0.838	0.749	0.718	0.713	
Pop28	0.247	0.403	0.610	0.863	0.797	0.533	0.564	0.750	0.611	0.876	0.174	0.673	0.376	0.307	0.219	0.421	0.255	0.280	0.792	0.491	0.762	0.423	0.562	0.786	0.542	0.317	0.633	0.768	
Pop29	0.711	0.708	0.722	0.846	0.787	0.721	0.693	0.745	0.655	0.857	0.724	0.678	0.738	0.648	0.722	0.649	0.694	0.684	0.302	0.539	0.753	0.708	0.695	0.791	0.684	0.655	0.670	0.744	0.700	
CV error (K=30): 0.04837
Writing output files.
