****                   ADMIXTURE Version 1.3.0                  ****
****                    Copyright 2008-2015                     ****
****           David Alexander, Suyash Shringarpure,            ****
****                John  Novembre, Ken Lange                   ****
****                                                            ****
****                 Please cite our paper!                     ****
****   Information at www.genetics.ucla.edu/software/admixture  ****

Cross-validation will be performed.  Folds=10.
Parallel execution requested.  Will use 24 threads.
Random seed: 1807
Point estimation method: Block relaxation algorithm
Convergence acceleration algorithm: QuasiNewton, 3 secant conditions
Point estimation will terminate when objective function delta < 0.0001
Estimation of standard errors disabled; will compute point estimates only.
Size of G: 713x578311
Performing five EM steps to prime main algorithm
1 (EM) 	Elapsed: 8.411	Loglikelihood: -4.849e+07	(delta): 6.55965e+08
2 (EM) 	Elapsed: 8.286	Loglikelihood: -4.60731e+07	(delta): 2.4169e+06
3 (EM) 	Elapsed: 8.491	Loglikelihood: -4.57863e+07	(delta): 286742
4 (EM) 	Elapsed: 8.453	Loglikelihood: -4.56299e+07	(delta): 156410
5 (EM) 	Elapsed: 8.507	Loglikelihood: -4.55344e+07	(delta): 95576
Initial loglikelihood: -4.55344e+07
Starting main algorithm
1 (QN/Block) 	Elapsed: 46.085	Loglikelihood: -4.08215e+07	(delta): 4.71289e+06
2 (QN/Block) 	Elapsed: 43.261	Loglikelihood: -3.85704e+07	(delta): 2.25107e+06
3 (QN/Block) 	Elapsed: 41.268	Loglikelihood: -3.73523e+07	(delta): 1.21804e+06
4 (QN/Block) 	Elapsed: 43.007	Loglikelihood: -3.52874e+07	(delta): 2.06497e+06
5 (QN/Block) 	Elapsed: 43.043	Loglikelihood: -3.38192e+07	(delta): 1.46816e+06
6 (QN/Block) 	Elapsed: 42.248	Loglikelihood: -3.35518e+07	(delta): 267386
7 (QN/Block) 	Elapsed: 41.97	Loglikelihood: -3.35181e+07	(delta): 33681
8 (QN/Block) 	Elapsed: 41.806	Loglikelihood: -3.35034e+07	(delta): 14696.4
9 (QN/Block) 	Elapsed: 42.99	Loglikelihood: -3.35007e+07	(delta): 2784.76
10 (QN/Block) 	Elapsed: 40.913	Loglikelihood: -3.35006e+07	(delta): 72.6714
11 (QN/Block) 	Elapsed: 41.244	Loglikelihood: -3.35006e+07	(delta): 17.7908
12 (QN/Block) 	Elapsed: 41.725	Loglikelihood: -3.35006e+07	(delta): 1.37849
13 (QN/Block) 	Elapsed: 41.713	Loglikelihood: -3.35006e+07	(delta): 0.00192536
14 (QN/Block) 	Elapsed: 42.58	Loglikelihood: -3.35006e+07	(delta): 1.2666e-07
Summary: 
Converged in 14 iterations (640.342 sec)
Loglikelihood: -33500571.641712
Fst divergences between estimated populations: 
	Pop0	
Pop0	
Pop1	0.452	
CV error (K=2): 0.09174
Writing output files.
