****                   ADMIXTURE Version 1.3.0                  ****
****                    Copyright 2008-2015                     ****
****           David Alexander, Suyash Shringarpure,            ****
****                John  Novembre, Ken Lange                   ****
****                                                            ****
****                 Please cite our paper!                     ****
****   Information at www.genetics.ucla.edu/software/admixture  ****

Cross-validation will be performed.  Folds=10.
Parallel execution requested.  Will use 24 threads.
Random seed: 1432
Point estimation method: Block relaxation algorithm
Convergence acceleration algorithm: QuasiNewton, 3 secant conditions
Point estimation will terminate when objective function delta < 0.0001
Estimation of standard errors disabled; will compute point estimates only.
Size of G: 713x578311
Performing five EM steps to prime main algorithm
1 (EM) 	Elapsed: 40.971	Loglikelihood: -5.23265e+07	(delta): 5.58799e+08
2 (EM) 	Elapsed: 40.971	Loglikelihood: -4.60902e+07	(delta): 6.23633e+06
3 (EM) 	Elapsed: 40.906	Loglikelihood: -4.54118e+07	(delta): 678421
4 (EM) 	Elapsed: 40.857	Loglikelihood: -4.50536e+07	(delta): 358215
5 (EM) 	Elapsed: 41.127	Loglikelihood: -4.4789e+07	(delta): 264611
Initial loglikelihood: -4.4789e+07
Starting main algorithm
1 (QN/Block) 	Elapsed: 125.599	Loglikelihood: -3.22002e+07	(delta): 1.25888e+07
2 (QN/Block) 	Elapsed: 129.96	Loglikelihood: -2.50445e+07	(delta): 7.15566e+06
3 (QN/Block) 	Elapsed: 133.337	Loglikelihood: -2.31519e+07	(delta): 1.89267e+06
4 (QN/Block) 	Elapsed: 133.77	Loglikelihood: -2.19819e+07	(delta): 1.16997e+06
5 (QN/Block) 	Elapsed: 133.489	Loglikelihood: -2.12721e+07	(delta): 709797
6 (QN/Block) 	Elapsed: 133.87	Loglikelihood: -2.09595e+07	(delta): 312587
7 (QN/Block) 	Elapsed: 132.177	Loglikelihood: -2.08324e+07	(delta): 127122
8 (QN/Block) 	Elapsed: 134.474	Loglikelihood: -2.06945e+07	(delta): 137836
9 (QN/Block) 	Elapsed: 133.73	Loglikelihood: -2.06562e+07	(delta): 38365.4
10 (QN/Block) 	Elapsed: 131.732	Loglikelihood: -2.06101e+07	(delta): 46024.1
11 (QN/Block) 	Elapsed: 133.549	Loglikelihood: -2.05918e+07	(delta): 18393.8
12 (QN/Block) 	Elapsed: 132.509	Loglikelihood: -2.05852e+07	(delta): 6549.98
13 (QN/Block) 	Elapsed: 131.988	Loglikelihood: -2.0581e+07	(delta): 4222.98
14 (QN/Block) 	Elapsed: 131.992	Loglikelihood: -2.05795e+07	(delta): 1501.61
15 (QN/Block) 	Elapsed: 133.468	Loglikelihood: -2.05792e+07	(delta): 257.095
16 (QN/Block) 	Elapsed: 132.832	Loglikelihood: -2.05791e+07	(delta): 135.901
17 (QN/Block) 	Elapsed: 133.329	Loglikelihood: -2.05789e+07	(delta): 223.547
18 (QN/Block) 	Elapsed: 133.483	Loglikelihood: -2.05777e+07	(delta): 1143.76
19 (QN/Block) 	Elapsed: 133.951	Loglikelihood: -2.0527e+07	(delta): 50692.5
20 (QN/Block) 	Elapsed: 132.844	Loglikelihood: -2.04535e+07	(delta): 73492.7
21 (QN/Block) 	Elapsed: 133.231	Loglikelihood: -2.03138e+07	(delta): 139735
22 (QN/Block) 	Elapsed: 132.473	Loglikelihood: -2.02873e+07	(delta): 26538.8
23 (QN/Block) 	Elapsed: 133.143	Loglikelihood: -2.02746e+07	(delta): 12654.5
24 (QN/Block) 	Elapsed: 132.253	Loglikelihood: -2.02713e+07	(delta): 3292.16
25 (QN/Block) 	Elapsed: 131.528	Loglikelihood: -2.02699e+07	(delta): 1440.18
26 (QN/Block) 	Elapsed: 132.512	Loglikelihood: -2.02688e+07	(delta): 1095.23
27 (QN/Block) 	Elapsed: 134.025	Loglikelihood: -2.02669e+07	(delta): 1919.83
28 (QN/Block) 	Elapsed: 132.542	Loglikelihood: -2.02642e+07	(delta): 2646.19
29 (QN/Block) 	Elapsed: 134.148	Loglikelihood: -2.00807e+07	(delta): 183479
30 (QN/Block) 	Elapsed: 132.494	Loglikelihood: -1.99892e+07	(delta): 91526.3
31 (QN/Block) 	Elapsed: 132.982	Loglikelihood: -1.9973e+07	(delta): 16234.3
32 (QN/Block) 	Elapsed: 132.931	Loglikelihood: -1.99659e+07	(delta): 7037.56
33 (QN/Block) 	Elapsed: 132.432	Loglikelihood: -1.99633e+07	(delta): 2609.15
34 (QN/Block) 	Elapsed: 132.082	Loglikelihood: -1.9962e+07	(delta): 1277.32
35 (QN/Block) 	Elapsed: 134.702	Loglikelihood: -1.99619e+07	(delta): 191.95
36 (QN/Block) 	Elapsed: 133.014	Loglikelihood: -1.99618e+07	(delta): 8.47988
37 (QN/Block) 	Elapsed: 131.993	Loglikelihood: -1.99618e+07	(delta): 1.21594
38 (QN/Block) 	Elapsed: 132.52	Loglikelihood: -1.99618e+07	(delta): 0.0636738
39 (QN/Block) 	Elapsed: 133.027	Loglikelihood: -1.99618e+07	(delta): 0.0162265
40 (QN/Block) 	Elapsed: 131.592	Loglikelihood: -1.99618e+07	(delta): 0.00121068
41 (QN/Block) 	Elapsed: 132.068	Loglikelihood: -1.99618e+07	(delta): 8.63895e-06
Summary: 
Converged in 41 iterations (5655.61 sec)
Loglikelihood: -19961845.262891
Fst divergences between estimated populations: 
	Pop0	Pop1	Pop2	Pop3	Pop4	Pop5	
Pop0	
Pop1	0.278	
Pop2	0.703	0.390	
Pop3	0.442	0.275	0.691	
Pop4	0.371	0.251	0.593	0.153	
Pop5	0.561	0.335	0.674	0.556	0.486	
Pop6	0.641	0.452	0.685	0.636	0.587	0.633	
CV error (K=7): 0.06203
Writing output files.
