****                   ADMIXTURE Version 1.3.0                  ****
****                    Copyright 2008-2015                     ****
****           David Alexander, Suyash Shringarpure,            ****
****                John  Novembre, Ken Lange                   ****
****                                                            ****
****                 Please cite our paper!                     ****
****   Information at www.genetics.ucla.edu/software/admixture  ****

Cross-validation will be performed.  Folds=10.
Parallel execution requested.  Will use 24 threads.
Random seed: 1468
Point estimation method: Block relaxation algorithm
Convergence acceleration algorithm: QuasiNewton, 3 secant conditions
Point estimation will terminate when objective function delta < 0.0001
Estimation of standard errors disabled; will compute point estimates only.
Size of G: 713x578311
Performing five EM steps to prime main algorithm
1 (EM) 	Elapsed: 280.564	Loglikelihood: -5.28022e+07	(delta): 5.30726e+08
2 (EM) 	Elapsed: 281.56	Loglikelihood: -4.5629e+07	(delta): 7.17329e+06
3 (EM) 	Elapsed: 280.252	Loglikelihood: -4.48571e+07	(delta): 771892
4 (EM) 	Elapsed: 281.588	Loglikelihood: -4.44016e+07	(delta): 455488
5 (EM) 	Elapsed: 278.922	Loglikelihood: -4.39922e+07	(delta): 409371
Initial loglikelihood: -4.39922e+07
Starting main algorithm
1 (QN/Block) 	Elapsed: 414.485	Loglikelihood: -2.47127e+07	(delta): 1.92795e+07
2 (QN/Block) 	Elapsed: 416.732	Loglikelihood: -1.74871e+07	(delta): 7.22562e+06
3 (QN/Block) 	Elapsed: 434.608	Loglikelihood: -1.54709e+07	(delta): 2.01618e+06
4 (QN/Block) 	Elapsed: 422.457	Loglikelihood: -1.40534e+07	(delta): 1.41755e+06
5 (QN/Block) 	Elapsed: 424.254	Loglikelihood: -1.32685e+07	(delta): 784871
6 (QN/Block) 	Elapsed: 422.874	Loglikelihood: -1.29149e+07	(delta): 353569
7 (QN/Block) 	Elapsed: 431.673	Loglikelihood: -1.28137e+07	(delta): 101249
8 (QN/Block) 	Elapsed: 438.001	Loglikelihood: -1.27634e+07	(delta): 50321.9
9 (QN/Block) 	Elapsed: 440.875	Loglikelihood: -1.27469e+07	(delta): 16509.1
10 (QN/Block) 	Elapsed: 439.508	Loglikelihood: -1.27377e+07	(delta): 9196.36
11 (QN/Block) 	Elapsed: 440.598	Loglikelihood: -1.27282e+07	(delta): 9466.79
12 (QN/Block) 	Elapsed: 425.604	Loglikelihood: -1.27178e+07	(delta): 10356.8
13 (QN/Block) 	Elapsed: 423.671	Loglikelihood: -1.27104e+07	(delta): 7400.34
14 (QN/Block) 	Elapsed: 424.527	Loglikelihood: -1.27063e+07	(delta): 4187.31
15 (QN/Block) 	Elapsed: 424.161	Loglikelihood: -1.27057e+07	(delta): 530.778
16 (QN/Block) 	Elapsed: 420.982	Loglikelihood: -1.27056e+07	(delta): 157.51
17 (QN/Block) 	Elapsed: 419.786	Loglikelihood: -1.27055e+07	(delta): 29.2675
18 (QN/Block) 	Elapsed: 423.494	Loglikelihood: -1.27055e+07	(delta): 8.01924
19 (QN/Block) 	Elapsed: 419.857	Loglikelihood: -1.27055e+07	(delta): 2.66041
20 (QN/Block) 	Elapsed: 421.434	Loglikelihood: -1.27055e+07	(delta): 2.32378
21 (QN/Block) 	Elapsed: 425.186	Loglikelihood: -1.27055e+07	(delta): 0.639723
22 (QN/Block) 	Elapsed: 456.143	Loglikelihood: -1.27055e+07	(delta): 0.349754
23 (QN/Block) 	Elapsed: 455.808	Loglikelihood: -1.27055e+07	(delta): 0.157783
24 (QN/Block) 	Elapsed: 457.234	Loglikelihood: -1.27055e+07	(delta): 0.0236846
25 (QN/Block) 	Elapsed: 457.831	Loglikelihood: -1.27055e+07	(delta): 0.0042388
26 (QN/Block) 	Elapsed: 456.486	Loglikelihood: -1.27055e+07	(delta): 0.00100712
27 (QN/Block) 	Elapsed: 456.385	Loglikelihood: -1.27055e+07	(delta): 7.08848e-05
Summary: 
Converged in 27 iterations (13117.3 sec)
Loglikelihood: -12705526.081635
Fst divergences between estimated populations: 
	Pop0	Pop1	Pop2	Pop3	Pop4	Pop5	Pop6	Pop7	Pop8	Pop9	Pop10	Pop11	Pop12	Pop13	Pop14	Pop15	Pop16	Pop17	Pop18	Pop19	Pop20	Pop21	
Pop0	
Pop1	0.447	
Pop2	0.839	0.848	
Pop3	0.850	0.859	0.521	
Pop4	0.592	0.556	0.859	0.871	
Pop5	0.483	0.293	0.875	0.887	0.573	
Pop6	0.422	0.312	0.814	0.825	0.494	0.281	
Pop7	0.370	0.454	0.843	0.854	0.597	0.501	0.440	
Pop8	0.458	0.485	0.834	0.844	0.600	0.522	0.463	0.422	
Pop9	0.477	0.306	0.873	0.886	0.574	0.152	0.283	0.499	0.522	
Pop10	0.616	0.586	0.868	0.880	0.303	0.610	0.523	0.623	0.623	0.610	
Pop11	0.614	0.601	0.797	0.806	0.598	0.618	0.563	0.616	0.617	0.618	0.616	
Pop12	0.603	0.589	0.795	0.804	0.592	0.607	0.549	0.606	0.605	0.606	0.611	0.579	
Pop13	0.739	0.739	0.546	0.556	0.747	0.758	0.711	0.741	0.736	0.757	0.757	0.709	0.705	
Pop14	0.728	0.725	0.875	0.886	0.743	0.761	0.675	0.733	0.725	0.759	0.760	0.685	0.674	0.769	
Pop15	0.587	0.551	0.852	0.864	0.210	0.566	0.491	0.593	0.595	0.567	0.311	0.593	0.588	0.743	0.734	
Pop16	0.507	0.486	0.701	0.709	0.486	0.493	0.460	0.508	0.512	0.494	0.502	0.498	0.492	0.622	0.564	0.484	
Pop17	0.780	0.784	0.753	0.767	0.793	0.806	0.753	0.783	0.776	0.805	0.802	0.746	0.742	0.620	0.813	0.788	0.655	
Pop18	0.470	0.281	0.862	0.875	0.559	0.146	0.279	0.489	0.513	0.151	0.594	0.608	0.597	0.749	0.743	0.553	0.488	0.796	
Pop19	0.462	0.438	0.650	0.657	0.443	0.442	0.415	0.462	0.466	0.443	0.458	0.459	0.439	0.576	0.482	0.442	0.372	0.606	0.439	
Pop20	0.579	0.540	0.854	0.866	0.174	0.554	0.478	0.585	0.589	0.556	0.254	0.589	0.583	0.742	0.733	0.198	0.479	0.788	0.541	0.435	
Pop21	0.448	0.307	0.860	0.872	0.602	0.428	0.398	0.443	0.488	0.434	0.631	0.624	0.612	0.752	0.750	0.595	0.508	0.797	0.426	0.458	0.587	
Pop22	0.451	0.220	0.851	0.863	0.547	0.173	0.285	0.470	0.494	0.225	0.581	0.599	0.588	0.741	0.729	0.542	0.483	0.786	0.190	0.433	0.531	0.390	
CV error (K=23): 0.04809
Writing output files.
