****                   ADMIXTURE Version 1.3.0                  ****
****                    Copyright 2008-2015                     ****
****           David Alexander, Suyash Shringarpure,            ****
****                John  Novembre, Ken Lange                   ****
****                                                            ****
****                 Please cite our paper!                     ****
****   Information at www.genetics.ucla.edu/software/admixture  ****

Cross-validation will be performed.  Folds=10.
Parallel execution requested.  Will use 24 threads.
Random seed: 1853
Point estimation method: Block relaxation algorithm
Convergence acceleration algorithm: QuasiNewton, 3 secant conditions
Point estimation will terminate when objective function delta < 0.0001
Estimation of standard errors disabled; will compute point estimates only.
Size of G: 713x578311
Performing five EM steps to prime main algorithm
1 (EM) 	Elapsed: 56.821	Loglikelihood: -5.23628e+07	(delta): 5.5871e+08
2 (EM) 	Elapsed: 74.346	Loglikelihood: -4.61369e+07	(delta): 6.22585e+06
3 (EM) 	Elapsed: 68.777	Loglikelihood: -4.54695e+07	(delta): 667419
4 (EM) 	Elapsed: 61.497	Loglikelihood: -4.51013e+07	(delta): 368205
5 (EM) 	Elapsed: 64.656	Loglikelihood: -4.48009e+07	(delta): 300382
Initial loglikelihood: -4.48009e+07
Starting main algorithm
1 (QN/Block) 	Elapsed: 134.718	Loglikelihood: -2.90572e+07	(delta): 1.57437e+07
2 (QN/Block) 	Elapsed: 134.962	Loglikelihood: -2.35302e+07	(delta): 5.52705e+06
3 (QN/Block) 	Elapsed: 135.278	Loglikelihood: -2.22575e+07	(delta): 1.27266e+06
4 (QN/Block) 	Elapsed: 134.696	Loglikelihood: -2.12033e+07	(delta): 1.0542e+06
5 (QN/Block) 	Elapsed: 134.815	Loglikelihood: -2.02496e+07	(delta): 953735
6 (QN/Block) 	Elapsed: 133.349	Loglikelihood: -1.98647e+07	(delta): 384918
7 (QN/Block) 	Elapsed: 134.66	Loglikelihood: -1.96318e+07	(delta): 232839
8 (QN/Block) 	Elapsed: 133.228	Loglikelihood: -1.94041e+07	(delta): 227734
9 (QN/Block) 	Elapsed: 133.588	Loglikelihood: -1.93017e+07	(delta): 102371
10 (QN/Block) 	Elapsed: 130.942	Loglikelihood: -1.9272e+07	(delta): 29721.4
11 (QN/Block) 	Elapsed: 133.21	Loglikelihood: -1.92584e+07	(delta): 13626.4
12 (QN/Block) 	Elapsed: 133.198	Loglikelihood: -1.92561e+07	(delta): 2264.61
13 (QN/Block) 	Elapsed: 135.374	Loglikelihood: -1.92551e+07	(delta): 956.491
14 (QN/Block) 	Elapsed: 131.066	Loglikelihood: -1.9255e+07	(delta): 159.357
15 (QN/Block) 	Elapsed: 133.264	Loglikelihood: -1.9255e+07	(delta): 37.0931
16 (QN/Block) 	Elapsed: 135.68	Loglikelihood: -1.9255e+07	(delta): 2.59526
17 (QN/Block) 	Elapsed: 135.835	Loglikelihood: -1.9255e+07	(delta): 0.0213151
18 (QN/Block) 	Elapsed: 134.295	Loglikelihood: -1.9255e+07	(delta): 0.000342049
19 (QN/Block) 	Elapsed: 135.87	Loglikelihood: -1.9255e+07	(delta): 1.59182e-05
Summary: 
Converged in 19 iterations (2879.99 sec)
Loglikelihood: -19254950.842087
Fst divergences between estimated populations: 
	Pop0	Pop1	Pop2	Pop3	Pop4	Pop5	
Pop0	
Pop1	0.515	
Pop2	0.249	0.619	
Pop3	0.387	0.597	0.524	
Pop4	0.398	0.490	0.473	0.442	
Pop5	0.584	0.629	0.655	0.642	0.557	
Pop6	0.252	0.614	0.347	0.482	0.458	0.655	
CV error (K=7): 0.05987
Writing output files.
