****                   ADMIXTURE Version 1.3.0                  ****
****                    Copyright 2008-2015                     ****
****           David Alexander, Suyash Shringarpure,            ****
****                John  Novembre, Ken Lange                   ****
****                                                            ****
****                 Please cite our paper!                     ****
****   Information at www.genetics.ucla.edu/software/admixture  ****

Cross-validation will be performed.  Folds=10.
Parallel execution requested.  Will use 24 threads.
Random seed: 1706
Point estimation method: Block relaxation algorithm
Convergence acceleration algorithm: QuasiNewton, 3 secant conditions
Point estimation will terminate when objective function delta < 0.0001
Estimation of standard errors disabled; will compute point estimates only.
Size of G: 713x578311
Performing five EM steps to prime main algorithm
1 (EM) 	Elapsed: 96.265	Loglikelihood: -5.27543e+07	(delta): 5.44176e+08
2 (EM) 	Elapsed: 96.177	Loglikelihood: -4.60272e+07	(delta): 6.72707e+06
3 (EM) 	Elapsed: 96.098	Loglikelihood: -4.53297e+07	(delta): 697493
4 (EM) 	Elapsed: 95.293	Loglikelihood: -4.49412e+07	(delta): 388568
5 (EM) 	Elapsed: 95.954	Loglikelihood: -4.46165e+07	(delta): 324682
Initial loglikelihood: -4.46165e+07
Starting main algorithm
1 (QN/Block) 	Elapsed: 218.521	Loglikelihood: -2.84114e+07	(delta): 1.6205e+07
2 (QN/Block) 	Elapsed: 222.063	Loglikelihood: -2.15971e+07	(delta): 6.81438e+06
3 (QN/Block) 	Elapsed: 224.639	Loglikelihood: -1.99317e+07	(delta): 1.66532e+06
4 (QN/Block) 	Elapsed: 224.558	Loglikelihood: -1.86827e+07	(delta): 1.24908e+06
5 (QN/Block) 	Elapsed: 224.192	Loglikelihood: -1.76017e+07	(delta): 1.081e+06
6 (QN/Block) 	Elapsed: 225.9	Loglikelihood: -1.74093e+07	(delta): 192316
7 (QN/Block) 	Elapsed: 225.343	Loglikelihood: -1.72447e+07	(delta): 164635
8 (QN/Block) 	Elapsed: 224.917	Loglikelihood: -1.72076e+07	(delta): 37113.7
9 (QN/Block) 	Elapsed: 225.472	Loglikelihood: -1.71989e+07	(delta): 8682.27
10 (QN/Block) 	Elapsed: 225.01	Loglikelihood: -1.71969e+07	(delta): 2012.36
11 (QN/Block) 	Elapsed: 224.101	Loglikelihood: -1.71963e+07	(delta): 617.508
12 (QN/Block) 	Elapsed: 226.097	Loglikelihood: -1.7196e+07	(delta): 249.759
13 (QN/Block) 	Elapsed: 226.37	Loglikelihood: -1.71959e+07	(delta): 90.8003
14 (QN/Block) 	Elapsed: 225.865	Loglikelihood: -1.71959e+07	(delta): 32.7641
15 (QN/Block) 	Elapsed: 226.545	Loglikelihood: -1.71959e+07	(delta): 11.551
16 (QN/Block) 	Elapsed: 227.026	Loglikelihood: -1.71959e+07	(delta): 14.2991
17 (QN/Block) 	Elapsed: 226.013	Loglikelihood: -1.71959e+07	(delta): 20.2455
18 (QN/Block) 	Elapsed: 225.777	Loglikelihood: -1.71959e+07	(delta): 17.1493
19 (QN/Block) 	Elapsed: 225.699	Loglikelihood: -1.71958e+07	(delta): 0.736794
20 (QN/Block) 	Elapsed: 224.784	Loglikelihood: -1.71958e+07	(delta): 0.284945
21 (QN/Block) 	Elapsed: 225.061	Loglikelihood: -1.71958e+07	(delta): 0.0599525
22 (QN/Block) 	Elapsed: 224.605	Loglikelihood: -1.71958e+07	(delta): 0.00837813
23 (QN/Block) 	Elapsed: 225.362	Loglikelihood: -1.71958e+07	(delta): 0.00631949
24 (QN/Block) 	Elapsed: 225.699	Loglikelihood: -1.71958e+07	(delta): 0.00372653
25 (QN/Block) 	Elapsed: 225.341	Loglikelihood: -1.71958e+07	(delta): 0.00440591
26 (QN/Block) 	Elapsed: 227.104	Loglikelihood: -1.71958e+07	(delta): 0.00528167
27 (QN/Block) 	Elapsed: 224.895	Loglikelihood: -1.71958e+07	(delta): 0.00213225
28 (QN/Block) 	Elapsed: 225.5	Loglikelihood: -1.71958e+07	(delta): 0.00098912
29 (QN/Block) 	Elapsed: 225.324	Loglikelihood: -1.71958e+07	(delta): 0.000753108
30 (QN/Block) 	Elapsed: 225.897	Loglikelihood: -1.71958e+07	(delta): 0.000757433
31 (QN/Block) 	Elapsed: 226.636	Loglikelihood: -1.71958e+07	(delta): 0.000814952
32 (QN/Block) 	Elapsed: 242.582	Loglikelihood: -1.71958e+07	(delta): 0.000895582
33 (QN/Block) 	Elapsed: 237.712	Loglikelihood: -1.71958e+07	(delta): 0.000996184
34 (QN/Block) 	Elapsed: 231.717	Loglikelihood: -1.71958e+07	(delta): 0.00111969
35 (QN/Block) 	Elapsed: 226.172	Loglikelihood: -1.71958e+07	(delta): 0.00127181
36 (QN/Block) 	Elapsed: 229.101	Loglikelihood: -1.71958e+07	(delta): 0.00145965
37 (QN/Block) 	Elapsed: 236.554	Loglikelihood: -1.71958e+07	(delta): 0.00169357
38 (QN/Block) 	Elapsed: 242.606	Loglikelihood: -1.71958e+07	(delta): 0.00198801
39 (QN/Block) 	Elapsed: 242.729	Loglikelihood: -1.71958e+07	(delta): 0.0023631
40 (QN/Block) 	Elapsed: 237.843	Loglikelihood: -1.71958e+07	(delta): 0.00284762
41 (QN/Block) 	Elapsed: 229.117	Loglikelihood: -1.71958e+07	(delta): 0.00348326
42 (QN/Block) 	Elapsed: 226.894	Loglikelihood: -1.71958e+07	(delta): 0.00433179
43 (QN/Block) 	Elapsed: 231.675	Loglikelihood: -1.71958e+07	(delta): 0.00548723
44 (QN/Block) 	Elapsed: 235.771	Loglikelihood: -1.71958e+07	(delta): 0.00709829
45 (QN/Block) 	Elapsed: 244.692	Loglikelihood: -1.71958e+07	(delta): 0.00635546
46 (QN/Block) 	Elapsed: 242.142	Loglikelihood: -1.71958e+07	(delta): 0.00144068
47 (QN/Block) 	Elapsed: 232.225	Loglikelihood: -1.71958e+07	(delta): 0.000504475
48 (QN/Block) 	Elapsed: 225.634	Loglikelihood: -1.71958e+07	(delta): 2.61143e-06
Summary: 
Converged in 48 iterations (11473.9 sec)
Loglikelihood: -17195849.008967
Fst divergences between estimated populations: 
	Pop0	Pop1	Pop2	Pop3	Pop4	Pop5	Pop6	Pop7	Pop8	Pop9	
Pop0	
Pop1	0.576	
Pop2	0.452	0.538	
Pop3	0.509	0.576	0.273	
Pop4	0.527	0.598	0.251	0.240	
Pop5	0.651	0.633	0.623	0.646	0.662	
Pop6	0.725	0.674	0.661	0.710	0.748	0.685	
Pop7	0.530	0.599	0.253	0.257	0.119	0.663	0.750	
Pop8	0.120	0.567	0.445	0.498	0.513	0.644	0.708	0.516	
Pop9	0.497	0.561	0.313	0.245	0.327	0.635	0.685	0.332	0.488	
Pop10	0.285	0.335	0.279	0.296	0.293	0.452	0.390	0.295	0.285	0.297	
CV error (K=11): 0.05659
Writing output files.
