****                   ADMIXTURE Version 1.3.0                  ****
****                    Copyright 2008-2015                     ****
****           David Alexander, Suyash Shringarpure,            ****
****                John  Novembre, Ken Lange                   ****
****                                                            ****
****                 Please cite our paper!                     ****
****   Information at www.genetics.ucla.edu/software/admixture  ****

Cross-validation will be performed.  Folds=10.
Parallel execution requested.  Will use 24 threads.
Random seed: 1432
Point estimation method: Block relaxation algorithm
Convergence acceleration algorithm: QuasiNewton, 3 secant conditions
Point estimation will terminate when objective function delta < 0.0001
Estimation of standard errors disabled; will compute point estimates only.
Size of G: 713x578311
Performing five EM steps to prime main algorithm
1 (EM) 	Elapsed: 51.585	Loglikelihood: -5.21549e+07	(delta): 5.65717e+08
2 (EM) 	Elapsed: 47.74	Loglikelihood: -4.61725e+07	(delta): 5.98246e+06
3 (EM) 	Elapsed: 47.087	Loglikelihood: -4.55209e+07	(delta): 651566
4 (EM) 	Elapsed: 64.867	Loglikelihood: -4.51833e+07	(delta): 337564
5 (EM) 	Elapsed: 62.417	Loglikelihood: -4.49376e+07	(delta): 245732
Initial loglikelihood: -4.49376e+07
Starting main algorithm
1 (QN/Block) 	Elapsed: 147.328	Loglikelihood: -3.26764e+07	(delta): 1.22612e+07
2 (QN/Block) 	Elapsed: 141.629	Loglikelihood: -2.55729e+07	(delta): 7.10346e+06
3 (QN/Block) 	Elapsed: 145.98	Loglikelihood: -2.37984e+07	(delta): 1.77446e+06
4 (QN/Block) 	Elapsed: 141.991	Loglikelihood: -2.21162e+07	(delta): 1.68222e+06
5 (QN/Block) 	Elapsed: 143.231	Loglikelihood: -2.11572e+07	(delta): 959047
6 (QN/Block) 	Elapsed: 143.838	Loglikelihood: -2.06349e+07	(delta): 522244
7 (QN/Block) 	Elapsed: 144.335	Loglikelihood: -2.05175e+07	(delta): 117458
8 (QN/Block) 	Elapsed: 144.644	Loglikelihood: -2.04878e+07	(delta): 29658.9
9 (QN/Block) 	Elapsed: 146.823	Loglikelihood: -2.04797e+07	(delta): 8068.7
10 (QN/Block) 	Elapsed: 144.373	Loglikelihood: -2.04784e+07	(delta): 1322.33
11 (QN/Block) 	Elapsed: 144.847	Loglikelihood: -2.04779e+07	(delta): 470.558
12 (QN/Block) 	Elapsed: 145.739	Loglikelihood: -2.04777e+07	(delta): 196.963
13 (QN/Block) 	Elapsed: 143.172	Loglikelihood: -2.04777e+07	(delta): 64.4086
14 (QN/Block) 	Elapsed: 145.673	Loglikelihood: -2.04777e+07	(delta): 0.502942
15 (QN/Block) 	Elapsed: 145.844	Loglikelihood: -2.04777e+07	(delta): 0.0300711
16 (QN/Block) 	Elapsed: 144.319	Loglikelihood: -2.04777e+07	(delta): 0.00688374
17 (QN/Block) 	Elapsed: 145.163	Loglikelihood: -2.04777e+07	(delta): 0.000274431
18 (QN/Block) 	Elapsed: 142.696	Loglikelihood: -2.04777e+07	(delta): 2.44901e-05
Summary: 
Converged in 18 iterations (2880.31 sec)
Loglikelihood: -20477683.766416
Fst divergences between estimated populations: 
	Pop0	Pop1	Pop2	Pop3	Pop4	
Pop0	
Pop1	0.558	
Pop2	0.677	0.539	
Pop3	0.631	0.445	0.662	
Pop4	0.626	0.428	0.656	0.440	
Pop5	0.645	0.447	0.693	0.267	0.425	
CV error (K=6): 0.06227
Writing output files.
