****                   ADMIXTURE Version 1.3.0                  ****
****                    Copyright 2008-2015                     ****
****           David Alexander, Suyash Shringarpure,            ****
****                John  Novembre, Ken Lange                   ****
****                                                            ****
****                 Please cite our paper!                     ****
****   Information at www.genetics.ucla.edu/software/admixture  ****

Cross-validation will be performed.  Folds=10.
Parallel execution requested.  Will use 24 threads.
Random seed: 1853
Point estimation method: Block relaxation algorithm
Convergence acceleration algorithm: QuasiNewton, 3 secant conditions
Point estimation will terminate when objective function delta < 0.0001
Estimation of standard errors disabled; will compute point estimates only.
Size of G: 713x578311
Performing five EM steps to prime main algorithm
1 (EM) 	Elapsed: 304.224	Loglikelihood: -5.28397e+07	(delta): 5.31306e+08
2 (EM) 	Elapsed: 306.561	Loglikelihood: -4.56694e+07	(delta): 7.17038e+06
3 (EM) 	Elapsed: 302.796	Loglikelihood: -4.49174e+07	(delta): 751989
4 (EM) 	Elapsed: 292.404	Loglikelihood: -4.44892e+07	(delta): 428203
5 (EM) 	Elapsed: 288.589	Loglikelihood: -4.41144e+07	(delta): 374806
Initial loglikelihood: -4.41144e+07
Starting main algorithm
1 (QN/Block) 	Elapsed: 447.524	Loglikelihood: -2.42557e+07	(delta): 1.98586e+07
2 (QN/Block) 	Elapsed: 460.302	Loglikelihood: -1.70609e+07	(delta): 7.19484e+06
3 (QN/Block) 	Elapsed: 446.586	Loglikelihood: -1.52892e+07	(delta): 1.77172e+06
4 (QN/Block) 	Elapsed: 444.42	Loglikelihood: -1.41863e+07	(delta): 1.10288e+06
5 (QN/Block) 	Elapsed: 444.71	Loglikelihood: -1.34064e+07	(delta): 779924
6 (QN/Block) 	Elapsed: 440.823	Loglikelihood: -1.31468e+07	(delta): 259592
7 (QN/Block) 	Elapsed: 447.557	Loglikelihood: -1.30524e+07	(delta): 94435.5
8 (QN/Block) 	Elapsed: 445.766	Loglikelihood: -1.30037e+07	(delta): 48659.5
9 (QN/Block) 	Elapsed: 447.212	Loglikelihood: -1.29758e+07	(delta): 27889.9
10 (QN/Block) 	Elapsed: 445.226	Loglikelihood: -1.29434e+07	(delta): 32450
11 (QN/Block) 	Elapsed: 451.025	Loglikelihood: -1.29205e+07	(delta): 22911.7
12 (QN/Block) 	Elapsed: 443.844	Loglikelihood: -1.29013e+07	(delta): 19106.6
13 (QN/Block) 	Elapsed: 448.026	Loglikelihood: -1.28917e+07	(delta): 9607.55
14 (QN/Block) 	Elapsed: 449.518	Loglikelihood: -1.28862e+07	(delta): 5502.82
15 (QN/Block) 	Elapsed: 446.28	Loglikelihood: -1.28838e+07	(delta): 2411.08
16 (QN/Block) 	Elapsed: 445.829	Loglikelihood: -1.28826e+07	(delta): 1269.97
17 (QN/Block) 	Elapsed: 449.105	Loglikelihood: -1.28824e+07	(delta): 192.881
18 (QN/Block) 	Elapsed: 451.455	Loglikelihood: -1.28823e+07	(delta): 12.1835
19 (QN/Block) 	Elapsed: 451.007	Loglikelihood: -1.28823e+07	(delta): 2.81782
20 (QN/Block) 	Elapsed: 449.053	Loglikelihood: -1.28823e+07	(delta): 0.921702
21 (QN/Block) 	Elapsed: 444.483	Loglikelihood: -1.28823e+07	(delta): 0.0563976
22 (QN/Block) 	Elapsed: 450.649	Loglikelihood: -1.28823e+07	(delta): 0.00679051
23 (QN/Block) 	Elapsed: 448.35	Loglikelihood: -1.28823e+07	(delta): 0.00194379
24 (QN/Block) 	Elapsed: 454.121	Loglikelihood: -1.28823e+07	(delta): 0.00016653
25 (QN/Block) 	Elapsed: 447.335	Loglikelihood: -1.28823e+07	(delta): 8.27201e-06
Summary: 
Converged in 25 iterations (12714.1 sec)
Loglikelihood: -12882345.532585
Fst divergences between estimated populations: 
	Pop0	Pop1	Pop2	Pop3	Pop4	Pop5	Pop6	Pop7	Pop8	Pop9	Pop10	Pop11	Pop12	Pop13	Pop14	Pop15	Pop16	Pop17	Pop18	Pop19	Pop20	
Pop0	
Pop1	0.348	
Pop2	0.587	0.623	
Pop3	0.524	0.555	0.516	
Pop4	0.533	0.597	0.584	0.515	
Pop5	0.220	0.376	0.591	0.529	0.547	
Pop6	0.386	0.466	0.561	0.508	0.518	0.380	
Pop7	0.579	0.610	0.562	0.518	0.584	0.584	0.560	
Pop8	0.541	0.608	0.589	0.519	0.214	0.556	0.523	0.589	
Pop9	0.842	0.862	0.788	0.727	0.841	0.841	0.800	0.750	0.849	
Pop10	0.730	0.767	0.676	0.605	0.731	0.731	0.680	0.634	0.742	0.868	
Pop11	0.415	0.540	0.632	0.563	0.618	0.349	0.405	0.619	0.630	0.869	0.779	
Pop12	0.198	0.370	0.602	0.534	0.551	0.294	0.403	0.594	0.561	0.860	0.755	0.456	
Pop13	0.531	0.621	0.673	0.594	0.686	0.553	0.548	0.653	0.703	0.902	0.834	0.683	0.566	
Pop14	0.162	0.361	0.603	0.534	0.550	0.289	0.403	0.593	0.560	0.862	0.757	0.450	0.119	0.568	
Pop15	0.706	0.735	0.667	0.602	0.704	0.708	0.667	0.642	0.711	0.839	0.768	0.746	0.725	0.788	0.726	
Pop16	0.531	0.597	0.583	0.514	0.210	0.546	0.516	0.584	0.181	0.843	0.733	0.619	0.549	0.689	0.548	0.705	
Pop17	0.254	0.323	0.530	0.483	0.456	0.285	0.346	0.535	0.460	0.789	0.651	0.388	0.249	0.325	0.248	0.645	0.453	
Pop18	0.786	0.806	0.742	0.686	0.785	0.786	0.749	0.706	0.792	0.743	0.814	0.813	0.801	0.843	0.803	0.793	0.787	0.737	
Pop19	0.668	0.686	0.646	0.602	0.668	0.669	0.646	0.617	0.672	0.471	0.697	0.691	0.678	0.715	0.678	0.691	0.669	0.632	0.552	
Pop20	0.868	0.888	0.808	0.743	0.865	0.866	0.821	0.768	0.874	0.509	0.892	0.895	0.887	0.929	0.889	0.859	0.868	0.811	0.772	0.493	
Pop21	0.516	0.614	0.659	0.586	0.666	0.460	0.427	0.641	0.679	0.883	0.807	0.422	0.563	0.748	0.560	0.769	0.667	0.455	0.827	0.705	0.909	
CV error (K=22): 0.04812
Writing output files.
