****                   ADMIXTURE Version 1.3.0                  ****
****                    Copyright 2008-2015                     ****
****           David Alexander, Suyash Shringarpure,            ****
****                John  Novembre, Ken Lange                   ****
****                                                            ****
****                 Please cite our paper!                     ****
****   Information at www.genetics.ucla.edu/software/admixture  ****

Cross-validation will be performed.  Folds=10.
Parallel execution requested.  Will use 24 threads.
Random seed: 1884
Point estimation method: Block relaxation algorithm
Convergence acceleration algorithm: QuasiNewton, 3 secant conditions
Point estimation will terminate when objective function delta < 0.0001
Estimation of standard errors disabled; will compute point estimates only.
Size of G: 713x578311
Performing five EM steps to prime main algorithm
1 (EM) 	Elapsed: 164.685	Loglikelihood: -5.2809e+07	(delta): 5.35752e+08
2 (EM) 	Elapsed: 167.804	Loglikelihood: -4.58473e+07	(delta): 6.96166e+06
3 (EM) 	Elapsed: 165.927	Loglikelihood: -4.51253e+07	(delta): 722089
4 (EM) 	Elapsed: 163.216	Loglikelihood: -4.4717e+07	(delta): 408279
5 (EM) 	Elapsed: 165.814	Loglikelihood: -4.43631e+07	(delta): 353861
Initial loglikelihood: -4.43631e+07
Starting main algorithm
1 (QN/Block) 	Elapsed: 334.067	Loglikelihood: -2.60447e+07	(delta): 1.83184e+07
2 (QN/Block) 	Elapsed: 330.595	Loglikelihood: -1.9738e+07	(delta): 6.30669e+06
3 (QN/Block) 	Elapsed: 340.231	Loglikelihood: -1.74951e+07	(delta): 2.2429e+06
4 (QN/Block) 	Elapsed: 337.619	Loglikelihood: -1.62192e+07	(delta): 1.27588e+06
5 (QN/Block) 	Elapsed: 329.471	Loglikelihood: -1.54653e+07	(delta): 753930
6 (QN/Block) 	Elapsed: 337.594	Loglikelihood: -1.49779e+07	(delta): 487360
7 (QN/Block) 	Elapsed: 336.361	Loglikelihood: -1.47034e+07	(delta): 274557
8 (QN/Block) 	Elapsed: 333.628	Loglikelihood: -1.44956e+07	(delta): 207766
9 (QN/Block) 	Elapsed: 333.067	Loglikelihood: -1.44277e+07	(delta): 67890.6
10 (QN/Block) 	Elapsed: 335.166	Loglikelihood: -1.44082e+07	(delta): 19511.7
11 (QN/Block) 	Elapsed: 332.064	Loglikelihood: -1.43987e+07	(delta): 9517.57
12 (QN/Block) 	Elapsed: 331.549	Loglikelihood: -1.43957e+07	(delta): 2979.31
13 (QN/Block) 	Elapsed: 335.422	Loglikelihood: -1.43952e+07	(delta): 487.977
14 (QN/Block) 	Elapsed: 332.869	Loglikelihood: -1.43948e+07	(delta): 412.549
15 (QN/Block) 	Elapsed: 336.273	Loglikelihood: -1.43947e+07	(delta): 111.497
16 (QN/Block) 	Elapsed: 332.327	Loglikelihood: -1.43946e+07	(delta): 127.638
17 (QN/Block) 	Elapsed: 334.03	Loglikelihood: -1.43946e+07	(delta): 4.31593
18 (QN/Block) 	Elapsed: 333.401	Loglikelihood: -1.43946e+07	(delta): 1.28149
19 (QN/Block) 	Elapsed: 332.047	Loglikelihood: -1.43946e+07	(delta): 0.228523
20 (QN/Block) 	Elapsed: 331.683	Loglikelihood: -1.43946e+07	(delta): 0.110621
21 (QN/Block) 	Elapsed: 332.926	Loglikelihood: -1.43946e+07	(delta): 0.0315621
22 (QN/Block) 	Elapsed: 335.671	Loglikelihood: -1.43946e+07	(delta): 0.0121998
23 (QN/Block) 	Elapsed: 334.254	Loglikelihood: -1.43946e+07	(delta): 0.0120063
24 (QN/Block) 	Elapsed: 332.297	Loglikelihood: -1.43946e+07	(delta): 0.0124118
25 (QN/Block) 	Elapsed: 331.812	Loglikelihood: -1.43946e+07	(delta): 0.0131586
26 (QN/Block) 	Elapsed: 333.474	Loglikelihood: -1.43946e+07	(delta): 0.0142966
27 (QN/Block) 	Elapsed: 331.963	Loglikelihood: -1.43946e+07	(delta): 0.0159178
28 (QN/Block) 	Elapsed: 331.286	Loglikelihood: -1.43946e+07	(delta): 0.0181851
29 (QN/Block) 	Elapsed: 334.405	Loglikelihood: -1.43946e+07	(delta): 0.0237981
30 (QN/Block) 	Elapsed: 334.814	Loglikelihood: -1.43946e+07	(delta): 0.0305977
31 (QN/Block) 	Elapsed: 335.563	Loglikelihood: -1.43946e+07	(delta): 0.0360219
32 (QN/Block) 	Elapsed: 341.7	Loglikelihood: -1.43946e+07	(delta): 0.0446553
33 (QN/Block) 	Elapsed: 331.12	Loglikelihood: -1.43946e+07	(delta): 0.0537228
34 (QN/Block) 	Elapsed: 334.635	Loglikelihood: -1.43946e+07	(delta): 0.02403
35 (QN/Block) 	Elapsed: 330.808	Loglikelihood: -1.43946e+07	(delta): 0.00662225
36 (QN/Block) 	Elapsed: 331.87	Loglikelihood: -1.43946e+07	(delta): 0.00115835
37 (QN/Block) 	Elapsed: 332.437	Loglikelihood: -1.43946e+07	(delta): 0.000313845
38 (QN/Block) 	Elapsed: 331.516	Loglikelihood: -1.43946e+07	(delta): 1.03191e-05
Summary: 
Converged in 38 iterations (13524.7 sec)
Loglikelihood: -14394553.258463
Fst divergences between estimated populations: 
	Pop0	Pop1	Pop2	Pop3	Pop4	Pop5	Pop6	Pop7	Pop8	Pop9	Pop10	Pop11	Pop12	Pop13	Pop14	
Pop0	
Pop1	0.283	
Pop2	0.475	0.500	
Pop3	0.493	0.463	0.646	
Pop4	0.681	0.709	0.721	0.800	
Pop5	0.617	0.637	0.642	0.708	0.684	
Pop6	0.275	0.189	0.494	0.450	0.697	0.629	
Pop7	0.553	0.574	0.574	0.655	0.674	0.611	0.567	
Pop8	0.306	0.311	0.303	0.376	0.410	0.393	0.311	0.352	
Pop9	0.766	0.784	0.790	0.833	0.822	0.761	0.775	0.750	0.555	
Pop10	0.364	0.350	0.489	0.406	0.665	0.609	0.342	0.550	0.318	0.750	
Pop11	0.424	0.355	0.596	0.398	0.772	0.685	0.358	0.627	0.350	0.819	0.381	
Pop12	0.286	0.222	0.532	0.556	0.754	0.666	0.266	0.602	0.316	0.811	0.384	0.447	
Pop13	0.720	0.736	0.741	0.784	0.774	0.722	0.729	0.710	0.527	0.646	0.707	0.769	0.760	
Pop14	0.287	0.201	0.531	0.552	0.755	0.667	0.272	0.603	0.315	0.812	0.385	0.440	0.123	0.761	
Pop15	0.481	0.507	0.164	0.649	0.722	0.644	0.500	0.577	0.309	0.790	0.494	0.601	0.539	0.741	0.539	
CV error (K=16): 0.05114
Writing output files.
