****                   ADMIXTURE Version 1.3.0                  ****
****                    Copyright 2008-2015                     ****
****           David Alexander, Suyash Shringarpure,            ****
****                John  Novembre, Ken Lange                   ****
****                                                            ****
****                 Please cite our paper!                     ****
****   Information at www.genetics.ucla.edu/software/admixture  ****

Cross-validation will be performed.  Folds=10.
Parallel execution requested.  Will use 24 threads.
Random seed: 1432
Point estimation method: Block relaxation algorithm
Convergence acceleration algorithm: QuasiNewton, 3 secant conditions
Point estimation will terminate when objective function delta < 0.0001
Estimation of standard errors disabled; will compute point estimates only.
Size of G: 713x578311
Performing five EM steps to prime main algorithm
1 (EM) 	Elapsed: 317.996	Loglikelihood: -5.2848e+07	(delta): 5.30879e+08
2 (EM) 	Elapsed: 319.635	Loglikelihood: -4.56926e+07	(delta): 7.15537e+06
3 (EM) 	Elapsed: 314.997	Loglikelihood: -4.49602e+07	(delta): 732445
4 (EM) 	Elapsed: 327.844	Loglikelihood: -4.45503e+07	(delta): 409838
5 (EM) 	Elapsed: 327.694	Loglikelihood: -4.41969e+07	(delta): 353387
Initial loglikelihood: -4.41969e+07
Starting main algorithm
1 (QN/Block) 	Elapsed: 432.547	Loglikelihood: -2.44451e+07	(delta): 1.97519e+07
2 (QN/Block) 	Elapsed: 432.737	Loglikelihood: -1.69597e+07	(delta): 7.48533e+06
3 (QN/Block) 	Elapsed: 434.676	Loglikelihood: -1.50146e+07	(delta): 1.94518e+06
4 (QN/Block) 	Elapsed: 435.765	Loglikelihood: -1.387e+07	(delta): 1.14452e+06
5 (QN/Block) 	Elapsed: 434.249	Loglikelihood: -1.32402e+07	(delta): 629810
6 (QN/Block) 	Elapsed: 427.62	Loglikelihood: -1.29547e+07	(delta): 285485
7 (QN/Block) 	Elapsed: 430.811	Loglikelihood: -1.28608e+07	(delta): 93987.6
8 (QN/Block) 	Elapsed: 434.194	Loglikelihood: -1.28284e+07	(delta): 32356.1
9 (QN/Block) 	Elapsed: 435.659	Loglikelihood: -1.28055e+07	(delta): 22900.4
10 (QN/Block) 	Elapsed: 436.201	Loglikelihood: -1.27938e+07	(delta): 11719.2
11 (QN/Block) 	Elapsed: 436.939	Loglikelihood: -1.27904e+07	(delta): 3380.84
12 (QN/Block) 	Elapsed: 436.23	Loglikelihood: -1.27899e+07	(delta): 511.453
13 (QN/Block) 	Elapsed: 435.206	Loglikelihood: -1.27897e+07	(delta): 194.927
14 (QN/Block) 	Elapsed: 440.809	Loglikelihood: -1.27897e+07	(delta): 15.1225
15 (QN/Block) 	Elapsed: 436.373	Loglikelihood: -1.27897e+07	(delta): 19.382
16 (QN/Block) 	Elapsed: 437.021	Loglikelihood: -1.27897e+07	(delta): 2.69608
17 (QN/Block) 	Elapsed: 435.91	Loglikelihood: -1.27897e+07	(delta): 1.40717
18 (QN/Block) 	Elapsed: 434.036	Loglikelihood: -1.27897e+07	(delta): 1.09216
19 (QN/Block) 	Elapsed: 434.742	Loglikelihood: -1.27897e+07	(delta): 0.202524
20 (QN/Block) 	Elapsed: 431.591	Loglikelihood: -1.27897e+07	(delta): 0.0855143
21 (QN/Block) 	Elapsed: 435.584	Loglikelihood: -1.27897e+07	(delta): 0.0266633
22 (QN/Block) 	Elapsed: 433.31	Loglikelihood: -1.27897e+07	(delta): 0.00778073
23 (QN/Block) 	Elapsed: 435.508	Loglikelihood: -1.27897e+07	(delta): 0.00932211
24 (QN/Block) 	Elapsed: 433.069	Loglikelihood: -1.27897e+07	(delta): 0.0660734
25 (QN/Block) 	Elapsed: 434.428	Loglikelihood: -1.27897e+07	(delta): 0.237986
26 (QN/Block) 	Elapsed: 435.687	Loglikelihood: -1.27896e+07	(delta): 0.640262
27 (QN/Block) 	Elapsed: 435.805	Loglikelihood: -1.27896e+07	(delta): 0.182359
28 (QN/Block) 	Elapsed: 433.538	Loglikelihood: -1.27896e+07	(delta): 0.0188191
29 (QN/Block) 	Elapsed: 430.319	Loglikelihood: -1.27896e+07	(delta): 0.00183201
30 (QN/Block) 	Elapsed: 433.498	Loglikelihood: -1.27896e+07	(delta): 0.000815129
31 (QN/Block) 	Elapsed: 432.904	Loglikelihood: -1.27896e+07	(delta): 8.67508e-05
Summary: 
Converged in 31 iterations (15096.2 sec)
Loglikelihood: -12789649.271197
Fst divergences between estimated populations: 
	Pop0	Pop1	Pop2	Pop3	Pop4	Pop5	Pop6	Pop7	Pop8	Pop9	Pop10	Pop11	Pop12	Pop13	Pop14	Pop15	Pop16	Pop17	Pop18	Pop19	Pop20	Pop21	
Pop0	
Pop1	0.891	
Pop2	0.462	0.886	
Pop3	0.391	0.809	0.390	
Pop4	0.678	0.921	0.569	0.524	
Pop5	0.779	0.886	0.760	0.665	0.826	
Pop6	0.412	0.816	0.274	0.350	0.333	0.662	
Pop7	0.626	0.868	0.558	0.502	0.691	0.737	0.469	
Pop8	0.633	0.804	0.606	0.550	0.669	0.674	0.539	0.585	
Pop9	0.879	0.521	0.874	0.799	0.908	0.875	0.805	0.856	0.795	
Pop10	0.625	0.863	0.560	0.505	0.686	0.732	0.473	0.176	0.585	0.852	
Pop11	0.768	0.556	0.757	0.702	0.793	0.769	0.703	0.744	0.705	0.546	0.742	
Pop12	0.437	0.865	0.180	0.379	0.535	0.732	0.287	0.542	0.591	0.853	0.545	0.743	
Pop13	0.450	0.858	0.266	0.375	0.513	0.723	0.261	0.535	0.586	0.846	0.538	0.738	0.266	
Pop14	0.406	0.869	0.289	0.381	0.565	0.739	0.306	0.557	0.597	0.857	0.559	0.746	0.232	0.299	
Pop15	0.814	0.767	0.805	0.742	0.840	0.813	0.745	0.790	0.742	0.753	0.787	0.620	0.788	0.782	0.792	
Pop16	0.564	0.740	0.536	0.500	0.592	0.604	0.490	0.516	0.516	0.733	0.516	0.653	0.528	0.525	0.534	0.686	
Pop17	0.509	0.896	0.195	0.415	0.618	0.776	0.307	0.586	0.620	0.883	0.587	0.766	0.257	0.310	0.326	0.814	0.548	
Pop18	0.621	0.861	0.558	0.504	0.681	0.729	0.472	0.200	0.584	0.849	0.224	0.740	0.543	0.536	0.556	0.785	0.515	0.584	
Pop19	0.391	0.603	0.358	0.354	0.413	0.424	0.337	0.356	0.379	0.597	0.360	0.528	0.356	0.358	0.364	0.556	0.351	0.369	0.360	
Pop20	0.468	0.884	0.161	0.389	0.563	0.757	0.276	0.559	0.605	0.872	0.560	0.756	0.244	0.271	0.297	0.804	0.536	0.179	0.558	0.360	
Pop21	0.431	0.906	0.573	0.414	0.744	0.807	0.478	0.676	0.661	0.893	0.673	0.782	0.535	0.534	0.509	0.828	0.587	0.615	0.669	0.414	0.574	
Pop22	0.348	0.862	0.298	0.360	0.551	0.731	0.311	0.551	0.592	0.851	0.552	0.742	0.232	0.296	0.238	0.787	0.530	0.343	0.550	0.362	0.314	0.455	
CV error (K=23): 0.04801
Writing output files.
