****                   ADMIXTURE Version 1.3.0                  ****
****                    Copyright 2008-2015                     ****
****           David Alexander, Suyash Shringarpure,            ****
****                John  Novembre, Ken Lange                   ****
****                                                            ****
****                 Please cite our paper!                     ****
****   Information at www.genetics.ucla.edu/software/admixture  ****

Cross-validation will be performed.  Folds=10.
Parallel execution requested.  Will use 24 threads.
Random seed: 1322
Point estimation method: Block relaxation algorithm
Convergence acceleration algorithm: QuasiNewton, 3 secant conditions
Point estimation will terminate when objective function delta < 0.0001
Estimation of standard errors disabled; will compute point estimates only.
Size of G: 713x578311
Performing five EM steps to prime main algorithm
1 (EM) 	Elapsed: 50.723	Loglikelihood: -5.22265e+07	(delta): 5.64395e+08
2 (EM) 	Elapsed: 53.285	Loglikelihood: -4.62574e+07	(delta): 5.96909e+06
3 (EM) 	Elapsed: 55.52	Loglikelihood: -4.56483e+07	(delta): 609106
4 (EM) 	Elapsed: 51.853	Loglikelihood: -4.53423e+07	(delta): 305945
5 (EM) 	Elapsed: 52.607	Loglikelihood: -4.5126e+07	(delta): 216261
Initial loglikelihood: -4.5126e+07
Starting main algorithm
1 (QN/Block) 	Elapsed: 148.392	Loglikelihood: -3.55336e+07	(delta): 9.59248e+06
2 (QN/Block) 	Elapsed: 153.687	Loglikelihood: -2.83814e+07	(delta): 7.15212e+06
3 (QN/Block) 	Elapsed: 153.901	Loglikelihood: -2.60987e+07	(delta): 2.28275e+06
4 (QN/Block) 	Elapsed: 153.121	Loglikelihood: -2.38784e+07	(delta): 2.2203e+06
5 (QN/Block) 	Elapsed: 152.536	Loglikelihood: -2.23896e+07	(delta): 1.48879e+06
6 (QN/Block) 	Elapsed: 155.637	Loglikelihood: -2.16778e+07	(delta): 711825
7 (QN/Block) 	Elapsed: 154.292	Loglikelihood: -2.13682e+07	(delta): 309552
8 (QN/Block) 	Elapsed: 152.686	Loglikelihood: -2.124e+07	(delta): 128251
9 (QN/Block) 	Elapsed: 153.263	Loglikelihood: -2.12096e+07	(delta): 30364.9
10 (QN/Block) 	Elapsed: 153.77	Loglikelihood: -2.11921e+07	(delta): 17517.1
11 (QN/Block) 	Elapsed: 153.2	Loglikelihood: -2.11833e+07	(delta): 8802.75
12 (QN/Block) 	Elapsed: 152.692	Loglikelihood: -2.11771e+07	(delta): 6217.63
13 (QN/Block) 	Elapsed: 154.709	Loglikelihood: -2.11745e+07	(delta): 2546.37
14 (QN/Block) 	Elapsed: 152.648	Loglikelihood: -2.11733e+07	(delta): 1237.62
15 (QN/Block) 	Elapsed: 153.703	Loglikelihood: -2.11732e+07	(delta): 131.954
16 (QN/Block) 	Elapsed: 154.921	Loglikelihood: -2.11731e+07	(delta): 43.0776
17 (QN/Block) 	Elapsed: 152.581	Loglikelihood: -2.11731e+07	(delta): 15.9255
18 (QN/Block) 	Elapsed: 153.018	Loglikelihood: -2.11731e+07	(delta): 0.166518
19 (QN/Block) 	Elapsed: 153.808	Loglikelihood: -2.11731e+07	(delta): 0.00847852
20 (QN/Block) 	Elapsed: 151.894	Loglikelihood: -2.11731e+07	(delta): 0.00244881
21 (QN/Block) 	Elapsed: 154.299	Loglikelihood: -2.11731e+07	(delta): 8.15988e-05
Summary: 
Converged in 21 iterations (3488.61 sec)
Loglikelihood: -21173099.972897
Fst divergences between estimated populations: 
	Pop0	Pop1	Pop2	Pop3	Pop4	
Pop0	
Pop1	0.489	
Pop2	0.637	0.590	
Pop3	0.159	0.414	0.568	
Pop4	0.445	0.492	0.642	0.347	
Pop5	0.559	0.515	0.613	0.471	0.570	
CV error (K=6): 0.06419
Writing output files.
