****                   ADMIXTURE Version 1.3.0                  ****
****                    Copyright 2008-2015                     ****
****           David Alexander, Suyash Shringarpure,            ****
****                John  Novembre, Ken Lange                   ****
****                                                            ****
****                 Please cite our paper!                     ****
****   Information at www.genetics.ucla.edu/software/admixture  ****

Cross-validation will be performed.  Folds=10.
Parallel execution requested.  Will use 24 threads.
Random seed: 1807
Point estimation method: Block relaxation algorithm
Convergence acceleration algorithm: QuasiNewton, 3 secant conditions
Point estimation will terminate when objective function delta < 0.0001
Estimation of standard errors disabled; will compute point estimates only.
Size of G: 713x578311
Performing five EM steps to prime main algorithm
1 (EM) 	Elapsed: 219.157	Loglikelihood: -5.27875e+07	(delta): 5.34275e+08
2 (EM) 	Elapsed: 223.758	Loglikelihood: -4.57183e+07	(delta): 7.06926e+06
3 (EM) 	Elapsed: 218.719	Loglikelihood: -4.49654e+07	(delta): 752835
4 (EM) 	Elapsed: 221.86	Loglikelihood: -4.45276e+07	(delta): 437806
5 (EM) 	Elapsed: 223.364	Loglikelihood: -4.41386e+07	(delta): 389046
Initial loglikelihood: -4.41386e+07
Starting main algorithm
1 (QN/Block) 	Elapsed: 355.347	Loglikelihood: -2.5285e+07	(delta): 1.88536e+07
2 (QN/Block) 	Elapsed: 357.656	Loglikelihood: -1.81731e+07	(delta): 7.11185e+06
3 (QN/Block) 	Elapsed: 356.257	Loglikelihood: -1.62085e+07	(delta): 1.96463e+06
4 (QN/Block) 	Elapsed: 356.823	Loglikelihood: -1.48599e+07	(delta): 1.34852e+06
5 (QN/Block) 	Elapsed: 357.498	Loglikelihood: -1.41273e+07	(delta): 732678
6 (QN/Block) 	Elapsed: 358.066	Loglikelihood: -1.37232e+07	(delta): 404118
7 (QN/Block) 	Elapsed: 359.195	Loglikelihood: -1.36322e+07	(delta): 90946.7
8 (QN/Block) 	Elapsed: 358.999	Loglikelihood: -1.36004e+07	(delta): 31811.6
9 (QN/Block) 	Elapsed: 359.914	Loglikelihood: -1.35856e+07	(delta): 14762.4
10 (QN/Block) 	Elapsed: 362.701	Loglikelihood: -1.35774e+07	(delta): 8274.47
11 (QN/Block) 	Elapsed: 357.481	Loglikelihood: -1.35742e+07	(delta): 3193.79
12 (QN/Block) 	Elapsed: 361.136	Loglikelihood: -1.35727e+07	(delta): 1480.51
13 (QN/Block) 	Elapsed: 363.504	Loglikelihood: -1.35722e+07	(delta): 513.893
14 (QN/Block) 	Elapsed: 351.433	Loglikelihood: -1.35709e+07	(delta): 1228.2
15 (QN/Block) 	Elapsed: 348.102	Loglikelihood: -1.35703e+07	(delta): 623.52
16 (QN/Block) 	Elapsed: 349.5	Loglikelihood: -1.35697e+07	(delta): 578.397
17 (QN/Block) 	Elapsed: 349.673	Loglikelihood: -1.35693e+07	(delta): 439.375
18 (QN/Block) 	Elapsed: 350.515	Loglikelihood: -1.35693e+07	(delta): 29.0014
19 (QN/Block) 	Elapsed: 349.916	Loglikelihood: -1.35693e+07	(delta): 3.3284
20 (QN/Block) 	Elapsed: 346.307	Loglikelihood: -1.35693e+07	(delta): 0.887481
21 (QN/Block) 	Elapsed: 345.257	Loglikelihood: -1.35693e+07	(delta): 0.0917656
22 (QN/Block) 	Elapsed: 342.799	Loglikelihood: -1.35693e+07	(delta): 0.0120682
23 (QN/Block) 	Elapsed: 342.588	Loglikelihood: -1.35693e+07	(delta): 0.00248382
24 (QN/Block) 	Elapsed: 343.234	Loglikelihood: -1.35693e+07	(delta): 0.000263626
25 (QN/Block) 	Elapsed: 343.358	Loglikelihood: -1.35693e+07	(delta): 1.02948e-05
Summary: 
Converged in 25 iterations (9946.11 sec)
Loglikelihood: -13569266.765833
Fst divergences between estimated populations: 
	Pop0	Pop1	Pop2	Pop3	Pop4	Pop5	Pop6	Pop7	Pop8	Pop9	Pop10	Pop11	Pop12	Pop13	Pop14	Pop15	Pop16	
Pop0	
Pop1	0.844	
Pop2	0.822	0.784	
Pop3	0.719	0.692	0.641	
Pop4	0.807	0.765	0.443	0.614	
Pop5	0.874	0.853	0.847	0.774	0.840	
Pop6	0.847	0.812	0.407	0.667	0.556	0.862	
Pop7	0.615	0.554	0.533	0.518	0.509	0.689	0.558	
Pop8	0.716	0.681	0.629	0.579	0.602	0.771	0.657	0.500	
Pop9	0.527	0.490	0.452	0.447	0.422	0.621	0.475	0.370	0.433	
Pop10	0.723	0.682	0.415	0.562	0.275	0.786	0.485	0.474	0.548	0.401	
Pop11	0.755	0.720	0.590	0.575	0.524	0.810	0.638	0.496	0.569	0.413	0.462	
Pop12	0.765	0.729	0.597	0.579	0.528	0.816	0.647	0.497	0.572	0.412	0.463	0.117	
Pop13	0.757	0.717	0.343	0.588	0.241	0.808	0.450	0.492	0.575	0.413	0.286	0.500	0.502	
Pop14	0.840	0.818	0.811	0.746	0.803	0.719	0.826	0.663	0.742	0.597	0.752	0.775	0.780	0.773	
Pop15	0.741	0.706	0.422	0.586	0.425	0.795	0.447	0.497	0.575	0.425	0.387	0.520	0.522	0.383	0.763	
Pop16	0.796	0.772	0.764	0.708	0.753	0.493	0.778	0.630	0.704	0.567	0.709	0.729	0.734	0.728	0.619	0.720	
Pop17	0.796	0.754	0.436	0.607	0.115	0.833	0.543	0.504	0.595	0.420	0.265	0.513	0.517	0.245	0.796	0.414	0.748	
CV error (K=18): 0.04943
Writing output files.
