****                   ADMIXTURE Version 1.3.0                  ****
****                    Copyright 2008-2015                     ****
****           David Alexander, Suyash Shringarpure,            ****
****                John  Novembre, Ken Lange                   ****
****                                                            ****
****                 Please cite our paper!                     ****
****   Information at www.genetics.ucla.edu/software/admixture  ****

Cross-validation will be performed.  Folds=10.
Parallel execution requested.  Will use 24 threads.
Random seed: 1884
Point estimation method: Block relaxation algorithm
Convergence acceleration algorithm: QuasiNewton, 3 secant conditions
Point estimation will terminate when objective function delta < 0.0001
Estimation of standard errors disabled; will compute point estimates only.
Size of G: 713x578311
Performing five EM steps to prime main algorithm
1 (EM) 	Elapsed: 38.255	Loglikelihood: -5.12973e+07	(delta): 5.88513e+08
2 (EM) 	Elapsed: 48.164	Loglikelihood: -4.61932e+07	(delta): 5.10419e+06
3 (EM) 	Elapsed: 46.76	Loglikelihood: -4.56485e+07	(delta): 544686
4 (EM) 	Elapsed: 44.639	Loglikelihood: -4.5372e+07	(delta): 276505
5 (EM) 	Elapsed: 47.976	Loglikelihood: -4.51846e+07	(delta): 187346
Initial loglikelihood: -4.51846e+07
Starting main algorithm
1 (QN/Block) 	Elapsed: 102.933	Loglikelihood: -3.77134e+07	(delta): 7.47119e+06
2 (QN/Block) 	Elapsed: 95.363	Loglikelihood: -3.26698e+07	(delta): 5.0436e+06
3 (QN/Block) 	Elapsed: 95.212	Loglikelihood: -3.08213e+07	(delta): 1.84852e+06
4 (QN/Block) 	Elapsed: 94.795	Loglikelihood: -2.79534e+07	(delta): 2.86792e+06
5 (QN/Block) 	Elapsed: 93.74	Loglikelihood: -2.61886e+07	(delta): 1.76474e+06
6 (QN/Block) 	Elapsed: 93.963	Loglikelihood: -2.57243e+07	(delta): 464313
7 (QN/Block) 	Elapsed: 94.298	Loglikelihood: -2.48851e+07	(delta): 839190
8 (QN/Block) 	Elapsed: 94.598	Loglikelihood: -2.46178e+07	(delta): 267364
9 (QN/Block) 	Elapsed: 93.398	Loglikelihood: -2.45861e+07	(delta): 31642
10 (QN/Block) 	Elapsed: 93.67	Loglikelihood: -2.45757e+07	(delta): 10419.4
11 (QN/Block) 	Elapsed: 94.768	Loglikelihood: -2.45724e+07	(delta): 3347.26
12 (QN/Block) 	Elapsed: 95.331	Loglikelihood: -2.4571e+07	(delta): 1342.28
13 (QN/Block) 	Elapsed: 94.719	Loglikelihood: -2.45708e+07	(delta): 188.238
14 (QN/Block) 	Elapsed: 94.742	Loglikelihood: -2.45708e+07	(delta): 2.06184
15 (QN/Block) 	Elapsed: 95.237	Loglikelihood: -2.45708e+07	(delta): 0.737791
16 (QN/Block) 	Elapsed: 93.787	Loglikelihood: -2.45708e+07	(delta): 0.0244255
17 (QN/Block) 	Elapsed: 94.637	Loglikelihood: -2.45708e+07	(delta): 0.00120873
18 (QN/Block) 	Elapsed: 93.106	Loglikelihood: -2.45708e+07	(delta): 4.1388e-05
Summary: 
Converged in 18 iterations (1938.34 sec)
Loglikelihood: -24570837.929022
Fst divergences between estimated populations: 
	Pop0	Pop1	Pop2	
Pop0	
Pop1	0.389	
Pop2	0.629	0.620	
Pop3	0.313	0.312	0.486	
CV error (K=4): 0.07155
Writing output files.
