****                   ADMIXTURE Version 1.3.0                  ****
****                    Copyright 2008-2015                     ****
****           David Alexander, Suyash Shringarpure,            ****
****                John  Novembre, Ken Lange                   ****
****                                                            ****
****                 Please cite our paper!                     ****
****   Information at www.genetics.ucla.edu/software/admixture  ****

Cross-validation will be performed.  Folds=10.
Parallel execution requested.  Will use 24 threads.
Random seed: 1230
Point estimation method: Block relaxation algorithm
Convergence acceleration algorithm: QuasiNewton, 3 secant conditions
Point estimation will terminate when objective function delta < 0.0001
Estimation of standard errors disabled; will compute point estimates only.
Size of G: 713x578311
Performing five EM steps to prime main algorithm
1 (EM) 	Elapsed: 146.202	Loglikelihood: -5.28307e+07	(delta): 5.37204e+08
2 (EM) 	Elapsed: 141.219	Loglikelihood: -4.58378e+07	(delta): 6.99285e+06
3 (EM) 	Elapsed: 141.898	Loglikelihood: -4.50966e+07	(delta): 741257
4 (EM) 	Elapsed: 150.971	Loglikelihood: -4.46794e+07	(delta): 417225
5 (EM) 	Elapsed: 144.567	Loglikelihood: -4.43267e+07	(delta): 352681
Initial loglikelihood: -4.43267e+07
Starting main algorithm
1 (QN/Block) 	Elapsed: 303.66	Loglikelihood: -2.63666e+07	(delta): 1.796e+07
2 (QN/Block) 	Elapsed: 295.086	Loglikelihood: -1.86268e+07	(delta): 7.73984e+06
3 (QN/Block) 	Elapsed: 299.942	Loglikelihood: -1.69266e+07	(delta): 1.70024e+06
4 (QN/Block) 	Elapsed: 302.04	Loglikelihood: -1.56805e+07	(delta): 1.24609e+06
5 (QN/Block) 	Elapsed: 299.547	Loglikelihood: -1.50974e+07	(delta): 583082
6 (QN/Block) 	Elapsed: 302.257	Loglikelihood: -1.48654e+07	(delta): 231944
7 (QN/Block) 	Elapsed: 298.719	Loglikelihood: -1.47722e+07	(delta): 93280
8 (QN/Block) 	Elapsed: 299.567	Loglikelihood: -1.46719e+07	(delta): 100241
9 (QN/Block) 	Elapsed: 296.58	Loglikelihood: -1.4552e+07	(delta): 119876
10 (QN/Block) 	Elapsed: 302.474	Loglikelihood: -1.45072e+07	(delta): 44808.2
11 (QN/Block) 	Elapsed: 301.51	Loglikelihood: -1.4487e+07	(delta): 20243.9
12 (QN/Block) 	Elapsed: 300.539	Loglikelihood: -1.44785e+07	(delta): 8470.16
13 (QN/Block) 	Elapsed: 298.903	Loglikelihood: -1.44748e+07	(delta): 3730.14
14 (QN/Block) 	Elapsed: 297.495	Loglikelihood: -1.44741e+07	(delta): 717.378
15 (QN/Block) 	Elapsed: 300.183	Loglikelihood: -1.4474e+07	(delta): 37.5267
16 (QN/Block) 	Elapsed: 298.718	Loglikelihood: -1.4474e+07	(delta): 1.80928
17 (QN/Block) 	Elapsed: 299.454	Loglikelihood: -1.4474e+07	(delta): 1.08541
18 (QN/Block) 	Elapsed: 298.517	Loglikelihood: -1.4474e+07	(delta): 1.25808
19 (QN/Block) 	Elapsed: 301.825	Loglikelihood: -1.4474e+07	(delta): 1.35739
20 (QN/Block) 	Elapsed: 302.645	Loglikelihood: -1.4474e+07	(delta): 1.22764
21 (QN/Block) 	Elapsed: 301.796	Loglikelihood: -1.4474e+07	(delta): 2.03203
22 (QN/Block) 	Elapsed: 302.549	Loglikelihood: -1.4474e+07	(delta): 0.203662
23 (QN/Block) 	Elapsed: 300.5	Loglikelihood: -1.4474e+07	(delta): 0.0328401
24 (QN/Block) 	Elapsed: 298.287	Loglikelihood: -1.4474e+07	(delta): 0.0280112
25 (QN/Block) 	Elapsed: 301.438	Loglikelihood: -1.4474e+07	(delta): 0.00108927
26 (QN/Block) 	Elapsed: 301.512	Loglikelihood: -1.4474e+07	(delta): 7.14734e-05
Summary: 
Converged in 26 iterations (8543.5 sec)
Loglikelihood: -14474024.608151
Fst divergences between estimated populations: 
	Pop0	Pop1	Pop2	Pop3	Pop4	Pop5	Pop6	Pop7	Pop8	Pop9	Pop10	Pop11	Pop12	Pop13	
Pop0	
Pop1	0.736	
Pop2	0.742	0.672	
Pop3	0.585	0.778	0.787	
Pop4	0.611	0.788	0.797	0.386	
Pop5	0.365	0.547	0.548	0.330	0.361	
Pop6	0.674	0.805	0.814	0.727	0.749	0.413	
Pop7	0.804	0.372	0.767	0.864	0.871	0.596	0.886	
Pop8	0.558	0.722	0.728	0.570	0.597	0.369	0.660	0.786	
Pop9	0.600	0.793	0.802	0.125	0.416	0.334	0.752	0.882	0.583	
Pop10	0.543	0.742	0.749	0.253	0.385	0.318	0.667	0.820	0.534	0.256	
Pop11	0.570	0.771	0.779	0.502	0.566	0.326	0.716	0.854	0.550	0.519	0.453	
Pop12	0.574	0.771	0.779	0.509	0.571	0.330	0.717	0.854	0.553	0.527	0.460	0.125	
Pop13	0.543	0.730	0.736	0.355	0.330	0.331	0.656	0.801	0.533	0.368	0.342	0.474	0.480	
Pop14	0.587	0.775	0.784	0.227	0.308	0.339	0.724	0.858	0.574	0.277	0.297	0.518	0.524	0.346	
CV error (K=15): 0.05070
Writing output files.
