****                   ADMIXTURE Version 1.3.0                  ****
****                    Copyright 2008-2015                     ****
****           David Alexander, Suyash Shringarpure,            ****
****                John  Novembre, Ken Lange                   ****
****                                                            ****
****                 Please cite our paper!                     ****
****   Information at www.genetics.ucla.edu/software/admixture  ****

Cross-validation will be performed.  Folds=10.
Parallel execution requested.  Will use 24 threads.
Random seed: 1322
Point estimation method: Block relaxation algorithm
Convergence acceleration algorithm: QuasiNewton, 3 secant conditions
Point estimation will terminate when objective function delta < 0.0001
Estimation of standard errors disabled; will compute point estimates only.
Size of G: 713x578311
Performing five EM steps to prime main algorithm
1 (EM) 	Elapsed: 42.489	Loglikelihood: -5.13953e+07	(delta): 5.87251e+08
2 (EM) 	Elapsed: 39.032	Loglikelihood: -4.62434e+07	(delta): 5.15194e+06
3 (EM) 	Elapsed: 33.499	Loglikelihood: -4.56866e+07	(delta): 556757
4 (EM) 	Elapsed: 38.808	Loglikelihood: -4.54074e+07	(delta): 279265
5 (EM) 	Elapsed: 42.033	Loglikelihood: -4.52253e+07	(delta): 182059
Initial loglikelihood: -4.52253e+07
Starting main algorithm
1 (QN/Block) 	Elapsed: 98.86	Loglikelihood: -3.67518e+07	(delta): 8.47348e+06
2 (QN/Block) 	Elapsed: 99.222	Loglikelihood: -3.28203e+07	(delta): 3.93159e+06
3 (QN/Block) 	Elapsed: 99.407	Loglikelihood: -3.14795e+07	(delta): 1.34076e+06
4 (QN/Block) 	Elapsed: 100.293	Loglikelihood: -2.99042e+07	(delta): 1.57529e+06
5 (QN/Block) 	Elapsed: 98.897	Loglikelihood: -2.86705e+07	(delta): 1.23373e+06
6 (QN/Block) 	Elapsed: 101.133	Loglikelihood: -2.79556e+07	(delta): 714912
7 (QN/Block) 	Elapsed: 100.37	Loglikelihood: -2.76592e+07	(delta): 296368
8 (QN/Block) 	Elapsed: 100.262	Loglikelihood: -2.74763e+07	(delta): 182843
9 (QN/Block) 	Elapsed: 100.574	Loglikelihood: -2.73766e+07	(delta): 99705.4
10 (QN/Block) 	Elapsed: 100.332	Loglikelihood: -2.73565e+07	(delta): 20101
11 (QN/Block) 	Elapsed: 101.077	Loglikelihood: -2.73522e+07	(delta): 4346.27
12 (QN/Block) 	Elapsed: 96.087	Loglikelihood: -2.73511e+07	(delta): 1084.94
13 (QN/Block) 	Elapsed: 98.368	Loglikelihood: -2.73508e+07	(delta): 301.056
14 (QN/Block) 	Elapsed: 97.043	Loglikelihood: -2.73508e+07	(delta): 53.8701
15 (QN/Block) 	Elapsed: 100.429	Loglikelihood: -2.73507e+07	(delta): 3.44605
16 (QN/Block) 	Elapsed: 101.338	Loglikelihood: -2.73507e+07	(delta): 0.279538
17 (QN/Block) 	Elapsed: 98.266	Loglikelihood: -2.73507e+07	(delta): 0.154498
18 (QN/Block) 	Elapsed: 99.183	Loglikelihood: -2.73507e+07	(delta): 0.00361222
19 (QN/Block) 	Elapsed: 99.723	Loglikelihood: -2.73507e+07	(delta): 0.000131223
20 (QN/Block) 	Elapsed: 99.734	Loglikelihood: -2.73507e+07	(delta): 3.47942e-06
Summary: 
Converged in 20 iterations (2191.5 sec)
Loglikelihood: -27350747.296715
Fst divergences between estimated populations: 
	Pop0	Pop1	Pop2	
Pop0	
Pop1	0.533	
Pop2	0.576	0.497	
Pop3	0.506	0.437	0.423	
CV error (K=4): 0.07823
Writing output files.
