****                   ADMIXTURE Version 1.3.0                  ****
****                    Copyright 2008-2015                     ****
****           David Alexander, Suyash Shringarpure,            ****
****                John  Novembre, Ken Lange                   ****
****                                                            ****
****                 Please cite our paper!                     ****
****   Information at www.genetics.ucla.edu/software/admixture  ****

Cross-validation will be performed.  Folds=10.
Parallel execution requested.  Will use 24 threads.
Random seed: 1706
Point estimation method: Block relaxation algorithm
Convergence acceleration algorithm: QuasiNewton, 3 secant conditions
Point estimation will terminate when objective function delta < 0.0001
Estimation of standard errors disabled; will compute point estimates only.
Size of G: 713x578311
Performing five EM steps to prime main algorithm
1 (EM) 	Elapsed: 64.441	Loglikelihood: -5.24453e+07	(delta): 5.58598e+08
2 (EM) 	Elapsed: 54.66	Loglikelihood: -4.62278e+07	(delta): 6.21746e+06
3 (EM) 	Elapsed: 50.852	Loglikelihood: -4.55931e+07	(delta): 634641
4 (EM) 	Elapsed: 58.163	Loglikelihood: -4.52667e+07	(delta): 326442
5 (EM) 	Elapsed: 59.853	Loglikelihood: -4.50226e+07	(delta): 244109
Initial loglikelihood: -4.50226e+07
Starting main algorithm
1 (QN/Block) 	Elapsed: 144.736	Loglikelihood: -3.19286e+07	(delta): 1.3094e+07
2 (QN/Block) 	Elapsed: 145.659	Loglikelihood: -2.59161e+07	(delta): 6.01246e+06
3 (QN/Block) 	Elapsed: 146.276	Loglikelihood: -2.36171e+07	(delta): 2.29907e+06
4 (QN/Block) 	Elapsed: 146.354	Loglikelihood: -2.21891e+07	(delta): 1.42797e+06
5 (QN/Block) 	Elapsed: 144.39	Loglikelihood: -2.12393e+07	(delta): 949819
6 (QN/Block) 	Elapsed: 144.312	Loglikelihood: -2.09026e+07	(delta): 336707
7 (QN/Block) 	Elapsed: 146.367	Loglikelihood: -2.07102e+07	(delta): 192418
8 (QN/Block) 	Elapsed: 146.769	Loglikelihood: -2.06571e+07	(delta): 53045.1
9 (QN/Block) 	Elapsed: 146.544	Loglikelihood: -2.06199e+07	(delta): 37255
10 (QN/Block) 	Elapsed: 146.339	Loglikelihood: -2.04503e+07	(delta): 169532
11 (QN/Block) 	Elapsed: 146.779	Loglikelihood: -2.04125e+07	(delta): 37853
12 (QN/Block) 	Elapsed: 144.759	Loglikelihood: -2.04064e+07	(delta): 6112.16
13 (QN/Block) 	Elapsed: 147.292	Loglikelihood: -2.04013e+07	(delta): 5099.65
14 (QN/Block) 	Elapsed: 149.241	Loglikelihood: -2.04002e+07	(delta): 1041.13
15 (QN/Block) 	Elapsed: 145.641	Loglikelihood: -2.04e+07	(delta): 232.724
16 (QN/Block) 	Elapsed: 146.581	Loglikelihood: -2.04e+07	(delta): 19.0112
17 (QN/Block) 	Elapsed: 147.531	Loglikelihood: -2.04e+07	(delta): 0.251525
18 (QN/Block) 	Elapsed: 148.484	Loglikelihood: -2.04e+07	(delta): 0.000565592
19 (QN/Block) 	Elapsed: 145.549	Loglikelihood: -2.04e+07	(delta): 8.09133e-06
Summary: 
Converged in 19 iterations (3073.37 sec)
Loglikelihood: -20399963.623131
Fst divergences between estimated populations: 
	Pop0	Pop1	Pop2	Pop3	Pop4	Pop5	
Pop0	
Pop1	0.351	
Pop2	0.349	0.261	
Pop3	0.575	0.722	0.654	
Pop4	0.682	0.775	0.730	0.799	
Pop5	0.691	0.788	0.740	0.811	0.667	
Pop6	0.215	0.277	0.277	0.382	0.524	0.528	
CV error (K=7): 0.06289
Writing output files.
