****                   ADMIXTURE Version 1.3.0                  ****
****                    Copyright 2008-2015                     ****
****           David Alexander, Suyash Shringarpure,            ****
****                John  Novembre, Ken Lange                   ****
****                                                            ****
****                 Please cite our paper!                     ****
****   Information at www.genetics.ucla.edu/software/admixture  ****

Cross-validation will be performed.  Folds=10.
Parallel execution requested.  Will use 24 threads.
Random seed: 1807
Point estimation method: Block relaxation algorithm
Convergence acceleration algorithm: QuasiNewton, 3 secant conditions
Point estimation will terminate when objective function delta < 0.0001
Estimation of standard errors disabled; will compute point estimates only.
Size of G: 713x578311
Performing five EM steps to prime main algorithm
1 (EM) 	Elapsed: 63.502	Loglikelihood: -5.2532e+07	(delta): 5.49907e+08
2 (EM) 	Elapsed: 61.956	Loglikelihood: -4.60355e+07	(delta): 6.4965e+06
3 (EM) 	Elapsed: 62.961	Loglikelihood: -4.53603e+07	(delta): 675175
4 (EM) 	Elapsed: 65.395	Loglikelihood: -4.50102e+07	(delta): 350134
5 (EM) 	Elapsed: 67.718	Loglikelihood: -4.4747e+07	(delta): 263180
Initial loglikelihood: -4.4747e+07
Starting main algorithm
1 (QN/Block) 	Elapsed: 184.844	Loglikelihood: -2.89295e+07	(delta): 1.58175e+07
2 (QN/Block) 	Elapsed: 187.181	Loglikelihood: -2.15338e+07	(delta): 7.39564e+06
3 (QN/Block) 	Elapsed: 190.218	Loglikelihood: -1.95717e+07	(delta): 1.96213e+06
4 (QN/Block) 	Elapsed: 191.783	Loglikelihood: -1.85157e+07	(delta): 1.05603e+06
5 (QN/Block) 	Elapsed: 191.742	Loglikelihood: -1.7956e+07	(delta): 559670
6 (QN/Block) 	Elapsed: 190.682	Loglikelihood: -1.77693e+07	(delta): 186694
7 (QN/Block) 	Elapsed: 191.822	Loglikelihood: -1.77073e+07	(delta): 62026.6
8 (QN/Block) 	Elapsed: 189.945	Loglikelihood: -1.76888e+07	(delta): 18446
9 (QN/Block) 	Elapsed: 190.97	Loglikelihood: -1.76852e+07	(delta): 3598.13
10 (QN/Block) 	Elapsed: 189.074	Loglikelihood: -1.76846e+07	(delta): 667.99
11 (QN/Block) 	Elapsed: 192.055	Loglikelihood: -1.76843e+07	(delta): 281.023
12 (QN/Block) 	Elapsed: 187.473	Loglikelihood: -1.76842e+07	(delta): 30.0765
13 (QN/Block) 	Elapsed: 190.029	Loglikelihood: -1.76842e+07	(delta): 44.005
14 (QN/Block) 	Elapsed: 190.55	Loglikelihood: -1.76842e+07	(delta): 17.7422
15 (QN/Block) 	Elapsed: 190.685	Loglikelihood: -1.76842e+07	(delta): 3.29336
16 (QN/Block) 	Elapsed: 188.087	Loglikelihood: -1.76842e+07	(delta): 0.0769686
17 (QN/Block) 	Elapsed: 187.431	Loglikelihood: -1.76842e+07	(delta): 0.0083604
18 (QN/Block) 	Elapsed: 185.22	Loglikelihood: -1.76842e+07	(delta): 0.0487002
19 (QN/Block) 	Elapsed: 189.094	Loglikelihood: -1.76842e+07	(delta): 0.27011
20 (QN/Block) 	Elapsed: 190.465	Loglikelihood: -1.76842e+07	(delta): 0.310966
21 (QN/Block) 	Elapsed: 190.868	Loglikelihood: -1.76842e+07	(delta): 0.43763
22 (QN/Block) 	Elapsed: 190.48	Loglikelihood: -1.76842e+07	(delta): 0.177428
23 (QN/Block) 	Elapsed: 189.352	Loglikelihood: -1.76842e+07	(delta): 0.0716443
24 (QN/Block) 	Elapsed: 190.239	Loglikelihood: -1.76842e+07	(delta): 0.000241727
25 (QN/Block) 	Elapsed: 189.233	Loglikelihood: -1.76842e+07	(delta): 3.40901e-05
Summary: 
Converged in 25 iterations (5069.94 sec)
Loglikelihood: -17684182.473669
Fst divergences between estimated populations: 
	Pop0	Pop1	Pop2	Pop3	Pop4	Pop5	Pop6	Pop7	
Pop0	
Pop1	0.532	
Pop2	0.535	0.466	
Pop3	0.611	0.663	0.664	
Pop4	0.512	0.320	0.456	0.638	
Pop5	0.529	0.548	0.543	0.642	0.522	
Pop6	0.684	0.757	0.759	0.558	0.720	0.719	
Pop7	0.544	0.144	0.477	0.675	0.340	0.563	0.775	
Pop8	0.570	0.319	0.549	0.685	0.321	0.590	0.781	0.380	
CV error (K=9): 0.05650
Writing output files.
