****                   ADMIXTURE Version 1.3.0                  ****
****                    Copyright 2008-2015                     ****
****           David Alexander, Suyash Shringarpure,            ****
****                John  Novembre, Ken Lange                   ****
****                                                            ****
****                 Please cite our paper!                     ****
****   Information at www.genetics.ucla.edu/software/admixture  ****

Cross-validation will be performed.  Folds=10.
Parallel execution requested.  Will use 24 threads.
Random seed: 1830
Point estimation method: Block relaxation algorithm
Convergence acceleration algorithm: QuasiNewton, 3 secant conditions
Point estimation will terminate when objective function delta < 0.0001
Estimation of standard errors disabled; will compute point estimates only.
Size of G: 713x578311
Performing five EM steps to prime main algorithm
1 (EM) 	Elapsed: 396.748	Loglikelihood: -5.28047e+07	(delta): 5.27922e+08
2 (EM) 	Elapsed: 395.88	Loglikelihood: -4.55298e+07	(delta): 7.27489e+06
3 (EM) 	Elapsed: 397.299	Loglikelihood: -4.47493e+07	(delta): 780536
4 (EM) 	Elapsed: 398.436	Loglikelihood: -4.42737e+07	(delta): 475589
5 (EM) 	Elapsed: 401.695	Loglikelihood: -4.38128e+07	(delta): 460884
Initial loglikelihood: -4.38128e+07
Starting main algorithm
1 (QN/Block) 	Elapsed: 544.363	Loglikelihood: -2.32072e+07	(delta): 2.06055e+07
2 (QN/Block) 	Elapsed: 548.177	Loglikelihood: -1.57325e+07	(delta): 7.47475e+06
3 (QN/Block) 	Elapsed: 551.803	Loglikelihood: -1.39278e+07	(delta): 1.80465e+06
4 (QN/Block) 	Elapsed: 553.075	Loglikelihood: -1.28715e+07	(delta): 1.05634e+06
5 (QN/Block) 	Elapsed: 554.714	Loglikelihood: -1.22967e+07	(delta): 574829
6 (QN/Block) 	Elapsed: 553.254	Loglikelihood: -1.20823e+07	(delta): 214365
7 (QN/Block) 	Elapsed: 554.279	Loglikelihood: -1.20113e+07	(delta): 70968.6
8 (QN/Block) 	Elapsed: 551.658	Loglikelihood: -1.19832e+07	(delta): 28091.1
9 (QN/Block) 	Elapsed: 551.48	Loglikelihood: -1.19647e+07	(delta): 18512.6
10 (QN/Block) 	Elapsed: 555.072	Loglikelihood: -1.19499e+07	(delta): 14838.1
11 (QN/Block) 	Elapsed: 555.633	Loglikelihood: -1.1933e+07	(delta): 16924.8
12 (QN/Block) 	Elapsed: 557.426	Loglikelihood: -1.1884e+07	(delta): 48976.2
13 (QN/Block) 	Elapsed: 553.984	Loglikelihood: -1.18727e+07	(delta): 11306.5
14 (QN/Block) 	Elapsed: 554.337	Loglikelihood: -1.18668e+07	(delta): 5897.62
15 (QN/Block) 	Elapsed: 560.778	Loglikelihood: -1.18671e+07	(delta): -288.049
16 (QN/Block) 	Elapsed: 555.643	Loglikelihood: -1.18583e+07	(delta): 8742.79
17 (QN/Block) 	Elapsed: 538.94	Loglikelihood: -1.18549e+07	(delta): 3390.75
18 (QN/Block) 	Elapsed: 539.147	Loglikelihood: -1.18321e+07	(delta): 22870.7
19 (QN/Block) 	Elapsed: 550.376	Loglikelihood: -1.1826e+07	(delta): 6095
20 (QN/Block) 	Elapsed: 549.284	Loglikelihood: -1.1823e+07	(delta): 2967.59
21 (QN/Block) 	Elapsed: 546.985	Loglikelihood: -1.18214e+07	(delta): 1629.91
22 (QN/Block) 	Elapsed: 546.806	Loglikelihood: -1.18208e+07	(delta): 568.247
23 (QN/Block) 	Elapsed: 548.466	Loglikelihood: -1.18206e+07	(delta): 243.883
24 (QN/Block) 	Elapsed: 548.705	Loglikelihood: -1.18205e+07	(delta): 34.44
25 (QN/Block) 	Elapsed: 549.376	Loglikelihood: -1.18205e+07	(delta): 1.20173
26 (QN/Block) 	Elapsed: 548.279	Loglikelihood: -1.18205e+07	(delta): 0.112098
27 (QN/Block) 	Elapsed: 546.857	Loglikelihood: -1.18205e+07	(delta): 0.179206
28 (QN/Block) 	Elapsed: 548.405	Loglikelihood: -1.18205e+07	(delta): 0.105637
29 (QN/Block) 	Elapsed: 547.767	Loglikelihood: -1.18205e+07	(delta): 0.0369914
30 (QN/Block) 	Elapsed: 550.107	Loglikelihood: -1.18205e+07	(delta): 0.0306287
31 (QN/Block) 	Elapsed: 550.723	Loglikelihood: -1.18205e+07	(delta): 0.0153311
32 (QN/Block) 	Elapsed: 547.835	Loglikelihood: -1.18205e+07	(delta): 0.00444904
33 (QN/Block) 	Elapsed: 547.679	Loglikelihood: -1.18205e+07	(delta): 0.00242697
34 (QN/Block) 	Elapsed: 548.733	Loglikelihood: -1.18205e+07	(delta): 0.00154966
35 (QN/Block) 	Elapsed: 547.67	Loglikelihood: -1.18205e+07	(delta): 0.00105381
36 (QN/Block) 	Elapsed: 550.362	Loglikelihood: -1.18205e+07	(delta): 0.000637902
37 (QN/Block) 	Elapsed: 548.932	Loglikelihood: -1.18205e+07	(delta): 0.000289893
38 (QN/Block) 	Elapsed: 550.012	Loglikelihood: -1.18205e+07	(delta): 6.92159e-06
Summary: 
Converged in 38 iterations (22921.9 sec)
Loglikelihood: -11820530.288608
Fst divergences between estimated populations: 
	Pop0	Pop1	Pop2	Pop3	Pop4	Pop5	Pop6	Pop7	Pop8	Pop9	Pop10	Pop11	Pop12	Pop13	Pop14	Pop15	Pop16	Pop17	Pop18	Pop19	Pop20	Pop21	Pop22	Pop23	Pop24	Pop25	Pop26	Pop27	Pop28	
Pop0	
Pop1	0.748	
Pop2	0.661	0.713	
Pop3	0.655	0.656	0.635	
Pop4	0.719	0.609	0.691	0.635	
Pop5	0.680	0.497	0.659	0.600	0.454	
Pop6	0.731	0.760	0.712	0.697	0.744	0.721	
Pop7	0.737	0.596	0.706	0.652	0.624	0.526	0.752	
Pop8	0.728	0.544	0.696	0.632	0.517	0.395	0.750	0.599	
Pop9	0.641	0.431	0.626	0.570	0.484	0.403	0.695	0.344	0.436	
Pop10	0.780	0.511	0.740	0.687	0.678	0.577	0.777	0.644	0.659	0.463	
Pop11	0.420	0.405	0.421	0.401	0.399	0.374	0.529	0.418	0.377	0.365	0.432	
Pop12	0.701	0.506	0.675	0.614	0.478	0.373	0.734	0.554	0.307	0.417	0.599	0.373	
Pop13	0.702	0.483	0.676	0.613	0.468	0.356	0.736	0.560	0.231	0.409	0.600	0.366	0.268	
Pop14	0.680	0.631	0.656	0.584	0.595	0.535	0.721	0.634	0.575	0.510	0.685	0.361	0.554	0.543	
Pop15	0.676	0.624	0.653	0.579	0.588	0.526	0.720	0.628	0.563	0.502	0.680	0.354	0.543	0.531	0.162	
Pop16	0.774	0.810	0.733	0.695	0.778	0.737	0.774	0.792	0.795	0.690	0.841	0.473	0.763	0.767	0.735	0.732	
Pop17	0.301	0.842	0.727	0.715	0.805	0.761	0.776	0.820	0.827	0.710	0.875	0.458	0.790	0.796	0.765	0.763	0.850	
Pop18	0.687	0.699	0.657	0.617	0.674	0.638	0.720	0.692	0.678	0.602	0.732	0.416	0.656	0.655	0.629	0.625	0.531	0.754	
Pop19	0.787	0.823	0.761	0.746	0.803	0.779	0.605	0.811	0.815	0.748	0.840	0.566	0.795	0.799	0.781	0.780	0.829	0.837	0.772	
Pop20	0.739	0.764	0.702	0.663	0.735	0.696	0.752	0.751	0.746	0.654	0.795	0.452	0.719	0.721	0.691	0.688	0.609	0.811	0.297	0.806	
Pop21	0.824	0.865	0.795	0.778	0.844	0.819	0.480	0.850	0.858	0.784	0.882	0.592	0.837	0.841	0.821	0.821	0.866	0.878	0.807	0.724	0.842	
Pop22	0.693	0.398	0.669	0.609	0.487	0.381	0.730	0.540	0.349	0.387	0.507	0.371	0.313	0.306	0.548	0.538	0.754	0.780	0.649	0.790	0.711	0.831	
Pop23	0.701	0.451	0.675	0.614	0.489	0.371	0.735	0.555	0.310	0.407	0.563	0.371	0.330	0.276	0.552	0.541	0.764	0.791	0.655	0.796	0.718	0.838	0.256	
Pop24	0.721	0.527	0.691	0.628	0.507	0.389	0.746	0.583	0.261	0.427	0.636	0.374	0.323	0.229	0.567	0.556	0.787	0.818	0.672	0.810	0.739	0.853	0.342	0.317	
Pop25	0.733	0.540	0.699	0.634	0.517	0.394	0.753	0.604	0.226	0.433	0.662	0.373	0.314	0.172	0.574	0.562	0.802	0.836	0.682	0.819	0.752	0.863	0.350	0.329	0.234	
Pop26	0.653	0.472	0.636	0.576	0.301	0.328	0.706	0.519	0.347	0.391	0.547	0.356	0.328	0.307	0.497	0.487	0.710	0.732	0.610	0.763	0.669	0.802	0.349	0.343	0.342	0.337	
Pop27	0.726	0.534	0.695	0.630	0.506	0.376	0.750	0.597	0.192	0.430	0.651	0.374	0.286	0.220	0.570	0.558	0.794	0.827	0.676	0.814	0.745	0.858	0.347	0.314	0.242	0.205	0.327	
Pop28	0.703	0.305	0.677	0.621	0.538	0.441	0.734	0.520	0.475	0.365	0.363	0.385	0.438	0.425	0.575	0.567	0.761	0.787	0.658	0.793	0.718	0.833	0.335	0.386	0.458	0.466	0.415	0.459	
Pop29	0.691	0.472	0.667	0.606	0.470	0.360	0.729	0.545	0.275	0.401	0.575	0.364	0.295	0.174	0.538	0.527	0.753	0.780	0.646	0.790	0.709	0.831	0.243	0.236	0.272	0.251	0.324	0.276	0.414	
CV error (K=30): 0.04722
Writing output files.
