****                   ADMIXTURE Version 1.3.0                  ****
****                    Copyright 2008-2015                     ****
****           David Alexander, Suyash Shringarpure,            ****
****                John  Novembre, Ken Lange                   ****
****                                                            ****
****                 Please cite our paper!                     ****
****   Information at www.genetics.ucla.edu/software/admixture  ****

Cross-validation will be performed.  Folds=10.
Parallel execution requested.  Will use 24 threads.
Random seed: 1468
Point estimation method: Block relaxation algorithm
Convergence acceleration algorithm: QuasiNewton, 3 secant conditions
Point estimation will terminate when objective function delta < 0.0001
Estimation of standard errors disabled; will compute point estimates only.
Size of G: 713x578311
Performing five EM steps to prime main algorithm
1 (EM) 	Elapsed: 118.454	Loglikelihood: -5.27229e+07	(delta): 5.41717e+08
2 (EM) 	Elapsed: 118.698	Loglikelihood: -4.59126e+07	(delta): 6.81034e+06
3 (EM) 	Elapsed: 119.914	Loglikelihood: -4.51875e+07	(delta): 725074
4 (EM) 	Elapsed: 109.308	Loglikelihood: -4.47864e+07	(delta): 401141
5 (EM) 	Elapsed: 113.811	Loglikelihood: -4.44583e+07	(delta): 328010
Initial loglikelihood: -4.44583e+07
Starting main algorithm
1 (QN/Block) 	Elapsed: 256.046	Loglikelihood: -2.72978e+07	(delta): 1.71606e+07
2 (QN/Block) 	Elapsed: 267.153	Loglikelihood: -2.04843e+07	(delta): 6.81348e+06
3 (QN/Block) 	Elapsed: 266.858	Loglikelihood: -1.87229e+07	(delta): 1.76138e+06
4 (QN/Block) 	Elapsed: 263.344	Loglikelihood: -1.77095e+07	(delta): 1.01339e+06
5 (QN/Block) 	Elapsed: 270.597	Loglikelihood: -1.70524e+07	(delta): 657066
6 (QN/Block) 	Elapsed: 266.711	Loglikelihood: -1.67076e+07	(delta): 344845
7 (QN/Block) 	Elapsed: 265.519	Loglikelihood: -1.65807e+07	(delta): 126946
8 (QN/Block) 	Elapsed: 261.299	Loglikelihood: -1.65081e+07	(delta): 72573
9 (QN/Block) 	Elapsed: 257.616	Loglikelihood: -1.6465e+07	(delta): 43068.4
10 (QN/Block) 	Elapsed: 260.368	Loglikelihood: -1.6454e+07	(delta): 10979.1
11 (QN/Block) 	Elapsed: 256.169	Loglikelihood: -1.64505e+07	(delta): 3565.42
12 (QN/Block) 	Elapsed: 254.258	Loglikelihood: -1.64493e+07	(delta): 1132.86
13 (QN/Block) 	Elapsed: 256.392	Loglikelihood: -1.6449e+07	(delta): 355.974
14 (QN/Block) 	Elapsed: 258.108	Loglikelihood: -1.64488e+07	(delta): 162.671
15 (QN/Block) 	Elapsed: 261.594	Loglikelihood: -1.64487e+07	(delta): 72.0248
16 (QN/Block) 	Elapsed: 255.464	Loglikelihood: -1.64487e+07	(delta): 14.4481
17 (QN/Block) 	Elapsed: 253.609	Loglikelihood: -1.64487e+07	(delta): 0.154503
18 (QN/Block) 	Elapsed: 251.232	Loglikelihood: -1.64487e+07	(delta): 0.047916
19 (QN/Block) 	Elapsed: 246.806	Loglikelihood: -1.64487e+07	(delta): 0.0025575
20 (QN/Block) 	Elapsed: 248.814	Loglikelihood: -1.64487e+07	(delta): 0.00188203
21 (QN/Block) 	Elapsed: 254.973	Loglikelihood: -1.64487e+07	(delta): 0.00125646
22 (QN/Block) 	Elapsed: 252.236	Loglikelihood: -1.64487e+07	(delta): 0.000296041
23 (QN/Block) 	Elapsed: 253.304	Loglikelihood: -1.64487e+07	(delta): 2.91914e-05
Summary: 
Converged in 23 iterations (6526.61 sec)
Loglikelihood: -16448733.268665
Fst divergences between estimated populations: 
	Pop0	Pop1	Pop2	Pop3	Pop4	Pop5	Pop6	Pop7	Pop8	Pop9	Pop10	
Pop0	
Pop1	0.459	
Pop2	0.338	0.441	
Pop3	0.443	0.438	0.439	
Pop4	0.539	0.561	0.543	0.470	
Pop5	0.649	0.703	0.667	0.551	0.674	
Pop6	0.627	0.653	0.637	0.564	0.643	0.696	
Pop7	0.368	0.574	0.426	0.504	0.623	0.756	0.683	
Pop8	0.357	0.491	0.246	0.466	0.593	0.741	0.671	0.457	
Pop9	0.344	0.337	0.332	0.312	0.375	0.416	0.475	0.389	0.346	
Pop10	0.352	0.552	0.381	0.491	0.613	0.754	0.680	0.298	0.385	0.374	
Pop11	0.242	0.532	0.410	0.480	0.590	0.711	0.660	0.438	0.450	0.375	0.439	
CV error (K=12): 0.05480
Writing output files.
