****                   ADMIXTURE Version 1.3.0                  ****
****                    Copyright 2008-2015                     ****
****           David Alexander, Suyash Shringarpure,            ****
****                John  Novembre, Ken Lange                   ****
****                                                            ****
****                 Please cite our paper!                     ****
****   Information at www.genetics.ucla.edu/software/admixture  ****

Cross-validation will be performed.  Folds=10.
Parallel execution requested.  Will use 24 threads.
Random seed: 1830
Point estimation method: Block relaxation algorithm
Convergence acceleration algorithm: QuasiNewton, 3 secant conditions
Point estimation will terminate when objective function delta < 0.0001
Estimation of standard errors disabled; will compute point estimates only.
Size of G: 713x578311
Performing five EM steps to prime main algorithm
1 (EM) 	Elapsed: 22.189	Loglikelihood: -5.13686e+07	(delta): 5.88462e+08
2 (EM) 	Elapsed: 22.809	Loglikelihood: -4.61876e+07	(delta): 5.18099e+06
3 (EM) 	Elapsed: 22.473	Loglikelihood: -4.55938e+07	(delta): 593810
4 (EM) 	Elapsed: 22.533	Loglikelihood: -4.52691e+07	(delta): 324714
5 (EM) 	Elapsed: 22.198	Loglikelihood: -4.5028e+07	(delta): 241087
Initial loglikelihood: -4.5028e+07
Starting main algorithm
1 (QN/Block) 	Elapsed: 78.051	Loglikelihood: -3.45606e+07	(delta): 1.04674e+07
2 (QN/Block) 	Elapsed: 78.47	Loglikelihood: -2.94654e+07	(delta): 5.09522e+06
3 (QN/Block) 	Elapsed: 78.878	Loglikelihood: -2.81395e+07	(delta): 1.32584e+06
4 (QN/Block) 	Elapsed: 79.047	Loglikelihood: -2.68388e+07	(delta): 1.30074e+06
5 (QN/Block) 	Elapsed: 80.21	Loglikelihood: -2.60944e+07	(delta): 744336
6 (QN/Block) 	Elapsed: 79.618	Loglikelihood: -2.58667e+07	(delta): 227725
7 (QN/Block) 	Elapsed: 79.203	Loglikelihood: -2.576e+07	(delta): 106697
8 (QN/Block) 	Elapsed: 78.862	Loglikelihood: -2.57126e+07	(delta): 47387.8
9 (QN/Block) 	Elapsed: 80.488	Loglikelihood: -2.56995e+07	(delta): 13086.9
10 (QN/Block) 	Elapsed: 79.448	Loglikelihood: -2.56977e+07	(delta): 1878.37
11 (QN/Block) 	Elapsed: 81.746	Loglikelihood: -2.56973e+07	(delta): 390.035
12 (QN/Block) 	Elapsed: 80.119	Loglikelihood: -2.56973e+07	(delta): 21.4935
13 (QN/Block) 	Elapsed: 79.585	Loglikelihood: -2.56972e+07	(delta): 2.63309
14 (QN/Block) 	Elapsed: 79.364	Loglikelihood: -2.56972e+07	(delta): 0.264989
15 (QN/Block) 	Elapsed: 78.448	Loglikelihood: -2.56972e+07	(delta): 0.0760898
16 (QN/Block) 	Elapsed: 78.592	Loglikelihood: -2.56972e+07	(delta): 0.0572286
17 (QN/Block) 	Elapsed: 78.344	Loglikelihood: -2.56972e+07	(delta): 0.0185185
18 (QN/Block) 	Elapsed: 80.215	Loglikelihood: -2.56972e+07	(delta): 0.000171043
19 (QN/Block) 	Elapsed: 80.685	Loglikelihood: -2.56972e+07	(delta): 9.42871e-06
Summary: 
Converged in 19 iterations (1627.76 sec)
Loglikelihood: -25697248.628648
Fst divergences between estimated populations: 
	Pop0	Pop1	Pop2	
Pop0	
Pop1	0.624	
Pop2	0.600	0.258	
Pop3	0.507	0.277	0.291	
CV error (K=4): 0.07407
Writing output files.
