****                   ADMIXTURE Version 1.3.0                  ****
****                    Copyright 2008-2015                     ****
****           David Alexander, Suyash Shringarpure,            ****
****                John  Novembre, Ken Lange                   ****
****                                                            ****
****                 Please cite our paper!                     ****
****   Information at www.genetics.ucla.edu/software/admixture  ****

Cross-validation will be performed.  Folds=10.
Parallel execution requested.  Will use 24 threads.
Random seed: 1853
Point estimation method: Block relaxation algorithm
Convergence acceleration algorithm: QuasiNewton, 3 secant conditions
Point estimation will terminate when objective function delta < 0.0001
Estimation of standard errors disabled; will compute point estimates only.
Size of G: 713x578311
Performing five EM steps to prime main algorithm
1 (EM) 	Elapsed: 102.916	Loglikelihood: -5.27696e+07	(delta): 5.43856e+08
2 (EM) 	Elapsed: 106.394	Loglikelihood: -4.60484e+07	(delta): 6.72121e+06
3 (EM) 	Elapsed: 113.129	Loglikelihood: -4.53739e+07	(delta): 674526
4 (EM) 	Elapsed: 102.941	Loglikelihood: -4.50246e+07	(delta): 349275
5 (EM) 	Elapsed: 112.926	Loglikelihood: -4.47526e+07	(delta): 272004
Initial loglikelihood: -4.47526e+07
Starting main algorithm
1 (QN/Block) 	Elapsed: 235.844	Loglikelihood: -2.95359e+07	(delta): 1.52167e+07
2 (QN/Block) 	Elapsed: 241.138	Loglikelihood: -2.16835e+07	(delta): 7.85241e+06
3 (QN/Block) 	Elapsed: 243.626	Loglikelihood: -2.00192e+07	(delta): 1.66432e+06
4 (QN/Block) 	Elapsed: 242.035	Loglikelihood: -1.85295e+07	(delta): 1.48969e+06
5 (QN/Block) 	Elapsed: 237.825	Loglikelihood: -1.77071e+07	(delta): 822418
6 (QN/Block) 	Elapsed: 239.058	Loglikelihood: -1.74279e+07	(delta): 279154
7 (QN/Block) 	Elapsed: 234.599	Loglikelihood: -1.71768e+07	(delta): 251171
8 (QN/Block) 	Elapsed: 235.549	Loglikelihood: -1.69206e+07	(delta): 256172
9 (QN/Block) 	Elapsed: 233.699	Loglikelihood: -1.66862e+07	(delta): 234360
10 (QN/Block) 	Elapsed: 236.819	Loglikelihood: -1.6561e+07	(delta): 125270
11 (QN/Block) 	Elapsed: 237.674	Loglikelihood: -1.65213e+07	(delta): 39676
12 (QN/Block) 	Elapsed: 238.568	Loglikelihood: -1.65055e+07	(delta): 15821.4
13 (QN/Block) 	Elapsed: 240.397	Loglikelihood: -1.64986e+07	(delta): 6897.59
14 (QN/Block) 	Elapsed: 243.644	Loglikelihood: -1.64912e+07	(delta): 7320.04
15 (QN/Block) 	Elapsed: 244.802	Loglikelihood: -1.64874e+07	(delta): 3821.5
16 (QN/Block) 	Elapsed: 240.236	Loglikelihood: -1.64863e+07	(delta): 1145.66
17 (QN/Block) 	Elapsed: 233.971	Loglikelihood: -1.64857e+07	(delta): 543.829
18 (QN/Block) 	Elapsed: 236.46	Loglikelihood: -1.64856e+07	(delta): 141.521
19 (QN/Block) 	Elapsed: 233.517	Loglikelihood: -1.64855e+07	(delta): 37.9578
20 (QN/Block) 	Elapsed: 234.13	Loglikelihood: -1.64855e+07	(delta): 11.8756
21 (QN/Block) 	Elapsed: 234.988	Loglikelihood: -1.64855e+07	(delta): 1.48415
22 (QN/Block) 	Elapsed: 231.603	Loglikelihood: -1.64855e+07	(delta): 0.235903
23 (QN/Block) 	Elapsed: 235.561	Loglikelihood: -1.64855e+07	(delta): 0.0455164
24 (QN/Block) 	Elapsed: 229.356	Loglikelihood: -1.64855e+07	(delta): 0.00324866
25 (QN/Block) 	Elapsed: 233.49	Loglikelihood: -1.64855e+07	(delta): 0.000438225
26 (QN/Block) 	Elapsed: 231.421	Loglikelihood: -1.64855e+07	(delta): 0.000340251
27 (QN/Block) 	Elapsed: 233.864	Loglikelihood: -1.64855e+07	(delta): 1.10995e-05
Summary: 
Converged in 27 iterations (6942.87 sec)
Loglikelihood: -16485534.616889
Fst divergences between estimated populations: 
	Pop0	Pop1	Pop2	Pop3	Pop4	Pop5	Pop6	Pop7	Pop8	Pop9	
Pop0	
Pop1	0.249	
Pop2	0.705	0.655	
Pop3	0.772	0.742	0.814	
Pop4	0.761	0.732	0.801	0.667	
Pop5	0.204	0.234	0.747	0.799	0.786	
Pop6	0.494	0.443	0.720	0.781	0.769	0.517	
Pop7	0.246	0.305	0.685	0.758	0.747	0.320	0.492	
Pop8	0.501	0.472	0.600	0.689	0.681	0.518	0.500	0.496	
Pop9	0.318	0.303	0.402	0.541	0.537	0.321	0.317	0.322	0.321	
Pop10	0.507	0.455	0.723	0.782	0.770	0.532	0.163	0.503	0.507	0.325	
CV error (K=11): 0.05466
Writing output files.
