****                   ADMIXTURE Version 1.3.0                  ****
****                    Copyright 2008-2015                     ****
****           David Alexander, Suyash Shringarpure,            ****
****                John  Novembre, Ken Lange                   ****
****                                                            ****
****                 Please cite our paper!                     ****
****   Information at www.genetics.ucla.edu/software/admixture  ****

Cross-validation will be performed.  Folds=10.
Parallel execution requested.  Will use 24 threads.
Random seed: 1807
Point estimation method: Block relaxation algorithm
Convergence acceleration algorithm: QuasiNewton, 3 secant conditions
Point estimation will terminate when objective function delta < 0.0001
Estimation of standard errors disabled; will compute point estimates only.
Size of G: 713x578311
Performing five EM steps to prime main algorithm
1 (EM) 	Elapsed: 377.061	Loglikelihood: -5.28355e+07	(delta): 5.29035e+08
2 (EM) 	Elapsed: 377.727	Loglikelihood: -4.56146e+07	(delta): 7.22089e+06
3 (EM) 	Elapsed: 350.897	Loglikelihood: -4.4871e+07	(delta): 743642
4 (EM) 	Elapsed: 341.107	Loglikelihood: -4.44452e+07	(delta): 425776
5 (EM) 	Elapsed: 336.611	Loglikelihood: -4.40655e+07	(delta): 379649
Initial loglikelihood: -4.40655e+07
Starting main algorithm
1 (QN/Block) 	Elapsed: 513.358	Loglikelihood: -2.4348e+07	(delta): 1.97175e+07
2 (QN/Block) 	Elapsed: 519.643	Loglikelihood: -1.71528e+07	(delta): 7.19526e+06
3 (QN/Block) 	Elapsed: 514.023	Loglikelihood: -1.50813e+07	(delta): 2.0714e+06
4 (QN/Block) 	Elapsed: 497.416	Loglikelihood: -1.37459e+07	(delta): 1.33547e+06
5 (QN/Block) 	Elapsed: 494.181	Loglikelihood: -1.27874e+07	(delta): 958440
6 (QN/Block) 	Elapsed: 494.493	Loglikelihood: -1.23887e+07	(delta): 398709
7 (QN/Block) 	Elapsed: 493.327	Loglikelihood: -1.22435e+07	(delta): 145196
8 (QN/Block) 	Elapsed: 509.04	Loglikelihood: -1.21644e+07	(delta): 79156.6
9 (QN/Block) 	Elapsed: 514.44	Loglikelihood: -1.21225e+07	(delta): 41843.1
10 (QN/Block) 	Elapsed: 514.996	Loglikelihood: -1.21068e+07	(delta): 15757.2
11 (QN/Block) 	Elapsed: 516.592	Loglikelihood: -1.21002e+07	(delta): 6538.21
12 (QN/Block) 	Elapsed: 518.161	Loglikelihood: -1.20951e+07	(delta): 5096.76
13 (QN/Block) 	Elapsed: 521.237	Loglikelihood: -1.20534e+07	(delta): 41714.4
14 (QN/Block) 	Elapsed: 517.233	Loglikelihood: -1.20427e+07	(delta): 10775.8
15 (QN/Block) 	Elapsed: 517.198	Loglikelihood: -1.20347e+07	(delta): 7984.14
16 (QN/Block) 	Elapsed: 513.665	Loglikelihood: -1.20284e+07	(delta): 6283.46
17 (QN/Block) 	Elapsed: 516.589	Loglikelihood: -1.20265e+07	(delta): 1856.94
18 (QN/Block) 	Elapsed: 511.342	Loglikelihood: -1.20247e+07	(delta): 1836.06
19 (QN/Block) 	Elapsed: 517.886	Loglikelihood: -1.20243e+07	(delta): 371.403
20 (QN/Block) 	Elapsed: 515.286	Loglikelihood: -1.20242e+07	(delta): 121.108
21 (QN/Block) 	Elapsed: 512.949	Loglikelihood: -1.20241e+07	(delta): 101.807
22 (QN/Block) 	Elapsed: 516.856	Loglikelihood: -1.2024e+07	(delta): 120.286
23 (QN/Block) 	Elapsed: 520.721	Loglikelihood: -1.20222e+07	(delta): 1790.99
24 (QN/Block) 	Elapsed: 534.867	Loglikelihood: -1.20195e+07	(delta): 2660.6
25 (QN/Block) 	Elapsed: 543.969	Loglikelihood: -1.20173e+07	(delta): 2179.44
26 (QN/Block) 	Elapsed: 544.451	Loglikelihood: -1.20144e+07	(delta): 2949.28
27 (QN/Block) 	Elapsed: 542.512	Loglikelihood: -1.19948e+07	(delta): 19555.3
28 (QN/Block) 	Elapsed: 544.425	Loglikelihood: -1.19857e+07	(delta): 9166.14
29 (QN/Block) 	Elapsed: 541.071	Loglikelihood: -1.19777e+07	(delta): 7945.5
30 (QN/Block) 	Elapsed: 543.03	Loglikelihood: -1.19727e+07	(delta): 4996.3
31 (QN/Block) 	Elapsed: 541.922	Loglikelihood: -1.1968e+07	(delta): 4747.05
32 (QN/Block) 	Elapsed: 544.452	Loglikelihood: -1.19641e+07	(delta): 3923.89
33 (QN/Block) 	Elapsed: 547.665	Loglikelihood: -1.19623e+07	(delta): 1798.7
34 (QN/Block) 	Elapsed: 546.002	Loglikelihood: -1.19613e+07	(delta): 950.515
35 (QN/Block) 	Elapsed: 546.959	Loglikelihood: -1.1961e+07	(delta): 305.224
36 (QN/Block) 	Elapsed: 544.972	Loglikelihood: -1.1961e+07	(delta): 27.1473
37 (QN/Block) 	Elapsed: 540.928	Loglikelihood: -1.1961e+07	(delta): 2.44599
38 (QN/Block) 	Elapsed: 544.142	Loglikelihood: -1.1961e+07	(delta): 0.409493
39 (QN/Block) 	Elapsed: 542.115	Loglikelihood: -1.1961e+07	(delta): 0.120396
40 (QN/Block) 	Elapsed: 543.324	Loglikelihood: -1.1961e+07	(delta): 0.0301308
41 (QN/Block) 	Elapsed: 543.409	Loglikelihood: -1.1961e+07	(delta): 0.0280948
42 (QN/Block) 	Elapsed: 540.945	Loglikelihood: -1.1961e+07	(delta): 0.000634976
43 (QN/Block) 	Elapsed: 541.423	Loglikelihood: -1.1961e+07	(delta): 2.26852e-05
Summary: 
Converged in 43 iterations (24451.9 sec)
Loglikelihood: -11960981.188435
Fst divergences between estimated populations: 
	Pop0	Pop1	Pop2	Pop3	Pop4	Pop5	Pop6	Pop7	Pop8	Pop9	Pop10	Pop11	Pop12	Pop13	Pop14	Pop15	Pop16	Pop17	Pop18	Pop19	Pop20	Pop21	Pop22	Pop23	Pop24	Pop25	
Pop0	
Pop1	0.612	
Pop2	0.346	0.626	
Pop3	0.460	0.604	0.490	
Pop4	0.343	0.626	0.151	0.492	
Pop5	0.558	0.589	0.568	0.567	0.570	
Pop6	0.679	0.642	0.704	0.666	0.702	0.672	
Pop7	0.602	0.614	0.622	0.602	0.623	0.250	0.697	
Pop8	0.449	0.462	0.451	0.459	0.453	0.439	0.455	0.461	
Pop9	0.313	0.608	0.139	0.467	0.179	0.540	0.680	0.591	0.442	
Pop10	0.240	0.600	0.205	0.452	0.216	0.531	0.669	0.579	0.438	0.155	
Pop11	0.755	0.695	0.791	0.732	0.788	0.745	0.758	0.770	0.531	0.761	0.747	
Pop12	0.354	0.614	0.264	0.470	0.231	0.558	0.686	0.607	0.450	0.240	0.277	0.766	
Pop13	0.636	0.606	0.656	0.627	0.655	0.620	0.661	0.647	0.463	0.635	0.625	0.507	0.642	
Pop14	0.578	0.598	0.591	0.582	0.592	0.211	0.680	0.316	0.449	0.562	0.552	0.753	0.579	0.630	
Pop15	0.502	0.673	0.599	0.503	0.604	0.675	0.746	0.714	0.498	0.557	0.526	0.823	0.568	0.700	0.689	
Pop16	0.769	0.707	0.809	0.744	0.806	0.765	0.372	0.790	0.501	0.776	0.761	0.839	0.782	0.730	0.773	0.842	
Pop17	0.345	0.570	0.312	0.435	0.314	0.489	0.630	0.533	0.424	0.290	0.300	0.701	0.325	0.590	0.510	0.510	0.712	
Pop18	0.791	0.746	0.813	0.774	0.811	0.788	0.777	0.801	0.607	0.795	0.786	0.829	0.798	0.763	0.792	0.830	0.830	0.759	
Pop19	0.495	0.498	0.498	0.499	0.499	0.478	0.529	0.501	0.375	0.488	0.484	0.588	0.494	0.515	0.488	0.548	0.581	0.465	0.655	
Pop20	0.434	0.588	0.455	0.287	0.457	0.540	0.648	0.576	0.446	0.432	0.419	0.711	0.433	0.609	0.556	0.481	0.723	0.412	0.761	0.486	
Pop21	0.568	0.594	0.580	0.574	0.581	0.166	0.677	0.292	0.444	0.551	0.542	0.750	0.569	0.626	0.214	0.683	0.770	0.500	0.790	0.483	0.548	
Pop22	0.731	0.697	0.748	0.719	0.747	0.727	0.722	0.740	0.568	0.733	0.726	0.774	0.736	0.712	0.731	0.768	0.769	0.702	0.605	0.613	0.707	0.729	
Pop23	0.289	0.583	0.255	0.432	0.252	0.505	0.647	0.551	0.431	0.227	0.232	0.722	0.275	0.606	0.526	0.508	0.733	0.257	0.771	0.472	0.404	0.516	0.713	
Pop24	0.219	0.604	0.336	0.425	0.354	0.547	0.670	0.591	0.445	0.309	0.280	0.745	0.340	0.627	0.567	0.407	0.759	0.343	0.785	0.490	0.400	0.557	0.726	0.299	
Pop25	0.832	0.778	0.857	0.812	0.855	0.829	0.814	0.843	0.635	0.838	0.828	0.866	0.840	0.797	0.833	0.871	0.870	0.797	0.724	0.684	0.798	0.832	0.480	0.811	0.826	
Pop26	0.412	0.652	0.504	0.491	0.511	0.634	0.724	0.677	0.479	0.462	0.438	0.804	0.488	0.678	0.651	0.456	0.822	0.452	0.819	0.528	0.456	0.643	0.757	0.438	0.324	0.861	
CV error (K=27): 0.04718
Writing output files.
